build OK
--- Python-side gate (spec engine) ---
gate (a) OK: GAP=3 k=3 -> (2, 3, 6) (exact sum 1)
gate (b) OK: GAP=2 k<=21 zero solutions (reproduces DFS frontier, 28850 halves, 0.1s)
--- C gate (a): GAP=3 k=3 -> (2,3,6) through full pipeline ---
k=3: first_half=1, table 65536 slots (1.0 MB)
k=3: 1 candidates dumped -> hits_287_k3_gap3.txt (halves=1+1, 0.0s)
done: k=3..3 complete (verify hits files with verify_hits.py)
verify k=3: 1 verified, 0 rejected (of 1 candidates, gap<=3)
  VERIFIED SOLUTION k=3: (2, 3, 6) gaps=[1, 3]
  expected solution (2, 3, 6) present: OK
gate (a) OK
--- C gate (b): GAP=2 k<=21 zero verified solutions ---
k=2: none (halves=0+0, cand=0, 0.0s)
done: k=2..2 complete (verify hits files with verify_hits.py)
k=3: first_half=1, table 65536 slots (1.0 MB)
k=3: none (halves=1+0, cand=0, 0.0s)
done: k=3..3 complete (verify hits files with verify_hits.py)
k=4: first_half=2, table 65536 slots (1.0 MB)
k=4: none (halves=2+0, cand=0, 0.0s)
done: k=4..4 complete (verify hits files with verify_hits.py)
k=5: first_half=3, table 65536 slots (1.0 MB)
k=5: none (halves=3+2, cand=0, 0.0s)
done: k=5..5 complete (verify hits files with verify_hits.py)
k=6: first_half=6, table 65536 slots (1.0 MB)
k=6: none (halves=6+6, cand=0, 0.0s)
done: k=6..6 complete (verify hits files with verify_hits.py)
k=7: first_half=8, table 65536 slots (1.0 MB)
k=7: none (halves=8+13, cand=0, 0.0s)
done: k=7..7 complete (verify hits files with verify_hits.py)
k=8: first_half=16, table 65536 slots (1.0 MB)
k=8: none (halves=16+20, cand=0, 0.0s)
done: k=8..8 complete (verify hits files with verify_hits.py)
k=9: first_half=20, table 65536 slots (1.0 MB)
k=9: none (halves=20+52, cand=0, 0.0s)
done: k=9..9 complete (verify hits files with verify_hits.py)
k=10: first_half=39, table 65536 slots (1.0 MB)
k=10: none (halves=39+49, cand=0, 0.0s)
done: k=10..10 complete (verify hits files with verify_hits.py)
k=11: first_half=47, table 65536 slots (1.0 MB)
k=11: none (halves=47+97, cand=0, 0.0s)
done: k=11..11 complete (verify hits files with verify_hits.py)
k=12: first_half=94, table 65536 slots (1.0 MB)
k=12: none (halves=94+135, cand=0, 0.0s)
done: k=12..12 complete (verify hits files with verify_hits.py)
k=13: first_half=110, table 65536 slots (1.0 MB)
k=13: none (halves=110+288, cand=0, 0.0s)
done: k=13..13 complete (verify hits files with verify_hits.py)
k=14: first_half=215, table 65536 slots (1.0 MB)
k=14: none (halves=215+279, cand=0, 0.0s)
done: k=14..14 complete (verify hits files with verify_hits.py)
k=15: first_half=247, table 65536 slots (1.0 MB)
k=15: none (halves=247+656, cand=0, 0.0s)
done: k=15..15 complete (verify hits files with verify_hits.py)
k=16: first_half=493, table 65536 slots (1.0 MB)
k=16: none (halves=493+707, cand=0, 0.0s)
done: k=16..16 complete (verify hits files with verify_hits.py)
k=17: first_half=558, table 65536 slots (1.0 MB)
k=17: none (halves=558+1281, cand=0, 0.0s)
done: k=17..17 complete (verify hits files with verify_hits.py)
k=18: first_half=1106, table 65536 slots (1.0 MB)
k=18: none (halves=1106+1713, cand=0, 0.0s)
done: k=18..18 complete (verify hits files with verify_hits.py)
k=19: first_half=1234, table 65536 slots (1.0 MB)
k=19: none (halves=1234+3125, cand=0, 0.0s)
done: k=19..19 complete (verify hits files with verify_hits.py)
k=20: first_half=2450, table 65536 slots (1.0 MB)
k=20: none (halves=2450+3503, cand=0, 0.0s)
done: k=20..20 complete (verify hits files with verify_hits.py)
k=21: first_half=2713, table 65536 slots (1.0 MB)
k=21: none (halves=2713+7562, cand=0, 0.0s)
done: k=21..21 complete (verify hits files with verify_hits.py)
verify k=2: 0 verified, 0 rejected (of 0 candidates, gap<=2)
verify k=3: 0 verified, 0 rejected (of 0 candidates, gap<=2)
verify k=4: 0 verified, 0 rejected (of 0 candidates, gap<=2)
verify k=5: 0 verified, 0 rejected (of 0 candidates, gap<=2)
verify k=6: 0 verified, 0 rejected (of 0 candidates, gap<=2)
verify k=7: 0 verified, 0 rejected (of 0 candidates, gap<=2)
verify k=8: 0 verified, 0 rejected (of 0 candidates, gap<=2)
verify k=9: 0 verified, 0 rejected (of 0 candidates, gap<=2)
verify k=10: 0 verified, 0 rejected (of 0 candidates, gap<=2)
verify k=11: 0 verified, 0 rejected (of 0 candidates, gap<=2)
verify k=12: 0 verified, 0 rejected (of 0 candidates, gap<=2)
verify k=13: 0 verified, 0 rejected (of 0 candidates, gap<=2)
verify k=14: 0 verified, 0 rejected (of 0 candidates, gap<=2)
verify k=15: 0 verified, 0 rejected (of 0 candidates, gap<=2)
verify k=16: 0 verified, 0 rejected (of 0 candidates, gap<=2)
verify k=17: 0 verified, 0 rejected (of 0 candidates, gap<=2)
verify k=18: 0 verified, 0 rejected (of 0 candidates, gap<=2)
verify k=19: 0 verified, 0 rejected (of 0 candidates, gap<=2)
verify k=20: 0 verified, 0 rejected (of 0 candidates, gap<=2)
verify k=21: 0 verified, 0 rejected (of 0 candidates, gap<=2)
gate (b) OK
--- gate (c): equivalence k=22..40 (Python --exhaustive vs C) ---
k=22: none (halves=5394+7740, hits=0, 0.0s)
k=23: none (halves=5917+17196, hits=0, 0.1s)
k=24: none (halves=11735+17946, hits=0, 0.1s)
k=25: none (halves=12779+36016, hits=0, 0.1s)
k=26: none (halves=25418+36584, hits=0, 0.2s)
k=27: none (halves=27510+77154, hits=0, 0.4s)
k=28: none (halves=54713+82011, hits=0, 0.5s)
k=29: none (halves=58887+169749, hits=0, 0.8s)
k=30: none (halves=117150+183964, hits=0, 1.1s)
k=31: none (halves=125472+345757, hits=0, 1.6s)
k=32: none (halves=249805+398561, hits=0, 2.5s)
k=33: none (halves=266453+770416, hits=0, 3.8s)
k=34: none (halves=530521+775145, hits=0, 5.2s)
k=35: none (halves=563808+1698669, hits=0, 8.4s)
k=36: none (halves=1122895+1708572, hits=0, 10.7s)
k=37: none (halves=1189458+3436179, hits=0, 15.5s)
k=38: none (halves=2369864+3733618, hits=0, 21.9s)
k=39: none (halves=2502943+7198039, hits=0, 32.3s)
k=40: none (halves=4987266+7548703, hits=0, 45.4s)
done: no counterexample in range
k=22: first_half=5394, table 65536 slots (1.0 MB)
k=22: none (halves=5394+7740, cand=0, 0.0s)
k=23: first_half=5917, table 65536 slots (1.0 MB)
k=23: none (halves=5917+17196, cand=0, 0.0s)
k=24: first_half=11735, table 65536 slots (1.0 MB)
k=24: none (halves=11735+17946, cand=0, 0.0s)
k=25: first_half=12779, table 65536 slots (1.0 MB)
k=25: none (halves=12779+36016, cand=0, 0.0s)
k=26: first_half=25418, table 65536 slots (1.0 MB)
k=26: none (halves=25418+36584, cand=0, 0.0s)
k=27: first_half=27510, table 65536 slots (1.0 MB)
k=27: none (halves=27510+77154, cand=0, 0.0s)
k=28: first_half=54713, table 131072 slots (2.0 MB)
k=28: none (halves=54713+82011, cand=0, 0.0s)
k=29: first_half=58887, table 131072 slots (2.0 MB)
k=29: none (halves=58887+169749, cand=0, 0.0s)
k=30: first_half=117150, table 262144 slots (4.0 MB)
k=30: none (halves=117150+183964, cand=0, 0.0s)
k=31: first_half=125472, table 262144 slots (4.0 MB)
k=31: none (halves=125472+345757, cand=0, 0.0s)
k=32: first_half=249805, table 524288 slots (8.0 MB)
k=32: none (halves=249805+398561, cand=0, 0.0s)
k=33: first_half=266453, table 524288 slots (8.0 MB)
k=33: none (halves=266453+770416, cand=0, 0.0s)
k=34: first_half=530521, table 1048576 slots (16.0 MB)
k=34: none (halves=530521+775145, cand=0, 0.0s)
k=35: first_half=563808, table 1048576 slots (16.0 MB)
k=35: none (halves=563808+1698669, cand=0, 0.1s)
k=36: first_half=1122895, table 2097152 slots (32.0 MB)
k=36: none (halves=1122895+1708572, cand=0, 0.1s)
k=37: first_half=1189458, table 2097152 slots (32.0 MB)
k=37: none (halves=1189458+3436179, cand=0, 0.1s)
k=38: first_half=2369864, table 4194304 slots (64.0 MB)
k=38: none (halves=2369864+3733618, cand=0, 0.2s)
k=39: first_half=2502943, table 4194304 slots (64.0 MB)
k=39: none (halves=2502943+7198039, cand=0, 0.4s)
k=40: first_half=4987266, table 8388608 slots (128.0 MB)
k=40: none (halves=4987266+7548703, cand=0, 0.6s)
done: k=22..40 complete (verify hits files with verify_hits.py)
verify k=22: 0 verified, 0 rejected (of 0 candidates, gap<=2)
verify k=23: 0 verified, 0 rejected (of 0 candidates, gap<=2)
verify k=24: 0 verified, 0 rejected (of 0 candidates, gap<=2)
verify k=25: 0 verified, 0 rejected (of 0 candidates, gap<=2)
verify k=26: 0 verified, 0 rejected (of 0 candidates, gap<=2)
verify k=27: 0 verified, 0 rejected (of 0 candidates, gap<=2)
verify k=28: 0 verified, 0 rejected (of 0 candidates, gap<=2)
verify k=29: 0 verified, 0 rejected (of 0 candidates, gap<=2)
verify k=30: 0 verified, 0 rejected (of 0 candidates, gap<=2)
verify k=31: 0 verified, 0 rejected (of 0 candidates, gap<=2)
verify k=32: 0 verified, 0 rejected (of 0 candidates, gap<=2)
verify k=33: 0 verified, 0 rejected (of 0 candidates, gap<=2)
verify k=34: 0 verified, 0 rejected (of 0 candidates, gap<=2)
verify k=35: 0 verified, 0 rejected (of 0 candidates, gap<=2)
verify k=36: 0 verified, 0 rejected (of 0 candidates, gap<=2)
verify k=37: 0 verified, 0 rejected (of 0 candidates, gap<=2)
verify k=38: 0 verified, 0 rejected (of 0 candidates, gap<=2)
verify k=39: 0 verified, 0 rejected (of 0 candidates, gap<=2)
verify k=40: 0 verified, 0 rejected (of 0 candidates, gap<=2)
k=22: halves py=5394+7740 c=5394+7740, hits=0, c_verified=0  OK
k=23: halves py=5917+17196 c=5917+17196, hits=0, c_verified=0  OK
k=24: halves py=11735+17946 c=11735+17946, hits=0, c_verified=0  OK
k=25: halves py=12779+36016 c=12779+36016, hits=0, c_verified=0  OK
k=26: halves py=25418+36584 c=25418+36584, hits=0, c_verified=0  OK
k=27: halves py=27510+77154 c=27510+77154, hits=0, c_verified=0  OK
k=28: halves py=54713+82011 c=54713+82011, hits=0, c_verified=0  OK
k=29: halves py=58887+169749 c=58887+169749, hits=0, c_verified=0  OK
k=30: halves py=117150+183964 c=117150+183964, hits=0, c_verified=0  OK
k=31: halves py=125472+345757 c=125472+345757, hits=0, c_verified=0  OK
k=32: halves py=249805+398561 c=249805+398561, hits=0, c_verified=0  OK
k=33: halves py=266453+770416 c=266453+770416, hits=0, c_verified=0  OK
k=34: halves py=530521+775145 c=530521+775145, hits=0, c_verified=0  OK
k=35: halves py=563808+1698669 c=563808+1698669, hits=0, c_verified=0  OK
k=36: halves py=1122895+1708572 c=1122895+1708572, hits=0, c_verified=0  OK
k=37: halves py=1189458+3436179 c=1189458+3436179, hits=0, c_verified=0  OK
k=38: halves py=2369864+3733618 c=2369864+3733618, hits=0, c_verified=0  OK
k=39: halves py=2502943+7198039 c=2502943+7198039, hits=0, c_verified=0  OK
k=40: halves py=4987266+7548703 c=4987266+7548703, hits=0, c_verified=0  OK
EQUIVALENCE OK: 19 k-values identical (first_half, second_half, hits==verified)
ALL GATES PASSED
EXIT=0
