T1_3_4_4: n=26 initial fitness=0.825073 unimodal=True
T1_3_4_4: step 2000 best_fit=0.932548 cur_fit=0.900738 n=70 T=0.0452 elapsed=1.1s
T1_3_4_4: step 4000 best_fit=0.952844 cur_fit=0.936147 n=95 T=0.0409 elapsed=3.1s
T1_3_4_4: step 6000 best_fit=0.957320 cur_fit=0.927823 n=118 T=0.0370 elapsed=6.1s
T1_3_4_4: step 8000 best_fit=0.958464 cur_fit=0.910359 n=109 T=0.0335 elapsed=9.9s
T1_3_4_4: step 10000 best_fit=0.958464 cur_fit=0.924078 n=106 T=0.0303 elapsed=13.5s
T1_3_4_4: step 12000 best_fit=0.958464 cur_fit=0.929138 n=111 T=0.0274 elapsed=16.9s
T1_3_4_4: step 14000 best_fit=0.958464 cur_fit=0.919456 n=112 T=0.0248 elapsed=20.2s
T1_3_4_4: step 16000 best_fit=0.959761 cur_fit=0.953841 n=120 T=0.0225 elapsed=24.1s
T1_3_4_4: step 18000 best_fit=0.959761 cur_fit=0.918808 n=104 T=0.0203 elapsed=27.5s
T1_3_4_4: step 20000 best_fit=0.959761 cur_fit=0.947713 n=113 T=0.0184 elapsed=31.0s
T1_3_4_4: step 22000 best_fit=0.959761 cur_fit=0.950288 n=102 T=0.0166 elapsed=34.4s
T1_3_4_4: step 24000 best_fit=0.959761 cur_fit=0.934922 n=106 T=0.0151 elapsed=37.9s
T1_3_4_4: step 26000 best_fit=0.959761 cur_fit=0.931917 n=94 T=0.0136 elapsed=41.1s
T1_3_4_4: step 28000 best_fit=0.960820 cur_fit=0.948515 n=106 T=0.0123 elapsed=45.0s
T1_3_4_4: step 30000 best_fit=0.960820 cur_fit=0.949442 n=106 T=0.0112 elapsed=49.7s
T1_3_4_4: step 32000 best_fit=0.960820 cur_fit=0.953146 n=109 T=0.0101 elapsed=54.6s
T1_3_4_4: step 34000 best_fit=0.960820 cur_fit=0.945951 n=91 T=0.0091 elapsed=58.4s
T1_3_4_4: step 36000 best_fit=0.960820 cur_fit=0.952692 n=112 T=0.0083 elapsed=62.9s
T1_3_4_4: step 38000 best_fit=0.960820 cur_fit=0.953113 n=112 T=0.0075 elapsed=67.9s
T1_3_4_4: step 40000 best_fit=0.960820 cur_fit=0.943031 n=112 T=0.0068 elapsed=72.8s
T1_3_4_4: step 42000 best_fit=0.960820 cur_fit=0.952982 n=104 T=0.0061 elapsed=76.3s
T1_3_4_4: step 44000 best_fit=0.960820 cur_fit=0.953095 n=105 T=0.0055 elapsed=79.7s
T1_3_4_4: step 46000 best_fit=0.960820 cur_fit=0.955168 n=103 T=0.0050 elapsed=83.4s
T1_3_4_4: step 48000 best_fit=0.960820 cur_fit=0.952790 n=112 T=0.0045 elapsed=87.1s
T1_3_4_4: step 50000 best_fit=0.960820 cur_fit=0.956014 n=120 T=0.0041 elapsed=92.5s
T1_3_4_4: no counterexample in 50000 steps. best_fit=0.960820 n=120
T2_3star_3_4: n=26 initial fitness=0.798955 unimodal=True
T2_3star_3_4: step 2000 best_fit=0.931614 cur_fit=0.887503 n=70 T=0.0452 elapsed=1.6s
T2_3star_3_4: step 4000 best_fit=0.960338 cur_fit=0.930730 n=118 T=0.0409 elapsed=4.5s
T2_3star_3_4: step 6000 best_fit=0.960338 cur_fit=0.947015 n=114 T=0.0370 elapsed=9.6s
T2_3star_3_4: step 8000 best_fit=0.960338 cur_fit=0.916954 n=115 T=0.0335 elapsed=14.3s
T2_3star_3_4: step 10000 best_fit=0.960338 cur_fit=0.952776 n=113 T=0.0303 elapsed=18.9s
T2_3star_3_4: step 12000 best_fit=0.960338 cur_fit=0.954498 n=113 T=0.0274 elapsed=23.0s
T2_3star_3_4: step 14000 best_fit=0.960338 cur_fit=0.930385 n=108 T=0.0248 elapsed=26.8s
T2_3star_3_4: step 16000 best_fit=0.960338 cur_fit=0.920185 n=102 T=0.0225 elapsed=31.2s
T2_3star_3_4: step 18000 best_fit=0.960338 cur_fit=0.942660 n=88 T=0.0203 elapsed=33.9s
T2_3star_3_4: step 20000 best_fit=0.960338 cur_fit=0.955210 n=116 T=0.0184 elapsed=37.8s
T2_3star_3_4: step 22000 best_fit=0.960338 cur_fit=0.938585 n=102 T=0.0166 elapsed=40.3s
T2_3star_3_4: step 24000 best_fit=0.960338 cur_fit=0.929325 n=115 T=0.0151 elapsed=42.6s
T2_3star_3_4: step 26000 best_fit=0.960338 cur_fit=0.933809 n=116 T=0.0136 elapsed=44.8s
T2_3star_3_4: step 28000 best_fit=0.960338 cur_fit=0.957761 n=119 T=0.0123 elapsed=46.9s
T2_3star_3_4: step 30000 best_fit=0.960338 cur_fit=0.935279 n=85 T=0.0112 elapsed=48.7s
T2_3star_3_4: step 32000 best_fit=0.960338 cur_fit=0.938602 n=88 T=0.0101 elapsed=50.1s
T2_3star_3_4: step 34000 best_fit=0.960338 cur_fit=0.942574 n=102 T=0.0091 elapsed=51.9s
T2_3star_3_4: step 36000 best_fit=0.960338 cur_fit=0.952786 n=119 T=0.0083 elapsed=53.9s
T2_3star_3_4: step 38000 best_fit=0.960338 cur_fit=0.950490 n=119 T=0.0075 elapsed=56.0s
T2_3star_3_4: step 40000 best_fit=0.960338 cur_fit=0.955224 n=120 T=0.0068 elapsed=58.3s
T2_3star_3_4: step 42000 best_fit=0.960338 cur_fit=0.940979 n=109 T=0.0061 elapsed=60.5s
T2_3star_3_4: step 44000 best_fit=0.960338 cur_fit=0.956220 n=115 T=0.0055 elapsed=62.7s
T2_3star_3_4: step 46000 best_fit=0.960338 cur_fit=0.951306 n=119 T=0.0050 elapsed=65.1s
T2_3star_3_4: step 48000 best_fit=0.960338 cur_fit=0.957633 n=114 T=0.0045 elapsed=67.4s
T2_3star_3_4: step 50000 best_fit=0.962440 cur_fit=0.958189 n=115 T=0.0041 elapsed=69.4s
T2_3star_3_4: no counterexample in 50000 steps. best_fit=0.962440 n=113
n30_near_miss: n=30 initial fitness=0.868148 unimodal=True
n30_near_miss: step 2000 best_fit=0.950805 cur_fit=0.906767 n=98 T=0.0452 elapsed=1.2s
n30_near_miss: step 4000 best_fit=0.957652 cur_fit=0.942906 n=119 T=0.0409 elapsed=3.2s
n30_near_miss: step 6000 best_fit=0.958208 cur_fit=0.917084 n=92 T=0.0370 elapsed=5.1s
n30_near_miss: step 8000 best_fit=0.958400 cur_fit=0.937516 n=111 T=0.0335 elapsed=7.3s
n30_near_miss: step 10000 best_fit=0.958400 cur_fit=0.938737 n=103 T=0.0303 elapsed=9.5s
n30_near_miss: step 12000 best_fit=0.958400 cur_fit=0.937620 n=112 T=0.0274 elapsed=11.8s
n30_near_miss: step 14000 best_fit=0.958400 cur_fit=0.945523 n=119 T=0.0248 elapsed=14.1s
n30_near_miss: step 16000 best_fit=0.958565 cur_fit=0.935914 n=115 T=0.0225 elapsed=16.3s
n30_near_miss: step 18000 best_fit=0.958565 cur_fit=0.936237 n=117 T=0.0203 elapsed=18.5s
n30_near_miss: step 20000 best_fit=0.959963 cur_fit=0.954276 n=108 T=0.0184 elapsed=20.6s
n30_near_miss: step 22000 best_fit=0.959963 cur_fit=0.928874 n=99 T=0.0166 elapsed=22.6s
n30_near_miss: step 24000 best_fit=0.959963 cur_fit=0.931796 n=106 T=0.0151 elapsed=24.4s
n30_near_miss: step 26000 best_fit=0.959963 cur_fit=0.949875 n=106 T=0.0136 elapsed=26.2s
n30_near_miss: step 28000 best_fit=0.959963 cur_fit=0.941995 n=113 T=0.0123 elapsed=28.2s
n30_near_miss: step 30000 best_fit=0.959963 cur_fit=0.945508 n=116 T=0.0112 elapsed=30.3s
n30_near_miss: step 32000 best_fit=0.959963 cur_fit=0.947997 n=114 T=0.0101 elapsed=32.7s
n30_near_miss: step 34000 best_fit=0.959963 cur_fit=0.939331 n=96 T=0.0091 elapsed=34.4s
n30_near_miss: step 36000 best_fit=0.959963 cur_fit=0.947742 n=93 T=0.0083 elapsed=36.1s
n30_near_miss: step 38000 best_fit=0.959963 cur_fit=0.943060 n=90 T=0.0075 elapsed=37.7s
n30_near_miss: step 40000 best_fit=0.959963 cur_fit=0.930394 n=90 T=0.0068 elapsed=39.4s
n30_near_miss: step 42000 best_fit=0.959963 cur_fit=0.922739 n=84 T=0.0061 elapsed=40.9s
n30_near_miss: step 44000 best_fit=0.959963 cur_fit=0.936197 n=72 T=0.0055 elapsed=42.2s
n30_near_miss: step 46000 best_fit=0.959963 cur_fit=0.922379 n=71 T=0.0050 elapsed=43.4s
n30_near_miss: step 48000 best_fit=0.959963 cur_fit=0.940845 n=69 T=0.0045 elapsed=44.5s
n30_near_miss: step 50000 best_fit=0.959963 cur_fit=0.933154 n=67 T=0.0041 elapsed=45.6s
n30_near_miss: no counterexample in 50000 steps. best_fit=0.959963 n=117
