search v2: odd=True, N_CAP=1.00e+24, DELTA_MAX=1.0e+07, MIN_DEPTH=6
SPF shard: smallest prime factor = 3
P2 sub-shard: second prime factor = 5
P3 sub-sub-shard: third prime factor = 13
progress: nodes=10,000,000 tested=0 found=0 n=929248286077208525390625 elapsed=1s
progress: nodes=20,000,000 tested=0 found=0 n=183356857673818359375 elapsed=2s
progress: nodes=30,000,000 tested=0 found=0 n=333736824130075869140625 elapsed=2s
progress: nodes=40,000,000 tested=0 found=0 n=421735141442506962890625 elapsed=3s
progress: nodes=50,000,000 tested=0 found=0 n=618420827758195693359375 elapsed=4s
progress: nodes=60,000,000 tested=0 found=0 n=418231292422228212890625 elapsed=5s
progress: nodes=70,000,000 tested=0 found=0 n=622568059708821357421875 elapsed=6s
progress: nodes=80,000,000 tested=0 found=0 n=117472457854380205078125 elapsed=7s
progress: nodes=90,000,000 tested=0 found=0 n=697326424999623427734375 elapsed=8s
progress: nodes=100,000,000 tested=0 found=0 n=317024743335725419921875 elapsed=9s
progress: nodes=110,000,000 tested=0 found=0 n=882335997214599052734375 elapsed=10s
progress: nodes=120,000,000 tested=0 found=0 n=413735430559650849609375 elapsed=11s
progress: nodes=130,000,000 tested=0 found=0 n=211806864440864443359375 elapsed=11s
progress: nodes=140,000,000 tested=0 found=0 n=408450617761975166015625 elapsed=12s
progress: nodes=150,000,000 tested=0 found=0 n=84973018743699404296875 elapsed=13s
progress: nodes=160,000,000 tested=0 found=0 n=470847544341165849609375 elapsed=14s
progress: nodes=170,000,000 tested=0 found=0 n=71674768138528623046875 elapsed=15s
progress: nodes=180,000,000 tested=0 found=0 n=213096812118286611328125 elapsed=16s
progress: nodes=190,000,000 tested=0 found=0 n=899554921094273056640625 elapsed=17s
progress: nodes=200,000,000 tested=0 found=0 n=55533520198063857421875 elapsed=18s
progress: nodes=210,000,000 tested=0 found=0 n=157253838324219990234375 elapsed=19s
progress: nodes=220,000,000 tested=0 found=0 n=158960427424228447265625 elapsed=19s
progress: nodes=230,000,000 tested=0 found=0 n=850176099211583701171875 elapsed=20s
progress: nodes=240,000,000 tested=0 found=0 n=866214119683909013671875 elapsed=21s
progress: nodes=250,000,000 tested=0 found=0 n=309561800724995126953125 elapsed=22s
progress: nodes=260,000,000 tested=0 found=0 n=667375591916886708984375 elapsed=22s
progress: nodes=270,000,000 tested=0 found=0 n=916036210468347744140625 elapsed=23s
progress: nodes=280,000,000 tested=0 found=0 n=432065358749891572265625 elapsed=24s
progress: nodes=290,000,000 tested=0 found=0 n=177886477172880556640625 elapsed=25s
progress: nodes=300,000,000 tested=0 found=0 n=40730155867022197265625 elapsed=25s
progress: nodes=310,000,000 tested=0 found=0 n=356298664123948330078125 elapsed=26s
progress: nodes=320,000,000 tested=0 found=0 n=17070555945721611328125 elapsed=27s
progress: nodes=330,000,000 tested=0 found=0 n=258585072324854208984375 elapsed=27s
progress: nodes=340,000,000 tested=0 found=0 n=24440131089329794921875 elapsed=28s
progress: nodes=350,000,000 tested=0 found=0 n=451160326387713896484375 elapsed=28s
progress: nodes=360,000,000 tested=0 found=0 n=991685448311889931640625 elapsed=29s
progress: nodes=370,000,000 tested=0 found=0 n=737611182487465634765625 elapsed=30s
progress: nodes=380,000,000 tested=0 found=0 n=74429102551637666015625 elapsed=31s
progress: nodes=390,000,000 tested=0 found=0 n=666832321072156611328125 elapsed=31s
progress: nodes=400,000,000 tested=0 found=0 n=914788156664308037109375 elapsed=32s
progress: nodes=410,000,000 tested=0 found=0 n=391325919050652041015625 elapsed=33s
progress: nodes=420,000,000 tested=0 found=0 n=323208899503193818359375 elapsed=34s
progress: nodes=430,000,000 tested=0 found=0 n=846777660143873935546875 elapsed=35s
progress: nodes=440,000,000 tested=0 found=0 n=791130919326797080078125 elapsed=35s
progress: nodes=450,000,000 tested=0 found=0 n=524941115415946201171875 elapsed=36s
progress: nodes=460,000,000 tested=0 found=0 n=102568809293889580078125 elapsed=37s
progress: nodes=470,000,000 tested=0 found=0 n=402042769740704853515625 elapsed=38s
progress: nodes=480,000,000 tested=0 found=0 n=9100087500853095703125 elapsed=38s
progress: nodes=490,000,000 tested=0 found=0 n=28173695244405673828125 elapsed=39s
progress: nodes=500,000,000 tested=0 found=0 n=278113616550495146484375 elapsed=39s
progress: nodes=510,000,000 tested=0 found=0 n=532439593472628486328125 elapsed=40s
progress: nodes=520,000,000 tested=0 found=0 n=73760055185859580078125 elapsed=41s
progress: nodes=530,000,000 tested=0 found=0 n=880309857688059169921875 elapsed=41s
progress: nodes=540,000,000 tested=0 found=0 n=17438724770438994140625 elapsed=42s
progress: nodes=550,000,000 tested=0 found=0 n=691199087798674482421875 elapsed=43s
progress: nodes=560,000,000 tested=0 found=0 n=935221758270440595703125 elapsed=43s
progress: nodes=570,000,000 tested=0 found=0 n=821538119329065556640625 elapsed=44s
progress: nodes=580,000,000 tested=0 found=0 n=971498391719133662109375 elapsed=45s
progress: nodes=590,000,000 tested=0 found=0 n=307540682397514541015625 elapsed=45s
progress: nodes=600,000,000 tested=0 found=0 n=519878085123752900390625 elapsed=46s
progress: nodes=610,000,000 tested=0 found=0 n=131547635994149501953125 elapsed=47s
progress: nodes=620,000,000 tested=0 found=0 n=751210184993303115234375 elapsed=48s
progress: nodes=630,000,000 tested=0 found=0 n=431922349269948544921875 elapsed=49s
progress: nodes=640,000,000 tested=0 found=0 n=159061924153541982421875 elapsed=49s
progress: nodes=650,000,000 tested=0 found=0 n=43393836743761435546875 elapsed=50s
progress: nodes=660,000,000 tested=0 found=0 n=124178808614547451171875 elapsed=51s
progress: nodes=670,000,000 tested=0 found=0 n=994490952353348759765625 elapsed=51s
progress: nodes=680,000,000 tested=0 found=0 n=23780701145895966796875 elapsed=52s
progress: nodes=690,000,000 tested=0 found=0 n=11915021067736845703125 elapsed=53s
progress: nodes=700,000,000 tested=0 found=0 n=501596342279819794921875 elapsed=53s
progress: nodes=710,000,000 tested=0 found=0 n=4239908677646484375 elapsed=54s
progress: nodes=720,000,000 tested=0 found=0 n=6760057864299111328125 elapsed=55s
progress: nodes=730,000,000 tested=0 found=0 n=676489663667861748046875 elapsed=55s
progress: nodes=740,000,000 tested=0 found=0 n=981031581275973017578125 elapsed=56s
progress: nodes=750,000,000 tested=0 found=0 n=505744299440318173828125 elapsed=57s
progress: nodes=760,000,000 tested=0 found=0 n=67352743609673056640625 elapsed=57s
progress: nodes=770,000,000 tested=0 found=0 n=835703461819796806640625 elapsed=58s
progress: nodes=780,000,000 tested=0 found=0 n=345384881057351103515625 elapsed=59s
progress: nodes=790,000,000 tested=0 found=0 n=493428571231994150390625 elapsed=60s
progress: nodes=800,000,000 tested=0 found=0 n=122172215851768037109375 elapsed=60s
progress: nodes=810,000,000 tested=0 found=0 n=56952274200026689453125 elapsed=61s
progress: nodes=820,000,000 tested=0 found=0 n=498581106512429560546875 elapsed=62s
progress: nodes=830,000,000 tested=0 found=0 n=565275838664779658203125 elapsed=63s
progress: nodes=840,000,000 tested=0 found=0 n=383039355502787724609375 elapsed=64s
progress: nodes=850,000,000 tested=0 found=0 n=236725627721327900390625 elapsed=65s
progress: nodes=860,000,000 tested=0 found=0 n=137314181890747646484375 elapsed=66s
progress: nodes=870,000,000 tested=0 found=0 n=104479936251225615234375 elapsed=67s
progress: nodes=880,000,000 tested=0 found=0 n=531410716789523466796875 elapsed=67s
progress: nodes=890,000,000 tested=0 found=0 n=166446133929119560546875 elapsed=68s
progress: nodes=900,000,000 tested=0 found=0 n=6709555945489541015625 elapsed=68s
progress: nodes=910,000,000 tested=0 found=0 n=258482021265941865234375 elapsed=69s
progress: nodes=920,000,000 tested=0 found=0 n=805113445258463935546875 elapsed=70s
progress: nodes=930,000,000 tested=0 found=0 n=704432616486493857421875 elapsed=70s
progress: nodes=940,000,000 tested=0 found=0 n=448384834543234951171875 elapsed=71s
progress: nodes=950,000,000 tested=0 found=0 n=856770428536888505859375 elapsed=72s
progress: nodes=960,000,000 tested=0 found=0 n=225095844555482138671875 elapsed=73s
progress: nodes=970,000,000 tested=0 found=0 n=525457494598389462890625 elapsed=74s
progress: nodes=980,000,000 tested=0 found=0 n=698586404156136005859375 elapsed=74s
progress: nodes=990,000,000 tested=0 found=0 n=99525165321599443359375 elapsed=75s
progress: nodes=1,000,000,000 tested=0 found=0 n=31177266017713740234375 elapsed=76s
progress: nodes=1,010,000,000 tested=0 found=0 n=93992485632749970703125 elapsed=77s
progress: nodes=1,020,000,000 tested=0 found=0 n=794637566674076455078125 elapsed=77s
progress: nodes=1,030,000,000 tested=0 found=0 n=952708976771349052734375 elapsed=78s
progress: nodes=1,040,000,000 tested=0 found=0 n=632239353614963173828125 elapsed=79s
progress: nodes=1,050,000,000 tested=0 found=0 n=950377641171127939453125 elapsed=79s
progress: nodes=1,060,000,000 tested=0 found=0 n=773222201610162509765625 elapsed=80s
progress: nodes=1,070,000,000 tested=0 found=0 n=771643745096516220703125 elapsed=81s
progress: nodes=1,080,000,000 tested=0 found=0 n=574801451082039873046875 elapsed=82s
progress: nodes=1,090,000,000 tested=0 found=0 n=393949037602088642578125 elapsed=82s
progress: nodes=1,100,000,000 tested=0 found=0 n=517984222881587490234375 elapsed=83s
progress: nodes=1,110,000,000 tested=0 found=0 n=44577570500855361328125 elapsed=84s
progress: nodes=1,120,000,000 tested=0 found=0 n=75191481016682900390625 elapsed=85s
progress: nodes=1,130,000,000 tested=0 found=0 n=433161727653944326171875 elapsed=86s
progress: nodes=1,140,000,000 tested=0 found=0 n=14391026439118037109375 elapsed=86s
progress: nodes=1,150,000,000 tested=0 found=0 n=15853343378102724609375 elapsed=87s
progress: nodes=1,160,000,000 tested=0 found=0 n=431721688219966904296875 elapsed=88s
progress: nodes=1,170,000,000 tested=0 found=0 n=722170664841179912109375 elapsed=89s
progress: nodes=1,180,000,000 tested=0 found=0 n=591397688308049619140625 elapsed=89s
progress: nodes=1,190,000,000 tested=0 found=0 n=495039455940039638671875 elapsed=90s
progress: nodes=1,200,000,000 tested=0 found=0 n=396771380833029287109375 elapsed=91s
progress: nodes=1,210,000,000 tested=0 found=0 n=306880520518694560546875 elapsed=92s
progress: nodes=1,220,000,000 tested=0 found=0 n=597933172696983779296875 elapsed=93s
progress: nodes=1,230,000,000 tested=0 found=0 n=286708228682276044921875 elapsed=93s
progress: nodes=1,240,000,000 tested=0 found=0 n=979008115640851435546875 elapsed=94s
progress: nodes=1,250,000,000 tested=0 found=0 n=843412363202663642578125 elapsed=95s
progress: nodes=1,260,000,000 tested=0 found=0 n=360300269881938369140625 elapsed=95s
progress: nodes=1,270,000,000 tested=0 found=0 n=682228950140061416015625 elapsed=96s
progress: nodes=1,280,000,000 tested=0 found=0 n=344804247133837587890625 elapsed=97s
progress: nodes=1,290,000,000 tested=0 found=0 n=755485267140604482421875 elapsed=98s
progress: nodes=1,300,000,000 tested=0 found=0 n=353648124109359345703125 elapsed=99s
progress: nodes=1,310,000,000 tested=0 found=0 n=507138615721758134765625 elapsed=100s
progress: nodes=1,320,000,000 tested=0 found=0 n=874200416326160244140625 elapsed=100s
progress: nodes=1,330,000,000 tested=0 found=0 n=424512837873491630859375 elapsed=101s
progress: nodes=1,340,000,000 tested=0 found=0 n=983967504105768076171875 elapsed=102s
progress: nodes=1,350,000,000 tested=0 found=0 n=508965948826474775390625 elapsed=103s
progress: nodes=1,360,000,000 tested=0 found=0 n=178638550587048017578125 elapsed=104s
progress: nodes=1,370,000,000 tested=0 found=0 n=129696794748014736328125 elapsed=104s
progress: nodes=1,380,000,000 tested=0 found=0 n=594426563715753310546875 elapsed=105s
progress: nodes=1,390,000,000 tested=0 found=0 n=22757035737061259765625 elapsed=106s
progress: nodes=1,400,000,000 tested=0 found=0 n=175232164389164619140625 elapsed=107s
progress: nodes=1,410,000,000 tested=0 found=0 n=576580846925013251953125 elapsed=108s
progress: nodes=1,420,000,000 tested=0 found=0 n=137308212522452080078125 elapsed=108s
progress: nodes=1,430,000,000 tested=0 found=0 n=997680374432617001953125 elapsed=109s
progress: nodes=1,440,000,000 tested=0 found=0 n=109988024317465810546875 elapsed=110s
progress: nodes=1,450,000,000 tested=0 found=0 n=984605568874577431640625 elapsed=110s
progress: nodes=1,460,000,000 tested=0 found=0 n=831596147165749189453125 elapsed=111s
progress: nodes=1,470,000,000 tested=0 found=0 n=989753110332207685546875 elapsed=112s
progress: nodes=1,480,000,000 tested=0 found=0 n=343134926404130859375 elapsed=113s
progress: nodes=1,490,000,000 tested=0 found=0 n=502969412175361142578125 elapsed=114s
progress: nodes=1,500,000,000 tested=0 found=0 n=956746945744892783203125 elapsed=114s
progress: nodes=1,510,000,000 tested=0 found=0 n=32271447625174189453125 elapsed=115s
progress: nodes=1,520,000,000 tested=0 found=0 n=255000950760696181640625 elapsed=116s
progress: nodes=1,530,000,000 tested=0 found=0 n=277098652291698427734375 elapsed=117s
progress: nodes=1,540,000,000 tested=0 found=0 n=157715375354579326171875 elapsed=117s
progress: nodes=1,550,000,000 tested=0 found=0 n=704942018192644248046875 elapsed=118s
progress: nodes=1,560,000,000 tested=0 found=0 n=85094565708251455078125 elapsed=119s
progress: nodes=1,570,000,000 tested=0 found=0 n=115308681085993916015625 elapsed=120s
progress: nodes=1,580,000,000 tested=0 found=0 n=311627961453887431640625 elapsed=121s
progress: nodes=1,590,000,000 tested=0 found=0 n=451488342816402861328125 elapsed=121s
progress: nodes=1,600,000,000 tested=0 found=0 n=500696598727319033203125 elapsed=122s
progress: nodes=1,610,000,000 tested=0 found=0 n=607766114341541923828125 elapsed=123s
progress: nodes=1,620,000,000 tested=0 found=0 n=659431206744206279296875 elapsed=124s
progress: nodes=1,630,000,000 tested=0 found=0 n=2230198937900654296875 elapsed=124s
progress: nodes=1,640,000,000 tested=0 found=0 n=732511559709739189453125 elapsed=125s
progress: nodes=1,650,000,000 tested=0 found=0 n=806097738467010615234375 elapsed=126s
progress: nodes=1,660,000,000 tested=0 found=0 n=775619485085505556640625 elapsed=127s
progress: nodes=1,670,000,000 tested=0 found=0 n=844200047795182939453125 elapsed=128s
progress: nodes=1,680,000,000 tested=0 found=0 n=204534307150045107421875 elapsed=129s
progress: nodes=1,690,000,000 tested=0 found=0 n=128179612156034384765625 elapsed=129s
progress: nodes=1,700,000,000 tested=0 found=0 n=737019323157562529296875 elapsed=130s
progress: nodes=1,710,000,000 tested=0 found=0 n=59492073298187080078125 elapsed=131s
progress: nodes=1,720,000,000 tested=0 found=0 n=659378238565608427734375 elapsed=132s
progress: nodes=1,730,000,000 tested=0 found=0 n=77671370624257998046875 elapsed=132s
progress: nodes=1,740,000,000 tested=0 found=0 n=47809443670171904296875 elapsed=133s
progress: nodes=1,750,000,000 tested=0 found=0 n=369562636196548564453125 elapsed=134s
progress: nodes=1,760,000,000 tested=0 found=0 n=33749690633954267578125 elapsed=134s
progress: nodes=1,770,000,000 tested=0 found=0 n=756967883023099541015625 elapsed=135s
progress: nodes=1,780,000,000 tested=0 found=0 n=577245361943544404296875 elapsed=135s
progress: nodes=1,790,000,000 tested=0 found=0 n=861056978623431357421875 elapsed=136s
progress: nodes=1,800,000,000 tested=0 found=0 n=534637482131301884765625 elapsed=137s
progress: nodes=1,810,000,000 tested=0 found=0 n=514056333064222939453125 elapsed=137s
progress: nodes=1,820,000,000 tested=0 found=0 n=2943971803846962890625 elapsed=138s
progress: nodes=1,830,000,000 tested=0 found=0 n=864272688849404326171875 elapsed=139s
progress: nodes=1,840,000,000 tested=0 found=0 n=219186628112458271484375 elapsed=139s
progress: nodes=1,850,000,000 tested=0 found=0 n=236225982427018974609375 elapsed=140s
progress: nodes=1,860,000,000 tested=0 found=0 n=876707569380119267578125 elapsed=141s
progress: nodes=1,870,000,000 tested=0 found=0 n=944360566086416806640625 elapsed=141s
progress: nodes=1,880,000,000 tested=0 found=0 n=261218019687491572265625 elapsed=142s
progress: nodes=1,890,000,000 tested=0 found=0 n=103186685862692021484375 elapsed=142s
progress: nodes=1,900,000,000 tested=0 found=0 n=14015358218854306640625 elapsed=143s
progress: nodes=1,910,000,000 tested=0 found=0 n=83762168632482158203125 elapsed=143s
progress: nodes=1,920,000,000 tested=0 found=0 n=116885010029827177734375 elapsed=144s
progress: nodes=1,930,000,000 tested=0 found=0 n=55424973861140126953125 elapsed=144s
progress: nodes=1,940,000,000 tested=0 found=0 n=45088701594082529296875 elapsed=145s
progress: nodes=1,950,000,000 tested=0 found=0 n=72924878837526650390625 elapsed=145s
progress: nodes=1,960,000,000 tested=0 found=0 n=807385478056006611328125 elapsed=146s
progress: nodes=1,970,000,000 tested=0 found=0 n=254669115265742607421875 elapsed=147s
progress: nodes=1,980,000,000 tested=0 found=0 n=78491079831693369140625 elapsed=147s
progress: nodes=1,990,000,000 tested=0 found=0 n=88390498731244658203125 elapsed=148s
progress: nodes=2,000,000,000 tested=0 found=0 n=523153332011421591796875 elapsed=149s
progress: nodes=2,010,000,000 tested=0 found=0 n=177020195033807607421875 elapsed=149s
progress: nodes=2,020,000,000 tested=0 found=0 n=144071188635028916015625 elapsed=150s
progress: nodes=2,030,000,000 tested=0 found=0 n=15924077498714912109375 elapsed=151s
progress: nodes=2,040,000,000 tested=0 found=0 n=150979688510865322265625 elapsed=151s
progress: nodes=2,050,000,000 tested=0 found=0 n=23835892385697919921875 elapsed=152s
progress: nodes=2,060,000,000 tested=0 found=0 n=669237816008616181640625 elapsed=153s
progress: nodes=2,070,000,000 tested=0 found=0 n=647246190709833076171875 elapsed=153s
progress: nodes=2,080,000,000 tested=0 found=0 n=385678051647082060546875 elapsed=154s
progress: nodes=2,090,000,000 tested=0 found=0 n=521981495624932001953125 elapsed=155s
progress: nodes=2,100,000,000 tested=0 found=0 n=153603963610007548828125 elapsed=156s
progress: nodes=2,110,000,000 tested=0 found=0 n=394103086900356767578125 elapsed=156s
progress: nodes=2,120,000,000 tested=0 found=0 n=710093853333873251953125 elapsed=157s
progress: nodes=2,130,000,000 tested=0 found=0 n=73970303399698037109375 elapsed=158s
progress: nodes=2,140,000,000 tested=0 found=0 n=634552118575249189453125 elapsed=159s
progress: nodes=2,150,000,000 tested=0 found=0 n=508227523333586748046875 elapsed=160s
progress: nodes=2,160,000,000 tested=0 found=0 n=337383601200937763671875 elapsed=161s
progress: nodes=2,170,000,000 tested=0 found=0 n=333603056180774326171875 elapsed=161s
progress: nodes=2,180,000,000 tested=0 found=0 n=432721752987877412109375 elapsed=162s
progress: nodes=2,190,000,000 tested=0 found=0 n=882430735534291201171875 elapsed=163s
progress: nodes=2,200,000,000 tested=0 found=0 n=270965135535823447265625 elapsed=164s
progress: nodes=2,210,000,000 tested=0 found=0 n=269136146049717451171875 elapsed=165s
progress: nodes=2,220,000,000 tested=0 found=0 n=628321688174085673828125 elapsed=166s
progress: nodes=2,230,000,000 tested=0 found=0 n=43639558611919130859375 elapsed=166s
progress: nodes=2,240,000,000 tested=0 found=0 n=103086189585473935546875 elapsed=167s
progress: nodes=2,250,000,000 tested=0 found=0 n=852668433607091689453125 elapsed=167s
progress: nodes=2,260,000,000 tested=0 found=0 n=784642001414097861328125 elapsed=168s
progress: nodes=2,270,000,000 tested=0 found=0 n=784341920079973505859375 elapsed=169s
progress: nodes=2,280,000,000 tested=0 found=0 n=635121401540859111328125 elapsed=169s
progress: nodes=2,290,000,000 tested=0 found=0 n=733387309570533134765625 elapsed=170s
progress: nodes=2,300,000,000 tested=0 found=0 n=108114921876709541015625 elapsed=171s
progress: nodes=2,310,000,000 tested=0 found=0 n=539585012581237822265625 elapsed=172s
progress: nodes=2,320,000,000 tested=0 found=0 n=509352548160006357421875 elapsed=172s
progress: nodes=2,330,000,000 tested=0 found=0 n=287567625295239580078125 elapsed=173s
progress: nodes=2,340,000,000 tested=0 found=0 n=705349880469399521484375 elapsed=174s
progress: nodes=2,350,000,000 tested=0 found=0 n=310638998921457451171875 elapsed=175s
progress: nodes=2,360,000,000 tested=0 found=0 n=237193911294993427734375 elapsed=176s
progress: nodes=2,370,000,000 tested=0 found=0 n=250931590917207509765625 elapsed=176s
progress: nodes=2,380,000,000 tested=0 found=0 n=418267672222279775390625 elapsed=177s
progress: nodes=2,390,000,000 tested=0 found=0 n=745193278356591416015625 elapsed=177s
progress: nodes=2,400,000,000 tested=0 found=0 n=951572212093116884765625 elapsed=178s
progress: nodes=2,410,000,000 tested=0 found=0 n=54731447307766201171875 elapsed=179s
progress: nodes=2,420,000,000 tested=0 found=0 n=261964281329318876953125 elapsed=179s
progress: nodes=2,430,000,000 tested=0 found=0 n=338156962901289873046875 elapsed=180s
progress: nodes=2,440,000,000 tested=0 found=0 n=308221016798220322265625 elapsed=181s
progress: nodes=2,450,000,000 tested=0 found=0 n=121032903094819599609375 elapsed=182s
progress: nodes=2,460,000,000 tested=0 found=0 n=380288546697694248046875 elapsed=182s
progress: nodes=2,470,000,000 tested=0 found=0 n=230138443235934873046875 elapsed=183s
progress: nodes=2,480,000,000 tested=0 found=0 n=218077072279021083984375 elapsed=184s
progress: nodes=2,490,000,000 tested=0 found=0 n=102771243170226591796875 elapsed=185s
progress: nodes=2,500,000,000 tested=0 found=0 n=16086290045646767578125 elapsed=186s
progress: nodes=2,510,000,000 tested=0 found=0 n=838342493907235458984375 elapsed=186s
progress: nodes=2,520,000,000 tested=0 found=0 n=705053196856179462890625 elapsed=187s
progress: nodes=2,530,000,000 tested=0 found=0 n=571817149084635263671875 elapsed=188s
progress: nodes=2,540,000,000 tested=0 found=0 n=138191008681655185546875 elapsed=188s
progress: nodes=2,550,000,000 tested=0 found=0 n=116797963445999443359375 elapsed=189s
progress: nodes=2,560,000,000 tested=0 found=0 n=638595736574692177734375 elapsed=190s
progress: nodes=2,570,000,000 tested=0 found=0 n=361173176858224833984375 elapsed=191s
progress: nodes=2,580,000,000 tested=0 found=0 n=67105733255129384765625 elapsed=192s
progress: nodes=2,590,000,000 tested=0 found=0 n=11565628122508916015625 elapsed=192s
progress: nodes=2,600,000,000 tested=0 found=0 n=685380984553419755859375 elapsed=193s
progress: nodes=2,610,000,000 tested=0 found=0 n=778422506194522236328125 elapsed=194s
progress: nodes=2,620,000,000 tested=0 found=0 n=225251884844302646484375 elapsed=195s
progress: nodes=2,630,000,000 tested=0 found=0 n=444697879864029111328125 elapsed=196s
progress: nodes=2,640,000,000 tested=0 found=0 n=131929546935835517578125 elapsed=196s
progress: nodes=2,650,000,000 tested=0 found=0 n=152945296647593759765625 elapsed=197s
progress: nodes=2,660,000,000 tested=0 found=0 n=294061677624822275390625 elapsed=198s
progress: nodes=2,670,000,000 tested=0 found=0 n=689993748842122587890625 elapsed=199s
progress: nodes=2,680,000,000 tested=0 found=0 n=527921686179890361328125 elapsed=199s
progress: nodes=2,690,000,000 tested=0 found=0 n=932857703539791123046875 elapsed=200s
progress: nodes=2,700,000,000 tested=0 found=0 n=71619421057883994140625 elapsed=201s
progress: nodes=2,710,000,000 tested=0 found=0 n=27450289422879755859375 elapsed=202s
progress: nodes=2,720,000,000 tested=0 found=0 n=32905455809705654296875 elapsed=203s
progress: nodes=2,730,000,000 tested=0 found=0 n=351911623564224521484375 elapsed=203s
progress: nodes=2,740,000,000 tested=0 found=0 n=927714315378744638671875 elapsed=204s
progress: nodes=2,750,000,000 tested=0 found=0 n=161300271113642578125 elapsed=205s
progress: nodes=2,760,000,000 tested=0 found=0 n=689803467407952041015625 elapsed=206s
progress: nodes=2,770,000,000 tested=0 found=0 n=771730716735252802734375 elapsed=207s
progress: nodes=2,780,000,000 tested=0 found=0 n=37596433372070244140625 elapsed=208s
progress: nodes=2,790,000,000 tested=0 found=0 n=372324989425456259765625 elapsed=208s
progress: nodes=2,800,000,000 tested=0 found=0 n=904704907734001435546875 elapsed=209s
progress: nodes=2,810,000,000 tested=0 found=0 n=426363037094934697265625 elapsed=210s
progress: nodes=2,820,000,000 tested=0 found=0 n=594251476597955947265625 elapsed=211s
progress: nodes=2,830,000,000 tested=0 found=0 n=623326884345627744140625 elapsed=211s
progress: nodes=2,840,000,000 tested=0 found=0 n=426582860012677646484375 elapsed=212s
progress: nodes=2,850,000,000 tested=0 found=0 n=451662805527554384765625 elapsed=213s
progress: nodes=2,860,000,000 tested=0 found=0 n=866552880601419755859375 elapsed=214s
progress: nodes=2,870,000,000 tested=0 found=0 n=972702742653711240234375 elapsed=214s
progress: nodes=2,880,000,000 tested=0 found=0 n=942742694120362001953125 elapsed=214s
progress: nodes=2,890,000,000 tested=0 found=0 n=906832212922818837890625 elapsed=215s
progress: nodes=2,900,000,000 tested=0 found=0 n=856453482404893623046875 elapsed=215s
progress: nodes=2,910,000,000 tested=0 found=0 n=978699846568782685546875 elapsed=216s
progress: nodes=2,920,000,000 tested=0 found=0 n=915688022225600888671875 elapsed=216s
progress: nodes=2,930,000,000 tested=0 found=0 n=110257610746953134765625 elapsed=217s
progress: nodes=2,940,000,000 tested=0 found=0 n=46945151008187021484375 elapsed=218s
progress: nodes=2,950,000,000 tested=0 found=0 n=157933049229267685546875 elapsed=218s
progress: nodes=2,960,000,000 tested=0 found=0 n=252595124035987001953125 elapsed=219s
progress: nodes=2,970,000,000 tested=0 found=0 n=365970013360935673828125 elapsed=220s
progress: nodes=2,980,000,000 tested=0 found=0 n=302292330291803642578125 elapsed=221s
progress: nodes=2,990,000,000 tested=0 found=0 n=209890487680195283203125 elapsed=221s
progress: nodes=3,000,000,000 tested=0 found=0 n=259937363046044912109375 elapsed=222s
progress: nodes=3,010,000,000 tested=0 found=0 n=431397622629693662109375 elapsed=223s
progress: nodes=3,020,000,000 tested=0 found=0 n=71176942879983662109375 elapsed=224s
progress: nodes=3,030,000,000 tested=0 found=0 n=845160234657608466796875 elapsed=225s
progress: nodes=3,040,000,000 tested=0 found=0 n=898630312083511845703125 elapsed=225s
progress: nodes=3,050,000,000 tested=0 found=0 n=153581814076302802734375 elapsed=226s
progress: nodes=3,060,000,000 tested=0 found=0 n=740062791062187861328125 elapsed=227s
progress: nodes=3,070,000,000 tested=0 found=0 n=947312070034939248046875 elapsed=227s
progress: nodes=3,080,000,000 tested=0 found=0 n=973128325956416220703125 elapsed=228s
progress: nodes=3,090,000,000 tested=0 found=0 n=185875762354679033203125 elapsed=229s
progress: nodes=3,100,000,000 tested=0 found=0 n=570959967046501728515625 elapsed=230s
progress: nodes=3,110,000,000 tested=0 found=0 n=393067851151721865234375 elapsed=230s
progress: nodes=3,120,000,000 tested=0 found=0 n=155275663694570478515625 elapsed=231s
progress: nodes=3,130,000,000 tested=0 found=0 n=126528126064068193359375 elapsed=232s
progress: nodes=3,140,000,000 tested=0 found=0 n=113440283795239248046875 elapsed=233s
progress: nodes=3,150,000,000 tested=0 found=0 n=866167838395424677734375 elapsed=234s
progress: nodes=3,160,000,000 tested=0 found=0 n=725513369970479619140625 elapsed=234s
progress: nodes=3,170,000,000 tested=0 found=0 n=5237449989239736328125 elapsed=235s
progress: nodes=3,180,000,000 tested=0 found=0 n=128064786614144326171875 elapsed=236s
progress: nodes=3,190,000,000 tested=0 found=0 n=88185131717870712890625 elapsed=237s
progress: nodes=3,200,000,000 tested=0 found=0 n=39971332225019736328125 elapsed=237s
progress: nodes=3,210,000,000 tested=0 found=0 n=602374786075146474609375 elapsed=238s
progress: nodes=3,220,000,000 tested=0 found=0 n=811749611240587119140625 elapsed=239s
progress: nodes=3,230,000,000 tested=0 found=0 n=36065593211419306640625 elapsed=240s
progress: nodes=3,240,000,000 tested=0 found=0 n=122910319243493818359375 elapsed=241s
progress: nodes=3,250,000,000 tested=0 found=0 n=515754149395995732421875 elapsed=242s
progress: nodes=3,260,000,000 tested=0 found=0 n=875158552888237236328125 elapsed=242s
progress: nodes=3,270,000,000 tested=0 found=0 n=85719367689233408203125 elapsed=243s
progress: nodes=3,280,000,000 tested=0 found=0 n=10873279315424677734375 elapsed=244s
progress: nodes=3,290,000,000 tested=0 found=0 n=183327185538310810546875 elapsed=245s
progress: nodes=3,300,000,000 tested=0 found=0 n=308274798585338583984375 elapsed=246s
progress: nodes=3,310,000,000 tested=0 found=0 n=441086788146694599609375 elapsed=246s
progress: nodes=3,320,000,000 tested=0 found=0 n=51889855444805244140625 elapsed=247s
progress: nodes=3,330,000,000 tested=0 found=0 n=549412327409167294921875 elapsed=248s
progress: nodes=3,340,000,000 tested=0 found=0 n=168954997436724052734375 elapsed=248s
progress: nodes=3,350,000,000 tested=0 found=0 n=712018912494283798828125 elapsed=249s
progress: nodes=3,360,000,000 tested=0 found=0 n=252297651829066669921875 elapsed=250s
progress: nodes=3,370,000,000 tested=0 found=0 n=875501364984168837890625 elapsed=251s
progress: nodes=3,380,000,000 tested=0 found=0 n=143992066054390810546875 elapsed=252s
progress: nodes=3,390,000,000 tested=0 found=0 n=899552630765705947265625 elapsed=253s
progress: nodes=3,400,000,000 tested=0 found=0 n=712738679713780458984375 elapsed=253s
progress: nodes=3,410,000,000 tested=0 found=0 n=90509853058708916015625 elapsed=254s
progress: nodes=3,420,000,000 tested=0 found=0 n=278220881654607099609375 elapsed=255s
progress: nodes=3,430,000,000 tested=0 found=0 n=15728480380193876953125 elapsed=256s
progress: nodes=3,440,000,000 tested=0 found=0 n=26863891115606923828125 elapsed=257s
progress: nodes=3,450,000,000 tested=0 found=0 n=1657426012420927734375 elapsed=257s
progress: nodes=3,460,000,000 tested=0 found=0 n=104162676060166318359375 elapsed=258s
progress: nodes=3,470,000,000 tested=0 found=0 n=694880192633977060546875 elapsed=259s
progress: nodes=3,480,000,000 tested=0 found=0 n=493362047430733330078125 elapsed=260s
progress: nodes=3,490,000,000 tested=0 found=0 n=625125307148979228515625 elapsed=260s
progress: nodes=3,500,000,000 tested=0 found=0 n=702263448629555947265625 elapsed=261s
progress: nodes=3,510,000,000 tested=0 found=0 n=473009793310118466796875 elapsed=262s
progress: nodes=3,520,000,000 tested=0 found=0 n=35712453025178642578125 elapsed=262s
progress: nodes=3,530,000,000 tested=0 found=0 n=6017317583009560546875 elapsed=263s
progress: nodes=3,540,000,000 tested=0 found=0 n=742269974135910263671875 elapsed=263s
progress: nodes=3,550,000,000 tested=0 found=0 n=701532697755505458984375 elapsed=264s
progress: nodes=3,560,000,000 tested=0 found=0 n=544280282385368876953125 elapsed=265s
progress: nodes=3,570,000,000 tested=0 found=0 n=84316324669325302734375 elapsed=266s
progress: nodes=3,580,000,000 tested=0 found=0 n=947797763684936455078125 elapsed=266s
progress: nodes=3,590,000,000 tested=0 found=0 n=265049383757255830078125 elapsed=267s
progress: nodes=3,600,000,000 tested=0 found=0 n=828324982499545400390625 elapsed=268s
progress: nodes=3,610,000,000 tested=0 found=0 n=238542153535586748046875 elapsed=269s
progress: nodes=3,620,000,000 tested=0 found=0 n=538848465805020439453125 elapsed=270s
progress: nodes=3,630,000,000 tested=0 found=0 n=38238548706581513671875 elapsed=271s
progress: nodes=3,640,000,000 tested=0 found=0 n=860414939143789072265625 elapsed=271s
progress: nodes=3,650,000,000 tested=0 found=0 n=904313520378669755859375 elapsed=272s
progress: nodes=3,660,000,000 tested=0 found=0 n=379743335358323701171875 elapsed=273s
progress: nodes=3,670,000,000 tested=0 found=0 n=499785251107147001953125 elapsed=274s
progress: nodes=3,680,000,000 tested=0 found=0 n=23473000840333916015625 elapsed=274s
progress: nodes=3,690,000,000 tested=0 found=0 n=848340639971886064453125 elapsed=275s
progress: nodes=3,700,000,000 tested=0 found=0 n=26319162527848505859375 elapsed=276s
progress: nodes=3,710,000,000 tested=0 found=0 n=671169395812776884765625 elapsed=277s
progress: nodes=3,720,000,000 tested=0 found=0 n=228411665188691689453125 elapsed=278s
progress: nodes=3,730,000,000 tested=0 found=0 n=5653005245659306640625 elapsed=278s
progress: nodes=3,740,000,000 tested=0 found=0 n=5052873221406943359375 elapsed=279s
progress: nodes=3,750,000,000 tested=0 found=0 n=806635129730814287109375 elapsed=280s
progress: nodes=3,760,000,000 tested=0 found=0 n=726312035604093427734375 elapsed=281s
progress: nodes=3,770,000,000 tested=0 found=0 n=25411509945051826171875 elapsed=281s
progress: nodes=3,780,000,000 tested=0 found=0 n=326871004933623134765625 elapsed=282s
progress: nodes=3,790,000,000 tested=0 found=0 n=762979270328725810546875 elapsed=283s
progress: nodes=3,800,000,000 tested=0 found=0 n=638455372563174638671875 elapsed=283s
progress: nodes=3,810,000,000 tested=0 found=0 n=512258823426931318359375 elapsed=284s
progress: nodes=3,820,000,000 tested=0 found=0 n=591506570365200673828125 elapsed=285s
progress: nodes=3,830,000,000 tested=0 found=0 n=25557164911995615234375 elapsed=286s
progress: nodes=3,840,000,000 tested=0 found=0 n=256682032039422919921875 elapsed=287s
progress: nodes=3,850,000,000 tested=0 found=0 n=27706857519461630859375 elapsed=287s
progress: nodes=3,860,000,000 tested=0 found=0 n=85624156946631240234375 elapsed=288s
progress: nodes=3,870,000,000 tested=0 found=0 n=161744879620098251953125 elapsed=289s
progress: nodes=3,880,000,000 tested=0 found=0 n=497642869065342685546875 elapsed=290s
progress: nodes=3,890,000,000 tested=0 found=0 n=228171707620467685546875 elapsed=291s
progress: nodes=3,900,000,000 tested=0 found=0 n=313298202375969052734375 elapsed=292s
progress: nodes=3,910,000,000 tested=0 found=0 n=775349320306286806640625 elapsed=292s
progress: nodes=3,920,000,000 tested=0 found=0 n=351857377082327314453125 elapsed=293s
progress: nodes=3,930,000,000 tested=0 found=0 n=445389017891317880859375 elapsed=294s
progress: nodes=3,940,000,000 tested=0 found=0 n=124403484142986826171875 elapsed=295s
progress: nodes=3,950,000,000 tested=0 found=0 n=993807113050245380859375 elapsed=296s
progress: nodes=3,960,000,000 tested=0 found=0 n=638776728751555341796875 elapsed=296s
progress: nodes=3,970,000,000 tested=0 found=0 n=508360061455815029296875 elapsed=297s
progress: nodes=3,980,000,000 tested=0 found=0 n=818704241725986357421875 elapsed=298s
progress: nodes=3,990,000,000 tested=0 found=0 n=74837646841106220703125 elapsed=299s
progress: nodes=4,000,000,000 tested=0 found=0 n=999887605274900595703125 elapsed=299s
progress: nodes=4,010,000,000 tested=0 found=0 n=704022595000728427734375 elapsed=300s
progress: nodes=4,020,000,000 tested=0 found=0 n=124144193962439091796875 elapsed=301s
progress: nodes=4,030,000,000 tested=0 found=0 n=364827255117360673828125 elapsed=302s
progress: nodes=4,040,000,000 tested=0 found=0 n=232687923945780087890625 elapsed=303s
progress: nodes=4,050,000,000 tested=0 found=0 n=14152141814697275390625 elapsed=303s
progress: nodes=4,060,000,000 tested=0 found=0 n=179312075194123447265625 elapsed=304s
progress: nodes=4,070,000,000 tested=0 found=0 n=589278102932498408203125 elapsed=305s
progress: nodes=4,080,000,000 tested=0 found=0 n=471974129658290009765625 elapsed=306s
progress: nodes=4,090,000,000 tested=0 found=0 n=1941538193254892578125 elapsed=306s
progress: nodes=4,100,000,000 tested=0 found=0 n=584412128355756416015625 elapsed=307s
progress: nodes=4,110,000,000 tested=0 found=0 n=555470554967694462890625 elapsed=308s
progress: nodes=4,120,000,000 tested=0 found=0 n=138806412806721943359375 elapsed=309s
progress: nodes=4,130,000,000 tested=0 found=0 n=968616449091521572265625 elapsed=309s
progress: nodes=4,140,000,000 tested=0 found=0 n=240747292888457900390625 elapsed=310s
progress: nodes=4,150,000,000 tested=0 found=0 n=375414449402014775390625 elapsed=311s
progress: nodes=4,160,000,000 tested=0 found=0 n=982863140277425595703125 elapsed=312s
progress: nodes=4,170,000,000 tested=0 found=0 n=892751689045676103515625 elapsed=313s
progress: nodes=4,180,000,000 tested=0 found=0 n=490457487707583017578125 elapsed=313s
progress: nodes=4,190,000,000 tested=0 found=0 n=988924527035619814453125 elapsed=314s
progress: nodes=4,200,000,000 tested=0 found=0 n=366127849936879951171875 elapsed=315s
progress: nodes=4,210,000,000 tested=0 found=0 n=613696317459694599609375 elapsed=316s
progress: nodes=4,220,000,000 tested=0 found=0 n=251237922730291376953125 elapsed=316s
progress: nodes=4,230,000,000 tested=0 found=0 n=32744972556805107421875 elapsed=317s
progress: nodes=4,240,000,000 tested=0 found=0 n=144651425726262685546875 elapsed=318s
progress: nodes=4,250,000,000 tested=0 found=0 n=524427620974302626953125 elapsed=319s
progress: nodes=4,260,000,000 tested=0 found=0 n=77853660473075068359375 elapsed=320s
progress: nodes=4,270,000,000 tested=0 found=0 n=681327078731567607421875 elapsed=320s

done in 321.0s | nodes=4,278,632,355 | tested=0 | weird=0
