search v2: odd=True, N_CAP=1.00e+24, DELTA_MAX=1.0e+07, MIN_DEPTH=6
SPF shard: smallest prime factor = 3
P2 sub-shard: second prime factor = 5
P3 sub-sub-shard: third prime factor = 7
progress: nodes=10,000,000 tested=7,874 found=0 n=18117800234656687552995 elapsed=27s
progress: nodes=20,000,000 tested=7,874 found=0 n=38481359945097919497165 elapsed=68s
progress: nodes=30,000,000 tested=7,874 found=0 n=59437004308572152328255 elapsed=110s
progress: nodes=40,000,000 tested=7,874 found=0 n=80774996327970615338535 elapsed=152s
progress: nodes=50,000,000 tested=7,874 found=0 n=102393296917346307740805 elapsed=195s
progress: nodes=60,000,000 tested=7,874 found=0 n=124237285253073811771785 elapsed=238s
progress: nodes=70,000,000 tested=7,874 found=0 n=146267444296025735958135 elapsed=283s
progress: nodes=80,000,000 tested=7,874 found=0 n=168456296005950253939155 elapsed=329s
progress: nodes=90,000,000 tested=7,874 found=0 n=190785198966089718541635 elapsed=375s
progress: nodes=100,000,000 tested=7,874 found=0 n=213238533482865310833315 elapsed=420s
progress: nodes=110,000,000 tested=7,874 found=0 n=235803393006707787520455 elapsed=465s
progress: nodes=120,000,000 tested=7,874 found=0 n=258467127262102696442715 elapsed=511s
progress: nodes=130,000,000 tested=7,874 found=0 n=281222221957666440531255 elapsed=557s
progress: nodes=140,000,000 tested=7,874 found=0 n=304064457394044393320715 elapsed=604s
progress: nodes=150,000,000 tested=7,874 found=0 n=326987113309301408958855 elapsed=651s
progress: nodes=160,000,000 tested=7,874 found=0 n=349981676573422306901985 elapsed=699s
progress: nodes=170,000,000 tested=7,874 found=0 n=373043736331814870577045 elapsed=746s
progress: nodes=180,000,000 tested=7,874 found=0 n=396170348793820212325455 elapsed=792s
progress: nodes=190,000,000 tested=7,874 found=0 n=419363531382407360053095 elapsed=839s
progress: nodes=200,000,000 tested=7,874 found=0 n=442613435191565709595545 elapsed=886s
progress: nodes=210,000,000 tested=7,874 found=0 n=465915401495076279185145 elapsed=942s
progress: nodes=220,000,000 tested=7,874 found=0 n=489273528787269421120065 elapsed=1003s
progress: nodes=230,000,000 tested=7,874 found=0 n=512679667343142076709715 elapsed=1063s
progress: nodes=240,000,000 tested=7,874 found=0 n=536136136863011507008305 elapsed=1123s
progress: nodes=250,000,000 tested=7,874 found=0 n=559635618411945718024095 elapsed=1182s
progress: nodes=260,000,000 tested=7,874 found=0 n=583182511501259091312765 elapsed=1242s
progress: nodes=270,000,000 tested=7,874 found=0 n=606765729967414203221595 elapsed=1303s
progress: nodes=280,000,000 tested=7,874 found=0 n=630394917697177825008285 elapsed=1363s
progress: nodes=290,000,000 tested=7,874 found=0 n=654060369886179997358835 elapsed=1422s
progress: nodes=300,000,000 tested=7,874 found=0 n=677769987547554211175355 elapsed=1481s
progress: nodes=310,000,000 tested=7,874 found=0 n=701509104453241890930915 elapsed=1540s
progress: nodes=320,000,000 tested=7,874 found=0 n=725288009586421499334585 elapsed=1601s
progress: nodes=330,000,000 tested=7,874 found=0 n=749098599645504821007645 elapsed=1662s
progress: nodes=340,000,000 tested=7,874 found=0 n=772947972161445366454455 elapsed=1721s
progress: nodes=350,000,000 tested=7,874 found=0 n=796827343656106220550435 elapsed=1781s
progress: nodes=360,000,000 tested=7,874 found=0 n=820740597311599570912005 elapsed=1841s
progress: nodes=370,000,000 tested=7,874 found=0 n=844677100065319292636235 elapsed=1902s
progress: nodes=380,000,000 tested=7,874 found=0 n=868644878546697864410295 elapsed=1962s
progress: nodes=390,000,000 tested=7,874 found=0 n=892644505381205253963405 elapsed=2021s
progress: nodes=400,000,000 tested=7,874 found=0 n=916671163036732789284585 elapsed=2082s
progress: nodes=410,000,000 tested=7,874 found=0 n=940727974695777711825795 elapsed=2147s
progress: nodes=420,000,000 tested=7,874 found=0 n=964812874201288443236115 elapsed=2214s
progress: nodes=430,000,000 tested=7,874 found=0 n=988917395056725346932195 elapsed=2280s
progress: nodes=440,000,000 tested=7,874 found=0 n=9945732637429394214465 elapsed=2317s
progress: nodes=450,000,000 tested=7,874 found=0 n=29913501702236980687335 elapsed=2355s
progress: nodes=460,000,000 tested=7,874 found=0 n=50659794948412410857145 elapsed=2396s
progress: nodes=470,000,000 tested=7,874 found=0 n=71855293720215957272055 elapsed=2438s
progress: nodes=480,000,000 tested=7,874 found=0 n=93366308942841887396955 elapsed=2481s
progress: nodes=490,000,000 tested=7,874 found=0 n=115120662888421708579845 elapsed=2526s
progress: nodes=500,000,000 tested=7,874 found=0 n=137079945284200817357655 elapsed=2571s
progress: nodes=510,000,000 tested=7,874 found=0 n=159204723059528825369985 elapsed=2617s
progress: nodes=520,000,000 tested=7,874 found=0 n=181477874590234087591845 elapsed=2661s
progress: nodes=530,000,000 tested=7,874 found=0 n=203883166819632979149345 elapsed=2706s
progress: nodes=540,000,000 tested=7,874 found=0 n=226400509930030043023395 elapsed=2750s
progress: nodes=550,000,000 tested=7,874 found=0 n=249023885819778875122065 elapsed=2796s
progress: nodes=560,000,000 tested=7,874 found=0 n=271741447762625483851635 elapsed=2844s
progress: nodes=570,000,000 tested=7,874 found=0 n=294551099327475202283505 elapsed=2892s
progress: nodes=580,000,000 tested=7,874 found=0 n=317441243763324805722255 elapsed=2939s
progress: nodes=590,000,000 tested=7,874 found=0 n=340406270911332082778895 elapsed=2985s
progress: nodes=600,000,000 tested=7,874 found=0 n=363442726701708495546915 elapsed=3031s
progress: nodes=610,000,000 tested=7,874 found=0 n=386541400701811081486095 elapsed=3078s
progress: nodes=620,000,000 tested=7,874 found=0 n=409707489666033724879665 elapsed=3125s
progress: nodes=630,000,000 tested=7,874 found=0 n=432934216534258575582285 elapsed=3173s
progress: nodes=640,000,000 tested=7,874 found=0 n=456215903297218214046855 elapsed=3224s
progress: nodes=650,000,000 tested=7,874 found=0 n=479550744251336512325655 elapsed=3284s
progress: nodes=660,000,000 tested=7,874 found=0 n=502937141655640921655265 elapsed=3344s
progress: nodes=670,000,000 tested=7,874 found=0 n=526373567930279696754645 elapsed=3403s
progress: nodes=680,000,000 tested=7,874 found=0 n=549855469954613869119045 elapsed=3464s
progress: nodes=690,000,000 tested=7,874 found=0 n=573383338646425827186555 elapsed=3525s
progress: nodes=700,000,000 tested=7,874 found=0 n=596949349570303331101815 elapsed=3585s
progress: nodes=710,000,000 tested=7,874 found=0 n=620563156602380409726315 elapsed=3644s
progress: nodes=720,000,000 tested=7,874 found=0 n=644212583847312355727145 elapsed=3703s
progress: nodes=730,000,000 tested=7,874 found=0 n=667904570323971927887115 elapsed=3762s
progress: nodes=740,000,000 tested=7,874 found=0 n=691631906241975242606685 elapsed=3823s
progress: nodes=750,000,000 tested=7,874 found=0 n=715393873185055389976455 elapsed=3884s
progress: nodes=760,000,000 tested=7,874 found=0 n=739194704767669475936205 elapsed=3943s
progress: nodes=770,000,000 tested=7,874 found=0 n=763027902473550504884415 elapsed=4002s
progress: nodes=780,000,000 tested=7,874 found=0 n=786892099631285460484665 elapsed=4062s
progress: nodes=790,000,000 tested=7,874 found=0 n=810794358146740125583215 elapsed=4123s
progress: nodes=800,000,000 tested=7,874 found=0 n=834721024329704965007205 elapsed=4184s
progress: nodes=810,000,000 tested=7,874 found=0 n=858677599736329209904935 elapsed=4243s
progress: nodes=820,000,000 tested=7,874 found=0 n=882661043281146177598515 elapsed=4302s
progress: nodes=830,000,000 tested=7,874 found=0 n=906677027931905625109365 elapsed=4361s
progress: nodes=840,000,000 tested=7,874 found=0 n=930722480043339299281245 elapsed=4428s
progress: nodes=850,000,000 tested=7,874 found=0 n=954794211275652124498695 elapsed=4497s
progress: nodes=860,000,000 tested=7,874 found=0 n=978890333580479484894555 elapsed=4565s
progress: nodes=870,000,000 tested=7,874 found=0 n=2180327627682153642105 elapsed=4622s
progress: nodes=880,000,000 tested=7,874 found=0 n=21482249995833705366435 elapsed=4651s
progress: nodes=890,000,000 tested=7,874 found=0 n=41970935405856994110315 elapsed=4692s
progress: nodes=900,000,000 tested=7,874 found=0 n=63001323117627008978115 elapsed=4734s
progress: nodes=910,000,000 tested=7,874 found=0 n=84392325638124002960265 elapsed=4777s
progress: nodes=920,000,000 tested=7,874 found=0 n=106053362563918615026615 elapsed=4820s
progress: nodes=930,000,000 tested=7,874 found=0 n=127932529587631267929255 elapsed=4865s
progress: nodes=940,000,000 tested=7,874 found=0 n=149992318172859809209605 elapsed=4910s
progress: nodes=950,000,000 tested=7,874 found=0 n=172205590855494918083985 elapsed=4955s
progress: nodes=960,000,000 tested=7,874 found=0 n=194557982114395308465945 elapsed=4999s
progress: nodes=970,000,000 tested=7,874 found=0 n=217030928003245610131815 elapsed=5044s
progress: nodes=980,000,000 tested=7,874 found=0 n=239611468357875147566445 elapsed=5089s
progress: nodes=990,000,000 tested=7,874 found=0 n=262295039024188187454045 elapsed=5135s
progress: nodes=1,000,000,000 tested=7,874 found=0 n=285064355581924365399015 elapsed=5181s
progress: nodes=1,010,000,000 tested=7,874 found=0 n=307921443089558522344155 elapsed=5227s
progress: nodes=1,020,000,000 tested=7,874 found=0 n=330858178205677577453565 elapsed=5274s
progress: nodes=1,030,000,000 tested=7,874 found=0 n=353867360208870680329185 elapsed=5320s
progress: nodes=1,040,000,000 tested=7,874 found=0 n=376939848396916279732005 elapsed=5366s
progress: nodes=1,050,000,000 tested=7,874 found=0 n=400078066748003295749055 elapsed=5413s
progress: nodes=1,060,000,000 tested=7,874 found=0 n=423282468169400582848455 elapsed=5460s
progress: nodes=1,070,000,000 tested=7,874 found=0 n=446542342958705201098065 elapsed=5506s
progress: nodes=1,080,000,000 tested=7,874 found=0 n=469855859110216000304715 elapsed=5563s
progress: nodes=1,090,000,000 tested=7,874 found=0 n=493219759304772100420785 elapsed=5623s
progress: nodes=1,100,000,000 tested=7,874 found=0 n=516636643347734977743795 elapsed=5682s
progress: nodes=1,110,000,000 tested=7,874 found=0 n=540101133490457751761745 elapsed=5742s
progress: nodes=1,120,000,000 tested=7,874 found=0 n=563609929769913319116705 elapsed=5802s
progress: nodes=1,130,000,000 tested=7,874 found=0 n=587163094366320409364595 elapsed=5861s
progress: nodes=1,140,000,000 tested=7,874 found=0 n=610756720009177773383415 elapsed=5922s
progress: nodes=1,150,000,000 tested=7,874 found=0 n=634393506496360790405205 elapsed=5981s
progress: nodes=1,160,000,000 tested=7,874 found=0 n=658066436706158507436885 elapsed=6041s
progress: nodes=1,170,000,000 tested=7,874 found=0 n=681783125404613923372185 elapsed=6101s
progress: nodes=1,180,000,000 tested=7,874 found=0 n=705529048469014330453305 elapsed=6159s
progress: nodes=1,190,000,000 tested=7,874 found=0 n=729313611707784106606995 elapsed=6219s
progress: nodes=1,200,000,000 tested=7,874 found=0 n=753132153705201600326955 elapsed=6278s
progress: nodes=1,210,000,000 tested=7,874 found=0 n=776987397576724214428695 elapsed=6338s
progress: nodes=1,220,000,000 tested=7,874 found=0 n=800873410363170939291105 elapsed=6398s
progress: nodes=1,230,000,000 tested=7,874 found=0 n=824789527198351643007135 elapsed=6457s
progress: nodes=1,240,000,000 tested=7,874 found=0 n=848732138898692026589415 elapsed=6518s
progress: nodes=1,250,000,000 tested=7,874 found=0 n=872705960027195290793055 elapsed=6577s
progress: nodes=1,260,000,000 tested=7,874 found=0 n=896712274731419184859065 elapsed=6635s
progress: nodes=1,270,000,000 tested=7,874 found=0 n=920747351568035015875935 elapsed=6698s
progress: nodes=1,280,000,000 tested=7,874 found=0 n=944807587235381067381855 elapsed=6763s
progress: nodes=1,290,000,000 tested=7,874 found=0 n=968897380773864148939395 elapsed=6830s
progress: nodes=1,300,000,000 tested=7,874 found=0 n=993007086897190451224005 elapsed=6895s
progress: nodes=1,310,000,000 tested=7,874 found=0 n=13243536098651955999735 elapsed=6926s
progress: nodes=1,320,000,000 tested=7,874 found=0 n=33391431376824044935215 elapsed=6965s
progress: nodes=1,330,000,000 tested=7,874 found=0 n=54230748782025645175815 elapsed=7006s
progress: nodes=1,340,000,000 tested=7,874 found=0 n=75484856736291588070905 elapsed=7048s
progress: nodes=1,350,000,000 tested=7,874 found=0 n=97042420424384116035795 elapsed=7091s
progress: nodes=1,360,000,000 tested=7,874 found=0 n=118835059266444340179045 elapsed=7134s
progress: nodes=1,370,000,000 tested=7,874 found=0 n=140825248307999942052555 elapsed=7178s
progress: nodes=1,380,000,000 tested=7,874 found=0 n=162976505386237342438905 elapsed=7222s
progress: nodes=1,390,000,000 tested=7,874 found=0 n=185275143755600168030985 elapsed=7267s
progress: nodes=1,400,000,000 tested=7,874 found=0 n=207700122090360316982985 elapsed=7311s
progress: nodes=1,410,000,000 tested=7,874 found=0 n=230238188911745643966435 elapsed=7356s
progress: nodes=1,420,000,000 tested=7,874 found=0 n=252880024006717614846045 elapsed=7402s
progress: nodes=1,430,000,000 tested=7,874 found=0 n=275612774610961837528605 elapsed=7448s
progress: nodes=1,440,000,000 tested=7,874 found=0 n=298437082911041721729705 elapsed=7494s
progress: nodes=1,450,000,000 tested=7,874 found=0 n=321341319595225570215015 elapsed=7540s
progress: nodes=1,460,000,000 tested=7,874 found=0 n=344320661016843767711595 elapsed=7586s
progress: nodes=1,470,000,000 tested=7,874 found=0 n=367367704489501811449515 elapsed=7632s
progress: nodes=1,480,000,000 tested=7,874 found=0 n=390480232085251883379315 elapsed=7679s
progress: nodes=1,490,000,000 tested=7,874 found=0 n=413657215927465012700085 elapsed=7726s
progress: nodes=1,500,000,000 tested=7,874 found=0 n=436893680068111272708135 elapsed=7773s
progress: nodes=1,510,000,000 tested=7,874 found=0 n=460183875288392038249305 elapsed=7825s
progress: nodes=1,520,000,000 tested=7,874 found=0 n=483530166985986077199795 elapsed=7884s
progress: nodes=1,530,000,000 tested=7,874 found=0 n=506925577447811866133685 elapsed=7944s
progress: nodes=1,540,000,000 tested=7,874 found=0 n=530371077621300245648115 elapsed=8003s
progress: nodes=1,550,000,000 tested=7,874 found=0 n=553861751638682046376215 elapsed=8064s
progress: nodes=1,560,000,000 tested=7,874 found=0 n=577397319055383453476535 elapsed=8124s
progress: nodes=1,570,000,000 tested=7,874 found=0 n=600971618283543370983105 elapsed=8183s
progress: nodes=1,580,000,000 tested=7,874 found=0 n=624593677747801060510785 elapsed=8242s
progress: nodes=1,590,000,000 tested=7,874 found=0 n=648251249057654014085355 elapsed=8302s
progress: nodes=1,600,000,000 tested=7,874 found=0 n=671949300388511011482315 elapsed=8362s
progress: nodes=1,610,000,000 tested=7,874 found=0 n=695682589632585554159685 elapsed=8420s
progress: nodes=1,620,000,000 tested=7,874 found=0 n=719453699400806840365245 elapsed=8480s
progress: nodes=1,630,000,000 tested=7,874 found=0 n=743258211903371629562895 elapsed=8539s
progress: nodes=1,640,000,000 tested=7,874 found=0 n=767101375550191674560715 elapsed=8599s
progress: nodes=1,650,000,000 tested=7,874 found=0 n=790970953084519083254595 elapsed=8658s
progress: nodes=1,660,000,000 tested=7,874 found=0 n=814879749164445473506515 elapsed=8718s
progress: nodes=1,670,000,000 tested=7,874 found=0 n=838810394712628404327135 elapsed=8778s
progress: nodes=1,680,000,000 tested=7,874 found=0 n=862771703881448492283915 elapsed=8837s
progress: nodes=1,690,000,000 tested=7,874 found=0 n=886762712865883518281295 elapsed=8897s
progress: nodes=1,700,000,000 tested=7,874 found=0 n=910786618524004129702935 elapsed=8958s
progress: nodes=1,710,000,000 tested=7,874 found=0 n=934836534523544989981365 elapsed=9023s
progress: nodes=1,720,000,000 tested=7,874 found=0 n=958913507017298307289185 elapsed=9088s
progress: nodes=1,730,000,000 tested=7,874 found=0 n=983015799349614847698105 elapsed=9153s
progress: nodes=1,740,000,000 tested=7,874 found=0 n=5298865290893151385065 elapsed=9199s
progress: nodes=1,750,000,000 tested=7,874 found=0 n=24935151591900866910195 elapsed=9235s
progress: nodes=1,760,000,000 tested=7,874 found=0 n=45538889705432026118145 elapsed=9276s
progress: nodes=1,770,000,000 tested=7,874 found=0 n=66640189854853501371135 elapsed=9318s
progress: nodes=1,780,000,000 tested=7,874 found=0 n=88082021852880855124185 elapsed=9361s
progress: nodes=1,790,000,000 tested=7,874 found=0 n=109784276771465720323935 elapsed=9405s
progress: nodes=1,800,000,000 tested=7,874 found=0 n=131697995723363482814835 elapsed=9450s
progress: nodes=1,810,000,000 tested=7,874 found=0 n=153785857102305275135295 elapsed=9496s
progress: nodes=1,820,000,000 tested=7,874 found=0 n=176026829730763388989185 elapsed=9540s
progress: nodes=1,830,000,000 tested=7,874 found=0 n=198401004858682377878805 elapsed=9586s
progress: nodes=1,840,000,000 tested=7,874 found=0 n=220892448343488583295655 elapsed=9632s
progress: nodes=1,850,000,000 tested=7,874 found=0 n=243491312317870628000955 elapsed=9677s
progress: nodes=1,860,000,000 tested=7,874 found=0 n=266190518535290913447765 elapsed=9724s
progress: nodes=1,870,000,000 tested=7,874 found=0 n=288979173588192985292535 elapsed=9771s
progress: nodes=1,880,000,000 tested=7,874 found=0 n=311848768203286288340205 elapsed=9817s
progress: nodes=1,890,000,000 tested=7,874 found=0 n=334798298014906423627965 elapsed=9864s
progress: nodes=1,900,000,000 tested=7,874 found=0 n=357820728471989165330955 elapsed=9910s
progress: nodes=1,910,000,000 tested=7,874 found=0 n=380905807734168829746165 elapsed=9957s
progress: nodes=1,920,000,000 tested=7,874 found=0 n=404054788054891449548205 elapsed=10004s
progress: nodes=1,930,000,000 tested=7,874 found=0 n=427269097099719721945035 elapsed=10053s
progress: nodes=1,940,000,000 tested=7,874 found=0 n=450539434875354558443955 elapsed=10101s
progress: nodes=1,950,000,000 tested=7,874 found=0 n=473862967898407250990085 elapsed=10160s
progress: nodes=1,960,000,000 tested=7,874 found=0 n=497236455351244525624155 elapsed=10221s
progress: nodes=1,970,000,000 tested=7,874 found=0 n=520662220236484437926745 elapsed=10283s
progress: nodes=1,980,000,000 tested=7,874 found=0 n=544135181064677888020965 elapsed=10343s
progress: nodes=1,990,000,000 tested=7,874 found=0 n=567653398639119570149505 elapsed=10402s
progress: nodes=2,000,000,000 tested=7,874 found=0 n=591212382409622872258605 elapsed=10461s
progress: nodes=2,010,000,000 tested=7,874 found=0 n=614815519825746136384515 elapsed=10521s
progress: nodes=2,020,000,000 tested=7,874 found=0 n=638459584354914691188645 elapsed=10583s
progress: nodes=2,030,000,000 tested=7,874 found=0 n=662137197554285891874765 elapsed=10643s
progress: nodes=2,040,000,000 tested=7,874 found=0 n=685860181780374145560645 elapsed=10704s
progress: nodes=2,050,000,000 tested=7,874 found=0 n=709615319362558595032095 elapsed=10762s
progress: nodes=2,060,000,000 tested=7,874 found=0 n=733408335668297414171655 elapsed=10821s
progress: nodes=2,070,000,000 tested=7,874 found=0 n=757234462218984413467335 elapsed=10880s
progress: nodes=2,080,000,000 tested=7,874 found=0 n=781091976404611629837135 elapsed=10940s
progress: nodes=2,090,000,000 tested=7,874 found=0 n=804987079621207730376255 elapsed=10999s
progress: nodes=2,100,000,000 tested=7,874 found=0 n=828909220672399549992435 elapsed=11059s
progress: nodes=2,110,000,000 tested=7,874 found=0 n=852857122726037283854895 elapsed=11119s
progress: nodes=2,120,000,000 tested=7,874 found=0 n=876836744752302136937295 elapsed=11178s
progress: nodes=2,130,000,000 tested=7,874 found=0 n=900846276330090618283455 elapsed=11236s
progress: nodes=2,140,000,000 tested=7,874 found=0 n=924887260875954984571845 elapsed=11299s
progress: nodes=2,150,000,000 tested=7,874 found=0 n=948953111927507471593935 elapsed=11363s
progress: nodes=2,160,000,000 tested=7,890 found=0 n=973045569320856122062545 elapsed=11429s
progress: nodes=2,170,000,000 tested=7,890 found=0 n=997164026781307889458815 elapsed=11495s
progress: nodes=2,180,000,000 tested=7,890 found=0 n=16641380080534711216995 elapsed=11522s
progress: nodes=2,190,000,000 tested=7,890 found=0 n=36946063884734535701835 elapsed=11562s
progress: nodes=2,200,000,000 tested=7,890 found=0 n=57869496801338324457285 elapsed=11603s
progress: nodes=2,210,000,000 tested=7,890 found=0 n=79185463208803088720415 elapsed=11645s
progress: nodes=2,220,000,000 tested=7,890 found=0 n=100787571351310808779605 elapsed=11688s
progress: nodes=2,230,000,000 tested=7,890 found=0 n=122618299101060959572635 elapsed=11732s
progress: nodes=2,240,000,000 tested=7,890 found=0 n=144638306008340773213935 elapsed=11777s
progress: nodes=2,250,000,000 tested=7,890 found=0 n=166818843614261082734595 elapsed=11823s
progress: nodes=2,260,000,000 tested=7,890 found=0 n=189139493691598741704945 elapsed=11867s
progress: nodes=2,270,000,000 tested=7,890 found=0 n=211586289467892830688645 elapsed=11912s
progress: nodes=2,280,000,000 tested=7,890 found=0 n=234146706183951762565035 elapsed=11957s
progress: nodes=2,290,000,000 tested=7,890 found=0 n=256805270558405179955505 elapsed=12002s
progress: nodes=2,300,000,000 tested=7,890 found=0 n=279556768948580440074765 elapsed=12049s
progress: nodes=2,310,000,000 tested=7,890 found=0 n=302394324690674358964605 elapsed=12096s
progress: nodes=2,320,000,000 tested=7,890 found=0 n=325313723929477690181565 elapsed=12143s
progress: nodes=2,330,000,000 tested=7,890 found=0 n=348307862690820493129095 elapsed=12190s
progress: nodes=2,340,000,000 tested=7,890 found=0 n=371366449403310277789635 elapsed=12236s
progress: nodes=2,350,000,000 tested=7,890 found=0 n=394490791626764690482065 elapsed=12283s
progress: nodes=2,360,000,000 tested=7,890 found=0 n=417680438521953546598365 elapsed=12329s
progress: nodes=2,370,000,000 tested=7,890 found=0 n=440931359636579040125085 elapsed=12377s
progress: nodes=2,380,000,000 tested=7,890 found=0 n=464230219499152621032735 elapsed=12432s
progress: nodes=2,390,000,000 tested=7,890 found=0 n=487587119135315718090285 elapsed=12493s
progress: nodes=2,400,000,000 tested=7,890 found=0 n=510992919912024048702735 elapsed=12552s
progress: nodes=2,410,000,000 tested=7,890 found=0 n=534446703764302819423185 elapsed=12611s
progress: nodes=2,420,000,000 tested=7,890 found=0 n=557945811034810866627435 elapsed=12671s
progress: nodes=2,430,000,000 tested=7,890 found=0 n=581493512303760452187645 elapsed=12731s
progress: nodes=2,440,000,000 tested=7,890 found=0 n=605074755087068292243315 elapsed=12792s
progress: nodes=2,450,000,000 tested=7,890 found=0 n=628703008049173513264515 elapsed=12851s
progress: nodes=2,460,000,000 tested=7,906 found=0 n=652368492012384659837115 elapsed=12910s
progress: nodes=2,470,000,000 tested=7,906 found=0 n=676078118514368946974745 elapsed=12969s
progress: nodes=2,480,000,000 tested=7,906 found=0 n=699818255025543005898735 elapsed=13029s
progress: nodes=2,490,000,000 tested=7,906 found=0 n=723598205934847025847015 elapsed=13089s
progress: nodes=2,500,000,000 tested=7,906 found=0 n=747408492063853625785815 elapsed=13149s
progress: nodes=2,510,000,000 tested=7,906 found=0 n=771256282092456370197645 elapsed=13208s
progress: nodes=2,520,000,000 tested=7,906 found=0 n=795134529189202285034595 elapsed=13268s
progress: nodes=2,530,000,000 tested=7,906 found=0 n=819049231658704711828905 elapsed=13328s
progress: nodes=2,540,000,000 tested=7,906 found=0 n=842985682394184385124355 elapsed=13389s
progress: nodes=2,550,000,000 tested=7,906 found=0 n=866954656999459864526985 elapsed=13449s
progress: nodes=2,560,000,000 tested=7,906 found=0 n=890955201065107697718885 elapsed=13507s
progress: nodes=2,570,000,000 tested=7,906 found=0 n=914982387502374147695445 elapsed=13568s
progress: nodes=2,580,000,000 tested=7,906 found=0 n=939039959789471078170695 elapsed=13633s
progress: nodes=2,590,000,000 tested=7,906 found=0 n=963123722348455331266365 elapsed=13699s
progress: nodes=2,600,000,000 tested=7,906 found=0 n=987229747247786011541565 elapsed=13765s
progress: nodes=2,610,000,000 tested=7,906 found=0 n=8603072596323395158185 elapsed=13803s
progress: nodes=2,620,000,000 tested=7,906 found=0 n=28489577260329630458055 elapsed=13842s
progress: nodes=2,630,000,000 tested=7,906 found=0 n=49198315272690897293085 elapsed=13883s
progress: nodes=2,640,000,000 tested=7,906 found=0 n=70369173354678130863945 elapsed=13925s
progress: nodes=2,650,000,000 tested=7,906 found=0 n=91862938864995808214565 elapsed=13968s
progress: nodes=2,660,000,000 tested=7,906 found=0 n=113606058930487891167645 elapsed=14012s
progress: nodes=2,670,000,000 tested=7,906 found=0 n=135552805811216181049095 elapsed=14056s
progress: nodes=2,680,000,000 tested=7,906 found=0 n=157669194050351531887815 elapsed=14101s
progress: nodes=2,690,000,000 tested=7,906 found=0 n=179935600234615585287795 elapsed=14146s
progress: nodes=2,700,000,000 tested=7,906 found=0 n=202334691297829886106885 elapsed=14191s
progress: nodes=2,710,000,000 tested=7,906 found=0 n=224847818201128968197415 elapsed=14235s
progress: nodes=2,720,000,000 tested=7,906 found=0 n=247465271234160297291645 elapsed=14282s
progress: nodes=2,730,000,000 tested=7,906 found=0 n=270178954139674187864235 elapsed=14328s
progress: nodes=2,740,000,000 tested=7,906 found=0 n=292984760595489874092405 elapsed=14374s
progress: nodes=2,750,000,000 tested=7,906 found=0 n=315871559665963054554465 elapsed=14420s
progress: nodes=2,760,000,000 tested=7,906 found=0 n=338833655735589649529685 elapsed=14467s
progress: nodes=2,770,000,000 tested=7,906 found=0 n=361868093117949870091395 elapsed=14515s
progress: nodes=2,780,000,000 tested=7,906 found=0 n=384966128703957615183285 elapsed=14561s
progress: nodes=2,790,000,000 tested=7,906 found=0 n=408127823418274320500055 elapsed=14609s
progress: nodes=2,800,000,000 tested=7,906 found=0 n=431355311304730550823645 elapsed=14656s
progress: nodes=2,810,000,000 tested=7,906 found=0 n=454635361417627828166085 elapsed=14704s
progress: nodes=2,820,000,000 tested=7,906 found=0 n=477968878383145952876955 elapsed=14764s
progress: nodes=2,830,000,000 tested=7,906 found=0 n=501352544538342192229695 elapsed=14825s
progress: nodes=2,840,000,000 tested=7,906 found=0 n=524788115773976130832245 elapsed=14885s
progress: nodes=2,850,000,000 tested=7,906 found=0 n=548269305925497841592145 elapsed=14945s
progress: nodes=2,860,000,000 tested=7,906 found=0 n=571797618151364470701045 elapsed=15004s
progress: nodes=2,870,000,000 tested=7,906 found=0 n=595363868373992146333065 elapsed=15063s
progress: nodes=2,880,000,000 tested=7,916 found=0 n=618975726798170583017505 elapsed=15123s
progress: nodes=2,890,000,000 tested=7,916 found=0 n=642628213147954971862785 elapsed=15183s
progress: nodes=2,900,000,000 tested=7,916 found=0 n=666315399873957698641455 elapsed=15243s
progress: nodes=2,910,000,000 tested=7,916 found=0 n=690044785751576300203935 elapsed=15302s
progress: nodes=2,920,000,000 tested=7,916 found=0 n=713805286484045229349995 elapsed=15360s
progress: nodes=2,930,000,000 tested=7,916 found=0 n=737606821656671414343945 elapsed=15420s
progress: nodes=2,940,000,000 tested=7,916 found=0 n=761440803203127856000815 elapsed=15481s
progress: nodes=2,950,000,000 tested=7,916 found=0 n=785305833637732243144245 elapsed=15542s
progress: nodes=2,960,000,000 tested=7,916 found=0 n=809207353322665743877515 elapsed=15601s
progress: nodes=2,970,000,000 tested=7,916 found=0 n=833134726912892080240305 elapsed=15660s
progress: nodes=2,980,000,000 tested=7,916 found=0 n=857091172701130332946785 elapsed=15719s
progress: nodes=2,990,000,000 tested=7,916 found=0 n=881075414000595865042845 elapsed=15779s
progress: nodes=3,000,000,000 tested=7,916 found=0 n=905091709445123031588015 elapsed=15840s
progress: nodes=3,010,000,000 tested=7,916 found=0 n=929137515955309490912145 elapsed=15904s
progress: nodes=3,020,000,000 tested=7,916 found=0 n=953210317972893067124415 elapsed=15968s
progress: nodes=3,030,000,000 tested=7,916 found=0 n=977307080189224026028185 elapsed=16034s
progress: nodes=3,040,000,000 tested=7,916 found=0 n=1042086379114355333535 elapsed=16096s
progress: nodes=3,050,000,000 tested=7,916 found=0 n=20167677562814891758845 elapsed=16123s
progress: nodes=3,060,000,000 tested=7,916 found=0 n=40610851821752574617955 elapsed=16163s
progress: nodes=3,070,000,000 tested=7,916 found=0 n=61615442707553819686455 elapsed=16205s
progress: nodes=3,080,000,000 tested=7,916 found=0 n=82987308809388124240365 elapsed=16247s
progress: nodes=3,090,000,000 tested=7,916 found=0 n=104634533895604741684845 elapsed=16289s
progress: nodes=3,100,000,000 tested=7,916 found=0 n=126503259755353214668515 elapsed=16333s
progress: nodes=3,110,000,000 tested=7,916 found=0 n=148553317418072269888395 elapsed=16378s
progress: nodes=3,120,000,000 tested=7,916 found=0 n=170759843139314010902985 elapsed=16424s
progress: nodes=3,130,000,000 tested=7,916 found=0 n=193104404974683539577135 elapsed=16470s
progress: nodes=3,140,000,000 tested=7,916 found=0 n=215571270592089764022195 elapsed=16514s
progress: nodes=3,150,000,000 tested=7,916 found=0 n=238148814221441786956545 elapsed=16559s
progress: nodes=3,160,000,000 tested=7,916 found=0 n=260825768500321107476505 elapsed=16605s
progress: nodes=3,170,000,000 tested=7,916 found=0 n=283592953486375420699035 elapsed=16651s
progress: nodes=3,180,000,000 tested=7,916 found=0 n=306447071450862870853605 elapsed=16698s
progress: nodes=3,190,000,000 tested=7,916 found=0 n=329380348770867859595235 elapsed=16746s
progress: nodes=3,200,000,000 tested=7,916 found=0 n=352385347121625518132985 elapsed=16793s
progress: nodes=3,210,000,000 tested=7,916 found=0 n=375456551100660218031885 elapsed=16840s
progress: nodes=3,220,000,000 tested=7,916 found=0 n=398593077924244286618955 elapsed=16886s
progress: nodes=3,230,000,000 tested=7,916 found=0 n=421795166040624013395345 elapsed=16932s
progress: nodes=3,240,000,000 tested=7,916 found=0 n=445053385504439970564915 elapsed=16979s
progress: nodes=3,250,000,000 tested=7,916 found=0 n=468364856659205911262235 elapsed=17036s
progress: nodes=3,260,000,000 tested=7,916 found=0 n=491729041683326680312905 elapsed=17098s
progress: nodes=3,270,000,000 tested=7,916 found=0 n=515143967233738491563355 elapsed=17157s
progress: nodes=3,280,000,000 tested=7,916 found=0 n=538607542739076739880595 elapsed=17216s
progress: nodes=3,290,000,000 tested=7,916 found=0 n=562115431592557365456045 elapsed=17276s
progress: nodes=3,300,000,000 tested=7,931 found=0 n=585668720992131512050455 elapsed=17336s
progress: nodes=3,310,000,000 tested=7,931 found=0 n=609260677243358588394345 elapsed=17396s
progress: nodes=3,320,000,000 tested=7,931 found=0 n=632896042209998066144505 elapsed=17456s
progress: nodes=3,330,000,000 tested=7,931 found=0 n=656570102389976155655295 elapsed=17515s
progress: nodes=3,340,000,000 tested=7,931 found=0 n=680285688699697042854465 elapsed=17574s
progress: nodes=3,350,000,000 tested=7,931 found=0 n=704030069893587913848015 elapsed=17634s
progress: nodes=3,360,000,000 tested=7,931 found=0 n=727816763151044815150035 elapsed=17695s
progress: nodes=3,370,000,000 tested=7,931 found=0 n=751634476109348533565535 elapsed=17756s
progress: nodes=3,380,000,000 tested=7,931 found=0 n=775489904857445311623285 elapsed=17816s
progress: nodes=3,390,000,000 tested=7,931 found=0 n=799376430198070089135855 elapsed=17876s
progress: nodes=3,400,000,000 tested=7,931 found=0 n=823290456709824629519385 elapsed=17936s
progress: nodes=3,410,000,000 tested=7,931 found=0 n=847235769732357958528695 elapsed=17998s
progress: nodes=3,420,000,000 tested=7,931 found=0 n=871208789390677324534185 elapsed=18058s
progress: nodes=3,430,000,000 tested=7,931 found=0 n=895214555661371701220955 elapsed=18117s
progress: nodes=3,440,000,000 tested=7,931 found=0 n=919249454425338957938535 elapsed=18179s
progress: nodes=3,450,000,000 tested=7,931 found=0 n=943310341947286164206565 elapsed=18244s
progress: nodes=3,460,000,000 tested=7,931 found=0 n=967400385912374159759265 elapsed=18312s
progress: nodes=3,470,000,000 tested=7,931 found=0 n=991510011415516697632395 elapsed=18379s
progress: nodes=3,480,000,000 tested=7,931 found=0 n=12033159100121011925835 elapsed=18412s
progress: nodes=3,490,000,000 tested=7,931 found=0 n=32121334614582817644915 elapsed=18451s
progress: nodes=3,500,000,000 tested=7,931 found=0 n=52929059581335047796945 elapsed=18492s
progress: nodes=3,510,000,000 tested=7,931 found=0 n=74164764906113442243165 elapsed=18535s
progress: nodes=3,520,000,000 tested=7,931 found=0 n=95708881822252160951055 elapsed=18578s
progress: nodes=3,530,000,000 tested=7,931 found=0 n=117489626715074406669135 elapsed=18623s
progress: nodes=3,540,000,000 tested=7,931 found=0 n=139471403587686368423505 elapsed=18669s
progress: nodes=3,550,000,000 tested=7,931 found=0 n=161616115920529830245805 elapsed=18714s
progress: nodes=3,560,000,000 tested=7,931 found=0 n=183908200050440691817635 elapsed=18759s
progress: nodes=3,570,000,000 tested=7,931 found=0 n=206328592590969383286255 elapsed=18804s
progress: nodes=3,580,000,000 tested=7,931 found=0 n=228860440750480220645985 elapsed=18849s
progress: nodes=3,590,000,000 tested=7,931 found=0 n=251498396830779642753405 elapsed=18895s
progress: nodes=3,600,000,000 tested=7,931 found=0 n=274229004397935945702015 elapsed=18943s
progress: nodes=3,610,000,000 tested=7,931 found=0 n=297049989409156361918295 elapsed=18991s
progress: nodes=3,620,000,000 tested=7,931 found=0 n=319952048962106842237845 elapsed=19038s
progress: nodes=3,630,000,000 tested=7,931 found=0 n=342928484252791877229615 elapsed=19084s
progress: nodes=3,640,000,000 tested=7,931 found=0 n=365975502688778443959645 elapsed=19131s
progress: nodes=3,650,000,000 tested=7,931 found=0 n=389085285462178918812255 elapsed=19177s
progress: nodes=3,660,000,000 tested=7,931 found=0 n=412261690714331659485165 elapsed=19226s
progress: nodes=3,670,000,000 tested=7,931 found=0 n=435496327134890589698445 elapsed=19275s
progress: nodes=3,680,000,000 tested=7,931 found=0 n=458786015601946973409735 elapsed=19327s
progress: nodes=3,690,000,000 tested=7,931 found=0 n=482132177182153645048755 elapsed=19387s
progress: nodes=3,700,000,000 tested=7,941 found=0 n=505525415692042040594985 elapsed=19447s
progress: nodes=3,710,000,000 tested=7,941 found=0 n=528969846216255724207935 elapsed=19507s
progress: nodes=3,720,000,000 tested=7,941 found=0 n=552461081600175463397745 elapsed=19569s
progress: nodes=3,730,000,000 tested=7,941 found=0 n=575997235211846430669015 elapsed=19630s
progress: nodes=3,740,000,000 tested=7,941 found=0 n=599571104445109678246155 elapsed=19690s
progress: nodes=3,750,000,000 tested=7,941 found=0 n=623192877532706565211785 elapsed=19749s
progress: nodes=3,760,000,000 tested=7,941 found=0 n=646850573101168065147735 elapsed=19808s
progress: nodes=3,770,000,000 tested=7,941 found=0 n=670547534144666251005765 elapsed=19870s
progress: nodes=3,780,000,000 tested=7,941 found=0 n=694282337705714480622585 elapsed=19931s
progress: nodes=3,790,000,000 tested=7,941 found=0 n=718052936431484269149345 elapsed=19991s
progress: nodes=3,800,000,000 tested=7,941 found=0 n=741857553988659573548895 elapsed=20050s
progress: nodes=3,810,000,000 tested=7,941 found=0 n=765700973346403378538415 elapsed=20110s
progress: nodes=3,820,000,000 tested=7,941 found=0 n=789571358095171917273435 elapsed=20171s
progress: nodes=3,830,000,000 tested=7,941 found=0 n=813480388755766141230765 elapsed=20233s
progress: nodes=3,840,000,000 tested=7,941 found=0 n=837414011390771102695785 elapsed=20294s
progress: nodes=3,850,000,000 tested=7,941 found=0 n=861376515461725967923905 elapsed=20353s
progress: nodes=3,860,000,000 tested=7,941 found=0 n=885366403848440302535145 elapsed=20412s
progress: nodes=3,870,000,000 tested=7,941 found=0 n=909389245266570527196885 elapsed=20473s
progress: nodes=3,880,000,000 tested=7,941 found=0 n=933441419399652768033765 elapsed=20540s
progress: nodes=3,890,000,000 tested=7,941 found=0 n=957518518924173843397845 elapsed=20607s
progress: nodes=3,900,000,000 tested=7,941 found=0 n=4295475271055222739135 elapsed=20656s
progress: nodes=3,910,000,000 tested=7,941 found=0 n=23841251677141097863545 elapsed=20689s
progress: nodes=3,920,000,000 tested=7,941 found=0 n=44411979034733675983065 elapsed=20730s
progress: nodes=3,930,000,000 tested=7,941 found=0 n=65493315711149809493115 elapsed=20771s
progress: nodes=3,940,000,000 tested=7,941 found=0 n=86921706313655120485935 elapsed=20816s
progress: nodes=3,950,000,000 tested=7,941 found=0 n=108613440704403076963185 elapsed=20860s
progress: nodes=3,960,000,000 tested=7,941 found=0 n=130519359068026046942565 elapsed=20905s
progress: nodes=3,970,000,000 tested=7,941 found=0 n=152600052245983729387245 elapsed=20950s
progress: nodes=3,980,000,000 tested=7,941 found=0 n=174834413809063495363485 elapsed=20995s
progress: nodes=3,990,000,000 tested=7,941 found=0 n=197203418725936587598935 elapsed=21039s
progress: nodes=4,000,000,000 tested=7,941 found=0 n=219691862728564456758465 elapsed=21084s
progress: nodes=4,010,000,000 tested=7,941 found=0 n=242286779676662352316755 elapsed=21131s
progress: nodes=4,020,000,000 tested=7,941 found=0 n=264983460741041698968795 elapsed=21179s
progress: nodes=4,030,000,000 tested=7,941 found=0 n=287767869774410321300655 elapsed=21227s
progress: nodes=4,040,000,000 tested=7,941 found=0 n=310636819445861161981665 elapsed=21274s
progress: nodes=4,050,000,000 tested=7,941 found=0 n=333583898537283367310505 elapsed=21321s
progress: nodes=4,060,000,000 tested=7,941 found=0 n=356604573857787636909885 elapsed=21367s
progress: nodes=4,070,000,000 tested=7,941 found=0 n=379689376906331240585445 elapsed=21414s
progress: nodes=4,080,000,000 tested=7,941 found=0 n=402835271619441903240915 elapsed=21462s
progress: nodes=4,090,000,000 tested=7,941 found=0 n=426049963182078844941045 elapsed=21510s
progress: nodes=4,100,000,000 tested=7,941 found=0 n=449318670034646268927945 elapsed=21559s
progress: nodes=4,110,000,000 tested=7,941 found=0 n=472641325157266820294985 elapsed=21618s
progress: nodes=4,120,000,000 tested=7,954 found=0 n=496014746471374927205745 elapsed=21677s
progress: nodes=4,130,000,000 tested=7,954 found=0 n=519439942636629463975995 elapsed=21737s
progress: nodes=4,140,000,000 tested=7,954 found=0 n=542912478575880079261035 elapsed=21799s
progress: nodes=4,150,000,000 tested=7,954 found=0 n=566429682948247250685315 elapsed=21861s
progress: nodes=4,160,000,000 tested=7,954 found=0 n=589988929372894571704065 elapsed=21920s
progress: nodes=4,170,000,000 tested=7,954 found=0 n=613591079864106641633595 elapsed=21980s
progress: nodes=4,180,000,000 tested=7,954 found=0 n=637236016769434185402705 elapsed=22039s
progress: nodes=4,190,000,000 tested=7,954 found=0 n=660914287134765269880015 elapsed=22100s
progress: nodes=4,200,000,000 tested=7,954 found=0 n=684637844869133561138985 elapsed=22162s
progress: nodes=4,210,000,000 tested=7,954 found=0 n=708393188723703766500105 elapsed=22221s
progress: nodes=4,220,000,000 tested=7,954 found=0 n=732185989336437284975445 elapsed=22281s
progress: nodes=4,230,000,000 tested=7,954 found=0 n=756011878229873801287395 elapsed=22340s
progress: nodes=4,240,000,000 tested=7,954 found=0 n=779870292353006070452355 elapsed=22402s
progress: nodes=4,250,000,000 tested=7,954 found=0 n=803765410258626292275855 elapsed=22464s
progress: nodes=4,260,000,000 tested=7,954 found=0 n=827688165985143184842855 elapsed=22525s
progress: nodes=4,270,000,000 tested=7,954 found=0 n=851636418678167260697055 elapsed=22584s
progress: nodes=4,280,000,000 tested=7,954 found=0 n=875618126475423681306285 elapsed=22643s
progress: nodes=4,290,000,000 tested=7,954 found=0 n=899627277756941809371765 elapsed=22702s
progress: nodes=4,300,000,000 tested=7,954 found=0 n=923669391262967283411855 elapsed=22768s
progress: nodes=4,310,000,000 tested=7,954 found=0 n=947734889243754474951795 elapsed=22835s
progress: nodes=4,320,000,000 tested=7,954 found=0 n=17032682511614199853395 elapsed=22861s
progress: nodes=4,330,000,000 tested=7,954 found=0 n=37354631062267580310585 elapsed=22901s
progress: nodes=4,340,000,000 tested=7,954 found=0 n=58288698251029667204595 elapsed=22942s
progress: nodes=4,350,000,000 tested=7,954 found=0 n=79612182507225457716795 elapsed=22985s
progress: nodes=4,360,000,000 tested=7,954 found=0 n=101220955032022236681165 elapsed=23029s
progress: nodes=4,370,000,000 tested=7,954 found=0 n=123057425659314316255785 elapsed=23074s
progress: nodes=4,380,000,000 tested=7,954 found=0 n=145082647619015593374405 elapsed=23120s
progress: nodes=4,390,000,000 tested=7,954 found=0 n=167266583103083018858415 elapsed=23165s
progress: nodes=4,400,000,000 tested=7,954 found=0 n=189592158561841355131665 elapsed=23210s
progress: nodes=4,410,000,000 tested=7,954 found=0 n=212042540796822261459045 elapsed=23255s
progress: nodes=4,420,000,000 tested=7,954 found=0 n=234606561880793387768595 elapsed=23300s
progress: nodes=4,430,000,000 tested=7,954 found=0 n=257268345397975386519345 elapsed=23347s
progress: nodes=4,440,000,000 tested=7,954 found=0 n=280022906792088862996545 elapsed=23395s
progress: nodes=4,450,000,000 tested=7,954 found=0 n=302863804272614005973685 elapsed=23443s
progress: nodes=4,460,000,000 tested=7,954 found=0 n=325786977710990254740015 elapsed=23490s
progress: nodes=4,470,000,000 tested=7,954 found=0 n=348782053977726247641105 elapsed=23536s
progress: nodes=4,480,000,000 tested=7,954 found=0 n=371844268908514648341795 elapsed=23583s
progress: nodes=4,490,000,000 tested=7,954 found=0 n=394971562500222918794535 elapsed=23630s
progress: nodes=4,500,000,000 tested=7,954 found=0 n=418164346123185940131105 elapsed=23678s
progress: nodes=4,510,000,000 tested=7,959 found=0 n=441416702389517130596355 elapsed=23726s
