search v2: odd=True, N_CAP=1.00e+24, DELTA_MAX=1.0e+07, MIN_DEPTH=6
SPF shard: smallest prime factor = 3
P2 sub-shard: second prime factor = 5
P3 sub-sub-shard: third prime factor = 13
progress: nodes=10,000,000 tested=0 found=0 n=678872947121650048828125 elapsed=1s
progress: nodes=20,000,000 tested=0 found=0 n=217973179163434423828125 elapsed=2s
progress: nodes=30,000,000 tested=0 found=0 n=599875173472580712890625 elapsed=2s
progress: nodes=40,000,000 tested=0 found=0 n=459738770989945458984375 elapsed=3s
progress: nodes=50,000,000 tested=0 found=0 n=264870411246836865234375 elapsed=4s
progress: nodes=60,000,000 tested=0 found=0 n=401639660296244677734375 elapsed=5s
progress: nodes=70,000,000 tested=0 found=0 n=405473427061144482421875 elapsed=6s
progress: nodes=80,000,000 tested=0 found=0 n=66345780336436376953125 elapsed=7s
progress: nodes=90,000,000 tested=0 found=0 n=96308336396923828125 elapsed=8s
progress: nodes=100,000,000 tested=0 found=0 n=71386808831978173828125 elapsed=9s
progress: nodes=110,000,000 tested=0 found=0 n=93431563719596044921875 elapsed=9s
progress: nodes=120,000,000 tested=0 found=0 n=72034338534879931640625 elapsed=10s
progress: nodes=130,000,000 tested=0 found=0 n=844726250888528759765625 elapsed=11s
progress: nodes=140,000,000 tested=0 found=0 n=253819392603255908203125 elapsed=12s
progress: nodes=150,000,000 tested=0 found=0 n=240202520874969580078125 elapsed=13s
progress: nodes=160,000,000 tested=0 found=0 n=48329824563075732421875 elapsed=14s
progress: nodes=170,000,000 tested=0 found=0 n=401542618430730029296875 elapsed=14s
progress: nodes=180,000,000 tested=0 found=0 n=31178052232029345703125 elapsed=15s
progress: nodes=190,000,000 tested=0 found=0 n=352855864565360888671875 elapsed=16s
progress: nodes=200,000,000 tested=0 found=0 n=341905743148740087890625 elapsed=16s
progress: nodes=210,000,000 tested=0 found=0 n=401495903847947314453125 elapsed=17s
progress: nodes=220,000,000 tested=0 found=0 n=166223323806567041015625 elapsed=18s
progress: nodes=230,000,000 tested=0 found=0 n=8256900752680810546875 elapsed=19s
progress: nodes=240,000,000 tested=0 found=0 n=200217039842699267578125 elapsed=20s
progress: nodes=250,000,000 tested=0 found=0 n=833091733843323779296875 elapsed=20s
progress: nodes=260,000,000 tested=0 found=0 n=793088281403690771484375 elapsed=21s
progress: nodes=270,000,000 tested=0 found=0 n=207250830571171435546875 elapsed=22s
progress: nodes=280,000,000 tested=0 found=0 n=500909748778109912109375 elapsed=23s
progress: nodes=290,000,000 tested=0 found=0 n=9675101467495166015625 elapsed=23s
progress: nodes=300,000,000 tested=0 found=0 n=273462471747377783203125 elapsed=24s
progress: nodes=310,000,000 tested=0 found=0 n=477324684968223193359375 elapsed=25s
progress: nodes=320,000,000 tested=0 found=0 n=47138090247435205078125 elapsed=25s
progress: nodes=330,000,000 tested=0 found=0 n=550629615078789111328125 elapsed=26s
progress: nodes=340,000,000 tested=0 found=0 n=48551197409585888671875 elapsed=27s
progress: nodes=350,000,000 tested=0 found=0 n=872800452358832080078125 elapsed=27s
progress: nodes=360,000,000 tested=0 found=0 n=484592072456983740234375 elapsed=28s
progress: nodes=370,000,000 tested=0 found=0 n=86750429471788037109375 elapsed=29s
progress: nodes=380,000,000 tested=0 found=0 n=258733083703058935546875 elapsed=30s
progress: nodes=390,000,000 tested=0 found=0 n=950435944189621728515625 elapsed=30s
progress: nodes=400,000,000 tested=0 found=0 n=733842714029779833984375 elapsed=31s
progress: nodes=410,000,000 tested=0 found=0 n=1259499901258447265625 elapsed=32s
progress: nodes=420,000,000 tested=0 found=0 n=201271737068327783203125 elapsed=33s
progress: nodes=430,000,000 tested=0 found=0 n=129753822126628857421875 elapsed=33s
progress: nodes=440,000,000 tested=0 found=0 n=178856017466798876953125 elapsed=34s
progress: nodes=450,000,000 tested=0 found=0 n=734757135478832958984375 elapsed=35s
progress: nodes=460,000,000 tested=0 found=0 n=101595186087835400390625 elapsed=35s
progress: nodes=470,000,000 tested=0 found=0 n=808151263312660693359375 elapsed=36s
progress: nodes=480,000,000 tested=0 found=0 n=102959726925231591796875 elapsed=37s
progress: nodes=490,000,000 tested=0 found=0 n=848834316882586962890625 elapsed=38s
progress: nodes=500,000,000 tested=0 found=0 n=279958907073042919921875 elapsed=39s
progress: nodes=510,000,000 tested=0 found=0 n=410278682325724951171875 elapsed=39s
progress: nodes=520,000,000 tested=0 found=0 n=989092435435145361328125 elapsed=40s
progress: nodes=530,000,000 tested=0 found=0 n=56126304032527294921875 elapsed=41s
progress: nodes=540,000,000 tested=0 found=0 n=650319759212984326171875 elapsed=42s
progress: nodes=550,000,000 tested=0 found=0 n=29711935146537744140625 elapsed=43s
progress: nodes=560,000,000 tested=0 found=0 n=46526701471953955078125 elapsed=44s
progress: nodes=570,000,000 tested=0 found=0 n=889057895762725634765625 elapsed=44s
progress: nodes=580,000,000 tested=0 found=0 n=628788550962554150390625 elapsed=45s
progress: nodes=590,000,000 tested=0 found=0 n=783157021347741650390625 elapsed=45s
progress: nodes=600,000,000 tested=0 found=0 n=404824865870932177734375 elapsed=46s
progress: nodes=610,000,000 tested=0 found=0 n=245201382559268408203125 elapsed=46s
progress: nodes=620,000,000 tested=0 found=0 n=221389767953244287109375 elapsed=47s
progress: nodes=630,000,000 tested=0 found=0 n=264760669939561376953125 elapsed=47s
progress: nodes=640,000,000 tested=0 found=0 n=322362748534797216796875 elapsed=48s
progress: nodes=650,000,000 tested=0 found=0 n=467475058066801611328125 elapsed=49s
progress: nodes=660,000,000 tested=0 found=0 n=104334051401125634765625 elapsed=49s
progress: nodes=670,000,000 tested=0 found=0 n=310210490751945849609375 elapsed=50s
progress: nodes=680,000,000 tested=0 found=0 n=623753405182272802734375 elapsed=51s
progress: nodes=690,000,000 tested=0 found=0 n=840626590653942041015625 elapsed=52s
progress: nodes=700,000,000 tested=0 found=0 n=512034262646264794921875 elapsed=52s
progress: nodes=710,000,000 tested=0 found=0 n=145932205489841748046875 elapsed=53s
progress: nodes=720,000,000 tested=0 found=0 n=212099188786671240234375 elapsed=54s
progress: nodes=730,000,000 tested=0 found=0 n=745298317481438525390625 elapsed=55s
progress: nodes=740,000,000 tested=0 found=0 n=341485296057972802734375 elapsed=55s
progress: nodes=750,000,000 tested=0 found=0 n=339334902913520947265625 elapsed=56s
progress: nodes=760,000,000 tested=0 found=0 n=179002759882779345703125 elapsed=57s
progress: nodes=770,000,000 tested=0 found=0 n=56961536378828173828125 elapsed=58s
progress: nodes=780,000,000 tested=0 found=0 n=387996142381256982421875 elapsed=58s
progress: nodes=790,000,000 tested=0 found=0 n=692503134849461279296875 elapsed=59s
progress: nodes=800,000,000 tested=0 found=0 n=236144425410872900390625 elapsed=60s
progress: nodes=810,000,000 tested=0 found=0 n=295071129457526220703125 elapsed=61s
progress: nodes=820,000,000 tested=0 found=0 n=499556555565095361328125 elapsed=61s
progress: nodes=830,000,000 tested=0 found=0 n=996059984400778857421875 elapsed=62s
progress: nodes=840,000,000 tested=0 found=0 n=29919145317610986328125 elapsed=63s
progress: nodes=850,000,000 tested=0 found=0 n=308958490312530322265625 elapsed=64s
progress: nodes=860,000,000 tested=0 found=0 n=497142562199573291015625 elapsed=65s
progress: nodes=870,000,000 tested=0 found=0 n=258877488072025341796875 elapsed=65s
progress: nodes=880,000,000 tested=0 found=0 n=41276759266259765625 elapsed=66s
progress: nodes=890,000,000 tested=0 found=0 n=3227329748146435546875 elapsed=67s
progress: nodes=900,000,000 tested=0 found=0 n=852890941603591845703125 elapsed=68s
progress: nodes=910,000,000 tested=0 found=0 n=643235272052787451171875 elapsed=68s
progress: nodes=920,000,000 tested=0 found=0 n=789226483074243017578125 elapsed=69s
progress: nodes=930,000,000 tested=0 found=0 n=788639750241545947265625 elapsed=70s
progress: nodes=940,000,000 tested=0 found=0 n=3002172030024755859375 elapsed=71s
progress: nodes=950,000,000 tested=0 found=0 n=98112824340049365234375 elapsed=71s
progress: nodes=960,000,000 tested=0 found=0 n=932693382594471240234375 elapsed=72s
progress: nodes=970,000,000 tested=0 found=0 n=19289446124578271484375 elapsed=73s
progress: nodes=980,000,000 tested=0 found=0 n=338678096213100439453125 elapsed=74s
progress: nodes=990,000,000 tested=0 found=0 n=62600679379678857421875 elapsed=74s
progress: nodes=1,000,000,000 tested=0 found=0 n=217157556847452685546875 elapsed=75s
progress: nodes=1,010,000,000 tested=0 found=0 n=243103664506426318359375 elapsed=76s
progress: nodes=1,020,000,000 tested=0 found=0 n=2383039319412451171875 elapsed=77s
progress: nodes=1,030,000,000 tested=0 found=0 n=26063699918254248046875 elapsed=78s
progress: nodes=1,040,000,000 tested=0 found=0 n=938592055987959521484375 elapsed=78s
progress: nodes=1,050,000,000 tested=0 found=0 n=28358273875415478515625 elapsed=79s
progress: nodes=1,060,000,000 tested=0 found=0 n=737513820146948583984375 elapsed=80s
progress: nodes=1,070,000,000 tested=0 found=0 n=47588491726369775390625 elapsed=81s
progress: nodes=1,080,000,000 tested=0 found=0 n=80193030152885888671875 elapsed=82s
progress: nodes=1,090,000,000 tested=0 found=0 n=34006071588695654296875 elapsed=83s
progress: nodes=1,100,000,000 tested=0 found=0 n=282580320854170751953125 elapsed=83s
progress: nodes=1,110,000,000 tested=0 found=0 n=19190173585588916015625 elapsed=84s
progress: nodes=1,120,000,000 tested=0 found=0 n=319747476107781591796875 elapsed=85s
progress: nodes=1,130,000,000 tested=0 found=0 n=971435506024982958984375 elapsed=85s
progress: nodes=1,140,000,000 tested=0 found=0 n=171163250742109716796875 elapsed=86s
progress: nodes=1,150,000,000 tested=0 found=0 n=105594187164277880859375 elapsed=87s
progress: nodes=1,160,000,000 tested=0 found=0 n=957014559271678857421875 elapsed=88s
progress: nodes=1,170,000,000 tested=0 found=0 n=341187153182044482421875 elapsed=89s
progress: nodes=1,180,000,000 tested=0 found=0 n=970020399336347607421875 elapsed=89s
progress: nodes=1,190,000,000 tested=0 found=0 n=322456408114544970703125 elapsed=90s
progress: nodes=1,200,000,000 tested=0 found=0 n=601006094787388037109375 elapsed=91s
progress: nodes=1,210,000,000 tested=0 found=0 n=150997723056323583984375 elapsed=92s
progress: nodes=1,220,000,000 tested=0 found=0 n=998601656178561474609375 elapsed=92s
progress: nodes=1,230,000,000 tested=0 found=0 n=71173706548830615234375 elapsed=93s
progress: nodes=1,240,000,000 tested=0 found=0 n=31222985752532666015625 elapsed=94s
progress: nodes=1,250,000,000 tested=0 found=0 n=694260343121800634765625 elapsed=95s
progress: nodes=1,260,000,000 tested=0 found=0 n=956408855397417626953125 elapsed=96s
progress: nodes=1,270,000,000 tested=0 found=0 n=859367898532442431640625 elapsed=97s
progress: nodes=1,280,000,000 tested=0 found=0 n=203645011411898291015625 elapsed=97s
progress: nodes=1,290,000,000 tested=0 found=0 n=347638911863341845703125 elapsed=98s
progress: nodes=1,300,000,000 tested=0 found=0 n=903803564724067236328125 elapsed=99s
progress: nodes=1,310,000,000 tested=0 found=0 n=7561975528378857421875 elapsed=100s
progress: nodes=1,320,000,000 tested=0 found=0 n=261743941484403955078125 elapsed=101s
progress: nodes=1,330,000,000 tested=0 found=0 n=10892478987363720703125 elapsed=101s
progress: nodes=1,340,000,000 tested=0 found=0 n=174733509797679345703125 elapsed=102s

done in 102.4s | nodes=1,343,845,190 | tested=0 | weird=0
