search v2: odd=True, N_CAP=1.00e+24, DELTA_MAX=1.0e+07, MIN_DEPTH=6
SPF shard: smallest prime factor = 3
P2 sub-shard: second prime factor = 5
P3 sub-sub-shard: third prime factor = 13
progress: nodes=10,000,000 tested=0 found=0 n=552847745858284423828125 elapsed=1s
progress: nodes=20,000,000 tested=0 found=0 n=549676797700941650390625 elapsed=1s
progress: nodes=30,000,000 tested=0 found=0 n=389344042823578857421875 elapsed=2s
progress: nodes=40,000,000 tested=0 found=0 n=657384523309531494140625 elapsed=2s
progress: nodes=50,000,000 tested=0 found=0 n=308901068801079345703125 elapsed=3s
progress: nodes=60,000,000 tested=0 found=0 n=357286712030901123046875 elapsed=3s
progress: nodes=70,000,000 tested=0 found=0 n=63924469214121826171875 elapsed=4s
progress: nodes=80,000,000 tested=0 found=0 n=719974292467704345703125 elapsed=4s
progress: nodes=90,000,000 tested=0 found=0 n=102158985483169189453125 elapsed=5s
progress: nodes=100,000,000 tested=0 found=0 n=204433575483487060546875 elapsed=5s
progress: nodes=110,000,000 tested=0 found=0 n=50506612356271728515625 elapsed=5s
progress: nodes=120,000,000 tested=0 found=0 n=561919004513105712890625 elapsed=6s
progress: nodes=130,000,000 tested=0 found=0 n=83369466080338623046875 elapsed=6s
progress: nodes=140,000,000 tested=0 found=0 n=20064611979169189453125 elapsed=7s
progress: nodes=150,000,000 tested=0 found=0 n=625848849800417724609375 elapsed=8s
progress: nodes=160,000,000 tested=0 found=0 n=58345933142792724609375 elapsed=8s
progress: nodes=170,000,000 tested=0 found=0 n=116063994405394775390625 elapsed=9s
progress: nodes=180,000,000 tested=0 found=0 n=1328978422658935546875 elapsed=9s
progress: nodes=190,000,000 tested=0 found=0 n=902393350957588623046875 elapsed=10s
progress: nodes=200,000,000 tested=0 found=0 n=322347851177482177734375 elapsed=11s
progress: nodes=210,000,000 tested=0 found=0 n=940935046349647705078125 elapsed=12s
progress: nodes=220,000,000 tested=0 found=0 n=969453392725927001953125 elapsed=13s
progress: nodes=230,000,000 tested=0 found=0 n=868362709822121337890625 elapsed=13s
progress: nodes=240,000,000 tested=0 found=0 n=2004756439502197265625 elapsed=14s
progress: nodes=250,000,000 tested=0 found=0 n=933773496571166748046875 elapsed=15s
progress: nodes=260,000,000 tested=0 found=0 n=459162642646166748046875 elapsed=16s
progress: nodes=270,000,000 tested=0 found=0 n=216794397238995849609375 elapsed=16s
progress: nodes=280,000,000 tested=0 found=0 n=872783279604815185546875 elapsed=17s
progress: nodes=290,000,000 tested=0 found=0 n=927111984769575439453125 elapsed=18s
progress: nodes=300,000,000 tested=0 found=0 n=226877970319929931640625 elapsed=19s
progress: nodes=310,000,000 tested=0 found=0 n=331554670318799560546875 elapsed=20s
progress: nodes=320,000,000 tested=0 found=0 n=381961444186940185546875 elapsed=20s
progress: nodes=330,000,000 tested=0 found=0 n=651743496745595947265625 elapsed=21s
progress: nodes=340,000,000 tested=0 found=0 n=428636491201118408203125 elapsed=22s
progress: nodes=350,000,000 tested=0 found=0 n=615553764074751708984375 elapsed=23s
progress: nodes=360,000,000 tested=0 found=0 n=489485715531791748046875 elapsed=24s
progress: nodes=370,000,000 tested=0 found=0 n=180400153419309814453125 elapsed=25s
progress: nodes=380,000,000 tested=0 found=0 n=960396815246359130859375 elapsed=25s
progress: nodes=390,000,000 tested=0 found=0 n=143413718306196533203125 elapsed=26s
progress: nodes=400,000,000 tested=0 found=0 n=943093437969487060546875 elapsed=27s
progress: nodes=410,000,000 tested=0 found=0 n=958421638129893310546875 elapsed=28s
progress: nodes=420,000,000 tested=0 found=0 n=164236255209228515625 elapsed=29s
progress: nodes=430,000,000 tested=0 found=0 n=467592275920805419921875 elapsed=30s
progress: nodes=440,000,000 tested=0 found=0 n=298769763664839111328125 elapsed=31s
progress: nodes=450,000,000 tested=0 found=0 n=58743455452661865234375 elapsed=32s
progress: nodes=460,000,000 tested=0 found=0 n=834821786089658935546875 elapsed=32s
progress: nodes=470,000,000 tested=0 found=0 n=320274500254855224609375 elapsed=33s
progress: nodes=480,000,000 tested=0 found=0 n=363660106011963134765625 elapsed=34s
progress: nodes=490,000,000 tested=0 found=0 n=675394394063381103515625 elapsed=35s
progress: nodes=500,000,000 tested=0 found=0 n=70916928427588623046875 elapsed=36s
progress: nodes=510,000,000 tested=0 found=0 n=12558679008347900390625 elapsed=37s
progress: nodes=520,000,000 tested=0 found=0 n=754623220740730224609375 elapsed=37s
progress: nodes=530,000,000 tested=0 found=0 n=304155758600989013671875 elapsed=38s
progress: nodes=540,000,000 tested=0 found=0 n=508021921902126708984375 elapsed=39s
progress: nodes=550,000,000 tested=0 found=0 n=82947355967902587890625 elapsed=40s
progress: nodes=560,000,000 tested=0 found=0 n=559144314887789794921875 elapsed=41s
progress: nodes=570,000,000 tested=0 found=0 n=862786632276876708984375 elapsed=41s
progress: nodes=580,000,000 tested=0 found=0 n=209584091763925048828125 elapsed=42s
progress: nodes=590,000,000 tested=0 found=0 n=258330139308239501953125 elapsed=43s
progress: nodes=600,000,000 tested=0 found=0 n=19126422826046630859375 elapsed=44s
progress: nodes=610,000,000 tested=0 found=0 n=199701285794698974609375 elapsed=45s
progress: nodes=620,000,000 tested=0 found=0 n=879542236718351806640625 elapsed=46s
progress: nodes=630,000,000 tested=0 found=0 n=434676946677787353515625 elapsed=47s
progress: nodes=640,000,000 tested=0 found=0 n=921292095537318603515625 elapsed=47s
progress: nodes=650,000,000 tested=0 found=0 n=51219026377336669921875 elapsed=48s
progress: nodes=660,000,000 tested=0 found=0 n=114587688433159423828125 elapsed=49s
progress: nodes=670,000,000 tested=0 found=0 n=107508293395727783203125 elapsed=50s
progress: nodes=680,000,000 tested=0 found=0 n=157309648897866943359375 elapsed=51s
progress: nodes=690,000,000 tested=0 found=0 n=103763102132063232421875 elapsed=52s
progress: nodes=700,000,000 tested=0 found=0 n=38223209627760498046875 elapsed=53s
progress: nodes=710,000,000 tested=0 found=0 n=61777626135383056640625 elapsed=53s
progress: nodes=720,000,000 tested=0 found=0 n=667963525930793701171875 elapsed=54s
progress: nodes=730,000,000 tested=0 found=0 n=493073863631835205078125 elapsed=55s
progress: nodes=740,000,000 tested=0 found=0 n=95815762888532958984375 elapsed=56s
progress: nodes=750,000,000 tested=0 found=0 n=759609536462813232421875 elapsed=57s
progress: nodes=760,000,000 tested=0 found=0 n=576992927302622314453125 elapsed=57s
progress: nodes=770,000,000 tested=0 found=0 n=565132089349861083984375 elapsed=58s
progress: nodes=780,000,000 tested=0 found=0 n=84040628228149658203125 elapsed=59s
progress: nodes=790,000,000 tested=0 found=0 n=60919458360848876953125 elapsed=59s
progress: nodes=800,000,000 tested=0 found=0 n=204015338312934814453125 elapsed=60s
progress: nodes=810,000,000 tested=0 found=0 n=709433120430090087890625 elapsed=61s
progress: nodes=820,000,000 tested=0 found=0 n=617613157551447509765625 elapsed=61s
progress: nodes=830,000,000 tested=0 found=0 n=339746411528167236328125 elapsed=62s
progress: nodes=840,000,000 tested=0 found=0 n=158809615851799072265625 elapsed=63s

done in 63.5s | nodes=846,483,025 | tested=0 | weird=0
