search v2: odd=True, N_CAP=1.00e+24, DELTA_MAX=1.0e+07, MIN_DEPTH=6
SPF shard: smallest prime factor = 3
P2 sub-shard: second prime factor = 5
P3 sub-sub-shard: third prime factor = 13
progress: nodes=10,000,000 tested=0 found=0 n=882954026879293916015625 elapsed=0s
progress: nodes=20,000,000 tested=0 found=0 n=52021039992460576171875 elapsed=1s
progress: nodes=30,000,000 tested=0 found=0 n=15708002387479365234375 elapsed=1s
progress: nodes=40,000,000 tested=0 found=0 n=75773723602458603515625 elapsed=2s
progress: nodes=50,000,000 tested=0 found=0 n=101211545661231357421875 elapsed=2s
progress: nodes=60,000,000 tested=0 found=0 n=41535748094744794921875 elapsed=3s
progress: nodes=70,000,000 tested=0 found=0 n=7048674796616806640625 elapsed=3s
progress: nodes=80,000,000 tested=0 found=0 n=39407297545126494140625 elapsed=4s
progress: nodes=90,000,000 tested=0 found=0 n=6936740344840693359375 elapsed=4s
progress: nodes=100,000,000 tested=0 found=0 n=19935422614311064453125 elapsed=5s
progress: nodes=110,000,000 tested=0 found=0 n=19871968425019013671875 elapsed=5s
progress: nodes=120,000,000 tested=0 found=0 n=6277788263810654296875 elapsed=6s
progress: nodes=130,000,000 tested=0 found=0 n=7772340787771904296875 elapsed=6s
progress: nodes=140,000,000 tested=0 found=0 n=5993847955184501953125 elapsed=7s
progress: nodes=150,000,000 tested=0 found=0 n=7079131584225263671875 elapsed=7s
progress: nodes=160,000,000 tested=0 found=0 n=12803757620963994140625 elapsed=8s
progress: nodes=170,000,000 tested=0 found=0 n=831211755575982802734375 elapsed=8s
progress: nodes=180,000,000 tested=0 found=0 n=22378618142091123046875 elapsed=9s
progress: nodes=190,000,000 tested=0 found=0 n=3066250056378310546875 elapsed=9s
progress: nodes=200,000,000 tested=0 found=0 n=136861616785472490234375 elapsed=9s
progress: nodes=210,000,000 tested=0 found=0 n=854420298477441591796875 elapsed=10s
progress: nodes=220,000,000 tested=0 found=0 n=35876842969999306640625 elapsed=17s
progress: nodes=230,000,000 tested=0 found=0 n=893680342842533466796875 elapsed=18s
progress: nodes=240,000,000 tested=0 found=0 n=50561131634736328125 elapsed=18s
progress: nodes=250,000,000 tested=0 found=0 n=7261889020547255859375 elapsed=19s
progress: nodes=260,000,000 tested=0 found=0 n=249286559518394912109375 elapsed=19s
progress: nodes=270,000,000 tested=0 found=0 n=924491493057671982421875 elapsed=23s
progress: nodes=280,000,000 tested=0 found=0 n=929986502989396201171875 elapsed=23s
progress: nodes=290,000,000 tested=0 found=0 n=808155467815388291015625 elapsed=24s
progress: nodes=300,000,000 tested=0 found=0 n=717904981815135029296875 elapsed=25s
progress: nodes=310,000,000 tested=0 found=0 n=29205785958562001953125 elapsed=26s
progress: nodes=320,000,000 tested=0 found=0 n=896756447868857138671875 elapsed=27s
progress: nodes=330,000,000 tested=0 found=0 n=919453396346811650390625 elapsed=27s
progress: nodes=340,000,000 tested=0 found=0 n=984697846860182431640625 elapsed=28s
progress: nodes=350,000,000 tested=0 found=0 n=885323720306341494140625 elapsed=29s
progress: nodes=360,000,000 tested=0 found=0 n=810927190728696005859375 elapsed=30s
progress: nodes=370,000,000 tested=0 found=0 n=361111480278274248046875 elapsed=31s
progress: nodes=380,000,000 tested=0 found=0 n=862834562634657919921875 elapsed=32s
progress: nodes=390,000,000 tested=0 found=0 n=640666940714568193359375 elapsed=32s
progress: nodes=400,000,000 tested=0 found=0 n=672955474353047666015625 elapsed=33s
progress: nodes=410,000,000 tested=0 found=0 n=944744268044667568359375 elapsed=34s
progress: nodes=420,000,000 tested=0 found=0 n=76518415625677822265625 elapsed=35s
progress: nodes=430,000,000 tested=0 found=0 n=947818088137272041015625 elapsed=36s
progress: nodes=440,000,000 tested=0 found=0 n=649324946333746845703125 elapsed=37s
progress: nodes=450,000,000 tested=0 found=0 n=853752375350194658203125 elapsed=37s
progress: nodes=460,000,000 tested=0 found=0 n=703248375955928994140625 elapsed=38s
progress: nodes=470,000,000 tested=0 found=0 n=917226345904266708984375 elapsed=39s
progress: nodes=480,000,000 tested=0 found=0 n=625809141222686103515625 elapsed=40s
progress: nodes=490,000,000 tested=0 found=0 n=923694122729586533203125 elapsed=41s
progress: nodes=500,000,000 tested=0 found=0 n=710416586874114580078125 elapsed=42s
progress: nodes=510,000,000 tested=0 found=0 n=489735495931165224609375 elapsed=42s
progress: nodes=520,000,000 tested=0 found=0 n=523241455425128349609375 elapsed=43s
progress: nodes=530,000,000 tested=0 found=0 n=678493873385483466796875 elapsed=44s
progress: nodes=540,000,000 tested=0 found=0 n=767619623443972939453125 elapsed=45s
progress: nodes=550,000,000 tested=0 found=0 n=667147482384399580078125 elapsed=46s
progress: nodes=560,000,000 tested=0 found=0 n=970795505319927802734375 elapsed=47s
progress: nodes=570,000,000 tested=0 found=0 n=772623409507332626953125 elapsed=48s
progress: nodes=580,000,000 tested=0 found=0 n=941290171264687587890625 elapsed=48s
progress: nodes=590,000,000 tested=0 found=0 n=839269463156196591796875 elapsed=49s
progress: nodes=600,000,000 tested=0 found=0 n=793866624656175966796875 elapsed=50s
progress: nodes=610,000,000 tested=0 found=0 n=738415651712585361328125 elapsed=51s
progress: nodes=620,000,000 tested=0 found=0 n=842984923322625205078125 elapsed=52s
progress: nodes=630,000,000 tested=0 found=0 n=733058950306536826171875 elapsed=53s
progress: nodes=640,000,000 tested=0 found=0 n=900699904646400498046875 elapsed=53s
progress: nodes=650,000,000 tested=0 found=0 n=762021425304825029296875 elapsed=54s
progress: nodes=660,000,000 tested=0 found=0 n=751104552180687275390625 elapsed=55s
progress: nodes=670,000,000 tested=0 found=0 n=999352039160238486328125 elapsed=56s
progress: nodes=680,000,000 tested=0 found=0 n=534632699270613251953125 elapsed=57s
progress: nodes=690,000,000 tested=0 found=0 n=772023657517998310546875 elapsed=58s
progress: nodes=700,000,000 tested=0 found=0 n=948054346873308720703125 elapsed=59s
progress: nodes=710,000,000 tested=0 found=0 n=333486541893469833984375 elapsed=60s
progress: nodes=720,000,000 tested=0 found=0 n=679468120298631650390625 elapsed=61s
progress: nodes=730,000,000 tested=0 found=0 n=571913079129330732421875 elapsed=61s
progress: nodes=740,000,000 tested=0 found=0 n=497598269482538173828125 elapsed=62s
progress: nodes=750,000,000 tested=0 found=0 n=466099439943836689453125 elapsed=63s
progress: nodes=760,000,000 tested=0 found=0 n=639346761106565712890625 elapsed=64s
progress: nodes=770,000,000 tested=0 found=0 n=598783534027808466796875 elapsed=65s
progress: nodes=780,000,000 tested=0 found=0 n=869790253771464873046875 elapsed=66s
progress: nodes=790,000,000 tested=0 found=0 n=995397729387757998046875 elapsed=67s
progress: nodes=800,000,000 tested=0 found=0 n=478142614208558583984375 elapsed=68s
progress: nodes=810,000,000 tested=0 found=0 n=763364434133763896484375 elapsed=69s
progress: nodes=820,000,000 tested=0 found=0 n=884552353914298798828125 elapsed=70s
progress: nodes=830,000,000 tested=0 found=0 n=876465399813822685546875 elapsed=71s
progress: nodes=840,000,000 tested=0 found=0 n=676094008871157626953125 elapsed=71s
progress: nodes=850,000,000 tested=0 found=0 n=563154079917854267578125 elapsed=72s
progress: nodes=860,000,000 tested=0 found=0 n=460161624567593583984375 elapsed=73s
progress: nodes=870,000,000 tested=0 found=0 n=315796848842295615234375 elapsed=74s
progress: nodes=880,000,000 tested=0 found=0 n=599558123616140126953125 elapsed=75s
progress: nodes=890,000,000 tested=0 found=0 n=479553385186275029296875 elapsed=76s
progress: nodes=900,000,000 tested=0 found=0 n=845362613940075791015625 elapsed=77s
progress: nodes=910,000,000 tested=0 found=0 n=636425477377629697265625 elapsed=78s
progress: nodes=920,000,000 tested=0 found=0 n=450974437143486064453125 elapsed=79s
progress: nodes=930,000,000 tested=0 found=0 n=325647413108701962890625 elapsed=80s
progress: nodes=940,000,000 tested=0 found=0 n=422939170720747001953125 elapsed=81s
progress: nodes=950,000,000 tested=0 found=0 n=610235705350612529296875 elapsed=82s
progress: nodes=960,000,000 tested=0 found=0 n=834580143542709052734375 elapsed=82s
progress: nodes=970,000,000 tested=0 found=0 n=967185755156448369140625 elapsed=83s
progress: nodes=980,000,000 tested=0 found=0 n=615814476077269599609375 elapsed=84s
progress: nodes=990,000,000 tested=0 found=0 n=476010945420265810546875 elapsed=85s
progress: nodes=1,000,000,000 tested=0 found=0 n=467745412863437490234375 elapsed=86s
progress: nodes=1,010,000,000 tested=0 found=0 n=426159322371393837890625 elapsed=87s
progress: nodes=1,020,000,000 tested=0 found=0 n=921047964756245244140625 elapsed=88s
progress: nodes=1,030,000,000 tested=0 found=0 n=747162804650993173828125 elapsed=89s
progress: nodes=1,040,000,000 tested=0 found=0 n=695975832940898935546875 elapsed=90s
progress: nodes=1,050,000,000 tested=0 found=0 n=431411228669361357421875 elapsed=91s
progress: nodes=1,060,000,000 tested=0 found=0 n=801355033710207158203125 elapsed=92s
progress: nodes=1,070,000,000 tested=0 found=0 n=591556301706871845703125 elapsed=93s
progress: nodes=1,080,000,000 tested=0 found=0 n=459096756277878544921875 elapsed=94s
progress: nodes=1,090,000,000 tested=0 found=0 n=568433427452859287109375 elapsed=95s
progress: nodes=1,100,000,000 tested=0 found=0 n=825824064979026826171875 elapsed=96s
progress: nodes=1,110,000,000 tested=0 found=0 n=545912306409553154296875 elapsed=96s
progress: nodes=1,120,000,000 tested=0 found=0 n=564781355077820537109375 elapsed=97s
progress: nodes=1,130,000,000 tested=0 found=0 n=777774765932901826171875 elapsed=98s
progress: nodes=1,140,000,000 tested=0 found=0 n=721234600734725771484375 elapsed=99s
progress: nodes=1,150,000,000 tested=0 found=0 n=481243535463212666015625 elapsed=100s
progress: nodes=1,160,000,000 tested=0 found=0 n=561277781184737373046875 elapsed=101s
progress: nodes=1,170,000,000 tested=0 found=0 n=17045897273360947265625 elapsed=102s
progress: nodes=1,180,000,000 tested=0 found=0 n=480796819197890888671875 elapsed=103s
progress: nodes=1,190,000,000 tested=0 found=0 n=508168965488645830078125 elapsed=104s
progress: nodes=1,200,000,000 tested=0 found=0 n=548264663578996787109375 elapsed=105s
progress: nodes=1,210,000,000 tested=0 found=0 n=591549579352184501953125 elapsed=105s
progress: nodes=1,220,000,000 tested=0 found=0 n=966292929877214443359375 elapsed=106s
progress: nodes=1,230,000,000 tested=0 found=0 n=677660762654216630859375 elapsed=107s
progress: nodes=1,240,000,000 tested=0 found=0 n=891234131649661845703125 elapsed=108s
progress: nodes=1,250,000,000 tested=0 found=0 n=898881771698526357421875 elapsed=109s
progress: nodes=1,260,000,000 tested=0 found=0 n=910913009072701552734375 elapsed=110s
progress: nodes=1,270,000,000 tested=0 found=0 n=907527088565915009765625 elapsed=111s
progress: nodes=1,280,000,000 tested=0 found=0 n=892586359587431513671875 elapsed=112s
progress: nodes=1,290,000,000 tested=0 found=0 n=825315096303914150390625 elapsed=113s
progress: nodes=1,300,000,000 tested=0 found=0 n=588759500722373525390625 elapsed=114s
progress: nodes=1,310,000,000 tested=0 found=0 n=185241637715872587890625 elapsed=115s
progress: nodes=1,320,000,000 tested=0 found=0 n=771295521770994111328125 elapsed=116s
progress: nodes=1,330,000,000 tested=0 found=0 n=723718898937473994140625 elapsed=117s
progress: nodes=1,340,000,000 tested=0 found=0 n=979166751504623525390625 elapsed=117s
progress: nodes=1,350,000,000 tested=0 found=0 n=566022419650623076171875 elapsed=118s
progress: nodes=1,360,000,000 tested=0 found=0 n=556458401119328525390625 elapsed=119s
progress: nodes=1,370,000,000 tested=0 found=0 n=831447862399404580078125 elapsed=120s
progress: nodes=1,380,000,000 tested=0 found=0 n=427921589329687705078125 elapsed=121s
progress: nodes=1,390,000,000 tested=0 found=0 n=503163943911085869140625 elapsed=122s
progress: nodes=1,400,000,000 tested=0 found=0 n=810491737758369697265625 elapsed=123s
progress: nodes=1,410,000,000 tested=0 found=0 n=527372154373664970703125 elapsed=124s
progress: nodes=1,420,000,000 tested=0 found=0 n=420511241594843876953125 elapsed=125s
progress: nodes=1,430,000,000 tested=0 found=0 n=279525437897415556640625 elapsed=126s
progress: nodes=1,440,000,000 tested=0 found=0 n=524916910260556962890625 elapsed=127s
progress: nodes=1,450,000,000 tested=0 found=0 n=534464871054105849609375 elapsed=127s
progress: nodes=1,460,000,000 tested=0 found=0 n=688589119482010576171875 elapsed=128s
progress: nodes=1,470,000,000 tested=0 found=0 n=545781823673220087890625 elapsed=129s
progress: nodes=1,480,000,000 tested=0 found=0 n=521154118116476279296875 elapsed=130s
progress: nodes=1,490,000,000 tested=0 found=0 n=574983428176168857421875 elapsed=131s
progress: nodes=1,500,000,000 tested=0 found=0 n=610514521614024345703125 elapsed=132s
progress: nodes=1,510,000,000 tested=0 found=0 n=1850643533011025390625 elapsed=133s
progress: nodes=1,520,000,000 tested=0 found=0 n=468841947100859794921875 elapsed=134s
progress: nodes=1,530,000,000 tested=0 found=0 n=379160916326776669921875 elapsed=135s
progress: nodes=1,540,000,000 tested=0 found=0 n=672693196517569423828125 elapsed=136s
progress: nodes=1,550,000,000 tested=0 found=0 n=613165133341227568359375 elapsed=136s
progress: nodes=1,560,000,000 tested=0 found=0 n=699143272989071396484375 elapsed=137s
progress: nodes=1,570,000,000 tested=0 found=0 n=365387828147206083984375 elapsed=138s
progress: nodes=1,580,000,000 tested=0 found=0 n=619646448878788271484375 elapsed=139s
progress: nodes=1,590,000,000 tested=0 found=0 n=990607973125717705078125 elapsed=140s
progress: nodes=1,600,000,000 tested=0 found=0 n=248209383492579462890625 elapsed=141s
progress: nodes=1,610,000,000 tested=0 found=0 n=538552811064803818359375 elapsed=142s
progress: nodes=1,620,000,000 tested=0 found=0 n=529600126702333095703125 elapsed=143s
progress: nodes=1,630,000,000 tested=0 found=0 n=554358894030196962890625 elapsed=144s
progress: nodes=1,640,000,000 tested=0 found=0 n=237890210805046845703125 elapsed=145s
progress: nodes=1,650,000,000 tested=0 found=0 n=517758436354396376953125 elapsed=146s
progress: nodes=1,660,000,000 tested=0 found=0 n=370479565051113603515625 elapsed=147s
progress: nodes=1,670,000,000 tested=0 found=0 n=686670478253819033203125 elapsed=148s
progress: nodes=1,680,000,000 tested=0 found=0 n=384273494064673154296875 elapsed=149s
progress: nodes=1,690,000,000 tested=0 found=0 n=722265171133274208984375 elapsed=150s
progress: nodes=1,700,000,000 tested=0 found=0 n=415440889585907783203125 elapsed=151s
progress: nodes=1,710,000,000 tested=0 found=0 n=692656471257864521484375 elapsed=152s
progress: nodes=1,720,000,000 tested=0 found=0 n=420224880089945302734375 elapsed=153s
progress: nodes=1,730,000,000 tested=0 found=0 n=906301467419446845703125 elapsed=154s
progress: nodes=1,740,000,000 tested=0 found=0 n=492340905393275478515625 elapsed=154s
progress: nodes=1,750,000,000 tested=0 found=0 n=340546247673473232421875 elapsed=155s
progress: nodes=1,760,000,000 tested=0 found=0 n=574653346236451142578125 elapsed=156s
progress: nodes=1,770,000,000 tested=0 found=0 n=501154015697980048828125 elapsed=157s
progress: nodes=1,780,000,000 tested=0 found=0 n=588906901858557216796875 elapsed=158s
progress: nodes=1,790,000,000 tested=0 found=0 n=346798528658209951171875 elapsed=159s
progress: nodes=1,800,000,000 tested=0 found=0 n=200032040473210283203125 elapsed=160s
progress: nodes=1,810,000,000 tested=0 found=0 n=429329090072611142578125 elapsed=161s
progress: nodes=1,820,000,000 tested=0 found=0 n=512263329181474482421875 elapsed=162s
progress: nodes=1,830,000,000 tested=0 found=0 n=480486277243068662109375 elapsed=163s
progress: nodes=1,840,000,000 tested=0 found=0 n=402815453338074638671875 elapsed=164s
progress: nodes=1,850,000,000 tested=0 found=0 n=982913650711786142578125 elapsed=165s
progress: nodes=1,860,000,000 tested=0 found=0 n=271695091504508876953125 elapsed=166s
progress: nodes=1,870,000,000 tested=0 found=0 n=897733345197717158203125 elapsed=167s
progress: nodes=1,880,000,000 tested=0 found=0 n=769930465426233134765625 elapsed=167s
progress: nodes=1,890,000,000 tested=0 found=0 n=712184132406661611328125 elapsed=168s
progress: nodes=1,900,000,000 tested=0 found=0 n=606234665734124501953125 elapsed=169s
progress: nodes=1,910,000,000 tested=0 found=0 n=811926509191475361328125 elapsed=170s
progress: nodes=1,920,000,000 tested=0 found=0 n=536762220861158525390625 elapsed=171s
progress: nodes=1,930,000,000 tested=0 found=0 n=826303769609167001953125 elapsed=172s
progress: nodes=1,940,000,000 tested=0 found=0 n=974392049356602626953125 elapsed=173s
progress: nodes=1,950,000,000 tested=0 found=0 n=442016322992273935546875 elapsed=174s
progress: nodes=1,960,000,000 tested=0 found=0 n=615694237856073720703125 elapsed=175s
progress: nodes=1,970,000,000 tested=0 found=0 n=852278716117611123046875 elapsed=176s
progress: nodes=1,980,000,000 tested=0 found=0 n=761234676028223642578125 elapsed=177s
progress: nodes=1,990,000,000 tested=0 found=0 n=660990304330888974609375 elapsed=178s
progress: nodes=2,000,000,000 tested=0 found=0 n=683480675428144013671875 elapsed=179s
progress: nodes=2,010,000,000 tested=0 found=0 n=203153840642570009765625 elapsed=180s
progress: nodes=2,020,000,000 tested=0 found=0 n=161522831421841728515625 elapsed=181s
progress: nodes=2,030,000,000 tested=0 found=0 n=339952243195344990234375 elapsed=182s
progress: nodes=2,040,000,000 tested=0 found=0 n=248263107068082919921875 elapsed=183s
progress: nodes=2,050,000,000 tested=0 found=0 n=242596306272780966796875 elapsed=183s
progress: nodes=2,060,000,000 tested=0 found=0 n=530080260493640009765625 elapsed=184s
progress: nodes=2,070,000,000 tested=0 found=0 n=254708096260358583984375 elapsed=185s
progress: nodes=2,080,000,000 tested=0 found=0 n=737835563451647197265625 elapsed=186s
progress: nodes=2,090,000,000 tested=0 found=0 n=570875025212487861328125 elapsed=187s
progress: nodes=2,100,000,000 tested=0 found=0 n=417086601514179873046875 elapsed=188s
progress: nodes=2,110,000,000 tested=0 found=0 n=477969520474950029296875 elapsed=189s
progress: nodes=2,120,000,000 tested=0 found=0 n=381725490524365634765625 elapsed=190s
progress: nodes=2,130,000,000 tested=0 found=0 n=194913123644018583984375 elapsed=191s
progress: nodes=2,140,000,000 tested=0 found=0 n=508202386199853134765625 elapsed=192s
progress: nodes=2,150,000,000 tested=0 found=0 n=306952899488928544921875 elapsed=193s
progress: nodes=2,160,000,000 tested=0 found=0 n=505869039295161064453125 elapsed=194s
progress: nodes=2,170,000,000 tested=0 found=0 n=424965340934094111328125 elapsed=195s
progress: nodes=2,180,000,000 tested=0 found=0 n=666879418930831259765625 elapsed=196s
progress: nodes=2,190,000,000 tested=0 found=0 n=665203419795253447265625 elapsed=197s
progress: nodes=2,200,000,000 tested=0 found=0 n=722043103204819423828125 elapsed=198s
progress: nodes=2,210,000,000 tested=0 found=0 n=416748335167480341796875 elapsed=198s
progress: nodes=2,220,000,000 tested=0 found=0 n=518728813165381025390625 elapsed=199s
progress: nodes=2,230,000,000 tested=0 found=0 n=657826914696329091796875 elapsed=200s
progress: nodes=2,240,000,000 tested=0 found=0 n=970028126026849423828125 elapsed=201s
progress: nodes=2,250,000,000 tested=0 found=0 n=258671017423430244140625 elapsed=202s
progress: nodes=2,260,000,000 tested=0 found=0 n=684925363108860732421875 elapsed=203s
progress: nodes=2,270,000,000 tested=0 found=0 n=670676725064322158203125 elapsed=204s
progress: nodes=2,280,000,000 tested=0 found=0 n=782094299626886923828125 elapsed=205s
progress: nodes=2,290,000,000 tested=0 found=0 n=996932661068111396484375 elapsed=206s
progress: nodes=2,300,000,000 tested=0 found=0 n=387447143597144033203125 elapsed=207s
progress: nodes=2,310,000,000 tested=0 found=0 n=645123545250231708984375 elapsed=208s
progress: nodes=2,320,000,000 tested=0 found=0 n=522019911945571787109375 elapsed=209s
progress: nodes=2,330,000,000 tested=0 found=0 n=429045543085768857421875 elapsed=210s
progress: nodes=2,340,000,000 tested=0 found=0 n=448293484905068232421875 elapsed=211s
progress: nodes=2,350,000,000 tested=0 found=0 n=263464430305368779296875 elapsed=212s
progress: nodes=2,360,000,000 tested=0 found=0 n=712914984383132197265625 elapsed=213s
progress: nodes=2,370,000,000 tested=0 found=0 n=379509970642023076171875 elapsed=213s
progress: nodes=2,380,000,000 tested=0 found=0 n=454736715353620400390625 elapsed=214s
progress: nodes=2,390,000,000 tested=0 found=0 n=756161343904504306640625 elapsed=215s
progress: nodes=2,400,000,000 tested=0 found=0 n=905500385167889443359375 elapsed=216s
progress: nodes=2,410,000,000 tested=0 found=0 n=819517583779049619140625 elapsed=217s
progress: nodes=2,420,000,000 tested=0 found=0 n=387406883120899306640625 elapsed=218s
progress: nodes=2,430,000,000 tested=0 found=0 n=673867296879128701171875 elapsed=219s
progress: nodes=2,440,000,000 tested=0 found=0 n=625164056549560810546875 elapsed=220s
progress: nodes=2,450,000,000 tested=0 found=0 n=529136216659006962890625 elapsed=221s
progress: nodes=2,460,000,000 tested=0 found=0 n=108348319047400224609375 elapsed=222s
progress: nodes=2,470,000,000 tested=0 found=0 n=175131817619359833984375 elapsed=223s
progress: nodes=2,480,000,000 tested=0 found=0 n=256108097713707509765625 elapsed=224s
progress: nodes=2,490,000,000 tested=0 found=0 n=274919847455529580078125 elapsed=225s
progress: nodes=2,500,000,000 tested=0 found=0 n=893761716561801064453125 elapsed=226s
progress: nodes=2,510,000,000 tested=0 found=0 n=394326748136526943359375 elapsed=227s
progress: nodes=2,520,000,000 tested=0 found=0 n=956298607738835537109375 elapsed=227s
progress: nodes=2,530,000,000 tested=0 found=0 n=751317673542131337890625 elapsed=228s
progress: nodes=2,540,000,000 tested=0 found=0 n=842318385306450380859375 elapsed=229s
progress: nodes=2,550,000,000 tested=0 found=0 n=788619330143897255859375 elapsed=230s
progress: nodes=2,560,000,000 tested=0 found=0 n=773435027919049716796875 elapsed=231s
progress: nodes=2,570,000,000 tested=0 found=0 n=894857213727096064453125 elapsed=232s
progress: nodes=2,580,000,000 tested=0 found=0 n=854121676110696474609375 elapsed=233s
progress: nodes=2,590,000,000 tested=0 found=0 n=881608506235795634765625 elapsed=234s
progress: nodes=2,600,000,000 tested=0 found=0 n=605801978225977939453125 elapsed=235s
progress: nodes=2,610,000,000 tested=0 found=0 n=470584966244690654296875 elapsed=236s
progress: nodes=2,620,000,000 tested=0 found=0 n=652444755855307822265625 elapsed=237s
progress: nodes=2,630,000,000 tested=0 found=0 n=456959335955851142578125 elapsed=238s
progress: nodes=2,640,000,000 tested=0 found=0 n=185372029447270224609375 elapsed=239s
progress: nodes=2,650,000,000 tested=0 found=0 n=427433500255855869140625 elapsed=240s
progress: nodes=2,660,000,000 tested=0 found=0 n=701157600799796689453125 elapsed=241s
progress: nodes=2,670,000,000 tested=0 found=0 n=366191307740280673828125 elapsed=241s
progress: nodes=2,680,000,000 tested=0 found=0 n=730991824807008603515625 elapsed=242s
progress: nodes=2,690,000,000 tested=0 found=0 n=623148987245823720703125 elapsed=243s
progress: nodes=2,700,000,000 tested=0 found=0 n=393278470894142666015625 elapsed=244s
progress: nodes=2,710,000,000 tested=0 found=0 n=301353438917822255859375 elapsed=245s
progress: nodes=2,720,000,000 tested=0 found=0 n=366609716474137119140625 elapsed=246s
progress: nodes=2,730,000,000 tested=0 found=0 n=528135455133362197265625 elapsed=247s
progress: nodes=2,740,000,000 tested=0 found=0 n=302112992551599404296875 elapsed=248s
progress: nodes=2,750,000,000 tested=0 found=0 n=588125501535925107421875 elapsed=249s
progress: nodes=2,760,000,000 tested=0 found=0 n=605196647442163740234375 elapsed=249s
progress: nodes=2,770,000,000 tested=0 found=0 n=386976055744382431640625 elapsed=250s
progress: nodes=2,780,000,000 tested=0 found=0 n=404882695286768232421875 elapsed=251s
progress: nodes=2,790,000,000 tested=0 found=0 n=293064751985928837890625 elapsed=252s
progress: nodes=2,800,000,000 tested=0 found=0 n=409748808071889228515625 elapsed=253s
progress: nodes=2,810,000,000 tested=0 found=0 n=397327993451642373046875 elapsed=254s
progress: nodes=2,820,000,000 tested=0 found=0 n=718794254125305439453125 elapsed=255s
progress: nodes=2,830,000,000 tested=0 found=0 n=366893700133868349609375 elapsed=256s
progress: nodes=2,840,000,000 tested=0 found=0 n=406921908854317060546875 elapsed=257s
progress: nodes=2,850,000,000 tested=0 found=0 n=278323851015362724609375 elapsed=258s
progress: nodes=2,860,000,000 tested=0 found=0 n=462619999260670341796875 elapsed=259s
progress: nodes=2,870,000,000 tested=0 found=0 n=843599794961106650390625 elapsed=260s
progress: nodes=2,880,000,000 tested=0 found=0 n=572866879528251826171875 elapsed=261s
progress: nodes=2,890,000,000 tested=0 found=0 n=690244977499343525390625 elapsed=262s
progress: nodes=2,900,000,000 tested=0 found=0 n=761536928962125087890625 elapsed=263s
progress: nodes=2,910,000,000 tested=0 found=0 n=413291696633031708984375 elapsed=263s
progress: nodes=2,920,000,000 tested=0 found=0 n=903912578891520732421875 elapsed=264s
progress: nodes=2,930,000,000 tested=0 found=0 n=706581396825249638671875 elapsed=265s
progress: nodes=2,940,000,000 tested=0 found=0 n=772384516366037783203125 elapsed=266s
progress: nodes=2,950,000,000 tested=0 found=0 n=317758894274091181640625 elapsed=267s
progress: nodes=2,960,000,000 tested=0 found=0 n=496010290821321884765625 elapsed=268s
progress: nodes=2,970,000,000 tested=0 found=0 n=850949678823866806640625 elapsed=269s
progress: nodes=2,980,000,000 tested=0 found=0 n=422015147874629384765625 elapsed=269s
progress: nodes=2,990,000,000 tested=0 found=0 n=376778839358974482421875 elapsed=270s
progress: nodes=3,000,000,000 tested=0 found=0 n=70122001919608564453125 elapsed=271s
progress: nodes=3,010,000,000 tested=0 found=0 n=334686115276794404296875 elapsed=272s
progress: nodes=3,020,000,000 tested=0 found=0 n=177981497949616435546875 elapsed=273s
progress: nodes=3,030,000,000 tested=0 found=0 n=357666941156805439453125 elapsed=273s
progress: nodes=3,040,000,000 tested=0 found=0 n=112585681878508388671875 elapsed=274s
progress: nodes=3,050,000,000 tested=0 found=0 n=119436434659410908203125 elapsed=275s
progress: nodes=3,060,000,000 tested=0 found=0 n=94445229006603896484375 elapsed=276s
progress: nodes=3,070,000,000 tested=0 found=0 n=295587215882456748046875 elapsed=276s
progress: nodes=3,080,000,000 tested=0 found=0 n=334352460457750693359375 elapsed=277s
progress: nodes=3,090,000,000 tested=0 found=0 n=121442121195548994140625 elapsed=278s
progress: nodes=3,100,000,000 tested=0 found=0 n=224071139720560869140625 elapsed=279s
progress: nodes=3,110,000,000 tested=0 found=0 n=339570247629550869140625 elapsed=280s
progress: nodes=3,120,000,000 tested=0 found=0 n=556064146712426396484375 elapsed=281s
progress: nodes=3,130,000,000 tested=0 found=0 n=851187422910508505859375 elapsed=282s
progress: nodes=3,140,000,000 tested=0 found=0 n=817603517475472939453125 elapsed=283s
progress: nodes=3,150,000,000 tested=0 found=0 n=644212919422261845703125 elapsed=284s
progress: nodes=3,160,000,000 tested=0 found=0 n=286392720156245244140625 elapsed=285s
progress: nodes=3,170,000,000 tested=0 found=0 n=717043846179728056640625 elapsed=285s
progress: nodes=3,180,000,000 tested=0 found=0 n=628811093675817685546875 elapsed=286s
progress: nodes=3,190,000,000 tested=0 found=0 n=208311984722139873046875 elapsed=287s
progress: nodes=3,200,000,000 tested=0 found=0 n=324076039707937587890625 elapsed=288s
progress: nodes=3,210,000,000 tested=0 found=0 n=565550736527734013671875 elapsed=289s
progress: nodes=3,220,000,000 tested=0 found=0 n=360348330662762431640625 elapsed=290s
progress: nodes=3,230,000,000 tested=0 found=0 n=549997879626832939453125 elapsed=291s
progress: nodes=3,240,000,000 tested=0 found=0 n=977974355769404677734375 elapsed=291s
progress: nodes=3,250,000,000 tested=0 found=0 n=613336634098362509765625 elapsed=292s
progress: nodes=3,260,000,000 tested=0 found=0 n=711479362971360673828125 elapsed=293s
progress: nodes=3,270,000,000 tested=0 found=0 n=372478291946397685546875 elapsed=294s
progress: nodes=3,280,000,000 tested=0 found=0 n=229861120784822490234375 elapsed=294s
progress: nodes=3,290,000,000 tested=0 found=0 n=821074177920608701171875 elapsed=295s
progress: nodes=3,300,000,000 tested=0 found=0 n=892302447017848623046875 elapsed=296s
progress: nodes=3,310,000,000 tested=0 found=0 n=311290961937522099609375 elapsed=297s
progress: nodes=3,320,000,000 tested=0 found=0 n=60028343493874716796875 elapsed=297s
progress: nodes=3,330,000,000 tested=0 found=0 n=557595164190948837890625 elapsed=298s
progress: nodes=3,340,000,000 tested=0 found=0 n=232611379817889287109375 elapsed=299s
progress: nodes=3,350,000,000 tested=0 found=0 n=257305135212976728515625 elapsed=299s
progress: nodes=3,360,000,000 tested=0 found=0 n=313746527355104619140625 elapsed=300s
progress: nodes=3,370,000,000 tested=0 found=0 n=176338874695203720703125 elapsed=301s
progress: nodes=3,380,000,000 tested=0 found=0 n=139130412202561025390625 elapsed=302s
progress: nodes=3,390,000,000 tested=0 found=0 n=273167098270115537109375 elapsed=303s
progress: nodes=3,400,000,000 tested=0 found=0 n=564169504973541416015625 elapsed=304s
progress: nodes=3,410,000,000 tested=0 found=0 n=639751373958214248046875 elapsed=304s
progress: nodes=3,420,000,000 tested=0 found=0 n=311744762584977744140625 elapsed=305s
progress: nodes=3,430,000,000 tested=0 found=0 n=881892538485341220703125 elapsed=306s
progress: nodes=3,440,000,000 tested=0 found=0 n=317688476097495673828125 elapsed=307s
progress: nodes=3,450,000,000 tested=0 found=0 n=194170975008679423828125 elapsed=308s
progress: nodes=3,460,000,000 tested=0 found=0 n=405977162595207099609375 elapsed=309s
progress: nodes=3,470,000,000 tested=0 found=0 n=783966130549462529296875 elapsed=310s
progress: nodes=3,480,000,000 tested=0 found=0 n=526508465226948369140625 elapsed=311s
progress: nodes=3,490,000,000 tested=0 found=0 n=804362577298087412109375 elapsed=311s
progress: nodes=3,500,000,000 tested=0 found=0 n=434941918226449892578125 elapsed=312s
progress: nodes=3,510,000,000 tested=0 found=0 n=475555258801746474609375 elapsed=313s
progress: nodes=3,520,000,000 tested=0 found=0 n=695444405262236982421875 elapsed=314s
progress: nodes=3,530,000,000 tested=0 found=0 n=521466801629380927734375 elapsed=315s
progress: nodes=3,540,000,000 tested=0 found=0 n=175942135780890908203125 elapsed=315s
progress: nodes=3,550,000,000 tested=0 found=0 n=170478747833733193359375 elapsed=316s
progress: nodes=3,560,000,000 tested=0 found=0 n=158765113271692001953125 elapsed=317s
progress: nodes=3,570,000,000 tested=0 found=0 n=651303292252378974609375 elapsed=317s
progress: nodes=3,580,000,000 tested=0 found=0 n=704798484997048330078125 elapsed=318s
progress: nodes=3,590,000,000 tested=0 found=0 n=214642174634217509765625 elapsed=319s
progress: nodes=3,600,000,000 tested=0 found=0 n=270534974679553974609375 elapsed=319s
progress: nodes=3,610,000,000 tested=0 found=0 n=299225617116807392578125 elapsed=320s
progress: nodes=3,620,000,000 tested=0 found=0 n=305222237766571201171875 elapsed=321s
progress: nodes=3,630,000,000 tested=0 found=0 n=287317240288865947265625 elapsed=321s
progress: nodes=3,640,000,000 tested=0 found=0 n=426447742276030693359375 elapsed=322s
progress: nodes=3,650,000,000 tested=0 found=0 n=240272849636853134765625 elapsed=323s
progress: nodes=3,660,000,000 tested=0 found=0 n=184748323703569716796875 elapsed=324s
progress: nodes=3,670,000,000 tested=0 found=0 n=999313658939440634765625 elapsed=325s
progress: nodes=3,680,000,000 tested=0 found=0 n=864997379182406513671875 elapsed=326s
progress: nodes=3,690,000,000 tested=0 found=0 n=357188587858943876953125 elapsed=326s
progress: nodes=3,700,000,000 tested=0 found=0 n=747847770561803056640625 elapsed=327s
progress: nodes=3,710,000,000 tested=0 found=0 n=614629151176736337890625 elapsed=328s
progress: nodes=3,720,000,000 tested=0 found=0 n=996968615711341025390625 elapsed=329s
progress: nodes=3,730,000,000 tested=0 found=0 n=493974705148112373046875 elapsed=330s
progress: nodes=3,740,000,000 tested=0 found=0 n=834441197799211259765625 elapsed=331s
progress: nodes=3,750,000,000 tested=0 found=0 n=505659284538418740234375 elapsed=332s
progress: nodes=3,760,000,000 tested=0 found=0 n=525639470728771318359375 elapsed=333s
progress: nodes=3,770,000,000 tested=0 found=0 n=467906843758092451171875 elapsed=333s
progress: nodes=3,780,000,000 tested=0 found=0 n=304319684318051162109375 elapsed=334s
progress: nodes=3,790,000,000 tested=0 found=0 n=314060625054166376953125 elapsed=335s
progress: nodes=3,800,000,000 tested=0 found=0 n=165093229707162275390625 elapsed=336s
progress: nodes=3,810,000,000 tested=0 found=0 n=633391254446316767578125 elapsed=336s
progress: nodes=3,820,000,000 tested=0 found=0 n=300888796920773115234375 elapsed=337s
progress: nodes=3,830,000,000 tested=0 found=0 n=294486062053016513671875 elapsed=338s
progress: nodes=3,840,000,000 tested=0 found=0 n=285093054089237900390625 elapsed=338s
progress: nodes=3,850,000,000 tested=0 found=0 n=604908283725798837890625 elapsed=339s
progress: nodes=3,860,000,000 tested=0 found=0 n=325735382098445185546875 elapsed=340s
progress: nodes=3,870,000,000 tested=0 found=0 n=750694506780285615234375 elapsed=340s
progress: nodes=3,880,000,000 tested=0 found=0 n=322290421303901044921875 elapsed=341s
progress: nodes=3,890,000,000 tested=0 found=0 n=472570695175715068359375 elapsed=342s
progress: nodes=3,900,000,000 tested=0 found=0 n=112596515971787021484375 elapsed=342s
progress: nodes=3,910,000,000 tested=0 found=0 n=279868768516250595703125 elapsed=343s
progress: nodes=3,920,000,000 tested=0 found=0 n=198923532188545810546875 elapsed=344s
progress: nodes=3,930,000,000 tested=0 found=0 n=154083946972008955078125 elapsed=345s
progress: nodes=3,940,000,000 tested=0 found=0 n=746325002644246669921875 elapsed=346s
progress: nodes=3,950,000,000 tested=0 found=0 n=754120464437112626953125 elapsed=346s
progress: nodes=3,960,000,000 tested=0 found=0 n=378639106452224033203125 elapsed=347s
progress: nodes=3,970,000,000 tested=0 found=0 n=756435995716179111328125 elapsed=348s
progress: nodes=3,980,000,000 tested=0 found=0 n=228278260278594931640625 elapsed=349s
progress: nodes=3,990,000,000 tested=0 found=0 n=491384178628084599609375 elapsed=350s
progress: nodes=4,000,000,000 tested=0 found=0 n=821812661850408134765625 elapsed=351s
progress: nodes=4,010,000,000 tested=0 found=0 n=689308270001026787109375 elapsed=352s
progress: nodes=4,020,000,000 tested=0 found=0 n=539193781361833330078125 elapsed=353s
progress: nodes=4,030,000,000 tested=0 found=0 n=179773390559225302734375 elapsed=353s
progress: nodes=4,040,000,000 tested=0 found=0 n=488367001875903134765625 elapsed=354s
progress: nodes=4,050,000,000 tested=0 found=0 n=340583269706208369140625 elapsed=355s
progress: nodes=4,060,000,000 tested=0 found=0 n=231747387667358291015625 elapsed=356s
progress: nodes=4,070,000,000 tested=0 found=0 n=535116844076811064453125 elapsed=356s
progress: nodes=4,080,000,000 tested=0 found=0 n=256217474540262041015625 elapsed=357s
progress: nodes=4,090,000,000 tested=0 found=0 n=339064495634988017578125 elapsed=358s
progress: nodes=4,100,000,000 tested=0 found=0 n=922953333778413310546875 elapsed=358s
progress: nodes=4,110,000,000 tested=0 found=0 n=901629442382628603515625 elapsed=359s
progress: nodes=4,120,000,000 tested=0 found=0 n=199244751677833798828125 elapsed=360s
progress: nodes=4,130,000,000 tested=0 found=0 n=478380851442391904296875 elapsed=360s
progress: nodes=4,140,000,000 tested=0 found=0 n=173882597900560224609375 elapsed=361s
progress: nodes=4,150,000,000 tested=0 found=0 n=287168899426072294921875 elapsed=361s
progress: nodes=4,160,000,000 tested=0 found=0 n=703439435327812294921875 elapsed=362s
progress: nodes=4,170,000,000 tested=0 found=0 n=122926265806901044921875 elapsed=363s
progress: nodes=4,180,000,000 tested=0 found=0 n=265011249533888583984375 elapsed=363s
progress: nodes=4,190,000,000 tested=0 found=0 n=159951115446791220703125 elapsed=364s
progress: nodes=4,200,000,000 tested=0 found=0 n=227740465873708505859375 elapsed=365s
progress: nodes=4,210,000,000 tested=0 found=0 n=798462399865138505859375 elapsed=366s
progress: nodes=4,220,000,000 tested=0 found=0 n=734494583329422626953125 elapsed=367s
progress: nodes=4,230,000,000 tested=0 found=0 n=649174827119012314453125 elapsed=368s
progress: nodes=4,240,000,000 tested=0 found=0 n=856896566504198466796875 elapsed=369s
progress: nodes=4,250,000,000 tested=0 found=0 n=459421151883990029296875 elapsed=370s
progress: nodes=4,260,000,000 tested=0 found=0 n=571692745286054208984375 elapsed=371s
progress: nodes=4,270,000,000 tested=0 found=0 n=712090004102469052734375 elapsed=371s
progress: nodes=4,280,000,000 tested=0 found=0 n=320750341009724970703125 elapsed=372s
progress: nodes=4,290,000,000 tested=0 found=0 n=263307613068905361328125 elapsed=373s
progress: nodes=4,300,000,000 tested=0 found=0 n=429473626426619912109375 elapsed=374s
progress: nodes=4,310,000,000 tested=0 found=0 n=320751126956975888671875 elapsed=374s
progress: nodes=4,320,000,000 tested=0 found=0 n=119897571785941142578125 elapsed=375s
progress: nodes=4,330,000,000 tested=0 found=0 n=351429544353085224609375 elapsed=376s
progress: nodes=4,340,000,000 tested=0 found=0 n=348918643754584541015625 elapsed=376s
progress: nodes=4,350,000,000 tested=0 found=0 n=314625521896445830078125 elapsed=377s
progress: nodes=4,360,000,000 tested=0 found=0 n=337120908302309853515625 elapsed=377s
progress: nodes=4,370,000,000 tested=0 found=0 n=826787474515750693359375 elapsed=378s
progress: nodes=4,380,000,000 tested=0 found=0 n=56335874747559697265625 elapsed=379s
progress: nodes=4,390,000,000 tested=0 found=0 n=129343180242712236328125 elapsed=379s
progress: nodes=4,400,000,000 tested=0 found=0 n=164147343295307607421875 elapsed=380s
progress: nodes=4,410,000,000 tested=0 found=0 n=42698469258633779296875 elapsed=380s
progress: nodes=4,420,000,000 tested=0 found=0 n=126388083466546611328125 elapsed=381s
progress: nodes=4,430,000,000 tested=0 found=0 n=248322710230896005859375 elapsed=382s
progress: nodes=4,440,000,000 tested=0 found=0 n=199303002792060908203125 elapsed=382s
progress: nodes=4,450,000,000 tested=0 found=0 n=947863495410091787109375 elapsed=383s
progress: nodes=4,460,000,000 tested=0 found=0 n=747033534900741181640625 elapsed=384s
progress: nodes=4,470,000,000 tested=0 found=0 n=870477522833531513671875 elapsed=385s
progress: nodes=4,480,000,000 tested=0 found=0 n=769026358122883681640625 elapsed=386s
progress: nodes=4,490,000,000 tested=0 found=0 n=340601432055090908203125 elapsed=387s
progress: nodes=4,500,000,000 tested=0 found=0 n=835845298616557353515625 elapsed=388s
progress: nodes=4,510,000,000 tested=0 found=0 n=270405280024490126953125 elapsed=389s
progress: nodes=4,520,000,000 tested=0 found=0 n=910690303067866318359375 elapsed=390s
progress: nodes=4,530,000,000 tested=0 found=0 n=261849126013722685546875 elapsed=390s
progress: nodes=4,540,000,000 tested=0 found=0 n=316515141334024013671875 elapsed=391s
progress: nodes=4,550,000,000 tested=0 found=0 n=147231023710013876953125 elapsed=392s
progress: nodes=4,560,000,000 tested=0 found=0 n=465452175095348466796875 elapsed=392s
progress: nodes=4,570,000,000 tested=0 found=0 n=205658192219698740234375 elapsed=393s
progress: nodes=4,580,000,000 tested=0 found=0 n=154534732184044951171875 elapsed=394s
progress: nodes=4,590,000,000 tested=0 found=0 n=297290109126178212890625 elapsed=394s
progress: nodes=4,600,000,000 tested=0 found=0 n=132294148594000224609375 elapsed=395s
progress: nodes=4,610,000,000 tested=0 found=0 n=91209012630438955078125 elapsed=395s
progress: nodes=4,620,000,000 tested=0 found=0 n=175589186448404091796875 elapsed=396s
progress: nodes=4,630,000,000 tested=0 found=0 n=253983275864247744140625 elapsed=397s
progress: nodes=4,640,000,000 tested=0 found=0 n=132104423718029267578125 elapsed=397s
progress: nodes=4,650,000,000 tested=0 found=0 n=91536109053339462890625 elapsed=398s
progress: nodes=4,660,000,000 tested=0 found=0 n=44098723351410380859375 elapsed=398s
progress: nodes=4,670,000,000 tested=0 found=0 n=102715377214933564453125 elapsed=399s
progress: nodes=4,680,000,000 tested=0 found=0 n=33737256440595703125 elapsed=400s
progress: nodes=4,690,000,000 tested=0 found=0 n=656858012180998798828125 elapsed=401s
progress: nodes=4,700,000,000 tested=0 found=0 n=750879514097094814453125 elapsed=402s
progress: nodes=4,710,000,000 tested=0 found=0 n=434663071762223408203125 elapsed=403s
progress: nodes=4,720,000,000 tested=0 found=0 n=807756850579871689453125 elapsed=404s
progress: nodes=4,730,000,000 tested=0 found=0 n=691968029571172529296875 elapsed=405s
progress: nodes=4,740,000,000 tested=0 found=0 n=662486711609283310546875 elapsed=405s
progress: nodes=4,750,000,000 tested=0 found=0 n=453725642653482392578125 elapsed=406s
progress: nodes=4,760,000,000 tested=0 found=0 n=782668292331360322265625 elapsed=407s
progress: nodes=4,770,000,000 tested=0 found=0 n=167331085060167158203125 elapsed=408s
progress: nodes=4,780,000,000 tested=0 found=0 n=285507529542253916015625 elapsed=408s
progress: nodes=4,790,000,000 tested=0 found=0 n=138699728388711826171875 elapsed=409s
progress: nodes=4,800,000,000 tested=0 found=0 n=334726847975907333984375 elapsed=410s
progress: nodes=4,810,000,000 tested=0 found=0 n=453696655284376435546875 elapsed=410s
progress: nodes=4,820,000,000 tested=0 found=0 n=240371388136739970703125 elapsed=411s
progress: nodes=4,830,000,000 tested=0 found=0 n=95252803054474482421875 elapsed=411s
progress: nodes=4,840,000,000 tested=0 found=0 n=111319097431624189453125 elapsed=412s
progress: nodes=4,850,000,000 tested=0 found=0 n=242451643015298056640625 elapsed=412s
progress: nodes=4,860,000,000 tested=0 found=0 n=173358417279739833984375 elapsed=413s
progress: nodes=4,870,000,000 tested=0 found=0 n=79341247908670693359375 elapsed=414s
progress: nodes=4,880,000,000 tested=0 found=0 n=543062999808623759765625 elapsed=414s
progress: nodes=4,890,000,000 tested=0 found=0 n=179113229725640361328125 elapsed=415s
progress: nodes=4,900,000,000 tested=0 found=0 n=57647304080680869140625 elapsed=415s
progress: nodes=4,910,000,000 tested=0 found=0 n=841062248110500380859375 elapsed=416s
progress: nodes=4,920,000,000 tested=0 found=0 n=678985425589949384765625 elapsed=417s
progress: nodes=4,930,000,000 tested=0 found=0 n=280364233197471591796875 elapsed=418s
progress: nodes=4,940,000,000 tested=0 found=0 n=783973774605915791015625 elapsed=419s
progress: nodes=4,950,000,000 tested=0 found=0 n=762342545621757216796875 elapsed=420s
progress: nodes=4,960,000,000 tested=0 found=0 n=656214814902166787109375 elapsed=421s
progress: nodes=4,970,000,000 tested=0 found=0 n=281846842779090849609375 elapsed=421s
progress: nodes=4,980,000,000 tested=0 found=0 n=723599205910311884765625 elapsed=422s
progress: nodes=4,990,000,000 tested=0 found=0 n=249338941049545927734375 elapsed=423s
progress: nodes=5,000,000,000 tested=0 found=0 n=830860224472206474609375 elapsed=423s
progress: nodes=5,010,000,000 tested=0 found=0 n=453186662292545009765625 elapsed=424s
progress: nodes=5,020,000,000 tested=0 found=0 n=88755941202813193359375 elapsed=425s
progress: nodes=5,030,000,000 tested=0 found=0 n=931056666325355654296875 elapsed=425s
progress: nodes=5,040,000,000 tested=0 found=0 n=470279684440275556640625 elapsed=426s
progress: nodes=5,050,000,000 tested=0 found=0 n=231239741293314228515625 elapsed=426s
progress: nodes=5,060,000,000 tested=0 found=0 n=104323533974267080078125 elapsed=427s
progress: nodes=5,070,000,000 tested=0 found=0 n=467691645535537236328125 elapsed=427s
progress: nodes=5,080,000,000 tested=0 found=0 n=301215100463754521484375 elapsed=428s
progress: nodes=5,090,000,000 tested=0 found=0 n=35858760545235849609375 elapsed=429s
progress: nodes=5,100,000,000 tested=0 found=0 n=264058819971418037109375 elapsed=429s
progress: nodes=5,110,000,000 tested=0 found=0 n=125817124730327138671875 elapsed=430s
progress: nodes=5,120,000,000 tested=0 found=0 n=112468934924092880859375 elapsed=430s
progress: nodes=5,130,000,000 tested=0 found=0 n=987532806707356025390625 elapsed=431s
progress: nodes=5,140,000,000 tested=0 found=0 n=895172957302437861328125 elapsed=432s
progress: nodes=5,150,000,000 tested=0 found=0 n=501723118591755556640625 elapsed=433s
progress: nodes=5,160,000,000 tested=0 found=0 n=834564591287871767578125 elapsed=434s
progress: nodes=5,170,000,000 tested=0 found=0 n=445697453045845634765625 elapsed=435s
progress: nodes=5,180,000,000 tested=0 found=0 n=466672699023676259765625 elapsed=436s
progress: nodes=5,190,000,000 tested=0 found=0 n=572454801159124482421875 elapsed=436s
progress: nodes=5,200,000,000 tested=0 found=0 n=353221652527143486328125 elapsed=437s
progress: nodes=5,210,000,000 tested=0 found=0 n=526388378125162236328125 elapsed=438s
progress: nodes=5,220,000,000 tested=0 found=0 n=544458221089826748046875 elapsed=438s
progress: nodes=5,230,000,000 tested=0 found=0 n=915848698112443037109375 elapsed=439s
progress: nodes=5,240,000,000 tested=0 found=0 n=253289386058696279296875 elapsed=439s
progress: nodes=5,250,000,000 tested=0 found=0 n=198767578125256435546875 elapsed=440s
progress: nodes=5,260,000,000 tested=0 found=0 n=742915827497483173828125 elapsed=440s
progress: nodes=5,270,000,000 tested=0 found=0 n=150118426472006865234375 elapsed=441s
progress: nodes=5,280,000,000 tested=0 found=0 n=154911688941601845703125 elapsed=442s
progress: nodes=5,290,000,000 tested=0 found=0 n=127233484528221474609375 elapsed=442s
progress: nodes=5,300,000,000 tested=0 found=0 n=82864906594788779296875 elapsed=443s
progress: nodes=5,310,000,000 tested=0 found=0 n=263303161002654169921875 elapsed=443s
progress: nodes=5,320,000,000 tested=0 found=0 n=54099558556188310546875 elapsed=444s
progress: nodes=5,330,000,000 tested=0 found=0 n=142315937635516962890625 elapsed=444s
progress: nodes=5,340,000,000 tested=0 found=0 n=784699505769607822265625 elapsed=445s
progress: nodes=5,350,000,000 tested=0 found=0 n=957302205180840263671875 elapsed=446s
progress: nodes=5,360,000,000 tested=0 found=0 n=847487239890820927734375 elapsed=447s
progress: nodes=5,370,000,000 tested=0 found=0 n=404656757710358994140625 elapsed=448s
progress: nodes=5,380,000,000 tested=0 found=0 n=408348745592926201171875 elapsed=449s
progress: nodes=5,390,000,000 tested=0 found=0 n=364139756352428291015625 elapsed=449s
progress: nodes=5,400,000,000 tested=0 found=0 n=139553949189669345703125 elapsed=450s
progress: nodes=5,410,000,000 tested=0 found=0 n=397088871267409013671875 elapsed=451s
progress: nodes=5,420,000,000 tested=0 found=0 n=205248957062589755859375 elapsed=451s
progress: nodes=5,430,000,000 tested=0 found=0 n=486211892653399833984375 elapsed=452s
progress: nodes=5,440,000,000 tested=0 found=0 n=133986977439399931640625 elapsed=452s
progress: nodes=5,450,000,000 tested=0 found=0 n=243349250420795009765625 elapsed=453s
progress: nodes=5,460,000,000 tested=0 found=0 n=270199530041488505859375 elapsed=453s
progress: nodes=5,470,000,000 tested=0 found=0 n=166694983257955166015625 elapsed=454s
progress: nodes=5,480,000,000 tested=0 found=0 n=514807558578123662109375 elapsed=454s
progress: nodes=5,490,000,000 tested=0 found=0 n=255578517725877861328125 elapsed=455s
progress: nodes=5,500,000,000 tested=0 found=0 n=119942501035240634765625 elapsed=456s
progress: nodes=5,510,000,000 tested=0 found=0 n=137163475512398232421875 elapsed=456s
progress: nodes=5,520,000,000 tested=0 found=0 n=99849373261099541015625 elapsed=457s
progress: nodes=5,530,000,000 tested=0 found=0 n=129230881056258134765625 elapsed=457s
progress: nodes=5,540,000,000 tested=0 found=0 n=684077168617929404296875 elapsed=458s
progress: nodes=5,550,000,000 tested=0 found=0 n=774538251563125283203125 elapsed=459s
progress: nodes=5,560,000,000 tested=0 found=0 n=746349273314703017578125 elapsed=460s
progress: nodes=5,570,000,000 tested=0 found=0 n=463068583790936220703125 elapsed=461s
progress: nodes=5,580,000,000 tested=0 found=0 n=198022406568024111328125 elapsed=462s
progress: nodes=5,590,000,000 tested=0 found=0 n=520797440899388935546875 elapsed=462s
progress: nodes=5,600,000,000 tested=0 found=0 n=442512154442067099609375 elapsed=463s
progress: nodes=5,610,000,000 tested=0 found=0 n=262584006313161533203125 elapsed=464s
progress: nodes=5,620,000,000 tested=0 found=0 n=334300807133006923828125 elapsed=464s
progress: nodes=5,630,000,000 tested=0 found=0 n=211260075191226826171875 elapsed=465s
progress: nodes=5,640,000,000 tested=0 found=0 n=130168432295106943359375 elapsed=465s
progress: nodes=5,650,000,000 tested=0 found=0 n=119572250714068623046875 elapsed=466s
progress: nodes=5,660,000,000 tested=0 found=0 n=60432964458202705078125 elapsed=467s
progress: nodes=5,670,000,000 tested=0 found=0 n=652876091833354365234375 elapsed=467s
progress: nodes=5,680,000,000 tested=0 found=0 n=135455338530967939453125 elapsed=468s
progress: nodes=5,690,000,000 tested=0 found=0 n=461325288448989580078125 elapsed=468s
progress: nodes=5,700,000,000 tested=0 found=0 n=126772668304366728515625 elapsed=469s
progress: nodes=5,710,000,000 tested=0 found=0 n=101911566795350888671875 elapsed=469s
progress: nodes=5,720,000,000 tested=0 found=0 n=81550711398340107421875 elapsed=470s
progress: nodes=5,730,000,000 tested=0 found=0 n=833015564884733115234375 elapsed=471s
progress: nodes=5,740,000,000 tested=0 found=0 n=622774376405905166015625 elapsed=472s
progress: nodes=5,750,000,000 tested=0 found=0 n=426577413846091904296875 elapsed=473s
progress: nodes=5,760,000,000 tested=0 found=0 n=480616349381809189453125 elapsed=473s
progress: nodes=5,770,000,000 tested=0 found=0 n=366776035062692607421875 elapsed=474s
progress: nodes=5,780,000,000 tested=0 found=0 n=503194062567307236328125 elapsed=475s
progress: nodes=5,790,000,000 tested=0 found=0 n=146210831124618076171875 elapsed=475s
progress: nodes=5,800,000,000 tested=0 found=0 n=166936875028652548828125 elapsed=476s
progress: nodes=5,810,000,000 tested=0 found=0 n=729399428454088564453125 elapsed=477s
progress: nodes=5,820,000,000 tested=0 found=0 n=203925567451874150390625 elapsed=477s
progress: nodes=5,830,000,000 tested=0 found=0 n=216188446732307841796875 elapsed=478s
progress: nodes=5,840,000,000 tested=0 found=0 n=643024243840745126953125 elapsed=478s
progress: nodes=5,850,000,000 tested=0 found=0 n=167975958970598466796875 elapsed=479s
progress: nodes=5,860,000,000 tested=0 found=0 n=125483611851426181640625 elapsed=479s
progress: nodes=5,870,000,000 tested=0 found=0 n=282603238751103486328125 elapsed=480s
progress: nodes=5,880,000,000 tested=0 found=0 n=332708619968998330078125 elapsed=480s
progress: nodes=5,890,000,000 tested=0 found=0 n=57236564586273134765625 elapsed=481s
progress: nodes=5,900,000,000 tested=0 found=0 n=125200395914641962890625 elapsed=481s
progress: nodes=5,910,000,000 tested=0 found=0 n=926560384029586845703125 elapsed=482s
progress: nodes=5,920,000,000 tested=0 found=0 n=600369442741029990234375 elapsed=483s
progress: nodes=5,930,000,000 tested=0 found=0 n=415572264091007841796875 elapsed=484s
progress: nodes=5,940,000,000 tested=0 found=0 n=531383670582040986328125 elapsed=485s
progress: nodes=5,950,000,000 tested=0 found=0 n=310994091227351162109375 elapsed=485s
progress: nodes=5,960,000,000 tested=0 found=0 n=302832264800425166015625 elapsed=486s
progress: nodes=5,970,000,000 tested=0 found=0 n=338260436534311611328125 elapsed=487s
progress: nodes=5,980,000,000 tested=0 found=0 n=251250922231048212890625 elapsed=487s
progress: nodes=5,990,000,000 tested=0 found=0 n=81109020543660966796875 elapsed=488s
progress: nodes=6,000,000,000 tested=0 found=0 n=79073637706694794921875 elapsed=488s
progress: nodes=6,010,000,000 tested=0 found=0 n=208785062082053056640625 elapsed=489s
progress: nodes=6,020,000,000 tested=0 found=0 n=533642676674791201171875 elapsed=489s
progress: nodes=6,030,000,000 tested=0 found=0 n=58452290640325283203125 elapsed=490s
progress: nodes=6,040,000,000 tested=0 found=0 n=71825876164290498046875 elapsed=490s
progress: nodes=6,050,000,000 tested=0 found=0 n=200020141813165400390625 elapsed=491s
progress: nodes=6,060,000,000 tested=0 found=0 n=329875580802462626953125 elapsed=492s
progress: nodes=6,070,000,000 tested=0 found=0 n=72236921239956357421875 elapsed=492s
progress: nodes=6,080,000,000 tested=0 found=0 n=298620112468461240234375 elapsed=493s
progress: nodes=6,090,000,000 tested=0 found=0 n=604266538870926826171875 elapsed=494s
progress: nodes=6,100,000,000 tested=0 found=0 n=720012395703655107421875 elapsed=495s
progress: nodes=6,110,000,000 tested=0 found=0 n=440741761547996162109375 elapsed=495s
progress: nodes=6,120,000,000 tested=0 found=0 n=345421063993417470703125 elapsed=496s
progress: nodes=6,130,000,000 tested=0 found=0 n=455201212601793251953125 elapsed=497s
progress: nodes=6,140,000,000 tested=0 found=0 n=312646146089511533203125 elapsed=497s
progress: nodes=6,150,000,000 tested=0 found=0 n=314687983594052021484375 elapsed=498s
progress: nodes=6,160,000,000 tested=0 found=0 n=39396075347329365234375 elapsed=498s
progress: nodes=6,170,000,000 tested=0 found=0 n=860823610625293681640625 elapsed=499s
progress: nodes=6,180,000,000 tested=0 found=0 n=166151341175354208984375 elapsed=500s
progress: nodes=6,190,000,000 tested=0 found=0 n=567407210849426162109375 elapsed=500s
progress: nodes=6,200,000,000 tested=0 found=0 n=72752047167126005859375 elapsed=501s
progress: nodes=6,210,000,000 tested=0 found=0 n=290224084284701455078125 elapsed=501s
progress: nodes=6,220,000,000 tested=0 found=0 n=661877034211621845703125 elapsed=502s
progress: nodes=6,230,000,000 tested=0 found=0 n=84621110430114755859375 elapsed=502s
progress: nodes=6,240,000,000 tested=0 found=0 n=890353007288980751953125 elapsed=503s
progress: nodes=6,250,000,000 tested=0 found=0 n=766422063818115732421875 elapsed=504s
progress: nodes=6,260,000,000 tested=0 found=0 n=934629064665905654296875 elapsed=505s
progress: nodes=6,270,000,000 tested=0 found=0 n=769322535772544736328125 elapsed=505s
progress: nodes=6,280,000,000 tested=0 found=0 n=447698724470575576171875 elapsed=506s
progress: nodes=6,290,000,000 tested=0 found=0 n=395544643604796181640625 elapsed=507s
progress: nodes=6,300,000,000 tested=0 found=0 n=306968008825044404296875 elapsed=507s
progress: nodes=6,310,000,000 tested=0 found=0 n=262726505030727333984375 elapsed=508s
progress: nodes=6,320,000,000 tested=0 found=0 n=408561568267897001953125 elapsed=508s
progress: nodes=6,330,000,000 tested=0 found=0 n=664844125487662529296875 elapsed=509s
progress: nodes=6,340,000,000 tested=0 found=0 n=111367441885976630859375 elapsed=509s
progress: nodes=6,350,000,000 tested=0 found=0 n=135344030249323212890625 elapsed=510s
progress: nodes=6,360,000,000 tested=0 found=0 n=149350816304201865234375 elapsed=510s
progress: nodes=6,370,000,000 tested=0 found=0 n=20000602081149345703125 elapsed=511s
progress: nodes=6,380,000,000 tested=0 found=0 n=95373629635355068359375 elapsed=511s
progress: nodes=6,390,000,000 tested=0 found=0 n=84342549152531337890625 elapsed=512s
progress: nodes=6,400,000,000 tested=0 found=0 n=639190809437514521484375 elapsed=513s
progress: nodes=6,410,000,000 tested=0 found=0 n=499724059285596005859375 elapsed=514s
progress: nodes=6,420,000,000 tested=0 found=0 n=707899032323875107421875 elapsed=515s
progress: nodes=6,430,000,000 tested=0 found=0 n=708244860369285966796875 elapsed=515s
progress: nodes=6,440,000,000 tested=0 found=0 n=342483967329265810546875 elapsed=516s
progress: nodes=6,450,000,000 tested=0 found=0 n=495125959653035419921875 elapsed=517s
progress: nodes=6,460,000,000 tested=0 found=0 n=102268830418684541015625 elapsed=517s
progress: nodes=6,470,000,000 tested=0 found=0 n=160006271561069501953125 elapsed=518s
progress: nodes=6,480,000,000 tested=0 found=0 n=314940594480875771484375 elapsed=518s
progress: nodes=6,490,000,000 tested=0 found=0 n=103002272978700849609375 elapsed=519s
progress: nodes=6,500,000,000 tested=0 found=0 n=38982294912724541015625 elapsed=519s
progress: nodes=6,510,000,000 tested=0 found=0 n=126583452886838466796875 elapsed=520s
progress: nodes=6,520,000,000 tested=0 found=0 n=199710330061124619140625 elapsed=520s
progress: nodes=6,530,000,000 tested=0 found=0 n=493409773224445517578125 elapsed=521s
progress: nodes=6,540,000,000 tested=0 found=0 n=90470941041797138671875 elapsed=521s
progress: nodes=6,550,000,000 tested=0 found=0 n=73947052491052939453125 elapsed=522s
progress: nodes=6,560,000,000 tested=0 found=0 n=852730347707457451171875 elapsed=523s
progress: nodes=6,570,000,000 tested=0 found=0 n=231729978079622724609375 elapsed=524s
progress: nodes=6,580,000,000 tested=0 found=0 n=216687153114297861328125 elapsed=524s
progress: nodes=6,590,000,000 tested=0 found=0 n=268607833214799990234375 elapsed=525s
progress: nodes=6,600,000,000 tested=0 found=0 n=362608471255477763671875 elapsed=526s
progress: nodes=6,610,000,000 tested=0 found=0 n=703028516691443642578125 elapsed=526s
progress: nodes=6,620,000,000 tested=0 found=0 n=717949513218898212890625 elapsed=527s
progress: nodes=6,630,000,000 tested=0 found=0 n=357946520785081083984375 elapsed=528s
progress: nodes=6,640,000,000 tested=0 found=0 n=140518457986568466796875 elapsed=528s
progress: nodes=6,650,000,000 tested=0 found=0 n=183191564560064150390625 elapsed=529s
progress: nodes=6,660,000,000 tested=0 found=0 n=155165349298702412109375 elapsed=529s
progress: nodes=6,670,000,000 tested=0 found=0 n=119946176272213154296875 elapsed=530s
progress: nodes=6,680,000,000 tested=0 found=0 n=834285192140800283203125 elapsed=530s
progress: nodes=6,690,000,000 tested=0 found=0 n=43497083169648544921875 elapsed=531s
progress: nodes=6,700,000,000 tested=0 found=0 n=56014925894381162109375 elapsed=531s
progress: nodes=6,710,000,000 tested=0 found=0 n=600543054003716103515625 elapsed=532s
progress: nodes=6,720,000,000 tested=0 found=0 n=885893403105473115234375 elapsed=533s
progress: nodes=6,730,000,000 tested=0 found=0 n=405149932416856376953125 elapsed=533s
progress: nodes=6,740,000,000 tested=0 found=0 n=562602733139669853515625 elapsed=534s
progress: nodes=6,750,000,000 tested=0 found=0 n=489458026069784560546875 elapsed=535s
progress: nodes=6,760,000,000 tested=0 found=0 n=960815665585273798828125 elapsed=536s
progress: nodes=6,770,000,000 tested=0 found=0 n=884817135465573603515625 elapsed=536s
progress: nodes=6,780,000,000 tested=0 found=0 n=191432658642769248046875 elapsed=537s
progress: nodes=6,790,000,000 tested=0 found=0 n=196703853410960771484375 elapsed=537s
progress: nodes=6,800,000,000 tested=0 found=0 n=90823203594740830078125 elapsed=538s
progress: nodes=6,810,000,000 tested=0 found=0 n=134986722934510458984375 elapsed=538s
progress: nodes=6,820,000,000 tested=0 found=0 n=207697551377906865234375 elapsed=539s
progress: nodes=6,830,000,000 tested=0 found=0 n=224768941419083115234375 elapsed=539s
progress: nodes=6,840,000,000 tested=0 found=0 n=87700811836736337890625 elapsed=540s
progress: nodes=6,850,000,000 tested=0 found=0 n=75713856482236552734375 elapsed=540s
progress: nodes=6,860,000,000 tested=0 found=0 n=912601597078700419921875 elapsed=541s
progress: nodes=6,870,000,000 tested=0 found=0 n=342158369210721298828125 elapsed=542s
progress: nodes=6,880,000,000 tested=0 found=0 n=543589591790312666015625 elapsed=543s
progress: nodes=6,890,000,000 tested=0 found=0 n=354618144440508076171875 elapsed=543s
progress: nodes=6,900,000,000 tested=0 found=0 n=90813076640486103515625 elapsed=544s
progress: nodes=6,910,000,000 tested=0 found=0 n=434126797445054619140625 elapsed=545s
progress: nodes=6,920,000,000 tested=0 found=0 n=378305686300749873046875 elapsed=545s
progress: nodes=6,930,000,000 tested=0 found=0 n=779452214063361591796875 elapsed=546s
progress: nodes=6,940,000,000 tested=0 found=0 n=45686633231455048828125 elapsed=546s
progress: nodes=6,950,000,000 tested=0 found=0 n=132436584790760478515625 elapsed=547s
progress: nodes=6,960,000,000 tested=0 found=0 n=132613601493796083984375 elapsed=547s
progress: nodes=6,970,000,000 tested=0 found=0 n=518206502821783623046875 elapsed=548s
progress: nodes=6,980,000,000 tested=0 found=0 n=78210521715055869140625 elapsed=548s
progress: nodes=6,990,000,000 tested=0 found=0 n=157757114826388212890625 elapsed=549s
progress: nodes=7,000,000,000 tested=0 found=0 n=64917205383537685546875 elapsed=549s
progress: nodes=7,010,000,000 tested=0 found=0 n=561483983498196357421875 elapsed=550s
progress: nodes=7,020,000,000 tested=0 found=0 n=644928495856561845703125 elapsed=551s
progress: nodes=7,030,000,000 tested=0 found=0 n=321012553263663955078125 elapsed=552s
progress: nodes=7,040,000,000 tested=0 found=0 n=584972927678017353515625 elapsed=552s
progress: nodes=7,050,000,000 tested=0 found=0 n=387360220179329033203125 elapsed=553s
progress: nodes=7,060,000,000 tested=0 found=0 n=358251650732081513671875 elapsed=554s
progress: nodes=7,070,000,000 tested=0 found=0 n=132228921964950966796875 elapsed=554s
progress: nodes=7,080,000,000 tested=0 found=0 n=99568898527397431640625 elapsed=555s
progress: nodes=7,090,000,000 tested=0 found=0 n=166525998208888271484375 elapsed=555s
progress: nodes=7,100,000,000 tested=0 found=0 n=196895887831961982421875 elapsed=556s
progress: nodes=7,110,000,000 tested=0 found=0 n=242644097065553701171875 elapsed=556s
progress: nodes=7,120,000,000 tested=0 found=0 n=548577582569787392578125 elapsed=557s
progress: nodes=7,130,000,000 tested=0 found=0 n=894967194938384267578125 elapsed=557s
progress: nodes=7,140,000,000 tested=0 found=0 n=57925316383501201171875 elapsed=558s
progress: nodes=7,150,000,000 tested=0 found=0 n=674062663998423603515625 elapsed=558s
progress: nodes=7,160,000,000 tested=0 found=0 n=949790309270627373046875 elapsed=559s
progress: nodes=7,170,000,000 tested=0 found=0 n=544204271420050693359375 elapsed=560s
progress: nodes=7,180,000,000 tested=0 found=0 n=305917223932887099609375 elapsed=561s
progress: nodes=7,190,000,000 tested=0 found=0 n=343760631592894013671875 elapsed=561s
progress: nodes=7,200,000,000 tested=0 found=0 n=327135814590817705078125 elapsed=562s
progress: nodes=7,210,000,000 tested=0 found=0 n=362500983374334873046875 elapsed=562s
progress: nodes=7,220,000,000 tested=0 found=0 n=201255318812921572265625 elapsed=563s
progress: nodes=7,230,000,000 tested=0 found=0 n=141517460233722041015625 elapsed=563s
progress: nodes=7,240,000,000 tested=0 found=0 n=55454401844187099609375 elapsed=564s
progress: nodes=7,250,000,000 tested=0 found=0 n=92834749999502138671875 elapsed=564s
progress: nodes=7,260,000,000 tested=0 found=0 n=89966426460618779296875 elapsed=565s
progress: nodes=7,270,000,000 tested=0 found=0 n=34784698265929599609375 elapsed=565s
progress: nodes=7,280,000,000 tested=0 found=0 n=64063608943292841796875 elapsed=566s
progress: nodes=7,290,000,000 tested=0 found=0 n=747466558896628212890625 elapsed=567s
progress: nodes=7,300,000,000 tested=0 found=0 n=506253955134194033203125 elapsed=568s
progress: nodes=7,310,000,000 tested=0 found=0 n=252217567882218427734375 elapsed=568s
progress: nodes=7,320,000,000 tested=0 found=0 n=153937227499467978515625 elapsed=569s
progress: nodes=7,330,000,000 tested=0 found=0 n=534823498531841923828125 elapsed=570s
progress: nodes=7,340,000,000 tested=0 found=0 n=236205399137868544921875 elapsed=570s
progress: nodes=7,350,000,000 tested=0 found=0 n=76585184813546982421875 elapsed=571s
progress: nodes=7,360,000,000 tested=0 found=0 n=155391680249991123046875 elapsed=571s
progress: nodes=7,370,000,000 tested=0 found=0 n=883897185197683388671875 elapsed=572s
progress: nodes=7,380,000,000 tested=0 found=0 n=78224885149174892578125 elapsed=572s
progress: nodes=7,390,000,000 tested=0 found=0 n=44376761611852998046875 elapsed=573s
progress: nodes=7,400,000,000 tested=0 found=0 n=126770282484445107421875 elapsed=573s
progress: nodes=7,410,000,000 tested=0 found=0 n=65994657102166025390625 elapsed=574s
progress: nodes=7,420,000,000 tested=0 found=0 n=610225458085465751953125 elapsed=575s
progress: nodes=7,430,000,000 tested=0 found=0 n=704910925852202900390625 elapsed=575s
progress: nodes=7,440,000,000 tested=0 found=0 n=140255026269618076171875 elapsed=576s
progress: nodes=7,450,000,000 tested=0 found=0 n=245398209568292548828125 elapsed=577s
progress: nodes=7,460,000,000 tested=0 found=0 n=353777528580137314453125 elapsed=577s
progress: nodes=7,470,000,000 tested=0 found=0 n=132340747418496474609375 elapsed=578s
progress: nodes=7,480,000,000 tested=0 found=0 n=97304458989383876953125 elapsed=578s
progress: nodes=7,490,000,000 tested=0 found=0 n=112374201734703720703125 elapsed=579s
progress: nodes=7,500,000,000 tested=0 found=0 n=80461923935347880859375 elapsed=579s
progress: nodes=7,510,000,000 tested=0 found=0 n=32663483145989033203125 elapsed=580s
progress: nodes=7,520,000,000 tested=0 found=0 n=216520559452293662109375 elapsed=580s
progress: nodes=7,530,000,000 tested=0 found=0 n=105736954212391201171875 elapsed=581s
progress: nodes=7,540,000,000 tested=0 found=0 n=49291925134321669921875 elapsed=581s
progress: nodes=7,550,000,000 tested=0 found=0 n=589866852611987666015625 elapsed=582s
progress: nodes=7,560,000,000 tested=0 found=0 n=780018562364392177734375 elapsed=583s
progress: nodes=7,570,000,000 tested=0 found=0 n=146401473807845419921875 elapsed=584s
progress: nodes=7,580,000,000 tested=0 found=0 n=916792871538915439453125 elapsed=584s
progress: nodes=7,590,000,000 tested=0 found=0 n=726216988153203193359375 elapsed=585s
progress: nodes=7,600,000,000 tested=0 found=0 n=65570231802516416015625 elapsed=585s
progress: nodes=7,610,000,000 tested=0 found=0 n=263132068213641884765625 elapsed=586s
progress: nodes=7,620,000,000 tested=0 found=0 n=153137886044126572265625 elapsed=586s
progress: nodes=7,630,000,000 tested=0 found=0 n=119320405330007197265625 elapsed=587s
progress: nodes=7,640,000,000 tested=0 found=0 n=372719458801292255859375 elapsed=587s
progress: nodes=7,650,000,000 tested=0 found=0 n=74444714926868583984375 elapsed=588s
progress: nodes=7,660,000,000 tested=0 found=0 n=276941025524430439453125 elapsed=588s
progress: nodes=7,670,000,000 tested=0 found=0 n=47087361521845048828125 elapsed=589s
progress: nodes=7,680,000,000 tested=0 found=0 n=793159521350831806640625 elapsed=590s
progress: nodes=7,690,000,000 tested=0 found=0 n=741259492373103310546875 elapsed=590s
progress: nodes=7,700,000,000 tested=0 found=0 n=331208972848078330078125 elapsed=591s
progress: nodes=7,710,000,000 tested=0 found=0 n=177129629784526376953125 elapsed=592s
progress: nodes=7,720,000,000 tested=0 found=0 n=124046080693132939453125 elapsed=592s
progress: nodes=7,730,000,000 tested=0 found=0 n=218980231583477431640625 elapsed=593s
progress: nodes=7,740,000,000 tested=0 found=0 n=143199670961572646484375 elapsed=593s
progress: nodes=7,750,000,000 tested=0 found=0 n=826302422198518154296875 elapsed=594s
progress: nodes=7,760,000,000 tested=0 found=0 n=59997414261267158203125 elapsed=594s
progress: nodes=7,770,000,000 tested=0 found=0 n=79174495513353779296875 elapsed=595s
progress: nodes=7,780,000,000 tested=0 found=0 n=44985355887599384765625 elapsed=595s
progress: nodes=7,790,000,000 tested=0 found=0 n=55424145519170771484375 elapsed=596s
progress: nodes=7,800,000,000 tested=0 found=0 n=804184488996617548828125 elapsed=596s
progress: nodes=7,810,000,000 tested=0 found=0 n=468510533178177216796875 elapsed=597s
progress: nodes=7,820,000,000 tested=0 found=0 n=475364447730238447265625 elapsed=598s
progress: nodes=7,830,000,000 tested=0 found=0 n=220481593656613681640625 elapsed=598s
progress: nodes=7,840,000,000 tested=0 found=0 n=174505939899251923828125 elapsed=599s
progress: nodes=7,850,000,000 tested=0 found=0 n=243643401483177744140625 elapsed=600s
progress: nodes=7,860,000,000 tested=0 found=0 n=339987856153785556640625 elapsed=600s
progress: nodes=7,870,000,000 tested=0 found=0 n=773693289319717177734375 elapsed=601s
progress: nodes=7,880,000,000 tested=0 found=0 n=113800696664234150390625 elapsed=601s
progress: nodes=7,890,000,000 tested=0 found=0 n=209667900458582490234375 elapsed=601s
progress: nodes=7,900,000,000 tested=0 found=0 n=48520589700252744140625 elapsed=602s
progress: nodes=7,910,000,000 tested=0 found=0 n=59059232301400576171875 elapsed=602s
progress: nodes=7,920,000,000 tested=0 found=0 n=716654534362180400390625 elapsed=603s
progress: nodes=7,930,000,000 tested=0 found=0 n=332270086057911650390625 elapsed=604s
progress: nodes=7,940,000,000 tested=0 found=0 n=615635367808396025390625 elapsed=605s
progress: nodes=7,950,000,000 tested=0 found=0 n=562941471280777646484375 elapsed=605s
progress: nodes=7,960,000,000 tested=0 found=0 n=223741138906924716796875 elapsed=606s
progress: nodes=7,970,000,000 tested=0 found=0 n=243038858052986455078125 elapsed=606s
progress: nodes=7,980,000,000 tested=0 found=0 n=961059845441231630859375 elapsed=607s
progress: nodes=7,990,000,000 tested=0 found=0 n=35422651885966083984375 elapsed=607s
progress: nodes=8,000,000,000 tested=0 found=0 n=46311290780765537109375 elapsed=608s
progress: nodes=8,010,000,000 tested=0 found=0 n=51906408815986435546875 elapsed=608s
progress: nodes=8,020,000,000 tested=0 found=0 n=74541584764796220703125 elapsed=609s
progress: nodes=8,030,000,000 tested=0 found=0 n=149396308715602177734375 elapsed=609s
progress: nodes=8,040,000,000 tested=0 found=0 n=921990705226348798828125 elapsed=610s
progress: nodes=8,050,000,000 tested=0 found=0 n=491145402672870029296875 elapsed=611s
progress: nodes=8,060,000,000 tested=0 found=0 n=176941003182215009765625 elapsed=611s
progress: nodes=8,070,000,000 tested=0 found=0 n=197010813391464287109375 elapsed=612s
progress: nodes=8,080,000,000 tested=0 found=0 n=892227138725438876953125 elapsed=613s
progress: nodes=8,090,000,000 tested=0 found=0 n=409324235956946806640625 elapsed=613s
progress: nodes=8,100,000,000 tested=0 found=0 n=88946904805066318359375 elapsed=614s
progress: nodes=8,110,000,000 tested=0 found=0 n=39374541489493564453125 elapsed=614s
progress: nodes=8,120,000,000 tested=0 found=0 n=135169826846305341796875 elapsed=615s
progress: nodes=8,130,000,000 tested=0 found=0 n=384114316852123330078125 elapsed=615s
progress: nodes=8,140,000,000 tested=0 found=0 n=28933132296577412109375 elapsed=616s
progress: nodes=8,150,000,000 tested=0 found=0 n=64993386852031904296875 elapsed=616s
progress: nodes=8,160,000,000 tested=0 found=0 n=670364882447553896484375 elapsed=617s
progress: nodes=8,170,000,000 tested=0 found=0 n=569969010893739462890625 elapsed=618s
progress: nodes=8,180,000,000 tested=0 found=0 n=527545824605379404296875 elapsed=618s
progress: nodes=8,190,000,000 tested=0 found=0 n=350767250452101005859375 elapsed=619s
progress: nodes=8,200,000,000 tested=0 found=0 n=292828693473804287109375 elapsed=620s
progress: nodes=8,210,000,000 tested=0 found=0 n=138999196420819541015625 elapsed=620s
progress: nodes=8,220,000,000 tested=0 found=0 n=233586687944128974609375 elapsed=621s
progress: nodes=8,230,000,000 tested=0 found=0 n=23421817465069130859375 elapsed=621s
progress: nodes=8,240,000,000 tested=0 found=0 n=26462372411736650390625 elapsed=622s
progress: nodes=8,250,000,000 tested=0 found=0 n=273068072414639912109375 elapsed=622s
progress: nodes=8,260,000,000 tested=0 found=0 n=87338331943918681640625 elapsed=622s
progress: nodes=8,270,000,000 tested=0 found=0 n=50466300256254111328125 elapsed=623s
progress: nodes=8,280,000,000 tested=0 found=0 n=239835881960324736328125 elapsed=624s
progress: nodes=8,290,000,000 tested=0 found=0 n=715565462150472451171875 elapsed=625s
progress: nodes=8,300,000,000 tested=0 found=0 n=436058353457978291015625 elapsed=625s
progress: nodes=8,310,000,000 tested=0 found=0 n=361086450964466220703125 elapsed=626s
progress: nodes=8,320,000,000 tested=0 found=0 n=52848995337839619140625 elapsed=626s
progress: nodes=8,330,000,000 tested=0 found=0 n=205473743510820205078125 elapsed=627s
progress: nodes=8,340,000,000 tested=0 found=0 n=398862037917220693359375 elapsed=627s
progress: nodes=8,350,000,000 tested=0 found=0 n=102678444030883271484375 elapsed=628s
progress: nodes=8,360,000,000 tested=0 found=0 n=48654678623899130859375 elapsed=628s
progress: nodes=8,370,000,000 tested=0 found=0 n=542565359668883408203125 elapsed=629s
progress: nodes=8,380,000,000 tested=0 found=0 n=32804598051107314453125 elapsed=629s
progress: nodes=8,390,000,000 tested=0 found=0 n=599996842095442060546875 elapsed=630s
progress: nodes=8,400,000,000 tested=0 found=0 n=993555757665418974609375 elapsed=631s
progress: nodes=8,410,000,000 tested=0 found=0 n=378986235331118466796875 elapsed=631s
progress: nodes=8,420,000,000 tested=0 found=0 n=498049333347845830078125 elapsed=632s
progress: nodes=8,430,000,000 tested=0 found=0 n=497783570515448115234375 elapsed=633s
progress: nodes=8,440,000,000 tested=0 found=0 n=128904507588702041015625 elapsed=633s
progress: nodes=8,450,000,000 tested=0 found=0 n=76732332120269033203125 elapsed=634s
progress: nodes=8,460,000,000 tested=0 found=0 n=85995716535043681640625 elapsed=634s
progress: nodes=8,470,000,000 tested=0 found=0 n=16977054131181650390625 elapsed=635s
progress: nodes=8,480,000,000 tested=0 found=0 n=101599116500982216796875 elapsed=635s
progress: nodes=8,490,000,000 tested=0 found=0 n=90975342002499931640625 elapsed=636s
progress: nodes=8,500,000,000 tested=0 found=0 n=45963664438147294921875 elapsed=636s
progress: nodes=8,510,000,000 tested=0 found=0 n=299497699027597763671875 elapsed=637s
progress: nodes=8,520,000,000 tested=0 found=0 n=352081339497415810546875 elapsed=638s
progress: nodes=8,530,000,000 tested=0 found=0 n=974991133424362412109375 elapsed=638s
progress: nodes=8,540,000,000 tested=0 found=0 n=242954978312551552734375 elapsed=639s
progress: nodes=8,550,000,000 tested=0 found=0 n=176725590570196611328125 elapsed=640s
progress: nodes=8,560,000,000 tested=0 found=0 n=189554869340362880859375 elapsed=640s
progress: nodes=8,570,000,000 tested=0 found=0 n=256716588135820693359375 elapsed=641s
progress: nodes=8,580,000,000 tested=0 found=0 n=35262010733043427734375 elapsed=641s
progress: nodes=8,590,000,000 tested=0 found=0 n=14954080629637880859375 elapsed=641s
progress: nodes=8,600,000,000 tested=0 found=0 n=124993706911507001953125 elapsed=642s
progress: nodes=8,610,000,000 tested=0 found=0 n=44984485992837041015625 elapsed=642s
progress: nodes=8,620,000,000 tested=0 found=0 n=458113976038047392578125 elapsed=643s
progress: nodes=8,630,000,000 tested=0 found=0 n=884024916006821748046875 elapsed=644s
progress: nodes=8,640,000,000 tested=0 found=0 n=159769844829666474609375 elapsed=645s
progress: nodes=8,650,000,000 tested=0 found=0 n=905016645522657509765625 elapsed=645s
progress: nodes=8,660,000,000 tested=0 found=0 n=213570218481559189453125 elapsed=646s
progress: nodes=8,670,000,000 tested=0 found=0 n=76748015263328525390625 elapsed=646s
progress: nodes=8,680,000,000 tested=0 found=0 n=56635878599677177734375 elapsed=647s
progress: nodes=8,690,000,000 tested=0 found=0 n=16441857629836259765625 elapsed=647s
progress: nodes=8,700,000,000 tested=0 found=0 n=91665314237340263671875 elapsed=648s
progress: nodes=8,710,000,000 tested=0 found=0 n=59686136477030654296875 elapsed=648s
progress: nodes=8,720,000,000 tested=0 found=0 n=43044186205243564453125 elapsed=649s
progress: nodes=8,730,000,000 tested=0 found=0 n=987620451514198505859375 elapsed=649s
progress: nodes=8,740,000,000 tested=0 found=0 n=497807369423051923828125 elapsed=650s
progress: nodes=8,750,000,000 tested=0 found=0 n=402552557822126689453125 elapsed=651s
progress: nodes=8,760,000,000 tested=0 found=0 n=312387699379682900390625 elapsed=651s
progress: nodes=8,770,000,000 tested=0 found=0 n=76429282578115517578125 elapsed=652s
progress: nodes=8,780,000,000 tested=0 found=0 n=81976101765133798828125 elapsed=653s
progress: nodes=8,790,000,000 tested=0 found=0 n=354471560180392763671875 elapsed=653s
progress: nodes=8,800,000,000 tested=0 found=0 n=294139266980181416015625 elapsed=653s
progress: nodes=8,810,000,000 tested=0 found=0 n=50142097854726591796875 elapsed=654s
progress: nodes=8,820,000,000 tested=0 found=0 n=51162931785759345703125 elapsed=654s
progress: nodes=8,830,000,000 tested=0 found=0 n=40668477475433818359375 elapsed=655s
progress: nodes=8,840,000,000 tested=0 found=0 n=769260620966585185546875 elapsed=656s
progress: nodes=8,850,000,000 tested=0 found=0 n=116929776681944560546875 elapsed=656s
progress: nodes=8,860,000,000 tested=0 found=0 n=365122404517218486328125 elapsed=657s
progress: nodes=8,870,000,000 tested=0 found=0 n=408308323775884365234375 elapsed=658s
progress: nodes=8,880,000,000 tested=0 found=0 n=203756248213403818359375 elapsed=658s
progress: nodes=8,890,000,000 tested=0 found=0 n=148559090451855205078125 elapsed=659s
progress: nodes=8,900,000,000 tested=0 found=0 n=170175537131986318359375 elapsed=659s
progress: nodes=8,910,000,000 tested=0 found=0 n=863238185746206943359375 elapsed=660s
progress: nodes=8,920,000,000 tested=0 found=0 n=123530265864186416015625 elapsed=660s
progress: nodes=8,930,000,000 tested=0 found=0 n=37358076562618271484375 elapsed=660s
progress: nodes=8,940,000,000 tested=0 found=0 n=850857163181633232421875 elapsed=661s
progress: nodes=8,950,000,000 tested=0 found=0 n=418961094708198427734375 elapsed=662s
progress: nodes=8,960,000,000 tested=0 found=0 n=627495268622420478515625 elapsed=663s
progress: nodes=8,970,000,000 tested=0 found=0 n=146235458089230732421875 elapsed=663s
progress: nodes=8,980,000,000 tested=0 found=0 n=161320439911077509765625 elapsed=664s
progress: nodes=8,990,000,000 tested=0 found=0 n=546722233985077998046875 elapsed=664s
progress: nodes=9,000,000,000 tested=0 found=0 n=234570641802148564453125 elapsed=665s
progress: nodes=9,010,000,000 tested=0 found=0 n=108469577403691435546875 elapsed=665s
progress: nodes=9,020,000,000 tested=0 found=0 n=62551966953399345703125 elapsed=666s
progress: nodes=9,030,000,000 tested=0 found=0 n=24667737802042587890625 elapsed=666s
progress: nodes=9,040,000,000 tested=0 found=0 n=277496505519972451171875 elapsed=667s
progress: nodes=9,050,000,000 tested=0 found=0 n=546235600409225771484375 elapsed=667s
progress: nodes=9,060,000,000 tested=0 found=0 n=335200575636811142578125 elapsed=668s
progress: nodes=9,070,000,000 tested=0 found=0 n=195542336188349033203125 elapsed=669s
progress: nodes=9,080,000,000 tested=0 found=0 n=236610035402732138671875 elapsed=669s
progress: nodes=9,090,000,000 tested=0 found=0 n=73471304795389541015625 elapsed=670s
progress: nodes=9,100,000,000 tested=0 found=0 n=129583475113798037109375 elapsed=670s
progress: nodes=9,110,000,000 tested=0 found=0 n=22950542687086142578125 elapsed=671s
progress: nodes=9,120,000,000 tested=0 found=0 n=150289169158475419921875 elapsed=671s
progress: nodes=9,130,000,000 tested=0 found=0 n=40599219665062880859375 elapsed=672s
progress: nodes=9,140,000,000 tested=0 found=0 n=443330569952063701171875 elapsed=672s
progress: nodes=9,150,000,000 tested=0 found=0 n=364591425623673955078125 elapsed=673s
progress: nodes=9,160,000,000 tested=0 found=0 n=251661831906277177734375 elapsed=674s
progress: nodes=9,170,000,000 tested=0 found=0 n=337245933864579873046875 elapsed=674s
progress: nodes=9,180,000,000 tested=0 found=0 n=343207057173273896484375 elapsed=675s
progress: nodes=9,190,000,000 tested=0 found=0 n=238245697959945380859375 elapsed=675s
progress: nodes=9,200,000,000 tested=0 found=0 n=35271481753175712890625 elapsed=676s
progress: nodes=9,210,000,000 tested=0 found=0 n=23974416003612216796875 elapsed=676s
progress: nodes=9,220,000,000 tested=0 found=0 n=50755895360848564453125 elapsed=677s
progress: nodes=9,230,000,000 tested=0 found=0 n=21995737932302138671875 elapsed=677s
progress: nodes=9,240,000,000 tested=0 found=0 n=961267042596019833984375 elapsed=678s
progress: nodes=9,250,000,000 tested=0 found=0 n=299537907648411884765625 elapsed=679s
progress: nodes=9,260,000,000 tested=0 found=0 n=450345224874347841796875 elapsed=679s
progress: nodes=9,270,000,000 tested=0 found=0 n=201307949632649970703125 elapsed=680s
progress: nodes=9,280,000,000 tested=0 found=0 n=114438904329357333984375 elapsed=680s
progress: nodes=9,290,000,000 tested=0 found=0 n=178103959020597568359375 elapsed=681s
progress: nodes=9,300,000,000 tested=0 found=0 n=70570010309068740234375 elapsed=681s
progress: nodes=9,310,000,000 tested=0 found=0 n=347519473591071005859375 elapsed=682s
progress: nodes=9,320,000,000 tested=0 found=0 n=37235811613915458984375 elapsed=682s
progress: nodes=9,330,000,000 tested=0 found=0 n=716564568658830556640625 elapsed=683s
progress: nodes=9,340,000,000 tested=0 found=0 n=823844077533594228515625 elapsed=684s
progress: nodes=9,350,000,000 tested=0 found=0 n=229083795014004404296875 elapsed=684s
progress: nodes=9,360,000,000 tested=0 found=0 n=366599868243717392578125 elapsed=685s
progress: nodes=9,370,000,000 tested=0 found=0 n=209141352062867021484375 elapsed=686s
progress: nodes=9,380,000,000 tested=0 found=0 n=482956631725980673828125 elapsed=686s
progress: nodes=9,390,000,000 tested=0 found=0 n=60854323190569365234375 elapsed=686s
progress: nodes=9,400,000,000 tested=0 found=0 n=78100445305533955078125 elapsed=687s
progress: nodes=9,410,000,000 tested=0 found=0 n=631479530859662900390625 elapsed=687s
progress: nodes=9,420,000,000 tested=0 found=0 n=22218390996821982421875 elapsed=688s
progress: nodes=9,430,000,000 tested=0 found=0 n=433855309373045244140625 elapsed=689s
progress: nodes=9,440,000,000 tested=0 found=0 n=681504098405423642578125 elapsed=689s
progress: nodes=9,450,000,000 tested=0 found=0 n=800499657456600029296875 elapsed=690s
progress: nodes=9,460,000,000 tested=0 found=0 n=211655571806968681640625 elapsed=691s
progress: nodes=9,470,000,000 tested=0 found=0 n=47712360304875322265625 elapsed=691s
progress: nodes=9,480,000,000 tested=0 found=0 n=185540654710628876953125 elapsed=692s
progress: nodes=9,490,000,000 tested=0 found=0 n=22992212873319345703125 elapsed=692s
progress: nodes=9,500,000,000 tested=0 found=0 n=35205928036556748046875 elapsed=693s
progress: nodes=9,510,000,000 tested=0 found=0 n=41827313507058193359375 elapsed=693s
progress: nodes=9,520,000,000 tested=0 found=0 n=758021202174843369140625 elapsed=694s
progress: nodes=9,530,000,000 tested=0 found=0 n=170183027946898916015625 elapsed=694s
progress: nodes=9,540,000,000 tested=0 found=0 n=765862445525313779296875 elapsed=695s
progress: nodes=9,550,000,000 tested=0 found=0 n=143740322700201474609375 elapsed=695s
progress: nodes=9,560,000,000 tested=0 found=0 n=65428994135600595703125 elapsed=696s
progress: nodes=9,570,000,000 tested=0 found=0 n=26332231316077705078125 elapsed=696s
progress: nodes=9,580,000,000 tested=0 found=0 n=33206585339900654296875 elapsed=697s
progress: nodes=9,590,000,000 tested=0 found=0 n=22415898565649443359375 elapsed=697s
progress: nodes=9,600,000,000 tested=0 found=0 n=853870488773770634765625 elapsed=698s
progress: nodes=9,610,000,000 tested=0 found=0 n=357335614971824150390625 elapsed=699s
progress: nodes=9,620,000,000 tested=0 found=0 n=71334979246612529296875 elapsed=699s
progress: nodes=9,630,000,000 tested=0 found=0 n=593169591770600888671875 elapsed=700s
progress: nodes=9,640,000,000 tested=0 found=0 n=96352169456450654296875 elapsed=700s
progress: nodes=9,650,000,000 tested=0 found=0 n=25334264756438701171875 elapsed=700s
progress: nodes=9,660,000,000 tested=0 found=0 n=59587342146276064453125 elapsed=701s
progress: nodes=9,670,000,000 tested=0 found=0 n=19423553143148349609375 elapsed=701s
progress: nodes=9,680,000,000 tested=0 found=0 n=346633868196478916015625 elapsed=702s
progress: nodes=9,690,000,000 tested=0 found=0 n=488482742644477470703125 elapsed=703s
progress: nodes=9,700,000,000 tested=0 found=0 n=168460976216274345703125 elapsed=703s
progress: nodes=9,710,000,000 tested=0 found=0 n=40191104772654697265625 elapsed=704s
progress: nodes=9,720,000,000 tested=0 found=0 n=56034356488481337890625 elapsed=704s
progress: nodes=9,730,000,000 tested=0 found=0 n=69176860514515634765625 elapsed=704s
progress: nodes=9,740,000,000 tested=0 found=0 n=41270168519604755859375 elapsed=705s
progress: nodes=9,750,000,000 tested=0 found=0 n=708222839978764423828125 elapsed=706s
progress: nodes=9,760,000,000 tested=0 found=0 n=723506884958297197265625 elapsed=706s
progress: nodes=9,770,000,000 tested=0 found=0 n=376613650491471123046875 elapsed=707s
progress: nodes=9,780,000,000 tested=0 found=0 n=666973436596807412109375 elapsed=707s
progress: nodes=9,790,000,000 tested=0 found=0 n=85636586451091025390625 elapsed=708s
progress: nodes=9,800,000,000 tested=0 found=0 n=19635538439037041015625 elapsed=708s
progress: nodes=9,810,000,000 tested=0 found=0 n=546757819059488994140625 elapsed=709s
progress: nodes=9,820,000,000 tested=0 found=0 n=385809839675892861328125 elapsed=709s
progress: nodes=9,830,000,000 tested=0 found=0 n=48603230164535185546875 elapsed=710s
progress: nodes=9,840,000,000 tested=0 found=0 n=644912133120231767578125 elapsed=710s
progress: nodes=9,850,000,000 tested=0 found=0 n=28657135071642568359375 elapsed=711s
progress: nodes=9,860,000,000 tested=0 found=0 n=803429680810110732421875 elapsed=711s
progress: nodes=9,870,000,000 tested=0 found=0 n=232380779919531064453125 elapsed=712s
progress: nodes=9,880,000,000 tested=0 found=0 n=841721494806287138671875 elapsed=712s
progress: nodes=9,890,000,000 tested=0 found=0 n=95101704315714814453125 elapsed=713s
progress: nodes=9,900,000,000 tested=0 found=0 n=83984339719044755859375 elapsed=713s
progress: nodes=9,910,000,000 tested=0 found=0 n=50270542773145576171875 elapsed=714s
progress: nodes=9,920,000,000 tested=0 found=0 n=99847645287839033203125 elapsed=714s
progress: nodes=9,930,000,000 tested=0 found=0 n=95152697234589287109375 elapsed=715s
progress: nodes=9,940,000,000 tested=0 found=0 n=124757903444346123046875 elapsed=715s
progress: nodes=9,950,000,000 tested=0 found=0 n=246270403217318466796875 elapsed=716s
progress: nodes=9,960,000,000 tested=0 found=0 n=61810095433005791015625 elapsed=716s
progress: nodes=9,970,000,000 tested=0 found=0 n=28125012379649326171875 elapsed=717s
progress: nodes=9,980,000,000 tested=0 found=0 n=227960312121962138671875 elapsed=717s
progress: nodes=9,990,000,000 tested=0 found=0 n=165076267727988017578125 elapsed=718s
progress: nodes=10,000,000,000 tested=0 found=0 n=91607920311387568359375 elapsed=718s
progress: nodes=10,010,000,000 tested=0 found=0 n=243093911172978251953125 elapsed=719s
progress: nodes=10,020,000,000 tested=0 found=0 n=99366800798806962890625 elapsed=719s
progress: nodes=10,030,000,000 tested=0 found=0 n=96850730762133486328125 elapsed=720s
progress: nodes=10,040,000,000 tested=0 found=0 n=58631186696532099609375 elapsed=720s
progress: nodes=10,050,000,000 tested=0 found=0 n=146650290023913837890625 elapsed=721s
progress: nodes=10,060,000,000 tested=0 found=0 n=26941848876746806640625 elapsed=721s
progress: nodes=10,070,000,000 tested=0 found=0 n=495587860817410283203125 elapsed=722s
progress: nodes=10,080,000,000 tested=0 found=0 n=12954107567653154296875 elapsed=722s
progress: nodes=10,090,000,000 tested=0 found=0 n=58053797049611162109375 elapsed=723s
progress: nodes=10,100,000,000 tested=0 found=0 n=96882497831603935546875 elapsed=723s
progress: nodes=10,110,000,000 tested=0 found=0 n=95081736319801435546875 elapsed=724s
progress: nodes=10,120,000,000 tested=0 found=0 n=11218221439028525390625 elapsed=724s
progress: nodes=10,130,000,000 tested=0 found=0 n=297039007602575595703125 elapsed=725s
progress: nodes=10,140,000,000 tested=0 found=0 n=488319364133321220703125 elapsed=725s
progress: nodes=10,150,000,000 tested=0 found=0 n=99721222150425205078125 elapsed=726s
progress: nodes=10,160,000,000 tested=0 found=0 n=317150090683985126953125 elapsed=726s
progress: nodes=10,170,000,000 tested=0 found=0 n=98403214394355380859375 elapsed=727s
progress: nodes=10,180,000,000 tested=0 found=0 n=35389641429619013671875 elapsed=727s
progress: nodes=10,190,000,000 tested=0 found=0 n=92287347671862509765625 elapsed=728s
progress: nodes=10,200,000,000 tested=0 found=0 n=102234798319566884765625 elapsed=728s
progress: nodes=10,210,000,000 tested=0 found=0 n=43928762455605498046875 elapsed=729s
progress: nodes=10,220,000,000 tested=0 found=0 n=46216256699985556640625 elapsed=729s
progress: nodes=10,230,000,000 tested=0 found=0 n=66689260813171318359375 elapsed=730s
progress: nodes=10,240,000,000 tested=0 found=0 n=45595386818699326171875 elapsed=730s
progress: nodes=10,250,000,000 tested=0 found=0 n=489870480752078994140625 elapsed=731s
progress: nodes=10,260,000,000 tested=0 found=0 n=88307258259270146484375 elapsed=731s
progress: nodes=10,270,000,000 tested=0 found=0 n=178502031369260244140625 elapsed=732s
progress: nodes=10,280,000,000 tested=0 found=0 n=94946720340288603515625 elapsed=732s
progress: nodes=10,290,000,000 tested=0 found=0 n=154192808616469365234375 elapsed=733s
progress: nodes=10,300,000,000 tested=0 found=0 n=40092766742407412109375 elapsed=733s
progress: nodes=10,310,000,000 tested=0 found=0 n=145070436260268720703125 elapsed=734s
progress: nodes=10,320,000,000 tested=0 found=0 n=54681458605594716796875 elapsed=734s
progress: nodes=10,330,000,000 tested=0 found=0 n=20248653935054619140625 elapsed=735s
progress: nodes=10,340,000,000 tested=0 found=0 n=32616487725331376953125 elapsed=735s
progress: nodes=10,350,000,000 tested=0 found=0 n=100257054361924306640625 elapsed=736s
progress: nodes=10,360,000,000 tested=0 found=0 n=45895744285142958984375 elapsed=736s
progress: nodes=10,370,000,000 tested=0 found=0 n=31332975312804521484375 elapsed=737s
progress: nodes=10,380,000,000 tested=0 found=0 n=58110401957158916015625 elapsed=737s
progress: nodes=10,390,000,000 tested=0 found=0 n=56813569189456904296875 elapsed=738s
progress: nodes=10,400,000,000 tested=0 found=0 n=193521250264352080078125 elapsed=738s
progress: nodes=10,410,000,000 tested=0 found=0 n=243648411377563740234375 elapsed=739s
progress: nodes=10,420,000,000 tested=0 found=0 n=138103095187700068359375 elapsed=739s
progress: nodes=10,430,000,000 tested=0 found=0 n=102620135652747451171875 elapsed=740s
progress: nodes=10,440,000,000 tested=0 found=0 n=44902039219431240234375 elapsed=740s
progress: nodes=10,450,000,000 tested=0 found=0 n=32579355848976650390625 elapsed=741s
progress: nodes=10,460,000,000 tested=0 found=0 n=75993499265078408203125 elapsed=741s
progress: nodes=10,470,000,000 tested=0 found=0 n=54163942609943232421875 elapsed=742s
progress: nodes=10,480,000,000 tested=0 found=0 n=27161170681065205078125 elapsed=742s
progress: nodes=10,490,000,000 tested=0 found=0 n=100592134312566533203125 elapsed=743s
progress: nodes=10,500,000,000 tested=0 found=0 n=29087651413108564453125 elapsed=743s
progress: nodes=10,510,000,000 tested=0 found=0 n=28418400083797470703125 elapsed=744s
progress: nodes=10,520,000,000 tested=0 found=0 n=281017256457553154296875 elapsed=744s
progress: nodes=10,530,000,000 tested=0 found=0 n=65700464722592958984375 elapsed=745s
progress: nodes=10,540,000,000 tested=0 found=0 n=18421636305617314453125 elapsed=745s
progress: nodes=10,550,000,000 tested=0 found=0 n=42751312733775673828125 elapsed=746s
progress: nodes=10,560,000,000 tested=0 found=0 n=8633477743576435546875 elapsed=746s
progress: nodes=10,570,000,000 tested=0 found=0 n=16276460732523544921875 elapsed=747s
progress: nodes=10,580,000,000 tested=0 found=0 n=16180079346051943359375 elapsed=747s
progress: nodes=10,590,000,000 tested=0 found=0 n=24313011485061533203125 elapsed=748s
progress: nodes=10,600,000,000 tested=0 found=0 n=27066893551892314453125 elapsed=748s
progress: nodes=10,610,000,000 tested=0 found=0 n=135644163316853115234375 elapsed=749s
progress: nodes=10,620,000,000 tested=0 found=0 n=29637929285618291015625 elapsed=749s
progress: nodes=10,630,000,000 tested=0 found=0 n=21199413981909287109375 elapsed=750s
progress: nodes=10,640,000,000 tested=0 found=0 n=20722895883989736328125 elapsed=750s
progress: nodes=10,650,000,000 tested=0 found=0 n=13497157404834873046875 elapsed=751s
progress: nodes=10,660,000,000 tested=0 found=0 n=29201351095958818359375 elapsed=751s
progress: nodes=10,670,000,000 tested=0 found=0 n=46655486463437490234375 elapsed=752s
progress: nodes=10,680,000,000 tested=0 found=0 n=16557711189271611328125 elapsed=752s
progress: nodes=10,690,000,000 tested=0 found=0 n=23858937712748759765625 elapsed=753s
progress: nodes=10,700,000,000 tested=0 found=0 n=14492918256493447265625 elapsed=753s

done in 753.7s | nodes=10,707,289,183 | tested=0 | weird=0
