search v2: odd=True, N_CAP=1.00e+24, DELTA_MAX=1.0e+07, MIN_DEPTH=6
SPF shard: smallest prime factor = 3
P2 sub-shard: second prime factor = 5
P3 sub-sub-shard: third prime factor = 11
progress: nodes=10,000,000 tested=274 found=0 n=290970879709005500336475 elapsed=4s
progress: nodes=20,000,000 tested=274 found=0 n=638192596688836261504575 elapsed=7s
progress: nodes=30,000,000 tested=274 found=0 n=997154772715974039463725 elapsed=12s
progress: nodes=40,000,000 tested=274 found=0 n=342763272317252196878325 elapsed=16s
progress: nodes=50,000,000 tested=274 found=0 n=692348622896867802261825 elapsed=19s
progress: nodes=60,000,000 tested=274 found=0 n=63905653292196810312075 elapsed=24s
progress: nodes=70,000,000 tested=274 found=0 n=395391919281786973592475 elapsed=27s
progress: nodes=80,000,000 tested=274 found=0 n=747201183118545440924925 elapsed=31s
progress: nodes=90,000,000 tested=274 found=0 n=112343607330198887932575 elapsed=36s
progress: nodes=100,000,000 tested=274 found=0 n=448811214036424083841425 elapsed=39s
progress: nodes=110,000,000 tested=274 found=0 n=802717030734956499580275 elapsed=43s
progress: nodes=120,000,000 tested=274 found=0 n=162630517508914292955975 elapsed=48s
progress: nodes=130,000,000 tested=274 found=0 n=503228716493314804353075 elapsed=51s
progress: nodes=140,000,000 tested=274 found=0 n=858971355284697764570175 elapsed=54s
progress: nodes=150,000,000 tested=274 found=0 n=214456971644125166889075 elapsed=59s
progress: nodes=160,000,000 tested=274 found=0 n=558554348783085437286075 elapsed=63s
progress: nodes=170,000,000 tested=274 found=0 n=916217042740425620304825 elapsed=67s
progress: nodes=180,000,000 tested=274 found=0 n=267772131006389325534075 elapsed=72s
progress: nodes=190,000,000 tested=274 found=0 n=614825331805443382455975 elapsed=75s
progress: nodes=200,000,000 tested=274 found=0 n=974129937811495506294825 elapsed=80s
progress: nodes=210,000,000 tested=274 found=0 n=322088837101390879473525 elapsed=84s
progress: nodes=220,000,000 tested=274 found=0 n=671775697565765664503775 elapsed=87s
progress: nodes=230,000,000 tested=274 found=0 n=47052604513387470501075 elapsed=92s
progress: nodes=240,000,000 tested=274 found=0 n=377321779384500191659275 elapsed=96s
progress: nodes=250,000,000 tested=274 found=0 n=729471965842279203504675 elapsed=99s
progress: nodes=260,000,000 tested=274 found=0 n=97464083553508503084825 elapsed=104s
progress: nodes=270,000,000 tested=274 found=0 n=433608554710720051666575 elapsed=107s
progress: nodes=280,000,000 tested=274 found=0 n=787970922238153654883025 elapsed=111s
progress: nodes=290,000,000 tested=274 found=0 n=150136551834017717815275 elapsed=116s
progress: nodes=300,000,000 tested=274 found=0 n=490803869162515382534775 elapsed=119s
progress: nodes=310,000,000 tested=274 found=0 n=847221421463029643734275 elapsed=123s
progress: nodes=320,000,000 tested=274 found=0 n=204547298401817248159425 elapsed=128s
progress: nodes=330,000,000 tested=274 found=0 n=548906819312079936804525 elapsed=131s
progress: nodes=340,000,000 tested=274 found=0 n=907224556699881854888025 elapsed=135s
progress: nodes=350,000,000 tested=274 found=0 n=260285112609514756967775 elapsed=139s
progress: nodes=360,000,000 tested=274 found=0 n=607906602242249992421025 elapsed=143s
progress: nodes=370,000,000 tested=274 found=0 n=968031326910416154468225 elapsed=147s
progress: nodes=380,000,000 tested=274 found=0 n=317293103806408522103025 elapsed=151s
progress: nodes=390,000,000 tested=274 found=0 n=667772461984729550238075 elapsed=155s
progress: nodes=400,000,000 tested=274 found=0 n=44524055431920723977175 elapsed=160s
progress: nodes=410,000,000 tested=274 found=0 n=375395768230955629217775 elapsed=164s
progress: nodes=420,000,000 tested=274 found=0 n=728413837851407016405525 elapsed=167s
progress: nodes=430,000,000 tested=274 found=0 n=97327635595696246701675 elapsed=172s
progress: nodes=440,000,000 tested=274 found=0 n=434294104048737810188025 elapsed=176s
progress: nodes=450,000,000 tested=274 found=0 n=789535502749133787428925 elapsed=179s
progress: nodes=460,000,000 tested=274 found=0 n=152387069786203228644525 elapsed=185s
progress: nodes=470,000,000 tested=274 found=0 n=494071471729135666412475 elapsed=188s
progress: nodes=480,000,000 tested=274 found=0 n=851426653959819356873025 elapsed=192s
progress: nodes=490,000,000 tested=274 found=0 n=209174573387276756805975 elapsed=197s
progress: nodes=500,000,000 tested=274 found=0 n=554635478683495184793675 elapsed=200s
progress: nodes=510,000,000 tested=274 found=0 n=913935709191173124144975 elapsed=204s
progress: nodes=520,000,000 tested=274 found=0 n=267327591317575673988675 elapsed=209s
progress: nodes=530,000,000 tested=274 found=0 n=616124915932915418826225 elapsed=213s
progress: nodes=540,000,000 tested=274 found=0 n=977291357332282589979525 elapsed=217s
progress: nodes=550,000,000 tested=274 found=0 n=326778523473445362901725 elapsed=221s
progress: nodes=560,000,000 tested=274 found=0 n=678467512945557926844825 elapsed=225s
progress: nodes=570,000,000 tested=274 found=0 n=54318263853856521122175 elapsed=230s
progress: nodes=580,000,000 tested=274 found=0 n=387272453713568510684025 elapsed=234s
progress: nodes=590,000,000 tested=274 found=0 n=741548268331171325814075 elapsed=237s
progress: nodes=600,000,000 tested=274 found=0 n=109815398955901565794725 elapsed=242s
progress: nodes=610,000,000 tested=274 found=0 n=448753092693549035781675 elapsed=246s
progress: nodes=620,000,000 tested=274 found=0 n=805411934496749823854325 elapsed=249s
progress: nodes=630,000,000 tested=274 found=0 n=167602672494053543700525 elapsed=254s
progress: nodes=640,000,000 tested=274 found=0 n=511214200614423411394575 elapsed=258s
progress: nodes=650,000,000 tested=274 found=0 n=869924998045517392117425 elapsed=261s
progress: nodes=660,000,000 tested=274 found=0 n=227023478391335166437325 elapsed=266s
progress: nodes=670,000,000 tested=274 found=0 n=574320389043269860874025 elapsed=270s
progress: nodes=680,000,000 tested=274 found=0 n=934971448384548312748725 elapsed=274s
progress: nodes=690,000,000 tested=274 found=0 n=287716368383520167723775 elapsed=278s
progress: nodes=700,000,000 tested=274 found=0 n=638306495356921653265575 elapsed=282s
progress: nodes=710,000,000 tested=274 found=0 n=21333966722530673414775 elapsed=287s
progress: nodes=720,000,000 tested=274 found=0 n=349847927264050910698575 elapsed=291s
progress: nodes=730,000,000 tested=274 found=0 n=703376835803866716030825 elapsed=294s
progress: nodes=740,000,000 tested=274 found=0 n=76734523946799731072775 elapsed=299s
progress: nodes=750,000,000 tested=274 found=0 n=413146483134661873386075 elapsed=302s
progress: nodes=760,000,000 tested=274 found=0 n=769336636294542783956775 elapsed=306s
progress: nodes=770,000,000 tested=274 found=0 n=135644829277224202639275 elapsed=311s
progress: nodes=780,000,000 tested=274 found=0 n=477672600337785319434825 elapsed=314s
progress: nodes=790,000,000 tested=274 found=0 n=836189074206958695719925 elapsed=318s
progress: nodes=800,000,000 tested=274 found=0 n=196764393948266122482075 elapsed=322s
progress: nodes=810,000,000 tested=274 found=0 n=543168008059124080164675 elapsed=326s
progress: nodes=820,000,000 tested=274 found=0 n=903927990989315930555775 elapsed=329s
progress: nodes=830,000,000 tested=274 found=0 n=259613723730009954708975 elapsed=334s
progress: nodes=840,000,000 tested=274 found=0 n=609656245915171316765475 elapsed=337s
progress: nodes=850,000,000 tested=274 found=0 n=972335872544391457041225 elapsed=342s
progress: nodes=860,000,000 tested=274 found=0 n=323791246639345899081525 elapsed=346s
progress: nodes=870,000,000 tested=274 found=0 n=676993709692404675638925 elapsed=349s
progress: nodes=880,000,000 tested=274 found=0 n=54505795713883916484225 elapsed=354s
progress: nodes=890,000,000 tested=274 found=0 n=389094963499889892284325 elapsed=357s
progress: nodes=900,000,000 tested=274 found=0 n=745132443662757188620725 elapsed=361s
progress: nodes=910,000,000 tested=274 found=0 n=114531691262746158483225 elapsed=366s
progress: nodes=920,000,000 tested=274 found=0 n=455465195226993467769825 elapsed=369s
progress: nodes=930,000,000 tested=274 found=0 n=814033363066445204836725 elapsed=372s
progress: nodes=940,000,000 tested=274 found=0 n=177155540853704753844075 elapsed=377s
progress: nodes=950,000,000 tested=274 found=0 n=523069501830812731798575 elapsed=381s
progress: nodes=960,000,000 tested=274 found=0 n=883982847027943283553075 elapsed=384s
progress: nodes=970,000,000 tested=274 found=0 n=241700676537522919205775 elapsed=389s
progress: nodes=980,000,000 tested=274 found=0 n=591596462057219617359075 elapsed=392s
progress: nodes=990,000,000 tested=274 found=0 n=954519257834217032625525 elapsed=396s
progress: nodes=1,000,000,000 tested=274 found=0 n=307704262443205749982575 elapsed=401s
progress: nodes=1,010,000,000 tested=274 found=0 n=660974827732784286332325 elapsed=404s
progress: nodes=1,020,000,000 tested=274 found=0 n=41492605421275362000075 elapsed=409s
progress: nodes=1,030,000,000 tested=274 found=0 n=374968287055681198190025 elapsed=413s
progress: nodes=1,040,000,000 tested=274 found=0 n=731145276598915990608225 elapsed=416s
progress: nodes=1,050,000,000 tested=274 found=0 n=102665955306154446567075 elapsed=421s
progress: nodes=1,060,000,000 tested=274 found=0 n=443247333070703285906925 elapsed=424s
progress: nodes=1,070,000,000 tested=274 found=0 n=802078793486017126032525 elapsed=428s
progress: nodes=1,080,000,000 tested=274 found=0 n=166778211064509246312825 elapsed=433s
progress: nodes=1,090,000,000 tested=274 found=0 n=512637498544662247967925 elapsed=436s
progress: nodes=1,100,000,000 tested=274 found=0 n=873811788518112553641675 elapsed=439s
progress: nodes=1,110,000,000 tested=274 found=0 n=232905629951773383815925 elapsed=444s
progress: nodes=1,120,000,000 tested=274 found=0 n=582924417235211498936775 elapsed=448s
progress: nodes=1,130,000,000 tested=274 found=0 n=946232069802469645026975 elapsed=452s
progress: nodes=1,140,000,000 tested=274 found=0 n=300564296038874566917075 elapsed=456s
progress: nodes=1,150,000,000 tested=274 found=0 n=654088931566368904202025 elapsed=459s
progress: nodes=1,160,000,000 tested=274 found=0 n=36230086674965618281275 elapsed=464s
progress: nodes=1,170,000,000 tested=274 found=0 n=369501629866077164216475 elapsed=467s
progress: nodes=1,180,000,000 tested=274 found=0 n=726081255347089303115025 elapsed=471s
progress: nodes=1,190,000,000 tested=274 found=0 n=98767461315686310243525 elapsed=476s
progress: nodes=1,200,000,000 tested=274 found=0 n=439595714069984277995475 elapsed=480s
progress: nodes=1,210,000,000 tested=274 found=0 n=798938459953380250400325 elapsed=483s
progress: nodes=1,220,000,000 tested=274 found=0 n=164504187289980520779225 elapsed=488s
progress: nodes=1,230,000,000 tested=274 found=0 n=510806145016260091938225 elapsed=492s
progress: nodes=1,240,000,000 tested=274 found=0 n=872538399239303784305175 elapsed=495s
progress: nodes=1,250,000,000 tested=274 found=0 n=232317070967103669700725 elapsed=500s
progress: nodes=1,260,000,000 tested=274 found=0 n=582901291490949959931975 elapsed=504s
progress: nodes=1,270,000,000 tested=274 found=0 n=946842740562650532132675 elapsed=508s
progress: nodes=1,280,000,000 tested=274 found=0 n=301754094496325436654975 elapsed=512s
progress: nodes=1,290,000,000 tested=274 found=0 n=655973065870731650645175 elapsed=516s
progress: nodes=1,300,000,000 tested=274 found=0 n=38331700239297548322525 elapsed=521s
progress: nodes=1,310,000,000 tested=274 found=0 n=372591058662385418073075 elapsed=525s
progress: nodes=1,320,000,000 tested=274 found=0 n=729996156122545771097925 elapsed=528s
progress: nodes=1,330,000,000 tested=274 found=0 n=102891050582547131007675 elapsed=533s
progress: nodes=1,340,000,000 tested=274 found=0 n=444873196179634072389825 elapsed=536s
progress: nodes=1,350,000,000 tested=274 found=0 n=805163102758128042560775 elapsed=540s
progress: nodes=1,360,000,000 tested=274 found=0 n=170944331560218665280975 elapsed=545s
progress: nodes=1,370,000,000 tested=274 found=0 n=518440297072019484666075 elapsed=548s
progress: nodes=1,380,000,000 tested=274 found=0 n=881195355973931554488075 elapsed=552s
progress: nodes=1,390,000,000 tested=274 found=0 n=241073836768964910056775 elapsed=557s
progress: nodes=1,400,000,000 tested=274 found=0 n=592874921772354988048425 elapsed=560s
progress: nodes=1,410,000,000 tested=274 found=0 n=957835773688252164966975 elapsed=565s
progress: nodes=1,420,000,000 tested=274 found=0 n=312736590051449425150575 elapsed=569s
progress: nodes=1,430,000,000 tested=274 found=0 n=668086588779051605774325 elapsed=572s
progress: nodes=1,440,000,000 tested=274 found=0 n=49239276066267086739225 elapsed=577s
progress: nodes=1,450,000,000 tested=274 found=0 n=385727106973922212752825 elapsed=581s
progress: nodes=1,460,000,000 tested=274 found=0 n=744355229842430502893025 elapsed=584s
progress: nodes=1,470,000,000 tested=274 found=0 n=116325603306467274065775 elapsed=589s
progress: nodes=1,480,000,000 tested=274 found=0 n=460143040971111979541775 elapsed=593s
progress: nodes=1,490,000,000 tested=274 found=0 n=821584618865824243276275 elapsed=596s
progress: nodes=1,500,000,000 tested=274 found=0 n=186657083325709561304025 elapsed=601s
progress: nodes=1,510,000,000 tested=274 found=0 n=535785252136914582434775 elapsed=605s
progress: nodes=1,520,000,000 tested=274 found=0 n=899774347447999743173025 elapsed=608s
progress: nodes=1,530,000,000 tested=274 found=0 n=259026195234233322334725 elapsed=613s
progress: nodes=1,540,000,000 tested=274 found=0 n=612442112023554020990925 elapsed=616s
progress: nodes=1,550,000,000 tested=274 found=0 n=978722005153967107143825 elapsed=621s
progress: nodes=1,560,000,000 tested=274 found=0 n=333110351238001235366325 elapsed=625s
progress: nodes=1,570,000,000 tested=274 found=0 n=690156663840734021227725 elapsed=628s
progress: nodes=1,580,000,000 tested=274 found=0 n=68930549079916163972475 elapsed=633s
progress: nodes=1,590,000,000 tested=274 found=0 n=408577389342899776739025 elapsed=636s
progress: nodes=1,600,000,000 tested=274 found=0 n=768857357040093841623675 elapsed=639s
progress: nodes=1,610,000,000 tested=274 found=0 n=139157840832764542856925 elapsed=644s
progress: nodes=1,620,000,000 tested=274 found=0 n=485586553389890050602075 elapsed=648s
progress: nodes=1,630,000,000 tested=274 found=0 n=848583892646589174922275 elapsed=651s
progress: nodes=1,640,000,000 tested=274 found=0 n=212091467639080392545325 elapsed=656s
progress: nodes=1,650,000,000 tested=274 found=0 n=563462737819826225098575 elapsed=659s
progress: nodes=1,660,000,000 tested=274 found=0 n=928946326456166746910325 elapsed=663s
progress: nodes=1,670,000,000 tested=274 found=0 n=286976114387635100710425 elapsed=667s
progress: nodes=1,680,000,000 tested=274 found=0 n=642539696801915553251325 elapsed=670s
progress: nodes=1,690,000,000 tested=274 found=0 n=28954351430213667218475 elapsed=675s
progress: nodes=1,700,000,000 tested=274 found=0 n=363664425818555133440025 elapsed=679s
progress: nodes=1,710,000,000 tested=274 found=0 n=722756689624888132510725 elapsed=682s
progress: nodes=1,720,000,000 tested=274 found=0 n=98292713573179225890075 elapsed=687s
progress: nodes=1,730,000,000 tested=274 found=0 n=441787251426317090247525 elapsed=690s
progress: nodes=1,740,000,000 tested=274 found=0 n=803972659261351807795425 elapsed=693s
progress: nodes=1,750,000,000 tested=274 found=0 n=171691622419230438857475 elapsed=698s
progress: nodes=1,760,000,000 tested=274 found=0 n=521198945071273956426225 elapsed=701s
progress: nodes=1,770,000,000 tested=274 found=0 n=886078637741850555899325 elapsed=705s
progress: nodes=1,780,000,000 tested=274 found=0 n=247535731147985503605525 elapsed=710s
progress: nodes=1,790,000,000 tested=274 found=0 n=601715345654062673286825 elapsed=713s
progress: nodes=1,800,000,000 tested=274 found=0 n=969010855773959755646175 elapsed=717s
progress: nodes=1,810,000,000 tested=274 found=0 n=325242802098760762884525 elapsed=721s
progress: nodes=1,820,000,000 tested=274 found=0 n=683200479414741243673575 elapsed=724s
progress: nodes=1,830,000,000 tested=274 found=0 n=64019280959839898861025 elapsed=729s
progress: nodes=1,840,000,000 tested=274 found=0 n=404297701106960811010575 elapsed=733s
progress: nodes=1,850,000,000 tested=274 found=0 n=765547221200022241126575 elapsed=736s
progress: nodes=1,860,000,000 tested=274 found=0 n=137206914513574777003275 elapsed=741s
progress: nodes=1,870,000,000 tested=274 found=0 n=484659799567266807122925 elapsed=745s
progress: nodes=1,880,000,000 tested=274 found=0 n=848837396693976108308175 elapsed=748s
progress: nodes=1,890,000,000 tested=274 found=0 n=213500873163346246195575 elapsed=753s
progress: nodes=1,900,000,000 tested=274 found=0 n=566215179106998194620275 elapsed=756s
progress: nodes=1,910,000,000 tested=274 found=0 n=933024838599224738270475 elapsed=760s
progress: nodes=1,920,000,000 tested=274 found=0 n=291945562237473651689325 elapsed=764s
progress: nodes=1,930,000,000 tested=274 found=0 n=648964671235878343728525 elapsed=768s
progress: nodes=1,940,000,000 tested=274 found=0 n=35281531707867321837675 elapsed=772s
progress: nodes=1,950,000,000 tested=274 found=0 n=372157846860011509643775 elapsed=776s
progress: nodes=1,960,000,000 tested=274 found=0 n=732782757464508166598325 elapsed=779s
progress: nodes=1,970,000,000 tested=274 found=0 n=108265062052578624346725 elapsed=784s
progress: nodes=1,980,000,000 tested=274 found=0 n=453736119197277728708325 elapsed=787s
progress: nodes=1,990,000,000 tested=274 found=0 n=817476432528266190633525 elapsed=791s
progress: nodes=2,000,000,000 tested=274 found=0 n=185180437959260565854175 elapsed=796s
progress: nodes=2,010,000,000 tested=274 found=0 n=536610638447779739125425 elapsed=799s
progress: nodes=2,020,000,000 tested=274 found=0 n=903090307090737620615475 elapsed=803s
progress: nodes=2,030,000,000 tested=274 found=0 n=264435855903395347088775 elapsed=808s
progress: nodes=2,040,000,000 tested=274 found=0 n=620530975979880031755975 elapsed=811s
progress: nodes=2,050,000,000 tested=274 found=0 n=989534294569733185276575 elapsed=816s
progress: nodes=2,060,000,000 tested=274 found=0 n=345725635906684640810775 elapsed=820s
progress: nodes=2,070,000,000 tested=274 found=0 n=705772469620846917356925 elapsed=823s
progress: nodes=2,080,000,000 tested=274 found=0 n=84857922777770087441925 elapsed=828s
progress: nodes=2,090,000,000 tested=274 found=0 n=428694695484726258899025 elapsed=832s
progress: nodes=2,100,000,000 tested=274 found=0 n=792137118594430427879775 elapsed=835s
progress: nodes=2,110,000,000 tested=274 found=0 n=162540660937228941005925 elapsed=840s
progress: nodes=2,120,000,000 tested=274 found=0 n=513145435891549683618825 elapsed=843s
progress: nodes=2,130,000,000 tested=274 found=0 n=879558877033556036427825 elapsed=847s
progress: nodes=2,140,000,000 tested=274 found=0 n=243190595872535684769825 elapsed=852s
progress: nodes=2,150,000,000 tested=274 found=0 n=598980522962821113660975 elapsed=855s
progress: nodes=2,160,000,000 tested=274 found=0 n=968089971760120494831975 elapsed=860s
progress: nodes=2,170,000,000 tested=274 found=0 n=326189999383096403015175 elapsed=864s
progress: nodes=2,180,000,000 tested=274 found=0 n=686065692891014309133975 elapsed=867s
progress: nodes=2,190,000,000 tested=274 found=0 n=68191505089599691295925 elapsed=872s
progress: nodes=2,200,000,000 tested=274 found=0 n=410847052147108476588975 elapsed=875s
progress: nodes=2,210,000,000 tested=274 found=0 n=774334314943971736307925 elapsed=879s
progress: nodes=2,220,000,000 tested=274 found=0 n=147029453730837246758475 elapsed=884s
progress: nodes=2,230,000,000 tested=274 found=0 n=497164967377761255369225 elapsed=887s
progress: nodes=2,240,000,000 tested=274 found=0 n=863716659843233216280975 elapsed=890s
progress: nodes=2,250,000,000 tested=274 found=0 n=229190841699149736152175 elapsed=895s
progress: nodes=2,260,000,000 tested=274 found=0 n=584783990843731142274525 elapsed=899s
progress: nodes=2,270,000,000 tested=274 found=0 n=954132815707050407646075 elapsed=903s
progress: nodes=2,280,000,000 tested=274 found=0 n=313694404146104973838275 elapsed=907s
progress: nodes=2,290,000,000 tested=274 found=0 n=673637853253265373769725 elapsed=910s
progress: nodes=2,300,000,000 tested=274 found=0 n=57977749707859438989675 elapsed=915s
progress: nodes=2,310,000,000 tested=274 found=0 n=399977106984591501468675 elapsed=919s
progress: nodes=2,320,000,000 tested=274 found=0 n=763633596672573267508725 elapsed=922s
progress: nodes=2,330,000,000 tested=274 found=0 n=137853999710823416581275 elapsed=927s
progress: nodes=2,340,000,000 tested=274 found=0 n=487832368376562044367675 elapsed=930s
progress: nodes=2,350,000,000 tested=274 found=0 n=854689687859318926854525 elapsed=934s
progress: nodes=2,360,000,000 tested=274 found=0 n=221355661216041399837075 elapsed=938s
progress: nodes=2,370,000,000 tested=274 found=0 n=577032721270136149729425 elapsed=942s
progress: nodes=2,380,000,000 tested=274 found=0 n=946760950467912375477825 elapsed=946s
progress: nodes=2,390,000,000 tested=274 found=0 n=307293654228450633840525 elapsed=950s
progress: nodes=2,400,000,000 tested=274 found=0 n=667478969429011839538725 elapsed=953s
progress: nodes=2,410,000,000 tested=274 found=0 n=53095628576786466603075 elapsed=958s
progress: nodes=2,420,000,000 tested=274 found=0 n=394962915346910344530525 elapsed=961s
progress: nodes=2,430,000,000 tested=274 found=0 n=758919182757273643365975 elapsed=964s
progress: nodes=2,440,000,000 tested=274 found=0 n=134072040598349501279775 elapsed=969s
progress: nodes=2,450,000,000 tested=274 found=0 n=484242671729483480631675 elapsed=972s
progress: nodes=2,460,000,000 tested=274 found=0 n=851454001046810073380325 elapsed=976s
progress: nodes=2,470,000,000 tested=274 found=0 n=218769997046891863576575 elapsed=980s
progress: nodes=2,480,000,000 tested=274 found=0 n=574722081425084655980775 elapsed=984s
progress: nodes=2,490,000,000 tested=274 found=0 n=944787088835764658945175 elapsed=988s
progress: nodes=2,500,000,000 tested=274 found=0 n=305900907225463299245925 elapsed=992s
progress: nodes=2,510,000,000 tested=274 found=0 n=666537291488129931580425 elapsed=995s
progress: nodes=2,520,000,000 tested=274 found=0 n=52789458770851984542075 elapsed=1000s
progress: nodes=2,530,000,000 tested=274 found=0 n=395188151015404811053275 elapsed=1003s
progress: nodes=2,540,000,000 tested=274 found=0 n=759760705079726715104025 elapsed=1006s
progress: nodes=2,550,000,000 tested=274 found=0 n=135392953834787547981225 elapsed=1011s
progress: nodes=2,560,000,000 tested=274 found=0 n=486263347917465112662525 elapsed=1014s
progress: nodes=2,570,000,000 tested=274 found=0 n=854229696175605200161425 elapsed=1017s
progress: nodes=2,580,000,000 tested=274 found=0 n=221984089145117696943975 elapsed=1022s
progress: nodes=2,590,000,000 tested=274 found=0 n=578805841904430022278825 elapsed=1025s
progress: nodes=2,600,000,000 tested=274 found=0 n=949661233915914499368675 elapsed=1029s
progress: nodes=2,610,000,000 tested=274 found=0 n=311067569073825469308975 elapsed=1033s
progress: nodes=2,620,000,000 tested=274 found=0 n=672545719131548072821725 elapsed=1037s
progress: nodes=2,630,000,000 tested=274 found=0 n=58487094468805696754775 elapsed=1041s
progress: nodes=2,640,000,000 tested=274 found=0 n=402146440993480693856775 elapsed=1045s
progress: nodes=2,650,000,000 tested=274 found=0 n=767496096168117405021075 elapsed=1048s
progress: nodes=2,660,000,000 tested=274 found=0 n=142843952674350167729775 elapsed=1053s
progress: nodes=2,670,000,000 tested=274 found=0 n=494750546078763536980275 elapsed=1056s
progress: nodes=2,680,000,000 tested=274 found=0 n=863372991740419857335925 elapsed=1059s
progress: nodes=2,690,000,000 tested=274 found=0 n=230863718290920199302675 elapsed=1064s
progress: nodes=2,700,000,000 tested=274 found=0 n=588645567309538265230275 elapsed=1067s
progress: nodes=2,710,000,000 tested=274 found=0 n=960218214951252041037825 elapsed=1071s
progress: nodes=2,720,000,000 tested=274 found=0 n=321415815584464567470075 elapsed=1075s
progress: nodes=2,730,000,000 tested=274 found=0 n=683802850558807202769975 elapsed=1078s
progress: nodes=2,740,000,000 tested=274 found=0 n=68661835267665394765725 elapsed=1083s
progress: nodes=2,750,000,000 tested=274 found=0 n=414040247284508712464025 elapsed=1086s
progress: nodes=2,760,000,000 tested=274 found=0 n=780502817896084035399075 elapsed=1090s
progress: nodes=2,770,000,000 tested=274 found=0 n=155251594003005009713775 elapsed=1094s
progress: nodes=2,780,000,000 tested=274 found=0 n=508743772357746852615975 elapsed=1098s
progress: nodes=2,790,000,000 tested=274 found=0 n=878524256058441589664925 elapsed=1101s
progress: nodes=2,800,000,000 tested=274 found=0 n=245555567647429258973325 elapsed=1106s
progress: nodes=2,810,000,000 tested=274 found=0 n=604759247156246870248275 elapsed=1110s
progress: nodes=2,820,000,000 tested=274 found=0 n=977386990972252432968825 elapsed=1114s
progress: nodes=2,830,000,000 tested=274 found=0 n=338231729233866072022275 elapsed=1118s
progress: nodes=2,840,000,000 tested=274 found=0 n=701993826000395132693775 elapsed=1122s
progress: nodes=2,850,000,000 tested=274 found=0 n=85161011705414206022175 elapsed=1126s
progress: nodes=2,860,000,000 tested=274 found=0 n=432949891756298751087825 elapsed=1130s
progress: nodes=2,870,000,000 tested=274 found=0 n=800650034864216570029425 elapsed=1133s
progress: nodes=2,880,000,000 tested=274 found=0 n=174136698198258018870075 elapsed=1138s
progress: nodes=2,890,000,000 tested=274 found=0 n=529520407814612393675925 elapsed=1142s
progress: nodes=2,900,000,000 tested=274 found=0 n=900504694619512456692075 elapsed=1145s
progress: nodes=2,910,000,000 tested=274 found=0 n=266585976954594530022075 elapsed=1150s
progress: nodes=2,920,000,000 tested=274 found=0 n=627474644353819573857975 elapsed=1154s
progress: nodes=2,930,000,000 tested=274 found=0 n=21920303185784902180425 elapsed=1159s
progress: nodes=2,940,000,000 tested=274 found=0 n=361429084998436207070175 elapsed=1162s
progress: nodes=2,950,000,000 tested=274 found=0 n=726763249152113508224175 elapsed=1165s
progress: nodes=2,960,000,000 tested=274 found=0 n=107624221741915907381925 elapsed=1170s
progress: nodes=2,970,000,000 tested=274 found=0 n=458109707821555870841475 elapsed=1174s
progress: nodes=2,980,000,000 tested=274 found=0 n=827222570870665984453725 elapsed=1177s
progress: nodes=2,990,000,000 tested=274 found=0 n=199002490424459574255975 elapsed=1182s
progress: nodes=3,000,000,000 tested=274 found=0 n=556430703335895687038025 elapsed=1185s
progress: nodes=3,010,000,000 tested=274 found=0 n=928760875406803023016575 elapsed=1189s
progress: nodes=3,020,000,000 tested=274 found=0 n=293460999796018312969425 elapsed=1194s
progress: nodes=3,030,000,000 tested=274 found=0 n=656171242061091139200675 elapsed=1197s
progress: nodes=3,040,000,000 tested=274 found=0 n=46165268436892313290725 elapsed=1202s
progress: nodes=3,050,000,000 tested=274 found=0 n=390149495741971882520175 elapsed=1205s
progress: nodes=3,060,000,000 tested=274 found=0 n=757148621355042623774925 elapsed=1209s
progress: nodes=3,070,000,000 tested=274 found=0 n=135393934967267986227075 elapsed=1214s
progress: nodes=3,080,000,000 tested=274 found=0 n=488775012482250178938825 elapsed=1217s
progress: nodes=3,090,000,000 tested=274 found=0 n=859402858444480626629925 elapsed=1220s
progress: nodes=3,100,000,000 tested=274 found=0 n=229251522214464189393525 elapsed=1225s
progress: nodes=3,110,000,000 tested=274 found=0 n=589088571634440411523275 elapsed=1228s
progress: nodes=3,120,000,000 tested=274 found=0 n=962946711313640042021175 elapsed=1233s
progress: nodes=3,130,000,000 tested=274 found=0 n=326161395458796607398975 elapsed=1236s
progress: nodes=3,140,000,000 tested=274 found=0 n=690968648809315082595675 elapsed=1240s
progress: nodes=3,150,000,000 tested=274 found=0 n=76808360470090433301975 elapsed=1245s
progress: nodes=3,160,000,000 tested=274 found=0 n=425108970248076835138275 elapsed=1248s
progress: nodes=3,170,000,000 tested=274 found=0 n=793955985268845754501575 elapsed=1251s
progress: nodes=3,180,000,000 tested=274 found=0 n=169349700337708801793025 elapsed=1256s
progress: nodes=3,190,000,000 tested=274 found=0 n=525816595417234158169275 elapsed=1259s
progress: nodes=3,200,000,000 tested=274 found=0 n=898234708102392898991325 elapsed=1263s
progress: nodes=3,210,000,000 tested=274 found=0 n=265992991336205445623025 elapsed=1267s
progress: nodes=3,220,000,000 tested=274 found=0 n=628433285764017264627525 elapsed=1271s
progress: nodes=3,230,000,000 tested=274 found=0 n=24046864648894780610775 elapsed=1275s
progress: nodes=3,240,000,000 tested=274 found=0 n=365541822138441622320075 elapsed=1278s
progress: nodes=3,250,000,000 tested=274 found=0 n=732716323269795695827425 elapsed=1282s
progress: nodes=3,260,000,000 tested=274 found=0 n=114470337881659401953025 elapsed=1286s
progress: nodes=3,270,000,000 tested=274 found=0 n=467203145928004843489275 elapsed=1289s
progress: nodes=3,280,000,000 tested=274 found=0 n=838259781629145297675825 elapsed=1293s
progress: nodes=3,290,000,000 tested=274 found=0 n=210699551953953251292675 elapsed=1297s
progress: nodes=3,300,000,000 tested=274 found=0 n=570477950087081592838425 elapsed=1301s
progress: nodes=3,310,000,000 tested=274 found=0 n=944825360866773225335925 elapsed=1304s
progress: nodes=3,320,000,000 tested=274 found=0 n=310114470546208566284475 elapsed=1308s
progress: nodes=3,330,000,000 tested=274 found=0 n=675225712023377807495775 elapsed=1312s
progress: nodes=3,340,000,000 tested=274 found=0 n=64028756020831316168025 elapsed=1316s
progress: nodes=3,350,000,000 tested=274 found=0 n=411964703693070772454925 elapsed=1320s
progress: nodes=3,360,000,000 tested=274 found=0 n=781486229234006038131675 elapsed=1323s
progress: nodes=3,370,000,000 tested=274 found=0 n=159028274256223843260075 elapsed=1327s
progress: nodes=3,380,000,000 tested=274 found=0 n=515890843345411663733175 elapsed=1331s
progress: nodes=3,390,000,000 tested=274 found=0 n=889128215837213954648475 elapsed=1334s
progress: nodes=3,400,000,000 tested=274 found=0 n=258436316353217889733275 elapsed=1338s
progress: nodes=3,410,000,000 tested=274 found=0 n=621494467600379598364425 elapsed=1342s
progress: nodes=3,420,000,000 tested=274 found=0 n=997922420298800267088675 elapsed=1346s
progress: nodes=3,430,000,000 tested=274 found=0 n=360721944480693961211475 elapsed=1349s
progress: nodes=3,440,000,000 tested=274 found=0 n=728712794500497444033825 elapsed=1353s
progress: nodes=3,450,000,000 tested=274 found=0 n=111800375993436347506575 elapsed=1357s
progress: nodes=3,460,000,000 tested=274 found=0 n=465345333036127390736175 elapsed=1361s
progress: nodes=3,470,000,000 tested=274 found=0 n=837439329996026072311425 elapsed=1364s
progress: nodes=3,480,000,000 tested=274 found=0 n=211032763871016910476225 elapsed=1368s
progress: nodes=3,490,000,000 tested=274 found=0 n=571916337032655253857075 elapsed=1372s
progress: nodes=3,500,000,000 tested=274 found=0 n=947507911795150020454425 elapsed=1375s
progress: nodes=3,510,000,000 tested=274 found=0 n=313774035419613341891175 elapsed=1379s
progress: nodes=3,520,000,000 tested=274 found=0 n=680239250595944743607475 elapsed=1383s
progress: nodes=3,530,000,000 tested=274 found=0 n=69417607414211733094275 elapsed=1387s
progress: nodes=3,540,000,000 tested=274 found=0 n=419085113743131039407775 elapsed=1390s
progress: nodes=3,550,000,000 tested=274 found=0 n=790021673058837413690925 elapsed=1394s
progress: nodes=3,560,000,000 tested=274 found=0 n=167839301117413380301275 elapsed=1398s
progress: nodes=3,570,000,000 tested=274 found=0 n=526364172636134856963225 elapsed=1401s
progress: nodes=3,580,000,000 tested=274 found=0 n=900988597032062956484925 elapsed=1405s
progress: nodes=3,590,000,000 tested=274 found=0 n=270542302292865794108775 elapsed=1409s
progress: nodes=3,600,000,000 tested=274 found=0 n=635236040904179751754575 elapsed=1412s
progress: nodes=3,610,000,000 tested=274 found=0 n=31300863009274957280325 elapsed=1417s
progress: nodes=3,620,000,000 tested=274 found=0 n=376038698082012789477225 elapsed=1420s
progress: nodes=3,630,000,000 tested=274 found=0 n=745741791163006906436025 elapsed=1423s
progress: nodes=3,640,000,000 tested=274 found=0 n=128070097206108406667175 elapsed=1428s
progress: nodes=3,650,000,000 tested=274 found=0 n=484054495962853654098975 elapsed=1431s
progress: nodes=3,660,000,000 tested=274 found=0 n=857828679108467575369575 elapsed=1435s
progress: nodes=3,670,000,000 tested=274 found=0 n=230847280835998052987475 elapsed=1440s
progress: nodes=3,680,000,000 tested=274 found=0 n=593978746753703439939525 elapsed=1443s
progress: nodes=3,690,000,000 tested=274 found=0 n=971156115798883467120525 elapsed=1447s
progress: nodes=3,700,000,000 tested=274 found=0 n=336929710840139745588975 elapsed=1451s
progress: nodes=3,710,000,000 tested=274 found=0 n=705352287177666006996975 elapsed=1455s
progress: nodes=3,720,000,000 tested=274 found=0 n=92391142729099314103575 elapsed=1459s
progress: nodes=3,730,000,000 tested=274 found=0 n=445488639925494574298175 elapsed=1463s
progress: nodes=3,740,000,000 tested=274 found=0 n=818389351644934566386175 elapsed=1466s
progress: nodes=3,750,000,000 tested=274 found=0 n=194931101727440288957175 elapsed=1471s
progress: nodes=3,760,000,000 tested=274 found=0 n=556386584556263918360475 elapsed=1474s
progress: nodes=3,770,000,000 tested=274 found=0 n=933129065359637206964475 elapsed=1478s
progress: nodes=3,780,000,000 tested=274 found=0 n=301772155811362136568525 elapsed=1482s
progress: nodes=3,790,000,000 tested=274 found=0 n=669219746356495857119025 elapsed=1486s
progress: nodes=3,800,000,000 tested=274 found=0 n=61195974733492665913275 elapsed=1490s
progress: nodes=3,810,000,000 tested=274 found=0 n=411354090328924724949825 elapsed=1494s
progress: nodes=3,820,000,000 tested=274 found=0 n=783561411047873426171775 elapsed=1497s
progress: nodes=3,830,000,000 tested=274 found=0 n=163392267453130062086025 elapsed=1502s
progress: nodes=3,840,000,000 tested=274 found=0 n=523145703334584401610825 elapsed=1505s
progress: nodes=3,850,000,000 tested=274 found=0 n=899186528885182799793675 elapsed=1508s
progress: nodes=3,860,000,000 tested=274 found=0 n=270330429551486902315575 elapsed=1513s
progress: nodes=3,870,000,000 tested=274 found=0 n=636562373142466730613225 elapsed=1516s
progress: nodes=3,880,000,000 tested=274 found=0 n=33749847536904520818225 elapsed=1521s
progress: nodes=3,890,000,000 tested=274 found=0 n=380383946418911372941575 elapsed=1524s
progress: nodes=3,900,000,000 tested=274 found=0 n=751750480002426121706775 elapsed=1528s
progress: nodes=3,910,000,000 tested=274 found=0 n=134850745552881008583075 elapsed=1532s
progress: nodes=3,920,000,000 tested=274 found=0 n=492815086087758075674175 elapsed=1536s
progress: nodes=3,930,000,000 tested=274 found=0 n=868284939875005995545775 elapsed=1539s
progress: nodes=3,940,000,000 tested=274 found=0 n=241923742659150966875175 elapsed=1544s
progress: nodes=3,950,000,000 tested=274 found=0 n=607069545619061932653675 elapsed=1547s
progress: nodes=3,960,000,000 tested=274 found=0 n=986068908032497960016775 elapsed=1552s
progress: nodes=3,970,000,000 tested=274 found=0 n=352439782210728292369575 elapsed=1555s
progress: nodes=3,980,000,000 tested=274 found=0 n=722956347005732240297325 elapsed=1558s
progress: nodes=3,990,000,000 tested=274 found=0 n=109318209099625439981925 elapsed=1563s
progress: nodes=4,000,000,000 tested=274 found=0 n=465417071674577671216425 elapsed=1566s
progress: nodes=4,010,000,000 tested=274 found=0 n=840331855621507896707775 elapsed=1570s
progress: nodes=4,020,000,000 tested=274 found=0 n=216349407883263292841775 elapsed=1574s
progress: nodes=4,030,000,000 tested=274 found=0 n=580343265265224887079225 elapsed=1578s
progress: nodes=4,040,000,000 tested=274 found=0 n=958994692347088074581475 elapsed=1582s
progress: nodes=4,050,000,000 tested=274 found=0 n=327274792600363903784775 elapsed=1586s
progress: nodes=4,060,000,000 tested=274 found=0 n=697112437862128359174675 elapsed=1589s
progress: nodes=4,070,000,000 tested=274 found=0 n=86706864727840185618075 elapsed=1594s
progress: nodes=4,080,000,000 tested=274 found=0 n=440951197020474316680075 elapsed=1597s
progress: nodes=4,090,000,000 tested=274 found=0 n=815474781059623140016275 elapsed=1600s
progress: nodes=4,100,000,000 tested=274 found=0 n=193853497934923445050575 elapsed=1605s
progress: nodes=4,110,000,000 tested=274 found=0 n=556854999672385577602725 elapsed=1608s
progress: nodes=4,120,000,000 tested=274 found=0 n=935302267908318451809525 elapsed=1612s
progress: nodes=4,130,000,000 tested=274 found=0 n=305452824234009938739825 elapsed=1616s
progress: nodes=4,140,000,000 tested=274 found=0 n=674739057845441030452725 elapsed=1619s
progress: nodes=4,150,000,000 tested=274 found=0 n=67488863219407420544325 elapsed=1623s
progress: nodes=4,160,000,000 tested=274 found=0 n=420077571985645721229225 elapsed=1627s
progress: nodes=4,170,000,000 tested=274 found=0 n=794318082195559338770925 elapsed=1630s
progress: nodes=4,180,000,000 tested=274 found=0 n=174849115637834749607925 elapsed=1634s
progress: nodes=4,190,000,000 tested=274 found=0 n=537037772859105532303575 elapsed=1637s
progress: nodes=4,200,000,000 tested=274 found=0 n=915291662233395276268725 elapsed=1641s
progress: nodes=4,210,000,000 tested=274 found=0 n=287079495171276822182025 elapsed=1645s
progress: nodes=4,220,000,000 tested=274 found=0 n=655842772498664228038275 elapsed=1648s
progress: nodes=4,230,000,000 tested=274 found=0 n=51434924961737017389975 elapsed=1653s
progress: nodes=4,240,000,000 tested=274 found=0 n=402307960180586021165175 elapsed=1656s
progress: nodes=4,250,000,000 tested=274 found=0 n=776134509093598801993275 elapsed=1659s
progress: nodes=4,260,000,000 tested=274 found=0 n=158549230231247906739975 elapsed=1664s
progress: nodes=4,270,000,000 tested=274 found=0 n=519910863480890883219075 elapsed=1667s
progress: nodes=4,280,000,000 tested=274 found=0 n=897916770757483760829975 elapsed=1670s
progress: nodes=4,290,000,000 tested=274 found=0 n=271134682783725370778025 elapsed=1675s
progress: nodes=4,300,000,000 tested=274 found=0 n=639437264674999784790225 elapsed=1678s
progress: nodes=4,310,000,000 tested=274 found=0 n=37901693486340942054225 elapsed=1682s
progress: nodes=4,320,000,000 tested=274 found=0 n=387266862783436709684325 elapsed=1685s
progress: nodes=4,330,000,000 tested=274 found=0 n=761032672816363633396425 elapsed=1689s
progress: nodes=4,340,000,000 tested=274 found=0 n=145258218307487349925575 elapsed=1693s
progress: nodes=4,350,000,000 tested=274 found=0 n=506151851614187147665725 elapsed=1696s
progress: nodes=4,360,000,000 tested=274 found=0 n=884274367471305491398575 elapsed=1699s
progress: nodes=4,370,000,000 tested=274 found=0 n=258896079572452316097675 elapsed=1704s
progress: nodes=4,380,000,000 tested=274 found=0 n=627101153113263774134475 elapsed=1707s
progress: nodes=4,390,000,000 tested=274 found=0 n=28039070379446028291675 elapsed=1712s
progress: nodes=4,400,000,000 tested=274 found=0 n=376175195602196864906175 elapsed=1715s
progress: nodes=4,410,000,000 tested=274 found=0 n=749937550275160899612675 elapsed=1718s
progress: nodes=4,420,000,000 tested=274 found=0 n=135593403751582215378225 elapsed=1722s
progress: nodes=4,430,000,000 tested=274 found=0 n=496077135377460686617425 elapsed=1726s
progress: nodes=4,440,000,000 tested=274 found=0 n=874235952278425488083475 elapsed=1729s
progress: nodes=4,450,000,000 tested=274 found=0 n=249955884562707711391575 elapsed=1733s
progress: nodes=4,460,000,000 tested=274 found=0 n=618079341740125971945525 elapsed=1736s
progress: nodes=4,470,000,000 tested=274 found=0 n=21044349485659698208725 elapsed=1741s
progress: nodes=4,480,000,000 tested=274 found=0 n=368275861556467249338525 elapsed=1744s
progress: nodes=4,490,000,000 tested=274 found=0 n=742130606048633057223825 elapsed=1747s
progress: nodes=4,500,000,000 tested=274 found=0 n=128926832945602260715575 elapsed=1752s
progress: nodes=4,510,000,000 tested=274 found=0 n=489297190778114351565075 elapsed=1755s
progress: nodes=4,520,000,000 tested=274 found=0 n=867707436958993435908675 elapsed=1759s
progress: nodes=4,530,000,000 tested=274 found=0 n=244330860324937715118075 elapsed=1763s
progress: nodes=4,540,000,000 tested=274 found=0 n=612650289850336820843475 elapsed=1767s
progress: nodes=4,550,000,000 tested=274 found=0 n=994917968020212344361825 elapsed=1771s
progress: nodes=4,560,000,000 tested=274 found=0 n=363775625815663079507775 elapsed=1775s
progress: nodes=4,570,000,000 tested=274 found=0 n=737841320728105510026825 elapsed=1778s
progress: nodes=4,580,000,000 tested=274 found=0 n=125412439477871016760575 elapsed=1783s
progress: nodes=4,590,000,000 tested=274 found=0 n=485897754772862347354725 elapsed=1786s
progress: nodes=4,600,000,000 tested=274 found=0 n=864561983179708647801825 elapsed=1789s
progress: nodes=4,610,000,000 tested=274 found=0 n=241714371573493879406775 elapsed=1794s
progress: nodes=4,620,000,000 tested=274 found=0 n=610179546716208921319725 elapsed=1797s
progress: nodes=4,630,000,000 tested=274 found=0 n=992723349109559081017575 elapsed=1802s
progress: nodes=4,640,000,000 tested=274 found=0 n=362033095512522850298025 elapsed=1805s
progress: nodes=4,650,000,000 tested=274 found=0 n=736399562474575042361175 elapsed=1809s
progress: nodes=4,660,000,000 tested=274 found=0 n=124476473417898756801075 elapsed=1813s
progress: nodes=4,670,000,000 tested=274 found=0 n=485239318005409705376925 elapsed=1816s
progress: nodes=4,680,000,000 tested=274 found=0 n=864282642276952408213275 elapsed=1820s
progress: nodes=4,690,000,000 tested=274 found=0 n=241807721239044896696475 elapsed=1824s
progress: nodes=4,700,000,000 tested=274 found=0 n=610640101762829204126775 elapsed=1828s
progress: nodes=4,710,000,000 tested=274 found=0 n=993560705924882007165825 elapsed=1832s
progress: nodes=4,720,000,000 tested=274 found=0 n=363202194373214066324025 elapsed=1836s
progress: nodes=4,730,000,000 tested=274 found=0 n=737952396030730979337525 elapsed=1839s
progress: nodes=4,740,000,000 tested=274 found=0 n=126145964627847091044975 elapsed=1844s
progress: nodes=4,750,000,000 tested=274 found=0 n=487404722051078836322175 elapsed=1847s
progress: nodes=4,760,000,000 tested=274 found=0 n=866864842761339922360575 elapsed=1850s
progress: nodes=4,770,000,000 tested=274 found=0 n=244580255988940175722275 elapsed=1855s
progress: nodes=4,780,000,000 tested=274 found=0 n=613948764106520063868075 elapsed=1858s
progress: nodes=4,790,000,000 tested=274 found=0 n=997363222244181774363525 elapsed=1862s
progress: nodes=4,800,000,000 tested=274 found=0 n=367142795331810819632025 elapsed=1866s
progress: nodes=4,810,000,000 tested=274 found=0 n=742449881303225897061975 elapsed=1869s
progress: nodes=4,820,000,000 tested=274 found=0 n=130605857968349265248175 elapsed=1874s
progress: nodes=4,830,000,000 tested=274 found=0 n=492629401034152554304275 elapsed=1877s
progress: nodes=4,840,000,000 tested=274 found=0 n=872679950051665523635725 elapsed=1880s
progress: nodes=4,850,000,000 tested=274 found=0 n=250386661305494018458725 elapsed=1885s
progress: nodes=4,860,000,000 tested=274 found=0 n=620448988597964788644525 elapsed=1888s
progress: nodes=4,870,000,000 tested=274 found=0 n=24556905495347831173425 elapsed=1892s
progress: nodes=4,880,000,000 tested=274 found=0 n=374302394486750796076725 elapsed=1896s
progress: nodes=4,890,000,000 tested=274 found=0 n=750367656472201178364525 elapsed=1899s
progress: nodes=4,900,000,000 tested=274 found=0 n=138174251142759175762275 elapsed=1903s
progress: nodes=4,910,000,000 tested=274 found=0 n=501222781680193389648975 elapsed=1906s
progress: nodes=4,920,000,000 tested=274 found=0 n=881945593119083778274275 elapsed=1910s
progress: nodes=4,930,000,000 tested=274 found=0 n=259383794975475938549925 elapsed=1914s
progress: nodes=4,940,000,000 tested=274 found=0 n=630323265399628659219075 elapsed=1917s
progress: nodes=4,950,000,000 tested=274 found=0 n=33032353754375004540225 elapsed=1922s
progress: nodes=4,960,000,000 tested=274 found=0 n=384699627392274717376425 elapsed=1925s
progress: nodes=4,970,000,000 tested=274 found=0 n=761566328979357919950075 elapsed=1928s
progress: nodes=4,980,000,000 tested=274 found=0 n=148694633961618392193975 elapsed=1933s
progress: nodes=4,990,000,000 tested=274 found=0 n=512963230946453281877025 elapsed=1936s
progress: nodes=5,000,000,000 tested=274 found=0 n=894550125188573340919575 elapsed=1939s
progress: nodes=5,010,000,000 tested=274 found=0 n=271546692267366802067925 elapsed=1944s
progress: nodes=5,020,000,000 tested=274 found=0 n=643553563954609467705975 elapsed=1947s
progress: nodes=5,030,000,000 tested=274 found=0 n=44478437631206529382575 elapsed=1951s
progress: nodes=5,040,000,000 tested=274 found=0 n=398284323916216669084725 elapsed=1955s
progress: nodes=5,050,000,000 tested=274 found=0 n=776017167166886579123475 elapsed=1958s
progress: nodes=5,060,000,000 tested=274 found=0 n=162182819361320959869525 elapsed=1962s
progress: nodes=5,070,000,000 tested=274 found=0 n=527786807982467965578075 elapsed=1965s
progress: nodes=5,080,000,000 tested=274 found=0 n=910163033503310480997675 elapsed=1968s
progress: nodes=5,090,000,000 tested=274 found=0 n=286498175968866482681775 elapsed=1973s
progress: nodes=5,100,000,000 tested=274 found=0 n=659633926940660704364475 elapsed=1976s
progress: nodes=5,110,000,000 tested=274 found=0 n=58577092013277933627675 elapsed=1980s
progress: nodes=5,120,000,000 tested=274 found=0 n=414693421409478582324525 elapsed=1983s
progress: nodes=5,130,000,000 tested=274 found=0 n=793560092675106017042925 elapsed=1987s
progress: nodes=5,140,000,000 tested=274 found=0 n=178697154939704079639675 elapsed=1991s
progress: nodes=5,150,000,000 tested=274 found=0 n=545906838750645291637575 elapsed=1994s
progress: nodes=5,160,000,000 tested=274 found=0 n=929331807016186635879675 elapsed=1998s
progress: nodes=5,170,000,000 tested=274 found=0 n=304972800622508140733325 elapsed=2002s
progress: nodes=5,180,000,000 tested=274 found=0 n=679420612638432379282425 elapsed=2005s
progress: nodes=5,190,000,000 tested=274 found=0 n=76202651986867913052975 elapsed=2009s
progress: nodes=5,200,000,000 tested=274 found=0 n=434823204416552048601075 elapsed=2012s
progress: nodes=5,210,000,000 tested=274 found=0 n=814779172685259886865475 elapsed=2015s
progress: nodes=5,220,000,000 tested=274 found=0 n=198483167049217855007775 elapsed=2020s
progress: nodes=5,230,000,000 tested=274 found=0 n=567289814694639488798775 elapsed=2023s
progress: nodes=5,240,000,000 tested=274 found=0 n=951655155113743543931325 elapsed=2027s
progress: nodes=5,250,000,000 tested=274 found=0 n=326208476805727455300075 elapsed=2031s
progress: nodes=5,260,000,000 tested=274 found=0 n=702024220264752473527725 elapsed=2034s
progress: nodes=5,270,000,000 tested=274 found=0 n=96500924969065844187675 elapsed=2038s
progress: nodes=5,280,000,000 tested=274 found=0 n=457715694371211902865525 elapsed=2041s
progress: nodes=5,290,000,000 tested=274 found=0 n=839019679221468253970175 elapsed=2044s
progress: nodes=5,300,000,000 tested=274 found=0 n=221350511674160998583025 elapsed=2049s
progress: nodes=5,310,000,000 tested=274 found=0 n=592122869087369436069825 elapsed=2052s
progress: nodes=5,320,000,000 tested=274 found=0 n=977749630963056644839575 elapsed=2056s
progress: nodes=5,330,000,000 tested=274 found=0 n=351333717207142875015525 elapsed=2059s
progress: nodes=5,340,000,000 tested=274 found=0 n=728739003375379806777825 elapsed=2062s
progress: nodes=5,350,000,000 tested=274 found=0 n=120819393432894042239925 elapsed=2067s
progress: nodes=5,360,000,000 tested=274 found=0 n=484714517216899525316475 elapsed=2070s
progress: nodes=5,370,000,000 tested=274 found=0 n=867259847960710186543275 elapsed=2074s
progress: nodes=5,380,000,000 tested=274 found=0 n=247978901224794198576975 elapsed=2078s
progress: nodes=5,390,000,000 tested=274 found=0 n=620634577564330523755275 elapsed=2082s
progress: nodes=5,400,000,000 tested=274 found=0 n=26971933356007214814525 elapsed=2086s
progress: nodes=5,410,000,000 tested=274 found=0 n=379795500342017772151425 elapsed=2089s
progress: nodes=5,420,000,000 tested=274 found=0 n=758761216205462307519825 elapsed=2093s
progress: nodes=5,430,000,000 tested=274 found=0 n=148281255494636034309825 elapsed=2097s
progress: nodes=5,440,000,000 tested=274 found=0 n=514778648803760494435425 elapsed=2100s
progress: nodes=5,450,000,000 tested=274 found=0 n=898684776124615447313775 elapsed=2104s
progress: nodes=5,460,000,000 tested=274 found=0 n=277629305860294401767325 elapsed=2108s
progress: nodes=5,470,000,000 tested=274 found=0 n=652191409776894237489525 elapsed=2112s
progress: nodes=5,480,000,000 tested=274 found=0 n=53840316334921290527925 elapsed=2116s
progress: nodes=5,490,000,000 tested=274 found=0 n=411131740339432351635825 elapsed=2119s
progress: nodes=5,500,000,000 tested=274 found=0 n=791704233582605426579925 elapsed=2123s
progress: nodes=5,510,000,000 tested=274 found=0 n=178714022001371897801475 elapsed=2127s
progress: nodes=5,520,000,000 tested=274 found=0 n=547680593258219871053175 elapsed=2130s
progress: nodes=5,530,000,000 tested=274 found=0 n=933033917457993018621525 elapsed=2134s
progress: nodes=5,540,000,000 tested=274 found=0 n=310212038537297155770225 elapsed=2138s
progress: nodes=5,550,000,000 tested=274 found=0 n=686731918747208074701675 elapsed=2141s
progress: nodes=5,560,000,000 tested=274 found=0 n=84320371043183413270275 elapsed=2146s
progress: nodes=5,570,000,000 tested=274 found=0 n=445663953138395655517425 elapsed=2149s
progress: nodes=5,580,000,000 tested=274 found=0 n=827925737339908562215575 elapsed=2152s
progress: nodes=5,590,000,000 tested=274 found=0 n=212494155681359742472425 elapsed=2157s
progress: nodes=5,600,000,000 tested=274 found=0 n=584115616156658404672425 elapsed=2160s
progress: nodes=5,610,000,000 tested=274 found=0 n=970903794024509798320725 elapsed=2164s
progress: nodes=5,620,000,000 tested=274 found=0 n=346301606758860354491175 elapsed=2168s
progress: nodes=5,630,000,000 tested=274 found=0 n=724934492227786292734425 elapsed=2171s
progress: nodes=5,640,000,000 tested=274 found=0 n=118763892682086172424475 elapsed=2176s
progress: nodes=5,650,000,000 tested=274 found=0 n=483904732872589366992225 elapsed=2179s
progress: nodes=5,660,000,000 tested=274 found=0 n=867878758739508870900975 elapsed=2182s
progress: nodes=5,670,000,000 tested=274 found=0 n=249937677506286575101725 elapsed=2187s
progress: nodes=5,680,000,000 tested=274 found=0 n=624127736941753781354475 elapsed=2190s
progress: nodes=5,690,000,000 tested=274 found=0 n=31094651916164780196825 elapsed=2194s
progress: nodes=5,700,000,000 tested=274 found=0 n=386073743947134874627425 elapsed=2198s
progress: nodes=5,710,000,000 tested=274 found=0 n=766790986562867053283925 elapsed=2201s
progress: nodes=5,720,000,000 tested=274 found=0 n=156977446520031692315475 elapsed=2205s
progress: nodes=5,730,000,000 tested=274 found=0 n=525621301390895033170275 elapsed=2208s
progress: nodes=5,740,000,000 tested=274 found=0 n=911491126310030293030575 elapsed=2212s
progress: nodes=5,750,000,000 tested=274 found=0 n=291265339061485452410175 elapsed=2216s
progress: nodes=5,760,000,000 tested=274 found=0 n=668215399539792764656425 elapsed=2219s
progress: nodes=5,770,000,000 tested=274 found=0 n=69189592654966160187525 elapsed=2224s
progress: nodes=5,780,000,000 tested=274 found=0 n=430143699497587257585975 elapsed=2227s
progress: nodes=5,790,000,000 tested=274 found=0 n=813155413026269795764425 elapsed=2230s
progress: nodes=5,800,000,000 tested=274 found=0 n=200071367001088348976925 elapsed=2234s
progress: nodes=5,810,000,000 tested=274 found=0 n=572194864276318007514075 elapsed=2237s
progress: nodes=5,820,000,000 tested=274 found=0 n=959966610438952801831575 elapsed=2241s
progress: nodes=5,830,000,000 tested=274 found=0 n=337183242035737199398725 elapsed=2245s
progress: nodes=5,840,000,000 tested=274 found=0 n=716666081511742014821025 elapsed=2248s
progress: nodes=5,850,000,000 tested=274 found=0 n=112454373487226327775075 elapsed=2252s
progress: nodes=5,860,000,000 tested=274 found=0 n=478251832252692013734075 elapsed=2255s
progress: nodes=5,870,000,000 tested=274 found=0 n=863337073818200069420475 elapsed=2259s
progress: nodes=5,880,000,000 tested=274 found=0 n=246891213989489388365475 elapsed=2263s
progress: nodes=5,890,000,000 tested=274 found=0 n=622118794181848387034325 elapsed=2266s
progress: nodes=5,900,000,000 tested=274 found=0 n=30416445837013831462725 elapsed=2271s
progress: nodes=5,910,000,000 tested=274 found=0 n=386421757152849079308075 elapsed=2274s
progress: nodes=5,920,000,000 tested=274 found=0 n=768337818704689755940275 elapsed=2277s
progress: nodes=5,930,000,000 tested=274 found=0 n=159487447434569700163575 elapsed=2281s
progress: nodes=5,940,000,000 tested=274 found=0 n=529471539407298860540025 elapsed=2284s
progress: nodes=5,950,000,000 tested=274 found=0 n=916645224105208701921675 elapsed=2288s
progress: nodes=5,960,000,000 tested=274 found=0 n=297170459872705690010025 elapsed=2292s
progress: nodes=5,970,000,000 tested=274 found=0 n=675516926038010022069675 elapsed=2295s
progress: nodes=5,980,000,000 tested=274 found=0 n=76606514502538030499775 elapsed=2299s
progress: nodes=5,990,000,000 tested=274 found=0 n=439453383687311637189975 elapsed=2302s
progress: nodes=6,000,000,000 tested=274 found=0 n=823926037663651887682575 elapsed=2305s
progress: nodes=6,010,000,000 tested=274 found=0 n=211069352363059743063225 elapsed=2310s
progress: nodes=6,020,000,000 tested=274 found=0 n=584956828170532269984675 elapsed=2313s
progress: nodes=6,030,000,000 tested=274 found=0 n=974181823444910143860225 elapsed=2317s
progress: nodes=6,040,000,000 tested=274 found=0 n=351703352934255382749975 elapsed=2320s
progress: nodes=6,050,000,000 tested=274 found=0 n=732945424987503111244575 elapsed=2323s
progress: nodes=6,060,000,000 tested=274 found=0 n=128138925155402636507175 elapsed=2328s
progress: nodes=6,070,000,000 tested=274 found=0 n=496375075383343281936525 elapsed=2331s
progress: nodes=6,080,000,000 tested=274 found=0 n=883185604190783580375975 elapsed=2334s
progress: nodes=6,090,000,000 tested=274 found=0 n=266431971972436698467325 elapsed=2338s
progress: nodes=6,100,000,000 tested=274 found=0 n=643778213066938851319275 elapsed=2341s
progress: nodes=6,110,000,000 tested=274 found=0 n=49615409125783488305175 elapsed=2345s
progress: nodes=6,120,000,000 tested=274 found=0 n=409624377215647757817225 elapsed=2349s
progress: nodes=6,130,000,000 tested=274 found=0 n=793562781627443964568575 elapsed=2352s
progress: nodes=6,140,000,000 tested=274 found=0 n=183672136785392989337175 elapsed=2356s
progress: nodes=6,150,000,000 tested=274 found=0 n=556415888369591200439775 elapsed=2359s
progress: nodes=6,160,000,000 tested=274 found=0 n=945573546431109845288325 elapsed=2362s
progress: nodes=6,170,000,000 tested=274 found=0 n=325404550242777284318325 elapsed=2366s
progress: nodes=6,180,000,000 tested=274 found=0 n=706107277889132149419675 elapsed=2369s
progress: nodes=6,190,000,000 tested=274 found=0 n=104659481716700940840525 elapsed=2374s
progress: nodes=6,200,000,000 tested=274 found=0 n=471479966619592840520325 elapsed=2377s
progress: nodes=6,210,000,000 tested=274 found=0 n=858123671299065278775525 elapsed=2380s
progress: nodes=6,220,000,000 tested=274 found=0 n=243725213752374462118725 elapsed=2384s
progress: nodes=6,230,000,000 tested=274 found=0 n=620534352421004193883425 elapsed=2388s
progress: nodes=6,240,000,000 tested=274 found=0 n=30629135728145774680575 elapsed=2392s
progress: nodes=6,250,000,000 tested=274 found=0 n=388377871025837141795775 elapsed=2395s
progress: nodes=6,260,000,000 tested=274 found=0 n=772128889515581416929825 elapsed=2398s
progress: nodes=6,270,000,000 tested=274 found=0 n=164645790986571871794675 elapsed=2403s
progress: nodes=6,280,000,000 tested=274 found=0 n=536652310446817154186025 elapsed=2406s
progress: nodes=6,290,000,000 tested=274 found=0 n=925821056460565987539675 elapsed=2410s
progress: nodes=6,300,000,000 tested=274 found=0 n=307483982930626691378475 elapsed=2414s
progress: nodes=6,310,000,000 tested=274 found=0 n=687988914859969554685425 elapsed=2417s
progress: nodes=6,320,000,000 tested=274 found=0 n=89139352947249159458475 elapsed=2422s
progress: nodes=6,330,000,000 tested=274 found=0 n=454911300949310760866025 elapsed=2425s
progress: nodes=6,340,000,000 tested=274 found=0 n=841651095846730031244525 elapsed=2428s
progress: nodes=6,350,000,000 tested=274 found=0 n=229028955246122356106925 elapsed=2432s
progress: nodes=6,360,000,000 tested=274 found=0 n=605630322806070088730775 elapsed=2436s
progress: nodes=6,370,000,000 tested=274 found=0 n=997112672802096024828225 elapsed=2440s
progress: nodes=6,380,000,000 tested=274 found=0 n=374988204948468537329475 elapsed=2443s
progress: nodes=6,390,000,000 tested=274 found=0 n=758829651040450146846975 elapsed=2446s
progress: nodes=6,400,000,000 tested=274 found=0 n=153062786184227016851325 elapsed=2451s
progress: nodes=6,410,000,000 tested=274 found=0 n=524855850360924998025825 elapsed=2454s
progress: nodes=6,420,000,000 tested=274 found=0 n=914213580236715225356175 elapsed=2457s
progress: nodes=6,430,000,000 tested=274 found=0 n=297174354940046557620075 elapsed=2462s
progress: nodes=6,440,000,000 tested=274 found=0 n=677841886702733366660475 elapsed=2465s
progress: nodes=6,450,000,000 tested=274 found=0 n=80711560685452210703475 elapsed=2469s
progress: nodes=6,460,000,000 tested=274 found=0 n=446227233787725283811775 elapsed=2473s
progress: nodes=6,470,000,000 tested=274 found=0 n=833277210051447613484175 elapsed=2476s
progress: nodes=6,480,000,000 tested=274 found=0 n=221925369249244514342775 elapsed=2480s
progress: nodes=6,490,000,000 tested=274 found=0 n=598793012545434274028175 elapsed=2483s
progress: nodes=6,500,000,000 tested=274 found=0 n=990812439588476378219775 elapsed=2488s
progress: nodes=6,510,000,000 tested=274 found=0 n=369742541499201061158825 elapsed=2491s
progress: nodes=6,520,000,000 tested=274 found=0 n=754164402789286683083175 elapsed=2494s
progress: nodes=6,530,000,000 tested=274 found=0 n=149578044675477241641675 elapsed=2498s
progress: nodes=6,540,000,000 tested=274 found=0 n=521897381212795975326225 elapsed=2502s
progress: nodes=6,550,000,000 tested=274 found=0 n=911996397062672275143075 elapsed=2505s
progress: nodes=6,560,000,000 tested=274 found=0 n=295820646753815706312075 elapsed=2509s
progress: nodes=6,570,000,000 tested=274 found=0 n=677184964343940527485725 elapsed=2512s
progress: nodes=6,580,000,000 tested=274 found=0 n=80858522384272504432275 elapsed=2517s
progress: nodes=6,590,000,000 tested=274 found=0 n=447170934945156598894575 elapsed=2520s
progress: nodes=6,600,000,000 tested=274 found=0 n=835054443499892327315175 elapsed=2523s
progress: nodes=6,610,000,000 tested=274 found=0 n=224316841623855268849275 elapsed=2527s
progress: nodes=6,620,000,000 tested=274 found=0 n=602074164888251451084975 elapsed=2530s
progress: nodes=6,630,000,000 tested=274 found=0 n=994918418782040199135975 elapsed=2535s
progress: nodes=6,640,000,000 tested=274 found=0 n=374356510918663783320525 elapsed=2538s
progress: nodes=6,650,000,000 tested=274 found=0 n=759650288281169685103275 elapsed=2541s
progress: nodes=6,660,000,000 tested=274 found=0 n=155251868786900907868275 elapsed=2545s
progress: nodes=6,670,000,000 tested=274 found=0 n=528705646247347726861275 elapsed=2548s
progress: nodes=6,680,000,000 tested=274 found=0 n=919722583825981861078725 elapsed=2551s
progress: nodes=6,690,000,000 tested=274 found=0 n=303802662608384876154075 elapsed=2555s
progress: nodes=6,700,000,000 tested=274 found=0 n=686321501034464177464725 elapsed=2558s
progress: nodes=6,710,000,000 tested=274 found=0 n=89603904543732984587325 elapsed=2563s
progress: nodes=6,720,000,000 tested=274 found=0 n=457573270183292820210225 elapsed=2566s
progress: nodes=6,730,000,000 tested=274 found=0 n=846604717500445068068475 elapsed=2569s
progress: nodes=6,740,000,000 tested=274 found=0 n=235743022751449704208575 elapsed=2573s
progress: nodes=6,750,000,000 tested=274 found=0 n=614925767598235602012075 elapsed=2576s
progress: nodes=6,760,000,000 tested=274 found=0 n=28295150127119727819825 elapsed=2581s
progress: nodes=6,770,000,000 tested=274 found=0 n=388432715677861306033725 elapsed=2584s
progress: nodes=6,780,000,000 tested=274 found=0 n=775123218752429133669225 elapsed=2587s
progress: nodes=6,790,000,000 tested=274 found=0 n=170080786139726758585575 elapsed=2591s
progress: nodes=6,800,000,000 tested=274 found=0 n=545368177664378102924175 elapsed=2595s
progress: nodes=6,810,000,000 tested=274 found=0 n=937714591779728932530075 elapsed=2598s
progress: nodes=6,820,000,000 tested=274 found=0 n=321373860904655121666675 elapsed=2602s
progress: nodes=6,830,000,000 tested=274 found=0 n=705341632614829599642825 elapsed=2605s
progress: nodes=6,840,000,000 tested=274 found=0 n=107090469166178083989975 elapsed=2609s
progress: nodes=6,850,000,000 tested=274 found=0 n=477455911355132434542675 elapsed=2612s
progress: nodes=6,860,000,000 tested=274 found=0 n=867723245967401745925575 elapsed=2615s
progress: nodes=6,870,000,000 tested=274 found=0 n=255944664841048299927525 elapsed=2619s
progress: nodes=6,880,000,000 tested=274 found=0 n=636805484270518134311025 elapsed=2622s
progress: nodes=6,890,000,000 tested=274 found=0 n=47188087070939455287075 elapsed=2627s
progress: nodes=6,900,000,000 tested=274 found=0 n=410828088633961929677175 elapsed=2630s
progress: nodes=6,910,000,000 tested=274 found=0 n=798908807654606416278225 elapsed=2633s
progress: nodes=6,920,000,000 tested=274 found=0 n=192469233092949807498075 elapsed=2637s
progress: nodes=6,930,000,000 tested=274 found=0 n=569842561316980834750725 elapsed=2640s
progress: nodes=6,940,000,000 tested=274 found=0 n=963521415163785729933825 elapsed=2644s
progress: nodes=6,950,000,000 tested=274 found=0 n=346332820349357919781275 elapsed=2647s
progress: nodes=6,960,000,000 tested=274 found=0 n=732058786151511109637775 elapsed=2650s
progress: nodes=6,970,000,000 tested=274 found=0 n=131697295959400045992975 elapsed=2654s
progress: nodes=6,980,000,000 tested=274 found=0 n=504909056108197047696675 elapsed=2657s
progress: nodes=6,990,000,000 tested=274 found=0 n=896785233043859643551925 elapsed=2660s
progress: nodes=7,000,000,000 tested=274 found=0 n=283717669909486748696475 elapsed=2665s
progress: nodes=7,010,000,000 tested=274 found=0 n=666730033736720509745475 elapsed=2668s
progress: nodes=7,020,000,000 tested=274 found=0 n=73616549630729561216475 elapsed=2672s
progress: nodes=7,030,000,000 tested=274 found=0 n=441254855571451986818325 elapsed=2675s
progress: nodes=7,040,000,000 tested=274 found=0 n=831084784503332056794525 elapsed=2678s
progress: nodes=7,050,000,000 tested=274 found=0 n=222754357488655725629325 elapsed=2682s
progress: nodes=7,060,000,000 tested=274 found=0 n=602590854656423627805525 elapsed=2685s
progress: nodes=7,070,000,000 tested=274 found=0 n=997703628585470340523275 elapsed=2689s
progress: nodes=7,080,000,000 tested=274 found=0 n=379112242137452616860925 elapsed=2692s
progress: nodes=7,090,000,000 tested=274 found=0 n=766765983410908721000475 elapsed=2695s
progress: nodes=7,100,000,000 tested=274 found=0 n=163709130357839786137275 elapsed=2700s
progress: nodes=7,110,000,000 tested=274 found=0 n=539826617586312495678525 elapsed=2703s
progress: nodes=7,120,000,000 tested=274 found=0 n=933377165517539155209225 elapsed=2706s
progress: nodes=7,130,000,000 tested=274 found=0 n=318603406422928936848825 elapsed=2710s
progress: nodes=7,140,000,000 tested=274 found=0 n=703810988113492567297275 elapsed=2714s
progress: nodes=7,150,000,000 tested=274 found=0 n=106978374992318975713425 elapsed=2718s
progress: nodes=7,160,000,000 tested=274 found=0 n=478747650691869867990825 elapsed=2721s
progress: nodes=7,170,000,000 tested=274 found=0 n=870522964485753305480325 elapsed=2724s
progress: nodes=7,180,000,000 tested=274 found=0 n=260016230868637565461425 elapsed=2729s
progress: nodes=7,190,000,000 tested=274 found=0 n=642624056932065046635225 elapsed=2732s
progress: nodes=7,200,000,000 tested=274 found=0 n=53537782182411044671725 elapsed=2736s
progress: nodes=7,210,000,000 tested=274 found=0 n=419536049132706003680325 elapsed=2740s
progress: nodes=7,220,000,000 tested=274 found=0 n=809546007585134823657225 elapsed=2743s
progress: nodes=7,230,000,000 tested=274 found=0 n=203635266349146660160275 elapsed=2747s
progress: nodes=7,240,000,000 tested=274 found=0 n=583195203985221760035675 elapsed=2750s
progress: nodes=7,250,000,000 tested=274 found=0 n=978748706598218652342675 elapsed=2754s
progress: nodes=7,260,000,000 tested=274 found=0 n=362088153256385443398225 elapsed=2758s
progress: nodes=7,270,000,000 tested=274 found=0 n=749994741026837526566775 elapsed=2761s
progress: nodes=7,280,000,000 tested=274 found=0 n=149288168813049948042075 elapsed=2765s
progress: nodes=7,290,000,000 tested=274 found=0 n=525282573708467420156025 elapsed=2768s
progress: nodes=7,300,000,000 tested=274 found=0 n=919238544853865266398225 elapsed=2771s
progress: nodes=7,310,000,000 tested=274 found=0 n=306244798197887737391775 elapsed=2776s
progress: nodes=7,320,000,000 tested=274 found=0 n=691775480945379273825525 elapsed=2779s
progress: nodes=7,330,000,000 tested=274 found=0 n=97100994792247060511325 elapsed=2783s
progress: nodes=7,340,000,000 tested=274 found=0 n=468803671040832769688475 elapsed=2786s
progress: nodes=7,350,000,000 tested=274 found=0 n=861185618745221254345575 elapsed=2789s
progress: nodes=7,360,000,000 tested=274 found=0 n=252097095382103573948775 elapsed=2794s
progress: nodes=7,370,000,000 tested=274 found=0 n=635125547254185458960775 elapsed=2797s
progress: nodes=7,380,000,000 tested=274 found=0 n=47861551602024948655725 elapsed=2801s
progress: nodes=7,390,000,000 tested=274 found=0 n=413903822671403793396525 elapsed=2804s
progress: nodes=7,400,000,000 tested=274 found=0 n=804567670814296521743325 elapsed=2807s
progress: nodes=7,410,000,000 tested=274 found=0 n=199962429891117923740425 elapsed=2812s
progress: nodes=7,420,000,000 tested=274 found=0 n=580173538399820174463225 elapsed=2815s
progress: nodes=7,430,000,000 tested=274 found=0 n=976545713029326557499525 elapsed=2819s
progress: nodes=7,440,000,000 tested=274 found=0 n=360899427111618780302775 elapsed=2822s
progress: nodes=7,450,000,000 tested=274 found=0 n=749630377554785843248275 elapsed=2825s
progress: nodes=7,460,000,000 tested=274 found=0 n=149744835967928128023525 elapsed=2830s
progress: nodes=7,470,000,000 tested=274 found=0 n=526611968703631619340675 elapsed=2833s
progress: nodes=7,480,000,000 tested=274 found=0 n=921460624317346822319325 elapsed=2836s
progress: nodes=7,490,000,000 tested=274 found=0 n=309235094631591822761925 elapsed=2840s
progress: nodes=7,500,000,000 tested=274 found=0 n=695882109054895730370975 elapsed=2844s
progress: nodes=7,510,000,000 tested=274 found=0 n=101609723863103890852275 elapsed=2848s
progress: nodes=7,520,000,000 tested=274 found=0 n=474660139292634566560575 elapsed=2851s
progress: nodes=7,530,000,000 tested=274 found=0 n=868155213928469539826325 elapsed=2854s
progress: nodes=7,540,000,000 tested=274 found=0 n=259505789156024427770325 elapsed=2858s
progress: nodes=7,550,000,000 tested=274 found=0 n=643816560963908023402425 elapsed=2861s
progress: nodes=7,560,000,000 tested=274 found=0 n=56067340426155270208425 elapsed=2865s
progress: nodes=7,570,000,000 tested=274 found=0 n=424093131532823897505075 elapsed=2868s
progress: nodes=7,580,000,000 tested=274 found=0 n=815981666485255635361425 elapsed=2871s
progress: nodes=7,590,000,000 tested=274 found=0 n=211305149400210094933275 elapsed=2876s
progress: nodes=7,600,000,000 tested=274 found=0 n=593072799046363797629325 elapsed=2879s
progress: nodes=7,610,000,000 tested=274 found=0 n=990689324657820109704525 elapsed=2883s
progress: nodes=7,620,000,000 tested=274 found=0 n=375149302317348996497775 elapsed=2886s
progress: nodes=7,630,000,000 tested=274 found=0 n=765324891454047456213825 elapsed=2889s
progress: nodes=7,640,000,000 tested=274 found=0 n=164916633953718698905425 elapsed=2893s
progress: nodes=7,650,000,000 tested=274 found=0 n=543797996789996224343925 elapsed=2896s
progress: nodes=7,660,000,000 tested=274 found=0 n=940272501329546034796575 elapsed=2899s
progress: nodes=7,670,000,000 tested=274 found=0 n=327805690714571066400975 elapsed=2903s
progress: nodes=7,680,000,000 tested=274 found=0 n=716228179674438111648825 elapsed=2906s
progress: nodes=7,690,000,000 tested=274 found=0 n=120699693358232776970325 elapsed=2910s
progress: nodes=7,700,000,000 tested=274 found=0 n=496453648369125778928025 elapsed=2913s
progress: nodes=7,710,000,000 tested=274 found=0 n=891765050929342115922825 elapsed=2916s
progress: nodes=7,720,000,000 tested=274 found=0 n=282574247613871169889075 elapsed=2920s
progress: nodes=7,730,000,000 tested=274 found=0 n=669235383366123794402325 elapsed=2923s
progress: nodes=7,740,000,000 tested=274 found=0 n=79206802280782724036775 elapsed=2927s
progress: nodes=7,750,000,000 tested=274 found=0 n=451166039170091505299325 elapsed=2930s
progress: nodes=7,760,000,000 tested=274 found=0 n=845230994668103000325225 elapsed=2933s
progress: nodes=7,770,000,000 tested=274 found=0 n=239452505406302260011225 elapsed=2938s
progress: nodes=7,780,000,000 tested=274 found=0 n=624029059903353185184675 elapsed=2941s
progress: nodes=7,790,000,000 tested=274 found=0 n=40364722048762538223225 elapsed=2945s
progress: nodes=7,800,000,000 tested=274 found=0 n=407464516008555383996475 elapsed=2948s
progress: nodes=7,810,000,000 tested=274 found=0 n=800007505303502329001025 elapsed=2951s
progress: nodes=7,820,000,000 tested=274 found=0 n=197766989677102342207425 elapsed=2956s
progress: nodes=7,830,000,000 tested=274 found=0 n=579965935080730772262975 elapsed=2958s
progress: nodes=7,840,000,000 tested=274 found=0 n=978567273967951224660675 elapsed=2962s
progress: nodes=7,850,000,000 tested=274 found=0 n=365008162358956905156225 elapsed=2966s
progress: nodes=7,860,000,000 tested=274 found=0 n=756164068808027845154475 elapsed=2969s
progress: nodes=7,870,000,000 tested=274 found=0 n=157808778627549937634175 elapsed=2973s
progress: nodes=7,880,000,000 tested=274 found=0 n=537514698703051702164675 elapsed=2976s
progress: nodes=7,890,000,000 tested=274 found=0 n=935100006233463037656975 elapsed=2979s
progress: nodes=7,900,000,000 tested=274 found=0 n=324222768339289372763925 elapsed=2983s
progress: nodes=7,910,000,000 tested=274 found=0 n=713761588113957173730225 elapsed=2986s
progress: nodes=7,920,000,000 tested=274 found=0 n=119616358635228539016075 elapsed=2990s
progress: nodes=7,930,000,000 tested=274 found=0 n=496446249975642569063175 elapsed=2993s
progress: nodes=7,940,000,000 tested=274 found=0 n=892918480372443699678075 elapsed=2996s
progress: nodes=7,950,000,000 tested=274 found=0 n=284740831206492486615075 elapsed=3000s
progress: nodes=7,960,000,000 tested=274 found=0 n=672570996451888701849825 elapsed=3003s
progress: nodes=7,970,000,000 tested=274 found=0 n=83047151270772325697775 elapsed=3007s
progress: nodes=7,980,000,000 tested=274 found=0 n=456376474767244219906575 elapsed=3010s
progress: nodes=7,990,000,000 tested=274 found=0 n=851659383124138010811675 elapsed=3013s
progress: nodes=8,000,000,000 tested=274 found=0 n=246384366277377380598975 elapsed=3017s
progress: nodes=8,010,000,000 tested=274 found=0 n=632323995370971121764975 elapsed=3020s
progress: nodes=8,020,000,000 tested=274 found=0 n=48260783529829003923075 elapsed=3025s
progress: nodes=8,030,000,000 tested=274 found=0 n=417489946986402909408075 elapsed=3028s
progress: nodes=8,040,000,000 tested=274 found=0 n=811572647963874597082425 elapsed=3031s
progress: nodes=8,050,000,000 tested=274 found=0 n=209504775130161009781425 elapsed=3035s
progress: nodes=8,060,000,000 tested=274 found=0 n=593558264329284815922075 elapsed=3038s
progress: nodes=8,070,000,000 tested=274 found=0 n=993637400642411369912925 elapsed=3043s
progress: nodes=8,080,000,000 tested=274 found=0 n=380290145008402258461975 elapsed=3046s
progress: nodes=8,090,000,000 tested=274 found=0 n=773098386124301462435925 elapsed=3049s
progress: nodes=8,100,000,000 tested=274 found=0 n=174265358227928892821325 elapsed=3053s
progress: nodes=8,110,000,000 tested=274 found=0 n=556216553185296215666025 elapsed=3056s
progress: nodes=8,120,000,000 tested=274 found=0 n=955484582384617132301025 elapsed=3060s
progress: nodes=8,130,000,000 tested=274 found=0 n=344463103943862373759575 elapsed=3064s
progress: nodes=8,140,000,000 tested=274 found=0 n=735999400587090816815925 elapsed=3067s
progress: nodes=8,150,000,000 tested=274 found=0 n=140752596987988015848675 elapsed=3071s
progress: nodes=8,160,000,000 tested=274 found=0 n=520427182126143071390325 elapsed=3074s
progress: nodes=8,170,000,000 tested=274 found=0 n=918723981660233416485675 elapsed=3077s
progress: nodes=8,180,000,000 tested=274 found=0 n=310049667482239208634825 elapsed=3081s
progress: nodes=8,190,000,000 tested=274 found=0 n=700204150084792504233225 elapsed=3084s
progress: nodes=8,200,000,000 tested=274 found=0 n=108644836849649966161725 elapsed=3089s
progress: nodes=8,210,000,000 tested=274 found=0 n=485747344829003848187025 elapsed=3092s
progress: nodes=8,220,000,000 tested=274 found=0 n=883129335613540794217725 elapsed=3095s
progress: nodes=8,230,000,000 tested=274 found=0 n=276875484756210244872825 elapsed=3099s
progress: nodes=8,240,000,000 tested=274 found=0 n=665641871148654140844675 elapsed=3102s
progress: nodes=8,250,000,000 tested=274 found=0 n=78169792307864443446975 elapsed=3106s
progress: nodes=8,260,000,000 tested=274 found=0 n=452341354967629871375775 elapsed=3109s
progress: nodes=8,270,000,000 tested=274 found=0 n=848852767417669182178725 elapsed=3113s
progress: nodes=8,280,000,000 tested=274 found=0 n=245124974975271603959175 elapsed=3117s
progress: nodes=8,290,000,000 tested=274 found=0 n=632394545671766683945425 elapsed=3120s
progress: nodes=8,300,000,000 tested=274 found=0 n=49549455313144816061175 elapsed=3124s
progress: nodes=8,310,000,000 tested=274 found=0 n=420348550601039196504225 elapsed=3127s
progress: nodes=8,320,000,000 tested=274 found=0 n=815988970426880052113025 elapsed=3130s
progress: nodes=8,330,000,000 tested=274 found=0 n=214898364042094935248475 elapsed=3134s
progress: nodes=8,340,000,000 tested=274 found=0 n=600649746195069596679225 elapsed=3137s
progress: nodes=8,350,000,000 tested=274 found=0 n=23135752951328635299825 elapsed=3142s
progress: nodes=8,360,000,000 tested=274 found=0 n=389839409530821641744925 elapsed=3145s
progress: nodes=8,370,000,000 tested=274 found=0 n=784442813487466771970475 elapsed=3147s
progress: nodes=8,380,000,000 tested=274 found=0 n=186053015800820340175575 elapsed=3152s
progress: nodes=8,390,000,000 tested=274 found=0 n=570176812304774180123475 elapsed=3155s
progress: nodes=8,400,000,000 tested=274 found=0 n=971226132931364698019775 elapsed=3159s
progress: nodes=8,410,000,000 tested=274 found=0 n=360658414155073132730775 elapsed=3162s
progress: nodes=8,420,000,000 tested=274 found=0 n=754254672627811157956725 elapsed=3165s
progress: nodes=8,430,000,000 tested=274 found=0 n=158536477085722835567325 elapsed=3169s
progress: nodes=8,440,000,000 tested=274 found=0 n=540925631407617996851025 elapsed=3172s
progress: nodes=8,450,000,000 tested=274 found=0 n=941400972721423624206225 elapsed=3175s
progress: nodes=8,460,000,000 tested=274 found=0 n=332806448037728722425225 elapsed=3179s
progress: nodes=8,470,000,000 tested=274 found=0 n=725521382801893890594525 elapsed=3182s
progress: nodes=8,480,000,000 tested=274 found=0 n=132819498379673031830475 elapsed=3186s
progress: nodes=8,490,000,000 tested=274 found=0 n=513532274167041950030925 elapsed=3189s
progress: nodes=8,500,000,000 tested=274 found=0 n=913388906713626884187075 elapsed=3192s
progress: nodes=8,510,000,000 tested=274 found=0 n=306800979740905907796825 elapsed=3196s
progress: nodes=8,520,000,000 tested=274 found=0 n=698557680467588861880675 elapsed=3199s
progress: nodes=8,530,000,000 tested=274 found=0 n=108808888443992599144425 elapsed=3203s
progress: nodes=8,540,000,000 tested=274 found=0 n=487647563104260977214225 elapsed=3206s
progress: nodes=8,550,000,000 tested=274 found=0 n=886924288344496653290325 elapsed=3209s
progress: nodes=8,560,000,000 tested=274 found=0 n=282181329535514171623575 elapsed=3213s
progress: nodes=8,570,000,000 tested=274 found=0 n=673020013780836675707325 elapsed=3216s
progress: nodes=8,580,000,000 tested=274 found=0 n=86299922137264075908525 elapsed=3220s
progress: nodes=8,590,000,000 tested=274 found=0 n=463100990694700476614925 elapsed=3223s
progress: nodes=8,600,000,000 tested=274 found=0 n=861893497336335340272825 elapsed=3226s
progress: nodes=8,610,000,000 tested=274 found=0 n=259001756386934341562925 elapsed=3230s
progress: nodes=8,620,000,000 tested=274 found=0 n=648837386155570391090025 elapsed=3233s
progress: nodes=8,630,000,000 tested=274 found=0 n=65345997670517941516425 elapsed=3237s
progress: nodes=8,640,000,000 tested=274 found=0 n=440015818371007232736525 elapsed=3240s
progress: nodes=8,650,000,000 tested=274 found=0 n=838147606584072849668175 elapsed=3243s
progress: nodes=8,660,000,000 tested=274 found=0 n=237119258375124885763575 elapsed=3247s
progress: nodes=8,670,000,000 tested=274 found=0 n=625915788115077487481025 elapsed=3250s
progress: nodes=8,680,000,000 tested=274 found=0 n=45780876133076693154975 elapsed=3254s
progress: nodes=8,690,000,000 tested=274 found=0 n=418030239860794555276425 elapsed=3257s
progress: nodes=8,700,000,000 tested=274 found=0 n=815599901258595084692775 elapsed=3260s
progress: nodes=8,710,000,000 tested=274 found=0 n=216511559050810609153425 elapsed=3264s
progress: nodes=8,720,000,000 tested=274 found=0 n=604443000551222496603225 elapsed=3267s
progress: nodes=8,730,000,000 tested=274 found=0 n=27982563981500449110075 elapsed=3271s
progress: nodes=8,740,000,000 tested=274 found=0 n=397661318058887687064975 elapsed=3274s
progress: nodes=8,750,000,000 tested=274 found=0 n=794707695362578442906175 elapsed=3277s
progress: nodes=8,760,000,000 tested=274 found=0 n=197447888904654629037225 elapsed=3281s
progress: nodes=8,770,000,000 tested=274 found=0 n=584410001691667813200825 elapsed=3284s
progress: nodes=8,780,000,000 tested=274 found=0 n=987992936116035504465525 elapsed=3288s
progress: nodes=8,790,000,000 tested=274 found=0 n=378585454615341588926025 elapsed=3291s
progress: nodes=8,800,000,000 tested=274 found=0 n=775046106610634079732225 elapsed=3294s
progress: nodes=8,810,000,000 tested=274 found=0 n=179577265109550654177975 elapsed=3298s
progress: nodes=8,820,000,000 tested=274 found=0 n=565526408598030745726575 elapsed=3301s
progress: nodes=8,830,000,000 tested=274 found=0 n=968841848028377033557275 elapsed=3305s
progress: nodes=8,840,000,000 tested=274 found=0 n=360707854531592075046825 elapsed=3308s
progress: nodes=8,850,000,000 tested=274 found=0 n=756694563022598497000275 elapsed=3311s
progress: nodes=8,860,000,000 tested=274 found=0 n=163023018283110512895225 elapsed=3315s
progress: nodes=8,870,000,000 tested=274 found=0 n=548224376368018779332475 elapsed=3318s
progress: nodes=8,880,000,000 tested=274 found=0 n=951445758980705054105325 elapsed=3321s
progress: nodes=8,890,000,000 tested=274 found=0 n=344722306815551951575575 elapsed=3325s
progress: nodes=8,900,000,000 tested=274 found=0 n=740411470417261870023225 elapsed=3328s
progress: nodes=8,910,000,000 tested=274 found=0 n=148548989305553348966025 elapsed=3332s
progress: nodes=8,920,000,000 tested=274 found=0 n=532877672336993977346925 elapsed=3335s
progress: nodes=8,930,000,000 tested=274 found=0 n=935829087424319025076425 elapsed=3338s
progress: nodes=8,940,000,000 tested=274 found=0 n=330242511888458939366025 elapsed=3342s
progress: nodes=8,950,000,000 tested=274 found=0 n=725514681763643008090425 elapsed=3345s
progress: nodes=8,960,000,000 tested=274 found=0 n=135259763151227147315025 elapsed=3349s
progress: nodes=8,970,000,000 tested=274 found=0 n=518829828720407412168675 elapsed=3352s
progress: nodes=8,980,000,000 tested=274 found=0 n=921535321483690770295725 elapsed=3355s
progress: nodes=8,990,000,000 tested=274 found=0 n=316968395536075086771825 elapsed=3360s
progress: nodes=9,000,000,000 tested=274 found=0 n=711861829920399475113225 elapsed=3363s
progress: nodes=9,010,000,000 tested=274 found=0 n=123204590996794718128575 elapsed=3367s
progress: nodes=9,020,000,000 tested=274 found=0 n=506027732623847322485025 elapsed=3370s
progress: nodes=9,030,000,000 tested=274 found=0 n=908618156093739583452675 elapsed=3373s
progress: nodes=9,040,000,000 tested=274 found=0 n=305148265934894542671225 elapsed=3377s
progress: nodes=9,050,000,000 tested=274 found=0 n=699832070054776976234775 elapsed=3380s
progress: nodes=9,060,000,000 tested=274 found=0 n=112688734703798685936075 elapsed=3384s
progress: nodes=9,070,000,000 tested=274 found=0 n=494953037720714198779725 elapsed=3387s
progress: nodes=9,080,000,000 tested=274 found=0 n=897681726612364617612975 elapsed=3390s
progress: nodes=9,090,000,000 tested=274 found=0 n=295322012566918267476975 elapsed=3395s
progress: nodes=9,100,000,000 tested=274 found=0 n=690002722842958232211075 elapsed=3397s
progress: nodes=9,110,000,000 tested=274 found=0 n=104284811654024966282175 elapsed=3402s
progress: nodes=9,120,000,000 tested=274 found=0 n=486089321951197300167975 elapsed=3405s
progress: nodes=9,130,000,000 tested=274 found=0 n=888811275543913110535575 elapsed=3407s
progress: nodes=9,140,000,000 tested=274 found=0 n=287228546500058060050725 elapsed=3412s
progress: nodes=9,150,000,000 tested=274 found=0 n=681675478033804725674775 elapsed=3415s
progress: nodes=9,160,000,000 tested=274 found=0 n=97025003106102253471575 elapsed=3419s
progress: nodes=9,170,000,000 tested=274 found=0 n=478286861695308026049975 elapsed=3422s
progress: nodes=9,180,000,000 tested=274 found=0 n=880888809538392029564475 elapsed=3425s
progress: nodes=9,190,000,000 tested=274 found=0 n=280039439053605659817675 elapsed=3429s
progress: nodes=9,200,000,000 tested=274 found=0 n=674350269779403880344825 elapsed=3432s
progress: nodes=9,210,000,000 tested=274 found=0 n=90684691796445699348825 elapsed=3436s
progress: nodes=9,220,000,000 tested=274 found=0 n=471468264825494152369725 elapsed=3439s
progress: nodes=9,230,000,000 tested=274 found=0 n=873998855307997919610825 elapsed=3442s
progress: nodes=9,240,000,000 tested=274 found=0 n=273722525204116810675425 elapsed=3446s
progress: nodes=9,250,000,000 tested=274 found=0 n=667972449187270084668525 elapsed=3449s
progress: nodes=9,260,000,000 tested=274 found=0 n=85249791728961739511775 elapsed=3453s
progress: nodes=9,270,000,000 tested=274 found=0 n=465627128021275335547575 elapsed=3456s
progress: nodes=9,280,000,000 tested=274 found=0 n=868267541050018436194725 elapsed=3459s
progress: nodes=9,290,000,000 tested=274 found=0 n=268567995691662763099575 elapsed=3463s
progress: nodes=9,300,000,000 tested=274 found=0 n=662639606527891977387975 elapsed=3466s
progress: nodes=9,310,000,000 tested=274 found=0 n=80709626825014302268725 elapsed=3470s
progress: nodes=9,320,000,000 tested=274 found=0 n=460786403698328485023675 elapsed=3473s
progress: nodes=9,330,000,000 tested=274 found=0 n=863490381535304943966975 elapsed=3476s
progress: nodes=9,340,000,000 tested=274 found=0 n=264331208431390213659975 elapsed=3480s
progress: nodes=9,350,000,000 tested=274 found=0 n=658434641401080712085775 elapsed=3483s
progress: nodes=9,360,000,000 tested=274 found=0 n=77261118713413383059025 elapsed=3487s
progress: nodes=9,370,000,000 tested=274 found=0 n=457214281088012510966475 elapsed=3490s
progress: nodes=9,380,000,000 tested=274 found=0 n=860103519559281392141175 elapsed=3493s
progress: nodes=9,390,000,000 tested=274 found=0 n=261469019119513944206325 elapsed=3497s
progress: nodes=9,400,000,000 tested=274 found=0 n=655750461706761573963525 elapsed=3500s
progress: nodes=9,410,000,000 tested=274 found=0 n=75226129934023330623075 elapsed=3504s
progress: nodes=9,420,000,000 tested=274 found=0 n=455297900839192143586425 elapsed=3507s
progress: nodes=9,430,000,000 tested=274 found=0 n=858397711956852702824475 elapsed=3510s
progress: nodes=9,440,000,000 tested=274 found=0 n=260133909046695236649525 elapsed=3514s
progress: nodes=9,450,000,000 tested=274 found=0 n=654618318500337722634675 elapsed=3516s
progress: nodes=9,460,000,000 tested=274 found=0 n=74413906224804835292175 elapsed=3520s
progress: nodes=9,470,000,000 tested=274 found=0 n=454600801891907474156925 elapsed=3523s
progress: nodes=9,480,000,000 tested=274 found=0 n=857884223265355108368975 elapsed=3526s
progress: nodes=9,490,000,000 tested=274 found=0 n=259857026481938965611675 elapsed=3530s
progress: nodes=9,500,000,000 tested=274 found=0 n=654537564507396742919175 elapsed=3533s
progress: nodes=9,510,000,000 tested=274 found=0 n=74625033291846663086175 elapsed=3537s
progress: nodes=9,520,000,000 tested=274 found=0 n=455170286034178741465725 elapsed=3540s
progress: nodes=9,530,000,000 tested=274 found=0 n=858848465701606566968925 elapsed=3543s
progress: nodes=9,540,000,000 tested=274 found=0 n=261088997304196987379025 elapsed=3547s
progress: nodes=9,550,000,000 tested=274 found=0 n=656113915334963691209175 elapsed=3549s
progress: nodes=9,560,000,000 tested=274 found=0 n=76204946177716361265975 elapsed=3554s
progress: nodes=9,570,000,000 tested=274 found=0 n=457067098967697140025675 elapsed=3556s
progress: nodes=9,580,000,000 tested=274 found=0 n=860985856741283479452675 elapsed=3559s
progress: nodes=9,590,000,000 tested=274 found=0 n=263306558332883572660725 elapsed=3563s
progress: nodes=9,600,000,000 tested=274 found=0 n=658726789860459703779825 elapsed=3566s
progress: nodes=9,610,000,000 tested=274 found=0 n=78710673665668135280475 elapsed=3570s
progress: nodes=9,620,000,000 tested=274 found=0 n=460130672983989077466825 elapsed=3573s
progress: nodes=9,630,000,000 tested=274 found=0 n=864469880193277200853725 elapsed=3576s
progress: nodes=9,640,000,000 tested=274 found=0 n=266849736332497847732775 elapsed=3580s
progress: nodes=9,650,000,000 tested=274 found=0 n=662775048471194586223725 elapsed=3582s
progress: nodes=9,660,000,000 tested=274 found=0 n=82544146972483586643825 elapsed=3586s
progress: nodes=9,670,000,000 tested=274 found=0 n=464686173655846778053275 elapsed=3589s
progress: nodes=9,680,000,000 tested=274 found=0 n=869476736633339282437275 elapsed=3592s
progress: nodes=9,690,000,000 tested=274 found=0 n=271792711497564513516975 elapsed=3596s
progress: nodes=9,700,000,000 tested=274 found=0 n=668257728606700215737325 elapsed=3599s

done in 3600.0s | nodes=9,701,302,272 | tested=274 | weird=0
