search v2: odd=True, N_CAP=1.00e+24, DELTA_MAX=1.0e+07, MIN_DEPTH=6
SPF shard: smallest prime factor = 3
P2 sub-shard: second prime factor = 5
P3 sub-sub-shard: third prime factor = 11
progress: nodes=10,000,000 tested=0 found=0 n=984036796531746826171875 elapsed=1s
progress: nodes=20,000,000 tested=0 found=0 n=750273313611075439453125 elapsed=2s
progress: nodes=30,000,000 tested=0 found=0 n=827866991421719970703125 elapsed=2s
progress: nodes=40,000,000 tested=0 found=0 n=942379599442496337890625 elapsed=3s
progress: nodes=50,000,000 tested=0 found=0 n=545948660974478759765625 elapsed=4s
progress: nodes=60,000,000 tested=0 found=0 n=14286484042012939453125 elapsed=4s
progress: nodes=70,000,000 tested=0 found=0 n=624161524262259521484375 elapsed=5s
progress: nodes=80,000,000 tested=0 found=0 n=380101464055894775390625 elapsed=6s
progress: nodes=90,000,000 tested=0 found=0 n=22646967302816162109375 elapsed=6s
progress: nodes=100,000,000 tested=0 found=0 n=50621872903795166015625 elapsed=7s
progress: nodes=110,000,000 tested=0 found=0 n=369368982239981689453125 elapsed=8s
progress: nodes=120,000,000 tested=0 found=0 n=907881774809036865234375 elapsed=8s
progress: nodes=130,000,000 tested=0 found=0 n=522742565918323974609375 elapsed=9s
progress: nodes=140,000,000 tested=0 found=0 n=67619590239005126953125 elapsed=10s
progress: nodes=150,000,000 tested=0 found=0 n=233325212107767333984375 elapsed=11s
progress: nodes=160,000,000 tested=0 found=0 n=187400629590047607421875 elapsed=11s
progress: nodes=170,000,000 tested=0 found=0 n=440852087961148681640625 elapsed=12s
progress: nodes=180,000,000 tested=0 found=0 n=424053428825240478515625 elapsed=13s
progress: nodes=190,000,000 tested=0 found=0 n=565352028622291259765625 elapsed=14s
progress: nodes=200,000,000 tested=0 found=0 n=117330547992740478515625 elapsed=15s
progress: nodes=210,000,000 tested=0 found=0 n=961427999732296142578125 elapsed=16s
progress: nodes=220,000,000 tested=0 found=0 n=755054262224117431640625 elapsed=16s
progress: nodes=230,000,000 tested=0 found=0 n=454024565006678466796875 elapsed=17s
progress: nodes=240,000,000 tested=0 found=0 n=858467604143587646484375 elapsed=18s
progress: nodes=250,000,000 tested=0 found=0 n=485768166153292236328125 elapsed=19s
progress: nodes=260,000,000 tested=0 found=0 n=428168057965755615234375 elapsed=19s
progress: nodes=270,000,000 tested=0 found=0 n=297822067635428466796875 elapsed=20s
progress: nodes=280,000,000 tested=0 found=0 n=31995985057386474609375 elapsed=21s
progress: nodes=290,000,000 tested=0 found=0 n=993551351036876220703125 elapsed=22s
progress: nodes=300,000,000 tested=0 found=0 n=644332971968836669921875 elapsed=22s
progress: nodes=310,000,000 tested=0 found=0 n=992661952547017822265625 elapsed=23s
progress: nodes=320,000,000 tested=0 found=0 n=796362115618370361328125 elapsed=24s
progress: nodes=330,000,000 tested=0 found=0 n=311614348768553466796875 elapsed=24s
progress: nodes=340,000,000 tested=0 found=0 n=260604451650670166015625 elapsed=25s
progress: nodes=350,000,000 tested=0 found=0 n=99522374539749755859375 elapsed=26s
progress: nodes=360,000,000 tested=0 found=0 n=6067361797994384765625 elapsed=27s
progress: nodes=370,000,000 tested=0 found=0 n=167654612724320068359375 elapsed=28s
progress: nodes=380,000,000 tested=0 found=0 n=15343716613846435546875 elapsed=28s
progress: nodes=390,000,000 tested=0 found=0 n=232195044711617431640625 elapsed=29s

done in 29.0s | nodes=390,425,842 | tested=0 | weird=0
