search v2: odd=True, N_CAP=1.00e+24, DELTA_MAX=1.0e+07, MIN_DEPTH=6
SPF shard: smallest prime factor = 3
P2 sub-shard: second prime factor = 5
P3 sub-sub-shard: third prime factor = 7
progress: nodes=10,000,000 tested=0 found=0 n=667040304454941200609175 elapsed=0s
progress: nodes=20,000,000 tested=0 found=0 n=743803568985282009053325 elapsed=1s
progress: nodes=30,000,000 tested=0 found=0 n=326224437033128294345475 elapsed=1s
progress: nodes=40,000,000 tested=0 found=0 n=393469372689160963690425 elapsed=2s
progress: nodes=50,000,000 tested=0 found=0 n=346143662738046111651825 elapsed=2s
progress: nodes=60,000,000 tested=0 found=0 n=189940666382826796971975 elapsed=3s
progress: nodes=70,000,000 tested=0 found=0 n=362078357564602230152475 elapsed=3s
progress: nodes=80,000,000 tested=0 found=0 n=371007638447222942667075 elapsed=4s
progress: nodes=90,000,000 tested=0 found=0 n=584409977081437879134525 elapsed=4s
progress: nodes=100,000,000 tested=0 found=0 n=46207134746691420832575 elapsed=5s
progress: nodes=110,000,000 tested=0 found=0 n=83031492942740977783575 elapsed=5s
progress: nodes=120,000,000 tested=0 found=0 n=46927069096237748277825 elapsed=6s
progress: nodes=130,000,000 tested=0 found=0 n=23401362183482638199775 elapsed=6s
progress: nodes=140,000,000 tested=0 found=0 n=26965278984110394100425 elapsed=7s
progress: nodes=150,000,000 tested=0 found=0 n=48524998247093602483725 elapsed=7s
progress: nodes=160,000,000 tested=0 found=0 n=14691969551109214706475 elapsed=8s
progress: nodes=170,000,000 tested=0 found=0 n=6478642238082150049725 elapsed=8s
progress: nodes=180,000,000 tested=0 found=0 n=796968068952098341695075 elapsed=9s
progress: nodes=190,000,000 tested=0 found=0 n=5243510111324553016725 elapsed=9s
progress: nodes=200,000,000 tested=0 found=0 n=583020776530303777266825 elapsed=10s
progress: nodes=210,000,000 tested=0 found=0 n=5416070125750447649325 elapsed=11s
progress: nodes=220,000,000 tested=0 found=0 n=677473101526687996410825 elapsed=11s
progress: nodes=230,000,000 tested=0 found=0 n=666145346489351740198425 elapsed=12s
progress: nodes=240,000,000 tested=0 found=0 n=157082051654708007975 elapsed=13s
progress: nodes=250,000,000 tested=0 found=0 n=884077854879782153501925 elapsed=13s
progress: nodes=260,000,000 tested=0 found=0 n=695649468508617458102925 elapsed=14s
progress: nodes=270,000,000 tested=0 found=0 n=842734623745866670503825 elapsed=15s
progress: nodes=280,000,000 tested=0 found=0 n=845244815200512419105175 elapsed=16s
progress: nodes=290,000,000 tested=0 found=0 n=490179557051968477925175 elapsed=17s
progress: nodes=300,000,000 tested=0 found=0 n=836604804038089896302325 elapsed=17s
progress: nodes=310,000,000 tested=0 found=0 n=848042498474359557349575 elapsed=18s
progress: nodes=320,000,000 tested=0 found=0 n=649353685357901054987925 elapsed=19s
progress: nodes=330,000,000 tested=0 found=0 n=947156028043609654421025 elapsed=20s
progress: nodes=340,000,000 tested=0 found=0 n=798240349690358314974675 elapsed=20s
progress: nodes=350,000,000 tested=0 found=0 n=771091985400419215911525 elapsed=21s
progress: nodes=360,000,000 tested=0 found=0 n=584667663730010753025 elapsed=22s
progress: nodes=370,000,000 tested=0 found=0 n=847679361340102233969075 elapsed=23s
progress: nodes=380,000,000 tested=0 found=0 n=721423265990600239643325 elapsed=24s
progress: nodes=390,000,000 tested=0 found=0 n=956186238359905186161675 elapsed=25s
progress: nodes=400,000,000 tested=0 found=0 n=687562825201117871968725 elapsed=26s
progress: nodes=410,000,000 tested=0 found=0 n=381870672352795301839275 elapsed=26s
progress: nodes=420,000,000 tested=0 found=0 n=607685858263775898322275 elapsed=27s
progress: nodes=430,000,000 tested=0 found=0 n=531711284789165927133975 elapsed=28s
progress: nodes=440,000,000 tested=0 found=0 n=592926683854049074410825 elapsed=28s
progress: nodes=450,000,000 tested=0 found=0 n=240081489657664312007175 elapsed=29s
progress: nodes=460,000,000 tested=0 found=0 n=541038307728560628225225 elapsed=30s
progress: nodes=470,000,000 tested=0 found=0 n=537695998172246548394025 elapsed=30s
progress: nodes=480,000,000 tested=0 found=0 n=576207675476626586573775 elapsed=31s
progress: nodes=490,000,000 tested=0 found=0 n=103125936708233180472675 elapsed=31s
progress: nodes=500,000,000 tested=0 found=0 n=70108624710816108555075 elapsed=32s
progress: nodes=510,000,000 tested=0 found=0 n=398170173531672399098325 elapsed=32s
progress: nodes=520,000,000 tested=0 found=0 n=184815999834937771309275 elapsed=33s
progress: nodes=530,000,000 tested=0 found=0 n=41093295334306865707575 elapsed=33s
progress: nodes=540,000,000 tested=0 found=0 n=549656489587745355240075 elapsed=34s
progress: nodes=550,000,000 tested=0 found=0 n=14370443858810243345925 elapsed=34s
progress: nodes=560,000,000 tested=0 found=0 n=579666777268380596178825 elapsed=35s
progress: nodes=570,000,000 tested=0 found=0 n=831657095737016549363475 elapsed=35s
progress: nodes=580,000,000 tested=0 found=0 n=748837905845588963816475 elapsed=36s
progress: nodes=590,000,000 tested=0 found=0 n=214243647584497441193325 elapsed=37s
progress: nodes=600,000,000 tested=0 found=0 n=817210234158306876175575 elapsed=38s
progress: nodes=610,000,000 tested=0 found=0 n=596923795975297473307275 elapsed=39s
progress: nodes=620,000,000 tested=0 found=0 n=525609843871964342013075 elapsed=39s
progress: nodes=630,000,000 tested=0 found=0 n=806093833940955826965825 elapsed=40s
progress: nodes=640,000,000 tested=0 found=0 n=948652613825557829574225 elapsed=41s
progress: nodes=650,000,000 tested=0 found=0 n=897423333414748627983825 elapsed=42s
progress: nodes=660,000,000 tested=0 found=0 n=576540168184978866504825 elapsed=43s
progress: nodes=670,000,000 tested=0 found=0 n=705469101989288373362325 elapsed=44s
progress: nodes=680,000,000 tested=0 found=0 n=607379051713972259149575 elapsed=45s
progress: nodes=690,000,000 tested=0 found=0 n=557592036516699430683675 elapsed=45s
progress: nodes=700,000,000 tested=0 found=0 n=615981208811588912372325 elapsed=46s
progress: nodes=710,000,000 tested=0 found=0 n=462348562901559576964575 elapsed=47s
progress: nodes=720,000,000 tested=0 found=0 n=603318388924048016721075 elapsed=48s
progress: nodes=730,000,000 tested=0 found=0 n=331002836483193516753825 elapsed=49s
progress: nodes=740,000,000 tested=0 found=0 n=307988849652396880791075 elapsed=50s
progress: nodes=750,000,000 tested=0 found=0 n=436582490055102260949975 elapsed=51s
progress: nodes=760,000,000 tested=0 found=0 n=353700232479141338732025 elapsed=51s
progress: nodes=770,000,000 tested=0 found=0 n=242780269996787482597575 elapsed=52s
progress: nodes=780,000,000 tested=0 found=0 n=586278402771026304489675 elapsed=53s
progress: nodes=790,000,000 tested=0 found=0 n=345108053241121734786075 elapsed=54s
progress: nodes=800,000,000 tested=0 found=0 n=551795606373910532617725 elapsed=55s
progress: nodes=810,000,000 tested=0 found=0 n=482871363904184538716475 elapsed=56s
progress: nodes=820,000,000 tested=0 found=0 n=410170509567431451543075 elapsed=57s
progress: nodes=830,000,000 tested=0 found=0 n=412672115493157633872675 elapsed=58s
progress: nodes=840,000,000 tested=0 found=0 n=722467690597686281361225 elapsed=58s
progress: nodes=850,000,000 tested=0 found=0 n=291759643326233962916925 elapsed=59s
progress: nodes=860,000,000 tested=0 found=0 n=577144232428644186146925 elapsed=60s
progress: nodes=870,000,000 tested=0 found=0 n=454239393321122067090075 elapsed=61s
progress: nodes=880,000,000 tested=0 found=0 n=150767954184273839307825 elapsed=62s
progress: nodes=890,000,000 tested=0 found=0 n=334818486390273519438525 elapsed=63s
progress: nodes=900,000,000 tested=0 found=0 n=680854409887103679610425 elapsed=64s
progress: nodes=910,000,000 tested=0 found=0 n=204466742999745099369825 elapsed=65s
progress: nodes=920,000,000 tested=0 found=0 n=669288420188736710001675 elapsed=65s
progress: nodes=930,000,000 tested=0 found=0 n=234983245157328677691675 elapsed=66s
progress: nodes=940,000,000 tested=0 found=0 n=290165403865349376970725 elapsed=67s
progress: nodes=950,000,000 tested=0 found=0 n=948024657954278005739925 elapsed=68s
progress: nodes=960,000,000 tested=0 found=0 n=558216418694364547503225 elapsed=69s
progress: nodes=970,000,000 tested=0 found=0 n=811068161235732781936275 elapsed=70s
progress: nodes=980,000,000 tested=0 found=0 n=542901633097111280290725 elapsed=71s
progress: nodes=990,000,000 tested=0 found=0 n=408979018752049481645175 elapsed=72s
progress: nodes=1,000,000,000 tested=0 found=0 n=938351513606766312481575 elapsed=73s
progress: nodes=1,010,000,000 tested=0 found=0 n=800163190537191155874675 elapsed=73s
progress: nodes=1,020,000,000 tested=0 found=0 n=758534116309385872604925 elapsed=74s
progress: nodes=1,030,000,000 tested=0 found=0 n=107477743269724344112575 elapsed=75s
progress: nodes=1,040,000,000 tested=0 found=0 n=901028398872511024068975 elapsed=76s
progress: nodes=1,050,000,000 tested=0 found=0 n=738678918199566354960075 elapsed=77s
progress: nodes=1,060,000,000 tested=0 found=0 n=227394074558408707234425 elapsed=78s
progress: nodes=1,070,000,000 tested=0 found=0 n=359037165345249261749025 elapsed=79s
progress: nodes=1,080,000,000 tested=0 found=0 n=493383276048378879414825 elapsed=80s
progress: nodes=1,090,000,000 tested=0 found=0 n=118788849697218329260275 elapsed=81s
progress: nodes=1,100,000,000 tested=0 found=0 n=172408210564809014371275 elapsed=82s
progress: nodes=1,110,000,000 tested=0 found=0 n=317680992835578796142775 elapsed=82s
progress: nodes=1,120,000,000 tested=0 found=0 n=165305339579430745055025 elapsed=83s
progress: nodes=1,130,000,000 tested=0 found=0 n=238544628874298142851175 elapsed=84s
progress: nodes=1,140,000,000 tested=0 found=0 n=94378074394286001857475 elapsed=85s
progress: nodes=1,150,000,000 tested=0 found=0 n=986457870112880141544225 elapsed=86s
progress: nodes=1,160,000,000 tested=0 found=0 n=68043747614475043029675 elapsed=87s
progress: nodes=1,170,000,000 tested=0 found=0 n=457536316657805585093775 elapsed=88s
progress: nodes=1,180,000,000 tested=0 found=0 n=517586507757179088801825 elapsed=89s
progress: nodes=1,190,000,000 tested=0 found=0 n=944607452618899343735475 elapsed=90s
progress: nodes=1,200,000,000 tested=0 found=0 n=319253934901580835235275 elapsed=91s
progress: nodes=1,210,000,000 tested=0 found=0 n=85162054210734099229575 elapsed=92s
progress: nodes=1,220,000,000 tested=0 found=0 n=168090273432044921575275 elapsed=93s
progress: nodes=1,230,000,000 tested=0 found=0 n=60619742720751401514075 elapsed=94s
progress: nodes=1,240,000,000 tested=0 found=0 n=72705070032072256353225 elapsed=95s
progress: nodes=1,250,000,000 tested=0 found=0 n=61761057863152774392525 elapsed=96s
progress: nodes=1,260,000,000 tested=0 found=0 n=131883069922834391641725 elapsed=96s
progress: nodes=1,270,000,000 tested=0 found=0 n=103030782757412073630675 elapsed=97s
progress: nodes=1,280,000,000 tested=0 found=0 n=633456973189176338332725 elapsed=98s
progress: nodes=1,290,000,000 tested=0 found=0 n=80392513968251501819775 elapsed=99s
progress: nodes=1,300,000,000 tested=0 found=0 n=189248128253979699624825 elapsed=100s
progress: nodes=1,310,000,000 tested=0 found=0 n=8457867473276777934525 elapsed=101s
progress: nodes=1,320,000,000 tested=0 found=0 n=237671749329826490721525 elapsed=101s
progress: nodes=1,330,000,000 tested=0 found=0 n=263663702723628387075 elapsed=102s
progress: nodes=1,340,000,000 tested=0 found=0 n=922075488085922452216725 elapsed=102s
progress: nodes=1,350,000,000 tested=0 found=0 n=12839375310149422859475 elapsed=103s
progress: nodes=1,360,000,000 tested=0 found=0 n=187727473181342827923225 elapsed=104s
progress: nodes=1,370,000,000 tested=0 found=0 n=422673129761229708205425 elapsed=105s
progress: nodes=1,380,000,000 tested=0 found=0 n=103220968386275249160525 elapsed=106s
progress: nodes=1,390,000,000 tested=0 found=0 n=234752961558662405138175 elapsed=107s
progress: nodes=1,400,000,000 tested=0 found=0 n=171438902478701171599425 elapsed=108s
progress: nodes=1,410,000,000 tested=0 found=0 n=53214198807175424163075 elapsed=109s
progress: nodes=1,420,000,000 tested=0 found=0 n=79612509592931526433425 elapsed=110s
progress: nodes=1,430,000,000 tested=0 found=0 n=114879529078965752481975 elapsed=110s
progress: nodes=1,440,000,000 tested=0 found=0 n=324076623175647760944225 elapsed=111s
progress: nodes=1,450,000,000 tested=0 found=0 n=133594424500256686983975 elapsed=112s
progress: nodes=1,460,000,000 tested=0 found=0 n=659254269569419755468825 elapsed=113s
progress: nodes=1,470,000,000 tested=0 found=0 n=79692154443778129508325 elapsed=113s
progress: nodes=1,480,000,000 tested=0 found=0 n=214158115771007939562675 elapsed=114s
progress: nodes=1,490,000,000 tested=0 found=0 n=31999859213421624119175 elapsed=115s
progress: nodes=1,500,000,000 tested=0 found=0 n=46599099653707093553025 elapsed=115s
progress: nodes=1,510,000,000 tested=0 found=0 n=97116549558426984386325 elapsed=116s
progress: nodes=1,520,000,000 tested=0 found=0 n=995111233938563237649825 elapsed=117s
progress: nodes=1,530,000,000 tested=0 found=0 n=520760624979803746482525 elapsed=117s
progress: nodes=1,540,000,000 tested=0 found=0 n=465627147325585581747075 elapsed=118s
progress: nodes=1,550,000,000 tested=0 found=0 n=817273548064788007952325 elapsed=119s
progress: nodes=1,560,000,000 tested=0 found=0 n=466476945466611043175925 elapsed=119s
progress: nodes=1,570,000,000 tested=0 found=0 n=283100497348607851563525 elapsed=120s
progress: nodes=1,580,000,000 tested=0 found=0 n=78899284902723563161275 elapsed=121s
progress: nodes=1,590,000,000 tested=0 found=0 n=99940554194438538353325 elapsed=121s
progress: nodes=1,600,000,000 tested=0 found=0 n=52016796452230102036425 elapsed=122s
progress: nodes=1,610,000,000 tested=0 found=0 n=13452247219141469604075 elapsed=122s
progress: nodes=1,620,000,000 tested=0 found=0 n=403617237910128075396675 elapsed=123s
progress: nodes=1,630,000,000 tested=0 found=0 n=881937960784166828874675 elapsed=124s
progress: nodes=1,640,000,000 tested=0 found=0 n=605083221542673591584475 elapsed=124s
progress: nodes=1,650,000,000 tested=0 found=0 n=645617229351126341274525 elapsed=125s
progress: nodes=1,660,000,000 tested=0 found=0 n=7702250686265587878825 elapsed=126s
progress: nodes=1,670,000,000 tested=0 found=0 n=591891020444618985290025 elapsed=127s
progress: nodes=1,680,000,000 tested=0 found=0 n=613978945485307788871275 elapsed=127s
progress: nodes=1,690,000,000 tested=0 found=0 n=175133635514704767657225 elapsed=128s
progress: nodes=1,700,000,000 tested=0 found=0 n=547803284765845179398775 elapsed=129s
progress: nodes=1,710,000,000 tested=0 found=0 n=817151471021727679442325 elapsed=130s
progress: nodes=1,720,000,000 tested=0 found=0 n=937165325469930500847225 elapsed=131s
progress: nodes=1,730,000,000 tested=0 found=0 n=12061712609977258725 elapsed=132s
progress: nodes=1,740,000,000 tested=0 found=0 n=162786729155489295101175 elapsed=133s
progress: nodes=1,750,000,000 tested=0 found=0 n=86299577143080326845575 elapsed=133s
progress: nodes=1,760,000,000 tested=0 found=0 n=679606539033492881090175 elapsed=134s
progress: nodes=1,770,000,000 tested=0 found=0 n=973826108219015186146725 elapsed=135s
progress: nodes=1,780,000,000 tested=0 found=0 n=941575301015921843083575 elapsed=136s
progress: nodes=1,790,000,000 tested=0 found=0 n=104781780449412537441075 elapsed=136s
progress: nodes=1,800,000,000 tested=0 found=0 n=32030109777557773256025 elapsed=137s
progress: nodes=1,810,000,000 tested=0 found=0 n=204259848830334194804025 elapsed=138s
progress: nodes=1,820,000,000 tested=0 found=0 n=577054492695538756440675 elapsed=138s
progress: nodes=1,830,000,000 tested=0 found=0 n=87743995791573096369975 elapsed=139s
progress: nodes=1,840,000,000 tested=0 found=0 n=395259117067937745992775 elapsed=140s
progress: nodes=1,850,000,000 tested=0 found=0 n=11540668457128291588275 elapsed=140s
progress: nodes=1,860,000,000 tested=0 found=0 n=529129047263207345501925 elapsed=141s
progress: nodes=1,870,000,000 tested=0 found=0 n=11937597228807956345325 elapsed=141s
progress: nodes=1,880,000,000 tested=0 found=0 n=906570816439129069098675 elapsed=142s
progress: nodes=1,890,000,000 tested=0 found=0 n=139269719395741383057525 elapsed=143s
progress: nodes=1,900,000,000 tested=0 found=0 n=9533163031087413895275 elapsed=143s
progress: nodes=1,910,000,000 tested=0 found=0 n=153510070420287740003775 elapsed=144s
progress: nodes=1,920,000,000 tested=0 found=0 n=186091046706460390355175 elapsed=144s
progress: nodes=1,930,000,000 tested=0 found=0 n=857339790471867764370225 elapsed=145s
progress: nodes=1,940,000,000 tested=0 found=0 n=756011441889348722888475 elapsed=146s
progress: nodes=1,950,000,000 tested=0 found=0 n=319014685133774712873525 elapsed=146s
progress: nodes=1,960,000,000 tested=0 found=0 n=242167655503868113324725 elapsed=147s
progress: nodes=1,970,000,000 tested=0 found=0 n=880256470359588160364925 elapsed=148s
progress: nodes=1,980,000,000 tested=0 found=0 n=735425839667093387526525 elapsed=149s
progress: nodes=1,990,000,000 tested=0 found=0 n=313603129907704813145025 elapsed=150s
progress: nodes=2,000,000,000 tested=0 found=0 n=592814964304294306838025 elapsed=151s
progress: nodes=2,010,000,000 tested=0 found=0 n=262577050801969195214475 elapsed=152s
progress: nodes=2,020,000,000 tested=0 found=0 n=361892213861775198528675 elapsed=153s
progress: nodes=2,030,000,000 tested=0 found=0 n=205282833197524103480025 elapsed=153s
progress: nodes=2,040,000,000 tested=0 found=0 n=960349736097557393278425 elapsed=154s
progress: nodes=2,050,000,000 tested=0 found=0 n=415377159793682915203725 elapsed=155s
progress: nodes=2,060,000,000 tested=0 found=0 n=63572089024517632990725 elapsed=156s
progress: nodes=2,070,000,000 tested=0 found=0 n=469582149682084979420475 elapsed=157s
progress: nodes=2,080,000,000 tested=0 found=0 n=23289439726869692119275 elapsed=157s
progress: nodes=2,090,000,000 tested=0 found=0 n=57806850578813015604225 elapsed=158s
progress: nodes=2,100,000,000 tested=0 found=0 n=265081324234377793940175 elapsed=158s
progress: nodes=2,110,000,000 tested=0 found=0 n=729703910372518120111275 elapsed=159s
progress: nodes=2,120,000,000 tested=0 found=0 n=10631569242321339568725 elapsed=160s
progress: nodes=2,130,000,000 tested=0 found=0 n=169037176143566165783775 elapsed=160s
progress: nodes=2,140,000,000 tested=0 found=0 n=91417182351247387160925 elapsed=161s
progress: nodes=2,150,000,000 tested=0 found=0 n=157113453710915512800675 elapsed=162s
progress: nodes=2,160,000,000 tested=0 found=0 n=722756098474398994077975 elapsed=162s
progress: nodes=2,170,000,000 tested=0 found=0 n=3581654453020270792725 elapsed=163s
progress: nodes=2,180,000,000 tested=0 found=0 n=47916179514047408327925 elapsed=163s
progress: nodes=2,190,000,000 tested=0 found=0 n=553835455120612390010775 elapsed=164s
progress: nodes=2,200,000,000 tested=0 found=0 n=422304264406910866233225 elapsed=165s
progress: nodes=2,210,000,000 tested=0 found=0 n=115024751870727150880575 elapsed=165s
progress: nodes=2,220,000,000 tested=0 found=0 n=497221533843710218644675 elapsed=166s
progress: nodes=2,230,000,000 tested=0 found=0 n=385186852627043376455175 elapsed=167s
progress: nodes=2,240,000,000 tested=0 found=0 n=739025909367656720487825 elapsed=167s
progress: nodes=2,250,000,000 tested=0 found=0 n=410238819404664439429275 elapsed=168s
progress: nodes=2,260,000,000 tested=0 found=0 n=875569980934456662565725 elapsed=169s
progress: nodes=2,270,000,000 tested=0 found=0 n=494140030649564970062175 elapsed=170s
progress: nodes=2,280,000,000 tested=0 found=0 n=148644380644710193394025 elapsed=171s
progress: nodes=2,290,000,000 tested=0 found=0 n=403626522023759652171225 elapsed=172s
progress: nodes=2,300,000,000 tested=0 found=0 n=311395402572453554760825 elapsed=173s
progress: nodes=2,310,000,000 tested=0 found=0 n=157056664554052285150275 elapsed=173s
progress: nodes=2,320,000,000 tested=0 found=0 n=410350637721254450541825 elapsed=174s
progress: nodes=2,330,000,000 tested=0 found=0 n=291771033078926310943425 elapsed=175s
progress: nodes=2,340,000,000 tested=0 found=0 n=383239564688335186987575 elapsed=176s
progress: nodes=2,350,000,000 tested=0 found=0 n=757691452339119715870425 elapsed=177s
progress: nodes=2,360,000,000 tested=0 found=0 n=979672586906891682078225 elapsed=178s
progress: nodes=2,370,000,000 tested=0 found=0 n=179164617994209433199775 elapsed=178s
progress: nodes=2,380,000,000 tested=0 found=0 n=48357261803281468606275 elapsed=179s
progress: nodes=2,390,000,000 tested=0 found=0 n=592115496185354094907275 elapsed=180s
progress: nodes=2,400,000,000 tested=0 found=0 n=5633561940231446004525 elapsed=180s
progress: nodes=2,410,000,000 tested=0 found=0 n=734158831902831196725675 elapsed=181s
progress: nodes=2,420,000,000 tested=0 found=0 n=452508170760351543706575 elapsed=181s
progress: nodes=2,430,000,000 tested=0 found=0 n=180395471105430085874775 elapsed=182s
progress: nodes=2,440,000,000 tested=0 found=0 n=520348673504463961197075 elapsed=183s
progress: nodes=2,450,000,000 tested=0 found=0 n=887148499452282983515425 elapsed=183s
progress: nodes=2,460,000,000 tested=0 found=0 n=57162560163176033353725 elapsed=184s
progress: nodes=2,470,000,000 tested=0 found=0 n=328913120064835688580975 elapsed=184s
progress: nodes=2,480,000,000 tested=0 found=0 n=883333154718522616346175 elapsed=185s
progress: nodes=2,490,000,000 tested=0 found=0 n=618950166165139478300925 elapsed=186s
progress: nodes=2,500,000,000 tested=0 found=0 n=331393355931106666625925 elapsed=187s
progress: nodes=2,510,000,000 tested=0 found=0 n=198517990719457101586425 elapsed=187s
progress: nodes=2,520,000,000 tested=0 found=0 n=975111389593736592263325 elapsed=188s
progress: nodes=2,530,000,000 tested=0 found=0 n=483849243548308961076075 elapsed=189s
progress: nodes=2,540,000,000 tested=0 found=0 n=848105780225500734771225 elapsed=190s
progress: nodes=2,550,000,000 tested=0 found=0 n=691395993844797541503525 elapsed=191s
progress: nodes=2,560,000,000 tested=0 found=0 n=822496377391680251027775 elapsed=192s
progress: nodes=2,570,000,000 tested=0 found=0 n=227858150276492989566075 elapsed=193s
progress: nodes=2,580,000,000 tested=0 found=0 n=144760385492383003757925 elapsed=194s
progress: nodes=2,590,000,000 tested=0 found=0 n=374869888035389679081975 elapsed=194s
progress: nodes=2,600,000,000 tested=0 found=0 n=263274142979898739073175 elapsed=195s
progress: nodes=2,610,000,000 tested=0 found=0 n=163948713510455042309175 elapsed=196s
progress: nodes=2,620,000,000 tested=0 found=0 n=134810286522142417477725 elapsed=197s
progress: nodes=2,630,000,000 tested=0 found=0 n=27543079814466373646475 elapsed=197s
progress: nodes=2,640,000,000 tested=0 found=0 n=977044524426112821549675 elapsed=198s
progress: nodes=2,650,000,000 tested=0 found=0 n=8410424020409698365225 elapsed=199s
progress: nodes=2,660,000,000 tested=0 found=0 n=351342666031363469625225 elapsed=199s
progress: nodes=2,670,000,000 tested=0 found=0 n=44880077310411666465975 elapsed=200s
progress: nodes=2,680,000,000 tested=0 found=0 n=346199147705086703465025 elapsed=200s
progress: nodes=2,690,000,000 tested=0 found=0 n=668967924926202072752175 elapsed=201s
progress: nodes=2,700,000,000 tested=0 found=0 n=613241376266036770806225 elapsed=201s
progress: nodes=2,710,000,000 tested=0 found=0 n=397193710327457696688525 elapsed=202s
progress: nodes=2,720,000,000 tested=0 found=0 n=989891670964680771162225 elapsed=203s
progress: nodes=2,730,000,000 tested=0 found=0 n=505929999251347151124525 elapsed=204s
progress: nodes=2,740,000,000 tested=0 found=0 n=799669420460474869682475 elapsed=204s
progress: nodes=2,750,000,000 tested=0 found=0 n=426946503269839752353175 elapsed=205s
progress: nodes=2,760,000,000 tested=0 found=0 n=289499345108170326785775 elapsed=206s
progress: nodes=2,770,000,000 tested=0 found=0 n=314411393788511206122075 elapsed=207s
progress: nodes=2,780,000,000 tested=0 found=0 n=134529517241122977656025 elapsed=208s
progress: nodes=2,790,000,000 tested=0 found=0 n=490710888537817518294675 elapsed=208s
progress: nodes=2,800,000,000 tested=0 found=0 n=4838002504741047895575 elapsed=209s
progress: nodes=2,810,000,000 tested=0 found=0 n=22273939528071224370825 elapsed=210s
progress: nodes=2,820,000,000 tested=0 found=0 n=4032362945008055817075 elapsed=210s
progress: nodes=2,830,000,000 tested=0 found=0 n=912152267314882358805075 elapsed=211s
progress: nodes=2,840,000,000 tested=0 found=0 n=175148475335238889925175 elapsed=212s
progress: nodes=2,850,000,000 tested=0 found=0 n=421943415418147461741525 elapsed=212s
progress: nodes=2,860,000,000 tested=0 found=0 n=34837836649824268742325 elapsed=213s
progress: nodes=2,870,000,000 tested=0 found=0 n=688584439409768337763425 elapsed=214s
progress: nodes=2,880,000,000 tested=0 found=0 n=822524530787387327323725 elapsed=215s
progress: nodes=2,890,000,000 tested=0 found=0 n=656915822208514655853675 elapsed=216s
progress: nodes=2,900,000,000 tested=0 found=0 n=436297438459729300136025 elapsed=216s
progress: nodes=2,910,000,000 tested=0 found=0 n=905005487173216882467525 elapsed=217s
progress: nodes=2,920,000,000 tested=0 found=0 n=444058839609022856881425 elapsed=218s
progress: nodes=2,930,000,000 tested=0 found=0 n=43484149044153567230775 elapsed=219s
progress: nodes=2,940,000,000 tested=0 found=0 n=176243119790665445368725 elapsed=219s
progress: nodes=2,950,000,000 tested=0 found=0 n=331567317336855865982325 elapsed=220s
progress: nodes=2,960,000,000 tested=0 found=0 n=19849286147775085769775 elapsed=221s
progress: nodes=2,970,000,000 tested=0 found=0 n=302217437250227415507675 elapsed=221s
progress: nodes=2,980,000,000 tested=0 found=0 n=1676552206077592943925 elapsed=222s
progress: nodes=2,990,000,000 tested=0 found=0 n=933590641809209287575 elapsed=223s
progress: nodes=3,000,000,000 tested=0 found=0 n=725052383103165156720975 elapsed=223s
progress: nodes=3,010,000,000 tested=0 found=0 n=14591861309785728064425 elapsed=224s
progress: nodes=3,020,000,000 tested=0 found=0 n=283341247840029457956675 elapsed=225s
progress: nodes=3,030,000,000 tested=0 found=0 n=874948060724069541455925 elapsed=225s
progress: nodes=3,040,000,000 tested=0 found=0 n=922966635377357197101825 elapsed=226s
progress: nodes=3,050,000,000 tested=0 found=0 n=186528410718511707049575 elapsed=227s
progress: nodes=3,060,000,000 tested=0 found=0 n=375575813420148760238925 elapsed=228s
progress: nodes=3,070,000,000 tested=0 found=0 n=351828115145278652591025 elapsed=229s
progress: nodes=3,080,000,000 tested=0 found=0 n=47618863222983372325425 elapsed=229s
progress: nodes=3,090,000,000 tested=0 found=0 n=247418071980112210228275 elapsed=230s
progress: nodes=3,100,000,000 tested=0 found=0 n=6834756381755929014675 elapsed=231s
progress: nodes=3,110,000,000 tested=0 found=0 n=889041907148235889116075 elapsed=231s
progress: nodes=3,120,000,000 tested=0 found=0 n=2070624677275318540425 elapsed=232s
progress: nodes=3,130,000,000 tested=0 found=0 n=432792687465302303628825 elapsed=233s
progress: nodes=3,140,000,000 tested=0 found=0 n=454230568604996112324675 elapsed=234s
progress: nodes=3,150,000,000 tested=0 found=0 n=554174872787195024865675 elapsed=235s
progress: nodes=3,160,000,000 tested=0 found=0 n=125239217286521766225 elapsed=236s
progress: nodes=3,170,000,000 tested=0 found=0 n=808214353649266453302525 elapsed=236s
progress: nodes=3,180,000,000 tested=0 found=0 n=591842243616102299919525 elapsed=237s
progress: nodes=3,190,000,000 tested=0 found=0 n=838767557655129353966925 elapsed=238s
progress: nodes=3,200,000,000 tested=0 found=0 n=537761382026612992038525 elapsed=238s
progress: nodes=3,210,000,000 tested=0 found=0 n=526155326619590037315225 elapsed=239s
progress: nodes=3,220,000,000 tested=0 found=0 n=728044189221471276525 elapsed=240s
progress: nodes=3,230,000,000 tested=0 found=0 n=948996520433569352382225 elapsed=241s
progress: nodes=3,240,000,000 tested=0 found=0 n=711091447044976116377475 elapsed=242s
progress: nodes=3,250,000,000 tested=0 found=0 n=468063402564959042452275 elapsed=243s
progress: nodes=3,260,000,000 tested=0 found=0 n=77163830238458772528825 elapsed=243s
progress: nodes=3,270,000,000 tested=0 found=0 n=657468281871120695956575 elapsed=244s
progress: nodes=3,280,000,000 tested=0 found=0 n=252864463155186140475 elapsed=245s
progress: nodes=3,290,000,000 tested=0 found=0 n=905503721227107506150325 elapsed=245s
progress: nodes=3,300,000,000 tested=0 found=0 n=396796976910105566327925 elapsed=246s
progress: nodes=3,310,000,000 tested=0 found=0 n=717447311567237966367975 elapsed=247s
progress: nodes=3,320,000,000 tested=0 found=0 n=304709875436878640152725 elapsed=248s
progress: nodes=3,330,000,000 tested=0 found=0 n=863425821259209366845925 elapsed=249s
progress: nodes=3,340,000,000 tested=0 found=0 n=477224692309513613505075 elapsed=249s
progress: nodes=3,350,000,000 tested=0 found=0 n=1862316371530261218075 elapsed=250s
progress: nodes=3,360,000,000 tested=0 found=0 n=342929474044681996047975 elapsed=251s
progress: nodes=3,370,000,000 tested=0 found=0 n=521371927225131578925 elapsed=252s
progress: nodes=3,380,000,000 tested=0 found=0 n=135833109695729352059475 elapsed=252s
progress: nodes=3,390,000,000 tested=0 found=0 n=579686197721391771967425 elapsed=253s
progress: nodes=3,400,000,000 tested=0 found=0 n=451132152756232502227575 elapsed=254s
progress: nodes=3,410,000,000 tested=0 found=0 n=388812270979088428396575 elapsed=255s
progress: nodes=3,420,000,000 tested=0 found=0 n=326958627288656212910025 elapsed=256s
progress: nodes=3,430,000,000 tested=0 found=0 n=430252063836421576937775 elapsed=256s
progress: nodes=3,440,000,000 tested=0 found=0 n=523596353298929462466075 elapsed=257s
progress: nodes=3,450,000,000 tested=0 found=0 n=138562095116898253206525 elapsed=258s
progress: nodes=3,460,000,000 tested=0 found=0 n=489093324946570901852925 elapsed=259s
progress: nodes=3,470,000,000 tested=0 found=0 n=271316142127817599238475 elapsed=260s
progress: nodes=3,480,000,000 tested=0 found=0 n=209023277462099720417175 elapsed=261s

done in 261.3s | nodes=3,488,769,336 | tested=0 | weird=0
