search v2: odd=True, N_CAP=1.00e+24, DELTA_MAX=1.0e+07, MIN_DEPTH=6
SPF shard: smallest prime factor = 3
P2 sub-shard: second prime factor = 5
P3 sub-sub-shard: third prime factor = 11
progress: nodes=10,000,000 tested=1,398 found=0 n=341192952100730992341915 elapsed=23s
progress: nodes=20,000,000 tested=1,398 found=0 n=718857830971198188753615 elapsed=63s
progress: nodes=30,000,000 tested=1,398 found=0 n=95553583746245540685495 elapsed=93s
progress: nodes=40,000,000 tested=1,398 found=0 n=459271321693069476333105 elapsed=127s
progress: nodes=50,000,000 tested=1,398 found=0 n=841046660716967976009915 elapsed=168s
progress: nodes=60,000,000 tested=1,398 found=0 n=207489038131443909086235 elapsed=193s
progress: nodes=70,000,000 tested=1,398 found=0 n=578943447479451840036735 elapsed=232s
progress: nodes=80,000,000 tested=1,398 found=0 n=964142736250519647358515 elapsed=273s
progress: nodes=90,000,000 tested=1,398 found=0 n=323007307701589577742885 elapsed=297s
progress: nodes=100,000,000 tested=1,398 found=0 n=699928602915431442392235 elapsed=336s
progress: nodes=110,000,000 tested=1,398 found=0 n=78639111762590793973185 elapsed=368s
progress: nodes=120,000,000 tested=1,398 found=0 n=440788176775041923568015 elapsed=401s
progress: nodes=130,000,000 tested=1,398 found=0 n=821984142288281459511915 elapsed=441s
progress: nodes=140,000,000 tested=1,398 found=0 n=189804671921117683983465 elapsed=466s
progress: nodes=150,000,000 tested=1,398 found=0 n=560255727425302137226635 elapsed=505s
progress: nodes=160,000,000 tested=1,398 found=0 n=944955487346922094318605 elapsed=546s
progress: nodes=170,000,000 tested=1,398 found=0 n=304884180355977023887305 elapsed=570s
progress: nodes=180,000,000 tested=1,398 found=0 n=681063870314618654068755 elapsed=610s
progress: nodes=190,000,000 tested=1,398 found=0 n=61973095362140635160895 elapsed=643s
progress: nodes=200,000,000 tested=1,398 found=0 n=422382265773483433904145 elapsed=674s
progress: nodes=210,000,000 tested=1,398 found=0 n=802979009748611438034105 elapsed=714s
progress: nodes=220,000,000 tested=1,398 found=0 n=172240330257999937406385 elapsed=740s
progress: nodes=230,000,000 tested=1,398 found=0 n=541622961374874714581895 elapsed=778s
progress: nodes=240,000,000 tested=1,398 found=0 n=925849015377309537277005 elapsed=819s
progress: nodes=250,000,000 tested=1,398 found=0 n=286856010616835411988885 elapsed=843s
progress: nodes=260,000,000 tested=1,398 found=0 n=662264369181363402650295 elapsed=883s
progress: nodes=270,000,000 tested=1,398 found=0 n=45595176232862283794415 elapsed=919s
progress: nodes=280,000,000 tested=1,398 found=0 n=404047840413154663179135 elapsed=948s
progress: nodes=290,000,000 tested=1,398 found=0 n=784025989095596905962315 elapsed=988s
progress: nodes=300,000,000 tested=1,398 found=0 n=154802552204008238255055 elapsed=1013s
progress: nodes=310,000,000 tested=1,398 found=0 n=523059664794744469155885 elapsed=1052s
progress: nodes=320,000,000 tested=1,398 found=0 n=906758492186571373413405 elapsed=1092s
progress: nodes=330,000,000 tested=1,398 found=0 n=268931691850227774192495 elapsed=1117s
progress: nodes=340,000,000 tested=1,398 found=0 n=643517602153224332820165 elapsed=1156s
progress: nodes=350,000,000 tested=1,398 found=0 n=29585331857982885080085 elapsed=1194s
progress: nodes=360,000,000 tested=1,398 found=0 n=385797326716464338093715 elapsed=1221s
progress: nodes=370,000,000 tested=1,398 found=0 n=765121292701768797523245 elapsed=1261s
progress: nodes=380,000,000 tested=1,398 found=0 n=137495628582516581766345 elapsed=1287s
progress: nodes=390,000,000 tested=1,398 found=0 n=504563176175501952217665 elapsed=1326s
progress: nodes=400,000,000 tested=1,398 found=0 n=887733257832741428510985 elapsed=1366s
progress: nodes=410,000,000 tested=1,398 found=0 n=251082123238961213801085 elapsed=1391s
progress: nodes=420,000,000 tested=1,398 found=0 n=624824464543752083785515 elapsed=1432s
progress: nodes=430,000,000 tested=1,398 found=0 n=14130751707865627627815 elapsed=1472s
progress: nodes=440,000,000 tested=1,398 found=0 n=367598743586345818164915 elapsed=1498s
progress: nodes=450,000,000 tested=1,398 found=0 n=746270518297606848471915 elapsed=1538s
progress: nodes=460,000,000 tested=1,398 found=0 n=120349459415784231979335 elapsed=1566s
progress: nodes=470,000,000 tested=1,398 found=0 n=486128482908806481519105 elapsed=1604s
progress: nodes=480,000,000 tested=1,398 found=0 n=868763019871789282600965 elapsed=1645s
progress: nodes=490,000,000 tested=1,398 found=0 n=233345980599946906008735 elapsed=1669s
progress: nodes=500,000,000 tested=1,398 found=0 n=606190059421655843652705 elapsed=1709s
progress: nodes=510,000,000 tested=1,398 found=0 n=992127828653851566138165 elapsed=1751s
progress: nodes=520,000,000 tested=1,398 found=0 n=349492660599962626188255 elapsed=1775s
progress: nodes=530,000,000 tested=1,398 found=0 n=727530716144033451904815 elapsed=1816s
progress: nodes=540,000,000 tested=1,398 found=0 n=103375853733518555491665 elapsed=1846s
progress: nodes=550,000,000 tested=1,398 found=0 n=467800456191409461407265 elapsed=1881s
progress: nodes=560,000,000 tested=1,398 found=0 n=849897069575286688722855 elapsed=1922s
progress: nodes=570,000,000 tested=1,398 found=0 n=215752093706165014918755 elapsed=1947s
progress: nodes=580,000,000 tested=1,398 found=0 n=587702080750164305481765 elapsed=1986s
progress: nodes=590,000,000 tested=1,398 found=0 n=973164669812343165677355 elapsed=2027s
progress: nodes=600,000,000 tested=1,398 found=0 n=331565344009304371006095 elapsed=2052s
progress: nodes=610,000,000 tested=1,398 found=0 n=708891870624947046918045 elapsed=2093s
progress: nodes=620,000,000 tested=1,398 found=0 n=86665719523524408348345 elapsed=2125s
progress: nodes=630,000,000 tested=1,398 found=0 n=449608763090577709525005 elapsed=2159s
progress: nodes=640,000,000 tested=1,398 found=0 n=831127760104187740302405 elapsed=2199s
progress: nodes=650,000,000 tested=1,398 found=0 n=198325664575023092168655 elapsed=2225s
progress: nodes=660,000,000 tested=1,398 found=0 n=569299572242643523821705 elapsed=2263s
progress: nodes=670,000,000 tested=1,398 found=0 n=954287921725593704554635 elapsed=2304s
progress: nodes=680,000,000 tested=1,398 found=0 n=313728256798443851733765 elapsed=2328s
progress: nodes=690,000,000 tested=1,398 found=0 n=690318496476855094648635 elapsed=2369s
progress: nodes=700,000,000 tested=1,398 found=0 n=70170042310043999132205 elapsed=2403s
progress: nodes=710,000,000 tested=1,398 found=0 n=431500059670058038415745 elapsed=2435s
progress: nodes=720,000,000 tested=1,398 found=0 n=812423426317666438785345 elapsed=2477s
progress: nodes=730,000,000 tested=1,398 found=0 n=181007175005564234639895 elapsed=2502s
progress: nodes=740,000,000 tested=1,398 found=0 n=550964887022832433391295 elapsed=2541s
progress: nodes=750,000,000 tested=1,398 found=0 n=935464868939681113283415 elapsed=2582s
progress: nodes=760,000,000 tested=1,398 found=0 n=295979182638720122922435 elapsed=2606s
progress: nodes=770,000,000 tested=1,398 found=0 n=671808941044454210425065 elapsed=2645s
progress: nodes=780,000,000 tested=1,398 found=0 n=53919027378759396128715 elapsed=2681s
progress: nodes=790,000,000 tested=1,398 found=0 n=413439369574071913235955 elapsed=2711s
progress: nodes=800,000,000 tested=1,398 found=0 n=793771010289719188308945 elapsed=2753s
progress: nodes=810,000,000 tested=1,398 found=0 n=163798394535149645043135 elapsed=2779s
progress: nodes=820,000,000 tested=1,398 found=0 n=532699697090398736423745 elapsed=2818s
progress: nodes=830,000,000 tested=1,398 found=0 n=916695011821797848910105 elapsed=2859s
progress: nodes=840,000,000 tested=1,398 found=0 n=278307078367372881924735 elapsed=2883s
progress: nodes=850,000,000 tested=1,398 found=0 n=653362863712456804666155 elapsed=2923s
progress: nodes=860,000,000 tested=1,398 found=0 n=37983268837850587451145 elapsed=2959s
progress: nodes=870,000,000 tested=1,398 found=0 n=395466983794784213053335 elapsed=2988s
progress: nodes=880,000,000 tested=1,398 found=0 n=775183585120803699054885 elapsed=3029s
progress: nodes=890,000,000 tested=1,398 found=0 n=146732860070984049631065 elapsed=3055s
progress: nodes=900,000,000 tested=1,398 found=0 n=514492338219146256380895 elapsed=3095s
progress: nodes=910,000,000 tested=1,398 found=0 n=897995104903892988893835 elapsed=3136s
progress: nodes=920,000,000 tested=1,398 found=0 n=260742089714261442498585 elapsed=3161s
progress: nodes=930,000,000 tested=1,398 found=0 n=634981150298097768998745 elapsed=3200s
progress: nodes=940,000,000 tested=1,398 found=0 n=22482398185116375767085 elapsed=3239s
progress: nodes=950,000,000 tested=1,398 found=0 n=377564449851973502015535 elapsed=3265s
progress: nodes=960,000,000 tested=1,398 found=0 n=756645937765408018772235 elapsed=3305s
progress: nodes=970,000,000 tested=1,398 found=0 n=129813297539564664571095 elapsed=3332s
progress: nodes=980,000,000 tested=1,398 found=0 n=496357493709750525400185 elapsed=3372s
progress: nodes=990,000,000 tested=1,398 found=0 n=879335144256783333057345 elapsed=3413s
progress: nodes=1,000,000,000 tested=1,398 found=0 n=243268454936917533524445 elapsed=3438s
progress: nodes=1,010,000,000 tested=1,398 found=0 n=616655549770592741828595 elapsed=3478s
progress: nodes=1,020,000,000 tested=1,398 found=0 n=7693077622702299372765 elapsed=3518s
progress: nodes=1,030,000,000 tested=1,398 found=0 n=359742043599531815253735 elapsed=3542s
progress: nodes=1,040,000,000 tested=1,398 found=0 n=738172800615230294134095 elapsed=3582s

done in 3600.0s | nodes=1,044,340,736 | tested=1,398 | weird=0
