search v2: odd=True, N_CAP=1.00e+24, DELTA_MAX=1.0e+07, MIN_DEPTH=6
SPF shard: smallest prime factor = 3
P2 sub-shard: second prime factor = 13
progress: nodes=10,000,000 tested=0 found=0 n=502943065546135029923991 elapsed=1s
progress: nodes=20,000,000 tested=0 found=0 n=43545945385687208079993 elapsed=2s
progress: nodes=30,000,000 tested=0 found=0 n=4921466715747033123321 elapsed=2s
progress: nodes=40,000,000 tested=0 found=0 n=561632288519594781663291 elapsed=3s
progress: nodes=50,000,000 tested=0 found=0 n=843465155661472505857371 elapsed=3s
progress: nodes=60,000,000 tested=0 found=0 n=942212617741548219727323 elapsed=4s
progress: nodes=70,000,000 tested=0 found=0 n=990671673735454487954697 elapsed=5s
progress: nodes=80,000,000 tested=0 found=0 n=485280442422552009693447 elapsed=6s
progress: nodes=90,000,000 tested=0 found=0 n=515658067314531750707787 elapsed=7s
progress: nodes=100,000,000 tested=0 found=0 n=765809110174796743608657 elapsed=7s
progress: nodes=110,000,000 tested=0 found=0 n=918236578822077882767049 elapsed=8s
progress: nodes=120,000,000 tested=0 found=0 n=433105371356429944592433 elapsed=9s
progress: nodes=130,000,000 tested=0 found=0 n=821828637324221188401909 elapsed=10s
progress: nodes=140,000,000 tested=0 found=0 n=444706970638327282339623 elapsed=11s
progress: nodes=150,000,000 tested=0 found=0 n=472136756142131416038573 elapsed=12s
progress: nodes=160,000,000 tested=0 found=0 n=275919199535745458489043 elapsed=13s
progress: nodes=170,000,000 tested=0 found=0 n=645476136549216507174627 elapsed=14s
progress: nodes=180,000,000 tested=0 found=0 n=456805439195270664448053 elapsed=15s
progress: nodes=190,000,000 tested=0 found=0 n=516821679102425172517431 elapsed=15s
progress: nodes=200,000,000 tested=0 found=0 n=660897293864639385669921 elapsed=16s
progress: nodes=210,000,000 tested=0 found=0 n=486185781252575564503317 elapsed=17s
progress: nodes=220,000,000 tested=0 found=0 n=855869032464864539147559 elapsed=18s
progress: nodes=230,000,000 tested=0 found=0 n=576991557386551833179589 elapsed=19s
progress: nodes=240,000,000 tested=0 found=0 n=672425254703447723824281 elapsed=20s
progress: nodes=250,000,000 tested=0 found=0 n=257656552712963816671701 elapsed=21s
progress: nodes=260,000,000 tested=0 found=0 n=247346372816675186882139 elapsed=21s
progress: nodes=270,000,000 tested=0 found=0 n=869730423164050911794721 elapsed=22s
progress: nodes=280,000,000 tested=0 found=0 n=112002691797388148305887 elapsed=23s
progress: nodes=290,000,000 tested=0 found=0 n=485702304101030285396361 elapsed=24s
progress: nodes=300,000,000 tested=0 found=0 n=511473078794218669459461 elapsed=25s
progress: nodes=310,000,000 tested=0 found=0 n=280750135331388489593697 elapsed=26s
progress: nodes=320,000,000 tested=0 found=0 n=222046794392283352133109 elapsed=27s
progress: nodes=330,000,000 tested=0 found=0 n=742935827508651291795579 elapsed=28s
progress: nodes=340,000,000 tested=0 found=0 n=621898610189773823777637 elapsed=29s
progress: nodes=350,000,000 tested=0 found=0 n=397279009089612268119891 elapsed=30s
progress: nodes=360,000,000 tested=0 found=0 n=240850710304353315608949 elapsed=30s
progress: nodes=370,000,000 tested=0 found=0 n=55814074213574100655179 elapsed=31s
progress: nodes=380,000,000 tested=0 found=0 n=174767820117406666464249 elapsed=31s
progress: nodes=390,000,000 tested=0 found=0 n=150803743357013873953437 elapsed=32s
progress: nodes=400,000,000 tested=0 found=0 n=128986019586016510479939 elapsed=33s
progress: nodes=410,000,000 tested=0 found=0 n=5459104097661819284901 elapsed=33s
progress: nodes=420,000,000 tested=0 found=0 n=575089189863592346638371 elapsed=34s
progress: nodes=430,000,000 tested=0 found=0 n=574120313315663469938271 elapsed=35s
progress: nodes=440,000,000 tested=0 found=0 n=946563495806787931397403 elapsed=36s
progress: nodes=450,000,000 tested=0 found=0 n=99390013696748975575167 elapsed=36s
progress: nodes=460,000,000 tested=0 found=0 n=178534234000120401445419 elapsed=37s
progress: nodes=470,000,000 tested=0 found=0 n=44757175135783295650491 elapsed=37s
progress: nodes=480,000,000 tested=0 found=0 n=173474419547082029056551 elapsed=38s
progress: nodes=490,000,000 tested=0 found=0 n=823837688472071498849091 elapsed=39s
progress: nodes=500,000,000 tested=0 found=0 n=320323013048202556693509 elapsed=39s
progress: nodes=510,000,000 tested=0 found=0 n=281361604405712810509647 elapsed=40s
progress: nodes=520,000,000 tested=0 found=0 n=99613135499368818352779 elapsed=41s
progress: nodes=530,000,000 tested=0 found=0 n=50597316953003999702043 elapsed=41s
progress: nodes=540,000,000 tested=0 found=0 n=122072867626124447738667 elapsed=42s
progress: nodes=550,000,000 tested=0 found=0 n=822458452394129371604433 elapsed=42s
progress: nodes=560,000,000 tested=0 found=0 n=307180715555666477808621 elapsed=43s
progress: nodes=570,000,000 tested=0 found=0 n=236522401651607142607497 elapsed=44s
progress: nodes=580,000,000 tested=0 found=0 n=36546149081351675376117 elapsed=44s
progress: nodes=590,000,000 tested=0 found=0 n=18155367055889965170711 elapsed=45s
progress: nodes=600,000,000 tested=0 found=0 n=33816114115000351236999 elapsed=45s
progress: nodes=610,000,000 tested=0 found=0 n=107241952467789994353759 elapsed=46s
progress: nodes=620,000,000 tested=0 found=0 n=189537343594191568279629 elapsed=46s
progress: nodes=630,000,000 tested=0 found=0 n=50598455183713067958639 elapsed=47s
progress: nodes=640,000,000 tested=0 found=0 n=28267855961766129358299 elapsed=47s
progress: nodes=650,000,000 tested=0 found=0 n=188402307167623640352651 elapsed=48s
progress: nodes=660,000,000 tested=0 found=0 n=156741647312690556228333 elapsed=48s
progress: nodes=670,000,000 tested=0 found=0 n=55755914632244757529443 elapsed=49s
progress: nodes=680,000,000 tested=0 found=0 n=607338934080234705734697 elapsed=49s
progress: nodes=690,000,000 tested=0 found=0 n=467153499555090674652573 elapsed=50s
progress: nodes=700,000,000 tested=0 found=0 n=175821422880694085295957 elapsed=51s
progress: nodes=710,000,000 tested=0 found=0 n=348783319097606798859519 elapsed=51s
progress: nodes=720,000,000 tested=0 found=0 n=533885467433043912024033 elapsed=52s
progress: nodes=730,000,000 tested=0 found=0 n=124236758842324360303383 elapsed=52s
progress: nodes=740,000,000 tested=0 found=0 n=117618955988530771646703 elapsed=53s
progress: nodes=750,000,000 tested=0 found=0 n=530782332194165673936717 elapsed=53s
progress: nodes=760,000,000 tested=0 found=0 n=374373035707812907084371 elapsed=54s
progress: nodes=770,000,000 tested=0 found=0 n=433193090150704432365297 elapsed=55s
progress: nodes=780,000,000 tested=0 found=0 n=775034613191176750452339 elapsed=55s
progress: nodes=790,000,000 tested=0 found=0 n=241791766645854617024391 elapsed=56s
progress: nodes=800,000,000 tested=0 found=0 n=40075121439934107012603 elapsed=56s
progress: nodes=810,000,000 tested=0 found=0 n=258576459417528594684147 elapsed=57s
progress: nodes=820,000,000 tested=0 found=0 n=238267857795094478753181 elapsed=58s
progress: nodes=830,000,000 tested=0 found=0 n=13501748849492237520303 elapsed=58s
progress: nodes=840,000,000 tested=0 found=0 n=341578560169172016467361 elapsed=59s
progress: nodes=850,000,000 tested=0 found=0 n=239399869789738795446387 elapsed=59s
progress: nodes=860,000,000 tested=0 found=0 n=425353229827008057748017 elapsed=60s
progress: nodes=870,000,000 tested=0 found=0 n=26437523394150742840551 elapsed=60s
progress: nodes=880,000,000 tested=0 found=0 n=107638869053599021809567 elapsed=61s
progress: nodes=890,000,000 tested=0 found=0 n=8668096851478029944589 elapsed=62s
progress: nodes=900,000,000 tested=0 found=0 n=51977549695829029898301 elapsed=62s
progress: nodes=910,000,000 tested=0 found=0 n=891170543255880605962023 elapsed=63s
progress: nodes=920,000,000 tested=0 found=0 n=32964737703543941949459 elapsed=63s
progress: nodes=930,000,000 tested=0 found=0 n=519379546850929008775323 elapsed=64s
progress: nodes=940,000,000 tested=0 found=0 n=443657326207320332048331 elapsed=64s
progress: nodes=950,000,000 tested=0 found=0 n=429268132835750489527233 elapsed=65s
progress: nodes=960,000,000 tested=0 found=0 n=521802153349178234280813 elapsed=66s
progress: nodes=970,000,000 tested=0 found=0 n=125342760946343020541253 elapsed=66s
progress: nodes=980,000,000 tested=0 found=0 n=591797911813338582214083 elapsed=67s
progress: nodes=990,000,000 tested=0 found=0 n=74485702186676863620057 elapsed=67s
progress: nodes=1,000,000,000 tested=0 found=0 n=6777875765706809497227 elapsed=68s
progress: nodes=1,010,000,000 tested=0 found=0 n=6070177369763286499161 elapsed=68s
progress: nodes=1,020,000,000 tested=0 found=0 n=24437920455860727887019 elapsed=69s
progress: nodes=1,030,000,000 tested=0 found=0 n=973148443013481683548041 elapsed=69s
progress: nodes=1,040,000,000 tested=0 found=0 n=6222712203910201081329 elapsed=70s
progress: nodes=1,050,000,000 tested=0 found=0 n=330255584805594820667607 elapsed=70s
progress: nodes=1,060,000,000 tested=0 found=0 n=36447964124290273038159 elapsed=71s
progress: nodes=1,070,000,000 tested=0 found=0 n=622851392999999650274541 elapsed=71s
progress: nodes=1,080,000,000 tested=0 found=0 n=925288060226804476188363 elapsed=72s
progress: nodes=1,090,000,000 tested=0 found=0 n=728912405616288684035661 elapsed=73s
progress: nodes=1,100,000,000 tested=0 found=0 n=879466260244291142651397 elapsed=74s
progress: nodes=1,110,000,000 tested=0 found=0 n=944083821367267005764079 elapsed=75s
progress: nodes=1,120,000,000 tested=0 found=0 n=705798815614100667213417 elapsed=76s
progress: nodes=1,130,000,000 tested=0 found=0 n=372980477773493610257367 elapsed=76s
progress: nodes=1,140,000,000 tested=0 found=0 n=172443224888388073673469 elapsed=77s
progress: nodes=1,150,000,000 tested=0 found=0 n=84111341918722333068087 elapsed=78s
progress: nodes=1,160,000,000 tested=0 found=0 n=125562722373260670934683 elapsed=79s
progress: nodes=1,170,000,000 tested=0 found=0 n=398088506747628668673 elapsed=80s
progress: nodes=1,180,000,000 tested=0 found=0 n=993334633786633174321779 elapsed=80s
progress: nodes=1,190,000,000 tested=0 found=0 n=744257148180033780264843 elapsed=81s
progress: nodes=1,200,000,000 tested=0 found=0 n=480309963513647528126853 elapsed=82s
progress: nodes=1,210,000,000 tested=0 found=0 n=672250694839391710152981 elapsed=83s
progress: nodes=1,220,000,000 tested=0 found=0 n=327717875554315221046851 elapsed=84s
progress: nodes=1,230,000,000 tested=0 found=0 n=549326791567509936704217 elapsed=85s
progress: nodes=1,240,000,000 tested=0 found=0 n=429288558488952563970621 elapsed=86s
progress: nodes=1,250,000,000 tested=0 found=0 n=155278688798043457147449 elapsed=87s
progress: nodes=1,260,000,000 tested=0 found=0 n=985654325746697697637677 elapsed=88s
progress: nodes=1,270,000,000 tested=0 found=0 n=874917289133109333734103 elapsed=89s
progress: nodes=1,280,000,000 tested=0 found=0 n=202327888282388776330839 elapsed=89s
progress: nodes=1,290,000,000 tested=0 found=0 n=128382224244132256068411 elapsed=90s
progress: nodes=1,300,000,000 tested=0 found=0 n=541252318019976353777103 elapsed=91s
progress: nodes=1,310,000,000 tested=0 found=0 n=611328848387859776855421 elapsed=92s
progress: nodes=1,320,000,000 tested=0 found=0 n=464401823060835047290851 elapsed=93s
progress: nodes=1,330,000,000 tested=0 found=0 n=482769745671426715922121 elapsed=94s
progress: nodes=1,340,000,000 tested=0 found=0 n=6780880027823497729263 elapsed=95s
progress: nodes=1,350,000,000 tested=0 found=0 n=543678114716335489525713 elapsed=96s
progress: nodes=1,360,000,000 tested=0 found=0 n=918568156246618390526637 elapsed=97s
progress: nodes=1,370,000,000 tested=0 found=0 n=395868296047979981660031 elapsed=98s
progress: nodes=1,380,000,000 tested=0 found=0 n=627005458447794956104263 elapsed=99s
progress: nodes=1,390,000,000 tested=0 found=0 n=262008228783514877981577 elapsed=100s
progress: nodes=1,400,000,000 tested=0 found=0 n=577808478796049132635107 elapsed=101s
progress: nodes=1,410,000,000 tested=0 found=0 n=520581331538555303768193 elapsed=102s
progress: nodes=1,420,000,000 tested=0 found=0 n=527826412345608993247137 elapsed=102s
progress: nodes=1,430,000,000 tested=0 found=0 n=313462781304487486809579 elapsed=103s
progress: nodes=1,440,000,000 tested=0 found=0 n=290972036499394773830697 elapsed=104s
progress: nodes=1,450,000,000 tested=0 found=0 n=309503583431143517496951 elapsed=105s
progress: nodes=1,460,000,000 tested=0 found=0 n=159817382670008244113127 elapsed=106s
progress: nodes=1,470,000,000 tested=0 found=0 n=119800656496581257544399 elapsed=107s
progress: nodes=1,480,000,000 tested=0 found=0 n=266638011415029711091557 elapsed=108s
progress: nodes=1,490,000,000 tested=0 found=0 n=544669784215003402302087 elapsed=109s
progress: nodes=1,500,000,000 tested=0 found=0 n=955059942984035891728167 elapsed=109s
progress: nodes=1,510,000,000 tested=0 found=0 n=729602648994518144904357 elapsed=110s
progress: nodes=1,520,000,000 tested=0 found=0 n=195746331184419487419207 elapsed=111s
progress: nodes=1,530,000,000 tested=0 found=0 n=198953007165714040404633 elapsed=112s
progress: nodes=1,540,000,000 tested=0 found=0 n=105505129591108815952449 elapsed=112s
progress: nodes=1,550,000,000 tested=0 found=0 n=159487900423861119137001 elapsed=113s
progress: nodes=1,560,000,000 tested=0 found=0 n=647486031765840976591623 elapsed=113s
progress: nodes=1,570,000,000 tested=0 found=0 n=120027439309418682928497 elapsed=114s
progress: nodes=1,580,000,000 tested=0 found=0 n=920032796857019164367373 elapsed=114s
progress: nodes=1,590,000,000 tested=0 found=0 n=455383760665410541305783 elapsed=115s
progress: nodes=1,600,000,000 tested=0 found=0 n=213976627246719632020167 elapsed=116s
progress: nodes=1,610,000,000 tested=0 found=0 n=316602192052579408015599 elapsed=117s
progress: nodes=1,620,000,000 tested=0 found=0 n=258504812403031044564363 elapsed=117s
progress: nodes=1,630,000,000 tested=0 found=0 n=57252179181404862226611 elapsed=118s
progress: nodes=1,640,000,000 tested=0 found=0 n=51225635679518545392771 elapsed=118s
progress: nodes=1,650,000,000 tested=0 found=0 n=65232415931574212933859 elapsed=119s
progress: nodes=1,660,000,000 tested=0 found=0 n=5231515573043932739697 elapsed=119s
progress: nodes=1,670,000,000 tested=0 found=0 n=670133846773131709550283 elapsed=120s
progress: nodes=1,680,000,000 tested=0 found=0 n=133370500233075796245789 elapsed=121s
progress: nodes=1,690,000,000 tested=0 found=0 n=213852451301510782505589 elapsed=121s
progress: nodes=1,700,000,000 tested=0 found=0 n=675163397307780506825739 elapsed=122s
progress: nodes=1,710,000,000 tested=0 found=0 n=54324082814482738023741 elapsed=122s
progress: nodes=1,720,000,000 tested=0 found=0 n=38264978864973669085251 elapsed=123s
progress: nodes=1,730,000,000 tested=0 found=0 n=861193381951287688176549 elapsed=124s
progress: nodes=1,740,000,000 tested=0 found=0 n=695619484040013085760103 elapsed=124s
progress: nodes=1,750,000,000 tested=0 found=0 n=17634209009442731842149 elapsed=125s
progress: nodes=1,760,000,000 tested=0 found=0 n=470945668859678059108893 elapsed=125s
progress: nodes=1,770,000,000 tested=0 found=0 n=278366962456150080931431 elapsed=126s
progress: nodes=1,780,000,000 tested=0 found=0 n=56406348964649853003627 elapsed=126s
progress: nodes=1,790,000,000 tested=0 found=0 n=982437361048316605223259 elapsed=127s
progress: nodes=1,800,000,000 tested=0 found=0 n=161513785555878618433233 elapsed=128s
progress: nodes=1,810,000,000 tested=0 found=0 n=7100071589712302185023 elapsed=128s
progress: nodes=1,820,000,000 tested=0 found=0 n=108871040332505359781613 elapsed=129s
progress: nodes=1,830,000,000 tested=0 found=0 n=16126475074458254177841 elapsed=129s
progress: nodes=1,840,000,000 tested=0 found=0 n=886817372247209084102109 elapsed=130s
progress: nodes=1,850,000,000 tested=0 found=0 n=90879573073188277467063 elapsed=130s
progress: nodes=1,860,000,000 tested=0 found=0 n=284150121755028810878259 elapsed=131s
progress: nodes=1,870,000,000 tested=0 found=0 n=111040797564851170312413 elapsed=131s
progress: nodes=1,880,000,000 tested=0 found=0 n=830033293735121615755083 elapsed=132s
progress: nodes=1,890,000,000 tested=0 found=0 n=10972083822341222317113 elapsed=132s
progress: nodes=1,900,000,000 tested=0 found=0 n=914533789366666068607683 elapsed=133s
progress: nodes=1,910,000,000 tested=0 found=0 n=1679631252235653475863 elapsed=133s
progress: nodes=1,920,000,000 tested=0 found=0 n=148521430911096672577551 elapsed=134s
progress: nodes=1,930,000,000 tested=0 found=0 n=7970040690423465076371 elapsed=135s
progress: nodes=1,940,000,000 tested=0 found=0 n=661064499368003099768841 elapsed=135s
progress: nodes=1,950,000,000 tested=0 found=0 n=20818755568686742729803 elapsed=136s
progress: nodes=1,960,000,000 tested=0 found=0 n=564468511120041304022571 elapsed=136s
progress: nodes=1,970,000,000 tested=0 found=0 n=33590369133910747042677 elapsed=137s
progress: nodes=1,980,000,000 tested=0 found=0 n=12137148600806134394073 elapsed=137s
progress: nodes=1,990,000,000 tested=0 found=0 n=274828606321664999095713 elapsed=138s
progress: nodes=2,000,000,000 tested=0 found=0 n=928570282530342072581727 elapsed=138s
progress: nodes=2,010,000,000 tested=0 found=0 n=15441888986801851486887 elapsed=139s
progress: nodes=2,020,000,000 tested=0 found=0 n=301561151810305039148691 elapsed=140s
progress: nodes=2,030,000,000 tested=0 found=0 n=681431589134186283492723 elapsed=140s
progress: nodes=2,040,000,000 tested=0 found=0 n=890825993448823719500733 elapsed=141s
progress: nodes=2,050,000,000 tested=0 found=0 n=906404467841576389526607 elapsed=142s
progress: nodes=2,060,000,000 tested=0 found=0 n=57000116407848840195957 elapsed=142s
progress: nodes=2,070,000,000 tested=0 found=0 n=734805216918282734314389 elapsed=143s
progress: nodes=2,080,000,000 tested=0 found=0 n=926510452833714479048799 elapsed=144s
progress: nodes=2,090,000,000 tested=0 found=0 n=263399979055014810007623 elapsed=145s
progress: nodes=2,100,000,000 tested=0 found=0 n=368331800217822535244319 elapsed=146s
progress: nodes=2,110,000,000 tested=0 found=0 n=73171151753338188035109 elapsed=146s
progress: nodes=2,120,000,000 tested=0 found=0 n=754584913825317199388439 elapsed=147s
progress: nodes=2,130,000,000 tested=0 found=0 n=873560039219110093708377 elapsed=148s
progress: nodes=2,140,000,000 tested=0 found=0 n=125994226561576801623 elapsed=149s
progress: nodes=2,150,000,000 tested=0 found=0 n=934311622722906842639199 elapsed=150s
progress: nodes=2,160,000,000 tested=0 found=0 n=933334246473616059142473 elapsed=151s
progress: nodes=2,170,000,000 tested=0 found=0 n=788880156482293358110407 elapsed=152s
