search v2: odd=True, N_CAP=1.00e+24, DELTA_MAX=1.0e+07, MIN_DEPTH=6
SPF shard: smallest prime factor = 3
P2 sub-shard: second prime factor = 7
P3 sub-sub-shard: third prime factor = 17
progress: nodes=10,000,000 tested=0 found=0 n=205109508827075636292789 elapsed=0s
progress: nodes=20,000,000 tested=0 found=0 n=481433487499136587953531 elapsed=1s
progress: nodes=30,000,000 tested=0 found=0 n=313241675540655031611819 elapsed=1s
progress: nodes=40,000,000 tested=0 found=0 n=409437838907707881959079 elapsed=2s
progress: nodes=50,000,000 tested=0 found=0 n=358192314930527818249719 elapsed=2s
progress: nodes=60,000,000 tested=0 found=0 n=255769531443117176274321 elapsed=3s
progress: nodes=70,000,000 tested=0 found=0 n=553500078781947817628913 elapsed=3s
progress: nodes=80,000,000 tested=0 found=0 n=1061218693541676962733 elapsed=4s
progress: nodes=90,000,000 tested=0 found=0 n=562034768475441229797801 elapsed=4s
progress: nodes=100,000,000 tested=0 found=0 n=920453618197250443456437 elapsed=5s
progress: nodes=110,000,000 tested=0 found=0 n=556115812029550749960669 elapsed=6s
progress: nodes=120,000,000 tested=0 found=0 n=740710074509486563417719 elapsed=7s
progress: nodes=130,000,000 tested=0 found=0 n=583240311507690959387097 elapsed=8s
progress: nodes=140,000,000 tested=0 found=0 n=898157741424828196237737 elapsed=8s
progress: nodes=150,000,000 tested=0 found=0 n=754039558649959385731809 elapsed=9s
progress: nodes=160,000,000 tested=0 found=0 n=389860540570115763815499 elapsed=10s
progress: nodes=170,000,000 tested=0 found=0 n=850758973418068798134219 elapsed=11s
progress: nodes=180,000,000 tested=0 found=0 n=480312741547292029214937 elapsed=12s
progress: nodes=190,000,000 tested=0 found=0 n=428397682680223232006793 elapsed=12s
progress: nodes=200,000,000 tested=0 found=0 n=703721098855733012067363 elapsed=13s
progress: nodes=210,000,000 tested=0 found=0 n=662735511748038674612793 elapsed=14s
progress: nodes=220,000,000 tested=0 found=0 n=199507763563813327674261 elapsed=15s
progress: nodes=230,000,000 tested=0 found=0 n=408753253639395459188457 elapsed=16s
progress: nodes=240,000,000 tested=0 found=0 n=414762090869640275952771 elapsed=16s
progress: nodes=250,000,000 tested=0 found=0 n=446899349684827363300683 elapsed=17s
progress: nodes=260,000,000 tested=0 found=0 n=425821246885585519982643 elapsed=18s
progress: nodes=270,000,000 tested=0 found=0 n=875057533485359199867843 elapsed=19s
progress: nodes=280,000,000 tested=0 found=0 n=825887839905033925960731 elapsed=20s
progress: nodes=290,000,000 tested=0 found=0 n=615146900232864676029423 elapsed=20s
progress: nodes=300,000,000 tested=0 found=0 n=565401044600893643730231 elapsed=21s
progress: nodes=310,000,000 tested=0 found=0 n=258350736299785624609779 elapsed=22s
progress: nodes=320,000,000 tested=0 found=0 n=963283890089049499494951 elapsed=23s
progress: nodes=330,000,000 tested=0 found=0 n=355254626634868571726073 elapsed=24s
progress: nodes=340,000,000 tested=0 found=0 n=584645088612228210849891 elapsed=25s
progress: nodes=350,000,000 tested=0 found=0 n=340585869806500574943267 elapsed=25s
progress: nodes=360,000,000 tested=0 found=0 n=595856999123947220228583 elapsed=26s
progress: nodes=370,000,000 tested=0 found=0 n=264265223030160592006347 elapsed=27s
progress: nodes=380,000,000 tested=0 found=0 n=385781129549899162367169 elapsed=28s
progress: nodes=390,000,000 tested=0 found=0 n=220455595313681728907319 elapsed=29s
progress: nodes=400,000,000 tested=0 found=0 n=141527943813636111769611 elapsed=30s
progress: nodes=410,000,000 tested=0 found=0 n=652864663624263245114127 elapsed=30s
progress: nodes=420,000,000 tested=0 found=0 n=392469399121740382925679 elapsed=31s
progress: nodes=430,000,000 tested=0 found=0 n=261571655567391338230761 elapsed=32s
progress: nodes=440,000,000 tested=0 found=0 n=323105576968371952651827 elapsed=33s
progress: nodes=450,000,000 tested=0 found=0 n=139509560432842361188077 elapsed=34s
progress: nodes=460,000,000 tested=0 found=0 n=610020613155035080757283 elapsed=35s
progress: nodes=470,000,000 tested=0 found=0 n=33452232989608239743811 elapsed=35s
progress: nodes=480,000,000 tested=0 found=0 n=483086594833530033050943 elapsed=36s
progress: nodes=490,000,000 tested=0 found=0 n=36686652268851550892283 elapsed=36s
progress: nodes=500,000,000 tested=0 found=0 n=98647658589362556049593 elapsed=37s
progress: nodes=510,000,000 tested=0 found=0 n=123904607365024119718581 elapsed=37s
progress: nodes=520,000,000 tested=0 found=0 n=125874974138701059169401 elapsed=38s
progress: nodes=530,000,000 tested=0 found=0 n=729062924965054551057543 elapsed=38s
progress: nodes=540,000,000 tested=0 found=0 n=817523309766278931266661 elapsed=39s
progress: nodes=550,000,000 tested=0 found=0 n=671676436983824906736207 elapsed=40s
progress: nodes=560,000,000 tested=0 found=0 n=870811351145457484246743 elapsed=40s
progress: nodes=570,000,000 tested=0 found=0 n=987383447693681612628453 elapsed=41s
progress: nodes=580,000,000 tested=0 found=0 n=893091752986801294436853 elapsed=42s
progress: nodes=590,000,000 tested=0 found=0 n=422533524718990966139481 elapsed=43s
progress: nodes=600,000,000 tested=0 found=0 n=701337800307482676765483 elapsed=44s
progress: nodes=610,000,000 tested=0 found=0 n=983354952373903139288559 elapsed=44s
progress: nodes=620,000,000 tested=0 found=0 n=447424245304374656835489 elapsed=45s
progress: nodes=630,000,000 tested=0 found=0 n=220651896569507344192839 elapsed=46s
progress: nodes=640,000,000 tested=0 found=0 n=575076650868582797985351 elapsed=47s
progress: nodes=650,000,000 tested=0 found=0 n=592146307153698133145379 elapsed=48s
progress: nodes=660,000,000 tested=0 found=0 n=366286501628346963667017 elapsed=49s
progress: nodes=670,000,000 tested=0 found=0 n=662886710309926327554399 elapsed=50s
progress: nodes=680,000,000 tested=0 found=0 n=233659394145322487945589 elapsed=50s
progress: nodes=690,000,000 tested=0 found=0 n=872471113601896093641531 elapsed=51s
progress: nodes=700,000,000 tested=0 found=0 n=366216195666456777341091 elapsed=52s
progress: nodes=710,000,000 tested=0 found=0 n=598548437595429981096423 elapsed=53s
progress: nodes=720,000,000 tested=0 found=0 n=352833416918713080462777 elapsed=54s
progress: nodes=730,000,000 tested=0 found=0 n=974663326748585528004279 elapsed=55s
progress: nodes=740,000,000 tested=0 found=0 n=302023177666356515407773 elapsed=56s
progress: nodes=750,000,000 tested=0 found=0 n=525331596115831076256489 elapsed=56s
progress: nodes=760,000,000 tested=0 found=0 n=337482015016757307178461 elapsed=57s
progress: nodes=770,000,000 tested=0 found=0 n=168751564242766435128387 elapsed=58s
progress: nodes=780,000,000 tested=0 found=0 n=644149455150533466398313 elapsed=59s
progress: nodes=790,000,000 tested=0 found=0 n=407898750813838738791981 elapsed=60s
progress: nodes=800,000,000 tested=0 found=0 n=397386161611494749033277 elapsed=61s
progress: nodes=810,000,000 tested=0 found=0 n=87841824574411034281833 elapsed=62s
progress: nodes=820,000,000 tested=0 found=0 n=186728473413691490795997 elapsed=62s
progress: nodes=830,000,000 tested=0 found=0 n=289446834536720728592739 elapsed=63s
progress: nodes=840,000,000 tested=0 found=0 n=175036724854134207342747 elapsed=64s
progress: nodes=850,000,000 tested=0 found=0 n=845140568585187562111221 elapsed=65s
