search v2: odd=True, N_CAP=1.00e+24, DELTA_MAX=1.0e+07, MIN_DEPTH=6
SPF shard: smallest prime factor = 3
P2 sub-shard: second prime factor = 5
P3 sub-sub-shard: third prime factor = 13
progress: nodes=10,000,000 tested=0 found=0 n=527676077688149593125 elapsed=23s
progress: nodes=20,000,000 tested=0 found=0 n=1101855857079523820625 elapsed=64s
progress: nodes=30,000,000 tested=0 found=0 n=1692389211889006873125 elapsed=105s
progress: nodes=40,000,000 tested=0 found=0 n=2293558389188487354375 elapsed=148s
progress: nodes=50,000,000 tested=0 found=0 n=2902615333327050339375 elapsed=191s
progress: nodes=60,000,000 tested=0 found=0 n=3517943486695847893125 elapsed=236s
progress: nodes=70,000,000 tested=0 found=0 n=4138501056156353030625 elapsed=282s
progress: nodes=80,000,000 tested=0 found=0 n=4763510772736927111875 elapsed=327s
progress: nodes=90,000,000 tested=0 found=0 n=5392454585295542383125 elapsed=372s
progress: nodes=100,000,000 tested=0 found=0 n=6024842465120141349375 elapsed=417s
progress: nodes=110,000,000 tested=0 found=0 n=6660380617411897130625 elapsed=463s
progress: nodes=120,000,000 tested=185 found=0 n=7298756429692072483125 elapsed=509s
progress: nodes=130,000,000 tested=185 found=0 n=7939638956885249176875 elapsed=557s
progress: nodes=140,000,000 tested=185 found=0 n=8582963688837569143125 elapsed=605s
progress: nodes=150,000,000 tested=185 found=0 n=9228586715552434010625 elapsed=652s
progress: nodes=160,000,000 tested=185 found=0 n=9876217342031165604375 elapsed=699s
progress: nodes=170,000,000 tested=185 found=0 n=10525738432505167535625 elapsed=745s
progress: nodes=180,000,000 tested=185 found=0 n=11177069066809870843125 elapsed=793s
progress: nodes=190,000,000 tested=185 found=0 n=11830262497618822554375 elapsed=841s
progress: nodes=200,000,000 tested=185 found=0 n=12485094279288049355625 elapsed=890s
progress: nodes=210,000,000 tested=185 found=0 n=13141394762831550174375 elapsed=947s
progress: nodes=220,000,000 tested=185 found=0 n=13799217549946171224375 elapsed=1008s
progress: nodes=230,000,000 tested=185 found=0 n=14458378841413171543125 elapsed=1067s
progress: nodes=240,000,000 tested=185 found=0 n=15119002019926638039375 elapsed=1128s
progress: nodes=250,000,000 tested=185 found=0 n=15780868017167664523125 elapsed=1190s
progress: nodes=260,000,000 tested=185 found=0 n=16443980057165031613125 elapsed=1251s
progress: nodes=270,000,000 tested=185 found=0 n=17108185119822467263125 elapsed=1311s
progress: nodes=280,000,000 tested=185 found=0 n=17773641200297169208125 elapsed=1371s
progress: nodes=290,000,000 tested=185 found=0 n=18440137287384358235625 elapsed=1431s
progress: nodes=300,000,000 tested=185 found=0 n=19107901713309491818125 elapsed=1492s
progress: nodes=310,000,000 tested=185 found=0 n=19776400070160673558125 elapsed=1554s
progress: nodes=320,000,000 tested=185 found=0 n=20446112235396038855625 elapsed=1615s
progress: nodes=330,000,000 tested=185 found=0 n=21116710724594915649375 elapsed=1674s
progress: nodes=340,000,000 tested=185 found=0 n=134238594743908126875 elapsed=1718s
progress: nodes=350,000,000 tested=191 found=0 n=2757832755432519375 elapsed=1749s
progress: nodes=360,000,000 tested=195 found=0 n=54426421349195731875 elapsed=1767s
progress: nodes=370,000,000 tested=209 found=0 n=131307019055950944375 elapsed=1783s
progress: nodes=380,000,000 tested=210 found=0 n=265260511094578813125 elapsed=1800s
progress: nodes=390,000,000 tested=213 found=0 n=40356037865161468125 elapsed=1802s
progress: nodes=400,000,000 tested=220 found=0 n=44157500036878629375 elapsed=1802s
progress: nodes=410,000,000 tested=222 found=0 n=433937464476865690404375 elapsed=1803s
progress: nodes=420,000,000 tested=227 found=0 n=2796034809071863125 elapsed=1803s
progress: nodes=430,000,000 tested=233 found=0 n=57355970366745838125 elapsed=1804s
progress: nodes=440,000,000 tested=238 found=0 n=582516274036127894848125 elapsed=1804s
progress: nodes=450,000,000 tested=241 found=0 n=458673526616469762414375 elapsed=1805s
progress: nodes=460,000,000 tested=242 found=0 n=37918362958886548125 elapsed=1805s
progress: nodes=470,000,000 tested=242 found=0 n=915600864580520625 elapsed=1806s
progress: nodes=480,000,000 tested=246 found=0 n=27013563604730064375 elapsed=1806s
progress: nodes=490,000,000 tested=249 found=0 n=516202410076111439679375 elapsed=1807s
progress: nodes=500,000,000 tested=251 found=0 n=7942220078065723125 elapsed=1807s
progress: nodes=510,000,000 tested=251 found=0 n=363032066055330047244375 elapsed=1808s
progress: nodes=520,000,000 tested=254 found=0 n=11643304866649048125 elapsed=1808s
progress: nodes=530,000,000 tested=257 found=0 n=82564183350746909881875 elapsed=1809s
progress: nodes=540,000,000 tested=259 found=0 n=1865146444720723125 elapsed=1809s
progress: nodes=550,000,000 tested=263 found=0 n=3721755496802776875 elapsed=1810s
progress: nodes=560,000,000 tested=266 found=0 n=6656479435428395625 elapsed=1810s
progress: nodes=570,000,000 tested=269 found=0 n=111255377321959325983125 elapsed=1811s
progress: nodes=580,000,000 tested=273 found=0 n=43910321396574312883125 elapsed=1811s
progress: nodes=590,000,000 tested=277 found=0 n=2851333577879743125 elapsed=1811s
progress: nodes=600,000,000 tested=278 found=0 n=985584897833007398720625 elapsed=1812s
progress: nodes=610,000,000 tested=278 found=0 n=995587649300214996845625 elapsed=1812s
progress: nodes=620,000,000 tested=278 found=0 n=967110177758273906248125 elapsed=1813s
progress: nodes=630,000,000 tested=278 found=0 n=960753720661690559101875 elapsed=1813s
progress: nodes=640,000,000 tested=278 found=0 n=933610193132069143738125 elapsed=1814s
progress: nodes=650,000,000 tested=279 found=0 n=3565203089975645625 elapsed=1814s
progress: nodes=660,000,000 tested=279 found=0 n=935582567129283493558125 elapsed=1815s
progress: nodes=670,000,000 tested=279 found=0 n=966571734550597151754375 elapsed=1815s
progress: nodes=680,000,000 tested=279 found=0 n=972211749946692668814375 elapsed=1816s
progress: nodes=690,000,000 tested=279 found=0 n=986944030562452469056875 elapsed=1816s
progress: nodes=700,000,000 tested=279 found=0 n=990754550144032793169375 elapsed=1817s
progress: nodes=710,000,000 tested=279 found=0 n=988079153844786707266875 elapsed=1817s
progress: nodes=720,000,000 tested=279 found=0 n=995601559713512666338125 elapsed=1817s
progress: nodes=730,000,000 tested=279 found=0 n=937647938139032018120625 elapsed=1818s
progress: nodes=740,000,000 tested=279 found=0 n=996001236588616027306875 elapsed=1818s
progress: nodes=750,000,000 tested=279 found=0 n=960176952242325387106875 elapsed=1819s
progress: nodes=760,000,000 tested=279 found=0 n=990249503941638002716875 elapsed=1819s
progress: nodes=770,000,000 tested=279 found=0 n=938740188274156735374375 elapsed=1820s
progress: nodes=780,000,000 tested=279 found=0 n=909264451109916513324375 elapsed=1820s
progress: nodes=790,000,000 tested=279 found=0 n=910604920946881921531875 elapsed=1821s
progress: nodes=800,000,000 tested=279 found=0 n=901923152040976468235625 elapsed=1821s
progress: nodes=810,000,000 tested=279 found=0 n=942245612583015456275625 elapsed=1822s
progress: nodes=820,000,000 tested=279 found=0 n=890775250330946073283125 elapsed=1822s
progress: nodes=830,000,000 tested=279 found=0 n=871047460674640128335625 elapsed=1822s
progress: nodes=840,000,000 tested=279 found=0 n=896414316470994596023125 elapsed=1823s
progress: nodes=850,000,000 tested=279 found=0 n=941650016111253822335625 elapsed=1823s
progress: nodes=860,000,000 tested=279 found=0 n=912486818312117938524375 elapsed=1824s
progress: nodes=870,000,000 tested=279 found=0 n=972202686021369177789375 elapsed=1824s
progress: nodes=880,000,000 tested=279 found=0 n=927884961600239974426875 elapsed=1825s
progress: nodes=890,000,000 tested=279 found=0 n=905927826744185914085625 elapsed=1825s
progress: nodes=900,000,000 tested=279 found=0 n=993182069295074543405625 elapsed=1826s
progress: nodes=910,000,000 tested=279 found=0 n=961134876511047757861875 elapsed=1826s
progress: nodes=920,000,000 tested=279 found=0 n=965174987244122090938125 elapsed=1827s
progress: nodes=930,000,000 tested=279 found=0 n=878333756670611487601875 elapsed=1827s
progress: nodes=940,000,000 tested=279 found=0 n=953542800400864037788125 elapsed=1828s
progress: nodes=950,000,000 tested=279 found=0 n=865325358059509895461875 elapsed=1828s
progress: nodes=960,000,000 tested=279 found=0 n=964285477390292021274375 elapsed=1828s
progress: nodes=970,000,000 tested=279 found=0 n=847803698297828836858125 elapsed=1829s
progress: nodes=980,000,000 tested=279 found=0 n=946114715666317577225625 elapsed=1829s
progress: nodes=990,000,000 tested=279 found=0 n=984742107562538379916875 elapsed=1830s
progress: nodes=1,000,000,000 tested=279 found=0 n=851566393619324186675625 elapsed=1830s
progress: nodes=1,010,000,000 tested=279 found=0 n=988306960504356234860625 elapsed=1831s
progress: nodes=1,020,000,000 tested=279 found=0 n=867969909270712167733125 elapsed=1831s
progress: nodes=1,030,000,000 tested=279 found=0 n=968990494879691832380625 elapsed=1832s
progress: nodes=1,040,000,000 tested=279 found=0 n=967716922852882006666875 elapsed=1832s
progress: nodes=1,050,000,000 tested=279 found=0 n=990143968453825670476875 elapsed=1833s
progress: nodes=1,060,000,000 tested=279 found=0 n=999842199412560704094375 elapsed=1833s
progress: nodes=1,070,000,000 tested=279 found=0 n=881980797738684790648125 elapsed=1833s
progress: nodes=1,080,000,000 tested=279 found=0 n=884443948282750396539375 elapsed=1834s
progress: nodes=1,090,000,000 tested=279 found=0 n=940993146220562599100625 elapsed=1834s
progress: nodes=1,100,000,000 tested=279 found=0 n=951543320043918494514375 elapsed=1835s
progress: nodes=1,110,000,000 tested=279 found=0 n=853551975121477729475625 elapsed=1835s
progress: nodes=1,120,000,000 tested=279 found=0 n=991069353895042341343125 elapsed=1836s
progress: nodes=1,130,000,000 tested=279 found=0 n=921574986799004576780625 elapsed=1836s
progress: nodes=1,140,000,000 tested=279 found=0 n=895943166280712618810625 elapsed=1837s
progress: nodes=1,150,000,000 tested=279 found=0 n=998230737581330161618125 elapsed=1837s
progress: nodes=1,160,000,000 tested=279 found=0 n=919843819098014302464375 elapsed=1838s
progress: nodes=1,170,000,000 tested=279 found=0 n=883710465340715590573125 elapsed=1838s
progress: nodes=1,180,000,000 tested=279 found=0 n=990748111906092654343125 elapsed=1839s
progress: nodes=1,190,000,000 tested=279 found=0 n=796192697784964350999375 elapsed=1839s
progress: nodes=1,200,000,000 tested=279 found=0 n=929373518206150278519375 elapsed=1839s
progress: nodes=1,210,000,000 tested=279 found=0 n=949538741333656360111875 elapsed=1840s
progress: nodes=1,220,000,000 tested=279 found=0 n=958507432742325715104375 elapsed=1840s
progress: nodes=1,230,000,000 tested=279 found=0 n=852070424128069369494375 elapsed=1841s
progress: nodes=1,240,000,000 tested=279 found=0 n=936370528511236811533125 elapsed=1841s
progress: nodes=1,250,000,000 tested=279 found=0 n=883578858325230101214375 elapsed=1842s
progress: nodes=1,260,000,000 tested=279 found=0 n=958582784042881854991875 elapsed=1842s
progress: nodes=1,270,000,000 tested=279 found=0 n=946203922351581664460625 elapsed=1843s
progress: nodes=1,280,000,000 tested=279 found=0 n=915701768275910524081875 elapsed=1843s
progress: nodes=1,290,000,000 tested=279 found=0 n=839837470843503237763125 elapsed=1844s
progress: nodes=1,300,000,000 tested=279 found=0 n=896433070448563151911875 elapsed=1844s
progress: nodes=1,310,000,000 tested=279 found=0 n=801999270243501496554375 elapsed=1844s
progress: nodes=1,320,000,000 tested=279 found=0 n=963670372498382836291875 elapsed=1845s
progress: nodes=1,330,000,000 tested=279 found=0 n=878413493063194819160625 elapsed=1845s
progress: nodes=1,340,000,000 tested=279 found=0 n=972885436041373854114375 elapsed=1846s
progress: nodes=1,350,000,000 tested=279 found=0 n=957133571143230429024375 elapsed=1846s
progress: nodes=1,360,000,000 tested=279 found=0 n=822299372639674812016875 elapsed=1847s
progress: nodes=1,370,000,000 tested=279 found=0 n=934607346362267760804375 elapsed=1847s
progress: nodes=1,380,000,000 tested=279 found=0 n=904911034772559461473125 elapsed=1848s
progress: nodes=1,390,000,000 tested=279 found=0 n=950636928814000670750625 elapsed=1848s
progress: nodes=1,400,000,000 tested=279 found=0 n=975208758698364107214375 elapsed=1849s
progress: nodes=1,410,000,000 tested=279 found=0 n=939662456454283823308125 elapsed=1849s
progress: nodes=1,420,000,000 tested=279 found=0 n=821457365135880458188125 elapsed=1850s
progress: nodes=1,430,000,000 tested=279 found=0 n=933131039733067961345625 elapsed=1850s
progress: nodes=1,440,000,000 tested=279 found=0 n=944458918340610151220625 elapsed=1850s
progress: nodes=1,450,000,000 tested=279 found=0 n=796927126080472678468125 elapsed=1851s
progress: nodes=1,460,000,000 tested=279 found=0 n=945461845686060069339375 elapsed=1851s
progress: nodes=1,470,000,000 tested=279 found=0 n=974725670619094467133125 elapsed=1852s
progress: nodes=1,480,000,000 tested=279 found=0 n=985459628648212348044375 elapsed=1852s
progress: nodes=1,490,000,000 tested=279 found=0 n=801076857039632414694375 elapsed=1853s
progress: nodes=1,500,000,000 tested=279 found=0 n=989795025443568773885625 elapsed=1853s
progress: nodes=1,510,000,000 tested=279 found=0 n=871674401224177190713125 elapsed=1854s
progress: nodes=1,520,000,000 tested=279 found=0 n=952632232609902815660625 elapsed=1854s
progress: nodes=1,530,000,000 tested=279 found=0 n=858816862689494803550625 elapsed=1855s
progress: nodes=1,540,000,000 tested=279 found=0 n=918809907677810972094375 elapsed=1855s
progress: nodes=1,550,000,000 tested=279 found=0 n=989268599878984033025625 elapsed=1855s
progress: nodes=1,560,000,000 tested=279 found=0 n=969453825831690865891875 elapsed=1856s
progress: nodes=1,570,000,000 tested=279 found=0 n=778786683877774120258125 elapsed=1856s
progress: nodes=1,580,000,000 tested=279 found=0 n=805562714807594199129375 elapsed=1857s
progress: nodes=1,590,000,000 tested=279 found=0 n=984028329437719608388125 elapsed=1857s
progress: nodes=1,600,000,000 tested=279 found=0 n=945891287194342727525625 elapsed=1858s
progress: nodes=1,610,000,000 tested=279 found=0 n=827131888311330012474375 elapsed=1858s
progress: nodes=1,620,000,000 tested=279 found=0 n=824664823844897092516875 elapsed=1859s
progress: nodes=1,630,000,000 tested=279 found=0 n=849199963074708777260625 elapsed=1859s
progress: nodes=1,640,000,000 tested=279 found=0 n=987517120380059945154375 elapsed=1860s
progress: nodes=1,650,000,000 tested=279 found=0 n=855848391433889332561875 elapsed=1860s
progress: nodes=1,660,000,000 tested=279 found=0 n=895332297083006364294375 elapsed=1860s
progress: nodes=1,670,000,000 tested=279 found=0 n=943578774453512433380625 elapsed=1861s
progress: nodes=1,680,000,000 tested=279 found=0 n=928855281851490487674375 elapsed=1861s
progress: nodes=1,690,000,000 tested=279 found=0 n=955581772570309000569375 elapsed=1862s
progress: nodes=1,700,000,000 tested=279 found=0 n=969207046161740427673125 elapsed=1862s
progress: nodes=1,710,000,000 tested=279 found=0 n=852087004321305575525625 elapsed=1863s
progress: nodes=1,720,000,000 tested=279 found=0 n=873714331981486678044375 elapsed=1863s
progress: nodes=1,730,000,000 tested=279 found=0 n=991691006146926078020625 elapsed=1864s
progress: nodes=1,740,000,000 tested=279 found=0 n=781815068320757776914375 elapsed=1864s
progress: nodes=1,750,000,000 tested=279 found=0 n=982375755125452218545625 elapsed=1865s
progress: nodes=1,760,000,000 tested=279 found=0 n=946399289917604249683125 elapsed=1865s
progress: nodes=1,770,000,000 tested=279 found=0 n=904507982691952672580625 elapsed=1866s
progress: nodes=1,780,000,000 tested=279 found=0 n=941883682309009700495625 elapsed=1866s
progress: nodes=1,790,000,000 tested=279 found=0 n=836652907408053935525625 elapsed=1866s
progress: nodes=1,800,000,000 tested=279 found=0 n=827449861165734215930625 elapsed=1867s
progress: nodes=1,810,000,000 tested=279 found=0 n=988582034251371620019375 elapsed=1867s
progress: nodes=1,820,000,000 tested=279 found=0 n=904563478293088432674375 elapsed=1868s
progress: nodes=1,830,000,000 tested=279 found=0 n=924855641915889093418125 elapsed=1868s
progress: nodes=1,840,000,000 tested=279 found=0 n=951528129840647223856875 elapsed=1869s
progress: nodes=1,850,000,000 tested=279 found=0 n=826193939334923303454375 elapsed=1869s
progress: nodes=1,860,000,000 tested=279 found=0 n=882799071506138055043125 elapsed=1870s
progress: nodes=1,870,000,000 tested=279 found=0 n=981562522990743353131875 elapsed=1870s
progress: nodes=1,880,000,000 tested=279 found=0 n=745450769113471208750625 elapsed=1871s
progress: nodes=1,890,000,000 tested=279 found=0 n=942806200082644616135625 elapsed=1871s
progress: nodes=1,900,000,000 tested=279 found=0 n=872500875195144745850625 elapsed=1871s
progress: nodes=1,910,000,000 tested=279 found=0 n=915273244514745184111875 elapsed=1872s
progress: nodes=1,920,000,000 tested=279 found=0 n=728219704869051999361875 elapsed=1872s
progress: nodes=1,930,000,000 tested=279 found=0 n=897721035293571483223125 elapsed=1873s
progress: nodes=1,940,000,000 tested=279 found=0 n=822830355216756005023125 elapsed=1873s
progress: nodes=1,950,000,000 tested=279 found=0 n=841463270472728062063125 elapsed=1874s
progress: nodes=1,960,000,000 tested=279 found=0 n=892170382343270907313125 elapsed=1874s
progress: nodes=1,970,000,000 tested=280 found=0 n=868822857454000681074375 elapsed=1875s
progress: nodes=1,980,000,000 tested=280 found=0 n=758230207895341161118125 elapsed=1875s
progress: nodes=1,990,000,000 tested=280 found=0 n=816378448025301006763125 elapsed=1875s
progress: nodes=2,000,000,000 tested=280 found=0 n=889191991227593378885625 elapsed=1876s
progress: nodes=2,010,000,000 tested=280 found=0 n=907066182628360811525625 elapsed=1876s
progress: nodes=2,020,000,000 tested=280 found=0 n=836284561752555013775625 elapsed=1877s
progress: nodes=2,030,000,000 tested=280 found=0 n=795528619704895133143125 elapsed=1877s
progress: nodes=2,040,000,000 tested=280 found=0 n=862495144598951220020625 elapsed=1878s
progress: nodes=2,050,000,000 tested=280 found=0 n=825456886144356003013125 elapsed=1878s
progress: nodes=2,060,000,000 tested=280 found=0 n=926760380876237082751875 elapsed=1879s
progress: nodes=2,070,000,000 tested=280 found=0 n=919204897804464186849375 elapsed=1879s
progress: nodes=2,080,000,000 tested=280 found=0 n=958819346571693694741875 elapsed=1880s
progress: nodes=2,090,000,000 tested=280 found=0 n=784121336460706908616875 elapsed=1880s
progress: nodes=2,100,000,000 tested=280 found=0 n=951930616760368922356875 elapsed=1880s
progress: nodes=2,110,000,000 tested=280 found=0 n=883673285848305903331875 elapsed=1881s
progress: nodes=2,120,000,000 tested=280 found=0 n=772819353946786104489375 elapsed=1881s
progress: nodes=2,130,000,000 tested=280 found=0 n=865554019352782958469375 elapsed=1882s
progress: nodes=2,140,000,000 tested=280 found=0 n=885236000216135108799375 elapsed=1882s
progress: nodes=2,150,000,000 tested=280 found=0 n=890301281538510524401875 elapsed=1883s
progress: nodes=2,160,000,000 tested=280 found=0 n=941444177459610474219375 elapsed=1883s
progress: nodes=2,170,000,000 tested=280 found=0 n=995824093824536547943125 elapsed=1884s
progress: nodes=2,180,000,000 tested=280 found=0 n=819542354409523662035625 elapsed=1884s
progress: nodes=2,190,000,000 tested=280 found=0 n=785497688516456678514375 elapsed=1885s
progress: nodes=2,200,000,000 tested=280 found=0 n=968042760482102540113125 elapsed=1885s
progress: nodes=2,210,000,000 tested=280 found=0 n=953081098597686518094375 elapsed=1885s
progress: nodes=2,220,000,000 tested=280 found=0 n=914556799211006854085625 elapsed=1886s
progress: nodes=2,230,000,000 tested=280 found=0 n=880570563953702179618125 elapsed=1886s
progress: nodes=2,240,000,000 tested=280 found=0 n=827162813598318357688125 elapsed=1887s
progress: nodes=2,250,000,000 tested=280 found=0 n=915252732764284901731875 elapsed=1887s
progress: nodes=2,260,000,000 tested=280 found=0 n=834337266369392593445625 elapsed=1888s
progress: nodes=2,270,000,000 tested=280 found=0 n=992509134827194295926875 elapsed=1888s
progress: nodes=2,280,000,000 tested=280 found=0 n=733072627070298180095625 elapsed=1889s
progress: nodes=2,290,000,000 tested=280 found=0 n=720288977265286968751875 elapsed=1889s
progress: nodes=2,300,000,000 tested=280 found=0 n=917088601627562261551875 elapsed=1890s
progress: nodes=2,310,000,000 tested=280 found=0 n=996921976883566418319375 elapsed=1890s
progress: nodes=2,320,000,000 tested=280 found=0 n=971216074870453243625625 elapsed=1890s
progress: nodes=2,330,000,000 tested=280 found=0 n=907299842963117009079375 elapsed=1891s
progress: nodes=2,340,000,000 tested=280 found=0 n=975452113205081956299375 elapsed=1891s
progress: nodes=2,350,000,000 tested=280 found=0 n=783428866105937539483125 elapsed=1892s
progress: nodes=2,360,000,000 tested=280 found=0 n=863977191951847939216875 elapsed=1892s
progress: nodes=2,370,000,000 tested=280 found=0 n=843257409634801224838125 elapsed=1893s
progress: nodes=2,380,000,000 tested=280 found=0 n=958407211340890234925625 elapsed=1893s
progress: nodes=2,390,000,000 tested=280 found=0 n=939862638582868654948125 elapsed=1894s
progress: nodes=2,400,000,000 tested=280 found=0 n=956125982946471482266875 elapsed=1894s
progress: nodes=2,410,000,000 tested=280 found=0 n=745533394270314021230625 elapsed=1895s
progress: nodes=2,420,000,000 tested=280 found=0 n=843827636207789779674375 elapsed=1895s
progress: nodes=2,430,000,000 tested=280 found=0 n=867475993474550909986875 elapsed=1895s
progress: nodes=2,440,000,000 tested=280 found=0 n=902864865335739438673125 elapsed=1896s
progress: nodes=2,450,000,000 tested=280 found=0 n=997153957783485889700625 elapsed=1896s
progress: nodes=2,460,000,000 tested=281 found=0 n=863075363401526508163125 elapsed=1897s
progress: nodes=2,470,000,000 tested=281 found=0 n=739009928977034458989375 elapsed=1897s
progress: nodes=2,480,000,000 tested=281 found=0 n=843890478699281980516875 elapsed=1898s
progress: nodes=2,490,000,000 tested=281 found=0 n=939505676306891281745625 elapsed=1898s
progress: nodes=2,500,000,000 tested=281 found=0 n=992406932145208376623125 elapsed=1899s
progress: nodes=2,510,000,000 tested=281 found=0 n=965043700820512526143125 elapsed=1899s
progress: nodes=2,520,000,000 tested=281 found=0 n=957178584390352047823125 elapsed=1900s
progress: nodes=2,530,000,000 tested=281 found=0 n=894704427699280699336875 elapsed=1900s
progress: nodes=2,540,000,000 tested=281 found=0 n=979039983042258867770625 elapsed=1900s
progress: nodes=2,550,000,000 tested=281 found=0 n=900473379936407383494375 elapsed=1901s
progress: nodes=2,560,000,000 tested=281 found=0 n=912838856538632740543125 elapsed=1901s
progress: nodes=2,570,000,000 tested=281 found=0 n=982637391211622914876875 elapsed=1902s
progress: nodes=2,580,000,000 tested=281 found=0 n=974011436346985729801875 elapsed=1902s
progress: nodes=2,590,000,000 tested=281 found=0 n=752271484987662331404375 elapsed=1903s
progress: nodes=2,600,000,000 tested=281 found=0 n=803531666879577554563125 elapsed=1903s
progress: nodes=2,610,000,000 tested=281 found=0 n=847232113666909056035625 elapsed=1904s
progress: nodes=2,620,000,000 tested=281 found=0 n=941035831000372506335625 elapsed=1904s
progress: nodes=2,630,000,000 tested=281 found=0 n=974566875923138524235625 elapsed=1905s
progress: nodes=2,640,000,000 tested=281 found=0 n=791011435709062916960625 elapsed=1905s
progress: nodes=2,650,000,000 tested=281 found=0 n=961726557816422635989375 elapsed=1905s
progress: nodes=2,660,000,000 tested=281 found=0 n=795357596945235254945625 elapsed=1906s
progress: nodes=2,670,000,000 tested=281 found=0 n=801092538639356021735625 elapsed=1906s
progress: nodes=2,680,000,000 tested=281 found=0 n=893300770040747264600625 elapsed=1907s
progress: nodes=2,690,000,000 tested=281 found=0 n=829203194643191883523125 elapsed=1907s
progress: nodes=2,700,000,000 tested=281 found=0 n=979565886552857208418125 elapsed=1908s
progress: nodes=2,710,000,000 tested=281 found=0 n=878977699172522127725625 elapsed=1908s
progress: nodes=2,720,000,000 tested=281 found=0 n=862183041862833534211875 elapsed=1909s
progress: nodes=2,730,000,000 tested=281 found=0 n=761595913441807931199375 elapsed=1909s
progress: nodes=2,740,000,000 tested=281 found=0 n=969555449971799186900625 elapsed=1910s
progress: nodes=2,750,000,000 tested=281 found=0 n=867233868425063204056875 elapsed=1910s
progress: nodes=2,760,000,000 tested=281 found=0 n=954670711607047974313125 elapsed=1910s
progress: nodes=2,770,000,000 tested=281 found=0 n=956239780402488252133125 elapsed=1911s
progress: nodes=2,780,000,000 tested=281 found=0 n=966448331465053750925625 elapsed=1911s
progress: nodes=2,790,000,000 tested=281 found=0 n=914967965870984317426875 elapsed=1912s
progress: nodes=2,800,000,000 tested=281 found=0 n=783811545787408093093125 elapsed=1912s
progress: nodes=2,810,000,000 tested=281 found=0 n=759155011368659288443125 elapsed=1913s
progress: nodes=2,820,000,000 tested=281 found=0 n=887810720793291455866875 elapsed=1913s
progress: nodes=2,830,000,000 tested=281 found=0 n=950244529917944277826875 elapsed=1913s
progress: nodes=2,840,000,000 tested=281 found=0 n=910969939007471632111875 elapsed=1914s
progress: nodes=2,850,000,000 tested=281 found=0 n=680611231799789855101875 elapsed=1914s
progress: nodes=2,860,000,000 tested=281 found=0 n=822461151002968680766875 elapsed=1915s
progress: nodes=2,870,000,000 tested=281 found=0 n=749720965583423578899375 elapsed=1915s
progress: nodes=2,880,000,000 tested=281 found=0 n=989060485974721947174375 elapsed=1916s
progress: nodes=2,890,000,000 tested=281 found=0 n=814658179477866737349375 elapsed=1916s
progress: nodes=2,900,000,000 tested=281 found=0 n=886971267227829235651875 elapsed=1917s
progress: nodes=2,910,000,000 tested=281 found=0 n=997085903557736366375625 elapsed=1917s
progress: nodes=2,920,000,000 tested=281 found=0 n=924298486487460823561875 elapsed=1917s
progress: nodes=2,930,000,000 tested=281 found=0 n=785472180355609795985625 elapsed=1918s
progress: nodes=2,940,000,000 tested=281 found=0 n=796191043059886985330625 elapsed=1918s
progress: nodes=2,950,000,000 tested=281 found=0 n=835825696218188492968125 elapsed=1919s
progress: nodes=2,960,000,000 tested=281 found=0 n=949615925360874255095625 elapsed=1919s
progress: nodes=2,970,000,000 tested=281 found=0 n=995451211858186139720625 elapsed=1920s
progress: nodes=2,980,000,000 tested=281 found=0 n=864100607814361341669375 elapsed=1920s
progress: nodes=2,990,000,000 tested=281 found=0 n=965509981951282936813125 elapsed=1921s
progress: nodes=3,000,000,000 tested=281 found=0 n=922450520567455078899375 elapsed=1921s
progress: nodes=3,010,000,000 tested=281 found=0 n=863719731955780560241875 elapsed=1921s
progress: nodes=3,020,000,000 tested=281 found=0 n=944300601116233986616875 elapsed=1922s
progress: nodes=3,030,000,000 tested=281 found=0 n=883955090394934269001875 elapsed=1922s
progress: nodes=3,040,000,000 tested=281 found=0 n=925088173109408383408125 elapsed=1923s
progress: nodes=3,050,000,000 tested=281 found=0 n=980211385312555826210625 elapsed=1923s
progress: nodes=3,060,000,000 tested=281 found=0 n=994927079971489989211875 elapsed=1924s
progress: nodes=3,070,000,000 tested=281 found=0 n=978892002103102640938125 elapsed=1924s
progress: nodes=3,080,000,000 tested=281 found=0 n=729968557399008719585625 elapsed=1924s
progress: nodes=3,090,000,000 tested=281 found=0 n=845138365091159995805625 elapsed=1925s
progress: nodes=3,100,000,000 tested=281 found=0 n=925297493565826483464375 elapsed=1925s
progress: nodes=3,110,000,000 tested=281 found=0 n=811427773785139945760625 elapsed=1926s
progress: nodes=3,120,000,000 tested=281 found=0 n=832878246941497283011875 elapsed=1926s
progress: nodes=3,130,000,000 tested=281 found=0 n=958903382880182184193125 elapsed=1927s
progress: nodes=3,140,000,000 tested=281 found=0 n=996001017645764989243125 elapsed=1927s
progress: nodes=3,150,000,000 tested=281 found=0 n=665616074451821088643125 elapsed=1928s
progress: nodes=3,160,000,000 tested=281 found=0 n=827334355127346940550625 elapsed=1928s
progress: nodes=3,170,000,000 tested=281 found=0 n=698608075211495062014375 elapsed=1928s
progress: nodes=3,180,000,000 tested=281 found=0 n=964967516874681756125625 elapsed=1929s
progress: nodes=3,190,000,000 tested=281 found=0 n=911921774109871857710625 elapsed=1929s
progress: nodes=3,200,000,000 tested=281 found=0 n=990576028475938647770625 elapsed=1930s
progress: nodes=3,210,000,000 tested=281 found=0 n=885567025716395889043125 elapsed=1930s
progress: nodes=3,220,000,000 tested=281 found=0 n=960705631633086767683125 elapsed=1931s
progress: nodes=3,230,000,000 tested=281 found=0 n=661183011600504021500625 elapsed=1931s
progress: nodes=3,240,000,000 tested=281 found=0 n=880717508671416156219375 elapsed=1932s
progress: nodes=3,250,000,000 tested=281 found=0 n=963527471950940183356875 elapsed=1932s
progress: nodes=3,260,000,000 tested=281 found=0 n=913944623615293229139375 elapsed=1932s
progress: nodes=3,270,000,000 tested=281 found=0 n=834167468200326617199375 elapsed=1933s
progress: nodes=3,280,000,000 tested=281 found=0 n=880605789381271572474375 elapsed=1933s
progress: nodes=3,290,000,000 tested=281 found=0 n=817529439034714392601875 elapsed=1934s
progress: nodes=3,300,000,000 tested=281 found=0 n=983396130445927659020625 elapsed=1934s
progress: nodes=3,310,000,000 tested=281 found=0 n=979538220088912439499375 elapsed=1935s
progress: nodes=3,320,000,000 tested=281 found=0 n=896035688594479181458125 elapsed=1935s
progress: nodes=3,330,000,000 tested=281 found=0 n=791250007234649633848125 elapsed=1936s
progress: nodes=3,340,000,000 tested=281 found=0 n=952503951461969923745625 elapsed=1936s
progress: nodes=3,350,000,000 tested=281 found=0 n=968096276592509768608125 elapsed=1936s
progress: nodes=3,360,000,000 tested=281 found=0 n=766903126745556409123125 elapsed=1937s
progress: nodes=3,370,000,000 tested=281 found=0 n=840152832894532790904375 elapsed=1937s
progress: nodes=3,380,000,000 tested=281 found=0 n=932366484102518959381875 elapsed=1938s
progress: nodes=3,390,000,000 tested=281 found=0 n=976193687599779457794375 elapsed=1938s
progress: nodes=3,400,000,000 tested=281 found=0 n=654493472174447907373125 elapsed=1939s
progress: nodes=3,410,000,000 tested=281 found=0 n=846941049482551006888125 elapsed=1939s
progress: nodes=3,420,000,000 tested=281 found=0 n=764326112577464406864375 elapsed=1939s
progress: nodes=3,430,000,000 tested=281 found=0 n=726506087409617418905625 elapsed=1940s
progress: nodes=3,440,000,000 tested=281 found=0 n=869593614081791065081875 elapsed=1940s
progress: nodes=3,450,000,000 tested=281 found=0 n=972109414764227777236875 elapsed=1941s
progress: nodes=3,460,000,000 tested=281 found=0 n=940815701113302855725625 elapsed=1941s
progress: nodes=3,470,000,000 tested=281 found=0 n=978340650099504259595625 elapsed=1942s
progress: nodes=3,480,000,000 tested=281 found=0 n=771900639892193331219375 elapsed=1942s
progress: nodes=3,490,000,000 tested=281 found=0 n=736950740300150383288125 elapsed=1943s
progress: nodes=3,500,000,000 tested=281 found=0 n=709467396068212974343125 elapsed=1943s
progress: nodes=3,510,000,000 tested=281 found=0 n=710180002293429177095625 elapsed=1943s
progress: nodes=3,520,000,000 tested=281 found=0 n=891270469469924970148125 elapsed=1944s
progress: nodes=3,530,000,000 tested=281 found=0 n=998990743271993070373125 elapsed=1944s
progress: nodes=3,540,000,000 tested=281 found=0 n=851729245201998326548125 elapsed=1945s
progress: nodes=3,550,000,000 tested=281 found=0 n=958254260087162290955625 elapsed=1945s
progress: nodes=3,560,000,000 tested=281 found=0 n=671515602114056794160625 elapsed=1946s
progress: nodes=3,570,000,000 tested=281 found=0 n=731921697187596945388125 elapsed=1946s
progress: nodes=3,580,000,000 tested=281 found=0 n=777552943796277163295625 elapsed=1947s
progress: nodes=3,590,000,000 tested=281 found=0 n=941247794127240456991875 elapsed=1947s
progress: nodes=3,600,000,000 tested=281 found=0 n=836905457398439284464375 elapsed=1947s
progress: nodes=3,610,000,000 tested=281 found=0 n=943946081033249549604375 elapsed=1948s
progress: nodes=3,620,000,000 tested=281 found=0 n=863798062287425192386875 elapsed=1948s
progress: nodes=3,630,000,000 tested=281 found=0 n=866813186775381809169375 elapsed=1949s
progress: nodes=3,640,000,000 tested=281 found=0 n=997637770622430951901875 elapsed=1949s
progress: nodes=3,650,000,000 tested=281 found=0 n=775545282848922908326875 elapsed=1950s
progress: nodes=3,660,000,000 tested=281 found=0 n=871229354385137617569375 elapsed=1950s
progress: nodes=3,670,000,000 tested=281 found=0 n=901666215518565050848125 elapsed=1950s
progress: nodes=3,680,000,000 tested=281 found=0 n=876022551487724368235625 elapsed=1951s
progress: nodes=3,690,000,000 tested=281 found=0 n=942376139090824382173125 elapsed=1951s
progress: nodes=3,700,000,000 tested=281 found=0 n=796246852797259236286875 elapsed=1952s
progress: nodes=3,710,000,000 tested=281 found=0 n=933995377438476514711875 elapsed=1952s
progress: nodes=3,720,000,000 tested=281 found=0 n=903878867108143996948125 elapsed=1953s
progress: nodes=3,730,000,000 tested=281 found=0 n=987787178123350290001875 elapsed=1953s
progress: nodes=3,740,000,000 tested=281 found=0 n=928207191481384030880625 elapsed=1954s
progress: nodes=3,750,000,000 tested=281 found=0 n=917389667799787897333125 elapsed=1954s
progress: nodes=3,760,000,000 tested=281 found=0 n=823353374734446636916875 elapsed=1954s
progress: nodes=3,770,000,000 tested=281 found=0 n=873552819505854723226875 elapsed=1955s
progress: nodes=3,780,000,000 tested=281 found=0 n=843884510675042804686875 elapsed=1955s
progress: nodes=3,790,000,000 tested=281 found=0 n=989041867826926124030625 elapsed=1956s
progress: nodes=3,800,000,000 tested=281 found=0 n=863802444740790110911875 elapsed=1956s
progress: nodes=3,810,000,000 tested=281 found=0 n=954368748771830854824375 elapsed=1957s
progress: nodes=3,820,000,000 tested=281 found=0 n=808389646812167686329375 elapsed=1957s
progress: nodes=3,830,000,000 tested=281 found=0 n=920174161821794836880625 elapsed=1958s
progress: nodes=3,840,000,000 tested=281 found=0 n=735910157031547858936875 elapsed=1958s
progress: nodes=3,850,000,000 tested=281 found=0 n=850524309653794553626875 elapsed=1958s
progress: nodes=3,860,000,000 tested=281 found=0 n=772212950037371707531875 elapsed=1959s
progress: nodes=3,870,000,000 tested=281 found=0 n=866932571908092640786875 elapsed=1959s
progress: nodes=3,880,000,000 tested=281 found=0 n=879689458344996955670625 elapsed=1960s
progress: nodes=3,890,000,000 tested=281 found=0 n=986692600123624668616875 elapsed=1960s
progress: nodes=3,900,000,000 tested=281 found=0 n=991617074213746135764375 elapsed=1961s
progress: nodes=3,910,000,000 tested=281 found=0 n=760586299121662191286875 elapsed=1961s
progress: nodes=3,920,000,000 tested=281 found=0 n=882799054427738547376875 elapsed=1962s
progress: nodes=3,930,000,000 tested=281 found=0 n=767724307854272006866875 elapsed=1962s
progress: nodes=3,940,000,000 tested=281 found=0 n=984509961289814540368125 elapsed=1962s
progress: nodes=3,950,000,000 tested=281 found=0 n=953933324304979957258125 elapsed=1963s
progress: nodes=3,960,000,000 tested=281 found=0 n=941318290826310387144375 elapsed=1963s
progress: nodes=3,970,000,000 tested=281 found=0 n=982739537706987781475625 elapsed=1964s
progress: nodes=3,980,000,000 tested=281 found=0 n=910523641335462798856875 elapsed=1964s
progress: nodes=3,990,000,000 tested=281 found=0 n=908154560759542505881875 elapsed=1965s
progress: nodes=4,000,000,000 tested=281 found=0 n=930801959388040108955625 elapsed=1965s
progress: nodes=4,010,000,000 tested=281 found=0 n=880793449958044020133125 elapsed=1965s
progress: nodes=4,020,000,000 tested=281 found=0 n=768210111286417350500625 elapsed=1966s
progress: nodes=4,030,000,000 tested=281 found=0 n=737206723103645506505625 elapsed=1966s
progress: nodes=4,040,000,000 tested=281 found=0 n=867640399450566707525625 elapsed=1967s
progress: nodes=4,050,000,000 tested=281 found=0 n=802153738947367679023125 elapsed=1967s
progress: nodes=4,060,000,000 tested=281 found=0 n=928417842547660998073125 elapsed=1968s
progress: nodes=4,070,000,000 tested=281 found=0 n=906957613743800302636875 elapsed=1968s
progress: nodes=4,080,000,000 tested=281 found=0 n=818586187133789373755625 elapsed=1969s
progress: nodes=4,090,000,000 tested=281 found=0 n=765896818646556587176875 elapsed=1969s
progress: nodes=4,100,000,000 tested=281 found=0 n=754243369035985622356875 elapsed=1969s
progress: nodes=4,110,000,000 tested=281 found=0 n=753397744708713036391875 elapsed=1970s
progress: nodes=4,120,000,000 tested=281 found=0 n=868462939033925831724375 elapsed=1970s
progress: nodes=4,130,000,000 tested=281 found=0 n=925136628634266015166875 elapsed=1971s
progress: nodes=4,140,000,000 tested=281 found=0 n=825366507304468442844375 elapsed=1971s
progress: nodes=4,150,000,000 tested=281 found=0 n=856181809769202962881875 elapsed=1972s
progress: nodes=4,160,000,000 tested=281 found=0 n=977763895012129330535625 elapsed=1972s
progress: nodes=4,170,000,000 tested=281 found=0 n=853298457343322917606875 elapsed=1973s
progress: nodes=4,180,000,000 tested=281 found=0 n=786123232006087463743125 elapsed=1973s
progress: nodes=4,190,000,000 tested=281 found=0 n=715599028511550081185625 elapsed=1973s
progress: nodes=4,200,000,000 tested=281 found=0 n=696798953699323674639375 elapsed=1974s
progress: nodes=4,210,000,000 tested=281 found=0 n=887130787277550997276875 elapsed=1974s
progress: nodes=4,220,000,000 tested=281 found=0 n=895180221072240957725625 elapsed=1975s
progress: nodes=4,230,000,000 tested=281 found=0 n=834987413952967727131875 elapsed=1975s
progress: nodes=4,240,000,000 tested=281 found=0 n=936796595072914183651875 elapsed=1976s
progress: nodes=4,250,000,000 tested=281 found=0 n=939356386800757772023125 elapsed=1976s
progress: nodes=4,260,000,000 tested=281 found=0 n=989509263056148956720625 elapsed=1976s
progress: nodes=4,270,000,000 tested=281 found=0 n=645896083837470533218125 elapsed=1977s
progress: nodes=4,280,000,000 tested=281 found=0 n=827324086073122714854375 elapsed=1977s
progress: nodes=4,290,000,000 tested=281 found=0 n=748499374720404298119375 elapsed=1978s
progress: nodes=4,300,000,000 tested=281 found=0 n=825046652494561047598125 elapsed=1978s
progress: nodes=4,310,000,000 tested=281 found=0 n=721424822865355524605625 elapsed=1979s
progress: nodes=4,320,000,000 tested=281 found=0 n=960938417039533907056875 elapsed=1979s
progress: nodes=4,330,000,000 tested=281 found=0 n=916597539516624105391875 elapsed=1980s
progress: nodes=4,340,000,000 tested=281 found=0 n=817486031764434826243125 elapsed=1980s
progress: nodes=4,350,000,000 tested=281 found=0 n=952314079999940734561875 elapsed=1980s
progress: nodes=4,360,000,000 tested=281 found=0 n=997442100998962454086875 elapsed=1981s
progress: nodes=4,370,000,000 tested=281 found=0 n=834521652869109514554375 elapsed=1981s
progress: nodes=4,380,000,000 tested=281 found=0 n=895273043497242836180625 elapsed=1982s
progress: nodes=4,390,000,000 tested=281 found=0 n=675139532770753276516875 elapsed=1982s
progress: nodes=4,400,000,000 tested=281 found=0 n=831238595207588687900625 elapsed=1983s
progress: nodes=4,410,000,000 tested=281 found=0 n=824139570856353884656875 elapsed=1983s
progress: nodes=4,420,000,000 tested=281 found=0 n=865245690819715746864375 elapsed=1984s
progress: nodes=4,430,000,000 tested=281 found=0 n=851472343980927104889375 elapsed=1984s
progress: nodes=4,440,000,000 tested=281 found=0 n=925397831772903040036875 elapsed=1984s
progress: nodes=4,450,000,000 tested=281 found=0 n=970680637185499560279375 elapsed=1985s
progress: nodes=4,460,000,000 tested=281 found=0 n=947388998933648275168125 elapsed=1985s
progress: nodes=4,470,000,000 tested=281 found=0 n=857584698258801104791875 elapsed=1986s
progress: nodes=4,480,000,000 tested=281 found=0 n=696882624340350044975625 elapsed=1986s
progress: nodes=4,490,000,000 tested=281 found=0 n=935300848014579021080625 elapsed=1987s
progress: nodes=4,500,000,000 tested=281 found=0 n=773923055627010937269375 elapsed=1987s
progress: nodes=4,510,000,000 tested=281 found=0 n=713613298852609206991875 elapsed=1987s
progress: nodes=4,520,000,000 tested=281 found=0 n=881519697036821275655625 elapsed=1988s
progress: nodes=4,530,000,000 tested=281 found=0 n=789910683341690584805625 elapsed=1988s
progress: nodes=4,540,000,000 tested=281 found=0 n=873767764059325419448125 elapsed=1989s
progress: nodes=4,550,000,000 tested=281 found=0 n=963441928350837285114375 elapsed=1989s
progress: nodes=4,560,000,000 tested=281 found=0 n=983519102695356392270625 elapsed=1990s
progress: nodes=4,570,000,000 tested=281 found=0 n=991530701689411499630625 elapsed=1990s
progress: nodes=4,580,000,000 tested=281 found=0 n=871160289992908491639375 elapsed=1991s
progress: nodes=4,590,000,000 tested=281 found=0 n=959573753430141189819375 elapsed=1991s
progress: nodes=4,600,000,000 tested=281 found=0 n=747105303449277790363125 elapsed=1991s
progress: nodes=4,610,000,000 tested=281 found=0 n=776342967003249147523125 elapsed=1992s
progress: nodes=4,620,000,000 tested=281 found=0 n=759422513084939801589375 elapsed=1992s
progress: nodes=4,630,000,000 tested=281 found=0 n=953160297457126897198125 elapsed=1993s
progress: nodes=4,640,000,000 tested=281 found=0 n=926123698892657709331875 elapsed=1993s
progress: nodes=4,650,000,000 tested=281 found=0 n=876159274492686425743125 elapsed=1994s
progress: nodes=4,660,000,000 tested=281 found=0 n=986137951631053811923125 elapsed=1994s
progress: nodes=4,670,000,000 tested=281 found=0 n=988895347332412589476875 elapsed=1995s
progress: nodes=4,680,000,000 tested=281 found=0 n=791736765191711616931875 elapsed=1995s
progress: nodes=4,690,000,000 tested=281 found=0 n=913952812176936024699375 elapsed=1995s
progress: nodes=4,700,000,000 tested=281 found=0 n=989950916996687437813125 elapsed=1996s
progress: nodes=4,710,000,000 tested=281 found=0 n=730512097161392150938125 elapsed=1996s
progress: nodes=4,720,000,000 tested=281 found=0 n=936663610049556499085625 elapsed=1997s
progress: nodes=4,730,000,000 tested=281 found=0 n=841308325608981364801875 elapsed=1997s
progress: nodes=4,740,000,000 tested=281 found=0 n=888379839465611730485625 elapsed=1998s
progress: nodes=4,750,000,000 tested=281 found=0 n=873071833557100335136875 elapsed=1998s
progress: nodes=4,760,000,000 tested=281 found=0 n=929070499094541986495625 elapsed=1999s
progress: nodes=4,770,000,000 tested=281 found=0 n=998979217559833189899375 elapsed=1999s
progress: nodes=4,780,000,000 tested=281 found=0 n=812199212393521201689375 elapsed=1999s
progress: nodes=4,790,000,000 tested=281 found=0 n=718488096599454226183125 elapsed=2000s
progress: nodes=4,800,000,000 tested=281 found=0 n=772983207611238597260625 elapsed=2000s
progress: nodes=4,810,000,000 tested=281 found=0 n=964763057863740754344375 elapsed=2001s
progress: nodes=4,820,000,000 tested=281 found=0 n=995832898195805198319375 elapsed=2001s
progress: nodes=4,830,000,000 tested=281 found=0 n=862670632700556181344375 elapsed=2002s
progress: nodes=4,840,000,000 tested=281 found=0 n=841258787771325075969375 elapsed=2002s
progress: nodes=4,850,000,000 tested=281 found=0 n=897416678061658181041875 elapsed=2002s
progress: nodes=4,860,000,000 tested=281 found=0 n=881691907258891222723125 elapsed=2003s
progress: nodes=4,870,000,000 tested=281 found=0 n=17252239713727465175625 elapsed=2003s
progress: nodes=4,880,000,000 tested=281 found=0 n=675440980430733860630625 elapsed=2004s
progress: nodes=4,890,000,000 tested=281 found=0 n=920801227690418521955625 elapsed=2004s
progress: nodes=4,900,000,000 tested=281 found=0 n=933731420691385991098125 elapsed=2005s
progress: nodes=4,910,000,000 tested=281 found=0 n=721083162486698148661875 elapsed=2005s
progress: nodes=4,920,000,000 tested=281 found=0 n=953262696139353385914375 elapsed=2006s
progress: nodes=4,930,000,000 tested=281 found=0 n=939300840806108273780625 elapsed=2006s
progress: nodes=4,940,000,000 tested=281 found=0 n=992271453994161496861875 elapsed=2006s
progress: nodes=4,950,000,000 tested=281 found=0 n=818671144429003428298125 elapsed=2007s
progress: nodes=4,960,000,000 tested=281 found=0 n=945190647365194697731875 elapsed=2007s
progress: nodes=4,970,000,000 tested=281 found=0 n=996973557647664908098125 elapsed=2008s
progress: nodes=4,980,000,000 tested=282 found=0 n=603481017984126351688125 elapsed=2008s
progress: nodes=4,990,000,000 tested=282 found=0 n=758905765137317033510625 elapsed=2009s
progress: nodes=5,000,000,000 tested=282 found=0 n=708608424517113150736875 elapsed=2009s
progress: nodes=5,010,000,000 tested=282 found=0 n=700730164706569045498125 elapsed=2010s
progress: nodes=5,020,000,000 tested=282 found=0 n=877500974709183597800625 elapsed=2010s
progress: nodes=5,030,000,000 tested=282 found=0 n=978287905002543074623125 elapsed=2010s
progress: nodes=5,040,000,000 tested=282 found=0 n=969024585583634864968125 elapsed=2011s
progress: nodes=5,050,000,000 tested=282 found=0 n=916942914854716420783125 elapsed=2011s
progress: nodes=5,060,000,000 tested=282 found=0 n=821232629265649911350625 elapsed=2012s
progress: nodes=5,070,000,000 tested=282 found=0 n=933842691164280524518125 elapsed=2012s
progress: nodes=5,080,000,000 tested=282 found=0 n=964872780674171181856875 elapsed=2013s
progress: nodes=5,090,000,000 tested=282 found=0 n=704977609851760750610625 elapsed=2013s
progress: nodes=5,100,000,000 tested=282 found=0 n=709961163238123889113125 elapsed=2013s
progress: nodes=5,110,000,000 tested=282 found=0 n=993378279502468856368125 elapsed=2014s
progress: nodes=5,120,000,000 tested=282 found=0 n=964458526214698062868125 elapsed=2014s
progress: nodes=5,130,000,000 tested=282 found=0 n=898765118894985091498125 elapsed=2015s
progress: nodes=5,140,000,000 tested=282 found=0 n=941196596693150058811875 elapsed=2015s
progress: nodes=5,150,000,000 tested=282 found=0 n=985621786576660591239375 elapsed=2016s
progress: nodes=5,160,000,000 tested=282 found=0 n=848838174918175871398125 elapsed=2016s
progress: nodes=5,170,000,000 tested=282 found=0 n=815004056795460966208125 elapsed=2017s
progress: nodes=5,180,000,000 tested=282 found=0 n=882343496277187579074375 elapsed=2017s
progress: nodes=5,190,000,000 tested=282 found=0 n=922673542867483802776875 elapsed=2017s
progress: nodes=5,200,000,000 tested=282 found=0 n=816133485982225336745625 elapsed=2018s
progress: nodes=5,210,000,000 tested=282 found=0 n=673777141873989990305625 elapsed=2018s
progress: nodes=5,220,000,000 tested=282 found=0 n=914976017912874917536875 elapsed=2019s
progress: nodes=5,230,000,000 tested=282 found=0 n=710586691816343831116875 elapsed=2019s
progress: nodes=5,240,000,000 tested=282 found=0 n=723315377431754680145625 elapsed=2020s
progress: nodes=5,250,000,000 tested=282 found=0 n=743626590965301860724375 elapsed=2020s
progress: nodes=5,260,000,000 tested=282 found=0 n=898236765453060477185625 elapsed=2021s
progress: nodes=5,270,000,000 tested=282 found=0 n=911259819886009387438125 elapsed=2021s
progress: nodes=5,280,000,000 tested=282 found=0 n=921982034589136269035625 elapsed=2021s
progress: nodes=5,290,000,000 tested=282 found=0 n=989454953617567122391875 elapsed=2022s
progress: nodes=5,300,000,000 tested=282 found=0 n=817192981115003754860625 elapsed=2022s
progress: nodes=5,310,000,000 tested=282 found=0 n=876990102668659477558125 elapsed=2023s
progress: nodes=5,320,000,000 tested=282 found=0 n=722575313275534688311875 elapsed=2023s
progress: nodes=5,330,000,000 tested=282 found=0 n=873161402942977801160625 elapsed=2024s
progress: nodes=5,340,000,000 tested=282 found=0 n=988275878571746298763125 elapsed=2024s
progress: nodes=5,350,000,000 tested=282 found=0 n=769019887154434111633125 elapsed=2025s
progress: nodes=5,360,000,000 tested=282 found=0 n=736817429099105722119375 elapsed=2025s
progress: nodes=5,370,000,000 tested=282 found=0 n=991881349520634878833125 elapsed=2025s
progress: nodes=5,380,000,000 tested=282 found=0 n=876735039712943939214375 elapsed=2026s
progress: nodes=5,390,000,000 tested=282 found=0 n=840100572597740795274375 elapsed=2026s
progress: nodes=5,400,000,000 tested=282 found=0 n=981908183864675771656875 elapsed=2027s
progress: nodes=5,410,000,000 tested=282 found=0 n=986123370430213504441875 elapsed=2027s
progress: nodes=5,420,000,000 tested=282 found=0 n=738186033297449330758125 elapsed=2028s
progress: nodes=5,430,000,000 tested=282 found=0 n=842060881865092253641875 elapsed=2028s
progress: nodes=5,440,000,000 tested=282 found=0 n=904543716637624226889375 elapsed=2028s
progress: nodes=5,450,000,000 tested=282 found=0 n=852307172493941703166875 elapsed=2029s
progress: nodes=5,460,000,000 tested=282 found=0 n=946542627882703091491875 elapsed=2029s
progress: nodes=5,470,000,000 tested=282 found=0 n=961288619291480275160625 elapsed=2030s
progress: nodes=5,480,000,000 tested=282 found=0 n=773446837682156287966875 elapsed=2030s
progress: nodes=5,490,000,000 tested=282 found=0 n=827913556219050868539375 elapsed=2031s
progress: nodes=5,500,000,000 tested=282 found=0 n=965768910779505312016875 elapsed=2031s
progress: nodes=5,510,000,000 tested=282 found=0 n=947692733394723241404375 elapsed=2032s
progress: nodes=5,520,000,000 tested=282 found=0 n=709092971450697935131875 elapsed=2032s
progress: nodes=5,530,000,000 tested=282 found=0 n=983230520745778003456875 elapsed=2032s
progress: nodes=5,540,000,000 tested=282 found=0 n=659563632021237487610625 elapsed=2033s
progress: nodes=5,550,000,000 tested=282 found=0 n=846621087601008406269375 elapsed=2033s
progress: nodes=5,560,000,000 tested=282 found=0 n=869522483186258579218125 elapsed=2034s
progress: nodes=5,570,000,000 tested=282 found=0 n=763027083327859909430625 elapsed=2034s
progress: nodes=5,580,000,000 tested=282 found=0 n=938192439388999942411875 elapsed=2035s
progress: nodes=5,590,000,000 tested=282 found=0 n=809384893212398966263125 elapsed=2035s
progress: nodes=5,600,000,000 tested=282 found=0 n=771132808993020485675625 elapsed=2036s
progress: nodes=5,610,000,000 tested=282 found=0 n=807745558103856023023125 elapsed=2036s
progress: nodes=5,620,000,000 tested=282 found=0 n=978630471966447521836875 elapsed=2036s
progress: nodes=5,630,000,000 tested=282 found=0 n=663945246735519747886875 elapsed=2037s
progress: nodes=5,640,000,000 tested=282 found=0 n=955936095837467705341875 elapsed=2037s
progress: nodes=5,650,000,000 tested=282 found=0 n=861644800524186808081875 elapsed=2038s
progress: nodes=5,660,000,000 tested=282 found=0 n=813448053340471856019375 elapsed=2038s
progress: nodes=5,670,000,000 tested=282 found=0 n=787568896950511331199375 elapsed=2039s
progress: nodes=5,680,000,000 tested=282 found=0 n=902791582288563159343125 elapsed=2039s
progress: nodes=5,690,000,000 tested=282 found=0 n=706132802543515697536875 elapsed=2039s
progress: nodes=5,700,000,000 tested=282 found=0 n=834648565783111894839375 elapsed=2040s
progress: nodes=5,710,000,000 tested=282 found=0 n=911772536437433440794375 elapsed=2040s
progress: nodes=5,720,000,000 tested=282 found=0 n=882791129003092778649375 elapsed=2041s
progress: nodes=5,730,000,000 tested=282 found=0 n=917126222996775000031875 elapsed=2041s
progress: nodes=5,740,000,000 tested=282 found=0 n=940929244853818410230625 elapsed=2042s
progress: nodes=5,750,000,000 tested=282 found=0 n=775964584972942438100625 elapsed=2042s
progress: nodes=5,760,000,000 tested=282 found=0 n=607178469131189484530625 elapsed=2043s
progress: nodes=5,770,000,000 tested=282 found=0 n=934335139876665352239375 elapsed=2043s
progress: nodes=5,780,000,000 tested=282 found=0 n=881987039610836798705625 elapsed=2043s
progress: nodes=5,790,000,000 tested=282 found=0 n=701606560568425771618125 elapsed=2044s
progress: nodes=5,800,000,000 tested=282 found=0 n=741372951560288664166875 elapsed=2044s
progress: nodes=5,810,000,000 tested=282 found=0 n=855450562132477258374375 elapsed=2045s
progress: nodes=5,820,000,000 tested=282 found=0 n=845146469453746465760625 elapsed=2045s
progress: nodes=5,830,000,000 tested=282 found=0 n=815347068167163920675625 elapsed=2046s
progress: nodes=5,840,000,000 tested=282 found=0 n=894513027363481704774375 elapsed=2046s
progress: nodes=5,850,000,000 tested=282 found=0 n=873785074403173406833125 elapsed=2047s
progress: nodes=5,860,000,000 tested=282 found=0 n=585638676436504680770625 elapsed=2047s
progress: nodes=5,870,000,000 tested=282 found=0 n=719849036896828914830625 elapsed=2047s
progress: nodes=5,880,000,000 tested=282 found=0 n=604622861308765962950625 elapsed=2048s
progress: nodes=5,890,000,000 tested=282 found=0 n=669333555076678933910625 elapsed=2048s
progress: nodes=5,900,000,000 tested=282 found=0 n=961508864453511745726875 elapsed=2049s
progress: nodes=5,910,000,000 tested=282 found=0 n=813442676898790302463125 elapsed=2049s
progress: nodes=5,920,000,000 tested=282 found=0 n=938537178428215953770625 elapsed=2050s
progress: nodes=5,930,000,000 tested=282 found=0 n=825456433905176712283125 elapsed=2050s
progress: nodes=5,940,000,000 tested=282 found=0 n=908303980027595394043125 elapsed=2051s
progress: nodes=5,950,000,000 tested=282 found=0 n=884426539144310848456875 elapsed=2051s
progress: nodes=5,960,000,000 tested=282 found=0 n=905410312738062901745625 elapsed=2051s
progress: nodes=5,970,000,000 tested=282 found=0 n=990993736591448753548125 elapsed=2052s
progress: nodes=5,980,000,000 tested=282 found=0 n=808397441402992444501875 elapsed=2052s
progress: nodes=5,990,000,000 tested=282 found=0 n=919400570218879702858125 elapsed=2053s
progress: nodes=6,000,000,000 tested=282 found=0 n=695085295306695700899375 elapsed=2053s
progress: nodes=6,010,000,000 tested=282 found=0 n=949566254677148559920625 elapsed=2054s
progress: nodes=6,020,000,000 tested=282 found=0 n=894311862849144579279375 elapsed=2054s
progress: nodes=6,030,000,000 tested=282 found=0 n=726152272109967809120625 elapsed=2055s
progress: nodes=6,040,000,000 tested=282 found=0 n=996344742493821572206875 elapsed=2055s
progress: nodes=6,050,000,000 tested=282 found=0 n=811513408229681383906875 elapsed=2055s
progress: nodes=6,060,000,000 tested=282 found=0 n=826399422891451614976875 elapsed=2056s
progress: nodes=6,070,000,000 tested=282 found=0 n=897360043026480634648125 elapsed=2056s
progress: nodes=6,080,000,000 tested=282 found=0 n=918494623774575551705625 elapsed=2057s
progress: nodes=6,090,000,000 tested=282 found=0 n=970724623863343887939375 elapsed=2057s
progress: nodes=6,100,000,000 tested=282 found=0 n=679167914201181576039375 elapsed=2058s
progress: nodes=6,110,000,000 tested=282 found=0 n=914341707591288793756875 elapsed=2058s
progress: nodes=6,120,000,000 tested=282 found=0 n=721043830897407642763125 elapsed=2058s
progress: nodes=6,130,000,000 tested=282 found=0 n=860400637942577665708125 elapsed=2059s
progress: nodes=6,140,000,000 tested=282 found=0 n=857716109536051575736875 elapsed=2059s
progress: nodes=6,150,000,000 tested=282 found=0 n=940916558346181277518125 elapsed=2060s
progress: nodes=6,160,000,000 tested=282 found=0 n=976536642877506297185625 elapsed=2060s
progress: nodes=6,170,000,000 tested=282 found=0 n=828288841411030013893125 elapsed=2061s
progress: nodes=6,180,000,000 tested=282 found=0 n=847908489457613146168125 elapsed=2061s
progress: nodes=6,190,000,000 tested=282 found=0 n=963972090725910347323125 elapsed=2062s
progress: nodes=6,200,000,000 tested=282 found=0 n=954472680416935296556875 elapsed=2062s
progress: nodes=6,210,000,000 tested=282 found=0 n=960640946814681418674375 elapsed=2062s
progress: nodes=6,220,000,000 tested=282 found=0 n=584741171211319711411875 elapsed=2063s
progress: nodes=6,230,000,000 tested=282 found=0 n=614303450660950222989375 elapsed=2063s
progress: nodes=6,240,000,000 tested=282 found=0 n=904711400200507918663125 elapsed=2064s
progress: nodes=6,250,000,000 tested=282 found=0 n=670151386745116152361875 elapsed=2064s
progress: nodes=6,260,000,000 tested=282 found=0 n=856158835328610047544375 elapsed=2065s
progress: nodes=6,270,000,000 tested=282 found=0 n=909828401101703517256875 elapsed=2065s
progress: nodes=6,280,000,000 tested=282 found=0 n=944200367197850999705625 elapsed=2066s
progress: nodes=6,290,000,000 tested=282 found=0 n=977770775609034434893125 elapsed=2066s
progress: nodes=6,300,000,000 tested=282 found=0 n=857662410862762757094375 elapsed=2066s
progress: nodes=6,310,000,000 tested=282 found=0 n=914084220718769777308125 elapsed=2067s
progress: nodes=6,320,000,000 tested=282 found=0 n=848411649280264704789375 elapsed=2067s
progress: nodes=6,330,000,000 tested=282 found=0 n=940072152583216225974375 elapsed=2068s
progress: nodes=6,340,000,000 tested=282 found=0 n=926569744717489024010625 elapsed=2068s
progress: nodes=6,350,000,000 tested=282 found=0 n=888161881344285762118125 elapsed=2069s
progress: nodes=6,360,000,000 tested=282 found=0 n=820783536838566694599375 elapsed=2069s
progress: nodes=6,370,000,000 tested=282 found=0 n=791526498476039716089375 elapsed=2070s
progress: nodes=6,380,000,000 tested=282 found=0 n=665447824215685651066875 elapsed=2070s
progress: nodes=6,390,000,000 tested=282 found=0 n=935296884796891714914375 elapsed=2071s
progress: nodes=6,400,000,000 tested=282 found=0 n=745483057122796327895625 elapsed=2071s
progress: nodes=6,410,000,000 tested=282 found=0 n=958919162730752491149375 elapsed=2071s
progress: nodes=6,420,000,000 tested=282 found=0 n=895106697358742755891875 elapsed=2072s
progress: nodes=6,430,000,000 tested=282 found=0 n=905965765189259491445625 elapsed=2072s
progress: nodes=6,440,000,000 tested=282 found=0 n=872630238687400600363125 elapsed=2073s
progress: nodes=6,450,000,000 tested=282 found=0 n=938788367282768942623125 elapsed=2073s
progress: nodes=6,460,000,000 tested=282 found=0 n=787720668156747344638125 elapsed=2074s
progress: nodes=6,470,000,000 tested=282 found=0 n=589948703387433751066875 elapsed=2074s
progress: nodes=6,480,000,000 tested=282 found=0 n=910685303037170194438125 elapsed=2075s
progress: nodes=6,490,000,000 tested=282 found=0 n=957321602773583493931875 elapsed=2075s
progress: nodes=6,500,000,000 tested=282 found=0 n=783618632962426746298125 elapsed=2076s
progress: nodes=6,510,000,000 tested=282 found=0 n=803118503735508830293125 elapsed=2076s
progress: nodes=6,520,000,000 tested=282 found=0 n=949012793217586582948125 elapsed=2077s
progress: nodes=6,530,000,000 tested=282 found=0 n=947894784587356699738125 elapsed=2077s
progress: nodes=6,540,000,000 tested=282 found=0 n=895424039242531008868125 elapsed=2077s
progress: nodes=6,550,000,000 tested=282 found=0 n=996990669673373759450625 elapsed=2078s
progress: nodes=6,560,000,000 tested=282 found=0 n=835088900614855589064375 elapsed=2078s
progress: nodes=6,570,000,000 tested=282 found=0 n=901105800442049651450625 elapsed=2079s
progress: nodes=6,580,000,000 tested=282 found=0 n=782961540018057714380625 elapsed=2079s
progress: nodes=6,590,000,000 tested=282 found=0 n=721566331238731434958125 elapsed=2080s
progress: nodes=6,600,000,000 tested=282 found=0 n=748744493354442479773125 elapsed=2080s
progress: nodes=6,610,000,000 tested=282 found=0 n=708572769243416652436875 elapsed=2081s
progress: nodes=6,620,000,000 tested=282 found=0 n=880202457362293732411875 elapsed=2081s
progress: nodes=6,630,000,000 tested=282 found=0 n=684818227028366476036875 elapsed=2082s
progress: nodes=6,640,000,000 tested=282 found=0 n=916269359978850080068125 elapsed=2082s
progress: nodes=6,650,000,000 tested=282 found=0 n=740259269592198971720625 elapsed=2082s
progress: nodes=6,660,000,000 tested=282 found=0 n=973611778126889090694375 elapsed=2083s
progress: nodes=6,670,000,000 tested=282 found=0 n=829615653538616428306875 elapsed=2083s
progress: nodes=6,680,000,000 tested=282 found=0 n=842697034214541574111875 elapsed=2084s
progress: nodes=6,690,000,000 tested=282 found=0 n=935809191578347857005625 elapsed=2084s
progress: nodes=6,700,000,000 tested=282 found=0 n=584608353827705927386875 elapsed=2085s
progress: nodes=6,710,000,000 tested=282 found=0 n=916681300472489667643125 elapsed=2085s
progress: nodes=6,720,000,000 tested=282 found=0 n=759896950261481599539375 elapsed=2086s
progress: nodes=6,730,000,000 tested=282 found=0 n=896228982943517865256875 elapsed=2086s
progress: nodes=6,740,000,000 tested=282 found=0 n=981984700074158358508125 elapsed=2087s
progress: nodes=6,750,000,000 tested=282 found=0 n=802784692032296595643125 elapsed=2087s
progress: nodes=6,760,000,000 tested=282 found=0 n=868380627245313924568125 elapsed=2088s
progress: nodes=6,770,000,000 tested=282 found=0 n=917171279930211257323125 elapsed=2088s
progress: nodes=6,780,000,000 tested=282 found=0 n=729572229909184737976875 elapsed=2088s
progress: nodes=6,790,000,000 tested=282 found=0 n=966773973606153573583125 elapsed=2089s
progress: nodes=6,800,000,000 tested=282 found=0 n=844117427892038132941875 elapsed=2089s
progress: nodes=6,810,000,000 tested=282 found=0 n=936172595104453464688125 elapsed=2090s
progress: nodes=6,820,000,000 tested=282 found=0 n=972615037041148321299375 elapsed=2090s
progress: nodes=6,830,000,000 tested=282 found=0 n=629930451763203767060625 elapsed=2091s
progress: nodes=6,840,000,000 tested=282 found=0 n=970528023725356058698125 elapsed=2091s
progress: nodes=6,850,000,000 tested=282 found=0 n=670293251250479098149375 elapsed=2092s
progress: nodes=6,860,000,000 tested=282 found=0 n=668057925110957115856875 elapsed=2092s
progress: nodes=6,870,000,000 tested=282 found=0 n=940428897893992483250625 elapsed=2093s
progress: nodes=6,880,000,000 tested=282 found=0 n=887688782406174750373125 elapsed=2093s
progress: nodes=6,890,000,000 tested=282 found=0 n=763245152114923905789375 elapsed=2093s
progress: nodes=6,900,000,000 tested=282 found=0 n=984557284979718914319375 elapsed=2094s
progress: nodes=6,910,000,000 tested=282 found=0 n=957580359852888903763125 elapsed=2094s
progress: nodes=6,920,000,000 tested=282 found=0 n=885359741720772367749375 elapsed=2095s
progress: nodes=6,930,000,000 tested=282 found=0 n=901332130992946476013125 elapsed=2095s
progress: nodes=6,940,000,000 tested=282 found=0 n=859625443410438769374375 elapsed=2096s
progress: nodes=6,950,000,000 tested=282 found=0 n=995656000325693357210625 elapsed=2096s
progress: nodes=6,960,000,000 tested=282 found=0 n=962960405589847878013125 elapsed=2097s
progress: nodes=6,970,000,000 tested=282 found=0 n=989651331658857905870625 elapsed=2097s
progress: nodes=6,980,000,000 tested=282 found=0 n=620132396880025505604375 elapsed=2098s
progress: nodes=6,990,000,000 tested=282 found=0 n=653647336485762639808125 elapsed=2098s
progress: nodes=7,000,000,000 tested=282 found=0 n=750499419019281441631875 elapsed=2098s
progress: nodes=7,010,000,000 tested=282 found=0 n=740066345250158496155625 elapsed=2099s
progress: nodes=7,020,000,000 tested=282 found=0 n=807786942210775617699375 elapsed=2099s
progress: nodes=7,030,000,000 tested=282 found=0 n=793639091283765469250625 elapsed=2100s
progress: nodes=7,040,000,000 tested=282 found=0 n=911151886866529781435625 elapsed=2100s
progress: nodes=7,050,000,000 tested=282 found=0 n=871525408606693766420625 elapsed=2101s
progress: nodes=7,060,000,000 tested=282 found=0 n=999290989751322330635625 elapsed=2101s
progress: nodes=7,070,000,000 tested=282 found=0 n=837187436691400626073125 elapsed=2102s
progress: nodes=7,080,000,000 tested=282 found=0 n=952931323417212269105625 elapsed=2102s
progress: nodes=7,090,000,000 tested=282 found=0 n=735603292894838995648125 elapsed=2103s
progress: nodes=7,100,000,000 tested=282 found=0 n=787911992474177966191875 elapsed=2103s
progress: nodes=7,110,000,000 tested=282 found=0 n=975779093867797789610625 elapsed=2103s
progress: nodes=7,120,000,000 tested=282 found=0 n=788035117703288432664375 elapsed=2104s
progress: nodes=7,130,000,000 tested=282 found=0 n=703892511498043273404375 elapsed=2104s
progress: nodes=7,140,000,000 tested=282 found=0 n=650292162949758317405625 elapsed=2105s
progress: nodes=7,150,000,000 tested=282 found=0 n=665410533025108967386875 elapsed=2105s
progress: nodes=7,160,000,000 tested=282 found=0 n=934702089419829604989375 elapsed=2106s
progress: nodes=7,170,000,000 tested=282 found=0 n=793047882222960065105625 elapsed=2106s
progress: nodes=7,180,000,000 tested=282 found=0 n=862518496961185057670625 elapsed=2107s
progress: nodes=7,190,000,000 tested=282 found=0 n=946949296694229545900625 elapsed=2107s
progress: nodes=7,200,000,000 tested=282 found=0 n=960953208154965795436875 elapsed=2108s
progress: nodes=7,210,000,000 tested=282 found=0 n=945610877197448941123125 elapsed=2108s
progress: nodes=7,220,000,000 tested=282 found=0 n=724060566455911239774375 elapsed=2109s
progress: nodes=7,230,000,000 tested=282 found=0 n=939204851430298699423125 elapsed=2109s
progress: nodes=7,240,000,000 tested=282 found=0 n=969063799110596687525625 elapsed=2110s
progress: nodes=7,250,000,000 tested=282 found=0 n=675701404767386860516875 elapsed=2110s
progress: nodes=7,260,000,000 tested=282 found=0 n=755802207556910600945625 elapsed=2110s
progress: nodes=7,270,000,000 tested=282 found=0 n=692998724259050331256875 elapsed=2111s
progress: nodes=7,280,000,000 tested=282 found=0 n=660268959196356978170625 elapsed=2111s
progress: nodes=7,290,000,000 tested=282 found=0 n=740012357545059238745625 elapsed=2112s
