search v2: odd=True, N_CAP=1.00e+24, DELTA_MAX=1.0e+07, MIN_DEPTH=6
SPF shard: smallest prime factor = 3
P2 sub-shard: second prime factor = 5
P3 sub-sub-shard: third prime factor = 7
progress: nodes=10,000,000 tested=0 found=0 n=17448801086539306640625 elapsed=0s
progress: nodes=20,000,000 tested=0 found=0 n=730270800801009521484375 elapsed=1s
progress: nodes=30,000,000 tested=0 found=0 n=774875025763663330078125 elapsed=2s
progress: nodes=40,000,000 tested=0 found=0 n=629289474446180419921875 elapsed=3s
progress: nodes=50,000,000 tested=0 found=0 n=521763873503572998046875 elapsed=4s
progress: nodes=60,000,000 tested=0 found=0 n=714250244794698486328125 elapsed=4s
progress: nodes=70,000,000 tested=0 found=0 n=842319925258275146484375 elapsed=5s
progress: nodes=80,000,000 tested=0 found=0 n=904386955575853271484375 elapsed=6s
progress: nodes=90,000,000 tested=0 found=0 n=747575864183536376953125 elapsed=7s
progress: nodes=100,000,000 tested=0 found=0 n=757188500077401123046875 elapsed=8s
progress: nodes=110,000,000 tested=0 found=0 n=754685431990572509765625 elapsed=8s
progress: nodes=120,000,000 tested=0 found=0 n=801167005826326904296875 elapsed=9s
progress: nodes=130,000,000 tested=0 found=0 n=397909558775321044921875 elapsed=10s
progress: nodes=140,000,000 tested=0 found=0 n=302942563543721923828125 elapsed=11s
progress: nodes=150,000,000 tested=0 found=0 n=145080763252928466796875 elapsed=12s
progress: nodes=160,000,000 tested=0 found=0 n=208833264512244873046875 elapsed=13s
progress: nodes=170,000,000 tested=0 found=0 n=60511524173302001953125 elapsed=14s
progress: nodes=180,000,000 tested=0 found=0 n=504647920952955322265625 elapsed=14s
progress: nodes=190,000,000 tested=0 found=0 n=507303584988687744140625 elapsed=15s
progress: nodes=200,000,000 tested=0 found=0 n=75744150817078857421875 elapsed=15s
progress: nodes=210,000,000 tested=0 found=0 n=618534795400404052734375 elapsed=16s
progress: nodes=220,000,000 tested=0 found=0 n=338015619163231201171875 elapsed=17s
progress: nodes=230,000,000 tested=0 found=0 n=290487718657884521484375 elapsed=18s
progress: nodes=240,000,000 tested=0 found=0 n=26578017643729248046875 elapsed=19s
progress: nodes=250,000,000 tested=0 found=0 n=503289899734068603515625 elapsed=19s
progress: nodes=260,000,000 tested=0 found=0 n=325201149055550537109375 elapsed=20s
progress: nodes=270,000,000 tested=0 found=0 n=44595723982877197265625 elapsed=21s
progress: nodes=280,000,000 tested=0 found=0 n=845322293022667236328125 elapsed=21s
progress: nodes=290,000,000 tested=0 found=0 n=732290084662218017578125 elapsed=22s
progress: nodes=300,000,000 tested=0 found=0 n=284519232627169189453125 elapsed=23s
progress: nodes=310,000,000 tested=0 found=0 n=790908644664781494140625 elapsed=24s
progress: nodes=320,000,000 tested=0 found=0 n=368271688764261474609375 elapsed=25s
progress: nodes=330,000,000 tested=0 found=0 n=646208397806861572265625 elapsed=25s
progress: nodes=340,000,000 tested=0 found=0 n=994014010291358642578125 elapsed=26s
progress: nodes=350,000,000 tested=0 found=0 n=10663439046939697265625 elapsed=27s
progress: nodes=360,000,000 tested=0 found=0 n=802311634650150146484375 elapsed=27s
progress: nodes=370,000,000 tested=0 found=0 n=62025621908572998046875 elapsed=28s
progress: nodes=380,000,000 tested=0 found=0 n=54390545900357666015625 elapsed=29s
progress: nodes=390,000,000 tested=0 found=0 n=136736890164158935546875 elapsed=30s
progress: nodes=400,000,000 tested=0 found=0 n=792114822129488525390625 elapsed=30s
progress: nodes=410,000,000 tested=0 found=0 n=932510145783936767578125 elapsed=31s
progress: nodes=420,000,000 tested=0 found=0 n=252829448338077392578125 elapsed=32s
progress: nodes=430,000,000 tested=0 found=0 n=36167066237720947265625 elapsed=33s
progress: nodes=440,000,000 tested=0 found=0 n=13237917470885009765625 elapsed=33s
progress: nodes=450,000,000 tested=0 found=0 n=22385381121566162109375 elapsed=34s
progress: nodes=460,000,000 tested=0 found=0 n=465710927520260009765625 elapsed=35s
progress: nodes=470,000,000 tested=0 found=0 n=24085628548985595703125 elapsed=36s
progress: nodes=480,000,000 tested=0 found=0 n=120682618160379638671875 elapsed=36s
progress: nodes=490,000,000 tested=0 found=0 n=893424684491590576171875 elapsed=37s
progress: nodes=500,000,000 tested=0 found=0 n=125925885347764892578125 elapsed=38s
progress: nodes=510,000,000 tested=0 found=0 n=7712951352293701171875 elapsed=38s
progress: nodes=520,000,000 tested=0 found=0 n=854604081385118408203125 elapsed=39s
progress: nodes=530,000,000 tested=0 found=0 n=846434874013245849609375 elapsed=40s
progress: nodes=540,000,000 tested=0 found=0 n=192018791868314208984375 elapsed=41s
progress: nodes=550,000,000 tested=0 found=0 n=762631990504581298828125 elapsed=41s
progress: nodes=560,000,000 tested=0 found=0 n=716947288337904052734375 elapsed=42s
progress: nodes=570,000,000 tested=0 found=0 n=511880312700662841796875 elapsed=43s
progress: nodes=580,000,000 tested=0 found=0 n=121606727852310791015625 elapsed=44s
progress: nodes=590,000,000 tested=0 found=0 n=27093407334415283203125 elapsed=44s
progress: nodes=600,000,000 tested=0 found=0 n=52180826775333251953125 elapsed=45s
progress: nodes=610,000,000 tested=0 found=0 n=926327220388699951171875 elapsed=45s
progress: nodes=620,000,000 tested=0 found=0 n=527851448372969970703125 elapsed=46s
progress: nodes=630,000,000 tested=0 found=0 n=10553323147269287109375 elapsed=47s
progress: nodes=640,000,000 tested=0 found=0 n=578146312688052978515625 elapsed=47s
progress: nodes=650,000,000 tested=0 found=0 n=592571277213680419921875 elapsed=48s
progress: nodes=660,000,000 tested=0 found=0 n=460445196454456787109375 elapsed=49s
progress: nodes=670,000,000 tested=0 found=0 n=696935985723299560546875 elapsed=50s
progress: nodes=680,000,000 tested=0 found=0 n=2255025396119384765625 elapsed=51s
progress: nodes=690,000,000 tested=0 found=0 n=305400685368233642578125 elapsed=51s
progress: nodes=700,000,000 tested=0 found=0 n=643791503898482666015625 elapsed=52s
progress: nodes=710,000,000 tested=0 found=0 n=122744328651610107421875 elapsed=53s
progress: nodes=720,000,000 tested=0 found=0 n=157924321857088623046875 elapsed=54s
progress: nodes=730,000,000 tested=0 found=0 n=484213701626868896484375 elapsed=55s
progress: nodes=740,000,000 tested=0 found=0 n=835383428624703369140625 elapsed=55s
progress: nodes=750,000,000 tested=0 found=0 n=360809761579830322265625 elapsed=56s
progress: nodes=760,000,000 tested=0 found=0 n=447090712427589111328125 elapsed=57s
progress: nodes=770,000,000 tested=0 found=0 n=83612241240706787109375 elapsed=58s
progress: nodes=780,000,000 tested=0 found=0 n=880435400389632568359375 elapsed=58s
progress: nodes=790,000,000 tested=0 found=0 n=866758555477269287109375 elapsed=59s
progress: nodes=800,000,000 tested=0 found=0 n=609861678771397705078125 elapsed=60s

done in 60.3s | nodes=804,415,252 | tested=0 | weird=0
