search v2: odd=True, N_CAP=1.00e+24, DELTA_MAX=1.0e+07, MIN_DEPTH=6
SPF shard: smallest prime factor = 3
P2 sub-shard: second prime factor = 5
P3 sub-sub-shard: third prime factor = 7
progress: nodes=10,000,000 tested=0 found=0 n=733246790233489228301325 elapsed=0s
progress: nodes=20,000,000 tested=0 found=0 n=736328099120888597887725 elapsed=1s
progress: nodes=30,000,000 tested=0 found=0 n=132668367320290191267675 elapsed=1s
progress: nodes=40,000,000 tested=0 found=0 n=85791778833415463184075 elapsed=2s
progress: nodes=50,000,000 tested=0 found=0 n=901435388365664424744675 elapsed=2s
progress: nodes=60,000,000 tested=0 found=0 n=50628762909668976851175 elapsed=3s
progress: nodes=70,000,000 tested=0 found=0 n=19584748149918793363725 elapsed=3s
progress: nodes=80,000,000 tested=0 found=0 n=483344583053117817269175 elapsed=4s
progress: nodes=90,000,000 tested=0 found=0 n=117521639255368995802575 elapsed=4s
progress: nodes=100,000,000 tested=0 found=0 n=540161846601436913876925 elapsed=5s
progress: nodes=110,000,000 tested=0 found=0 n=541501056078232993130325 elapsed=6s
progress: nodes=120,000,000 tested=0 found=0 n=581159080622032805614575 elapsed=7s
progress: nodes=130,000,000 tested=0 found=0 n=218787096954615067393725 elapsed=8s
progress: nodes=140,000,000 tested=0 found=0 n=725530945952188531961925 elapsed=8s
progress: nodes=150,000,000 tested=0 found=0 n=283424992768979974694775 elapsed=9s
progress: nodes=160,000,000 tested=0 found=0 n=137819096898760602450825 elapsed=9s
progress: nodes=170,000,000 tested=0 found=0 n=13565856480777515811225 elapsed=10s
progress: nodes=180,000,000 tested=0 found=0 n=165991660481739844196025 elapsed=11s
progress: nodes=190,000,000 tested=0 found=0 n=892230059336297979087525 elapsed=11s
progress: nodes=200,000,000 tested=0 found=0 n=539405433436310372316525 elapsed=12s
progress: nodes=210,000,000 tested=0 found=0 n=980987959206385613645925 elapsed=13s
progress: nodes=220,000,000 tested=0 found=0 n=506390906256471202868475 elapsed=14s
progress: nodes=230,000,000 tested=0 found=0 n=945779492586263475568575 elapsed=14s
progress: nodes=240,000,000 tested=0 found=0 n=242688514560457027856325 elapsed=15s
progress: nodes=250,000,000 tested=0 found=0 n=616957789320791332790775 elapsed=16s
progress: nodes=260,000,000 tested=0 found=0 n=540485351658140323743525 elapsed=17s
progress: nodes=270,000,000 tested=0 found=0 n=608075761093524210463725 elapsed=18s
progress: nodes=280,000,000 tested=0 found=0 n=168343386156111753993525 elapsed=18s
progress: nodes=290,000,000 tested=0 found=0 n=647641171296513748710825 elapsed=19s
progress: nodes=300,000,000 tested=0 found=0 n=757421172575410044171225 elapsed=20s
progress: nodes=310,000,000 tested=0 found=0 n=686828198135709162231825 elapsed=21s
progress: nodes=320,000,000 tested=0 found=0 n=944417872443403107457575 elapsed=22s
progress: nodes=330,000,000 tested=0 found=0 n=208664858057788968539025 elapsed=22s
progress: nodes=340,000,000 tested=0 found=0 n=849620668473487228557225 elapsed=23s
progress: nodes=350,000,000 tested=0 found=0 n=187222743260119420543725 elapsed=24s
progress: nodes=360,000,000 tested=0 found=0 n=978047067241084195505325 elapsed=25s
progress: nodes=370,000,000 tested=0 found=0 n=59416734681056095370475 elapsed=26s
progress: nodes=380,000,000 tested=0 found=0 n=108574365507338831920575 elapsed=27s
progress: nodes=390,000,000 tested=0 found=0 n=42430163989915138522575 elapsed=28s
progress: nodes=400,000,000 tested=0 found=0 n=3941177065870739703225 elapsed=28s
progress: nodes=410,000,000 tested=0 found=0 n=21946806905984361500925 elapsed=29s
progress: nodes=420,000,000 tested=0 found=0 n=735917379193382687166075 elapsed=30s
progress: nodes=430,000,000 tested=0 found=0 n=330106200941816077259775 elapsed=31s
progress: nodes=440,000,000 tested=0 found=0 n=219519063981183907515225 elapsed=32s
progress: nodes=450,000,000 tested=0 found=0 n=847699077030027191399325 elapsed=33s
progress: nodes=460,000,000 tested=0 found=0 n=77249261101024493753475 elapsed=34s
progress: nodes=470,000,000 tested=0 found=0 n=62639822763499684437525 elapsed=35s
progress: nodes=480,000,000 tested=0 found=0 n=176742208932309013593075 elapsed=35s
progress: nodes=490,000,000 tested=0 found=0 n=903378935267017051620225 elapsed=36s
progress: nodes=500,000,000 tested=0 found=0 n=925206898627047068319525 elapsed=37s
progress: nodes=510,000,000 tested=0 found=0 n=516144860074860371472075 elapsed=38s
progress: nodes=520,000,000 tested=0 found=0 n=341468658056900221768725 elapsed=39s
progress: nodes=530,000,000 tested=0 found=0 n=861966267981400286878425 elapsed=40s
progress: nodes=540,000,000 tested=0 found=0 n=64447912078557250458075 elapsed=40s
progress: nodes=550,000,000 tested=0 found=0 n=875279898820450231482675 elapsed=41s
progress: nodes=560,000,000 tested=0 found=0 n=17851751982529867162425 elapsed=42s
progress: nodes=570,000,000 tested=0 found=0 n=786854671520786246183925 elapsed=43s
progress: nodes=580,000,000 tested=0 found=0 n=588521855263424659199175 elapsed=44s
progress: nodes=590,000,000 tested=0 found=0 n=745821354405219516770325 elapsed=44s
progress: nodes=600,000,000 tested=0 found=0 n=220137260631899360706075 elapsed=45s
progress: nodes=610,000,000 tested=0 found=0 n=654096827441544159502725 elapsed=46s
progress: nodes=620,000,000 tested=0 found=0 n=611819297568756473159775 elapsed=47s
progress: nodes=630,000,000 tested=0 found=0 n=916494893134506857531325 elapsed=48s
progress: nodes=640,000,000 tested=0 found=0 n=171382191444380212275 elapsed=48s
progress: nodes=650,000,000 tested=0 found=0 n=103630672619818397779425 elapsed=49s
progress: nodes=660,000,000 tested=0 found=0 n=74568643285026321824925 elapsed=50s
progress: nodes=670,000,000 tested=0 found=0 n=25040600516378502767775 elapsed=51s
progress: nodes=680,000,000 tested=0 found=0 n=11019435828915158724975 elapsed=52s
progress: nodes=690,000,000 tested=0 found=0 n=862038977968511455715925 elapsed=52s
progress: nodes=700,000,000 tested=0 found=0 n=31960072899739074119925 elapsed=53s
progress: nodes=710,000,000 tested=0 found=0 n=77083839893145975409275 elapsed=54s
progress: nodes=720,000,000 tested=0 found=0 n=11981674051208879184825 elapsed=55s
progress: nodes=730,000,000 tested=0 found=0 n=35811575525069267191275 elapsed=55s
progress: nodes=740,000,000 tested=0 found=0 n=64920758197776916762425 elapsed=56s
progress: nodes=750,000,000 tested=0 found=0 n=702936303021940114080975 elapsed=57s
progress: nodes=760,000,000 tested=0 found=0 n=773189927244845358405675 elapsed=58s
progress: nodes=770,000,000 tested=0 found=0 n=394408992684052354428525 elapsed=58s
progress: nodes=780,000,000 tested=0 found=0 n=221607531412581837939675 elapsed=59s
progress: nodes=790,000,000 tested=0 found=0 n=635155145892772533662025 elapsed=60s
progress: nodes=800,000,000 tested=0 found=0 n=287738659659575616618525 elapsed=60s
progress: nodes=810,000,000 tested=0 found=0 n=560224147565352947174925 elapsed=61s

done in 61.2s | nodes=810,849,506 | tested=0 | weird=0
