search v2: odd=True, N_CAP=1.00e+24, DELTA_MAX=1.0e+07, MIN_DEPTH=6
SPF shard: smallest prime factor = 3
P2 sub-shard: second prime factor = 5
P3 sub-sub-shard: third prime factor = 11
progress: nodes=10,000,000 tested=0 found=0 n=815252439099102757413375 elapsed=1s
progress: nodes=20,000,000 tested=0 found=0 n=704086071912827638695375 elapsed=2s
progress: nodes=30,000,000 tested=0 found=0 n=574320349210424831961375 elapsed=3s
progress: nodes=40,000,000 tested=0 found=0 n=970883159234069981917875 elapsed=4s
progress: nodes=50,000,000 tested=0 found=0 n=746184021182157633128625 elapsed=5s
progress: nodes=60,000,000 tested=0 found=0 n=293764590280107745495125 elapsed=5s
progress: nodes=70,000,000 tested=0 found=0 n=410500927759803166732875 elapsed=6s
progress: nodes=80,000,000 tested=0 found=0 n=659395935408100256062125 elapsed=7s
progress: nodes=90,000,000 tested=0 found=0 n=631833067646583369406125 elapsed=8s
progress: nodes=100,000,000 tested=0 found=0 n=656656258871034731648625 elapsed=9s
progress: nodes=110,000,000 tested=0 found=0 n=314989843130122998498375 elapsed=9s
progress: nodes=120,000,000 tested=0 found=0 n=432803779900282639187625 elapsed=10s
progress: nodes=130,000,000 tested=0 found=0 n=558983476135881385177875 elapsed=11s
progress: nodes=140,000,000 tested=0 found=0 n=175016380049078960374125 elapsed=12s
progress: nodes=150,000,000 tested=0 found=0 n=615348574693236070776375 elapsed=12s
progress: nodes=160,000,000 tested=0 found=0 n=470334147441656451149625 elapsed=13s
progress: nodes=170,000,000 tested=0 found=0 n=876095121848852664919875 elapsed=14s
progress: nodes=180,000,000 tested=0 found=0 n=479531407121204264809125 elapsed=14s
progress: nodes=190,000,000 tested=0 found=0 n=572370578992365077871375 elapsed=15s
progress: nodes=200,000,000 tested=0 found=0 n=476198379076651776241125 elapsed=16s
progress: nodes=210,000,000 tested=0 found=0 n=522786317149649001037875 elapsed=16s
progress: nodes=220,000,000 tested=0 found=0 n=764119581960942796177875 elapsed=17s
progress: nodes=230,000,000 tested=0 found=0 n=870477948098903446141125 elapsed=18s
progress: nodes=240,000,000 tested=0 found=0 n=868724058262558957548375 elapsed=18s
progress: nodes=250,000,000 tested=0 found=0 n=263736979914190683132375 elapsed=19s
progress: nodes=260,000,000 tested=0 found=0 n=864450527599054833454875 elapsed=19s
progress: nodes=270,000,000 tested=0 found=0 n=550134117204319029042375 elapsed=20s
progress: nodes=280,000,000 tested=0 found=0 n=460827897950518253995125 elapsed=21s
progress: nodes=290,000,000 tested=0 found=0 n=475139594017325278630875 elapsed=21s
progress: nodes=300,000,000 tested=0 found=0 n=337214709807106298256375 elapsed=22s
progress: nodes=310,000,000 tested=0 found=0 n=747021475088668805185875 elapsed=22s
progress: nodes=320,000,000 tested=0 found=0 n=813306085537230413539125 elapsed=23s
progress: nodes=330,000,000 tested=0 found=0 n=79715249135696565587625 elapsed=24s
progress: nodes=340,000,000 tested=0 found=0 n=450005102239719922091625 elapsed=24s
progress: nodes=350,000,000 tested=0 found=0 n=350328260125944826279125 elapsed=25s
progress: nodes=360,000,000 tested=0 found=0 n=226237525615352425585125 elapsed=25s
progress: nodes=370,000,000 tested=0 found=0 n=219222579956787194341125 elapsed=26s
progress: nodes=380,000,000 tested=0 found=0 n=305934302050384796485125 elapsed=26s
progress: nodes=390,000,000 tested=0 found=0 n=348687061254952253530125 elapsed=27s
progress: nodes=400,000,000 tested=0 found=0 n=171969512534726885174625 elapsed=27s
progress: nodes=410,000,000 tested=0 found=0 n=685969961448792103672875 elapsed=28s
progress: nodes=420,000,000 tested=0 found=0 n=413078576248462564493625 elapsed=29s
progress: nodes=430,000,000 tested=0 found=0 n=253246269116706933049125 elapsed=29s
progress: nodes=440,000,000 tested=0 found=0 n=221213208250862173363875 elapsed=30s
progress: nodes=450,000,000 tested=0 found=0 n=727415380859238874534875 elapsed=30s
progress: nodes=460,000,000 tested=0 found=0 n=529388468095204543843875 elapsed=31s
progress: nodes=470,000,000 tested=0 found=0 n=90067704227126158372125 elapsed=31s
progress: nodes=480,000,000 tested=0 found=0 n=152649650690564254924125 elapsed=32s
progress: nodes=490,000,000 tested=0 found=0 n=264869703636220387901625 elapsed=32s
progress: nodes=500,000,000 tested=0 found=0 n=388093789145962308498375 elapsed=33s
progress: nodes=510,000,000 tested=0 found=0 n=236030707410292180975875 elapsed=34s
progress: nodes=520,000,000 tested=0 found=0 n=209932000952035147553625 elapsed=34s
progress: nodes=530,000,000 tested=0 found=0 n=209398982691510546094875 elapsed=35s
progress: nodes=540,000,000 tested=0 found=0 n=176957669751673112820375 elapsed=35s
progress: nodes=550,000,000 tested=0 found=0 n=76736149542545219029875 elapsed=36s
progress: nodes=560,000,000 tested=0 found=0 n=263018425866690016433625 elapsed=36s
progress: nodes=570,000,000 tested=0 found=0 n=142799973045502666983375 elapsed=37s
progress: nodes=580,000,000 tested=0 found=0 n=257350567883629670038875 elapsed=38s
progress: nodes=590,000,000 tested=0 found=0 n=203376517034618513425125 elapsed=38s
progress: nodes=600,000,000 tested=0 found=0 n=191313757481951845937625 elapsed=39s
progress: nodes=610,000,000 tested=0 found=0 n=186629647884801184581375 elapsed=40s
progress: nodes=620,000,000 tested=0 found=0 n=254379182124202380799125 elapsed=41s
progress: nodes=630,000,000 tested=0 found=0 n=377335333879474734996375 elapsed=42s
progress: nodes=640,000,000 tested=0 found=0 n=616790751403766251401375 elapsed=42s
progress: nodes=650,000,000 tested=0 found=0 n=589195018370048516443875 elapsed=43s
progress: nodes=660,000,000 tested=0 found=0 n=679282533281280687705375 elapsed=43s
progress: nodes=670,000,000 tested=0 found=0 n=786668133981370731250875 elapsed=44s
progress: nodes=680,000,000 tested=0 found=0 n=223941668466486339422625 elapsed=44s
progress: nodes=690,000,000 tested=0 found=0 n=453294740914081449615375 elapsed=45s
progress: nodes=700,000,000 tested=0 found=0 n=295270354603717471567875 elapsed=46s
progress: nodes=710,000,000 tested=0 found=0 n=776724030489327738835875 elapsed=46s
progress: nodes=720,000,000 tested=0 found=0 n=427582034957753693749875 elapsed=47s
progress: nodes=730,000,000 tested=0 found=0 n=4048601993813339766375 elapsed=47s
progress: nodes=740,000,000 tested=0 found=0 n=388065619285597392979125 elapsed=48s
progress: nodes=750,000,000 tested=0 found=0 n=425067821703777478994625 elapsed=48s
progress: nodes=760,000,000 tested=0 found=0 n=148782203624483597078625 elapsed=49s
progress: nodes=770,000,000 tested=0 found=0 n=151298717570012345136375 elapsed=49s
progress: nodes=780,000,000 tested=0 found=0 n=99595664190617051188875 elapsed=50s
progress: nodes=790,000,000 tested=0 found=0 n=286403762851316829307875 elapsed=50s
progress: nodes=800,000,000 tested=0 found=0 n=336384123895330296088875 elapsed=51s
progress: nodes=810,000,000 tested=0 found=0 n=113342858594822239543875 elapsed=51s
progress: nodes=820,000,000 tested=0 found=0 n=74483319958220397134625 elapsed=52s
progress: nodes=830,000,000 tested=0 found=0 n=409099510810038302665125 elapsed=52s
progress: nodes=840,000,000 tested=0 found=0 n=34934436410608353064875 elapsed=53s
progress: nodes=850,000,000 tested=0 found=0 n=27359429321853810270375 elapsed=53s
progress: nodes=860,000,000 tested=0 found=0 n=89035244628253315874625 elapsed=53s
progress: nodes=870,000,000 tested=0 found=0 n=60013020559474781959875 elapsed=54s
progress: nodes=880,000,000 tested=0 found=0 n=24776409737538212485875 elapsed=54s
progress: nodes=890,000,000 tested=0 found=0 n=16100890711736696955375 elapsed=55s
progress: nodes=900,000,000 tested=0 found=0 n=32262063736562030567625 elapsed=56s
progress: nodes=910,000,000 tested=0 found=0 n=141406247140370876395875 elapsed=56s
progress: nodes=920,000,000 tested=0 found=0 n=69138724587633342052125 elapsed=56s
progress: nodes=930,000,000 tested=0 found=0 n=39185296638716052664125 elapsed=57s
progress: nodes=940,000,000 tested=0 found=0 n=49197154337575746698625 elapsed=57s
progress: nodes=950,000,000 tested=0 found=0 n=182082138206210365319625 elapsed=58s
progress: nodes=960,000,000 tested=0 found=0 n=878489637257604100282125 elapsed=58s
progress: nodes=970,000,000 tested=0 found=0 n=107055099271519903057125 elapsed=59s
progress: nodes=980,000,000 tested=0 found=0 n=85823548522782097330875 elapsed=59s
progress: nodes=990,000,000 tested=0 found=0 n=227930510614458948742875 elapsed=60s
progress: nodes=1,000,000,000 tested=0 found=0 n=31282475430881429415375 elapsed=60s
progress: nodes=1,010,000,000 tested=0 found=0 n=220090428639863362849125 elapsed=61s
progress: nodes=1,020,000,000 tested=0 found=0 n=9455090620676059412625 elapsed=62s
progress: nodes=1,030,000,000 tested=0 found=0 n=503298771060122758738875 elapsed=62s
progress: nodes=1,040,000,000 tested=0 found=0 n=633716508419636809435125 elapsed=63s
progress: nodes=1,050,000,000 tested=0 found=0 n=3983219989293026625 elapsed=64s
progress: nodes=1,060,000,000 tested=0 found=0 n=920474530755747425118375 elapsed=64s
progress: nodes=1,070,000,000 tested=0 found=0 n=284442179925013640941125 elapsed=65s
progress: nodes=1,080,000,000 tested=0 found=0 n=111007327629389697523875 elapsed=65s
progress: nodes=1,090,000,000 tested=0 found=0 n=89111699157432614680875 elapsed=66s
progress: nodes=1,100,000,000 tested=0 found=0 n=226884455665142696260125 elapsed=66s
progress: nodes=1,110,000,000 tested=0 found=0 n=166747984063905478752375 elapsed=67s
progress: nodes=1,120,000,000 tested=0 found=0 n=230420420270009115700125 elapsed=68s
progress: nodes=1,130,000,000 tested=0 found=0 n=234740584137763243307625 elapsed=68s
progress: nodes=1,140,000,000 tested=0 found=0 n=287076272058968516928375 elapsed=69s
progress: nodes=1,150,000,000 tested=0 found=0 n=265855910906732799885375 elapsed=69s
progress: nodes=1,160,000,000 tested=0 found=0 n=13115954987111685798375 elapsed=70s
progress: nodes=1,170,000,000 tested=0 found=0 n=2038907975434716296625 elapsed=70s
progress: nodes=1,180,000,000 tested=0 found=0 n=738157420891131172342125 elapsed=71s
progress: nodes=1,190,000,000 tested=0 found=0 n=332415638102822863499625 elapsed=72s
progress: nodes=1,200,000,000 tested=0 found=0 n=203143256292727021932375 elapsed=72s
progress: nodes=1,210,000,000 tested=0 found=0 n=95241162952203213177375 elapsed=73s
progress: nodes=1,220,000,000 tested=0 found=0 n=3693820935211712608875 elapsed=73s
progress: nodes=1,230,000,000 tested=0 found=0 n=479549695512405549334875 elapsed=74s
progress: nodes=1,240,000,000 tested=0 found=0 n=890971490779241508726375 elapsed=75s
progress: nodes=1,250,000,000 tested=0 found=0 n=482609266518712189803375 elapsed=75s
progress: nodes=1,260,000,000 tested=0 found=0 n=733379866443016402198875 elapsed=76s
progress: nodes=1,270,000,000 tested=0 found=0 n=46431151864158592620375 elapsed=77s
progress: nodes=1,280,000,000 tested=0 found=0 n=474532755092716987577625 elapsed=77s
progress: nodes=1,290,000,000 tested=0 found=0 n=839174169796316800177875 elapsed=78s
progress: nodes=1,300,000,000 tested=0 found=0 n=464613484280676886637625 elapsed=79s
progress: nodes=1,310,000,000 tested=0 found=0 n=803411251012373116381125 elapsed=80s
progress: nodes=1,320,000,000 tested=0 found=0 n=464847587679801378570375 elapsed=80s
progress: nodes=1,330,000,000 tested=0 found=0 n=483994163570941907115375 elapsed=81s
progress: nodes=1,340,000,000 tested=0 found=0 n=876096111428582585809125 elapsed=82s
progress: nodes=1,350,000,000 tested=0 found=0 n=235660750231316520127875 elapsed=83s
progress: nodes=1,360,000,000 tested=0 found=0 n=42861213709611281824125 elapsed=83s
progress: nodes=1,370,000,000 tested=0 found=0 n=769021988049503185837125 elapsed=84s
progress: nodes=1,380,000,000 tested=0 found=0 n=492205612352605587096375 elapsed=85s
progress: nodes=1,390,000,000 tested=0 found=0 n=508032093133424627785875 elapsed=85s
progress: nodes=1,400,000,000 tested=0 found=0 n=865470904912671649609875 elapsed=86s
progress: nodes=1,410,000,000 tested=0 found=0 n=990518273457784572232875 elapsed=87s
progress: nodes=1,420,000,000 tested=0 found=0 n=715978619945282298408375 elapsed=88s
progress: nodes=1,430,000,000 tested=0 found=0 n=901110126811964968952625 elapsed=88s
progress: nodes=1,440,000,000 tested=0 found=0 n=793406330005292309216625 elapsed=89s
progress: nodes=1,450,000,000 tested=0 found=0 n=676219314238701045544875 elapsed=90s
progress: nodes=1,460,000,000 tested=0 found=0 n=895545148664944999810875 elapsed=90s
progress: nodes=1,470,000,000 tested=0 found=0 n=135403497642341024864625 elapsed=91s
progress: nodes=1,480,000,000 tested=0 found=0 n=871394478023768552621625 elapsed=91s
progress: nodes=1,490,000,000 tested=0 found=0 n=894910454713634674833375 elapsed=92s
progress: nodes=1,500,000,000 tested=0 found=0 n=595769933407276928317875 elapsed=93s
progress: nodes=1,510,000,000 tested=0 found=0 n=578117286517574358715875 elapsed=94s
progress: nodes=1,520,000,000 tested=0 found=0 n=616369162824301070344875 elapsed=94s
progress: nodes=1,530,000,000 tested=0 found=0 n=564109827142969645234125 elapsed=95s
progress: nodes=1,540,000,000 tested=0 found=0 n=619422357100435854912375 elapsed=96s
progress: nodes=1,550,000,000 tested=0 found=0 n=553859478460548186766125 elapsed=97s
progress: nodes=1,560,000,000 tested=0 found=0 n=250660662298750871363625 elapsed=98s
progress: nodes=1,570,000,000 tested=0 found=0 n=41353940950006701427125 elapsed=98s
progress: nodes=1,580,000,000 tested=0 found=0 n=74667671401681366276125 elapsed=99s
progress: nodes=1,590,000,000 tested=0 found=0 n=900776437478082791179125 elapsed=99s
progress: nodes=1,600,000,000 tested=0 found=0 n=911258849775668939741625 elapsed=100s
progress: nodes=1,610,000,000 tested=0 found=0 n=877231051262872569495375 elapsed=101s
progress: nodes=1,620,000,000 tested=0 found=0 n=950995045852147776319125 elapsed=102s
progress: nodes=1,630,000,000 tested=0 found=0 n=421583839248626910087375 elapsed=103s
progress: nodes=1,640,000,000 tested=0 found=0 n=919409554197565671186375 elapsed=103s
progress: nodes=1,650,000,000 tested=0 found=0 n=514509702699106697100375 elapsed=104s
progress: nodes=1,660,000,000 tested=0 found=0 n=535332924528955297226625 elapsed=105s
progress: nodes=1,670,000,000 tested=0 found=0 n=133110100611695310192375 elapsed=106s
progress: nodes=1,680,000,000 tested=0 found=0 n=1906085306011600267125 elapsed=106s
progress: nodes=1,690,000,000 tested=0 found=0 n=417607718859563637565875 elapsed=107s
progress: nodes=1,700,000,000 tested=0 found=0 n=388812281388873529097625 elapsed=108s
progress: nodes=1,710,000,000 tested=0 found=0 n=854472999018018444153375 elapsed=108s
progress: nodes=1,720,000,000 tested=0 found=0 n=462964763566005730726125 elapsed=109s
progress: nodes=1,730,000,000 tested=0 found=0 n=869046765111749753046375 elapsed=110s
progress: nodes=1,740,000,000 tested=0 found=0 n=419196911865050688637125 elapsed=111s
progress: nodes=1,750,000,000 tested=0 found=0 n=584555115597402793111125 elapsed=112s
progress: nodes=1,760,000,000 tested=0 found=0 n=210502627609099386400125 elapsed=112s
progress: nodes=1,770,000,000 tested=0 found=0 n=516459181426513403095875 elapsed=113s
progress: nodes=1,780,000,000 tested=0 found=0 n=493059959044115867171625 elapsed=114s
progress: nodes=1,790,000,000 tested=0 found=0 n=142278041742022129139625 elapsed=114s
progress: nodes=1,800,000,000 tested=0 found=0 n=604920980583276057611625 elapsed=115s
progress: nodes=1,810,000,000 tested=0 found=0 n=639158942020501812892125 elapsed=116s
progress: nodes=1,820,000,000 tested=0 found=0 n=850036436493190835084625 elapsed=116s
progress: nodes=1,830,000,000 tested=0 found=0 n=453911446196451771259875 elapsed=117s
progress: nodes=1,840,000,000 tested=0 found=0 n=718219002496777223924625 elapsed=118s
progress: nodes=1,850,000,000 tested=0 found=0 n=950600827044484152376125 elapsed=119s
progress: nodes=1,860,000,000 tested=0 found=0 n=394823067125856112833375 elapsed=120s
progress: nodes=1,870,000,000 tested=0 found=0 n=284718649156933053401625 elapsed=121s
progress: nodes=1,880,000,000 tested=0 found=0 n=252205265805563285518875 elapsed=121s
progress: nodes=1,890,000,000 tested=0 found=0 n=69081259924910725795875 elapsed=122s
progress: nodes=1,900,000,000 tested=0 found=0 n=845851318000687230750375 elapsed=123s
progress: nodes=1,910,000,000 tested=0 found=0 n=599802777766010863097625 elapsed=124s
progress: nodes=1,920,000,000 tested=0 found=0 n=295315901657480522407875 elapsed=124s
progress: nodes=1,930,000,000 tested=0 found=0 n=698192511347205840268875 elapsed=125s
progress: nodes=1,940,000,000 tested=0 found=0 n=439085831616000790060125 elapsed=126s
progress: nodes=1,950,000,000 tested=0 found=0 n=216319990457030037810375 elapsed=127s
progress: nodes=1,960,000,000 tested=0 found=0 n=672309759593343900010125 elapsed=128s
progress: nodes=1,970,000,000 tested=0 found=0 n=397287726473570730851625 elapsed=128s
progress: nodes=1,980,000,000 tested=0 found=0 n=160209265535524346051625 elapsed=129s
progress: nodes=1,990,000,000 tested=0 found=0 n=23646620276346013893375 elapsed=130s
progress: nodes=2,000,000,000 tested=0 found=0 n=154611657142746622908375 elapsed=131s
progress: nodes=2,010,000,000 tested=0 found=0 n=22363931540201865846375 elapsed=131s
progress: nodes=2,020,000,000 tested=0 found=0 n=719762383708610161759125 elapsed=132s
progress: nodes=2,030,000,000 tested=0 found=0 n=792751621631833341031125 elapsed=133s
progress: nodes=2,040,000,000 tested=0 found=0 n=477533121170076216584625 elapsed=133s
progress: nodes=2,050,000,000 tested=0 found=0 n=350297538454729473840375 elapsed=134s
progress: nodes=2,060,000,000 tested=0 found=0 n=912196572096882377716125 elapsed=135s
progress: nodes=2,070,000,000 tested=0 found=0 n=221466826694489164342125 elapsed=136s
progress: nodes=2,080,000,000 tested=0 found=0 n=703657959380631993791625 elapsed=137s
progress: nodes=2,090,000,000 tested=0 found=0 n=109348375033181160859125 elapsed=138s
progress: nodes=2,100,000,000 tested=0 found=0 n=107955798417616096930125 elapsed=138s
progress: nodes=2,110,000,000 tested=0 found=0 n=913242107386337683114875 elapsed=139s
progress: nodes=2,120,000,000 tested=0 found=0 n=759881965912995086893875 elapsed=140s
progress: nodes=2,130,000,000 tested=0 found=0 n=414976600659430807300875 elapsed=141s
progress: nodes=2,140,000,000 tested=0 found=0 n=878020897594189011502125 elapsed=141s
progress: nodes=2,150,000,000 tested=0 found=0 n=197430320513709250485375 elapsed=142s
progress: nodes=2,160,000,000 tested=0 found=0 n=695640458250760788962625 elapsed=143s
progress: nodes=2,170,000,000 tested=0 found=0 n=255092126737041559519125 elapsed=144s
progress: nodes=2,180,000,000 tested=0 found=0 n=142861904920436057552625 elapsed=145s
progress: nodes=2,190,000,000 tested=0 found=0 n=71143234962356852455875 elapsed=146s
progress: nodes=2,200,000,000 tested=0 found=0 n=558010186008309578704875 elapsed=146s
progress: nodes=2,210,000,000 tested=0 found=0 n=923532565381251381967125 elapsed=147s
progress: nodes=2,220,000,000 tested=0 found=0 n=641809416237037312246125 elapsed=148s
progress: nodes=2,230,000,000 tested=0 found=0 n=449302757639873247664125 elapsed=149s
progress: nodes=2,240,000,000 tested=0 found=0 n=804911814552538830583875 elapsed=150s
progress: nodes=2,250,000,000 tested=0 found=0 n=881084989821409267698375 elapsed=150s
progress: nodes=2,260,000,000 tested=0 found=0 n=129845007739760707840875 elapsed=151s
progress: nodes=2,270,000,000 tested=0 found=0 n=943988078967094850456625 elapsed=152s
progress: nodes=2,280,000,000 tested=0 found=0 n=545743250945181303246375 elapsed=153s
progress: nodes=2,290,000,000 tested=0 found=0 n=441914637456386322281625 elapsed=154s
progress: nodes=2,300,000,000 tested=0 found=0 n=553309084435891191139875 elapsed=155s
progress: nodes=2,310,000,000 tested=0 found=0 n=262923595319763960421125 elapsed=155s
progress: nodes=2,320,000,000 tested=0 found=0 n=600325425077909560297125 elapsed=156s
progress: nodes=2,330,000,000 tested=0 found=0 n=640740897992842601901375 elapsed=157s
progress: nodes=2,340,000,000 tested=0 found=0 n=760430373190459181764125 elapsed=158s
progress: nodes=2,350,000,000 tested=0 found=0 n=493421088669287979861375 elapsed=159s
progress: nodes=2,360,000,000 tested=0 found=0 n=665258443525760764090125 elapsed=160s
progress: nodes=2,370,000,000 tested=0 found=0 n=817754058797529253954125 elapsed=161s
progress: nodes=2,380,000,000 tested=0 found=0 n=782812039307365805755875 elapsed=161s
progress: nodes=2,390,000,000 tested=0 found=0 n=528258744042174767353875 elapsed=162s
progress: nodes=2,400,000,000 tested=0 found=0 n=972601140197916463537875 elapsed=163s
progress: nodes=2,410,000,000 tested=0 found=0 n=634829409994355948389875 elapsed=164s
progress: nodes=2,420,000,000 tested=0 found=0 n=264625576288497045818625 elapsed=165s
progress: nodes=2,430,000,000 tested=0 found=0 n=736626659431932906833625 elapsed=166s
progress: nodes=2,440,000,000 tested=0 found=0 n=789096620283448760336625 elapsed=167s
progress: nodes=2,450,000,000 tested=0 found=0 n=623753144991402938815875 elapsed=167s
progress: nodes=2,460,000,000 tested=0 found=0 n=221200023681120766585875 elapsed=168s
progress: nodes=2,470,000,000 tested=0 found=0 n=257232238055772719185875 elapsed=169s
progress: nodes=2,480,000,000 tested=0 found=0 n=152681166285588377955375 elapsed=170s
progress: nodes=2,490,000,000 tested=0 found=0 n=24741436948479789091125 elapsed=171s
progress: nodes=2,500,000,000 tested=0 found=0 n=677516376937055861151375 elapsed=172s
progress: nodes=2,510,000,000 tested=0 found=0 n=500424898913161161171375 elapsed=172s
progress: nodes=2,520,000,000 tested=0 found=0 n=226784088777076045375875 elapsed=173s
progress: nodes=2,530,000,000 tested=0 found=0 n=340136558962199909856375 elapsed=174s
progress: nodes=2,540,000,000 tested=0 found=0 n=151615720480068266404125 elapsed=175s
progress: nodes=2,550,000,000 tested=0 found=0 n=195941267647762150746375 elapsed=176s
progress: nodes=2,560,000,000 tested=0 found=0 n=937944443581587341167125 elapsed=177s
progress: nodes=2,570,000,000 tested=0 found=0 n=282922091049207182483625 elapsed=177s
progress: nodes=2,580,000,000 tested=0 found=0 n=433781959865862973418625 elapsed=178s
progress: nodes=2,590,000,000 tested=0 found=0 n=348597225363928165213875 elapsed=179s
progress: nodes=2,600,000,000 tested=0 found=0 n=513548555481446331507375 elapsed=180s
progress: nodes=2,610,000,000 tested=0 found=0 n=375328208129566653443625 elapsed=181s
progress: nodes=2,620,000,000 tested=0 found=0 n=99665423291397841073625 elapsed=182s
progress: nodes=2,630,000,000 tested=0 found=0 n=148244874581841000946125 elapsed=183s
progress: nodes=2,640,000,000 tested=0 found=0 n=567907687760002500607125 elapsed=184s
progress: nodes=2,650,000,000 tested=0 found=0 n=371831977152964276645125 elapsed=184s
progress: nodes=2,660,000,000 tested=0 found=0 n=312576399338421739252875 elapsed=185s
progress: nodes=2,670,000,000 tested=0 found=0 n=929257325830130105362125 elapsed=186s
progress: nodes=2,680,000,000 tested=0 found=0 n=339921680479137911958375 elapsed=187s
progress: nodes=2,690,000,000 tested=0 found=0 n=559652421760409653157625 elapsed=188s
progress: nodes=2,700,000,000 tested=0 found=0 n=127325555659417049917125 elapsed=189s
progress: nodes=2,710,000,000 tested=0 found=0 n=411066348108726708952125 elapsed=190s
progress: nodes=2,720,000,000 tested=0 found=0 n=528490498001070684597375 elapsed=190s
progress: nodes=2,730,000,000 tested=0 found=0 n=286041173879806664265375 elapsed=191s
progress: nodes=2,740,000,000 tested=0 found=0 n=177059644289925953073375 elapsed=192s
progress: nodes=2,750,000,000 tested=0 found=0 n=289509514845315880132875 elapsed=193s
progress: nodes=2,760,000,000 tested=0 found=0 n=123867298296348885188625 elapsed=194s
progress: nodes=2,770,000,000 tested=0 found=0 n=560040790187642181936375 elapsed=195s
progress: nodes=2,780,000,000 tested=0 found=0 n=204531438948131226520875 elapsed=196s
progress: nodes=2,790,000,000 tested=0 found=0 n=46801830576076370383875 elapsed=197s
progress: nodes=2,800,000,000 tested=0 found=0 n=317684742736998244661625 elapsed=198s
progress: nodes=2,810,000,000 tested=0 found=0 n=62284874707522993007625 elapsed=199s
progress: nodes=2,820,000,000 tested=0 found=0 n=807013098695733890692875 elapsed=199s
progress: nodes=2,830,000,000 tested=0 found=0 n=745981569589343395147125 elapsed=200s
progress: nodes=2,840,000,000 tested=0 found=0 n=326206599088130291548875 elapsed=201s
progress: nodes=2,850,000,000 tested=0 found=0 n=637455564958009490603625 elapsed=202s
progress: nodes=2,860,000,000 tested=0 found=0 n=303807070892751257992875 elapsed=203s
progress: nodes=2,870,000,000 tested=0 found=0 n=470626326199354857835875 elapsed=204s
progress: nodes=2,880,000,000 tested=0 found=0 n=543262191895520099198625 elapsed=205s
progress: nodes=2,890,000,000 tested=0 found=0 n=381935256578539203700875 elapsed=206s
progress: nodes=2,900,000,000 tested=0 found=0 n=134954792843528403334875 elapsed=206s
progress: nodes=2,910,000,000 tested=0 found=0 n=720540809627465950641375 elapsed=207s
progress: nodes=2,920,000,000 tested=0 found=0 n=225348668988780318749625 elapsed=208s
progress: nodes=2,930,000,000 tested=0 found=0 n=195006759722970576112875 elapsed=209s
progress: nodes=2,940,000,000 tested=0 found=0 n=901008351405405401569125 elapsed=210s
progress: nodes=2,950,000,000 tested=0 found=0 n=414024223824253434946125 elapsed=211s
progress: nodes=2,960,000,000 tested=0 found=0 n=73977977515249516297875 elapsed=212s
progress: nodes=2,970,000,000 tested=0 found=0 n=322421006419522601287125 elapsed=213s
progress: nodes=2,980,000,000 tested=0 found=0 n=660036416569083734197875 elapsed=214s
progress: nodes=2,990,000,000 tested=0 found=0 n=462924001987977569271375 elapsed=214s
progress: nodes=3,000,000,000 tested=0 found=0 n=99820469876202761989875 elapsed=215s
progress: nodes=3,010,000,000 tested=0 found=0 n=304794264293199638797125 elapsed=216s
progress: nodes=3,020,000,000 tested=0 found=0 n=148552497204549558709875 elapsed=217s
progress: nodes=3,030,000,000 tested=0 found=0 n=178674110996228364820875 elapsed=217s
progress: nodes=3,040,000,000 tested=0 found=0 n=525812473917339337174875 elapsed=218s
progress: nodes=3,050,000,000 tested=0 found=0 n=79842483359610870487875 elapsed=219s
progress: nodes=3,060,000,000 tested=0 found=0 n=105175865945433099262875 elapsed=220s
progress: nodes=3,070,000,000 tested=0 found=0 n=609304548962156749147875 elapsed=220s
progress: nodes=3,080,000,000 tested=0 found=0 n=539828482334040716227125 elapsed=221s
progress: nodes=3,090,000,000 tested=0 found=0 n=917124983462302234566375 elapsed=221s
progress: nodes=3,100,000,000 tested=0 found=0 n=628834931967768197260875 elapsed=222s
progress: nodes=3,110,000,000 tested=0 found=0 n=403664537098041592605375 elapsed=223s
progress: nodes=3,120,000,000 tested=0 found=0 n=631659752598407575774875 elapsed=224s
progress: nodes=3,130,000,000 tested=0 found=0 n=871501505174116300930875 elapsed=224s
progress: nodes=3,140,000,000 tested=0 found=0 n=401931777092229957304875 elapsed=225s
progress: nodes=3,150,000,000 tested=0 found=0 n=170113554983030137425375 elapsed=225s
progress: nodes=3,160,000,000 tested=0 found=0 n=75577153014514381283625 elapsed=226s
progress: nodes=3,170,000,000 tested=0 found=0 n=29181396035120832735375 elapsed=227s
progress: nodes=3,180,000,000 tested=0 found=0 n=6613957351268540183625 elapsed=227s
progress: nodes=3,190,000,000 tested=0 found=0 n=513719810548446574268625 elapsed=228s
progress: nodes=3,200,000,000 tested=0 found=0 n=626863047124213585096125 elapsed=229s
progress: nodes=3,210,000,000 tested=0 found=0 n=875923683488327705892375 elapsed=229s
progress: nodes=3,220,000,000 tested=0 found=0 n=686207206603276459690875 elapsed=230s
progress: nodes=3,230,000,000 tested=0 found=0 n=575787210824722264528875 elapsed=231s
progress: nodes=3,240,000,000 tested=0 found=0 n=199738158759057251565375 elapsed=232s
progress: nodes=3,250,000,000 tested=0 found=0 n=141520250433579420492375 elapsed=233s
progress: nodes=3,260,000,000 tested=0 found=0 n=408582713509718413722375 elapsed=233s
progress: nodes=3,270,000,000 tested=0 found=0 n=258808878295312147229625 elapsed=234s
progress: nodes=3,280,000,000 tested=0 found=0 n=129570111541926616922625 elapsed=234s
progress: nodes=3,290,000,000 tested=0 found=0 n=1909182384587635562625 elapsed=235s
progress: nodes=3,300,000,000 tested=0 found=0 n=903571030917930339042375 elapsed=236s
progress: nodes=3,310,000,000 tested=0 found=0 n=751778873169357242562375 elapsed=236s
progress: nodes=3,320,000,000 tested=0 found=0 n=985994826144321857271375 elapsed=237s
progress: nodes=3,330,000,000 tested=0 found=0 n=854348338987367345521125 elapsed=238s
progress: nodes=3,340,000,000 tested=0 found=0 n=631526628712642220872875 elapsed=239s
progress: nodes=3,350,000,000 tested=0 found=0 n=594395097555092284716375 elapsed=240s
progress: nodes=3,360,000,000 tested=0 found=0 n=664374983450830483808625 elapsed=241s
progress: nodes=3,370,000,000 tested=0 found=0 n=596740943566018504864875 elapsed=242s
progress: nodes=3,380,000,000 tested=0 found=0 n=565971566500779102332625 elapsed=242s
progress: nodes=3,390,000,000 tested=0 found=0 n=284692325280322694497125 elapsed=243s
progress: nodes=3,400,000,000 tested=0 found=0 n=440282143257858927658875 elapsed=244s
progress: nodes=3,410,000,000 tested=0 found=0 n=608740390473593493435375 elapsed=245s
progress: nodes=3,420,000,000 tested=0 found=0 n=952779076392067147653375 elapsed=246s
progress: nodes=3,430,000,000 tested=0 found=0 n=530761268604931227439125 elapsed=247s
progress: nodes=3,440,000,000 tested=0 found=0 n=446357625118169599918875 elapsed=247s
progress: nodes=3,450,000,000 tested=0 found=0 n=452478113642631404290875 elapsed=248s
progress: nodes=3,460,000,000 tested=0 found=0 n=543183864285761331876375 elapsed=249s
progress: nodes=3,470,000,000 tested=0 found=0 n=473664257584482560462625 elapsed=250s
progress: nodes=3,480,000,000 tested=0 found=0 n=329178883774342298123625 elapsed=251s
progress: nodes=3,490,000,000 tested=0 found=0 n=126120291907934436696375 elapsed=252s
progress: nodes=3,500,000,000 tested=0 found=0 n=421638983261039112182625 elapsed=252s
progress: nodes=3,510,000,000 tested=0 found=0 n=78794924058851551183875 elapsed=253s
progress: nodes=3,520,000,000 tested=0 found=0 n=1239774230296965400125 elapsed=253s
progress: nodes=3,530,000,000 tested=0 found=0 n=501881627994613888052625 elapsed=254s
progress: nodes=3,540,000,000 tested=0 found=0 n=990035427598246322539125 elapsed=255s
progress: nodes=3,550,000,000 tested=0 found=0 n=718093746862600701239625 elapsed=255s
progress: nodes=3,560,000,000 tested=0 found=0 n=733363596548100484564125 elapsed=256s
progress: nodes=3,570,000,000 tested=0 found=0 n=673369823989621674007125 elapsed=257s
progress: nodes=3,580,000,000 tested=0 found=0 n=369418055883016636167375 elapsed=258s
progress: nodes=3,590,000,000 tested=0 found=0 n=461141548044467912048625 elapsed=259s
progress: nodes=3,600,000,000 tested=0 found=0 n=547044894276528334570125 elapsed=260s
progress: nodes=3,610,000,000 tested=0 found=0 n=113834113101318370542375 elapsed=261s
progress: nodes=3,620,000,000 tested=0 found=0 n=963600998373831256465125 elapsed=261s
progress: nodes=3,630,000,000 tested=0 found=0 n=244187223510677212957125 elapsed=262s
progress: nodes=3,640,000,000 tested=0 found=0 n=282496072032272972977125 elapsed=263s
progress: nodes=3,650,000,000 tested=0 found=0 n=660208680405767008646625 elapsed=264s
progress: nodes=3,660,000,000 tested=0 found=0 n=410485334314533406578375 elapsed=265s
progress: nodes=3,670,000,000 tested=0 found=0 n=307396129684716618797625 elapsed=266s
progress: nodes=3,680,000,000 tested=0 found=0 n=79645103259988492169625 elapsed=267s
progress: nodes=3,690,000,000 tested=0 found=0 n=126442463691481064667375 elapsed=268s
progress: nodes=3,700,000,000 tested=0 found=0 n=38954424699553894546125 elapsed=268s
progress: nodes=3,710,000,000 tested=0 found=0 n=10055610855488684974125 elapsed=269s
progress: nodes=3,720,000,000 tested=0 found=0 n=41589939949732532131125 elapsed=270s
progress: nodes=3,730,000,000 tested=0 found=0 n=418969154925390956580375 elapsed=271s
progress: nodes=3,740,000,000 tested=0 found=0 n=240803433748643776836375 elapsed=272s
progress: nodes=3,750,000,000 tested=0 found=0 n=472128196941328244010375 elapsed=272s
progress: nodes=3,760,000,000 tested=0 found=0 n=223896071993654462246625 elapsed=273s
progress: nodes=3,770,000,000 tested=0 found=0 n=295740129825321127728375 elapsed=274s
progress: nodes=3,780,000,000 tested=0 found=0 n=821823905729152622434875 elapsed=275s
progress: nodes=3,790,000,000 tested=0 found=0 n=262178455502238325012875 elapsed=276s
progress: nodes=3,800,000,000 tested=0 found=0 n=131563460792327876016375 elapsed=277s
progress: nodes=3,810,000,000 tested=0 found=0 n=770155469699341813935375 elapsed=278s
progress: nodes=3,820,000,000 tested=0 found=0 n=125202052636073166769125 elapsed=278s
progress: nodes=3,830,000,000 tested=0 found=0 n=523192818948512217586125 elapsed=279s
progress: nodes=3,840,000,000 tested=0 found=0 n=91147606560985802920125 elapsed=280s
progress: nodes=3,850,000,000 tested=0 found=0 n=287964502519502776229625 elapsed=281s
progress: nodes=3,860,000,000 tested=0 found=0 n=13581954583433503067625 elapsed=282s
progress: nodes=3,870,000,000 tested=0 found=0 n=16514219016623642337375 elapsed=283s
progress: nodes=3,880,000,000 tested=0 found=0 n=24136825378377719819625 elapsed=284s
progress: nodes=3,890,000,000 tested=0 found=0 n=866617011267337338677625 elapsed=284s
progress: nodes=3,900,000,000 tested=0 found=0 n=640698776017972593664875 elapsed=285s
progress: nodes=3,910,000,000 tested=0 found=0 n=677428262557769980871625 elapsed=286s
progress: nodes=3,920,000,000 tested=0 found=0 n=489039837222384776464125 elapsed=287s
progress: nodes=3,930,000,000 tested=0 found=0 n=153977748120195909182625 elapsed=288s
progress: nodes=3,940,000,000 tested=0 found=0 n=681559670012144487625875 elapsed=289s
progress: nodes=3,950,000,000 tested=0 found=0 n=224657061353230069125375 elapsed=289s
progress: nodes=3,960,000,000 tested=0 found=0 n=335643693833821199338875 elapsed=290s
progress: nodes=3,970,000,000 tested=0 found=0 n=786276793671239039742375 elapsed=291s
progress: nodes=3,980,000,000 tested=0 found=0 n=261011045792261161489125 elapsed=292s
progress: nodes=3,990,000,000 tested=0 found=0 n=336210821152189562869125 elapsed=293s
progress: nodes=4,000,000,000 tested=0 found=0 n=13834827216528181433625 elapsed=294s
progress: nodes=4,010,000,000 tested=0 found=0 n=10010566624149998284125 elapsed=294s
progress: nodes=4,020,000,000 tested=0 found=0 n=964414312673065168022625 elapsed=295s
progress: nodes=4,030,000,000 tested=0 found=0 n=303496263406744268136375 elapsed=296s
progress: nodes=4,040,000,000 tested=0 found=0 n=665100806482545105424125 elapsed=297s
progress: nodes=4,050,000,000 tested=0 found=0 n=292128464717320437727125 elapsed=298s
progress: nodes=4,060,000,000 tested=0 found=0 n=230880417651588832804875 elapsed=299s
progress: nodes=4,070,000,000 tested=0 found=0 n=643404661594691760171375 elapsed=299s
progress: nodes=4,080,000,000 tested=0 found=0 n=157418954881308314745375 elapsed=300s
progress: nodes=4,090,000,000 tested=0 found=0 n=373958140780700654800875 elapsed=301s
progress: nodes=4,100,000,000 tested=0 found=0 n=144923863576311206932875 elapsed=302s
progress: nodes=4,110,000,000 tested=0 found=0 n=389801833182351900094125 elapsed=302s
progress: nodes=4,120,000,000 tested=0 found=0 n=624602955842202194248875 elapsed=303s
progress: nodes=4,130,000,000 tested=0 found=0 n=259089478742549648576625 elapsed=304s
progress: nodes=4,140,000,000 tested=0 found=0 n=483257967311690555584875 elapsed=305s
progress: nodes=4,150,000,000 tested=0 found=0 n=130192730970059493008625 elapsed=306s
progress: nodes=4,160,000,000 tested=0 found=0 n=590128837409632916047125 elapsed=307s
progress: nodes=4,170,000,000 tested=0 found=0 n=19467189514517489856375 elapsed=307s
progress: nodes=4,180,000,000 tested=0 found=0 n=5220413378262897948375 elapsed=308s
progress: nodes=4,190,000,000 tested=0 found=0 n=15114837974142646125375 elapsed=309s
progress: nodes=4,200,000,000 tested=0 found=0 n=654952474617710800711125 elapsed=309s
progress: nodes=4,210,000,000 tested=0 found=0 n=482821279576405303252125 elapsed=310s
progress: nodes=4,220,000,000 tested=0 found=0 n=607329259696332685285125 elapsed=311s
progress: nodes=4,230,000,000 tested=0 found=0 n=182724264327153573638625 elapsed=312s
progress: nodes=4,240,000,000 tested=0 found=0 n=50567930467516828620375 elapsed=313s
progress: nodes=4,250,000,000 tested=0 found=0 n=32663825918443741671375 elapsed=314s
progress: nodes=4,260,000,000 tested=0 found=0 n=175691145546850421395875 elapsed=314s
progress: nodes=4,270,000,000 tested=0 found=0 n=51477186399957504049875 elapsed=315s
progress: nodes=4,280,000,000 tested=0 found=0 n=396111958097392099897125 elapsed=316s
progress: nodes=4,290,000,000 tested=0 found=0 n=714807539598425053279125 elapsed=316s
progress: nodes=4,300,000,000 tested=0 found=0 n=702850263489803494077375 elapsed=317s
progress: nodes=4,310,000,000 tested=0 found=0 n=56497712262988076631375 elapsed=318s
progress: nodes=4,320,000,000 tested=0 found=0 n=590089066470677221102875 elapsed=319s
progress: nodes=4,330,000,000 tested=0 found=0 n=308933950931212537437375 elapsed=320s
progress: nodes=4,340,000,000 tested=0 found=0 n=103451130211315142491125 elapsed=320s
progress: nodes=4,350,000,000 tested=0 found=0 n=439006458138980812364625 elapsed=321s
progress: nodes=4,360,000,000 tested=0 found=0 n=655587388214007632307375 elapsed=322s
progress: nodes=4,370,000,000 tested=0 found=0 n=457857119307144521650125 elapsed=323s
progress: nodes=4,380,000,000 tested=0 found=0 n=571966270232703657700125 elapsed=323s
progress: nodes=4,390,000,000 tested=0 found=0 n=13198076120335825549875 elapsed=324s
progress: nodes=4,400,000,000 tested=0 found=0 n=47656954989229540461375 elapsed=325s
progress: nodes=4,410,000,000 tested=0 found=0 n=6799906036272469696125 elapsed=325s
progress: nodes=4,420,000,000 tested=0 found=0 n=279508543345932510130125 elapsed=326s
progress: nodes=4,430,000,000 tested=0 found=0 n=202933874088761039016375 elapsed=327s
progress: nodes=4,440,000,000 tested=0 found=0 n=604839804852437372860125 elapsed=327s
progress: nodes=4,450,000,000 tested=0 found=0 n=404454093805533893743875 elapsed=328s
progress: nodes=4,460,000,000 tested=0 found=0 n=779682139028999217589875 elapsed=329s
progress: nodes=4,470,000,000 tested=0 found=0 n=653264554957321474996125 elapsed=329s
progress: nodes=4,480,000,000 tested=0 found=0 n=649279962354977166827625 elapsed=330s
progress: nodes=4,490,000,000 tested=0 found=0 n=816216867516989807603625 elapsed=331s
progress: nodes=4,500,000,000 tested=0 found=0 n=223704295019108557660875 elapsed=332s
progress: nodes=4,510,000,000 tested=0 found=0 n=393431952690759545239875 elapsed=332s
progress: nodes=4,520,000,000 tested=0 found=0 n=76430968864279283582625 elapsed=333s
progress: nodes=4,530,000,000 tested=0 found=0 n=131326311776506194517125 elapsed=334s
progress: nodes=4,540,000,000 tested=0 found=0 n=773677807728516744491625 elapsed=334s
progress: nodes=4,550,000,000 tested=0 found=0 n=40189593354940381221375 elapsed=335s
progress: nodes=4,560,000,000 tested=0 found=0 n=346309823470364206641375 elapsed=336s
progress: nodes=4,570,000,000 tested=0 found=0 n=4612358012860902599625 elapsed=336s
progress: nodes=4,580,000,000 tested=0 found=0 n=21767113409083029846375 elapsed=337s
progress: nodes=4,590,000,000 tested=0 found=0 n=551873633382589570762875 elapsed=338s
progress: nodes=4,600,000,000 tested=0 found=0 n=766150562273123961206625 elapsed=338s
progress: nodes=4,610,000,000 tested=0 found=0 n=451889381485549164023625 elapsed=339s
progress: nodes=4,620,000,000 tested=0 found=0 n=498056899135154752523625 elapsed=340s
progress: nodes=4,630,000,000 tested=0 found=0 n=655587068482997233287375 elapsed=341s
progress: nodes=4,640,000,000 tested=0 found=0 n=302372050161309633627375 elapsed=341s
progress: nodes=4,650,000,000 tested=0 found=0 n=568574732191752215007375 elapsed=342s
progress: nodes=4,660,000,000 tested=0 found=0 n=717566997789466052155125 elapsed=343s
progress: nodes=4,670,000,000 tested=0 found=0 n=273220830971727977815125 elapsed=344s
progress: nodes=4,680,000,000 tested=0 found=0 n=564729063082617378977625 elapsed=345s
progress: nodes=4,690,000,000 tested=0 found=0 n=66786295870043156042625 elapsed=345s
progress: nodes=4,700,000,000 tested=0 found=0 n=47690367865507906658625 elapsed=346s
progress: nodes=4,710,000,000 tested=0 found=0 n=928934847517398447507375 elapsed=347s
progress: nodes=4,720,000,000 tested=0 found=0 n=144030834599638227198375 elapsed=348s
progress: nodes=4,730,000,000 tested=0 found=0 n=2739352625639078942625 elapsed=348s
progress: nodes=4,740,000,000 tested=0 found=0 n=165568758820283803796625 elapsed=349s
progress: nodes=4,750,000,000 tested=0 found=0 n=915790613614058328922875 elapsed=349s
progress: nodes=4,760,000,000 tested=0 found=0 n=902748319473367245239625 elapsed=350s
progress: nodes=4,770,000,000 tested=0 found=0 n=551251344473010017813625 elapsed=351s
progress: nodes=4,780,000,000 tested=0 found=0 n=453849508378016703508875 elapsed=351s
progress: nodes=4,790,000,000 tested=0 found=0 n=999962746618891145380125 elapsed=352s
progress: nodes=4,800,000,000 tested=0 found=0 n=338113262878829961604125 elapsed=353s
progress: nodes=4,810,000,000 tested=0 found=0 n=674301054838559942594625 elapsed=354s
progress: nodes=4,820,000,000 tested=0 found=0 n=165810039891532788712125 elapsed=355s
progress: nodes=4,830,000,000 tested=0 found=0 n=57378370684051278703875 elapsed=355s
progress: nodes=4,840,000,000 tested=0 found=0 n=784078968598377735743625 elapsed=356s
progress: nodes=4,850,000,000 tested=0 found=0 n=184635813946833886902375 elapsed=356s
progress: nodes=4,860,000,000 tested=0 found=0 n=154072843836108574975125 elapsed=357s
progress: nodes=4,870,000,000 tested=0 found=0 n=626889967904141459302125 elapsed=357s
progress: nodes=4,880,000,000 tested=0 found=0 n=517858620774476278452375 elapsed=358s
progress: nodes=4,890,000,000 tested=0 found=0 n=250168518812147718960375 elapsed=359s
progress: nodes=4,900,000,000 tested=0 found=0 n=814390916817948126331125 elapsed=360s
progress: nodes=4,910,000,000 tested=0 found=0 n=776269875782325899572125 elapsed=361s
progress: nodes=4,920,000,000 tested=0 found=0 n=430644752685651322091625 elapsed=361s
progress: nodes=4,930,000,000 tested=0 found=0 n=470215665671680150641375 elapsed=362s
progress: nodes=4,940,000,000 tested=0 found=0 n=366447092176015182259125 elapsed=363s
progress: nodes=4,950,000,000 tested=0 found=0 n=240065313929406410440875 elapsed=364s
progress: nodes=4,960,000,000 tested=0 found=0 n=332898859680333561973875 elapsed=365s
progress: nodes=4,970,000,000 tested=0 found=0 n=602568030141633935416125 elapsed=366s
progress: nodes=4,980,000,000 tested=0 found=0 n=602504200299857509363875 elapsed=366s
progress: nodes=4,990,000,000 tested=0 found=0 n=999759360621132466917375 elapsed=367s
progress: nodes=5,000,000,000 tested=0 found=0 n=241487532724253617514625 elapsed=368s
progress: nodes=5,010,000,000 tested=0 found=0 n=461910487582503173317125 elapsed=369s
progress: nodes=5,020,000,000 tested=0 found=0 n=762953154383761733943375 elapsed=370s
progress: nodes=5,030,000,000 tested=0 found=0 n=435214270552604474501625 elapsed=371s
progress: nodes=5,040,000,000 tested=0 found=0 n=780534234643046754712875 elapsed=372s
progress: nodes=5,050,000,000 tested=0 found=0 n=182063998716575698746375 elapsed=372s
progress: nodes=5,060,000,000 tested=0 found=0 n=202373414361088832940375 elapsed=373s
progress: nodes=5,070,000,000 tested=0 found=0 n=626822970128768738312625 elapsed=374s
progress: nodes=5,080,000,000 tested=0 found=0 n=209599867257372510604125 elapsed=375s
progress: nodes=5,090,000,000 tested=0 found=0 n=414581609300398055550375 elapsed=376s
progress: nodes=5,100,000,000 tested=0 found=0 n=21017260166932103905875 elapsed=376s
progress: nodes=5,110,000,000 tested=0 found=0 n=105125290468004885384625 elapsed=377s
progress: nodes=5,120,000,000 tested=0 found=0 n=537459982755009886270875 elapsed=378s
progress: nodes=5,130,000,000 tested=0 found=0 n=721362760909829066279625 elapsed=379s
progress: nodes=5,140,000,000 tested=0 found=0 n=764199629216352262588875 elapsed=380s
progress: nodes=5,150,000,000 tested=0 found=0 n=942914056514419326838875 elapsed=380s
progress: nodes=5,160,000,000 tested=0 found=0 n=700453903849907228302875 elapsed=381s
progress: nodes=5,170,000,000 tested=0 found=0 n=295025442406125672685125 elapsed=382s
progress: nodes=5,180,000,000 tested=0 found=0 n=103841607726462743944125 elapsed=383s
progress: nodes=5,190,000,000 tested=0 found=0 n=488852697828028803064125 elapsed=384s
progress: nodes=5,200,000,000 tested=0 found=0 n=726373659319302160555125 elapsed=385s
progress: nodes=5,210,000,000 tested=0 found=0 n=790171973567696839362375 elapsed=386s
progress: nodes=5,220,000,000 tested=0 found=0 n=988919256543288611404875 elapsed=387s
progress: nodes=5,230,000,000 tested=0 found=0 n=34311440837756570701125 elapsed=387s
progress: nodes=5,240,000,000 tested=0 found=0 n=165238673298029483125875 elapsed=388s
progress: nodes=5,250,000,000 tested=0 found=0 n=732776099600814263704875 elapsed=389s
progress: nodes=5,260,000,000 tested=0 found=0 n=745836467550091207211625 elapsed=390s
progress: nodes=5,270,000,000 tested=0 found=0 n=229234606696100609434875 elapsed=391s
progress: nodes=5,280,000,000 tested=0 found=0 n=371648947898190885858375 elapsed=391s
progress: nodes=5,290,000,000 tested=0 found=0 n=153168656244193789621125 elapsed=392s
progress: nodes=5,300,000,000 tested=0 found=0 n=78755783696905349112375 elapsed=393s
progress: nodes=5,310,000,000 tested=0 found=0 n=685380282150045235837875 elapsed=394s
progress: nodes=5,320,000,000 tested=0 found=0 n=614395380259330168954125 elapsed=395s
progress: nodes=5,330,000,000 tested=0 found=0 n=13042242511288779446625 elapsed=396s
progress: nodes=5,340,000,000 tested=0 found=0 n=116873223157109723860875 elapsed=396s
progress: nodes=5,350,000,000 tested=0 found=0 n=733439153881770326005125 elapsed=397s
progress: nodes=5,360,000,000 tested=0 found=0 n=608543879677908594127125 elapsed=398s
progress: nodes=5,370,000,000 tested=0 found=0 n=776577265149140801704875 elapsed=398s
progress: nodes=5,380,000,000 tested=0 found=0 n=987211976047183260994125 elapsed=399s
progress: nodes=5,390,000,000 tested=0 found=0 n=234490319250071633887875 elapsed=400s
progress: nodes=5,400,000,000 tested=0 found=0 n=49122874178575745752875 elapsed=401s
progress: nodes=5,410,000,000 tested=0 found=0 n=297235608199131636593625 elapsed=402s
progress: nodes=5,420,000,000 tested=0 found=0 n=899800285887666108738375 elapsed=403s
progress: nodes=5,430,000,000 tested=0 found=0 n=599298398345524826177625 elapsed=404s
progress: nodes=5,440,000,000 tested=0 found=0 n=22888819538942167053375 elapsed=405s
progress: nodes=5,450,000,000 tested=0 found=0 n=742435374707322812286375 elapsed=405s
progress: nodes=5,460,000,000 tested=0 found=0 n=621092565171314222138625 elapsed=406s
progress: nodes=5,470,000,000 tested=0 found=0 n=658819799420575966168875 elapsed=407s
progress: nodes=5,480,000,000 tested=0 found=0 n=537170144270887752887625 elapsed=408s
progress: nodes=5,490,000,000 tested=0 found=0 n=100840792632830122376625 elapsed=409s
progress: nodes=5,500,000,000 tested=0 found=0 n=159321762989161802093625 elapsed=410s
progress: nodes=5,510,000,000 tested=0 found=0 n=47138920446883817899875 elapsed=411s
progress: nodes=5,520,000,000 tested=0 found=0 n=28587015704709850331625 elapsed=412s
progress: nodes=5,530,000,000 tested=0 found=0 n=465972289217392789462125 elapsed=413s
progress: nodes=5,540,000,000 tested=0 found=0 n=414472092349843562343375 elapsed=413s
progress: nodes=5,550,000,000 tested=0 found=0 n=451374623122247837392875 elapsed=414s
progress: nodes=5,560,000,000 tested=0 found=0 n=643034477891575316031375 elapsed=415s
progress: nodes=5,570,000,000 tested=0 found=0 n=721844651052407192404875 elapsed=416s
progress: nodes=5,580,000,000 tested=0 found=0 n=127467893009583682879125 elapsed=416s
progress: nodes=5,590,000,000 tested=0 found=0 n=166376890607638962516375 elapsed=417s
progress: nodes=5,600,000,000 tested=0 found=0 n=1631818805904587969625 elapsed=418s
progress: nodes=5,610,000,000 tested=0 found=0 n=265733642453427658376625 elapsed=419s
progress: nodes=5,620,000,000 tested=0 found=0 n=878559712898498147438625 elapsed=419s
progress: nodes=5,630,000,000 tested=0 found=0 n=1391156588229082912875 elapsed=420s
progress: nodes=5,640,000,000 tested=0 found=0 n=18909798543324143610375 elapsed=421s
progress: nodes=5,650,000,000 tested=0 found=0 n=832424522483668506030375 elapsed=422s
progress: nodes=5,660,000,000 tested=0 found=0 n=722201839118543021464875 elapsed=422s
progress: nodes=5,670,000,000 tested=0 found=0 n=999111562361788296543375 elapsed=423s
progress: nodes=5,680,000,000 tested=0 found=0 n=439309484949175933327125 elapsed=424s
progress: nodes=5,690,000,000 tested=0 found=0 n=723080230262366550003375 elapsed=424s
progress: nodes=5,700,000,000 tested=0 found=0 n=1239063459203937637875 elapsed=425s
progress: nodes=5,710,000,000 tested=0 found=0 n=26412173325641001991125 elapsed=426s
progress: nodes=5,720,000,000 tested=0 found=0 n=705231236785362878674875 elapsed=426s
progress: nodes=5,730,000,000 tested=0 found=0 n=458196225285534460316625 elapsed=427s
progress: nodes=5,740,000,000 tested=0 found=0 n=791702599759229611930125 elapsed=428s
progress: nodes=5,750,000,000 tested=0 found=0 n=182369587794946981906125 elapsed=428s
progress: nodes=5,760,000,000 tested=0 found=0 n=848607905257658527579125 elapsed=429s
progress: nodes=5,770,000,000 tested=0 found=0 n=835833239128451707930875 elapsed=430s
progress: nodes=5,780,000,000 tested=0 found=0 n=635697288014919409574625 elapsed=431s
progress: nodes=5,790,000,000 tested=0 found=0 n=817948825254978893763375 elapsed=431s
progress: nodes=5,800,000,000 tested=0 found=0 n=967125220642523942377125 elapsed=432s
progress: nodes=5,810,000,000 tested=0 found=0 n=718382516103820965799875 elapsed=433s
progress: nodes=5,820,000,000 tested=0 found=0 n=769665785125041516273375 elapsed=434s
progress: nodes=5,830,000,000 tested=0 found=0 n=906260863204344076039875 elapsed=434s
progress: nodes=5,840,000,000 tested=0 found=0 n=385468414130459707562625 elapsed=435s
progress: nodes=5,850,000,000 tested=0 found=0 n=516625361187283866453375 elapsed=436s
progress: nodes=5,860,000,000 tested=0 found=0 n=288789067999043004042375 elapsed=437s
progress: nodes=5,870,000,000 tested=0 found=0 n=612417565938691148076375 elapsed=438s
progress: nodes=5,880,000,000 tested=0 found=0 n=475711167450180737959125 elapsed=439s
progress: nodes=5,890,000,000 tested=0 found=0 n=163489525963152236714625 elapsed=440s
progress: nodes=5,900,000,000 tested=0 found=0 n=107252184597074089868625 elapsed=440s
progress: nodes=5,910,000,000 tested=0 found=0 n=999263760059744542633875 elapsed=441s
progress: nodes=5,920,000,000 tested=0 found=0 n=759258396619902195880875 elapsed=441s
progress: nodes=5,930,000,000 tested=0 found=0 n=122029176028594818130125 elapsed=442s
progress: nodes=5,940,000,000 tested=0 found=0 n=248618485723321290427125 elapsed=443s
progress: nodes=5,950,000,000 tested=0 found=0 n=325816037453770584983625 elapsed=444s
progress: nodes=5,960,000,000 tested=0 found=0 n=631639879642997250122625 elapsed=444s
progress: nodes=5,970,000,000 tested=0 found=0 n=317607562056156882472875 elapsed=445s
progress: nodes=5,980,000,000 tested=0 found=0 n=629156979692438017000125 elapsed=446s
progress: nodes=5,990,000,000 tested=0 found=0 n=756838634091306550397625 elapsed=447s
progress: nodes=6,000,000,000 tested=0 found=0 n=548984615160122882140125 elapsed=448s
progress: nodes=6,010,000,000 tested=0 found=0 n=493331731687007691715875 elapsed=448s
progress: nodes=6,020,000,000 tested=0 found=0 n=108229425027498301877625 elapsed=449s
progress: nodes=6,030,000,000 tested=0 found=0 n=220866564655089542380125 elapsed=450s
progress: nodes=6,040,000,000 tested=0 found=0 n=625726104825200133467625 elapsed=451s
progress: nodes=6,050,000,000 tested=0 found=0 n=771273495305162308523625 elapsed=451s
progress: nodes=6,060,000,000 tested=0 found=0 n=350665414901788271665875 elapsed=452s
progress: nodes=6,070,000,000 tested=0 found=0 n=488918585390072114322375 elapsed=453s
progress: nodes=6,080,000,000 tested=0 found=0 n=336229269314955038867625 elapsed=454s
progress: nodes=6,090,000,000 tested=0 found=0 n=495771771717053066734125 elapsed=455s
progress: nodes=6,100,000,000 tested=0 found=0 n=202020472539544001462625 elapsed=456s
progress: nodes=6,110,000,000 tested=0 found=0 n=111415948989999788751375 elapsed=457s
progress: nodes=6,120,000,000 tested=0 found=0 n=87118225897328651812875 elapsed=458s
progress: nodes=6,130,000,000 tested=0 found=0 n=212202541233944882828625 elapsed=458s
progress: nodes=6,140,000,000 tested=0 found=0 n=95490112344829923397875 elapsed=459s
progress: nodes=6,150,000,000 tested=0 found=0 n=18565725466015689996375 elapsed=460s
progress: nodes=6,160,000,000 tested=0 found=0 n=8128229120449831432875 elapsed=461s
progress: nodes=6,170,000,000 tested=0 found=0 n=5642130207575229790125 elapsed=461s
progress: nodes=6,180,000,000 tested=0 found=0 n=271329130358623455520875 elapsed=462s
progress: nodes=6,190,000,000 tested=0 found=0 n=854532014706049114210875 elapsed=463s
progress: nodes=6,200,000,000 tested=0 found=0 n=475833239262520123219125 elapsed=464s
progress: nodes=6,210,000,000 tested=0 found=0 n=351386828345904644299875 elapsed=464s
progress: nodes=6,220,000,000 tested=0 found=0 n=300152069729890302791625 elapsed=465s
progress: nodes=6,230,000,000 tested=0 found=0 n=925938606812608733177625 elapsed=466s
progress: nodes=6,240,000,000 tested=0 found=0 n=346276428240718784238375 elapsed=467s
progress: nodes=6,250,000,000 tested=0 found=0 n=128316407744552256285375 elapsed=468s
progress: nodes=6,260,000,000 tested=0 found=0 n=168819635907706470385875 elapsed=469s
progress: nodes=6,270,000,000 tested=0 found=0 n=141342409913111652931125 elapsed=469s
progress: nodes=6,280,000,000 tested=0 found=0 n=85777645454809974241125 elapsed=470s
progress: nodes=6,290,000,000 tested=0 found=0 n=252005395234712916088875 elapsed=470s
progress: nodes=6,300,000,000 tested=0 found=0 n=986842020499675770717375 elapsed=471s
progress: nodes=6,310,000,000 tested=0 found=0 n=924944672343194798051625 elapsed=472s
progress: nodes=6,320,000,000 tested=0 found=0 n=24394886236179641956125 elapsed=473s
progress: nodes=6,330,000,000 tested=0 found=0 n=607374146630562466447875 elapsed=474s
progress: nodes=6,340,000,000 tested=0 found=0 n=152065497041737043865375 elapsed=474s
progress: nodes=6,350,000,000 tested=0 found=0 n=251408037085370880730125 elapsed=475s
progress: nodes=6,360,000,000 tested=0 found=0 n=379169191320721631655375 elapsed=476s
progress: nodes=6,370,000,000 tested=0 found=0 n=829383774702131055053625 elapsed=476s
progress: nodes=6,380,000,000 tested=0 found=0 n=909959190086989238200125 elapsed=477s
progress: nodes=6,390,000,000 tested=0 found=0 n=94528865502220989068625 elapsed=478s
progress: nodes=6,400,000,000 tested=0 found=0 n=109555954910817559208625 elapsed=479s
progress: nodes=6,410,000,000 tested=0 found=0 n=15452557807882511303625 elapsed=479s
progress: nodes=6,420,000,000 tested=0 found=0 n=246176893764725527720875 elapsed=480s
progress: nodes=6,430,000,000 tested=0 found=0 n=153731838418013515023375 elapsed=481s
progress: nodes=6,440,000,000 tested=0 found=0 n=766420886093305457771625 elapsed=481s
progress: nodes=6,450,000,000 tested=0 found=0 n=687664438878936885304125 elapsed=482s
progress: nodes=6,460,000,000 tested=0 found=0 n=139309952197188971356125 elapsed=483s
progress: nodes=6,470,000,000 tested=0 found=0 n=548321417237192526580125 elapsed=484s
progress: nodes=6,480,000,000 tested=0 found=0 n=47846703803913587599125 elapsed=485s
progress: nodes=6,490,000,000 tested=0 found=0 n=17430568826374326591375 elapsed=485s
progress: nodes=6,500,000,000 tested=0 found=0 n=107823318622104769105125 elapsed=486s
progress: nodes=6,510,000,000 tested=0 found=0 n=19193223448500469710375 elapsed=487s
progress: nodes=6,520,000,000 tested=0 found=0 n=12036424369038330991125 elapsed=488s
progress: nodes=6,530,000,000 tested=0 found=0 n=129914135557322242495875 elapsed=488s
progress: nodes=6,540,000,000 tested=0 found=0 n=324959860315050100597875 elapsed=489s
progress: nodes=6,550,000,000 tested=0 found=0 n=754116331655592466015125 elapsed=490s
progress: nodes=6,560,000,000 tested=0 found=0 n=421734511257276445498875 elapsed=490s
progress: nodes=6,570,000,000 tested=0 found=0 n=771665367801240960205125 elapsed=491s
progress: nodes=6,580,000,000 tested=0 found=0 n=515080062001643180125875 elapsed=492s
progress: nodes=6,590,000,000 tested=0 found=0 n=614494392542912380401375 elapsed=493s
progress: nodes=6,600,000,000 tested=0 found=0 n=531109597941269254144875 elapsed=493s
progress: nodes=6,610,000,000 tested=0 found=0 n=611967627835469439529875 elapsed=494s
progress: nodes=6,620,000,000 tested=0 found=0 n=833634383366323771951125 elapsed=495s
progress: nodes=6,630,000,000 tested=0 found=0 n=486832093615500180004875 elapsed=496s
progress: nodes=6,640,000,000 tested=0 found=0 n=262508541071988638983875 elapsed=496s
progress: nodes=6,650,000,000 tested=0 found=0 n=879442611559165735714875 elapsed=497s
progress: nodes=6,660,000,000 tested=0 found=0 n=151689465080758300405875 elapsed=498s
progress: nodes=6,670,000,000 tested=0 found=0 n=861026917451874720034125 elapsed=499s
progress: nodes=6,680,000,000 tested=0 found=0 n=765187271538286664648625 elapsed=499s
progress: nodes=6,690,000,000 tested=0 found=0 n=365609643832002706467375 elapsed=500s
progress: nodes=6,700,000,000 tested=0 found=0 n=218034202560261384697125 elapsed=501s
progress: nodes=6,710,000,000 tested=0 found=0 n=326701104983253573403875 elapsed=502s
progress: nodes=6,720,000,000 tested=0 found=0 n=402482413995585508484625 elapsed=502s
progress: nodes=6,730,000,000 tested=0 found=0 n=929064903815322615424875 elapsed=503s
progress: nodes=6,740,000,000 tested=0 found=0 n=226490459614957859726625 elapsed=504s
progress: nodes=6,750,000,000 tested=0 found=0 n=947893678826835878482125 elapsed=505s
progress: nodes=6,760,000,000 tested=0 found=0 n=495128492014783812120375 elapsed=505s
progress: nodes=6,770,000,000 tested=0 found=0 n=521727625989938460802875 elapsed=506s
progress: nodes=6,780,000,000 tested=0 found=0 n=270431322850563750764625 elapsed=507s
progress: nodes=6,790,000,000 tested=0 found=0 n=98671169411956444054125 elapsed=508s
progress: nodes=6,800,000,000 tested=0 found=0 n=9322273918189715253375 elapsed=509s
progress: nodes=6,810,000,000 tested=0 found=0 n=33791723223561702708375 elapsed=509s
progress: nodes=6,820,000,000 tested=0 found=0 n=674608747536667281364125 elapsed=510s
progress: nodes=6,830,000,000 tested=0 found=0 n=775693352923677235174875 elapsed=511s
progress: nodes=6,840,000,000 tested=0 found=0 n=33401127628863919637625 elapsed=511s
progress: nodes=6,850,000,000 tested=0 found=0 n=301810363933981041220125 elapsed=512s
progress: nodes=6,860,000,000 tested=0 found=0 n=311719194863897288238375 elapsed=513s
progress: nodes=6,870,000,000 tested=0 found=0 n=81279445191769751383875 elapsed=513s
progress: nodes=6,880,000,000 tested=0 found=0 n=656387058092631603139875 elapsed=514s
progress: nodes=6,890,000,000 tested=0 found=0 n=791893655599378820428875 elapsed=515s
progress: nodes=6,900,000,000 tested=0 found=0 n=344277444903239850869625 elapsed=516s
progress: nodes=6,910,000,000 tested=0 found=0 n=249092163112981742676375 elapsed=516s
progress: nodes=6,920,000,000 tested=0 found=0 n=311810939585937092989875 elapsed=517s
progress: nodes=6,930,000,000 tested=0 found=0 n=429030046835232924085125 elapsed=518s
progress: nodes=6,940,000,000 tested=0 found=0 n=572904614840775793533375 elapsed=519s
progress: nodes=6,950,000,000 tested=0 found=0 n=780101350459081038881625 elapsed=519s
progress: nodes=6,960,000,000 tested=0 found=0 n=19882618621549340361375 elapsed=520s
progress: nodes=6,970,000,000 tested=0 found=0 n=687804038933855263319625 elapsed=521s
progress: nodes=6,980,000,000 tested=0 found=0 n=336901450318421136641625 elapsed=522s
progress: nodes=6,990,000,000 tested=0 found=0 n=862529604856319490993375 elapsed=522s
progress: nodes=7,000,000,000 tested=0 found=0 n=657248820435407834869125 elapsed=523s
progress: nodes=7,010,000,000 tested=0 found=0 n=197632247672682103095375 elapsed=524s
progress: nodes=7,020,000,000 tested=0 found=0 n=701871108033122627461125 elapsed=525s
progress: nodes=7,030,000,000 tested=0 found=0 n=13187366704886073822375 elapsed=526s
progress: nodes=7,040,000,000 tested=0 found=0 n=800439067158010411646625 elapsed=526s
progress: nodes=7,050,000,000 tested=0 found=0 n=211982682736018456758375 elapsed=527s
progress: nodes=7,060,000,000 tested=0 found=0 n=694004004050877730241625 elapsed=528s
progress: nodes=7,070,000,000 tested=0 found=0 n=29633417376109851401625 elapsed=529s
progress: nodes=7,080,000,000 tested=0 found=0 n=5012985259615159781625 elapsed=529s
progress: nodes=7,090,000,000 tested=0 found=0 n=182660809667269480193625 elapsed=530s
progress: nodes=7,100,000,000 tested=0 found=0 n=608180429992131334919625 elapsed=531s
progress: nodes=7,110,000,000 tested=0 found=0 n=445044277099732997333625 elapsed=532s
progress: nodes=7,120,000,000 tested=0 found=0 n=552866260982497717162875 elapsed=532s
progress: nodes=7,130,000,000 tested=0 found=0 n=824488688676769786646625 elapsed=533s
progress: nodes=7,140,000,000 tested=0 found=0 n=164949329763815352372375 elapsed=534s
progress: nodes=7,150,000,000 tested=0 found=0 n=169808779832972968309875 elapsed=535s
progress: nodes=7,160,000,000 tested=0 found=0 n=26411361743089782388875 elapsed=535s
progress: nodes=7,170,000,000 tested=0 found=0 n=767010190301488834342125 elapsed=536s
progress: nodes=7,180,000,000 tested=0 found=0 n=370840608145169378621625 elapsed=537s
progress: nodes=7,190,000,000 tested=0 found=0 n=607816410242023612579125 elapsed=538s
progress: nodes=7,200,000,000 tested=0 found=0 n=328594145095984638176625 elapsed=538s
progress: nodes=7,210,000,000 tested=0 found=0 n=168704192328972831188625 elapsed=539s
progress: nodes=7,220,000,000 tested=0 found=0 n=212714736079225346847375 elapsed=540s
progress: nodes=7,230,000,000 tested=0 found=0 n=41200329036493726353375 elapsed=541s
progress: nodes=7,240,000,000 tested=0 found=0 n=17356612283116389405375 elapsed=542s
progress: nodes=7,250,000,000 tested=0 found=0 n=472259859531321850135125 elapsed=542s
progress: nodes=7,260,000,000 tested=0 found=0 n=406352139330448884923625 elapsed=543s
progress: nodes=7,270,000,000 tested=0 found=0 n=965883108561544928159625 elapsed=544s
progress: nodes=7,280,000,000 tested=0 found=0 n=440198210806854084391125 elapsed=545s
progress: nodes=7,290,000,000 tested=0 found=0 n=354973632004639797777375 elapsed=546s
progress: nodes=7,300,000,000 tested=0 found=0 n=12011938443676936161375 elapsed=546s
progress: nodes=7,310,000,000 tested=0 found=0 n=137372466428821321512375 elapsed=547s
progress: nodes=7,320,000,000 tested=0 found=0 n=166491961683782039262375 elapsed=548s
progress: nodes=7,330,000,000 tested=0 found=0 n=133463218183296464995125 elapsed=549s

done in 549.1s | nodes=7,334,018,943 | tested=0 | weird=0
