search v2: odd=True, N_CAP=1.00e+24, DELTA_MAX=1.0e+07, MIN_DEPTH=6
SPF shard: smallest prime factor = 3
P2 sub-shard: second prime factor = 5
P3 sub-sub-shard: third prime factor = 7
progress: nodes=10,000,000 tested=0 found=0 n=14594603798504639413875 elapsed=0s
progress: nodes=20,000,000 tested=0 found=0 n=4016088610596109810875 elapsed=1s
progress: nodes=30,000,000 tested=0 found=0 n=488110976840341418337375 elapsed=1s
progress: nodes=40,000,000 tested=0 found=0 n=368648152776059869027875 elapsed=2s
progress: nodes=50,000,000 tested=0 found=0 n=21396669984874441375125 elapsed=3s
progress: nodes=60,000,000 tested=0 found=0 n=941744482292601843578625 elapsed=3s
progress: nodes=70,000,000 tested=0 found=0 n=495638541720632626829625 elapsed=4s
progress: nodes=80,000,000 tested=0 found=0 n=48332840703331279727625 elapsed=5s
progress: nodes=90,000,000 tested=0 found=0 n=663247044209027346975375 elapsed=6s
progress: nodes=100,000,000 tested=0 found=0 n=189159494990371385977875 elapsed=7s
progress: nodes=110,000,000 tested=0 found=0 n=563401815362944566358875 elapsed=7s
progress: nodes=120,000,000 tested=0 found=0 n=800131871869789234815375 elapsed=8s
progress: nodes=130,000,000 tested=0 found=0 n=815751011292139845407625 elapsed=9s
progress: nodes=140,000,000 tested=0 found=0 n=443444030664264859112625 elapsed=10s
progress: nodes=150,000,000 tested=0 found=0 n=292601346308863517625 elapsed=11s
progress: nodes=160,000,000 tested=0 found=0 n=652173235832615107230375 elapsed=11s
progress: nodes=170,000,000 tested=0 found=0 n=543884256561754708553625 elapsed=12s
progress: nodes=180,000,000 tested=0 found=0 n=929044508939282524506375 elapsed=13s
progress: nodes=190,000,000 tested=0 found=0 n=855337853719091344200375 elapsed=14s
progress: nodes=200,000,000 tested=0 found=0 n=877770466142669214094875 elapsed=15s
progress: nodes=210,000,000 tested=0 found=0 n=971018040481634456133375 elapsed=16s
progress: nodes=220,000,000 tested=0 found=0 n=537890220978174575802375 elapsed=16s
progress: nodes=230,000,000 tested=0 found=0 n=660868331550250482757875 elapsed=17s
progress: nodes=240,000,000 tested=0 found=0 n=788330549590949932121625 elapsed=18s
progress: nodes=250,000,000 tested=0 found=0 n=9433464801078337611375 elapsed=19s
progress: nodes=260,000,000 tested=0 found=0 n=558548788347651411179625 elapsed=20s
progress: nodes=270,000,000 tested=0 found=0 n=924968448457492852368375 elapsed=21s
progress: nodes=280,000,000 tested=0 found=0 n=951616873932389862274875 elapsed=21s
progress: nodes=290,000,000 tested=0 found=0 n=463592437661809005293625 elapsed=22s
progress: nodes=300,000,000 tested=0 found=0 n=446525372424133897852125 elapsed=23s
progress: nodes=310,000,000 tested=0 found=0 n=975421920168743504029125 elapsed=24s
progress: nodes=320,000,000 tested=0 found=0 n=445077492478252940215875 elapsed=25s
progress: nodes=330,000,000 tested=0 found=0 n=846366651460186177075125 elapsed=26s
progress: nodes=340,000,000 tested=0 found=0 n=711971929880003463302625 elapsed=27s
progress: nodes=350,000,000 tested=0 found=0 n=766702975661624755165125 elapsed=27s
progress: nodes=360,000,000 tested=0 found=0 n=573428928123046742226375 elapsed=28s
progress: nodes=370,000,000 tested=0 found=0 n=366375091156899189574125 elapsed=29s
progress: nodes=380,000,000 tested=0 found=0 n=268937507566791044286375 elapsed=30s
progress: nodes=390,000,000 tested=0 found=0 n=636995047249208498211375 elapsed=31s
progress: nodes=400,000,000 tested=0 found=0 n=613857863755775792020875 elapsed=32s
progress: nodes=410,000,000 tested=0 found=0 n=966653551551902328058875 elapsed=32s
progress: nodes=420,000,000 tested=0 found=0 n=537954415160745052813875 elapsed=33s
progress: nodes=430,000,000 tested=0 found=0 n=845215948432071310439625 elapsed=34s
progress: nodes=440,000,000 tested=0 found=0 n=671236063027375316407125 elapsed=35s
progress: nodes=450,000,000 tested=0 found=0 n=677067257568427344892875 elapsed=36s
progress: nodes=460,000,000 tested=0 found=0 n=650310774841884718582125 elapsed=37s
progress: nodes=470,000,000 tested=0 found=0 n=916074734997523418764125 elapsed=38s
progress: nodes=480,000,000 tested=0 found=0 n=533131070292889014221625 elapsed=38s
progress: nodes=490,000,000 tested=0 found=0 n=305079998808358134550875 elapsed=39s
progress: nodes=500,000,000 tested=0 found=0 n=199104672000075457504875 elapsed=40s
progress: nodes=510,000,000 tested=0 found=0 n=911921609916046332274875 elapsed=41s
progress: nodes=520,000,000 tested=0 found=0 n=770950230061810621123875 elapsed=42s
progress: nodes=530,000,000 tested=0 found=0 n=404811931835173506238875 elapsed=43s
progress: nodes=540,000,000 tested=0 found=0 n=295401285535291232805375 elapsed=44s
progress: nodes=550,000,000 tested=0 found=0 n=873252498314971347643875 elapsed=44s
progress: nodes=560,000,000 tested=0 found=0 n=789449248573487936167125 elapsed=45s
progress: nodes=570,000,000 tested=0 found=0 n=581875658566544622580125 elapsed=46s
progress: nodes=580,000,000 tested=0 found=0 n=264921975195505746376125 elapsed=47s
progress: nodes=590,000,000 tested=0 found=0 n=500974147871384313543375 elapsed=48s
progress: nodes=600,000,000 tested=0 found=0 n=694932421939128927190875 elapsed=49s
progress: nodes=610,000,000 tested=0 found=0 n=864426077253311842570875 elapsed=50s
progress: nodes=620,000,000 tested=0 found=0 n=261005879652933198055125 elapsed=51s
progress: nodes=630,000,000 tested=0 found=0 n=818212035163119566820375 elapsed=51s
progress: nodes=640,000,000 tested=0 found=0 n=436554498597949379652375 elapsed=52s
progress: nodes=650,000,000 tested=0 found=0 n=952031073743920429667625 elapsed=53s
progress: nodes=660,000,000 tested=0 found=0 n=346505949480788553610875 elapsed=54s
progress: nodes=670,000,000 tested=0 found=0 n=689089668959474367319875 elapsed=55s
progress: nodes=680,000,000 tested=0 found=0 n=756280163744543010570375 elapsed=56s
progress: nodes=690,000,000 tested=0 found=0 n=451121279760779119723875 elapsed=57s
progress: nodes=700,000,000 tested=0 found=0 n=642513460892051800624125 elapsed=57s
progress: nodes=710,000,000 tested=0 found=0 n=317978141163750243085875 elapsed=58s
progress: nodes=720,000,000 tested=0 found=0 n=359403862776274883119875 elapsed=59s
progress: nodes=730,000,000 tested=0 found=0 n=323916919612144218184125 elapsed=60s
progress: nodes=740,000,000 tested=0 found=0 n=180978909034218501940125 elapsed=61s
progress: nodes=750,000,000 tested=0 found=0 n=691101806459877534458625 elapsed=62s
progress: nodes=760,000,000 tested=0 found=0 n=474240669504397092357375 elapsed=63s
progress: nodes=770,000,000 tested=0 found=0 n=397478974212549274182375 elapsed=64s
progress: nodes=780,000,000 tested=0 found=0 n=992416872401899139929125 elapsed=64s
progress: nodes=790,000,000 tested=0 found=0 n=255322945710033205207875 elapsed=65s
progress: nodes=800,000,000 tested=0 found=0 n=219364939903906250845125 elapsed=66s
progress: nodes=810,000,000 tested=0 found=0 n=260114560273060617266625 elapsed=67s
progress: nodes=820,000,000 tested=0 found=0 n=540925892899979514010125 elapsed=68s
progress: nodes=830,000,000 tested=0 found=0 n=318061724554088281402125 elapsed=69s
progress: nodes=840,000,000 tested=0 found=0 n=833625883127692866705375 elapsed=70s
progress: nodes=850,000,000 tested=0 found=0 n=649247568526795472752875 elapsed=70s
progress: nodes=860,000,000 tested=0 found=0 n=117965847993341262040875 elapsed=71s
progress: nodes=870,000,000 tested=0 found=0 n=471459178306367602766625 elapsed=71s
progress: nodes=880,000,000 tested=0 found=0 n=76236837364978047389625 elapsed=72s
progress: nodes=890,000,000 tested=0 found=0 n=813961922223723287996625 elapsed=73s
progress: nodes=900,000,000 tested=0 found=0 n=10403365934592989376375 elapsed=73s
progress: nodes=910,000,000 tested=0 found=0 n=8765045742999823990125 elapsed=74s
progress: nodes=920,000,000 tested=0 found=0 n=393508122428933376375 elapsed=74s
progress: nodes=930,000,000 tested=0 found=0 n=870531110511544917889125 elapsed=75s
progress: nodes=940,000,000 tested=0 found=0 n=764590130949096005040375 elapsed=76s
progress: nodes=950,000,000 tested=0 found=0 n=633588370562712270507375 elapsed=77s
progress: nodes=960,000,000 tested=0 found=0 n=338437600481666345748375 elapsed=78s
progress: nodes=970,000,000 tested=0 found=0 n=548898010850237349375375 elapsed=78s
progress: nodes=980,000,000 tested=0 found=0 n=589803368997317093831625 elapsed=79s
progress: nodes=990,000,000 tested=0 found=0 n=624773061498334695394875 elapsed=80s
progress: nodes=1,000,000,000 tested=0 found=0 n=941753387073667159810875 elapsed=81s
progress: nodes=1,010,000,000 tested=0 found=0 n=423787208602753619801625 elapsed=82s
progress: nodes=1,020,000,000 tested=0 found=0 n=380334613491962330278875 elapsed=83s
progress: nodes=1,030,000,000 tested=0 found=0 n=235403492795229945472125 elapsed=84s
progress: nodes=1,040,000,000 tested=0 found=0 n=404811862584410505149625 elapsed=84s
progress: nodes=1,050,000,000 tested=0 found=0 n=690088524880419099458625 elapsed=85s
progress: nodes=1,060,000,000 tested=0 found=0 n=678604263655895668646625 elapsed=86s
progress: nodes=1,070,000,000 tested=0 found=0 n=192153506469655629168375 elapsed=87s
progress: nodes=1,080,000,000 tested=0 found=0 n=415687349660164305525375 elapsed=88s
progress: nodes=1,090,000,000 tested=0 found=0 n=435181757735980232635875 elapsed=89s
progress: nodes=1,100,000,000 tested=0 found=0 n=529286750313790399116375 elapsed=90s
progress: nodes=1,110,000,000 tested=0 found=0 n=120498418088178110722875 elapsed=90s
progress: nodes=1,120,000,000 tested=0 found=0 n=691081112010768611073375 elapsed=91s
progress: nodes=1,130,000,000 tested=0 found=0 n=43289432915278792564875 elapsed=92s
progress: nodes=1,140,000,000 tested=0 found=0 n=575702651790632216920125 elapsed=93s
progress: nodes=1,150,000,000 tested=0 found=0 n=457059071948368883587125 elapsed=94s
progress: nodes=1,160,000,000 tested=0 found=0 n=380201413269318508053375 elapsed=95s
progress: nodes=1,170,000,000 tested=0 found=0 n=839943570340429326657375 elapsed=96s
progress: nodes=1,180,000,000 tested=0 found=0 n=957121985087977570042125 elapsed=97s
progress: nodes=1,190,000,000 tested=0 found=0 n=224654488693521105946125 elapsed=98s
progress: nodes=1,200,000,000 tested=0 found=0 n=350128274708474736896625 elapsed=98s
progress: nodes=1,210,000,000 tested=0 found=0 n=224154144917784875584875 elapsed=99s
progress: nodes=1,220,000,000 tested=0 found=0 n=261370114227796933844625 elapsed=100s
progress: nodes=1,230,000,000 tested=0 found=0 n=358582909288003151065125 elapsed=101s
progress: nodes=1,240,000,000 tested=0 found=0 n=534303017168192311218375 elapsed=102s
progress: nodes=1,250,000,000 tested=0 found=0 n=372668302343691414346125 elapsed=103s
progress: nodes=1,260,000,000 tested=0 found=0 n=877893327246578244916125 elapsed=104s
progress: nodes=1,270,000,000 tested=0 found=0 n=670161598829745191208375 elapsed=105s
progress: nodes=1,280,000,000 tested=0 found=0 n=782652233994214570137375 elapsed=106s
progress: nodes=1,290,000,000 tested=0 found=0 n=316119679489644607597125 elapsed=106s
progress: nodes=1,300,000,000 tested=0 found=0 n=888998361074120574377625 elapsed=107s
progress: nodes=1,310,000,000 tested=0 found=0 n=323819268379393021722375 elapsed=108s
progress: nodes=1,320,000,000 tested=0 found=0 n=693297585638894961934125 elapsed=109s
progress: nodes=1,330,000,000 tested=0 found=0 n=56525429407984540444875 elapsed=110s
progress: nodes=1,340,000,000 tested=0 found=0 n=639827773073023511925375 elapsed=111s
progress: nodes=1,350,000,000 tested=0 found=0 n=148178136927214834537125 elapsed=112s
progress: nodes=1,360,000,000 tested=0 found=0 n=749676420645585599520375 elapsed=113s
progress: nodes=1,370,000,000 tested=0 found=0 n=804620069959294643415375 elapsed=114s
progress: nodes=1,380,000,000 tested=0 found=0 n=151292632305714437110125 elapsed=115s
progress: nodes=1,390,000,000 tested=0 found=0 n=570660542572782402218625 elapsed=115s
progress: nodes=1,400,000,000 tested=0 found=0 n=89473378428579802090875 elapsed=116s
progress: nodes=1,410,000,000 tested=0 found=0 n=78054490047253692454125 elapsed=117s
progress: nodes=1,420,000,000 tested=0 found=0 n=237337043840014695598875 elapsed=118s
progress: nodes=1,430,000,000 tested=0 found=0 n=719180321599315438508625 elapsed=119s
progress: nodes=1,440,000,000 tested=0 found=0 n=60947222662460631832125 elapsed=120s
progress: nodes=1,450,000,000 tested=0 found=0 n=150534975302774480845875 elapsed=121s
progress: nodes=1,460,000,000 tested=0 found=0 n=52338663469137436510875 elapsed=121s
progress: nodes=1,470,000,000 tested=0 found=0 n=692482038740910527111625 elapsed=122s
progress: nodes=1,480,000,000 tested=0 found=0 n=684100866328571430645375 elapsed=123s
progress: nodes=1,490,000,000 tested=0 found=0 n=19612275865962596142375 elapsed=124s
progress: nodes=1,500,000,000 tested=0 found=0 n=130236574485659735128875 elapsed=125s
progress: nodes=1,510,000,000 tested=0 found=0 n=365088014775777272413875 elapsed=126s
progress: nodes=1,520,000,000 tested=0 found=0 n=123007316973139999672125 elapsed=126s
progress: nodes=1,530,000,000 tested=0 found=0 n=201826677513253988824125 elapsed=127s
progress: nodes=1,540,000,000 tested=0 found=0 n=59937718441244050042125 elapsed=128s
progress: nodes=1,550,000,000 tested=0 found=0 n=58884462005822962868625 elapsed=129s
progress: nodes=1,560,000,000 tested=0 found=0 n=72049826116927261320375 elapsed=129s
progress: nodes=1,570,000,000 tested=0 found=0 n=311029807571552624433375 elapsed=130s
progress: nodes=1,580,000,000 tested=0 found=0 n=42418061055179872125 elapsed=131s
progress: nodes=1,590,000,000 tested=0 found=0 n=69030059894018024636625 elapsed=131s
progress: nodes=1,600,000,000 tested=0 found=0 n=289945951165646823949125 elapsed=132s
progress: nodes=1,610,000,000 tested=0 found=0 n=29179650511672222639875 elapsed=132s
progress: nodes=1,620,000,000 tested=0 found=0 n=4206556996675655372625 elapsed=133s
progress: nodes=1,630,000,000 tested=0 found=0 n=842038511220320800740375 elapsed=134s
progress: nodes=1,640,000,000 tested=0 found=0 n=548447765887559277649875 elapsed=134s
progress: nodes=1,650,000,000 tested=0 found=0 n=917462794438396829639625 elapsed=135s
progress: nodes=1,660,000,000 tested=0 found=0 n=771853077550347532868625 elapsed=136s
progress: nodes=1,670,000,000 tested=0 found=0 n=468359612900248421029125 elapsed=137s
progress: nodes=1,680,000,000 tested=0 found=0 n=709250984725896567987375 elapsed=138s
progress: nodes=1,690,000,000 tested=0 found=0 n=730347572137374788575125 elapsed=138s
progress: nodes=1,700,000,000 tested=0 found=0 n=588401436999865305565875 elapsed=139s
progress: nodes=1,710,000,000 tested=0 found=0 n=476531147317042605183375 elapsed=140s
progress: nodes=1,720,000,000 tested=0 found=0 n=314297518829587732889625 elapsed=141s
progress: nodes=1,730,000,000 tested=0 found=0 n=423600591341329700253375 elapsed=142s
progress: nodes=1,740,000,000 tested=0 found=0 n=466905106616292689149875 elapsed=143s
progress: nodes=1,750,000,000 tested=0 found=0 n=702884559763258032696375 elapsed=144s
progress: nodes=1,760,000,000 tested=0 found=0 n=327623147024570254743375 elapsed=144s
progress: nodes=1,770,000,000 tested=0 found=0 n=439490405078442873385125 elapsed=145s
progress: nodes=1,780,000,000 tested=0 found=0 n=939167362838341516301625 elapsed=146s
progress: nodes=1,790,000,000 tested=0 found=0 n=345542051899572556804125 elapsed=147s
progress: nodes=1,800,000,000 tested=0 found=0 n=139491126094210619056125 elapsed=148s
progress: nodes=1,810,000,000 tested=0 found=0 n=268808744898933520871625 elapsed=149s
progress: nodes=1,820,000,000 tested=0 found=0 n=210565479452380149538875 elapsed=150s
progress: nodes=1,830,000,000 tested=0 found=0 n=243852619519454981917875 elapsed=151s
progress: nodes=1,840,000,000 tested=0 found=0 n=631224620154178844254125 elapsed=151s
progress: nodes=1,850,000,000 tested=0 found=0 n=249387194842207367591625 elapsed=152s
progress: nodes=1,860,000,000 tested=0 found=0 n=179232968968161030449625 elapsed=153s
progress: nodes=1,870,000,000 tested=0 found=0 n=805227469435440932167875 elapsed=154s
progress: nodes=1,880,000,000 tested=0 found=0 n=711850282434574496401125 elapsed=155s
progress: nodes=1,890,000,000 tested=0 found=0 n=808512891826989421818375 elapsed=156s
progress: nodes=1,900,000,000 tested=0 found=0 n=365798270008523660697375 elapsed=157s
progress: nodes=1,910,000,000 tested=0 found=0 n=302107552290764505938625 elapsed=158s
progress: nodes=1,920,000,000 tested=0 found=0 n=886474798911315445967625 elapsed=159s
progress: nodes=1,930,000,000 tested=0 found=0 n=126311261079031792357125 elapsed=160s
progress: nodes=1,940,000,000 tested=0 found=0 n=353371676609057741977125 elapsed=161s
progress: nodes=1,950,000,000 tested=0 found=0 n=156972725014451722138875 elapsed=161s
progress: nodes=1,960,000,000 tested=0 found=0 n=157099492901783792306625 elapsed=162s
progress: nodes=1,970,000,000 tested=0 found=0 n=391624051416781973393625 elapsed=163s
progress: nodes=1,980,000,000 tested=0 found=0 n=175384482891419497261125 elapsed=164s
progress: nodes=1,990,000,000 tested=0 found=0 n=882514240408352038391625 elapsed=165s
progress: nodes=2,000,000,000 tested=0 found=0 n=107490628127453335855125 elapsed=166s
progress: nodes=2,010,000,000 tested=0 found=0 n=203064954981844810976625 elapsed=167s
progress: nodes=2,020,000,000 tested=0 found=0 n=56150603887959504595875 elapsed=167s
progress: nodes=2,030,000,000 tested=0 found=0 n=311169975575725856711625 elapsed=168s
progress: nodes=2,040,000,000 tested=0 found=0 n=236506090406053582109625 elapsed=169s
progress: nodes=2,050,000,000 tested=0 found=0 n=19078574141890770383625 elapsed=170s
progress: nodes=2,060,000,000 tested=0 found=0 n=121036121991591276626625 elapsed=170s
progress: nodes=2,070,000,000 tested=0 found=0 n=410557676000645189365125 elapsed=171s
progress: nodes=2,080,000,000 tested=0 found=0 n=177947152058263016186625 elapsed=172s
progress: nodes=2,090,000,000 tested=0 found=0 n=715881378738098733160875 elapsed=173s
progress: nodes=2,100,000,000 tested=0 found=0 n=115754663269696924664625 elapsed=174s
progress: nodes=2,110,000,000 tested=0 found=0 n=74971017509489251476375 elapsed=174s
progress: nodes=2,120,000,000 tested=0 found=0 n=793871950348066067779875 elapsed=175s
progress: nodes=2,130,000,000 tested=0 found=0 n=37813326240240470464125 elapsed=176s
progress: nodes=2,140,000,000 tested=0 found=0 n=23807273711560361539125 elapsed=176s
progress: nodes=2,150,000,000 tested=0 found=0 n=31879007216628966688875 elapsed=177s
progress: nodes=2,160,000,000 tested=0 found=0 n=13029291592224796777875 elapsed=178s
progress: nodes=2,170,000,000 tested=0 found=0 n=38136546113147231208375 elapsed=178s
progress: nodes=2,180,000,000 tested=0 found=0 n=22876233122158402142625 elapsed=179s
progress: nodes=2,190,000,000 tested=0 found=0 n=293299881247056868933875 elapsed=179s
progress: nodes=2,200,000,000 tested=0 found=0 n=161990673980079776230875 elapsed=180s
progress: nodes=2,210,000,000 tested=0 found=0 n=536687699999301687687375 elapsed=181s
progress: nodes=2,220,000,000 tested=0 found=0 n=897972933675314383469625 elapsed=181s
progress: nodes=2,230,000,000 tested=0 found=0 n=454128552459198338922375 elapsed=182s
progress: nodes=2,240,000,000 tested=0 found=0 n=464606513502527976034875 elapsed=183s
progress: nodes=2,250,000,000 tested=0 found=0 n=856331119659825865894125 elapsed=184s
progress: nodes=2,260,000,000 tested=0 found=0 n=963421662178989042353625 elapsed=185s
progress: nodes=2,270,000,000 tested=0 found=0 n=583110981223154557364625 elapsed=186s
progress: nodes=2,280,000,000 tested=0 found=0 n=795606869603803757595375 elapsed=186s
progress: nodes=2,290,000,000 tested=0 found=0 n=278387964570669910879125 elapsed=187s
progress: nodes=2,300,000,000 tested=0 found=0 n=546778469360775603023625 elapsed=188s
progress: nodes=2,310,000,000 tested=0 found=0 n=523445091197239341477375 elapsed=189s
progress: nodes=2,320,000,000 tested=0 found=0 n=622443472796294537674125 elapsed=190s
progress: nodes=2,330,000,000 tested=0 found=0 n=354844589618535816179625 elapsed=191s
progress: nodes=2,340,000,000 tested=0 found=0 n=272552245076359738473375 elapsed=192s
progress: nodes=2,350,000,000 tested=0 found=0 n=952828192430274536646375 elapsed=193s
progress: nodes=2,360,000,000 tested=0 found=0 n=907241611978578413646375 elapsed=194s
progress: nodes=2,370,000,000 tested=0 found=0 n=288349556221468856365125 elapsed=195s
progress: nodes=2,380,000,000 tested=0 found=0 n=181486957631916520597125 elapsed=196s
progress: nodes=2,390,000,000 tested=0 found=0 n=452848033302705754735875 elapsed=197s
progress: nodes=2,400,000,000 tested=0 found=0 n=185271023393082237867375 elapsed=197s
progress: nodes=2,410,000,000 tested=0 found=0 n=398864662886056021879875 elapsed=198s
progress: nodes=2,420,000,000 tested=0 found=0 n=113607448492454875630875 elapsed=199s
progress: nodes=2,430,000,000 tested=0 found=0 n=153961997363665905957375 elapsed=200s
progress: nodes=2,440,000,000 tested=0 found=0 n=436058728094260598903625 elapsed=201s
progress: nodes=2,450,000,000 tested=0 found=0 n=94852296955655141839125 elapsed=201s
progress: nodes=2,460,000,000 tested=0 found=0 n=129346021021737353119125 elapsed=202s
progress: nodes=2,470,000,000 tested=0 found=0 n=64391237611354670984625 elapsed=203s
progress: nodes=2,480,000,000 tested=0 found=0 n=289787258010797266547625 elapsed=204s
progress: nodes=2,490,000,000 tested=0 found=0 n=15215614223101430903625 elapsed=204s
progress: nodes=2,500,000,000 tested=0 found=0 n=70475411978537310945375 elapsed=205s
progress: nodes=2,510,000,000 tested=0 found=0 n=844528998911370855450375 elapsed=206s
progress: nodes=2,520,000,000 tested=0 found=0 n=83939620370693328913875 elapsed=207s
progress: nodes=2,530,000,000 tested=0 found=0 n=59518254659696410459875 elapsed=207s
progress: nodes=2,540,000,000 tested=0 found=0 n=255730998291576180772875 elapsed=208s
progress: nodes=2,550,000,000 tested=0 found=0 n=93932655595802778386625 elapsed=209s
progress: nodes=2,560,000,000 tested=0 found=0 n=161667851017349366515875 elapsed=209s
progress: nodes=2,570,000,000 tested=0 found=0 n=191116333627272360197625 elapsed=210s
progress: nodes=2,580,000,000 tested=0 found=0 n=107306463044299160751375 elapsed=211s
progress: nodes=2,590,000,000 tested=0 found=0 n=48375884469308641058625 elapsed=211s
progress: nodes=2,600,000,000 tested=0 found=0 n=22432630465706545399875 elapsed=212s
progress: nodes=2,610,000,000 tested=0 found=0 n=635397390393773897266125 elapsed=212s
progress: nodes=2,620,000,000 tested=0 found=0 n=99274067923279418003625 elapsed=213s
progress: nodes=2,630,000,000 tested=0 found=0 n=12409165527353935297125 elapsed=213s
progress: nodes=2,640,000,000 tested=0 found=0 n=9390926846814320080875 elapsed=214s
progress: nodes=2,650,000,000 tested=0 found=0 n=861633262124880290117625 elapsed=215s
progress: nodes=2,660,000,000 tested=0 found=0 n=741671887015854848463375 elapsed=215s
progress: nodes=2,670,000,000 tested=0 found=0 n=348293544124389331941375 elapsed=216s
progress: nodes=2,680,000,000 tested=0 found=0 n=836157694230432670065375 elapsed=217s
progress: nodes=2,690,000,000 tested=0 found=0 n=415046758087333957885125 elapsed=218s
progress: nodes=2,700,000,000 tested=0 found=0 n=560763811401759568005375 elapsed=219s
progress: nodes=2,710,000,000 tested=0 found=0 n=884746484017179042212625 elapsed=219s
progress: nodes=2,720,000,000 tested=0 found=0 n=574040789093912332166625 elapsed=220s
progress: nodes=2,730,000,000 tested=0 found=0 n=398482779659568221412375 elapsed=221s
progress: nodes=2,740,000,000 tested=0 found=0 n=953911443265468318934625 elapsed=222s
progress: nodes=2,750,000,000 tested=0 found=0 n=447718664468254933921125 elapsed=223s
progress: nodes=2,760,000,000 tested=0 found=0 n=236357940596115227717625 elapsed=224s
progress: nodes=2,770,000,000 tested=0 found=0 n=958125292977356951677125 elapsed=225s
progress: nodes=2,780,000,000 tested=0 found=0 n=636299714596445087629875 elapsed=225s
progress: nodes=2,790,000,000 tested=0 found=0 n=360756257693985283076625 elapsed=226s
progress: nodes=2,800,000,000 tested=0 found=0 n=119227644905041580672625 elapsed=227s
progress: nodes=2,810,000,000 tested=0 found=0 n=223191697332292501698375 elapsed=228s
progress: nodes=2,820,000,000 tested=0 found=0 n=386222743856224411796625 elapsed=229s
progress: nodes=2,830,000,000 tested=0 found=0 n=373025189110013103717375 elapsed=230s
progress: nodes=2,840,000,000 tested=0 found=0 n=125545428989107802957625 elapsed=231s
progress: nodes=2,850,000,000 tested=0 found=0 n=770800157619069319499625 elapsed=232s
progress: nodes=2,860,000,000 tested=0 found=0 n=553360698483170346108375 elapsed=232s
progress: nodes=2,870,000,000 tested=0 found=0 n=120726079089670155656625 elapsed=233s
progress: nodes=2,880,000,000 tested=0 found=0 n=926744231682657618580875 elapsed=234s
progress: nodes=2,890,000,000 tested=0 found=0 n=120118102133977435133625 elapsed=235s
progress: nodes=2,900,000,000 tested=0 found=0 n=181735282587997102337625 elapsed=235s
progress: nodes=2,910,000,000 tested=0 found=0 n=69467451163426833250125 elapsed=236s
progress: nodes=2,920,000,000 tested=0 found=0 n=343819807540414680460125 elapsed=237s
progress: nodes=2,930,000,000 tested=0 found=0 n=882629671347413077932375 elapsed=237s
progress: nodes=2,940,000,000 tested=0 found=0 n=909662344017055926866625 elapsed=238s
progress: nodes=2,950,000,000 tested=0 found=0 n=670473580819298171372625 elapsed=239s
progress: nodes=2,960,000,000 tested=0 found=0 n=821722025307144040645125 elapsed=239s
progress: nodes=2,970,000,000 tested=0 found=0 n=15535567287934247801625 elapsed=240s
progress: nodes=2,980,000,000 tested=0 found=0 n=551560815306965654722875 elapsed=240s
progress: nodes=2,990,000,000 tested=0 found=0 n=9111769426972715577375 elapsed=241s
progress: nodes=3,000,000,000 tested=0 found=0 n=360702467905391974138875 elapsed=241s
progress: nodes=3,010,000,000 tested=0 found=0 n=17677152399058515013875 elapsed=242s
progress: nodes=3,020,000,000 tested=0 found=0 n=59787599943222201768375 elapsed=243s
progress: nodes=3,030,000,000 tested=0 found=0 n=758515399978205450623875 elapsed=243s
progress: nodes=3,040,000,000 tested=0 found=0 n=694839218241167343936375 elapsed=244s
progress: nodes=3,050,000,000 tested=0 found=0 n=337319171805675090840375 elapsed=245s
progress: nodes=3,060,000,000 tested=0 found=0 n=126983885195013587162625 elapsed=245s
progress: nodes=3,070,000,000 tested=0 found=0 n=862978639687459270261125 elapsed=246s
progress: nodes=3,080,000,000 tested=0 found=0 n=998289005841014811622125 elapsed=247s
progress: nodes=3,090,000,000 tested=0 found=0 n=981827594959881347498625 elapsed=248s
progress: nodes=3,100,000,000 tested=0 found=0 n=548230875707711328124125 elapsed=249s
progress: nodes=3,110,000,000 tested=0 found=0 n=453288164348515069242375 elapsed=250s
progress: nodes=3,120,000,000 tested=0 found=0 n=955818387124604896612125 elapsed=250s
progress: nodes=3,130,000,000 tested=0 found=0 n=433187477074245483258375 elapsed=251s
progress: nodes=3,140,000,000 tested=0 found=0 n=165378591106009244142375 elapsed=252s
progress: nodes=3,150,000,000 tested=0 found=0 n=121027738713191730049875 elapsed=253s
progress: nodes=3,160,000,000 tested=0 found=0 n=305343603723656971727625 elapsed=254s
progress: nodes=3,170,000,000 tested=0 found=0 n=242531095098591404991375 elapsed=254s
progress: nodes=3,180,000,000 tested=0 found=0 n=157290557517011397667125 elapsed=255s
progress: nodes=3,190,000,000 tested=0 found=0 n=53293181307931825189125 elapsed=255s
progress: nodes=3,200,000,000 tested=0 found=0 n=51273574353057045735375 elapsed=256s
progress: nodes=3,210,000,000 tested=0 found=0 n=674660484414147914815125 elapsed=257s
progress: nodes=3,220,000,000 tested=0 found=0 n=808694132569716128948625 elapsed=257s
progress: nodes=3,230,000,000 tested=0 found=0 n=13911367727545741249125 elapsed=258s
progress: nodes=3,240,000,000 tested=0 found=0 n=599058930807279673087875 elapsed=258s
progress: nodes=3,250,000,000 tested=0 found=0 n=287696182092847847584125 elapsed=259s
progress: nodes=3,260,000,000 tested=0 found=0 n=425373024848996333809875 elapsed=260s
progress: nodes=3,270,000,000 tested=0 found=0 n=23787880279963461141375 elapsed=260s
progress: nodes=3,280,000,000 tested=0 found=0 n=709954200649542390178875 elapsed=261s
progress: nodes=3,290,000,000 tested=0 found=0 n=291002663809021136707875 elapsed=262s
progress: nodes=3,300,000,000 tested=0 found=0 n=927739498351908116098875 elapsed=262s
progress: nodes=3,310,000,000 tested=0 found=0 n=174291139255377689876625 elapsed=263s
progress: nodes=3,320,000,000 tested=0 found=0 n=888674341527021318929625 elapsed=263s
progress: nodes=3,330,000,000 tested=0 found=0 n=700288125240692836829625 elapsed=264s
progress: nodes=3,340,000,000 tested=0 found=0 n=677582970200798496216375 elapsed=265s
progress: nodes=3,350,000,000 tested=0 found=0 n=260663863070368639394625 elapsed=266s
progress: nodes=3,360,000,000 tested=0 found=0 n=571675816602457899835125 elapsed=267s
progress: nodes=3,370,000,000 tested=0 found=0 n=421698637941434282601375 elapsed=267s
progress: nodes=3,380,000,000 tested=0 found=0 n=806989442262446447395125 elapsed=268s
progress: nodes=3,390,000,000 tested=0 found=0 n=600790151834460363244875 elapsed=269s
progress: nodes=3,400,000,000 tested=0 found=0 n=505596174999236744044125 elapsed=270s
progress: nodes=3,410,000,000 tested=0 found=0 n=430411362640541288293875 elapsed=271s
progress: nodes=3,420,000,000 tested=0 found=0 n=180223715257874437435125 elapsed=272s
progress: nodes=3,430,000,000 tested=0 found=0 n=206598207585927689723625 elapsed=273s
progress: nodes=3,440,000,000 tested=0 found=0 n=790626048646813414562625 elapsed=274s
progress: nodes=3,450,000,000 tested=0 found=0 n=132584335665942424711125 elapsed=275s
progress: nodes=3,460,000,000 tested=0 found=0 n=58578042643319491091625 elapsed=275s
progress: nodes=3,470,000,000 tested=0 found=0 n=278878726822955671657875 elapsed=276s
progress: nodes=3,480,000,000 tested=0 found=0 n=184274318529311510542875 elapsed=277s
progress: nodes=3,490,000,000 tested=0 found=0 n=272114717095495080998625 elapsed=277s
progress: nodes=3,500,000,000 tested=0 found=0 n=41681343567849355080375 elapsed=278s
progress: nodes=3,510,000,000 tested=0 found=0 n=55262193679398958447125 elapsed=278s
progress: nodes=3,520,000,000 tested=0 found=0 n=16042533976800594692625 elapsed=279s
progress: nodes=3,530,000,000 tested=0 found=0 n=5336226315922052011125 elapsed=280s
progress: nodes=3,540,000,000 tested=0 found=0 n=592831525215404496228375 elapsed=280s
progress: nodes=3,550,000,000 tested=0 found=0 n=335001511162541981254875 elapsed=281s
progress: nodes=3,560,000,000 tested=0 found=0 n=531393730332567828392625 elapsed=282s
progress: nodes=3,570,000,000 tested=0 found=0 n=22853340939609122373375 elapsed=282s
progress: nodes=3,580,000,000 tested=0 found=0 n=809429048829428689496625 elapsed=283s
progress: nodes=3,590,000,000 tested=0 found=0 n=883445323982253318559875 elapsed=283s
progress: nodes=3,600,000,000 tested=0 found=0 n=751939042384526274025125 elapsed=284s
progress: nodes=3,610,000,000 tested=0 found=0 n=925117352820141473997375 elapsed=285s
progress: nodes=3,620,000,000 tested=0 found=0 n=804809899452429894037875 elapsed=286s
progress: nodes=3,630,000,000 tested=0 found=0 n=982671695041284505842375 elapsed=287s
progress: nodes=3,640,000,000 tested=0 found=0 n=684334357453535425641375 elapsed=288s
progress: nodes=3,650,000,000 tested=0 found=0 n=199539305393284736116125 elapsed=289s
progress: nodes=3,660,000,000 tested=0 found=0 n=233920206410393325487875 elapsed=290s
progress: nodes=3,670,000,000 tested=0 found=0 n=799104306019757341828875 elapsed=290s
progress: nodes=3,680,000,000 tested=0 found=0 n=861938471682312866412375 elapsed=291s
progress: nodes=3,690,000,000 tested=0 found=0 n=482107607230170005623875 elapsed=292s
progress: nodes=3,700,000,000 tested=0 found=0 n=259941064478345826158625 elapsed=293s
progress: nodes=3,710,000,000 tested=0 found=0 n=164228157535342146154125 elapsed=294s
progress: nodes=3,720,000,000 tested=0 found=0 n=930076134881303271143625 elapsed=295s
progress: nodes=3,730,000,000 tested=0 found=0 n=299513869541865532288875 elapsed=296s
progress: nodes=3,740,000,000 tested=0 found=0 n=90772298856757182942375 elapsed=297s
progress: nodes=3,750,000,000 tested=0 found=0 n=337898971856728467614625 elapsed=297s
progress: nodes=3,760,000,000 tested=0 found=0 n=64643518895362468784625 elapsed=298s
progress: nodes=3,770,000,000 tested=0 found=0 n=302542359989449453915125 elapsed=299s
progress: nodes=3,780,000,000 tested=0 found=0 n=258338364557135630515125 elapsed=299s
progress: nodes=3,790,000,000 tested=0 found=0 n=26269379666775913544625 elapsed=300s
progress: nodes=3,800,000,000 tested=0 found=0 n=11894652929468290986375 elapsed=300s
progress: nodes=3,810,000,000 tested=0 found=0 n=61886445947272778971125 elapsed=301s
progress: nodes=3,820,000,000 tested=0 found=0 n=640920291912080481842625 elapsed=302s
progress: nodes=3,830,000,000 tested=0 found=0 n=299399791463000405905875 elapsed=302s
progress: nodes=3,840,000,000 tested=0 found=0 n=14306627435850673541625 elapsed=303s
progress: nodes=3,850,000,000 tested=0 found=0 n=600485600528237252700375 elapsed=303s
progress: nodes=3,860,000,000 tested=0 found=0 n=542947914878753883268875 elapsed=304s
progress: nodes=3,870,000,000 tested=0 found=0 n=406685752577355465902625 elapsed=305s
progress: nodes=3,880,000,000 tested=0 found=0 n=508516994102202557217375 elapsed=306s
progress: nodes=3,890,000,000 tested=0 found=0 n=757191815382856614387375 elapsed=307s
progress: nodes=3,900,000,000 tested=0 found=0 n=433446870202004031484125 elapsed=307s
progress: nodes=3,910,000,000 tested=0 found=0 n=57531949895470151511375 elapsed=308s
progress: nodes=3,920,000,000 tested=0 found=0 n=41821740751916934398625 elapsed=308s
progress: nodes=3,930,000,000 tested=0 found=0 n=548627670967471470792375 elapsed=309s
progress: nodes=3,940,000,000 tested=0 found=0 n=286580172741264580875375 elapsed=310s
progress: nodes=3,950,000,000 tested=0 found=0 n=7037247320535473981625 elapsed=310s
progress: nodes=3,960,000,000 tested=0 found=0 n=778519147368122924481375 elapsed=311s
progress: nodes=3,970,000,000 tested=0 found=0 n=253475420873891859801375 elapsed=312s
progress: nodes=3,980,000,000 tested=0 found=0 n=328503593705712119459625 elapsed=312s
progress: nodes=3,990,000,000 tested=0 found=0 n=50351346884492592589875 elapsed=313s
progress: nodes=4,000,000,000 tested=0 found=0 n=220613554091637771752625 elapsed=313s
progress: nodes=4,010,000,000 tested=0 found=0 n=658649401249864855495875 elapsed=314s
progress: nodes=4,020,000,000 tested=0 found=0 n=819781006954235504122875 elapsed=315s
progress: nodes=4,030,000,000 tested=0 found=0 n=490920513857916589201125 elapsed=315s
progress: nodes=4,040,000,000 tested=0 found=0 n=274962017895438056381625 elapsed=316s
progress: nodes=4,050,000,000 tested=0 found=0 n=153234980015552265760125 elapsed=317s
progress: nodes=4,060,000,000 tested=0 found=0 n=118094968818323339327625 elapsed=318s
progress: nodes=4,070,000,000 tested=0 found=0 n=200424877396823201500875 elapsed=318s
progress: nodes=4,080,000,000 tested=0 found=0 n=112198109186330010865875 elapsed=319s
progress: nodes=4,090,000,000 tested=0 found=0 n=373893323830748561839125 elapsed=319s
progress: nodes=4,100,000,000 tested=0 found=0 n=547088867941113938692875 elapsed=320s
progress: nodes=4,110,000,000 tested=0 found=0 n=6375020299613975932125 elapsed=321s
progress: nodes=4,120,000,000 tested=0 found=0 n=60764739900728772780375 elapsed=321s
progress: nodes=4,130,000,000 tested=0 found=0 n=333133701976677005378625 elapsed=322s
progress: nodes=4,140,000,000 tested=0 found=0 n=841796039697182033674875 elapsed=323s
progress: nodes=4,150,000,000 tested=0 found=0 n=940297387567090131791625 elapsed=323s
progress: nodes=4,160,000,000 tested=0 found=0 n=853572604122033662257125 elapsed=324s
progress: nodes=4,170,000,000 tested=0 found=0 n=100803885342228021205875 elapsed=325s
progress: nodes=4,180,000,000 tested=0 found=0 n=783047988000328399353375 elapsed=326s
progress: nodes=4,190,000,000 tested=0 found=0 n=8006445163511170380375 elapsed=326s
progress: nodes=4,200,000,000 tested=0 found=0 n=464041836067161229261125 elapsed=327s
progress: nodes=4,210,000,000 tested=0 found=0 n=961430883597630018691125 elapsed=327s
progress: nodes=4,220,000,000 tested=0 found=0 n=871414006847465331308625 elapsed=328s
progress: nodes=4,230,000,000 tested=0 found=0 n=448351818763045012780125 elapsed=329s
progress: nodes=4,240,000,000 tested=0 found=0 n=837970891875598033321125 elapsed=329s
progress: nodes=4,250,000,000 tested=0 found=0 n=677729898265039408627125 elapsed=330s
progress: nodes=4,260,000,000 tested=0 found=0 n=670699393787679967223625 elapsed=331s
progress: nodes=4,270,000,000 tested=0 found=0 n=109303036031038530982875 elapsed=332s
progress: nodes=4,280,000,000 tested=0 found=0 n=26158080711412862459625 elapsed=332s
progress: nodes=4,290,000,000 tested=0 found=0 n=71070275458819198450875 elapsed=333s
progress: nodes=4,300,000,000 tested=0 found=0 n=887180646014841843391125 elapsed=334s
progress: nodes=4,310,000,000 tested=0 found=0 n=391076281354103273016375 elapsed=334s
progress: nodes=4,320,000,000 tested=0 found=0 n=528244287702261173470875 elapsed=335s
progress: nodes=4,330,000,000 tested=0 found=0 n=997329788534526985411125 elapsed=336s
progress: nodes=4,340,000,000 tested=0 found=0 n=589041728332140118720125 elapsed=336s
progress: nodes=4,350,000,000 tested=0 found=0 n=255509389417838331412875 elapsed=337s
progress: nodes=4,360,000,000 tested=0 found=0 n=129220798068813456555375 elapsed=338s
progress: nodes=4,370,000,000 tested=0 found=0 n=28727374990888671454875 elapsed=339s
progress: nodes=4,380,000,000 tested=0 found=0 n=938814007248888283912875 elapsed=339s
progress: nodes=4,390,000,000 tested=0 found=0 n=749806254396661645619625 elapsed=340s
progress: nodes=4,400,000,000 tested=0 found=0 n=802940301739755477430125 elapsed=341s
progress: nodes=4,410,000,000 tested=0 found=0 n=944901454027561704925125 elapsed=342s
progress: nodes=4,420,000,000 tested=0 found=0 n=922198621722873509917875 elapsed=342s
progress: nodes=4,430,000,000 tested=0 found=0 n=30438153156780392291625 elapsed=343s
progress: nodes=4,440,000,000 tested=0 found=0 n=655753850751920469441375 elapsed=344s
progress: nodes=4,450,000,000 tested=0 found=0 n=811030586169703733864625 elapsed=345s
progress: nodes=4,460,000,000 tested=0 found=0 n=663937373892954486735375 elapsed=345s
progress: nodes=4,470,000,000 tested=0 found=0 n=502993918207612693792875 elapsed=346s
progress: nodes=4,480,000,000 tested=0 found=0 n=541799290295951974920375 elapsed=347s
progress: nodes=4,490,000,000 tested=0 found=0 n=981742750093387913696625 elapsed=348s
progress: nodes=4,500,000,000 tested=0 found=0 n=725945039479670976790125 elapsed=348s
progress: nodes=4,510,000,000 tested=0 found=0 n=799293117464569248745875 elapsed=349s
progress: nodes=4,520,000,000 tested=0 found=0 n=735203733284550178322625 elapsed=350s
progress: nodes=4,530,000,000 tested=0 found=0 n=982489141103222168479875 elapsed=351s
progress: nodes=4,540,000,000 tested=0 found=0 n=427357260098674489660125 elapsed=351s
progress: nodes=4,550,000,000 tested=0 found=0 n=740881395129457136648625 elapsed=352s
progress: nodes=4,560,000,000 tested=0 found=0 n=831411789093313341304125 elapsed=353s
progress: nodes=4,570,000,000 tested=0 found=0 n=442892683077222274813875 elapsed=354s
progress: nodes=4,580,000,000 tested=0 found=0 n=627382306632911972417625 elapsed=354s
progress: nodes=4,590,000,000 tested=0 found=0 n=627600221310905480077125 elapsed=355s
progress: nodes=4,600,000,000 tested=0 found=0 n=489400235241014564047875 elapsed=356s
progress: nodes=4,610,000,000 tested=0 found=0 n=421815072361271746465875 elapsed=357s
progress: nodes=4,620,000,000 tested=0 found=0 n=522952453216149683740125 elapsed=357s
progress: nodes=4,630,000,000 tested=0 found=0 n=571634128515953821912125 elapsed=358s
progress: nodes=4,640,000,000 tested=0 found=0 n=654209556421245352261125 elapsed=359s
progress: nodes=4,650,000,000 tested=0 found=0 n=574675141548976170525375 elapsed=360s
progress: nodes=4,660,000,000 tested=0 found=0 n=566237932884030044014125 elapsed=361s
progress: nodes=4,670,000,000 tested=0 found=0 n=240968746388836889401125 elapsed=361s
progress: nodes=4,680,000,000 tested=0 found=0 n=307399582660336166492625 elapsed=362s

done in 362.7s | nodes=4,686,634,443 | tested=0 | weird=0
