search v2: odd=True, N_CAP=1.00e+24, DELTA_MAX=1.0e+07, MIN_DEPTH=6
SPF shard: smallest prime factor = 3
P2 sub-shard: second prime factor = 5
P3 sub-sub-shard: third prime factor = 7
progress: nodes=10,000,000 tested=522 found=0 n=97078734803572888561125 elapsed=23s
progress: nodes=20,000,000 tested=522 found=0 n=203054367090452578057875 elapsed=64s
progress: nodes=30,000,000 tested=522 found=0 n=312055432692737951146125 elapsed=106s
progress: nodes=40,000,000 tested=522 found=0 n=423023246271905309921625 elapsed=149s
progress: nodes=50,000,000 tested=522 found=0 n=535444540789101948036375 elapsed=193s
progress: nodes=60,000,000 tested=522 found=0 n=649025866511931078400125 elapsed=238s
progress: nodes=70,000,000 tested=522 found=0 n=763572763075398636892875 elapsed=284s
progress: nodes=80,000,000 tested=522 found=0 n=878940984961120240653375 elapsed=330s
progress: nodes=90,000,000 tested=522 found=0 n=995036967774139766613375 elapsed=377s
progress: nodes=100,000,000 tested=522 found=0 n=94290340811564322056625 elapsed=401s
progress: nodes=110,000,000 tested=522 found=0 n=200152418030337090247125 elapsed=442s
progress: nodes=120,000,000 tested=522 found=0 n=309092207782676514165375 elapsed=484s
progress: nodes=130,000,000 tested=522 found=0 n=420018050740315858396125 elapsed=527s
progress: nodes=140,000,000 tested=522 found=0 n=532401340620114521138625 elapsed=571s
progress: nodes=150,000,000 tested=522 found=0 n=645957201772262340132375 elapsed=616s
progress: nodes=160,000,000 tested=522 found=0 n=760480210503053299867125 elapsed=661s
progress: nodes=170,000,000 tested=522 found=0 n=875829489438458125995375 elapsed=706s
progress: nodes=180,000,000 tested=522 found=0 n=991903650767094010708875 elapsed=753s
progress: nodes=190,000,000 tested=522 found=0 n=91512538064257831686375 elapsed=777s
progress: nodes=200,000,000 tested=522 found=0 n=197264914992536313727875 elapsed=819s
progress: nodes=210,000,000 tested=522 found=0 n=306139227025158341752875 elapsed=862s
progress: nodes=220,000,000 tested=522 found=0 n=417019283497653938532375 elapsed=906s
progress: nodes=230,000,000 tested=522 found=0 n=529370448619894354979625 elapsed=951s
progress: nodes=240,000,000 tested=522 found=0 n=642895575835901797297875 elapsed=996s
progress: nodes=250,000,000 tested=522 found=0 n=757405006819861920426375 elapsed=1042s
progress: nodes=260,000,000 tested=522 found=0 n=872731925805276039055875 elapsed=1088s
progress: nodes=270,000,000 tested=522 found=0 n=988788790032192986951625 elapsed=1134s
progress: nodes=280,000,000 tested=522 found=0 n=88752033811140027901125 elapsed=1159s
progress: nodes=290,000,000 tested=522 found=0 n=194389643944487569249875 elapsed=1200s
progress: nodes=300,000,000 tested=522 found=0 n=303203795801691533550375 elapsed=1242s
progress: nodes=310,000,000 tested=522 found=0 n=414043314515587221315375 elapsed=1288s
progress: nodes=320,000,000 tested=522 found=0 n=526360087619907868264875 elapsed=1335s
progress: nodes=330,000,000 tested=522 found=0 n=639863136760908700444875 elapsed=1383s
progress: nodes=340,000,000 tested=522 found=0 n=754347955009631498457375 elapsed=1441s
progress: nodes=350,000,000 tested=522 found=0 n=869657565017492992395375 elapsed=1487s
progress: nodes=360,000,000 tested=522 found=0 n=985701006018080825447625 elapsed=1533s
progress: nodes=370,000,000 tested=522 found=0 n=86012669534626757398875 elapsed=1558s
progress: nodes=380,000,000 tested=522 found=0 n=191538277372131272653875 elapsed=1600s
progress: nodes=390,000,000 tested=522 found=0 n=300291173231245201196625 elapsed=1644s
progress: nodes=400,000,000 tested=522 found=0 n=411081608157859207608375 elapsed=1690s
progress: nodes=410,000,000 tested=522 found=0 n=523369850719331968172625 elapsed=1734s
progress: nodes=420,000,000 tested=522 found=0 n=636842066441785920531375 elapsed=1779s
progress: nodes=430,000,000 tested=522 found=0 n=751301213307244775245875 elapsed=1824s
progress: nodes=440,000,000 tested=522 found=0 n=866593629446384611440375 elapsed=1870s
progress: nodes=450,000,000 tested=522 found=0 n=982615756821326461467375 elapsed=1917s
progress: nodes=460,000,000 tested=522 found=0 n=83287439613355346882625 elapsed=1942s
progress: nodes=470,000,000 tested=522 found=0 n=188693622826418305309875 elapsed=1983s
progress: nodes=480,000,000 tested=522 found=0 n=297384917142789091289625 elapsed=2026s
progress: nodes=490,000,000 tested=522 found=0 n=408126353916579637975125 elapsed=2073s
progress: nodes=500,000,000 tested=522 found=0 n=520383510024645510051375 elapsed=2120s
progress: nodes=510,000,000 tested=522 found=0 n=633829536443364465836625 elapsed=2169s
progress: nodes=520,000,000 tested=522 found=0 n=748257573268160031712125 elapsed=2216s
progress: nodes=530,000,000 tested=522 found=0 n=863531820807472472688375 elapsed=2260s
progress: nodes=540,000,000 tested=522 found=0 n=979541126739657804123375 elapsed=2305s
progress: nodes=550,000,000 tested=522 found=0 n=80562976933852893734625 elapsed=2330s
progress: nodes=560,000,000 tested=522 found=0 n=185855503040609410624875 elapsed=2371s
progress: nodes=570,000,000 tested=522 found=0 n=294475582689948713683875 elapsed=2413s
progress: nodes=580,000,000 tested=522 found=0 n=405171144107810382757875 elapsed=2456s
progress: nodes=590,000,000 tested=522 found=0 n=517397714868111245314125 elapsed=2500s
progress: nodes=600,000,000 tested=522 found=0 n=630815427651037179707625 elapsed=2544s
progress: nodes=610,000,000 tested=522 found=0 n=745220716980447221432625 elapsed=2588s
progress: nodes=620,000,000 tested=522 found=0 n=860480541869351475888375 elapsed=2633s
progress: nodes=630,000,000 tested=522 found=0 n=976470821588324070285375 elapsed=2678s
progress: nodes=640,000,000 tested=522 found=0 n=77857671571101223953375 elapsed=2703s
progress: nodes=650,000,000 tested=522 found=0 n=183027349932512696606625 elapsed=2743s
progress: nodes=660,000,000 tested=522 found=0 n=291586531100983352170125 elapsed=2786s
progress: nodes=670,000,000 tested=522 found=0 n=402240529531087559137875 elapsed=2830s
progress: nodes=680,000,000 tested=522 found=0 n=514432163073855504631125 elapsed=2873s
progress: nodes=690,000,000 tested=522 found=0 n=627825667795943701583625 elapsed=2916s
progress: nodes=700,000,000 tested=522 found=0 n=742205940951718263355125 elapsed=2961s
progress: nodes=710,000,000 tested=522 found=0 n=857446385925593243868375 elapsed=3005s
progress: nodes=720,000,000 tested=522 found=0 n=973423551278115884806125 elapsed=3051s
progress: nodes=730,000,000 tested=522 found=0 n=75174118446359408125125 elapsed=3077s
progress: nodes=740,000,000 tested=522 found=0 n=180223068496783913482875 elapsed=3118s
progress: nodes=750,000,000 tested=522 found=0 n=288717570892531219921125 elapsed=3160s
progress: nodes=760,000,000 tested=522 found=0 n=399324155129653809223875 elapsed=3202s
progress: nodes=770,000,000 tested=522 found=0 n=511480747682086925182125 elapsed=3245s
progress: nodes=780,000,000 tested=522 found=0 n=624852149485612236617625 elapsed=3289s
progress: nodes=790,000,000 tested=522 found=0 n=739215723395221739669625 elapsed=3333s
progress: nodes=800,000,000 tested=522 found=0 n=854431713309593373630375 elapsed=3378s
progress: nodes=810,000,000 tested=522 found=0 n=970392357053719094956125 elapsed=3423s
progress: nodes=820,000,000 tested=522 found=0 n=72512486719051885613625 elapsed=3449s
progress: nodes=830,000,000 tested=522 found=0 n=177440023988020139238375 elapsed=3490s
progress: nodes=840,000,000 tested=522 found=0 n=285869843060532968346375 elapsed=3532s
progress: nodes=850,000,000 tested=522 found=0 n=396433081825832943803625 elapsed=3574s

done in 3600.0s | nodes=855,928,832 | tested=522 | weird=0
