search v2: odd=True, N_CAP=1.00e+24, DELTA_MAX=1.0e+07, MIN_DEPTH=6
SPF shard: smallest prime factor = 3
P2 sub-shard: second prime factor = 5
P3 sub-sub-shard: third prime factor = 7
progress: nodes=10,000,000 tested=7,874 found=0 n=18117800234656687552995 elapsed=25s
progress: nodes=20,000,000 tested=7,874 found=0 n=38481359945097919497165 elapsed=65s
progress: nodes=30,000,000 tested=7,874 found=0 n=59437004308572152328255 elapsed=106s
progress: nodes=40,000,000 tested=7,874 found=0 n=80774996327970615338535 elapsed=149s
progress: nodes=50,000,000 tested=7,874 found=0 n=102393296917346307740805 elapsed=192s
progress: nodes=60,000,000 tested=7,874 found=0 n=124237285253073811771785 elapsed=235s
progress: nodes=70,000,000 tested=7,874 found=0 n=146267444296025735958135 elapsed=279s
progress: nodes=80,000,000 tested=7,874 found=0 n=168456296005950253939155 elapsed=324s
progress: nodes=90,000,000 tested=7,874 found=0 n=190785198966089718541635 elapsed=368s
progress: nodes=100,000,000 tested=7,874 found=0 n=213238533482865310833315 elapsed=413s
progress: nodes=110,000,000 tested=7,874 found=0 n=235803393006707787520455 elapsed=458s
progress: nodes=120,000,000 tested=7,874 found=0 n=258467127262102696442715 elapsed=504s
progress: nodes=130,000,000 tested=7,874 found=0 n=281222221957666440531255 elapsed=550s
progress: nodes=140,000,000 tested=7,874 found=0 n=304064457394044393320715 elapsed=596s
progress: nodes=150,000,000 tested=7,874 found=0 n=326987113309301408958855 elapsed=642s
progress: nodes=160,000,000 tested=7,874 found=0 n=349981676573422306901985 elapsed=688s
progress: nodes=170,000,000 tested=7,874 found=0 n=373043736331814870577045 elapsed=734s
progress: nodes=180,000,000 tested=7,874 found=0 n=396170348793820212325455 elapsed=781s
progress: nodes=190,000,000 tested=7,874 found=0 n=419363531382407360053095 elapsed=828s
progress: nodes=200,000,000 tested=7,874 found=0 n=442613435191565709595545 elapsed=875s
progress: nodes=210,000,000 tested=7,874 found=0 n=465915401495076279185145 elapsed=929s
progress: nodes=220,000,000 tested=7,874 found=0 n=489273528787269421120065 elapsed=988s
progress: nodes=230,000,000 tested=7,874 found=0 n=512679667343142076709715 elapsed=1048s
progress: nodes=240,000,000 tested=7,874 found=0 n=536136136863011507008305 elapsed=1107s
progress: nodes=250,000,000 tested=7,874 found=0 n=559635618411945718024095 elapsed=1167s
progress: nodes=260,000,000 tested=7,874 found=0 n=583182511501259091312765 elapsed=1227s
progress: nodes=270,000,000 tested=7,874 found=0 n=606765729967414203221595 elapsed=1288s
progress: nodes=280,000,000 tested=7,874 found=0 n=630394917697177825008285 elapsed=1349s
progress: nodes=290,000,000 tested=7,874 found=0 n=654060369886179997358835 elapsed=1408s
progress: nodes=300,000,000 tested=7,874 found=0 n=677769987547554211175355 elapsed=1467s
progress: nodes=310,000,000 tested=7,874 found=0 n=701509104453241890930915 elapsed=1527s
progress: nodes=320,000,000 tested=7,874 found=0 n=725288009586421499334585 elapsed=1587s
progress: nodes=330,000,000 tested=7,874 found=0 n=749098599645504821007645 elapsed=1648s
progress: nodes=340,000,000 tested=7,874 found=0 n=772947972161445366454455 elapsed=1708s
progress: nodes=350,000,000 tested=7,874 found=0 n=796827343656106220550435 elapsed=1767s
progress: nodes=360,000,000 tested=7,874 found=0 n=820740597311599570912005 elapsed=1828s
progress: nodes=370,000,000 tested=7,874 found=0 n=844677100065319292636235 elapsed=1888s
progress: nodes=380,000,000 tested=7,874 found=0 n=868644878546697864410295 elapsed=1948s
progress: nodes=390,000,000 tested=7,874 found=0 n=892644505381205253963405 elapsed=2007s
progress: nodes=400,000,000 tested=7,874 found=0 n=916671163036732789284585 elapsed=2068s
progress: nodes=410,000,000 tested=7,874 found=0 n=940727974695777711825795 elapsed=2132s
progress: nodes=420,000,000 tested=7,874 found=0 n=964812874201288443236115 elapsed=2199s
progress: nodes=430,000,000 tested=7,874 found=0 n=988917395056725346932195 elapsed=2266s
progress: nodes=440,000,000 tested=7,874 found=0 n=9945732637429394214465 elapsed=2302s
progress: nodes=450,000,000 tested=7,874 found=0 n=29913501702236980687335 elapsed=2341s
progress: nodes=460,000,000 tested=7,874 found=0 n=50659794948412410857145 elapsed=2381s
progress: nodes=470,000,000 tested=7,874 found=0 n=71855293720215957272055 elapsed=2423s
progress: nodes=480,000,000 tested=7,874 found=0 n=93366308942841887396955 elapsed=2466s
progress: nodes=490,000,000 tested=7,874 found=0 n=115120662888421708579845 elapsed=2511s
progress: nodes=500,000,000 tested=7,874 found=0 n=137079945284200817357655 elapsed=2556s
progress: nodes=510,000,000 tested=7,874 found=0 n=159204723059528825369985 elapsed=2602s
progress: nodes=520,000,000 tested=7,874 found=0 n=181477874590234087591845 elapsed=2646s
progress: nodes=530,000,000 tested=7,874 found=0 n=203883166819632979149345 elapsed=2690s
progress: nodes=540,000,000 tested=7,874 found=0 n=226400509930030043023395 elapsed=2735s
progress: nodes=550,000,000 tested=7,874 found=0 n=249023885819778875122065 elapsed=2781s
progress: nodes=560,000,000 tested=7,874 found=0 n=271741447762625483851635 elapsed=2828s
progress: nodes=570,000,000 tested=7,874 found=0 n=294551099327475202283505 elapsed=2876s
progress: nodes=580,000,000 tested=7,874 found=0 n=317441243763324805722255 elapsed=2923s
progress: nodes=590,000,000 tested=7,874 found=0 n=340406270911332082778895 elapsed=2970s
progress: nodes=600,000,000 tested=7,874 found=0 n=363442726701708495546915 elapsed=3016s
progress: nodes=610,000,000 tested=7,874 found=0 n=386541400701811081486095 elapsed=3062s
progress: nodes=620,000,000 tested=7,874 found=0 n=409707489666033724879665 elapsed=3109s
progress: nodes=630,000,000 tested=7,874 found=0 n=432934216534258575582285 elapsed=3157s
progress: nodes=640,000,000 tested=7,874 found=0 n=456215903297218214046855 elapsed=3208s
progress: nodes=650,000,000 tested=7,874 found=0 n=479550744251336512325655 elapsed=3269s
progress: nodes=660,000,000 tested=7,874 found=0 n=502937141655640921655265 elapsed=3328s
progress: nodes=670,000,000 tested=7,874 found=0 n=526373567930279696754645 elapsed=3387s
progress: nodes=680,000,000 tested=7,874 found=0 n=549855469954613869119045 elapsed=3448s
progress: nodes=690,000,000 tested=7,874 found=0 n=573383338646425827186555 elapsed=3509s
progress: nodes=700,000,000 tested=7,874 found=0 n=596949349570303331101815 elapsed=3569s
progress: nodes=710,000,000 tested=7,874 found=0 n=620563156602380409726315 elapsed=3628s
progress: nodes=720,000,000 tested=7,874 found=0 n=644212583847312355727145 elapsed=3687s
progress: nodes=730,000,000 tested=7,874 found=0 n=667904570323971927887115 elapsed=3747s
progress: nodes=740,000,000 tested=7,874 found=0 n=691631906241975242606685 elapsed=3807s
progress: nodes=750,000,000 tested=7,874 found=0 n=715393873185055389976455 elapsed=3867s
progress: nodes=760,000,000 tested=7,874 found=0 n=739194704767669475936205 elapsed=3926s
progress: nodes=770,000,000 tested=7,874 found=0 n=763027902473550504884415 elapsed=3985s
progress: nodes=780,000,000 tested=7,874 found=0 n=786892099631285460484665 elapsed=4045s
progress: nodes=790,000,000 tested=7,874 found=0 n=810794358146740125583215 elapsed=4105s
progress: nodes=800,000,000 tested=7,874 found=0 n=834721024329704965007205 elapsed=4166s
progress: nodes=810,000,000 tested=7,874 found=0 n=858677599736329209904935 elapsed=4225s
progress: nodes=820,000,000 tested=7,874 found=0 n=882661043281146177598515 elapsed=4283s
progress: nodes=830,000,000 tested=7,874 found=0 n=906677027931905625109365 elapsed=4342s
progress: nodes=840,000,000 tested=7,874 found=0 n=930722480043339299281245 elapsed=4407s
progress: nodes=850,000,000 tested=7,874 found=0 n=954794211275652124498695 elapsed=4474s
progress: nodes=860,000,000 tested=7,874 found=0 n=978890333580479484894555 elapsed=4538s
progress: nodes=870,000,000 tested=7,874 found=0 n=2180327627682153642105 elapsed=4595s
progress: nodes=880,000,000 tested=7,874 found=0 n=21482249995833705366435 elapsed=4623s
progress: nodes=890,000,000 tested=7,874 found=0 n=41970935405856994110315 elapsed=4663s
progress: nodes=900,000,000 tested=7,874 found=0 n=63001323117627008978115 elapsed=4704s
progress: nodes=910,000,000 tested=7,874 found=0 n=84392325638124002960265 elapsed=4748s
progress: nodes=920,000,000 tested=7,874 found=0 n=106053362563918615026615 elapsed=4792s
progress: nodes=930,000,000 tested=7,874 found=0 n=127932529587631267929255 elapsed=4836s
progress: nodes=940,000,000 tested=7,874 found=0 n=149992318172859809209605 elapsed=4880s
progress: nodes=950,000,000 tested=7,874 found=0 n=172205590855494918083985 elapsed=4924s
progress: nodes=960,000,000 tested=7,874 found=0 n=194557982114395308465945 elapsed=4968s
progress: nodes=970,000,000 tested=7,874 found=0 n=217030928003245610131815 elapsed=5013s
progress: nodes=980,000,000 tested=7,874 found=0 n=239611468357875147566445 elapsed=5060s
progress: nodes=990,000,000 tested=7,874 found=0 n=262295039024188187454045 elapsed=5107s
progress: nodes=1,000,000,000 tested=7,874 found=0 n=285064355581924365399015 elapsed=5154s
progress: nodes=1,010,000,000 tested=7,874 found=0 n=307921443089558522344155 elapsed=5199s
progress: nodes=1,020,000,000 tested=7,874 found=0 n=330858178205677577453565 elapsed=5245s
progress: nodes=1,030,000,000 tested=7,874 found=0 n=353867360208870680329185 elapsed=5291s
progress: nodes=1,040,000,000 tested=7,874 found=0 n=376939848396916279732005 elapsed=5338s
progress: nodes=1,050,000,000 tested=7,874 found=0 n=400078066748003295749055 elapsed=5386s
progress: nodes=1,060,000,000 tested=7,874 found=0 n=423282468169400582848455 elapsed=5433s
progress: nodes=1,070,000,000 tested=7,874 found=0 n=446542342958705201098065 elapsed=5481s
progress: nodes=1,080,000,000 tested=7,874 found=0 n=469855859110216000304715 elapsed=5537s
progress: nodes=1,090,000,000 tested=7,874 found=0 n=493219759304772100420785 elapsed=5596s
progress: nodes=1,100,000,000 tested=7,874 found=0 n=516636643347734977743795 elapsed=5656s
progress: nodes=1,110,000,000 tested=7,874 found=0 n=540101133490457751761745 elapsed=5717s
progress: nodes=1,120,000,000 tested=7,874 found=0 n=563609929769913319116705 elapsed=5778s
progress: nodes=1,130,000,000 tested=7,874 found=0 n=587163094366320409364595 elapsed=5836s
progress: nodes=1,140,000,000 tested=7,874 found=0 n=610756720009177773383415 elapsed=5895s
progress: nodes=1,150,000,000 tested=7,874 found=0 n=634393506496360790405205 elapsed=5953s
progress: nodes=1,160,000,000 tested=7,874 found=0 n=658066436706158507436885 elapsed=6014s
progress: nodes=1,170,000,000 tested=7,874 found=0 n=681783125404613923372185 elapsed=6075s
progress: nodes=1,180,000,000 tested=7,874 found=0 n=705529048469014330453305 elapsed=6133s
progress: nodes=1,190,000,000 tested=7,874 found=0 n=729313611707784106606995 elapsed=6192s
progress: nodes=1,200,000,000 tested=7,874 found=0 n=753132153705201600326955 elapsed=6250s
progress: nodes=1,210,000,000 tested=7,874 found=0 n=776987397576724214428695 elapsed=6311s
progress: nodes=1,220,000,000 tested=7,874 found=0 n=800873410363170939291105 elapsed=6372s
progress: nodes=1,230,000,000 tested=7,874 found=0 n=824789527198351643007135 elapsed=6432s
progress: nodes=1,240,000,000 tested=7,874 found=0 n=848732138898692026589415 elapsed=6491s
progress: nodes=1,250,000,000 tested=7,874 found=0 n=872705960027195290793055 elapsed=6549s
progress: nodes=1,260,000,000 tested=7,874 found=0 n=896712274731419184859065 elapsed=6608s
progress: nodes=1,270,000,000 tested=7,874 found=0 n=920747351568035015875935 elapsed=6672s
progress: nodes=1,280,000,000 tested=7,874 found=0 n=944807587235381067381855 elapsed=6737s
progress: nodes=1,290,000,000 tested=7,874 found=0 n=968897380773864148939395 elapsed=6802s
progress: nodes=1,300,000,000 tested=7,874 found=0 n=993007086897190451224005 elapsed=6866s
progress: nodes=1,310,000,000 tested=7,874 found=0 n=13243536098651955999735 elapsed=6897s
progress: nodes=1,320,000,000 tested=7,874 found=0 n=33391431376824044935215 elapsed=6938s
progress: nodes=1,330,000,000 tested=7,874 found=0 n=54230748782025645175815 elapsed=6980s
progress: nodes=1,340,000,000 tested=7,874 found=0 n=75484856736291588070905 elapsed=7023s
progress: nodes=1,350,000,000 tested=7,874 found=0 n=97042420424384116035795 elapsed=7066s
progress: nodes=1,360,000,000 tested=7,874 found=0 n=118835059266444340179045 elapsed=7109s
progress: nodes=1,370,000,000 tested=7,874 found=0 n=140825248307999942052555 elapsed=7152s
progress: nodes=1,380,000,000 tested=7,874 found=0 n=162976505386237342438905 elapsed=7196s
progress: nodes=1,390,000,000 tested=7,874 found=0 n=185275143755600168030985 elapsed=7241s
progress: nodes=1,400,000,000 tested=7,874 found=0 n=207700122090360316982985 elapsed=7287s
progress: nodes=1,410,000,000 tested=7,874 found=0 n=230238188911745643966435 elapsed=7333s
progress: nodes=1,420,000,000 tested=7,874 found=0 n=252880024006717614846045 elapsed=7379s
progress: nodes=1,430,000,000 tested=7,874 found=0 n=275612774610961837528605 elapsed=7425s
progress: nodes=1,440,000,000 tested=7,874 found=0 n=298437082911041721729705 elapsed=7471s
progress: nodes=1,450,000,000 tested=7,874 found=0 n=321341319595225570215015 elapsed=7516s
progress: nodes=1,460,000,000 tested=7,874 found=0 n=344320661016843767711595 elapsed=7564s
progress: nodes=1,470,000,000 tested=7,874 found=0 n=367367704489501811449515 elapsed=7611s
progress: nodes=1,480,000,000 tested=7,874 found=0 n=390480232085251883379315 elapsed=7658s
progress: nodes=1,490,000,000 tested=7,874 found=0 n=413657215927465012700085 elapsed=7705s
progress: nodes=1,500,000,000 tested=7,874 found=0 n=436893680068111272708135 elapsed=7752s
progress: nodes=1,510,000,000 tested=7,874 found=0 n=460183875288392038249305 elapsed=7803s
progress: nodes=1,520,000,000 tested=7,874 found=0 n=483530166985986077199795 elapsed=7862s
progress: nodes=1,530,000,000 tested=7,874 found=0 n=506925577447811866133685 elapsed=7923s
progress: nodes=1,540,000,000 tested=7,874 found=0 n=530371077621300245648115 elapsed=7984s
progress: nodes=1,550,000,000 tested=7,874 found=0 n=553861751638682046376215 elapsed=8043s
progress: nodes=1,560,000,000 tested=7,874 found=0 n=577397319055383453476535 elapsed=8101s
progress: nodes=1,570,000,000 tested=7,874 found=0 n=600971618283543370983105 elapsed=8160s
progress: nodes=1,580,000,000 tested=7,874 found=0 n=624593677747801060510785 elapsed=8221s
progress: nodes=1,590,000,000 tested=7,874 found=0 n=648251249057654014085355 elapsed=8281s
progress: nodes=1,600,000,000 tested=7,874 found=0 n=671949300388511011482315 elapsed=8340s
progress: nodes=1,610,000,000 tested=7,874 found=0 n=695682589632585554159685 elapsed=8398s
progress: nodes=1,620,000,000 tested=7,874 found=0 n=719453699400806840365245 elapsed=8457s
progress: nodes=1,630,000,000 tested=7,874 found=0 n=743258211903371629562895 elapsed=8517s
progress: nodes=1,640,000,000 tested=7,874 found=0 n=767101375550191674560715 elapsed=8578s
progress: nodes=1,650,000,000 tested=7,874 found=0 n=790970953084519083254595 elapsed=8638s
progress: nodes=1,660,000,000 tested=7,874 found=0 n=814879749164445473506515 elapsed=8697s
progress: nodes=1,670,000,000 tested=7,874 found=0 n=838810394712628404327135 elapsed=8756s
progress: nodes=1,680,000,000 tested=7,874 found=0 n=862771703881448492283915 elapsed=8815s
progress: nodes=1,690,000,000 tested=7,874 found=0 n=886762712865883518281295 elapsed=8875s
progress: nodes=1,700,000,000 tested=7,874 found=0 n=910786618524004129702935 elapsed=8936s
progress: nodes=1,710,000,000 tested=7,874 found=0 n=934836534523544989981365 elapsed=9000s
progress: nodes=1,720,000,000 tested=7,874 found=0 n=958913507017298307289185 elapsed=9065s
progress: nodes=1,730,000,000 tested=7,874 found=0 n=983015799349614847698105 elapsed=9130s
progress: nodes=1,740,000,000 tested=7,874 found=0 n=5298865290893151385065 elapsed=9177s
progress: nodes=1,750,000,000 tested=7,874 found=0 n=24935151591900866910195 elapsed=9212s
progress: nodes=1,760,000,000 tested=7,874 found=0 n=45538889705432026118145 elapsed=9253s
progress: nodes=1,770,000,000 tested=7,874 found=0 n=66640189854853501371135 elapsed=9295s
progress: nodes=1,780,000,000 tested=7,874 found=0 n=88082021852880855124185 elapsed=9337s
progress: nodes=1,790,000,000 tested=7,874 found=0 n=109784276771465720323935 elapsed=9380s
progress: nodes=1,800,000,000 tested=7,874 found=0 n=131697995723363482814835 elapsed=9423s
progress: nodes=1,810,000,000 tested=7,874 found=0 n=153785857102305275135295 elapsed=9468s
progress: nodes=1,820,000,000 tested=7,874 found=0 n=176026829730763388989185 elapsed=9514s
progress: nodes=1,830,000,000 tested=7,874 found=0 n=198401004858682377878805 elapsed=9559s
progress: nodes=1,840,000,000 tested=7,874 found=0 n=220892448343488583295655 elapsed=9604s
progress: nodes=1,850,000,000 tested=7,874 found=0 n=243491312317870628000955 elapsed=9650s
progress: nodes=1,860,000,000 tested=7,874 found=0 n=266190518535290913447765 elapsed=9695s
progress: nodes=1,870,000,000 tested=7,874 found=0 n=288979173588192985292535 elapsed=9741s
progress: nodes=1,880,000,000 tested=7,874 found=0 n=311848768203286288340205 elapsed=9788s
progress: nodes=1,890,000,000 tested=7,874 found=0 n=334798298014906423627965 elapsed=9835s
progress: nodes=1,900,000,000 tested=7,874 found=0 n=357820728471989165330955 elapsed=9882s
progress: nodes=1,910,000,000 tested=7,874 found=0 n=380905807734168829746165 elapsed=9928s
progress: nodes=1,920,000,000 tested=7,874 found=0 n=404054788054891449548205 elapsed=9975s
progress: nodes=1,930,000,000 tested=7,874 found=0 n=427269097099719721945035 elapsed=10021s
progress: nodes=1,940,000,000 tested=7,874 found=0 n=450539434875354558443955 elapsed=10068s
progress: nodes=1,950,000,000 tested=7,874 found=0 n=473862967898407250990085 elapsed=10128s
progress: nodes=1,960,000,000 tested=7,874 found=0 n=497236455351244525624155 elapsed=10188s
progress: nodes=1,970,000,000 tested=7,874 found=0 n=520662220236484437926745 elapsed=10248s
progress: nodes=1,980,000,000 tested=7,874 found=0 n=544135181064677888020965 elapsed=10307s
progress: nodes=1,990,000,000 tested=7,874 found=0 n=567653398639119570149505 elapsed=10366s
progress: nodes=2,000,000,000 tested=7,874 found=0 n=591212382409622872258605 elapsed=10425s
progress: nodes=2,010,000,000 tested=7,874 found=0 n=614815519825746136384515 elapsed=10486s
progress: nodes=2,020,000,000 tested=7,874 found=0 n=638459584354914691188645 elapsed=10545s
progress: nodes=2,030,000,000 tested=7,874 found=0 n=662137197554285891874765 elapsed=10604s
progress: nodes=2,040,000,000 tested=7,874 found=0 n=685860181780374145560645 elapsed=10663s
progress: nodes=2,050,000,000 tested=7,874 found=0 n=709615319362558595032095 elapsed=10721s
progress: nodes=2,060,000,000 tested=7,874 found=0 n=733408335668297414171655 elapsed=10782s
progress: nodes=2,070,000,000 tested=7,874 found=0 n=757234462218984413467335 elapsed=10842s
progress: nodes=2,080,000,000 tested=7,874 found=0 n=781091976404611629837135 elapsed=10901s
progress: nodes=2,090,000,000 tested=7,874 found=0 n=804987079621207730376255 elapsed=10961s
progress: nodes=2,100,000,000 tested=7,874 found=0 n=828909220672399549992435 elapsed=11020s
progress: nodes=2,110,000,000 tested=7,874 found=0 n=852857122726037283854895 elapsed=11080s
progress: nodes=2,120,000,000 tested=7,874 found=0 n=876836744752302136937295 elapsed=11140s
progress: nodes=2,130,000,000 tested=7,874 found=0 n=900846276330090618283455 elapsed=11198s
progress: nodes=2,140,000,000 tested=7,874 found=0 n=924887260875954984571845 elapsed=11261s
progress: nodes=2,150,000,000 tested=7,874 found=0 n=948953111927507471593935 elapsed=11325s
progress: nodes=2,160,000,000 tested=7,890 found=0 n=973045569320856122062545 elapsed=11392s
progress: nodes=2,170,000,000 tested=7,890 found=0 n=997164026781307889458815 elapsed=11458s
progress: nodes=2,180,000,000 tested=7,890 found=0 n=16641380080534711216995 elapsed=11485s
progress: nodes=2,190,000,000 tested=7,890 found=0 n=36946063884734535701835 elapsed=11525s
progress: nodes=2,200,000,000 tested=7,890 found=0 n=57869496801338324457285 elapsed=11565s
progress: nodes=2,210,000,000 tested=7,890 found=0 n=79185463208803088720415 elapsed=11608s
progress: nodes=2,220,000,000 tested=7,890 found=0 n=100787571351310808779605 elapsed=11650s
progress: nodes=2,230,000,000 tested=7,890 found=0 n=122618299101060959572635 elapsed=11694s
progress: nodes=2,240,000,000 tested=7,890 found=0 n=144638306008340773213935 elapsed=11739s
progress: nodes=2,250,000,000 tested=7,890 found=0 n=166818843614261082734595 elapsed=11785s
progress: nodes=2,260,000,000 tested=7,890 found=0 n=189139493691598741704945 elapsed=11829s
progress: nodes=2,270,000,000 tested=7,890 found=0 n=211586289467892830688645 elapsed=11874s
progress: nodes=2,280,000,000 tested=7,890 found=0 n=234146706183951762565035 elapsed=11919s
progress: nodes=2,290,000,000 tested=7,890 found=0 n=256805270558405179955505 elapsed=11964s
progress: nodes=2,300,000,000 tested=7,890 found=0 n=279556768948580440074765 elapsed=12011s
progress: nodes=2,310,000,000 tested=7,890 found=0 n=302394324690674358964605 elapsed=12058s
progress: nodes=2,320,000,000 tested=7,890 found=0 n=325313723929477690181565 elapsed=12105s
progress: nodes=2,330,000,000 tested=7,890 found=0 n=348307862690820493129095 elapsed=12151s
progress: nodes=2,340,000,000 tested=7,890 found=0 n=371366449403310277789635 elapsed=12197s
progress: nodes=2,350,000,000 tested=7,890 found=0 n=394490791626764690482065 elapsed=12244s
progress: nodes=2,360,000,000 tested=7,890 found=0 n=417680438521953546598365 elapsed=12290s
progress: nodes=2,370,000,000 tested=7,890 found=0 n=440931359636579040125085 elapsed=12338s
progress: nodes=2,380,000,000 tested=7,890 found=0 n=464230219499152621032735 elapsed=12393s
progress: nodes=2,390,000,000 tested=7,890 found=0 n=487587119135315718090285 elapsed=12453s
progress: nodes=2,400,000,000 tested=7,890 found=0 n=510992919912024048702735 elapsed=12512s
progress: nodes=2,410,000,000 tested=7,890 found=0 n=534446703764302819423185 elapsed=12571s
progress: nodes=2,420,000,000 tested=7,890 found=0 n=557945811034810866627435 elapsed=12630s
progress: nodes=2,430,000,000 tested=7,890 found=0 n=581493512303760452187645 elapsed=12690s
progress: nodes=2,440,000,000 tested=7,890 found=0 n=605074755087068292243315 elapsed=12750s
progress: nodes=2,450,000,000 tested=7,890 found=0 n=628703008049173513264515 elapsed=12809s
progress: nodes=2,460,000,000 tested=7,906 found=0 n=652368492012384659837115 elapsed=12868s
progress: nodes=2,470,000,000 tested=7,906 found=0 n=676078118514368946974745 elapsed=12927s
progress: nodes=2,480,000,000 tested=7,906 found=0 n=699818255025543005898735 elapsed=12986s
progress: nodes=2,490,000,000 tested=7,906 found=0 n=723598205934847025847015 elapsed=13046s
progress: nodes=2,500,000,000 tested=7,906 found=0 n=747408492063853625785815 elapsed=13106s
progress: nodes=2,510,000,000 tested=7,906 found=0 n=771256282092456370197645 elapsed=13165s
progress: nodes=2,520,000,000 tested=7,906 found=0 n=795134529189202285034595 elapsed=13224s
progress: nodes=2,530,000,000 tested=7,906 found=0 n=819049231658704711828905 elapsed=13284s
progress: nodes=2,540,000,000 tested=7,906 found=0 n=842985682394184385124355 elapsed=13345s
progress: nodes=2,550,000,000 tested=7,906 found=0 n=866954656999459864526985 elapsed=13405s
progress: nodes=2,560,000,000 tested=7,906 found=0 n=890955201065107697718885 elapsed=13462s
progress: nodes=2,570,000,000 tested=7,906 found=0 n=914982387502374147695445 elapsed=13523s
progress: nodes=2,580,000,000 tested=7,906 found=0 n=939039959789471078170695 elapsed=13588s
progress: nodes=2,590,000,000 tested=7,906 found=0 n=963123722348455331266365 elapsed=13654s
progress: nodes=2,600,000,000 tested=7,906 found=0 n=987229747247786011541565 elapsed=13720s
progress: nodes=2,610,000,000 tested=7,906 found=0 n=8603072596323395158185 elapsed=13758s
progress: nodes=2,620,000,000 tested=7,906 found=0 n=28489577260329630458055 elapsed=13796s
progress: nodes=2,630,000,000 tested=7,906 found=0 n=49198315272690897293085 elapsed=13837s
progress: nodes=2,640,000,000 tested=7,906 found=0 n=70369173354678130863945 elapsed=13878s
progress: nodes=2,650,000,000 tested=7,906 found=0 n=91862938864995808214565 elapsed=13922s
progress: nodes=2,660,000,000 tested=7,906 found=0 n=113606058930487891167645 elapsed=13966s
progress: nodes=2,670,000,000 tested=7,906 found=0 n=135552805811216181049095 elapsed=14010s
progress: nodes=2,680,000,000 tested=7,906 found=0 n=157669194050351531887815 elapsed=14055s
progress: nodes=2,690,000,000 tested=7,906 found=0 n=179935600234615585287795 elapsed=14099s
progress: nodes=2,700,000,000 tested=7,906 found=0 n=202334691297829886106885 elapsed=14144s
progress: nodes=2,710,000,000 tested=7,906 found=0 n=224847818201128968197415 elapsed=14188s
progress: nodes=2,720,000,000 tested=7,906 found=0 n=247465271234160297291645 elapsed=14235s
progress: nodes=2,730,000,000 tested=7,906 found=0 n=270178954139674187864235 elapsed=14282s
progress: nodes=2,740,000,000 tested=7,906 found=0 n=292984760595489874092405 elapsed=14328s
progress: nodes=2,750,000,000 tested=7,906 found=0 n=315871559665963054554465 elapsed=14375s
progress: nodes=2,760,000,000 tested=7,906 found=0 n=338833655735589649529685 elapsed=14421s
progress: nodes=2,770,000,000 tested=7,906 found=0 n=361868093117949870091395 elapsed=14467s
progress: nodes=2,780,000,000 tested=7,906 found=0 n=384966128703957615183285 elapsed=14513s
progress: nodes=2,790,000,000 tested=7,906 found=0 n=408127823418274320500055 elapsed=14560s
progress: nodes=2,800,000,000 tested=7,906 found=0 n=431355311304730550823645 elapsed=14608s
progress: nodes=2,810,000,000 tested=7,906 found=0 n=454635361417627828166085 elapsed=14658s
progress: nodes=2,820,000,000 tested=7,906 found=0 n=477968878383145952876955 elapsed=14717s
progress: nodes=2,830,000,000 tested=7,906 found=0 n=501352544538342192229695 elapsed=14776s
progress: nodes=2,840,000,000 tested=7,906 found=0 n=524788115773976130832245 elapsed=14835s
progress: nodes=2,850,000,000 tested=7,906 found=0 n=548269305925497841592145 elapsed=14895s
progress: nodes=2,860,000,000 tested=7,906 found=0 n=571797618151364470701045 elapsed=14955s
progress: nodes=2,870,000,000 tested=7,906 found=0 n=595363868373992146333065 elapsed=15015s
progress: nodes=2,880,000,000 tested=7,916 found=0 n=618975726798170583017505 elapsed=15073s
progress: nodes=2,890,000,000 tested=7,916 found=0 n=642628213147954971862785 elapsed=15132s
progress: nodes=2,900,000,000 tested=7,916 found=0 n=666315399873957698641455 elapsed=15192s
progress: nodes=2,910,000,000 tested=7,916 found=0 n=690044785751576300203935 elapsed=15252s
progress: nodes=2,920,000,000 tested=7,916 found=0 n=713805286484045229349995 elapsed=15311s
progress: nodes=2,930,000,000 tested=7,916 found=0 n=737606821656671414343945 elapsed=15370s
progress: nodes=2,940,000,000 tested=7,916 found=0 n=761440803203127856000815 elapsed=15429s
progress: nodes=2,950,000,000 tested=7,916 found=0 n=785305833637732243144245 elapsed=15489s
progress: nodes=2,960,000,000 tested=7,916 found=0 n=809207353322665743877515 elapsed=15549s
progress: nodes=2,970,000,000 tested=7,916 found=0 n=833134726912892080240305 elapsed=15609s
progress: nodes=2,980,000,000 tested=7,916 found=0 n=857091172701130332946785 elapsed=15669s
progress: nodes=2,990,000,000 tested=7,916 found=0 n=881075414000595865042845 elapsed=15727s
progress: nodes=3,000,000,000 tested=7,916 found=0 n=905091709445123031588015 elapsed=15785s
progress: nodes=3,010,000,000 tested=7,916 found=0 n=929137515955309490912145 elapsed=15850s
progress: nodes=3,020,000,000 tested=7,916 found=0 n=953210317972893067124415 elapsed=15916s
progress: nodes=3,030,000,000 tested=7,916 found=0 n=977307080189224026028185 elapsed=15982s
progress: nodes=3,040,000,000 tested=7,916 found=0 n=1042086379114355333535 elapsed=16043s
progress: nodes=3,050,000,000 tested=7,916 found=0 n=20167677562814891758845 elapsed=16069s
progress: nodes=3,060,000,000 tested=7,916 found=0 n=40610851821752574617955 elapsed=16108s
progress: nodes=3,070,000,000 tested=7,916 found=0 n=61615442707553819686455 elapsed=16151s
progress: nodes=3,080,000,000 tested=7,916 found=0 n=82987308809388124240365 elapsed=16193s
progress: nodes=3,090,000,000 tested=7,916 found=0 n=104634533895604741684845 elapsed=16237s
progress: nodes=3,100,000,000 tested=7,916 found=0 n=126503259755353214668515 elapsed=16281s
progress: nodes=3,110,000,000 tested=7,916 found=0 n=148553317418072269888395 elapsed=16326s
progress: nodes=3,120,000,000 tested=7,916 found=0 n=170759843139314010902985 elapsed=16370s
progress: nodes=3,130,000,000 tested=7,916 found=0 n=193104404974683539577135 elapsed=16414s
progress: nodes=3,140,000,000 tested=7,916 found=0 n=215571270592089764022195 elapsed=16459s
progress: nodes=3,150,000,000 tested=7,916 found=0 n=238148814221441786956545 elapsed=16505s
progress: nodes=3,160,000,000 tested=7,916 found=0 n=260825768500321107476505 elapsed=16552s
progress: nodes=3,170,000,000 tested=7,916 found=0 n=283592953486375420699035 elapsed=16599s
progress: nodes=3,180,000,000 tested=7,916 found=0 n=306447071450862870853605 elapsed=16644s
progress: nodes=3,190,000,000 tested=7,916 found=0 n=329380348770867859595235 elapsed=16690s
progress: nodes=3,200,000,000 tested=7,916 found=0 n=352385347121625518132985 elapsed=16736s
progress: nodes=3,210,000,000 tested=7,916 found=0 n=375456551100660218031885 elapsed=16784s
progress: nodes=3,220,000,000 tested=7,916 found=0 n=398593077924244286618955 elapsed=16831s
progress: nodes=3,230,000,000 tested=7,916 found=0 n=421795166040624013395345 elapsed=16878s
progress: nodes=3,240,000,000 tested=7,916 found=0 n=445053385504439970564915 elapsed=16925s
progress: nodes=3,250,000,000 tested=7,916 found=0 n=468364856659205911262235 elapsed=16981s
progress: nodes=3,260,000,000 tested=7,916 found=0 n=491729041683326680312905 elapsed=17040s
progress: nodes=3,270,000,000 tested=7,916 found=0 n=515143967233738491563355 elapsed=17100s
progress: nodes=3,280,000,000 tested=7,916 found=0 n=538607542739076739880595 elapsed=17160s
progress: nodes=3,290,000,000 tested=7,916 found=0 n=562115431592557365456045 elapsed=17220s
progress: nodes=3,300,000,000 tested=7,931 found=0 n=585668720992131512050455 elapsed=17279s
progress: nodes=3,310,000,000 tested=7,931 found=0 n=609260677243358588394345 elapsed=17337s
progress: nodes=3,320,000,000 tested=7,931 found=0 n=632896042209998066144505 elapsed=17396s
progress: nodes=3,330,000,000 tested=7,931 found=0 n=656570102389976155655295 elapsed=17457s
progress: nodes=3,340,000,000 tested=7,931 found=0 n=680285688699697042854465 elapsed=17517s
progress: nodes=3,350,000,000 tested=7,931 found=0 n=704030069893587913848015 elapsed=17575s
progress: nodes=3,360,000,000 tested=7,931 found=0 n=727816763151044815150035 elapsed=17634s
progress: nodes=3,370,000,000 tested=7,931 found=0 n=751634476109348533565535 elapsed=17692s
progress: nodes=3,380,000,000 tested=7,931 found=0 n=775489904857445311623285 elapsed=17753s
progress: nodes=3,390,000,000 tested=7,931 found=0 n=799376430198070089135855 elapsed=17814s
progress: nodes=3,400,000,000 tested=7,931 found=0 n=823290456709824629519385 elapsed=17874s
progress: nodes=3,410,000,000 tested=7,931 found=0 n=847235769732357958528695 elapsed=17933s
progress: nodes=3,420,000,000 tested=7,931 found=0 n=871208789390677324534185 elapsed=17991s
progress: nodes=3,430,000,000 tested=7,931 found=0 n=895214555661371701220955 elapsed=18050s
progress: nodes=3,440,000,000 tested=7,931 found=0 n=919249454425338957938535 elapsed=18113s
progress: nodes=3,450,000,000 tested=7,931 found=0 n=943310341947286164206565 elapsed=18179s
progress: nodes=3,460,000,000 tested=7,931 found=0 n=967400385912374159759265 elapsed=18243s
progress: nodes=3,470,000,000 tested=7,931 found=0 n=991510011415516697632395 elapsed=18308s
progress: nodes=3,480,000,000 tested=7,931 found=0 n=12033159100121011925835 elapsed=18341s
progress: nodes=3,490,000,000 tested=7,931 found=0 n=32121334614582817644915 elapsed=18381s
progress: nodes=3,500,000,000 tested=7,931 found=0 n=52929059581335047796945 elapsed=18422s
progress: nodes=3,510,000,000 tested=7,931 found=0 n=74164764906113442243165 elapsed=18465s
progress: nodes=3,520,000,000 tested=7,931 found=0 n=95708881822252160951055 elapsed=18508s
progress: nodes=3,530,000,000 tested=7,931 found=0 n=117489626715074406669135 elapsed=18551s
progress: nodes=3,540,000,000 tested=7,931 found=0 n=139471403587686368423505 elapsed=18595s
progress: nodes=3,550,000,000 tested=7,931 found=0 n=161616115920529830245805 elapsed=18639s
progress: nodes=3,560,000,000 tested=7,931 found=0 n=183908200050440691817635 elapsed=18684s
progress: nodes=3,570,000,000 tested=7,931 found=0 n=206328592590969383286255 elapsed=18729s
progress: nodes=3,580,000,000 tested=7,931 found=0 n=228860440750480220645985 elapsed=18775s
progress: nodes=3,590,000,000 tested=7,931 found=0 n=251498396830779642753405 elapsed=18821s
progress: nodes=3,600,000,000 tested=7,931 found=0 n=274229004397935945702015 elapsed=18867s
progress: nodes=3,610,000,000 tested=7,931 found=0 n=297049989409156361918295 elapsed=18912s
progress: nodes=3,620,000,000 tested=7,931 found=0 n=319952048962106842237845 elapsed=18958s
progress: nodes=3,630,000,000 tested=7,931 found=0 n=342928484252791877229615 elapsed=19005s
progress: nodes=3,640,000,000 tested=7,931 found=0 n=365975502688778443959645 elapsed=19053s
progress: nodes=3,650,000,000 tested=7,931 found=0 n=389085285462178918812255 elapsed=19100s
progress: nodes=3,660,000,000 tested=7,931 found=0 n=412261690714331659485165 elapsed=19146s
progress: nodes=3,670,000,000 tested=7,931 found=0 n=435496327134890589698445 elapsed=19193s
progress: nodes=3,680,000,000 tested=7,931 found=0 n=458786015601946973409735 elapsed=19243s
progress: nodes=3,690,000,000 tested=7,931 found=0 n=482132177182153645048755 elapsed=19303s
progress: nodes=3,700,000,000 tested=7,941 found=0 n=505525415692042040594985 elapsed=19363s
progress: nodes=3,710,000,000 tested=7,941 found=0 n=528969846216255724207935 elapsed=19424s
progress: nodes=3,720,000,000 tested=7,941 found=0 n=552461081600175463397745 elapsed=19483s
progress: nodes=3,730,000,000 tested=7,941 found=0 n=575997235211846430669015 elapsed=19542s
progress: nodes=3,740,000,000 tested=7,941 found=0 n=599571104445109678246155 elapsed=19600s
progress: nodes=3,750,000,000 tested=7,941 found=0 n=623192877532706565211785 elapsed=19661s
progress: nodes=3,760,000,000 tested=7,941 found=0 n=646850573101168065147735 elapsed=19721s
progress: nodes=3,770,000,000 tested=7,941 found=0 n=670547534144666251005765 elapsed=19781s
progress: nodes=3,780,000,000 tested=7,941 found=0 n=694282337705714480622585 elapsed=19839s
progress: nodes=3,790,000,000 tested=7,941 found=0 n=718052936431484269149345 elapsed=19897s
progress: nodes=3,800,000,000 tested=7,941 found=0 n=741857553988659573548895 elapsed=19957s
progress: nodes=3,810,000,000 tested=7,941 found=0 n=765700973346403378538415 elapsed=20018s
progress: nodes=3,820,000,000 tested=7,941 found=0 n=789571358095171917273435 elapsed=20078s
progress: nodes=3,830,000,000 tested=7,941 found=0 n=813480388755766141230765 elapsed=20137s
progress: nodes=3,840,000,000 tested=7,941 found=0 n=837414011390771102695785 elapsed=20196s
progress: nodes=3,850,000,000 tested=7,941 found=0 n=861376515461725967923905 elapsed=20255s
progress: nodes=3,860,000,000 tested=7,941 found=0 n=885366403848440302535145 elapsed=20315s
progress: nodes=3,870,000,000 tested=7,941 found=0 n=909389245266570527196885 elapsed=20375s
progress: nodes=3,880,000,000 tested=7,941 found=0 n=933441419399652768033765 elapsed=20439s
progress: nodes=3,890,000,000 tested=7,941 found=0 n=957518518924173843397845 elapsed=20504s
progress: nodes=3,900,000,000 tested=7,941 found=0 n=4295475271055222739135 elapsed=20553s
progress: nodes=3,910,000,000 tested=7,941 found=0 n=23841251677141097863545 elapsed=20586s
progress: nodes=3,920,000,000 tested=7,941 found=0 n=44411979034733675983065 elapsed=20627s
progress: nodes=3,930,000,000 tested=7,941 found=0 n=65493315711149809493115 elapsed=20670s
progress: nodes=3,940,000,000 tested=7,941 found=0 n=86921706313655120485935 elapsed=20713s
progress: nodes=3,950,000,000 tested=7,941 found=0 n=108613440704403076963185 elapsed=20755s
progress: nodes=3,960,000,000 tested=7,941 found=0 n=130519359068026046942565 elapsed=20799s
progress: nodes=3,970,000,000 tested=7,941 found=0 n=152600052245983729387245 elapsed=20843s
progress: nodes=3,980,000,000 tested=7,941 found=0 n=174834413809063495363485 elapsed=20887s
progress: nodes=3,990,000,000 tested=7,941 found=0 n=197203418725936587598935 elapsed=20933s
progress: nodes=4,000,000,000 tested=7,941 found=0 n=219691862728564456758465 elapsed=20978s
progress: nodes=4,010,000,000 tested=7,941 found=0 n=242286779676662352316755 elapsed=21025s
progress: nodes=4,020,000,000 tested=7,941 found=0 n=264983460741041698968795 elapsed=21071s
progress: nodes=4,030,000,000 tested=7,941 found=0 n=287767869774410321300655 elapsed=21116s
progress: nodes=4,040,000,000 tested=7,941 found=0 n=310636819445861161981665 elapsed=21162s
progress: nodes=4,050,000,000 tested=7,941 found=0 n=333583898537283367310505 elapsed=21209s
progress: nodes=4,060,000,000 tested=7,941 found=0 n=356604573857787636909885 elapsed=21256s
progress: nodes=4,070,000,000 tested=7,941 found=0 n=379689376906331240585445 elapsed=21303s
progress: nodes=4,080,000,000 tested=7,941 found=0 n=402835271619441903240915 elapsed=21350s
progress: nodes=4,090,000,000 tested=7,941 found=0 n=426049963182078844941045 elapsed=21397s
progress: nodes=4,100,000,000 tested=7,941 found=0 n=449318670034646268927945 elapsed=21443s
progress: nodes=4,110,000,000 tested=7,941 found=0 n=472641325157266820294985 elapsed=21501s
progress: nodes=4,120,000,000 tested=7,954 found=0 n=496014746471374927205745 elapsed=21561s
progress: nodes=4,130,000,000 tested=7,954 found=0 n=519439942636629463975995 elapsed=21622s
progress: nodes=4,140,000,000 tested=7,954 found=0 n=542912478575880079261035 elapsed=21682s
progress: nodes=4,150,000,000 tested=7,954 found=0 n=566429682948247250685315 elapsed=21741s
progress: nodes=4,160,000,000 tested=7,954 found=0 n=589988929372894571704065 elapsed=21799s
progress: nodes=4,170,000,000 tested=7,954 found=0 n=613591079864106641633595 elapsed=21859s
progress: nodes=4,180,000,000 tested=7,954 found=0 n=637236016769434185402705 elapsed=21919s
progress: nodes=4,190,000,000 tested=7,954 found=0 n=660914287134765269880015 elapsed=21979s
progress: nodes=4,200,000,000 tested=7,954 found=0 n=684637844869133561138985 elapsed=22038s
progress: nodes=4,210,000,000 tested=7,954 found=0 n=708393188723703766500105 elapsed=22097s
progress: nodes=4,220,000,000 tested=7,954 found=0 n=732185989336437284975445 elapsed=22156s
progress: nodes=4,230,000,000 tested=7,954 found=0 n=756011878229873801287395 elapsed=22217s
progress: nodes=4,240,000,000 tested=7,954 found=0 n=779870292353006070452355 elapsed=22277s
progress: nodes=4,250,000,000 tested=7,954 found=0 n=803765410258626292275855 elapsed=22337s
progress: nodes=4,260,000,000 tested=7,954 found=0 n=827688165985143184842855 elapsed=22396s
progress: nodes=4,270,000,000 tested=7,954 found=0 n=851636418678167260697055 elapsed=22454s
progress: nodes=4,280,000,000 tested=7,954 found=0 n=875618126475423681306285 elapsed=22514s
progress: nodes=4,290,000,000 tested=7,954 found=0 n=899627277756941809371765 elapsed=22574s
progress: nodes=4,300,000,000 tested=7,954 found=0 n=923669391262967283411855 elapsed=22637s
progress: nodes=4,310,000,000 tested=7,954 found=0 n=947734889243754474951795 elapsed=22701s
progress: nodes=4,320,000,000 tested=7,954 found=0 n=17032682511614199853395 elapsed=22727s
progress: nodes=4,330,000,000 tested=7,954 found=0 n=37354631062267580310585 elapsed=22767s
progress: nodes=4,340,000,000 tested=7,954 found=0 n=58288698251029667204595 elapsed=22809s
progress: nodes=4,350,000,000 tested=7,954 found=0 n=79612182507225457716795 elapsed=22852s
progress: nodes=4,360,000,000 tested=7,954 found=0 n=101220955032022236681165 elapsed=22896s
progress: nodes=4,370,000,000 tested=7,954 found=0 n=123057425659314316255785 elapsed=22939s
progress: nodes=4,380,000,000 tested=7,954 found=0 n=145082647619015593374405 elapsed=22983s
progress: nodes=4,390,000,000 tested=7,954 found=0 n=167266583103083018858415 elapsed=23027s
progress: nodes=4,400,000,000 tested=7,954 found=0 n=189592158561841355131665 elapsed=23071s
progress: nodes=4,410,000,000 tested=7,954 found=0 n=212042540796822261459045 elapsed=23117s
progress: nodes=4,420,000,000 tested=7,954 found=0 n=234606561880793387768595 elapsed=23164s
progress: nodes=4,430,000,000 tested=7,954 found=0 n=257268345397975386519345 elapsed=23210s
progress: nodes=4,440,000,000 tested=7,954 found=0 n=280022906792088862996545 elapsed=23257s
progress: nodes=4,450,000,000 tested=7,954 found=0 n=302863804272614005973685 elapsed=23302s
progress: nodes=4,460,000,000 tested=7,954 found=0 n=325786977710990254740015 elapsed=23348s
progress: nodes=4,470,000,000 tested=7,954 found=0 n=348782053977726247641105 elapsed=23394s
progress: nodes=4,480,000,000 tested=7,954 found=0 n=371844268908514648341795 elapsed=23441s
progress: nodes=4,490,000,000 tested=7,954 found=0 n=394971562500222918794535 elapsed=23490s
progress: nodes=4,500,000,000 tested=7,954 found=0 n=418164346123185940131105 elapsed=23537s
progress: nodes=4,510,000,000 tested=7,959 found=0 n=441416702389517130596355 elapsed=23584s
progress: nodes=4,520,000,000 tested=7,959 found=0 n=464719410132721121000385 elapsed=23637s
progress: nodes=4,530,000,000 tested=7,959 found=0 n=488078000371917462249855 elapsed=23696s
progress: nodes=4,540,000,000 tested=7,959 found=0 n=511487079911755593235065 elapsed=23757s
progress: nodes=4,550,000,000 tested=7,959 found=0 n=534943510740324490164255 elapsed=23817s
progress: nodes=4,560,000,000 tested=7,959 found=0 n=558445054481961321792285 elapsed=23878s
progress: nodes=4,570,000,000 tested=7,959 found=0 n=581993510409162473212395 elapsed=23936s
progress: nodes=4,580,000,000 tested=7,959 found=0 n=605578090240351942771995 elapsed=23995s
progress: nodes=4,590,000,000 tested=7,959 found=0 n=629208864144845965163295 elapsed=24054s
progress: nodes=4,600,000,000 tested=7,959 found=0 n=652876860761730465203385 elapsed=24114s
progress: nodes=4,610,000,000 tested=7,959 found=0 n=676589170241511690877035 elapsed=24175s
progress: nodes=4,620,000,000 tested=7,959 found=0 n=700331507234572733259705 elapsed=24233s
progress: nodes=4,630,000,000 tested=7,959 found=0 n=724112817890162608425105 elapsed=24292s
progress: nodes=4,640,000,000 tested=7,959 found=0 n=747925989577373724016095 elapsed=24350s
progress: nodes=4,650,000,000 tested=7,959 found=0 n=771774900480583797505365 elapsed=24411s
progress: nodes=4,660,000,000 tested=7,959 found=0 n=795656324977345724696685 elapsed=24472s
progress: nodes=4,670,000,000 tested=7,959 found=0 n=819573212832471421366455 elapsed=24532s
progress: nodes=4,680,000,000 tested=7,959 found=0 n=843511498247927201666085 elapsed=24591s
progress: nodes=4,690,000,000 tested=7,959 found=0 n=867482911581173442628605 elapsed=24649s
progress: nodes=4,700,000,000 tested=7,959 found=0 n=16966926015561082292445 elapsed=24674s
progress: nodes=4,710,000,000 tested=7,959 found=0 n=37286483291062890862635 elapsed=24715s
progress: nodes=4,720,000,000 tested=7,959 found=0 n=58218806538730871935965 elapsed=24757s
progress: nodes=4,730,000,000 tested=7,959 found=0 n=79541464443212787273405 elapsed=24800s
progress: nodes=4,740,000,000 tested=7,959 found=0 n=101149667741736391837815 elapsed=24843s
progress: nodes=4,750,000,000 tested=7,959 found=0 n=122985614281802823882765 elapsed=24886s
progress: nodes=4,760,000,000 tested=7,959 found=0 n=145010571101944208938935 elapsed=24930s
progress: nodes=4,770,000,000 tested=7,959 found=0 n=167194611949158081279495 elapsed=24974s
progress: nodes=4,780,000,000 tested=7,959 found=0 n=189519288053963143538745 elapsed=25019s
progress: nodes=4,790,000,000 tested=7,959 found=0 n=211969206112708487914695 elapsed=25064s
progress: nodes=4,800,000,000 tested=7,959 found=0 n=234533213454509525999835 elapsed=25111s
progress: nodes=4,810,000,000 tested=7,959 found=0 n=257194725095718790162335 elapsed=25157s
progress: nodes=4,820,000,000 tested=7,959 found=0 n=279949401026870671021905 elapsed=25202s
progress: nodes=4,830,000,000 tested=7,959 found=0 n=302790014271850629610485 elapsed=25248s
progress: nodes=4,840,000,000 tested=7,959 found=0 n=325713007649061036436005 elapsed=25294s
progress: nodes=4,850,000,000 tested=7,959 found=0 n=348708470171111602913655 elapsed=25340s
progress: nodes=4,860,000,000 tested=7,959 found=0 n=371770130390911829938935 elapsed=25388s
progress: nodes=4,870,000,000 tested=7,959 found=0 n=394897506762172557580605 elapsed=25435s
progress: nodes=4,880,000,000 tested=7,959 found=0 n=418090710427121955822795 elapsed=25482s
progress: nodes=4,890,000,000 tested=7,968 found=0 n=441343126427245975610055 elapsed=25529s
progress: nodes=4,900,000,000 tested=7,968 found=0 n=464645671984347988239315 elapsed=25582s
progress: nodes=4,910,000,000 tested=7,968 found=0 n=488003663436691912951455 elapsed=25641s
progress: nodes=4,920,000,000 tested=7,968 found=0 n=511413004699437670331355 elapsed=25702s
progress: nodes=4,930,000,000 tested=7,968 found=0 n=534869361435785360997915 elapsed=25762s
progress: nodes=4,940,000,000 tested=7,968 found=0 n=558371035627799125193595 elapsed=25822s
progress: nodes=4,950,000,000 tested=7,968 found=0 n=581919909339902302649655 elapsed=25880s
progress: nodes=4,960,000,000 tested=7,968 found=0 n=605503853572411995097995 elapsed=25939s
progress: nodes=4,970,000,000 tested=7,968 found=0 n=629135039344757100800715 elapsed=25999s
progress: nodes=4,980,000,000 tested=7,968 found=0 n=652802644891552781303055 elapsed=26059s
progress: nodes=4,990,000,000 tested=7,968 found=0 n=676515533647921545339405 elapsed=26119s
progress: nodes=5,000,000,000 tested=7,968 found=0 n=700257840428464905175155 elapsed=26177s
progress: nodes=5,010,000,000 tested=7,968 found=0 n=724039528955354379387585 elapsed=26235s
progress: nodes=5,020,000,000 tested=7,968 found=0 n=747852559800686519124645 elapsed=26295s
progress: nodes=5,030,000,000 tested=7,968 found=0 n=771701461852685203739655 elapsed=26356s
progress: nodes=5,040,000,000 tested=7,968 found=0 n=795582693687157553738295 elapsed=26416s
progress: nodes=5,050,000,000 tested=7,968 found=0 n=819500031828775318581315 elapsed=26475s
progress: nodes=5,060,000,000 tested=7,968 found=0 n=2853793123267656412395 elapsed=26525s
progress: nodes=5,070,000,000 tested=7,968 found=0 n=22244176889895173025645 elapsed=26554s
progress: nodes=5,080,000,000 tested=7,968 found=0 n=42761990760006722556555 elapsed=26594s
progress: nodes=5,090,000,000 tested=7,968 found=0 n=63811155286977426017865 elapsed=26637s
progress: nodes=5,100,000,000 tested=7,968 found=0 n=85216420811646772452315 elapsed=26680s
progress: nodes=5,110,000,000 tested=7,968 found=0 n=106890387101060966395965 elapsed=26724s
progress: nodes=5,120,000,000 tested=7,968 found=0 n=128780698979784251084895 elapsed=26768s
progress: nodes=5,130,000,000 tested=7,968 found=0 n=150850021513187467426095 elapsed=26811s
progress: nodes=5,140,000,000 tested=7,968 found=0 n=173072560335486004639845 elapsed=26856s
progress: nodes=5,150,000,000 tested=7,968 found=0 n=195432941187804429578385 elapsed=26900s
progress: nodes=5,160,000,000 tested=7,968 found=0 n=217913820126166221500205 elapsed=26945s
progress: nodes=5,170,000,000 tested=7,968 found=0 n=240500676737056034722185 elapsed=26993s
progress: nodes=5,180,000,000 tested=7,968 found=0 n=263192192224380053049555 elapsed=27040s
progress: nodes=5,190,000,000 tested=7,968 found=0 n=285967728070074272587995 elapsed=27086s
progress: nodes=5,200,000,000 tested=7,968 found=0 n=308831599512783092066895 elapsed=27132s
progress: nodes=5,210,000,000 tested=7,968 found=0 n=331773652011673896490935 elapsed=27178s
progress: nodes=5,220,000,000 tested=7,968 found=0 n=354789136682230431686085 elapsed=27224s
progress: nodes=5,230,000,000 tested=7,968 found=0 n=377868666267885594325545 elapsed=27272s
progress: nodes=5,240,000,000 tested=7,968 found=0 n=401011492393350843181695 elapsed=27320s
progress: nodes=5,250,000,000 tested=7,978 found=0 n=424222049423825490761595 elapsed=27368s
progress: nodes=5,260,000,000 tested=7,978 found=0 n=447488313140854033696935 elapsed=27415s
progress: nodes=5,270,000,000 tested=7,978 found=0 n=470807144654259378798315 elapsed=27472s
progress: nodes=5,280,000,000 tested=7,978 found=0 n=494176327831940590392255 elapsed=27531s
progress: nodes=5,290,000,000 tested=7,978 found=0 n=517598768983658025245085 elapsed=27592s
progress: nodes=5,300,000,000 tested=7,978 found=0 n=541067671172589786317295 elapsed=27653s
progress: nodes=5,310,000,000 tested=7,978 found=0 n=564581982219217340630805 elapsed=27714s
progress: nodes=5,320,000,000 tested=7,978 found=0 n=588140082884812786096545 elapsed=27772s
progress: nodes=5,330,000,000 tested=7,978 found=0 n=611739093752383012797465 elapsed=27831s
progress: nodes=5,340,000,000 tested=7,978 found=0 n=635381914828696054019595 elapsed=27891s
progress: nodes=5,350,000,000 tested=7,978 found=0 n=659059131964417559586855 elapsed=27952s
progress: nodes=5,360,000,000 tested=7,978 found=0 n=682780037030830804157505 elapsed=28012s
progress: nodes=5,370,000,000 tested=7,978 found=0 n=706531256548923571347015 elapsed=28071s
progress: nodes=5,380,000,000 tested=7,978 found=0 n=730322086381874274017835 elapsed=28130s
progress: nodes=5,390,000,000 tested=7,978 found=0 n=754145407299853541171115 elapsed=28189s
progress: nodes=5,400,000,000 tested=7,978 found=0 n=778003723901910979762065 elapsed=28250s
progress: nodes=5,410,000,000 tested=7,978 found=0 n=801895255592715206605935 elapsed=28312s
progress: nodes=5,420,000,000 tested=7,978 found=0 n=3972901099537753399485 elapsed=28358s
progress: nodes=5,430,000,000 tested=7,978 found=0 n=23486173288178470723665 elapsed=28390s
progress: nodes=5,440,000,000 tested=7,978 found=0 n=44045935288593672293055 elapsed=28430s
progress: nodes=5,450,000,000 tested=7,978 found=0 n=65120755953759496667145 elapsed=28472s
progress: nodes=5,460,000,000 tested=7,978 found=0 n=86544555657328398959595 elapsed=28515s
progress: nodes=5,470,000,000 tested=7,978 found=0 n=108232848886298278226805 elapsed=28559s
progress: nodes=5,480,000,000 tested=7,978 found=0 n=130135552573095022719465 elapsed=28604s
progress: nodes=5,490,000,000 tested=7,978 found=0 n=152214598863308661115905 elapsed=28649s
progress: nodes=5,500,000,000 tested=7,978 found=0 n=174447538965301750658685 elapsed=28694s
progress: nodes=5,510,000,000 tested=7,978 found=0 n=196815045336768289980045 elapsed=28738s
progress: nodes=5,520,000,000 tested=7,978 found=0 n=219302673375339813343455 elapsed=28783s
progress: nodes=5,530,000,000 tested=7,978 found=0 n=241895737703760009574005 elapsed=28828s
progress: nodes=5,540,000,000 tested=7,978 found=0 n=264591751785556234026645 elapsed=28875s
progress: nodes=5,550,000,000 tested=7,978 found=0 n=287375797662494125875255 elapsed=28923s
progress: nodes=5,560,000,000 tested=7,978 found=0 n=310242289189095470010195 elapsed=28970s
progress: nodes=5,570,000,000 tested=7,978 found=0 n=333189484634278033722765 elapsed=29016s
progress: nodes=5,580,000,000 tested=7,978 found=0 n=356209282322256295242135 elapsed=29062s
progress: nodes=5,590,000,000 tested=7,978 found=0 n=379293738362533364494005 elapsed=29109s
progress: nodes=5,600,000,000 tested=7,978 found=0 n=402439975642269664311555 elapsed=29155s
progress: nodes=5,610,000,000 tested=7,987 found=0 n=425654832294340155849195 elapsed=29204s
progress: nodes=5,620,000,000 tested=7,987 found=0 n=448923951958481866462995 elapsed=29252s
progress: nodes=5,630,000,000 tested=7,987 found=0 n=472246439607624794785155 elapsed=29311s
progress: nodes=5,640,000,000 tested=7,987 found=0 n=495618827747223564624555 elapsed=29370s
progress: nodes=5,650,000,000 tested=7,987 found=0 n=519043381888286585546685 elapsed=29429s
progress: nodes=5,660,000,000 tested=7,987 found=0 n=542516251523510591103735 elapsed=29489s
progress: nodes=5,670,000,000 tested=7,987 found=0 n=566033599592008389985815 elapsed=29551s
progress: nodes=5,680,000,000 tested=7,987 found=0 n=589593488339163404114235 elapsed=29611s
progress: nodes=5,690,000,000 tested=7,987 found=0 n=613194829235574300839565 elapsed=29670s
progress: nodes=5,700,000,000 tested=7,987 found=0 n=636839483349265979719545 elapsed=29729s
progress: nodes=5,710,000,000 tested=7,987 found=0 n=660517549495801613416395 elapsed=29788s
progress: nodes=5,720,000,000 tested=7,987 found=0 n=684242158520679076457055 elapsed=29849s
progress: nodes=5,730,000,000 tested=7,987 found=0 n=707997109173329837040165 elapsed=29909s
progress: nodes=5,740,000,000 tested=7,987 found=0 n=731789948044675815149295 elapsed=29969s
progress: nodes=5,750,000,000 tested=7,987 found=0 n=755615712986984782543905 elapsed=30027s
progress: nodes=5,760,000,000 tested=7,987 found=0 n=779473596164790975078645 elapsed=30087s
progress: nodes=5,770,000,000 tested=7,987 found=0 n=803369911931043177051135 elapsed=30148s
progress: nodes=5,780,000,000 tested=7,987 found=0 n=12487072993708601439585 elapsed=30179s
progress: nodes=5,790,000,000 tested=7,987 found=0 n=32599470257312869035405 elapsed=30220s
progress: nodes=5,800,000,000 tested=7,987 found=0 n=53421820514177847462045 elapsed=30261s
progress: nodes=5,810,000,000 tested=7,987 found=0 n=74666355805903019655105 elapsed=30304s
progress: nodes=5,820,000,000 tested=7,987 found=0 n=96217290100471895334315 elapsed=30346s
progress: nodes=5,830,000,000 tested=7,987 found=0 n=118004528019500710223265 elapsed=30389s
progress: nodes=5,840,000,000 tested=7,987 found=0 n=139992497767337322487905 elapsed=30434s
progress: nodes=5,850,000,000 tested=7,987 found=0 n=162141820869296924361405 elapsed=30480s
progress: nodes=5,860,000,000 tested=7,987 found=0 n=184437608667895698314535 elapsed=30525s
progress: nodes=5,870,000,000 tested=7,987 found=0 n=206862647275665583861995 elapsed=30571s
progress: nodes=5,880,000,000 tested=7,987 found=0 n=229399619433569689983165 elapsed=30616s
progress: nodes=5,890,000,000 tested=7,987 found=0 n=252040652934410979081765 elapsed=30661s
progress: nodes=5,900,000,000 tested=7,987 found=0 n=274774050402736054362255 elapsed=30707s
progress: nodes=5,910,000,000 tested=7,987 found=0 n=297598520324248978221765 elapsed=30753s
progress: nodes=5,920,000,000 tested=7,987 found=0 n=320503763360933342446095 elapsed=30801s
progress: nodes=5,930,000,000 tested=7,987 found=0 n=343483511035642685609895 elapsed=30849s
progress: nodes=5,940,000,000 tested=7,987 found=0 n=366531985465972861938165 elapsed=30896s
progress: nodes=5,950,000,000 tested=7,992 found=0 n=389646208416175552654155 elapsed=30942s
progress: nodes=5,960,000,000 tested=7,992 found=0 n=412824483710081715254535 elapsed=30989s
progress: nodes=5,970,000,000 tested=7,992 found=0 n=436061686891260909177405 elapsed=31035s
