search v2: odd=True, N_CAP=1.00e+24, DELTA_MAX=1.0e+07, MIN_DEPTH=6
SPF shard: smallest prime factor = 3
P2 sub-shard: second prime factor = 5
P3 sub-sub-shard: third prime factor = 13
progress: nodes=10,000,000 tested=0 found=0 n=5689093008345758940825 elapsed=0s
progress: nodes=20,000,000 tested=0 found=0 n=104056574352899554599525 elapsed=1s
progress: nodes=30,000,000 tested=0 found=0 n=28196951782233966781725 elapsed=1s
progress: nodes=40,000,000 tested=0 found=0 n=26745543512739653919525 elapsed=2s
progress: nodes=50,000,000 tested=0 found=0 n=151789655079339459966225 elapsed=2s
progress: nodes=60,000,000 tested=0 found=0 n=8448183605381973157575 elapsed=3s
progress: nodes=70,000,000 tested=0 found=0 n=3963806040368486189475 elapsed=3s
progress: nodes=80,000,000 tested=0 found=0 n=695287737118479694927725 elapsed=4s
progress: nodes=90,000,000 tested=0 found=0 n=154343273226630979725 elapsed=5s
progress: nodes=100,000,000 tested=0 found=0 n=801691185619495464599475 elapsed=5s
progress: nodes=110,000,000 tested=0 found=0 n=857306840316336578022075 elapsed=6s
progress: nodes=120,000,000 tested=0 found=0 n=292915347767692325325 elapsed=7s
progress: nodes=130,000,000 tested=0 found=0 n=622787464495918332769275 elapsed=8s
progress: nodes=140,000,000 tested=0 found=0 n=861589661021745426584775 elapsed=8s
progress: nodes=150,000,000 tested=0 found=0 n=565338156938704494110025 elapsed=9s
progress: nodes=160,000,000 tested=0 found=0 n=954383238871784389368675 elapsed=10s
progress: nodes=170,000,000 tested=0 found=0 n=603952656039572021345475 elapsed=11s
progress: nodes=180,000,000 tested=0 found=0 n=979657367807640197540475 elapsed=12s
progress: nodes=190,000,000 tested=0 found=0 n=792720044264073523639275 elapsed=13s
progress: nodes=200,000,000 tested=0 found=0 n=972336317653571202537075 elapsed=13s
progress: nodes=210,000,000 tested=0 found=0 n=735752282861282585157675 elapsed=14s
progress: nodes=220,000,000 tested=0 found=0 n=521159093289925621130925 elapsed=15s
progress: nodes=230,000,000 tested=0 found=0 n=228408891974366256231975 elapsed=16s
progress: nodes=240,000,000 tested=0 found=0 n=355618839977497233718425 elapsed=17s
progress: nodes=250,000,000 tested=0 found=0 n=357676467585567502650525 elapsed=18s
progress: nodes=260,000,000 tested=0 found=0 n=415620485644115265611175 elapsed=18s
progress: nodes=270,000,000 tested=0 found=0 n=722707365850010843740425 elapsed=19s
progress: nodes=280,000,000 tested=0 found=0 n=942714028772040231711225 elapsed=20s
progress: nodes=290,000,000 tested=0 found=0 n=706116145115500047627075 elapsed=21s
progress: nodes=300,000,000 tested=0 found=0 n=985467198334640500530675 elapsed=22s
progress: nodes=310,000,000 tested=0 found=0 n=896315332794292157552325 elapsed=23s
progress: nodes=320,000,000 tested=0 found=0 n=973997905258344812364675 elapsed=23s
progress: nodes=330,000,000 tested=0 found=0 n=786263703606458789332725 elapsed=24s
progress: nodes=340,000,000 tested=0 found=0 n=600365316442053966163425 elapsed=25s
progress: nodes=350,000,000 tested=0 found=0 n=502536758097817584943425 elapsed=26s
progress: nodes=360,000,000 tested=0 found=0 n=667511051004309591006525 elapsed=27s
progress: nodes=370,000,000 tested=0 found=0 n=446320809435068202875175 elapsed=28s
progress: nodes=380,000,000 tested=0 found=0 n=536060428927228378797975 elapsed=29s
progress: nodes=390,000,000 tested=0 found=0 n=922238385745609776229425 elapsed=29s
progress: nodes=400,000,000 tested=0 found=0 n=991335408398146919457675 elapsed=30s
progress: nodes=410,000,000 tested=0 found=0 n=714482374713355450849725 elapsed=31s
progress: nodes=420,000,000 tested=0 found=0 n=293438492011429650326025 elapsed=32s
progress: nodes=430,000,000 tested=0 found=0 n=408181454202709636098975 elapsed=33s
progress: nodes=440,000,000 tested=0 found=0 n=393324580725893695127925 elapsed=34s
progress: nodes=450,000,000 tested=0 found=0 n=246054350360650964730975 elapsed=35s
progress: nodes=460,000,000 tested=0 found=0 n=785398762018116612314325 elapsed=36s
progress: nodes=470,000,000 tested=0 found=0 n=289202081733119829552525 elapsed=37s
progress: nodes=480,000,000 tested=0 found=0 n=857538183898678012388775 elapsed=38s
progress: nodes=490,000,000 tested=0 found=0 n=353563259817944267901225 elapsed=39s
progress: nodes=500,000,000 tested=0 found=0 n=798742467261382272083325 elapsed=39s
progress: nodes=510,000,000 tested=0 found=0 n=418619018015250474295575 elapsed=40s
progress: nodes=520,000,000 tested=0 found=0 n=570449178049783791917925 elapsed=41s
progress: nodes=530,000,000 tested=0 found=0 n=421864422205290134303025 elapsed=42s
progress: nodes=540,000,000 tested=0 found=0 n=388427536329219788418225 elapsed=43s
progress: nodes=550,000,000 tested=0 found=0 n=632497772462012842720725 elapsed=44s
progress: nodes=560,000,000 tested=0 found=0 n=265802247336559326620175 elapsed=45s
progress: nodes=570,000,000 tested=0 found=0 n=580905309379314489578775 elapsed=46s
progress: nodes=580,000,000 tested=0 found=0 n=432086892748616047067775 elapsed=46s
progress: nodes=590,000,000 tested=0 found=0 n=780631529535840617671725 elapsed=47s
progress: nodes=600,000,000 tested=0 found=0 n=454423258753767210290175 elapsed=48s
progress: nodes=610,000,000 tested=0 found=0 n=295623392439692820493575 elapsed=49s
progress: nodes=620,000,000 tested=0 found=0 n=391318150127174129717325 elapsed=50s
progress: nodes=630,000,000 tested=0 found=0 n=980463636939729597492825 elapsed=51s
progress: nodes=640,000,000 tested=0 found=0 n=321013131745997890657575 elapsed=52s
progress: nodes=650,000,000 tested=0 found=0 n=521569762117915223381175 elapsed=53s
progress: nodes=660,000,000 tested=0 found=0 n=365304026168846954575425 elapsed=53s
progress: nodes=670,000,000 tested=0 found=0 n=656938535485325506109775 elapsed=54s
progress: nodes=680,000,000 tested=0 found=0 n=472090840346044038509325 elapsed=55s
progress: nodes=690,000,000 tested=0 found=0 n=352769034641105128360275 elapsed=56s
progress: nodes=700,000,000 tested=0 found=0 n=957210725914107426049275 elapsed=57s
progress: nodes=710,000,000 tested=0 found=0 n=619104842641854638939025 elapsed=58s
progress: nodes=720,000,000 tested=0 found=0 n=734816863680472641647475 elapsed=59s
progress: nodes=730,000,000 tested=0 found=0 n=402409748237012569611675 elapsed=59s
progress: nodes=740,000,000 tested=0 found=0 n=941259291211715370151725 elapsed=60s
progress: nodes=750,000,000 tested=0 found=0 n=381273484309994511053325 elapsed=61s
progress: nodes=760,000,000 tested=0 found=0 n=440315626397392807427925 elapsed=62s
progress: nodes=770,000,000 tested=0 found=0 n=971865755815695087165975 elapsed=63s
progress: nodes=780,000,000 tested=0 found=0 n=443652764165575386952725 elapsed=64s
progress: nodes=790,000,000 tested=0 found=0 n=327968704459323517639725 elapsed=65s
progress: nodes=800,000,000 tested=0 found=0 n=222463788794529689402775 elapsed=66s
progress: nodes=810,000,000 tested=0 found=0 n=458379064400334156398475 elapsed=66s
progress: nodes=820,000,000 tested=0 found=0 n=964300040353081448403075 elapsed=67s
progress: nodes=830,000,000 tested=0 found=0 n=158026402875482021225475 elapsed=68s
progress: nodes=840,000,000 tested=0 found=0 n=444521569627454774665275 elapsed=69s
progress: nodes=850,000,000 tested=0 found=0 n=256056133569319682840475 elapsed=70s
progress: nodes=860,000,000 tested=0 found=0 n=112230431265466292843025 elapsed=71s
progress: nodes=870,000,000 tested=0 found=0 n=569172913045913830495725 elapsed=72s
progress: nodes=880,000,000 tested=0 found=0 n=501080641817297843009475 elapsed=73s
progress: nodes=890,000,000 tested=0 found=0 n=324451385850492667818675 elapsed=74s
progress: nodes=900,000,000 tested=0 found=0 n=988226797464588986304975 elapsed=74s
progress: nodes=910,000,000 tested=0 found=0 n=627565359821225075233425 elapsed=75s
progress: nodes=920,000,000 tested=0 found=0 n=354040163438314613267475 elapsed=76s
progress: nodes=930,000,000 tested=0 found=0 n=227189210904507099453075 elapsed=77s
progress: nodes=940,000,000 tested=0 found=0 n=523415364940809251852175 elapsed=78s
progress: nodes=950,000,000 tested=0 found=0 n=348097489588214749770075 elapsed=79s
progress: nodes=960,000,000 tested=0 found=0 n=180598685350888130657175 elapsed=80s
progress: nodes=970,000,000 tested=0 found=0 n=753270706809457710532425 elapsed=81s
progress: nodes=980,000,000 tested=0 found=0 n=969780880874680541412525 elapsed=81s
progress: nodes=990,000,000 tested=0 found=0 n=841928852145464370837225 elapsed=82s
progress: nodes=1,000,000,000 tested=0 found=0 n=454019461793354977746525 elapsed=83s
progress: nodes=1,010,000,000 tested=0 found=0 n=329414051157977296365075 elapsed=84s
progress: nodes=1,020,000,000 tested=0 found=0 n=562560556504425725472525 elapsed=85s
progress: nodes=1,030,000,000 tested=0 found=0 n=470086793221778600157225 elapsed=86s
progress: nodes=1,040,000,000 tested=0 found=0 n=190453236225494175732825 elapsed=87s
progress: nodes=1,050,000,000 tested=0 found=0 n=804619776848101805883825 elapsed=88s
progress: nodes=1,060,000,000 tested=0 found=0 n=869934300242640815587275 elapsed=89s
progress: nodes=1,070,000,000 tested=0 found=0 n=664100173609595197251075 elapsed=90s
progress: nodes=1,080,000,000 tested=0 found=0 n=344627638268206859546175 elapsed=90s
progress: nodes=1,090,000,000 tested=0 found=0 n=147536267007987127784475 elapsed=91s
progress: nodes=1,100,000,000 tested=0 found=0 n=172575210121385558967675 elapsed=92s
progress: nodes=1,110,000,000 tested=0 found=0 n=126191738112400952336475 elapsed=93s
progress: nodes=1,120,000,000 tested=0 found=0 n=190936236971831839683975 elapsed=94s
progress: nodes=1,130,000,000 tested=0 found=0 n=759061522470196546634475 elapsed=95s
progress: nodes=1,140,000,000 tested=0 found=0 n=156475599626744798906025 elapsed=96s
progress: nodes=1,150,000,000 tested=0 found=0 n=314226936802547155158525 elapsed=97s
progress: nodes=1,160,000,000 tested=0 found=0 n=553196780359611667838325 elapsed=98s
progress: nodes=1,170,000,000 tested=0 found=0 n=272607500067458308427025 elapsed=99s
progress: nodes=1,180,000,000 tested=0 found=0 n=540809462223562125633975 elapsed=99s
progress: nodes=1,190,000,000 tested=0 found=0 n=332478502874088721643025 elapsed=100s
progress: nodes=1,200,000,000 tested=0 found=0 n=212991611971379920669575 elapsed=101s
progress: nodes=1,210,000,000 tested=0 found=0 n=852276886494822077330925 elapsed=102s
progress: nodes=1,220,000,000 tested=0 found=0 n=345957995435378401842975 elapsed=103s
progress: nodes=1,230,000,000 tested=0 found=0 n=288267368946581797341075 elapsed=104s
progress: nodes=1,240,000,000 tested=0 found=0 n=392746100755646250998775 elapsed=105s
progress: nodes=1,250,000,000 tested=0 found=0 n=733122149071548411954675 elapsed=106s
progress: nodes=1,260,000,000 tested=0 found=0 n=787214865787926662762325 elapsed=107s
progress: nodes=1,270,000,000 tested=0 found=0 n=212364953470257809922675 elapsed=108s
progress: nodes=1,280,000,000 tested=0 found=0 n=701385370373031818710275 elapsed=109s
progress: nodes=1,290,000,000 tested=0 found=0 n=137670988917450649626225 elapsed=110s
progress: nodes=1,300,000,000 tested=0 found=0 n=691915828168036462737825 elapsed=111s
progress: nodes=1,310,000,000 tested=0 found=0 n=514625236686579831283575 elapsed=112s
progress: nodes=1,320,000,000 tested=0 found=0 n=768981437772291048640725 elapsed=113s
progress: nodes=1,330,000,000 tested=0 found=0 n=309297751064789984660475 elapsed=114s
progress: nodes=1,340,000,000 tested=0 found=0 n=405888303971593727250525 elapsed=115s
progress: nodes=1,350,000,000 tested=0 found=0 n=213936791703582407355675 elapsed=115s
progress: nodes=1,360,000,000 tested=0 found=0 n=118587961846259567499825 elapsed=116s
progress: nodes=1,370,000,000 tested=0 found=0 n=148872227118271984784925 elapsed=117s
progress: nodes=1,380,000,000 tested=0 found=0 n=852162831402731481095775 elapsed=118s
progress: nodes=1,390,000,000 tested=0 found=0 n=284044910130320819398425 elapsed=119s
progress: nodes=1,400,000,000 tested=0 found=0 n=515263852197068019192225 elapsed=120s
progress: nodes=1,410,000,000 tested=0 found=0 n=239918871886402980307725 elapsed=121s
progress: nodes=1,420,000,000 tested=0 found=0 n=462833594734690620970425 elapsed=122s
progress: nodes=1,430,000,000 tested=0 found=0 n=134890475404868436880575 elapsed=123s
progress: nodes=1,440,000,000 tested=0 found=0 n=209200419416451025669275 elapsed=124s
progress: nodes=1,450,000,000 tested=0 found=0 n=351646618288927964210325 elapsed=125s
progress: nodes=1,460,000,000 tested=0 found=0 n=151583103396806839959825 elapsed=126s
progress: nodes=1,470,000,000 tested=0 found=0 n=181385574828378767791425 elapsed=127s
progress: nodes=1,480,000,000 tested=0 found=0 n=146102277454551267808725 elapsed=128s
progress: nodes=1,490,000,000 tested=0 found=0 n=141201684619850454189525 elapsed=129s
progress: nodes=1,500,000,000 tested=0 found=0 n=215549740760942893754475 elapsed=130s
progress: nodes=1,510,000,000 tested=0 found=0 n=116240086676540336611725 elapsed=131s
progress: nodes=1,520,000,000 tested=0 found=0 n=173571392306726435885175 elapsed=131s
progress: nodes=1,530,000,000 tested=0 found=0 n=100302657181528426211925 elapsed=132s
progress: nodes=1,540,000,000 tested=0 found=0 n=89620326736211531142675 elapsed=133s
progress: nodes=1,550,000,000 tested=0 found=0 n=240904927733381506363275 elapsed=134s
progress: nodes=1,560,000,000 tested=0 found=0 n=246718865606890402676925 elapsed=135s
progress: nodes=1,570,000,000 tested=0 found=0 n=67577717634827929486425 elapsed=136s
progress: nodes=1,580,000,000 tested=0 found=0 n=141484999563375749426925 elapsed=137s
progress: nodes=1,590,000,000 tested=0 found=0 n=664796633167832385410775 elapsed=138s
progress: nodes=1,600,000,000 tested=0 found=0 n=141998273303315467857975 elapsed=139s
progress: nodes=1,610,000,000 tested=0 found=0 n=69792600677247077593275 elapsed=140s
progress: nodes=1,620,000,000 tested=0 found=0 n=422147139643822058075025 elapsed=141s
progress: nodes=1,630,000,000 tested=0 found=0 n=138140888446509233135175 elapsed=142s
progress: nodes=1,640,000,000 tested=0 found=0 n=186101776306800918401175 elapsed=143s
progress: nodes=1,650,000,000 tested=0 found=0 n=109807451739358763577525 elapsed=144s
progress: nodes=1,660,000,000 tested=0 found=0 n=290480199234937003945575 elapsed=145s
progress: nodes=1,670,000,000 tested=0 found=0 n=698789390675280594261975 elapsed=145s
progress: nodes=1,680,000,000 tested=0 found=0 n=328357669380881103437175 elapsed=146s
progress: nodes=1,690,000,000 tested=0 found=0 n=203188665997196283956175 elapsed=146s
progress: nodes=1,700,000,000 tested=0 found=0 n=159281698842282577266225 elapsed=147s
progress: nodes=1,710,000,000 tested=0 found=0 n=195051228179545071737325 elapsed=148s
progress: nodes=1,720,000,000 tested=0 found=0 n=402272966209782687841575 elapsed=148s
progress: nodes=1,730,000,000 tested=0 found=0 n=76830437909895509417175 elapsed=149s
progress: nodes=1,740,000,000 tested=0 found=0 n=16214554796506727915475 elapsed=149s
progress: nodes=1,750,000,000 tested=0 found=0 n=22428888597073270736775 elapsed=150s
progress: nodes=1,760,000,000 tested=0 found=0 n=116614982732370690435075 elapsed=150s
progress: nodes=1,770,000,000 tested=0 found=0 n=896581615424121031938975 elapsed=153s
progress: nodes=1,780,000,000 tested=0 found=0 n=434293936904284866053775 elapsed=153s
progress: nodes=1,790,000,000 tested=0 found=0 n=915766943579238316956975 elapsed=154s
progress: nodes=1,800,000,000 tested=0 found=0 n=765255393874440595307025 elapsed=155s
progress: nodes=1,810,000,000 tested=0 found=0 n=671710058011648954820925 elapsed=156s
progress: nodes=1,820,000,000 tested=0 found=0 n=746823324209703945378525 elapsed=157s
progress: nodes=1,830,000,000 tested=0 found=0 n=352997210375355666565575 elapsed=158s
progress: nodes=1,840,000,000 tested=0 found=0 n=756500653203386359317075 elapsed=158s
progress: nodes=1,850,000,000 tested=0 found=0 n=998754063073962036756525 elapsed=159s
progress: nodes=1,860,000,000 tested=0 found=0 n=591248840422035550537575 elapsed=160s
progress: nodes=1,870,000,000 tested=0 found=0 n=607812447728570589996075 elapsed=161s
progress: nodes=1,880,000,000 tested=0 found=0 n=756438157601797780046925 elapsed=162s
progress: nodes=1,890,000,000 tested=0 found=0 n=533954762045169917555025 elapsed=163s
progress: nodes=1,900,000,000 tested=0 found=0 n=517786956095458066731675 elapsed=164s
progress: nodes=1,910,000,000 tested=0 found=0 n=554147205284857466292075 elapsed=165s
progress: nodes=1,920,000,000 tested=0 found=0 n=636414948275205844727775 elapsed=165s
progress: nodes=1,930,000,000 tested=0 found=0 n=366684970475647092809475 elapsed=166s
progress: nodes=1,940,000,000 tested=0 found=0 n=449014580576404967904975 elapsed=167s
progress: nodes=1,950,000,000 tested=0 found=0 n=172133944707385943196525 elapsed=168s
progress: nodes=1,960,000,000 tested=0 found=0 n=469146004828635090039525 elapsed=169s
progress: nodes=1,970,000,000 tested=0 found=0 n=632429670010093532404425 elapsed=170s
progress: nodes=1,980,000,000 tested=0 found=0 n=370899686759708780408475 elapsed=171s
progress: nodes=1,990,000,000 tested=0 found=0 n=164197629194639285316825 elapsed=172s
progress: nodes=2,000,000,000 tested=0 found=0 n=199501671855462430448475 elapsed=173s
progress: nodes=2,010,000,000 tested=0 found=0 n=233752305033749552517675 elapsed=174s
progress: nodes=2,020,000,000 tested=0 found=0 n=610906318155768874002075 elapsed=175s
progress: nodes=2,030,000,000 tested=0 found=0 n=342261534233692440440775 elapsed=176s
progress: nodes=2,040,000,000 tested=0 found=0 n=794668323033583408247175 elapsed=176s
progress: nodes=2,050,000,000 tested=0 found=0 n=586179656820086918416425 elapsed=177s
progress: nodes=2,060,000,000 tested=0 found=0 n=399214241365747376523825 elapsed=178s
progress: nodes=2,070,000,000 tested=0 found=0 n=837179131055544239218425 elapsed=179s
progress: nodes=2,080,000,000 tested=0 found=0 n=389085015009991447973475 elapsed=180s
progress: nodes=2,090,000,000 tested=0 found=0 n=232728699342422773909575 elapsed=181s
progress: nodes=2,100,000,000 tested=0 found=0 n=877094107639450491641175 elapsed=182s
progress: nodes=2,110,000,000 tested=0 found=0 n=428265691386265436994225 elapsed=183s
progress: nodes=2,120,000,000 tested=0 found=0 n=942586570974278917010025 elapsed=184s
progress: nodes=2,130,000,000 tested=0 found=0 n=428790410833333770944775 elapsed=185s
progress: nodes=2,140,000,000 tested=0 found=0 n=56480843761426191863925 elapsed=186s
progress: nodes=2,150,000,000 tested=0 found=0 n=273282937173027143712675 elapsed=187s
progress: nodes=2,160,000,000 tested=0 found=0 n=748365998013842281289775 elapsed=188s
progress: nodes=2,170,000,000 tested=0 found=0 n=129544448386088210942025 elapsed=189s
progress: nodes=2,180,000,000 tested=0 found=0 n=42653012483423985022575 elapsed=189s
progress: nodes=2,190,000,000 tested=0 found=0 n=900284980287721257020025 elapsed=190s
progress: nodes=2,200,000,000 tested=0 found=0 n=361834915580398372352175 elapsed=191s
progress: nodes=2,210,000,000 tested=0 found=0 n=130753969720177971424725 elapsed=192s
progress: nodes=2,220,000,000 tested=0 found=0 n=189467645167104889106925 elapsed=193s
progress: nodes=2,230,000,000 tested=0 found=0 n=782501583391773101669475 elapsed=194s
progress: nodes=2,240,000,000 tested=0 found=0 n=216314386966876808109825 elapsed=194s
progress: nodes=2,250,000,000 tested=0 found=0 n=84356179935761959374825 elapsed=195s
progress: nodes=2,260,000,000 tested=0 found=0 n=97537713313295178556425 elapsed=196s
progress: nodes=2,270,000,000 tested=0 found=0 n=711508614593075010582975 elapsed=197s
progress: nodes=2,280,000,000 tested=0 found=0 n=742834492826201111205675 elapsed=198s
progress: nodes=2,290,000,000 tested=0 found=0 n=337862064037110350116275 elapsed=198s
progress: nodes=2,300,000,000 tested=0 found=0 n=637598450102426926796475 elapsed=199s
progress: nodes=2,310,000,000 tested=0 found=0 n=284018916044225470799925 elapsed=200s
progress: nodes=2,320,000,000 tested=0 found=0 n=98661717937121193267075 elapsed=201s
progress: nodes=2,330,000,000 tested=0 found=0 n=64528521774939767724075 elapsed=201s
progress: nodes=2,340,000,000 tested=0 found=0 n=533192236495582160679975 elapsed=202s
progress: nodes=2,350,000,000 tested=0 found=0 n=339339129806661719316075 elapsed=203s
progress: nodes=2,360,000,000 tested=0 found=0 n=17236758769177189662225 elapsed=204s
progress: nodes=2,370,000,000 tested=0 found=0 n=511269563787905419962075 elapsed=205s
progress: nodes=2,380,000,000 tested=0 found=0 n=109660345838051421836475 elapsed=205s
progress: nodes=2,390,000,000 tested=0 found=0 n=369190542364401529316025 elapsed=206s
progress: nodes=2,400,000,000 tested=0 found=0 n=204346589200288045409925 elapsed=207s
progress: nodes=2,410,000,000 tested=0 found=0 n=79819648245644414307525 elapsed=207s
progress: nodes=2,420,000,000 tested=0 found=0 n=293866375909214268011475 elapsed=208s
progress: nodes=2,430,000,000 tested=0 found=0 n=141076109650180526198325 elapsed=209s
progress: nodes=2,440,000,000 tested=0 found=0 n=809878314165231572811225 elapsed=209s
progress: nodes=2,450,000,000 tested=0 found=0 n=255687061506907220941725 elapsed=210s
progress: nodes=2,460,000,000 tested=0 found=0 n=32987949031565990277075 elapsed=211s
progress: nodes=2,470,000,000 tested=0 found=0 n=312283842679654004405025 elapsed=212s
progress: nodes=2,480,000,000 tested=0 found=0 n=59249110672530371879325 elapsed=212s
progress: nodes=2,490,000,000 tested=0 found=0 n=556191598230994888062225 elapsed=213s
progress: nodes=2,500,000,000 tested=0 found=0 n=153297550136567504213325 elapsed=214s
progress: nodes=2,510,000,000 tested=0 found=0 n=666130489531065991583775 elapsed=214s
progress: nodes=2,520,000,000 tested=0 found=0 n=159721827661021444260975 elapsed=215s
progress: nodes=2,530,000,000 tested=0 found=0 n=27870023287331816768775 elapsed=216s
progress: nodes=2,540,000,000 tested=0 found=0 n=145373373944160088185225 elapsed=216s
progress: nodes=2,550,000,000 tested=0 found=0 n=43490759650289110835325 elapsed=217s
progress: nodes=2,560,000,000 tested=0 found=0 n=156284824203890609499675 elapsed=218s
progress: nodes=2,570,000,000 tested=0 found=0 n=47379905921497560714225 elapsed=218s
progress: nodes=2,580,000,000 tested=0 found=0 n=148683982334042451374325 elapsed=219s
progress: nodes=2,590,000,000 tested=0 found=0 n=683953909190682302217825 elapsed=220s
progress: nodes=2,600,000,000 tested=0 found=0 n=329517463291112780005725 elapsed=220s
progress: nodes=2,610,000,000 tested=0 found=0 n=393585929288082500746725 elapsed=221s
progress: nodes=2,620,000,000 tested=0 found=0 n=40283680522322022198075 elapsed=222s
progress: nodes=2,630,000,000 tested=0 found=0 n=213518579150982448988775 elapsed=222s
progress: nodes=2,640,000,000 tested=0 found=0 n=824650940554405682348475 elapsed=223s
progress: nodes=2,650,000,000 tested=0 found=0 n=623856865131899923179825 elapsed=224s
progress: nodes=2,660,000,000 tested=0 found=0 n=79118176083267870750825 elapsed=224s
progress: nodes=2,670,000,000 tested=0 found=0 n=74434931579047079140425 elapsed=225s
progress: nodes=2,680,000,000 tested=0 found=0 n=8959263446382794622675 elapsed=225s
progress: nodes=2,690,000,000 tested=0 found=0 n=22994915729114840861025 elapsed=226s
progress: nodes=2,700,000,000 tested=0 found=0 n=53228698114087278955575 elapsed=226s
progress: nodes=2,710,000,000 tested=0 found=0 n=912759176080498640163075 elapsed=227s
progress: nodes=2,720,000,000 tested=0 found=0 n=21703095650608503209325 elapsed=227s
progress: nodes=2,730,000,000 tested=0 found=0 n=9728920894821692390775 elapsed=228s
progress: nodes=2,740,000,000 tested=0 found=0 n=16759124122448920056975 elapsed=228s
progress: nodes=2,750,000,000 tested=0 found=0 n=223246643142466688609475 elapsed=229s
progress: nodes=2,760,000,000 tested=0 found=0 n=438153974696711264445675 elapsed=229s
progress: nodes=2,770,000,000 tested=0 found=0 n=224117619933956059095525 elapsed=230s
progress: nodes=2,780,000,000 tested=0 found=0 n=523669216607122050852075 elapsed=231s
progress: nodes=2,790,000,000 tested=0 found=0 n=723820863778057953393525 elapsed=232s
progress: nodes=2,800,000,000 tested=1 found=0 n=410221470697395276263175 elapsed=232s
progress: nodes=2,810,000,000 tested=1 found=0 n=942632152529016857722425 elapsed=233s
progress: nodes=2,820,000,000 tested=1 found=0 n=720948088489673425922775 elapsed=233s
progress: nodes=2,830,000,000 tested=1 found=0 n=523886713524465866291925 elapsed=234s
progress: nodes=2,840,000,000 tested=1 found=0 n=476335283970201345954225 elapsed=234s
progress: nodes=2,850,000,000 tested=1 found=0 n=713723098722464579079825 elapsed=235s
progress: nodes=2,860,000,000 tested=1 found=0 n=469335291499688278190175 elapsed=235s
progress: nodes=2,870,000,000 tested=1 found=0 n=572231843156935095261075 elapsed=236s
progress: nodes=2,880,000,000 tested=1 found=0 n=539405251674374814215175 elapsed=236s
progress: nodes=2,890,000,000 tested=1 found=0 n=325530957943170434160225 elapsed=237s
progress: nodes=2,900,000,000 tested=1 found=0 n=747969300237734156436075 elapsed=237s
progress: nodes=2,910,000,000 tested=1 found=0 n=557531631630191113210575 elapsed=237s
progress: nodes=2,920,000,000 tested=1 found=0 n=659578003595720616276675 elapsed=238s
progress: nodes=2,930,000,000 tested=1 found=0 n=378734015257137911875725 elapsed=238s
progress: nodes=2,940,000,000 tested=1 found=0 n=712269562306997562025275 elapsed=239s
progress: nodes=2,950,000,000 tested=1 found=0 n=329756636165187624860025 elapsed=239s
progress: nodes=2,960,000,000 tested=1 found=0 n=895401028925887474332225 elapsed=240s
progress: nodes=2,970,000,000 tested=1 found=0 n=471053841469652889843525 elapsed=240s
progress: nodes=2,980,000,000 tested=1 found=0 n=537639793170445355314275 elapsed=241s
progress: nodes=2,990,000,000 tested=1 found=0 n=457008232240794092657175 elapsed=241s
progress: nodes=3,000,000,000 tested=1 found=0 n=811412509744219965276825 elapsed=242s
progress: nodes=3,010,000,000 tested=1 found=0 n=499747035311752732519275 elapsed=242s
progress: nodes=3,020,000,000 tested=1 found=0 n=999800775236532936188925 elapsed=243s
progress: nodes=3,030,000,000 tested=1 found=0 n=656502498786728584109925 elapsed=243s
progress: nodes=3,040,000,000 tested=1 found=0 n=543533517358988832418275 elapsed=243s
progress: nodes=3,050,000,000 tested=1 found=0 n=898628676006712196745225 elapsed=244s
progress: nodes=3,060,000,000 tested=1 found=0 n=534835832715585700436475 elapsed=244s
progress: nodes=3,070,000,000 tested=1 found=0 n=593647755832519516232325 elapsed=245s
progress: nodes=3,080,000,000 tested=1 found=0 n=765551304539275729050225 elapsed=245s
progress: nodes=3,090,000,000 tested=1 found=0 n=934774359840176408271225 elapsed=246s
progress: nodes=3,100,000,000 tested=1 found=0 n=588750483407846089470075 elapsed=246s
progress: nodes=3,110,000,000 tested=1 found=0 n=834222331036303779161475 elapsed=247s
progress: nodes=3,120,000,000 tested=1 found=0 n=953713789591196108349225 elapsed=247s
progress: nodes=3,130,000,000 tested=1 found=0 n=926005212387562562970975 elapsed=248s
progress: nodes=3,140,000,000 tested=1 found=0 n=750596240544049788867225 elapsed=248s
progress: nodes=3,150,000,000 tested=1 found=0 n=805678139162689268190975 elapsed=249s
progress: nodes=3,160,000,000 tested=1 found=0 n=851128535147853961735425 elapsed=249s
progress: nodes=3,170,000,000 tested=1 found=0 n=560343406427058123847575 elapsed=250s
progress: nodes=3,180,000,000 tested=1 found=0 n=910289354744481023961675 elapsed=250s
progress: nodes=3,190,000,000 tested=1 found=0 n=825977657159239544624925 elapsed=251s
progress: nodes=3,200,000,000 tested=1 found=0 n=966958261205535013805325 elapsed=251s
progress: nodes=3,210,000,000 tested=1 found=0 n=851029348713971470696575 elapsed=252s
progress: nodes=3,220,000,000 tested=1 found=0 n=982467375783910987847175 elapsed=252s
progress: nodes=3,230,000,000 tested=1 found=0 n=985155093883583619782175 elapsed=253s
progress: nodes=3,240,000,000 tested=1 found=0 n=898235686556124986127825 elapsed=253s
progress: nodes=3,250,000,000 tested=1 found=0 n=2578176424078855607475 elapsed=254s
progress: nodes=3,260,000,000 tested=1 found=0 n=649408067538638233588425 elapsed=255s
progress: nodes=3,270,000,000 tested=1 found=0 n=951447573435355912910475 elapsed=255s
progress: nodes=3,280,000,000 tested=1 found=0 n=924892190363225432324925 elapsed=256s
progress: nodes=3,290,000,000 tested=1 found=0 n=961220667351928481617275 elapsed=257s
progress: nodes=3,300,000,000 tested=1 found=0 n=915894151488383115967425 elapsed=258s
progress: nodes=3,310,000,000 tested=1 found=0 n=813470878512022012193925 elapsed=259s
progress: nodes=3,320,000,000 tested=1 found=0 n=809953799352526839707775 elapsed=260s
progress: nodes=3,330,000,000 tested=1 found=0 n=807586933883709160417275 elapsed=260s
progress: nodes=3,340,000,000 tested=1 found=0 n=980807093008630359413175 elapsed=261s
progress: nodes=3,350,000,000 tested=1 found=0 n=638911505835786992570775 elapsed=262s
progress: nodes=3,360,000,000 tested=1 found=0 n=270115447361635081244025 elapsed=263s
progress: nodes=3,370,000,000 tested=1 found=0 n=717404805448845153936075 elapsed=264s
progress: nodes=3,380,000,000 tested=1 found=0 n=699122015213819298721425 elapsed=265s
progress: nodes=3,390,000,000 tested=1 found=0 n=633947033996315250994575 elapsed=266s
progress: nodes=3,400,000,000 tested=1 found=0 n=487546806620853943730325 elapsed=267s
progress: nodes=3,410,000,000 tested=1 found=0 n=365456703885617540362725 elapsed=268s
progress: nodes=3,420,000,000 tested=1 found=0 n=322495581255481265460075 elapsed=269s
progress: nodes=3,430,000,000 tested=1 found=0 n=967155585645759415954425 elapsed=269s
progress: nodes=3,440,000,000 tested=1 found=0 n=531062437888809641549475 elapsed=270s
progress: nodes=3,450,000,000 tested=1 found=0 n=488431465508544979206825 elapsed=271s
progress: nodes=3,460,000,000 tested=1 found=0 n=205781198375529227186775 elapsed=272s
progress: nodes=3,470,000,000 tested=1 found=0 n=232295343469148077364025 elapsed=273s
progress: nodes=3,480,000,000 tested=1 found=0 n=226263548540258146104525 elapsed=274s
progress: nodes=3,490,000,000 tested=1 found=0 n=258366116507414649549075 elapsed=275s
progress: nodes=3,500,000,000 tested=1 found=0 n=730690518500251555974975 elapsed=276s
progress: nodes=3,510,000,000 tested=1 found=0 n=378795961293599866340025 elapsed=277s
progress: nodes=3,520,000,000 tested=1 found=0 n=160704910196572810995225 elapsed=278s
progress: nodes=3,530,000,000 tested=1 found=0 n=747597808092122469848925 elapsed=279s
progress: nodes=3,540,000,000 tested=1 found=0 n=278500377037855576461975 elapsed=280s
progress: nodes=3,550,000,000 tested=1 found=0 n=134886665448292513892175 elapsed=281s
progress: nodes=3,560,000,000 tested=1 found=0 n=500115674493509626711575 elapsed=282s
progress: nodes=3,570,000,000 tested=1 found=0 n=534768428723051656841175 elapsed=283s
progress: nodes=3,580,000,000 tested=1 found=0 n=442460012421113590787325 elapsed=284s
progress: nodes=3,590,000,000 tested=1 found=0 n=937832155736638586582925 elapsed=284s
progress: nodes=3,600,000,000 tested=1 found=0 n=74183095324686106427175 elapsed=285s
progress: nodes=3,610,000,000 tested=1 found=0 n=204044458029835620006225 elapsed=286s
progress: nodes=3,620,000,000 tested=1 found=0 n=311703212126183812643475 elapsed=287s
progress: nodes=3,630,000,000 tested=1 found=0 n=486045735076459256595975 elapsed=288s
progress: nodes=3,640,000,000 tested=1 found=0 n=23338269698889479510475 elapsed=288s
progress: nodes=3,650,000,000 tested=1 found=0 n=331477224146683313016825 elapsed=289s
progress: nodes=3,660,000,000 tested=1 found=0 n=406390304824594085850075 elapsed=290s
progress: nodes=3,670,000,000 tested=1 found=0 n=223774683483767615699175 elapsed=291s
progress: nodes=3,680,000,000 tested=1 found=0 n=32500541094335137590975 elapsed=292s
progress: nodes=3,690,000,000 tested=1 found=0 n=168705225691726415126175 elapsed=292s
progress: nodes=3,700,000,000 tested=1 found=0 n=192431118474144206335575 elapsed=293s
progress: nodes=3,710,000,000 tested=1 found=0 n=409877879355853363783575 elapsed=294s
progress: nodes=3,720,000,000 tested=1 found=0 n=46474949505707702574075 elapsed=294s
progress: nodes=3,730,000,000 tested=1 found=0 n=296735938693141688790075 elapsed=295s
progress: nodes=3,740,000,000 tested=1 found=0 n=384957257214133698403725 elapsed=296s
progress: nodes=3,750,000,000 tested=1 found=0 n=34607784737632117485825 elapsed=296s
progress: nodes=3,760,000,000 tested=1 found=0 n=117930678366175517574225 elapsed=297s
progress: nodes=3,770,000,000 tested=1 found=0 n=96585153195648938280525 elapsed=298s
progress: nodes=3,780,000,000 tested=1 found=0 n=622690757375253989996925 elapsed=298s
progress: nodes=3,790,000,000 tested=1 found=0 n=510845480850928385322225 elapsed=299s
progress: nodes=3,800,000,000 tested=1 found=0 n=75608133568859656472175 elapsed=300s
progress: nodes=3,810,000,000 tested=1 found=0 n=425512684795427932566825 elapsed=300s
progress: nodes=3,820,000,000 tested=1 found=0 n=448956499108677560169975 elapsed=301s
progress: nodes=3,830,000,000 tested=1 found=0 n=766097247093733306478025 elapsed=302s
progress: nodes=3,840,000,000 tested=1 found=0 n=73592630024220153554175 elapsed=302s
progress: nodes=3,850,000,000 tested=1 found=0 n=19715261987553217508475 elapsed=303s
progress: nodes=3,860,000,000 tested=1 found=0 n=563980784238892197049275 elapsed=304s
progress: nodes=3,870,000,000 tested=1 found=0 n=86013849354232699291275 elapsed=304s
progress: nodes=3,880,000,000 tested=1 found=0 n=125572325629541096887425 elapsed=305s
progress: nodes=3,890,000,000 tested=1 found=0 n=128553261590301664349025 elapsed=305s
progress: nodes=3,900,000,000 tested=1 found=0 n=198087582259944003542175 elapsed=306s
progress: nodes=3,910,000,000 tested=1 found=0 n=20353460063374226262825 elapsed=307s
progress: nodes=3,920,000,000 tested=1 found=0 n=539814484521283062449475 elapsed=307s
progress: nodes=3,930,000,000 tested=1 found=0 n=15936522633102243220425 elapsed=308s
progress: nodes=3,940,000,000 tested=1 found=0 n=399829500346801887533925 elapsed=308s
progress: nodes=3,950,000,000 tested=1 found=0 n=898216996807985740665975 elapsed=309s
progress: nodes=3,960,000,000 tested=1 found=0 n=27606999659606675430525 elapsed=310s
progress: nodes=3,970,000,000 tested=1 found=0 n=138403071802296867767175 elapsed=310s
progress: nodes=3,980,000,000 tested=1 found=0 n=205550591379860264063175 elapsed=311s
progress: nodes=3,990,000,000 tested=1 found=0 n=22436097238520343492075 elapsed=311s
progress: nodes=4,000,000,000 tested=1 found=0 n=29759230967736058574175 elapsed=312s
progress: nodes=4,010,000,000 tested=1 found=0 n=887403728939429269973925 elapsed=313s
progress: nodes=4,020,000,000 tested=1 found=0 n=49092901990323075357525 elapsed=313s
progress: nodes=4,030,000,000 tested=1 found=0 n=33246937953092325609225 elapsed=314s
progress: nodes=4,040,000,000 tested=1 found=0 n=548564327916280162838325 elapsed=314s
progress: nodes=4,050,000,000 tested=1 found=0 n=88273493461905727988025 elapsed=315s
progress: nodes=4,060,000,000 tested=1 found=0 n=110880553176275350627575 elapsed=315s
progress: nodes=4,070,000,000 tested=1 found=0 n=4716874029322083824325 elapsed=316s
progress: nodes=4,080,000,000 tested=1 found=0 n=8492489005940668442025 elapsed=316s
progress: nodes=4,090,000,000 tested=1 found=0 n=554611986831748294598175 elapsed=317s
progress: nodes=4,100,000,000 tested=1 found=0 n=67844810928059771723325 elapsed=317s
progress: nodes=4,110,000,000 tested=1 found=0 n=1757731708637213742225 elapsed=318s
progress: nodes=4,120,000,000 tested=1 found=0 n=426006588470922555405075 elapsed=319s
progress: nodes=4,130,000,000 tested=1 found=0 n=719035401006555854799825 elapsed=319s
progress: nodes=4,140,000,000 tested=1 found=0 n=605350957342062061257075 elapsed=320s
progress: nodes=4,150,000,000 tested=1 found=0 n=449736095187747520071075 elapsed=321s
progress: nodes=4,160,000,000 tested=1 found=0 n=2853078423496044029325 elapsed=322s
progress: nodes=4,170,000,000 tested=1 found=0 n=2332671628545899786925 elapsed=322s
progress: nodes=4,180,000,000 tested=1 found=0 n=5570708420970556346925 elapsed=323s
progress: nodes=4,190,000,000 tested=1 found=0 n=770996430322387683239475 elapsed=324s
progress: nodes=4,200,000,000 tested=1 found=0 n=569942390859056212142925 elapsed=325s
progress: nodes=4,210,000,000 tested=1 found=0 n=286185548356380478865475 elapsed=326s
progress: nodes=4,220,000,000 tested=1 found=0 n=210892636486050542194275 elapsed=327s
progress: nodes=4,230,000,000 tested=1 found=0 n=756834898278225664991925 elapsed=327s
progress: nodes=4,240,000,000 tested=1 found=0 n=139700957049898077170025 elapsed=328s
progress: nodes=4,250,000,000 tested=1 found=0 n=373808215490687496531675 elapsed=329s
progress: nodes=4,260,000,000 tested=1 found=0 n=370623134935881512635275 elapsed=330s
progress: nodes=4,270,000,000 tested=1 found=0 n=871432040797340261765175 elapsed=330s
progress: nodes=4,280,000,000 tested=1 found=0 n=111501417093883195061475 elapsed=331s
progress: nodes=4,290,000,000 tested=1 found=0 n=307221739755621942124575 elapsed=332s
progress: nodes=4,300,000,000 tested=1 found=0 n=477656701315690344999525 elapsed=332s
progress: nodes=4,310,000,000 tested=1 found=0 n=394218657837354829222575 elapsed=333s
progress: nodes=4,320,000,000 tested=1 found=0 n=221351783407570951817175 elapsed=334s
progress: nodes=4,330,000,000 tested=1 found=0 n=289663832962365018566175 elapsed=334s
progress: nodes=4,340,000,000 tested=1 found=0 n=41232175066180614516975 elapsed=335s
progress: nodes=4,350,000,000 tested=1 found=0 n=506089790034375628981575 elapsed=336s
progress: nodes=4,360,000,000 tested=1 found=0 n=83431796942462635838925 elapsed=336s
progress: nodes=4,370,000,000 tested=1 found=0 n=394057357315848397492425 elapsed=337s
progress: nodes=4,380,000,000 tested=1 found=0 n=868931270133687830543175 elapsed=337s
progress: nodes=4,390,000,000 tested=1 found=0 n=132994570126600852760025 elapsed=338s
progress: nodes=4,400,000,000 tested=1 found=0 n=173099199728688043002075 elapsed=339s
progress: nodes=4,410,000,000 tested=1 found=0 n=423667494333746004797325 elapsed=339s
progress: nodes=4,420,000,000 tested=1 found=0 n=288308609092887199827075 elapsed=340s
progress: nodes=4,430,000,000 tested=1 found=0 n=12033387454627126905525 elapsed=340s
progress: nodes=4,440,000,000 tested=1 found=0 n=402185602855720928722725 elapsed=341s
progress: nodes=4,450,000,000 tested=1 found=0 n=87381187486458571610775 elapsed=342s
progress: nodes=4,460,000,000 tested=1 found=0 n=429507516807538179387975 elapsed=342s
progress: nodes=4,470,000,000 tested=1 found=0 n=27522235436860066292325 elapsed=343s
progress: nodes=4,480,000,000 tested=1 found=0 n=89082676117517400697275 elapsed=343s
progress: nodes=4,490,000,000 tested=1 found=0 n=120333406569053993104725 elapsed=344s
progress: nodes=4,500,000,000 tested=1 found=0 n=25945381537183290683475 elapsed=344s
progress: nodes=4,510,000,000 tested=1 found=0 n=26640590980857331716225 elapsed=345s
progress: nodes=4,520,000,000 tested=1 found=0 n=607797581462169910610175 elapsed=345s
progress: nodes=4,530,000,000 tested=1 found=0 n=925553694729750738271425 elapsed=346s
progress: nodes=4,540,000,000 tested=1 found=0 n=779488793335805876010675 elapsed=347s
progress: nodes=4,550,000,000 tested=1 found=0 n=418354069624051468304475 elapsed=347s
progress: nodes=4,560,000,000 tested=1 found=0 n=12074133290652215952975 elapsed=348s
progress: nodes=4,570,000,000 tested=1 found=0 n=14346124678177961417775 elapsed=348s
progress: nodes=4,580,000,000 tested=1 found=0 n=737996896166311704449475 elapsed=349s
progress: nodes=4,590,000,000 tested=1 found=0 n=904954364537284516715325 elapsed=350s
progress: nodes=4,600,000,000 tested=1 found=0 n=840596378857785488241225 elapsed=350s
progress: nodes=4,610,000,000 tested=1 found=0 n=112695099294368821548825 elapsed=351s
progress: nodes=4,620,000,000 tested=1 found=0 n=9700598599618285718775 elapsed=351s
progress: nodes=4,630,000,000 tested=1 found=0 n=16882274973952259916525 elapsed=352s
progress: nodes=4,640,000,000 tested=1 found=0 n=887397335012315027215575 elapsed=352s
progress: nodes=4,650,000,000 tested=1 found=0 n=980717332242192326662725 elapsed=353s
progress: nodes=4,660,000,000 tested=1 found=0 n=813305307405665425750425 elapsed=354s
progress: nodes=4,670,000,000 tested=1 found=0 n=260645434916780070339975 elapsed=354s
progress: nodes=4,680,000,000 tested=1 found=0 n=425417638051167255184275 elapsed=355s
progress: nodes=4,690,000,000 tested=1 found=0 n=658586258598352800406275 elapsed=356s
progress: nodes=4,700,000,000 tested=1 found=0 n=758847549597777144329175 elapsed=357s
progress: nodes=4,710,000,000 tested=1 found=0 n=799772654965534996095675 elapsed=358s
progress: nodes=4,720,000,000 tested=1 found=0 n=259363829069700925339575 elapsed=359s
progress: nodes=4,730,000,000 tested=1 found=0 n=348307419077395684823475 elapsed=359s
progress: nodes=4,740,000,000 tested=1 found=0 n=649487110803697952753175 elapsed=360s
progress: nodes=4,750,000,000 tested=1 found=0 n=87050990684931960091275 elapsed=361s
progress: nodes=4,760,000,000 tested=1 found=0 n=131372523101433629436525 elapsed=361s
progress: nodes=4,770,000,000 tested=1 found=0 n=133687847847229788741525 elapsed=362s
progress: nodes=4,780,000,000 tested=1 found=0 n=573696811626911366293575 elapsed=363s
progress: nodes=4,790,000,000 tested=1 found=0 n=620041093955039677082175 elapsed=364s
progress: nodes=4,800,000,000 tested=1 found=0 n=132622764981917860298025 elapsed=365s
progress: nodes=4,810,000,000 tested=1 found=0 n=295803690093378791072775 elapsed=365s
progress: nodes=4,820,000,000 tested=1 found=0 n=202420639688290564381425 elapsed=366s
progress: nodes=4,830,000,000 tested=1 found=0 n=754949509616967515975475 elapsed=366s
progress: nodes=4,840,000,000 tested=1 found=0 n=304057935796014418540275 elapsed=367s
progress: nodes=4,850,000,000 tested=1 found=0 n=657448777381779343148175 elapsed=368s
progress: nodes=4,860,000,000 tested=1 found=0 n=154459105805639059632675 elapsed=368s
progress: nodes=4,870,000,000 tested=1 found=0 n=43580354174718573820725 elapsed=369s
progress: nodes=4,880,000,000 tested=1 found=0 n=354289548909603444962175 elapsed=370s
progress: nodes=4,890,000,000 tested=1 found=0 n=51556012819783408635075 elapsed=370s
progress: nodes=4,900,000,000 tested=1 found=0 n=283262313578206196207025 elapsed=371s
progress: nodes=4,910,000,000 tested=1 found=0 n=368872260224713707656025 elapsed=371s
progress: nodes=4,920,000,000 tested=1 found=0 n=428434638325895847458475 elapsed=372s
progress: nodes=4,930,000,000 tested=1 found=0 n=40285390085732966028075 elapsed=372s
progress: nodes=4,940,000,000 tested=1 found=0 n=954193681043139700276425 elapsed=373s
progress: nodes=4,950,000,000 tested=1 found=0 n=132078232494733660425225 elapsed=374s
progress: nodes=4,960,000,000 tested=1 found=0 n=192769836108602591009925 elapsed=374s
progress: nodes=4,970,000,000 tested=1 found=0 n=304690105839271152554775 elapsed=375s
progress: nodes=4,980,000,000 tested=1 found=0 n=5943981902954357635425 elapsed=375s
progress: nodes=4,990,000,000 tested=1 found=0 n=507881370102087996819675 elapsed=376s
progress: nodes=5,000,000,000 tested=1 found=0 n=642121843095620352623925 elapsed=376s
progress: nodes=5,010,000,000 tested=1 found=0 n=713363192731543537055925 elapsed=377s
progress: nodes=5,020,000,000 tested=1 found=0 n=565035663205876420113075 elapsed=378s
progress: nodes=5,030,000,000 tested=1 found=0 n=347216543896939529871825 elapsed=378s
progress: nodes=5,040,000,000 tested=1 found=0 n=47067848334229971166425 elapsed=379s
progress: nodes=5,050,000,000 tested=1 found=0 n=138474444548928692490975 elapsed=379s
progress: nodes=5,060,000,000 tested=1 found=0 n=154913791747640112196425 elapsed=380s
progress: nodes=5,070,000,000 tested=1 found=0 n=100773469983027685155975 elapsed=380s
progress: nodes=5,080,000,000 tested=1 found=0 n=25790912621560048572675 elapsed=381s
progress: nodes=5,090,000,000 tested=1 found=0 n=6085398264056418636225 elapsed=382s
progress: nodes=5,100,000,000 tested=1 found=0 n=638241020859811050375525 elapsed=382s
progress: nodes=5,110,000,000 tested=1 found=0 n=984622155497523401540175 elapsed=383s
progress: nodes=5,120,000,000 tested=1 found=0 n=635847896303502947961975 elapsed=383s
progress: nodes=5,130,000,000 tested=1 found=0 n=340960314692362932488025 elapsed=384s
progress: nodes=5,140,000,000 tested=1 found=0 n=576809233915411369568475 elapsed=385s
progress: nodes=5,150,000,000 tested=1 found=0 n=693495716109023849372325 elapsed=385s
progress: nodes=5,160,000,000 tested=1 found=0 n=271779558843456605146725 elapsed=386s
progress: nodes=5,170,000,000 tested=1 found=0 n=277705495089489573132975 elapsed=387s
progress: nodes=5,180,000,000 tested=1 found=0 n=674915592878116111720575 elapsed=388s
progress: nodes=5,190,000,000 tested=1 found=0 n=719344547659371110294025 elapsed=388s
progress: nodes=5,200,000,000 tested=1 found=0 n=522575023773626375324175 elapsed=389s
progress: nodes=5,210,000,000 tested=1 found=0 n=707997151478705137987275 elapsed=390s
progress: nodes=5,220,000,000 tested=1 found=0 n=307260611976387033177525 elapsed=391s
progress: nodes=5,230,000,000 tested=1 found=0 n=655023124363057539912225 elapsed=392s
progress: nodes=5,240,000,000 tested=1 found=0 n=856628178748001148449025 elapsed=393s
progress: nodes=5,250,000,000 tested=1 found=0 n=602448900335799781864275 elapsed=394s
progress: nodes=5,260,000,000 tested=1 found=0 n=461023720258334510619225 elapsed=395s
progress: nodes=5,270,000,000 tested=1 found=0 n=734056371913587537242025 elapsed=396s
progress: nodes=5,280,000,000 tested=1 found=0 n=134189308384564599389925 elapsed=397s
progress: nodes=5,290,000,000 tested=1 found=0 n=310163650469460882879525 elapsed=398s
progress: nodes=5,300,000,000 tested=1 found=0 n=652949547430095555403725 elapsed=398s
progress: nodes=5,310,000,000 tested=1 found=0 n=404682116306881142401425 elapsed=399s
progress: nodes=5,320,000,000 tested=1 found=0 n=518247760145009112483525 elapsed=400s
progress: nodes=5,330,000,000 tested=1 found=0 n=182485386807165041134275 elapsed=401s
progress: nodes=5,340,000,000 tested=1 found=0 n=972819454968933412905675 elapsed=401s
progress: nodes=5,350,000,000 tested=1 found=0 n=55125807238656551975175 elapsed=402s
progress: nodes=5,360,000,000 tested=1 found=0 n=739826183216148364261575 elapsed=403s
progress: nodes=5,370,000,000 tested=1 found=0 n=232527301724201282261775 elapsed=403s
progress: nodes=5,380,000,000 tested=1 found=0 n=68686258842235976909175 elapsed=404s
progress: nodes=5,390,000,000 tested=1 found=0 n=20973788681303130563475 elapsed=404s
progress: nodes=5,400,000,000 tested=1 found=0 n=303650118419903651415825 elapsed=405s
progress: nodes=5,410,000,000 tested=1 found=0 n=785167009676494719297075 elapsed=405s
progress: nodes=5,420,000,000 tested=1 found=0 n=9125538897777464392425 elapsed=406s
progress: nodes=5,430,000,000 tested=1 found=0 n=625329645868254799663425 elapsed=406s
progress: nodes=5,440,000,000 tested=1 found=0 n=67411998324373020630975 elapsed=407s
progress: nodes=5,450,000,000 tested=1 found=0 n=86040650530520576622225 elapsed=408s
progress: nodes=5,460,000,000 tested=1 found=0 n=459501868250119273284225 elapsed=408s
progress: nodes=5,470,000,000 tested=1 found=0 n=41345438747448836552175 elapsed=409s
progress: nodes=5,480,000,000 tested=1 found=0 n=240721064981685405944775 elapsed=409s
progress: nodes=5,490,000,000 tested=1 found=0 n=465439108122598170152475 elapsed=410s
progress: nodes=5,500,000,000 tested=1 found=0 n=87921245855651361075 elapsed=410s
progress: nodes=5,510,000,000 tested=1 found=0 n=726812774674183748622825 elapsed=411s
progress: nodes=5,520,000,000 tested=1 found=0 n=298287093668919562469925 elapsed=412s
progress: nodes=5,530,000,000 tested=1 found=0 n=3604889195397783776925 elapsed=412s
progress: nodes=5,540,000,000 tested=1 found=0 n=326452090075592237783325 elapsed=413s
progress: nodes=5,550,000,000 tested=1 found=0 n=1575299448376024202325 elapsed=413s
progress: nodes=5,560,000,000 tested=1 found=0 n=939201349023213424062525 elapsed=414s
progress: nodes=5,570,000,000 tested=1 found=0 n=894506467332340537391925 elapsed=415s
progress: nodes=5,580,000,000 tested=1 found=0 n=1473311617954537938525 elapsed=416s
progress: nodes=5,590,000,000 tested=1 found=0 n=734311301216791351853475 elapsed=416s
progress: nodes=5,600,000,000 tested=1 found=0 n=870613118703558834297525 elapsed=417s
progress: nodes=5,610,000,000 tested=1 found=0 n=325700493942995987198175 elapsed=418s
progress: nodes=5,620,000,000 tested=1 found=0 n=929766907285955609472225 elapsed=419s
progress: nodes=5,630,000,000 tested=1 found=0 n=899923523245034919365475 elapsed=420s
progress: nodes=5,640,000,000 tested=1 found=0 n=396129231866516867541225 elapsed=420s
progress: nodes=5,650,000,000 tested=1 found=0 n=98246249845742264874075 elapsed=421s
progress: nodes=5,660,000,000 tested=1 found=0 n=285707359761917197744575 elapsed=422s
progress: nodes=5,670,000,000 tested=1 found=0 n=127750722241905802959075 elapsed=422s
progress: nodes=5,680,000,000 tested=1 found=0 n=205325603861966259080175 elapsed=423s
progress: nodes=5,690,000,000 tested=1 found=0 n=111905333627275001276775 elapsed=423s
progress: nodes=5,700,000,000 tested=1 found=0 n=106487728469060187070575 elapsed=424s
progress: nodes=5,710,000,000 tested=1 found=0 n=89292804585046257332475 elapsed=424s
progress: nodes=5,720,000,000 tested=1 found=0 n=88789438224703432016775 elapsed=425s
progress: nodes=5,730,000,000 tested=1 found=0 n=202652867564165201820975 elapsed=425s
progress: nodes=5,740,000,000 tested=1 found=0 n=33685874543956580820225 elapsed=426s
progress: nodes=5,750,000,000 tested=1 found=0 n=38422043851761135735975 elapsed=426s
progress: nodes=5,760,000,000 tested=1 found=0 n=63417223873182970869975 elapsed=427s
progress: nodes=5,770,000,000 tested=1 found=0 n=44501310586381133513925 elapsed=427s
progress: nodes=5,780,000,000 tested=1 found=0 n=88047173316944776506975 elapsed=428s
progress: nodes=5,790,000,000 tested=1 found=0 n=53095185267820177250925 elapsed=428s
progress: nodes=5,800,000,000 tested=1 found=0 n=57843143060162471589825 elapsed=429s
progress: nodes=5,810,000,000 tested=1 found=0 n=49088171187712278177075 elapsed=429s
progress: nodes=5,820,000,000 tested=1 found=0 n=71702556545164823252325 elapsed=430s
progress: nodes=5,830,000,000 tested=1 found=0 n=750749099537411025389325 elapsed=430s
progress: nodes=5,840,000,000 tested=1 found=0 n=577042569116404591470075 elapsed=431s
progress: nodes=5,850,000,000 tested=1 found=0 n=296617708403358090029775 elapsed=432s
progress: nodes=5,860,000,000 tested=1 found=0 n=186873140266566271885575 elapsed=433s
progress: nodes=5,870,000,000 tested=1 found=0 n=183418883574465903942825 elapsed=434s
progress: nodes=5,880,000,000 tested=1 found=0 n=101819268444335992017975 elapsed=434s
progress: nodes=5,890,000,000 tested=1 found=0 n=179000312776670387547675 elapsed=435s
progress: nodes=5,900,000,000 tested=1 found=0 n=753463721515625543009925 elapsed=436s
progress: nodes=5,910,000,000 tested=1 found=0 n=259303961681440676801775 elapsed=436s
progress: nodes=5,920,000,000 tested=1 found=0 n=27525685221675303334425 elapsed=437s
progress: nodes=5,930,000,000 tested=1 found=0 n=53749952578299614811525 elapsed=437s
progress: nodes=5,940,000,000 tested=1 found=0 n=627014087367720236557425 elapsed=438s
progress: nodes=5,950,000,000 tested=1 found=0 n=486590734416879490369725 elapsed=439s
progress: nodes=5,960,000,000 tested=1 found=0 n=10078898384260861450425 elapsed=439s
progress: nodes=5,970,000,000 tested=1 found=0 n=133415901425368521814725 elapsed=440s
progress: nodes=5,980,000,000 tested=1 found=0 n=3358209058217802614475 elapsed=440s
progress: nodes=5,990,000,000 tested=1 found=0 n=217661615326023152927175 elapsed=441s
progress: nodes=6,000,000,000 tested=1 found=0 n=450552704375548281320775 elapsed=442s
progress: nodes=6,010,000,000 tested=1 found=0 n=2623355839003617054675 elapsed=442s
progress: nodes=6,020,000,000 tested=1 found=0 n=47120752611495684748575 elapsed=443s
progress: nodes=6,030,000,000 tested=1 found=0 n=310212135170450514556425 elapsed=443s
progress: nodes=6,040,000,000 tested=1 found=0 n=946427591502298339805475 elapsed=444s
progress: nodes=6,050,000,000 tested=1 found=0 n=758960116413407752202775 elapsed=444s
progress: nodes=6,060,000,000 tested=1 found=0 n=241110293946605775733275 elapsed=445s
progress: nodes=6,070,000,000 tested=1 found=0 n=433055984528939062522725 elapsed=446s
progress: nodes=6,080,000,000 tested=1 found=0 n=899872084334648618583975 elapsed=446s
progress: nodes=6,090,000,000 tested=1 found=0 n=719389108043967483459675 elapsed=447s
progress: nodes=6,100,000,000 tested=1 found=0 n=941105669910946287266025 elapsed=447s
progress: nodes=6,110,000,000 tested=1 found=0 n=764123334021334737505575 elapsed=448s
progress: nodes=6,120,000,000 tested=1 found=0 n=616763940999654066310575 elapsed=449s
progress: nodes=6,130,000,000 tested=1 found=0 n=850784007982405514375475 elapsed=450s
progress: nodes=6,140,000,000 tested=1 found=0 n=588874955275285261856325 elapsed=450s
progress: nodes=6,150,000,000 tested=1 found=0 n=810666185960078943437475 elapsed=451s
progress: nodes=6,160,000,000 tested=1 found=0 n=853453211241733668016425 elapsed=452s
progress: nodes=6,170,000,000 tested=1 found=0 n=755455588090468016962275 elapsed=453s
progress: nodes=6,180,000,000 tested=1 found=0 n=804275928727943348836575 elapsed=453s
progress: nodes=6,190,000,000 tested=1 found=0 n=965507023857294272662425 elapsed=454s
progress: nodes=6,200,000,000 tested=1 found=0 n=253213128142642479933225 elapsed=455s
progress: nodes=6,210,000,000 tested=1 found=0 n=90604533665490770867175 elapsed=456s
progress: nodes=6,220,000,000 tested=1 found=0 n=949798568713371074243325 elapsed=457s
progress: nodes=6,230,000,000 tested=1 found=0 n=504275190897836433854025 elapsed=458s
progress: nodes=6,240,000,000 tested=1 found=0 n=198154757647849823411175 elapsed=458s
progress: nodes=6,250,000,000 tested=1 found=0 n=233894909314875939065325 elapsed=459s
progress: nodes=6,260,000,000 tested=1 found=0 n=174955158288916017722775 elapsed=460s
progress: nodes=6,270,000,000 tested=1 found=0 n=93863804006442624023025 elapsed=460s
progress: nodes=6,280,000,000 tested=1 found=0 n=78770893756165950201525 elapsed=461s
progress: nodes=6,290,000,000 tested=1 found=0 n=507589935516721283677425 elapsed=462s
progress: nodes=6,300,000,000 tested=1 found=0 n=108561360901017170422575 elapsed=463s
progress: nodes=6,310,000,000 tested=1 found=0 n=117900136662683112161775 elapsed=463s
progress: nodes=6,320,000,000 tested=1 found=0 n=85807665709412613054075 elapsed=464s
progress: nodes=6,330,000,000 tested=1 found=0 n=26514385597090877969925 elapsed=464s
progress: nodes=6,340,000,000 tested=1 found=0 n=108134557778158802984925 elapsed=465s
progress: nodes=6,350,000,000 tested=1 found=0 n=201615983125740081132975 elapsed=465s
progress: nodes=6,360,000,000 tested=1 found=0 n=975466141755785357005575 elapsed=466s
progress: nodes=6,370,000,000 tested=1 found=0 n=189580382265065568072075 elapsed=466s
progress: nodes=6,380,000,000 tested=1 found=0 n=717847471943248753732275 elapsed=467s
progress: nodes=6,390,000,000 tested=1 found=0 n=2755675809740908866825 elapsed=468s
progress: nodes=6,400,000,000 tested=1 found=0 n=145834106597123049585675 elapsed=468s
progress: nodes=6,410,000,000 tested=1 found=0 n=472855796699229076035825 elapsed=469s
progress: nodes=6,420,000,000 tested=1 found=0 n=570614431499077717261575 elapsed=470s
progress: nodes=6,430,000,000 tested=1 found=0 n=707569301982427162706025 elapsed=470s
progress: nodes=6,440,000,000 tested=1 found=0 n=167056397399002048730325 elapsed=471s
progress: nodes=6,450,000,000 tested=1 found=0 n=910146366230250348625725 elapsed=471s
progress: nodes=6,460,000,000 tested=1 found=0 n=30541266374749029721575 elapsed=472s
progress: nodes=6,470,000,000 tested=1 found=0 n=460490212735810158391425 elapsed=473s
progress: nodes=6,480,000,000 tested=1 found=0 n=686002890062947007891925 elapsed=473s
progress: nodes=6,490,000,000 tested=1 found=0 n=358415142711786850420575 elapsed=474s
progress: nodes=6,500,000,000 tested=1 found=0 n=5930393785723796129325 elapsed=475s
progress: nodes=6,510,000,000 tested=1 found=0 n=933989582968296075868725 elapsed=476s
progress: nodes=6,520,000,000 tested=1 found=0 n=882353799327100925643975 elapsed=476s
progress: nodes=6,530,000,000 tested=1 found=0 n=717040217845939251879225 elapsed=477s
progress: nodes=6,540,000,000 tested=1 found=0 n=568546015623343628805675 elapsed=478s
progress: nodes=6,550,000,000 tested=1 found=0 n=503177763800269806384825 elapsed=479s
progress: nodes=6,560,000,000 tested=1 found=0 n=393576256939297819189725 elapsed=479s
progress: nodes=6,570,000,000 tested=1 found=0 n=632820692474864330524425 elapsed=480s
progress: nodes=6,580,000,000 tested=1 found=0 n=980950404099518445255975 elapsed=481s
progress: nodes=6,590,000,000 tested=1 found=0 n=513158195874703111044975 elapsed=482s
progress: nodes=6,600,000,000 tested=1 found=0 n=97990118549374474838025 elapsed=483s
progress: nodes=6,610,000,000 tested=1 found=0 n=416518133896640139597675 elapsed=484s
progress: nodes=6,620,000,000 tested=1 found=0 n=80519373491670159529275 elapsed=484s
progress: nodes=6,630,000,000 tested=1 found=0 n=55184311851896240725725 elapsed=485s
progress: nodes=6,640,000,000 tested=1 found=0 n=550760668173375912857475 elapsed=485s
progress: nodes=6,650,000,000 tested=1 found=0 n=38801044277058235632525 elapsed=486s
progress: nodes=6,660,000,000 tested=1 found=0 n=304777002810348744597675 elapsed=487s
progress: nodes=6,670,000,000 tested=1 found=0 n=9185781373036420619025 elapsed=487s
progress: nodes=6,680,000,000 tested=1 found=0 n=484602025332497133926475 elapsed=488s
progress: nodes=6,690,000,000 tested=1 found=0 n=823700278269197778176325 elapsed=488s
progress: nodes=6,700,000,000 tested=1 found=0 n=976468608301710193994025 elapsed=489s
progress: nodes=6,710,000,000 tested=1 found=0 n=311131492228539138987675 elapsed=490s
progress: nodes=6,720,000,000 tested=1 found=0 n=124715107943270355498975 elapsed=490s
progress: nodes=6,730,000,000 tested=1 found=0 n=15841425217667266160775 elapsed=491s
progress: nodes=6,740,000,000 tested=1 found=0 n=115632423836302395037275 elapsed=492s
progress: nodes=6,750,000,000 tested=1 found=0 n=855380222919485618533425 elapsed=492s
progress: nodes=6,760,000,000 tested=1 found=0 n=725354877958370491065975 elapsed=493s
progress: nodes=6,770,000,000 tested=1 found=0 n=863034587106705598767975 elapsed=494s
progress: nodes=6,780,000,000 tested=1 found=0 n=865620241670553977412675 elapsed=494s
progress: nodes=6,790,000,000 tested=1 found=0 n=377111324780270392884975 elapsed=495s
progress: nodes=6,800,000,000 tested=1 found=0 n=814179674972913013442925 elapsed=496s
progress: nodes=6,810,000,000 tested=1 found=0 n=442830647289524558094225 elapsed=497s
progress: nodes=6,820,000,000 tested=1 found=0 n=553556636230185165008925 elapsed=498s
progress: nodes=6,830,000,000 tested=1 found=0 n=240020703584319852675 elapsed=498s
progress: nodes=6,840,000,000 tested=1 found=0 n=473418571504315054418775 elapsed=499s
progress: nodes=6,850,000,000 tested=1 found=0 n=332692261767036596022975 elapsed=500s
progress: nodes=6,860,000,000 tested=1 found=0 n=455177334968846329281975 elapsed=501s
progress: nodes=6,870,000,000 tested=1 found=0 n=795648948459018165564975 elapsed=502s
progress: nodes=6,880,000,000 tested=1 found=0 n=525794376047612120247825 elapsed=502s
progress: nodes=6,890,000,000 tested=1 found=0 n=549018398002281079968225 elapsed=503s
progress: nodes=6,900,000,000 tested=1 found=0 n=5024859399035865502425 elapsed=504s
progress: nodes=6,910,000,000 tested=1 found=0 n=306764508813089356496025 elapsed=504s
progress: nodes=6,920,000,000 tested=1 found=0 n=33160171769838851478975 elapsed=505s
progress: nodes=6,930,000,000 tested=1 found=0 n=636633522801486211455675 elapsed=506s
progress: nodes=6,940,000,000 tested=1 found=0 n=711709089571297455478425 elapsed=506s
progress: nodes=6,950,000,000 tested=1 found=0 n=2535409927296131064075 elapsed=507s
progress: nodes=6,960,000,000 tested=1 found=0 n=837500747309988797900475 elapsed=507s
progress: nodes=6,970,000,000 tested=1 found=0 n=169259281751488335758325 elapsed=508s
progress: nodes=6,980,000,000 tested=1 found=0 n=127149330182040387084825 elapsed=509s
progress: nodes=6,990,000,000 tested=1 found=0 n=464431957434872441711775 elapsed=509s
progress: nodes=7,000,000,000 tested=1 found=0 n=147062061785997139628925 elapsed=510s
progress: nodes=7,010,000,000 tested=1 found=0 n=668544461087009645680425 elapsed=511s
progress: nodes=7,020,000,000 tested=1 found=0 n=457177267758651745034925 elapsed=512s
progress: nodes=7,030,000,000 tested=1 found=0 n=350484903081167651061525 elapsed=512s
progress: nodes=7,040,000,000 tested=1 found=0 n=721788688061264960507475 elapsed=513s
progress: nodes=7,050,000,000 tested=1 found=0 n=425117222324018276355225 elapsed=514s
progress: nodes=7,060,000,000 tested=1 found=0 n=654519455024258901440025 elapsed=515s
progress: nodes=7,070,000,000 tested=1 found=0 n=994185825727490666363925 elapsed=516s
progress: nodes=7,080,000,000 tested=1 found=0 n=570985316093921521773825 elapsed=516s
progress: nodes=7,090,000,000 tested=1 found=0 n=375727353805142006724225 elapsed=517s
progress: nodes=7,100,000,000 tested=1 found=0 n=203976628616804162450175 elapsed=518s
progress: nodes=7,110,000,000 tested=1 found=0 n=443132789427130203797175 elapsed=519s
progress: nodes=7,120,000,000 tested=1 found=0 n=936431929664445202323075 elapsed=520s
progress: nodes=7,130,000,000 tested=1 found=0 n=659707139365776465417675 elapsed=521s
progress: nodes=7,140,000,000 tested=1 found=0 n=8927210731071082738275 elapsed=521s
progress: nodes=7,150,000,000 tested=1 found=0 n=22156612264843148228175 elapsed=522s
progress: nodes=7,160,000,000 tested=1 found=0 n=28531921542893866419075 elapsed=522s
progress: nodes=7,170,000,000 tested=1 found=0 n=498846311033463498546675 elapsed=523s
progress: nodes=7,180,000,000 tested=1 found=0 n=897793614940591578464775 elapsed=524s
progress: nodes=7,190,000,000 tested=1 found=0 n=825820254247328219186775 elapsed=524s
progress: nodes=7,200,000,000 tested=1 found=0 n=389164260226370487940575 elapsed=525s
progress: nodes=7,210,000,000 tested=1 found=0 n=780912962324095258391175 elapsed=526s
progress: nodes=7,220,000,000 tested=1 found=0 n=308793131429159396515275 elapsed=526s
progress: nodes=7,230,000,000 tested=1 found=0 n=558712416385377991856925 elapsed=527s
progress: nodes=7,240,000,000 tested=1 found=0 n=782938505370687129105525 elapsed=528s
progress: nodes=7,250,000,000 tested=1 found=0 n=571125964197472166097225 elapsed=529s
progress: nodes=7,260,000,000 tested=1 found=0 n=617972328462774864152925 elapsed=530s
progress: nodes=7,270,000,000 tested=1 found=0 n=562785658788782209163175 elapsed=530s
progress: nodes=7,280,000,000 tested=1 found=0 n=233623873854342273284775 elapsed=531s
progress: nodes=7,290,000,000 tested=1 found=0 n=982145573781949095383475 elapsed=532s
progress: nodes=7,300,000,000 tested=1 found=0 n=363968279492461093613475 elapsed=533s
progress: nodes=7,310,000,000 tested=1 found=0 n=123801216937626910701825 elapsed=534s
progress: nodes=7,320,000,000 tested=1 found=0 n=394650020022467692353975 elapsed=534s
progress: nodes=7,330,000,000 tested=1 found=0 n=639724638996587553110325 elapsed=535s
progress: nodes=7,340,000,000 tested=1 found=0 n=443046416622921522686925 elapsed=536s
progress: nodes=7,350,000,000 tested=1 found=0 n=333602862957456316002675 elapsed=537s
progress: nodes=7,360,000,000 tested=1 found=0 n=874363574442462526734975 elapsed=537s
progress: nodes=7,370,000,000 tested=1 found=0 n=23021334957813728863275 elapsed=538s
progress: nodes=7,380,000,000 tested=1 found=0 n=270991873231327837552275 elapsed=539s
progress: nodes=7,390,000,000 tested=1 found=0 n=395874024257736787636575 elapsed=539s
progress: nodes=7,400,000,000 tested=1 found=0 n=782363833477600263613425 elapsed=540s
progress: nodes=7,410,000,000 tested=1 found=0 n=905211957828152494561275 elapsed=541s
progress: nodes=7,420,000,000 tested=1 found=0 n=354285963333158417381925 elapsed=542s
progress: nodes=7,430,000,000 tested=1 found=0 n=492757455316179446104725 elapsed=543s
progress: nodes=7,440,000,000 tested=1 found=0 n=210296170453791101913675 elapsed=543s
progress: nodes=7,450,000,000 tested=1 found=0 n=609377125309323142493475 elapsed=544s
progress: nodes=7,460,000,000 tested=1 found=0 n=986374215802306782737325 elapsed=545s
progress: nodes=7,470,000,000 tested=1 found=0 n=838867192165341677698425 elapsed=546s
progress: nodes=7,480,000,000 tested=1 found=0 n=135509919723151949871675 elapsed=546s
progress: nodes=7,490,000,000 tested=1 found=0 n=334421459712653193033075 elapsed=547s
progress: nodes=7,500,000,000 tested=1 found=0 n=332966767595381387889525 elapsed=548s
progress: nodes=7,510,000,000 tested=1 found=0 n=3359528520634780851825 elapsed=549s
progress: nodes=7,520,000,000 tested=1 found=0 n=823130086117837882260825 elapsed=550s
progress: nodes=7,530,000,000 tested=1 found=0 n=46503192360978706108275 elapsed=550s
progress: nodes=7,540,000,000 tested=1 found=0 n=998195090375675494519425 elapsed=551s
progress: nodes=7,550,000,000 tested=1 found=0 n=823233151789498169960175 elapsed=552s
progress: nodes=7,560,000,000 tested=1 found=0 n=487904480382966986514825 elapsed=552s
progress: nodes=7,570,000,000 tested=1 found=0 n=490573544459673707782425 elapsed=553s
progress: nodes=7,580,000,000 tested=1 found=0 n=923270885342588234465325 elapsed=554s
progress: nodes=7,590,000,000 tested=1 found=0 n=892902370203128586620475 elapsed=555s
progress: nodes=7,600,000,000 tested=1 found=0 n=739590284332757188910475 elapsed=556s
progress: nodes=7,610,000,000 tested=1 found=0 n=474016186479999819149325 elapsed=556s
progress: nodes=7,620,000,000 tested=1 found=0 n=611564609876305379758425 elapsed=557s
progress: nodes=7,630,000,000 tested=1 found=0 n=646399009737141704968275 elapsed=558s
progress: nodes=7,640,000,000 tested=1 found=0 n=977807320791979494102975 elapsed=559s
progress: nodes=7,650,000,000 tested=1 found=0 n=362120044217264599198725 elapsed=560s
progress: nodes=7,660,000,000 tested=1 found=0 n=457907825090799132075 elapsed=560s
progress: nodes=7,670,000,000 tested=1 found=0 n=620083633456495981120725 elapsed=561s
progress: nodes=7,680,000,000 tested=1 found=0 n=950600479063457596725 elapsed=562s
progress: nodes=7,690,000,000 tested=1 found=0 n=541215652094630596725525 elapsed=563s
progress: nodes=7,700,000,000 tested=1 found=0 n=832619202065286487368075 elapsed=564s
progress: nodes=7,710,000,000 tested=1 found=0 n=985038511598370128785275 elapsed=564s
progress: nodes=7,720,000,000 tested=1 found=0 n=924180231336353602202475 elapsed=565s
progress: nodes=7,730,000,000 tested=1 found=0 n=698801250301618960843425 elapsed=566s
progress: nodes=7,740,000,000 tested=1 found=0 n=669813247736821847116575 elapsed=567s
progress: nodes=7,750,000,000 tested=1 found=0 n=404429491061909302880475 elapsed=568s
progress: nodes=7,760,000,000 tested=1 found=0 n=333666732880321359986025 elapsed=568s
progress: nodes=7,770,000,000 tested=1 found=0 n=273251135389320179240175 elapsed=569s
progress: nodes=7,780,000,000 tested=1 found=0 n=713981558954037546399825 elapsed=570s
progress: nodes=7,790,000,000 tested=1 found=0 n=834606144842663684295675 elapsed=571s
progress: nodes=7,800,000,000 tested=1 found=0 n=736979790133106439075 elapsed=572s
progress: nodes=7,810,000,000 tested=1 found=0 n=390598947076405362302475 elapsed=572s
progress: nodes=7,820,000,000 tested=1 found=0 n=847360852526547822741525 elapsed=573s
progress: nodes=7,830,000,000 tested=1 found=0 n=143699452227118188381825 elapsed=574s
progress: nodes=7,840,000,000 tested=1 found=0 n=344918271695542095999825 elapsed=575s
progress: nodes=7,850,000,000 tested=1 found=0 n=244826655205776586256925 elapsed=576s
progress: nodes=7,860,000,000 tested=1 found=0 n=268247104244916973262775 elapsed=576s
progress: nodes=7,870,000,000 tested=1 found=0 n=325642664620524975132825 elapsed=577s
progress: nodes=7,880,000,000 tested=1 found=0 n=509610045964533651150975 elapsed=578s
progress: nodes=7,890,000,000 tested=1 found=0 n=600275600267093902514025 elapsed=579s
progress: nodes=7,900,000,000 tested=1 found=0 n=468121464064312555468725 elapsed=580s
progress: nodes=7,910,000,000 tested=1 found=0 n=506703173184805995160425 elapsed=580s
progress: nodes=7,920,000,000 tested=1 found=0 n=174593542943391065187525 elapsed=581s
progress: nodes=7,930,000,000 tested=1 found=0 n=201360842507073059088525 elapsed=582s
progress: nodes=7,940,000,000 tested=1 found=0 n=448417081604813917251825 elapsed=583s
progress: nodes=7,950,000,000 tested=1 found=0 n=826870819338887779582425 elapsed=584s
progress: nodes=7,960,000,000 tested=1 found=0 n=159260497099456513752225 elapsed=584s
progress: nodes=7,970,000,000 tested=1 found=0 n=404198466508706013486225 elapsed=585s
progress: nodes=7,980,000,000 tested=1 found=0 n=931848314013438218698275 elapsed=586s
progress: nodes=7,990,000,000 tested=1 found=0 n=174736718764035959182275 elapsed=587s
progress: nodes=8,000,000,000 tested=1 found=0 n=172983660767552988630225 elapsed=588s
progress: nodes=8,010,000,000 tested=1 found=0 n=183660268022203407443775 elapsed=588s
progress: nodes=8,020,000,000 tested=1 found=0 n=205500623253111865893825 elapsed=589s
progress: nodes=8,030,000,000 tested=1 found=0 n=87797058804173590744275 elapsed=590s
progress: nodes=8,040,000,000 tested=1 found=0 n=398621789476245945847575 elapsed=591s
progress: nodes=8,050,000,000 tested=1 found=0 n=131309743328714076922575 elapsed=592s
progress: nodes=8,060,000,000 tested=1 found=0 n=181587331352820859037325 elapsed=592s
progress: nodes=8,070,000,000 tested=1 found=0 n=131838593746385081389275 elapsed=593s

done in 593.3s | nodes=8,070,786,807 | tested=1 | weird=0
