search v2: odd=True, N_CAP=1.00e+24, DELTA_MAX=1.0e+07, MIN_DEPTH=6
SPF shard: smallest prime factor = 3
P2 sub-shard: second prime factor = 5
P3 sub-sub-shard: third prime factor = 13
progress: nodes=10,000,000 tested=0 found=0 n=81858949641587223991665 elapsed=0s
progress: nodes=20,000,000 tested=0 found=0 n=2963267861650058131065 elapsed=1s
progress: nodes=30,000,000 tested=0 found=0 n=729798089965196416957845 elapsed=2s
progress: nodes=40,000,000 tested=0 found=0 n=848006574326794244939265 elapsed=2s
progress: nodes=50,000,000 tested=0 found=0 n=673746903973188000468045 elapsed=3s
progress: nodes=60,000,000 tested=0 found=0 n=798027249836659440032955 elapsed=4s
progress: nodes=70,000,000 tested=0 found=0 n=671531266806789758739435 elapsed=5s
progress: nodes=80,000,000 tested=0 found=0 n=889857376520595434055 elapsed=5s
progress: nodes=90,000,000 tested=0 found=0 n=892578856487069369820735 elapsed=6s
progress: nodes=100,000,000 tested=0 found=0 n=679038176152758221442045 elapsed=7s
progress: nodes=110,000,000 tested=0 found=0 n=445147034725451643876135 elapsed=8s
progress: nodes=120,000,000 tested=0 found=0 n=752871214488519065745585 elapsed=8s
progress: nodes=130,000,000 tested=0 found=0 n=217168004668929602548455 elapsed=9s
progress: nodes=140,000,000 tested=0 found=0 n=486237313288506356865405 elapsed=10s
progress: nodes=150,000,000 tested=0 found=0 n=376303598616610049595795 elapsed=11s
progress: nodes=160,000,000 tested=0 found=0 n=292042897197069684498885 elapsed=12s
progress: nodes=170,000,000 tested=0 found=0 n=369543355891270100334405 elapsed=13s
progress: nodes=180,000,000 tested=0 found=0 n=879968126882602973502495 elapsed=13s
progress: nodes=190,000,000 tested=0 found=0 n=412653936345251318341065 elapsed=14s
progress: nodes=200,000,000 tested=0 found=0 n=426857622528385117217655 elapsed=15s
progress: nodes=210,000,000 tested=0 found=0 n=522100777146259599055755 elapsed=16s
progress: nodes=220,000,000 tested=0 found=0 n=275319382925849283156915 elapsed=17s
progress: nodes=230,000,000 tested=0 found=0 n=229954366148945623294005 elapsed=17s
progress: nodes=240,000,000 tested=0 found=0 n=290019467083003885324305 elapsed=18s
progress: nodes=250,000,000 tested=0 found=0 n=403871384064511060459515 elapsed=19s
progress: nodes=260,000,000 tested=0 found=0 n=262589078171427565839255 elapsed=20s
progress: nodes=270,000,000 tested=0 found=0 n=287850026159271122568255 elapsed=21s
progress: nodes=280,000,000 tested=0 found=0 n=27675341143898931207855 elapsed=22s
progress: nodes=290,000,000 tested=0 found=0 n=412970520718186259544495 elapsed=22s
progress: nodes=300,000,000 tested=0 found=0 n=360698836862476395540855 elapsed=23s
progress: nodes=310,000,000 tested=0 found=0 n=582436312220268799082595 elapsed=24s
progress: nodes=320,000,000 tested=0 found=0 n=257198301859849481189565 elapsed=25s
progress: nodes=330,000,000 tested=0 found=0 n=741406353906036608926695 elapsed=26s
progress: nodes=340,000,000 tested=0 found=0 n=649408350935494160477415 elapsed=26s
progress: nodes=350,000,000 tested=0 found=0 n=101051661726276808202955 elapsed=27s
progress: nodes=360,000,000 tested=0 found=0 n=68667274383407571957345 elapsed=28s
progress: nodes=370,000,000 tested=0 found=0 n=552408006411336893658165 elapsed=29s
progress: nodes=380,000,000 tested=0 found=0 n=240648669090560263167765 elapsed=30s
progress: nodes=390,000,000 tested=0 found=0 n=611800789325487566763465 elapsed=31s
progress: nodes=400,000,000 tested=0 found=0 n=159452834759160518854395 elapsed=31s
progress: nodes=410,000,000 tested=0 found=0 n=46644979436767609478685 elapsed=32s
progress: nodes=420,000,000 tested=0 found=0 n=28300941074629784177955 elapsed=33s
progress: nodes=430,000,000 tested=0 found=0 n=824020780856605577003655 elapsed=34s
progress: nodes=440,000,000 tested=0 found=0 n=999134560280456825203485 elapsed=35s
progress: nodes=450,000,000 tested=0 found=0 n=443233481502792241561365 elapsed=36s
progress: nodes=460,000,000 tested=0 found=0 n=91251382153326931122795 elapsed=37s
progress: nodes=470,000,000 tested=0 found=0 n=585283424264344022546745 elapsed=37s
progress: nodes=480,000,000 tested=0 found=0 n=33969479853806639278695 elapsed=38s
progress: nodes=490,000,000 tested=0 found=0 n=500596238275271910304065 elapsed=39s
progress: nodes=500,000,000 tested=0 found=0 n=210249941186464707895965 elapsed=40s
progress: nodes=510,000,000 tested=0 found=0 n=199652614348658931277155 elapsed=41s
progress: nodes=520,000,000 tested=0 found=0 n=57349769695481775633615 elapsed=41s
progress: nodes=530,000,000 tested=0 found=0 n=710696013254434657189935 elapsed=42s
progress: nodes=540,000,000 tested=0 found=0 n=200563604852920478646165 elapsed=43s
progress: nodes=550,000,000 tested=0 found=0 n=116311473408935824730685 elapsed=44s
progress: nodes=560,000,000 tested=0 found=0 n=599362115286876605942265 elapsed=45s
progress: nodes=570,000,000 tested=0 found=0 n=621569371539880917660195 elapsed=45s
progress: nodes=580,000,000 tested=0 found=0 n=166109714368051884407055 elapsed=46s
progress: nodes=590,000,000 tested=0 found=0 n=117542901767175880378695 elapsed=47s
progress: nodes=600,000,000 tested=0 found=0 n=304702141442532897950055 elapsed=48s
progress: nodes=610,000,000 tested=0 found=0 n=800831553607593013532715 elapsed=49s
progress: nodes=620,000,000 tested=0 found=0 n=221804223351511437007605 elapsed=50s
progress: nodes=630,000,000 tested=0 found=0 n=185454488941426896610185 elapsed=50s
progress: nodes=640,000,000 tested=0 found=0 n=702481956363057804372855 elapsed=51s
progress: nodes=650,000,000 tested=0 found=0 n=334743807591938728080045 elapsed=52s
progress: nodes=660,000,000 tested=0 found=0 n=740112605009940520433205 elapsed=52s
progress: nodes=670,000,000 tested=0 found=0 n=365928641975167083418905 elapsed=53s
progress: nodes=680,000,000 tested=0 found=0 n=185272705662004518012585 elapsed=54s
progress: nodes=690,000,000 tested=0 found=0 n=876129307948371345500385 elapsed=55s
progress: nodes=700,000,000 tested=0 found=0 n=29018365832482354838835 elapsed=56s
progress: nodes=710,000,000 tested=0 found=0 n=271521000585096364956555 elapsed=56s
progress: nodes=720,000,000 tested=0 found=0 n=563332693929199198570215 elapsed=57s
progress: nodes=730,000,000 tested=0 found=0 n=557980049593195178940315 elapsed=58s
progress: nodes=740,000,000 tested=0 found=0 n=766834527139472119612635 elapsed=58s
progress: nodes=750,000,000 tested=0 found=0 n=541858845645526373905005 elapsed=59s
progress: nodes=760,000,000 tested=0 found=0 n=4961606873726978050095 elapsed=60s
progress: nodes=770,000,000 tested=0 found=0 n=555291251448624908053785 elapsed=60s
progress: nodes=780,000,000 tested=0 found=0 n=284743980449724760834545 elapsed=61s
progress: nodes=790,000,000 tested=0 found=0 n=646153390599699306721995 elapsed=62s
progress: nodes=800,000,000 tested=0 found=0 n=535573714608959752541205 elapsed=63s
progress: nodes=810,000,000 tested=0 found=0 n=69521416454745827283465 elapsed=64s

done in 64.2s | nodes=819,418,212 | tested=0 | weird=0
