search v2: odd=True, N_CAP=1.00e+24, DELTA_MAX=1.0e+07, MIN_DEPTH=6
SPF shard: smallest prime factor = 3
P2 sub-shard: second prime factor = 5
P3 sub-sub-shard: third prime factor = 7
progress: nodes=10,000,000 tested=0 found=0 n=147721235304310593090375 elapsed=0s
progress: nodes=20,000,000 tested=0 found=0 n=661899684491347288473375 elapsed=1s
progress: nodes=30,000,000 tested=0 found=0 n=2998924659387068472375 elapsed=1s
progress: nodes=40,000,000 tested=0 found=0 n=4883084433766950529125 elapsed=2s
progress: nodes=50,000,000 tested=0 found=0 n=670127069366207472739125 elapsed=3s
progress: nodes=60,000,000 tested=0 found=0 n=210072124749027504880875 elapsed=4s
progress: nodes=70,000,000 tested=0 found=0 n=51553993378805304232125 elapsed=4s
progress: nodes=80,000,000 tested=0 found=0 n=63558141174858599091375 elapsed=5s
progress: nodes=90,000,000 tested=0 found=0 n=498537045132981414286125 elapsed=5s
progress: nodes=100,000,000 tested=0 found=0 n=469167498202399139842125 elapsed=6s
progress: nodes=110,000,000 tested=0 found=0 n=793294561382103350359125 elapsed=7s
progress: nodes=120,000,000 tested=0 found=0 n=455034033668591663073375 elapsed=8s
progress: nodes=130,000,000 tested=0 found=0 n=216871957543617509329875 elapsed=9s
progress: nodes=140,000,000 tested=0 found=0 n=614796995363558616664125 elapsed=9s
progress: nodes=150,000,000 tested=0 found=0 n=379178787903704262933375 elapsed=10s
progress: nodes=160,000,000 tested=0 found=0 n=364193978674473939397875 elapsed=11s
progress: nodes=170,000,000 tested=0 found=0 n=837006275506276669639125 elapsed=12s
progress: nodes=180,000,000 tested=0 found=0 n=542404899475781714791125 elapsed=13s
progress: nodes=190,000,000 tested=0 found=0 n=421080631316010418517625 elapsed=14s
progress: nodes=200,000,000 tested=0 found=0 n=368543833587818222294625 elapsed=14s
progress: nodes=210,000,000 tested=0 found=0 n=221358855297451380418875 elapsed=15s
progress: nodes=220,000,000 tested=0 found=0 n=360518192395131252428625 elapsed=16s
progress: nodes=230,000,000 tested=0 found=0 n=302343746312402619029625 elapsed=17s
progress: nodes=240,000,000 tested=0 found=0 n=379740508661534223527625 elapsed=18s
progress: nodes=250,000,000 tested=0 found=0 n=82966616325684541072875 elapsed=18s
progress: nodes=260,000,000 tested=0 found=0 n=769015182380015988375 elapsed=19s
progress: nodes=270,000,000 tested=0 found=0 n=532960955093925279712875 elapsed=20s
progress: nodes=280,000,000 tested=0 found=0 n=514837506276888737903625 elapsed=20s
progress: nodes=290,000,000 tested=0 found=0 n=731669405899562736666375 elapsed=21s
progress: nodes=300,000,000 tested=0 found=0 n=83098119789516804842625 elapsed=22s
progress: nodes=310,000,000 tested=0 found=0 n=165103654471216208556375 elapsed=23s
progress: nodes=320,000,000 tested=0 found=0 n=150126665054524015932375 elapsed=24s
progress: nodes=330,000,000 tested=0 found=0 n=206367168645714516696375 elapsed=24s
progress: nodes=340,000,000 tested=0 found=0 n=450403766194609588360125 elapsed=25s
progress: nodes=350,000,000 tested=0 found=0 n=95315104769262216066375 elapsed=26s
progress: nodes=360,000,000 tested=0 found=0 n=954550554077561546954625 elapsed=27s
progress: nodes=370,000,000 tested=0 found=0 n=264058867682040957232875 elapsed=28s
progress: nodes=380,000,000 tested=0 found=0 n=511389934529922175347375 elapsed=29s
progress: nodes=390,000,000 tested=0 found=0 n=316424150708310736431375 elapsed=29s
progress: nodes=400,000,000 tested=0 found=0 n=108858243739087335903375 elapsed=30s
progress: nodes=410,000,000 tested=0 found=0 n=521525921363492187662625 elapsed=31s
progress: nodes=420,000,000 tested=0 found=0 n=698339612761195193005875 elapsed=32s
progress: nodes=430,000,000 tested=0 found=0 n=579641387246893471607625 elapsed=33s
progress: nodes=440,000,000 tested=0 found=0 n=305709800373215846997375 elapsed=33s
progress: nodes=450,000,000 tested=0 found=0 n=381850393941285667930875 elapsed=34s
progress: nodes=460,000,000 tested=0 found=0 n=586226268932383724796375 elapsed=35s
progress: nodes=470,000,000 tested=0 found=0 n=116047522328143512411375 elapsed=36s
progress: nodes=480,000,000 tested=0 found=0 n=667725603412759970350125 elapsed=37s
progress: nodes=490,000,000 tested=0 found=0 n=365737852787219310433875 elapsed=38s
progress: nodes=500,000,000 tested=0 found=0 n=807654587892962062110375 elapsed=39s
progress: nodes=510,000,000 tested=0 found=0 n=377804862409424417065875 elapsed=39s
progress: nodes=520,000,000 tested=0 found=0 n=200927145949094426560125 elapsed=40s
progress: nodes=530,000,000 tested=0 found=0 n=984921498009180712672125 elapsed=41s
progress: nodes=540,000,000 tested=0 found=0 n=368062826694867999405375 elapsed=42s
progress: nodes=550,000,000 tested=0 found=0 n=827957496260595487754625 elapsed=43s
progress: nodes=560,000,000 tested=0 found=0 n=203949423695723297337375 elapsed=43s
progress: nodes=570,000,000 tested=0 found=0 n=276193430810676734714625 elapsed=44s
progress: nodes=580,000,000 tested=0 found=0 n=62346162874906164347625 elapsed=45s
progress: nodes=590,000,000 tested=0 found=0 n=30055535009713014104625 elapsed=46s
progress: nodes=600,000,000 tested=0 found=0 n=339937476786614366333625 elapsed=47s
progress: nodes=610,000,000 tested=0 found=0 n=94039304813982196517625 elapsed=48s
progress: nodes=620,000,000 tested=0 found=0 n=65358031855939207121625 elapsed=49s
progress: nodes=630,000,000 tested=0 found=0 n=609560764250459614459125 elapsed=49s
progress: nodes=640,000,000 tested=0 found=0 n=480249440877724185357375 elapsed=50s
progress: nodes=650,000,000 tested=0 found=0 n=777426971606257987772625 elapsed=51s
progress: nodes=660,000,000 tested=0 found=0 n=154075492777041680982375 elapsed=52s
progress: nodes=670,000,000 tested=0 found=0 n=311365229740611037894875 elapsed=53s
progress: nodes=680,000,000 tested=0 found=0 n=33508789651727091919875 elapsed=54s
progress: nodes=690,000,000 tested=0 found=0 n=613714707145385400205875 elapsed=55s
progress: nodes=700,000,000 tested=0 found=0 n=41116746312166874797875 elapsed=55s
progress: nodes=710,000,000 tested=0 found=0 n=577991203785710470063875 elapsed=56s
progress: nodes=720,000,000 tested=0 found=0 n=531194459509125551005125 elapsed=57s
progress: nodes=730,000,000 tested=0 found=0 n=144206975586239368690125 elapsed=58s
progress: nodes=740,000,000 tested=0 found=0 n=506126829128195903667375 elapsed=59s
progress: nodes=750,000,000 tested=0 found=0 n=491002330531070922025875 elapsed=59s
progress: nodes=760,000,000 tested=0 found=0 n=640551009716216461975875 elapsed=60s
progress: nodes=770,000,000 tested=0 found=0 n=15033810023428572854625 elapsed=61s
progress: nodes=780,000,000 tested=0 found=0 n=394193130539897613962625 elapsed=62s
progress: nodes=790,000,000 tested=0 found=0 n=649173128457307974536625 elapsed=63s
progress: nodes=800,000,000 tested=0 found=0 n=871614021036050166464625 elapsed=63s
progress: nodes=810,000,000 tested=0 found=0 n=332752702666992503287875 elapsed=64s
progress: nodes=820,000,000 tested=0 found=0 n=75572099193165331519875 elapsed=65s
progress: nodes=830,000,000 tested=0 found=0 n=17054582136182375397375 elapsed=66s
progress: nodes=840,000,000 tested=0 found=0 n=404712498773739474546375 elapsed=67s
progress: nodes=850,000,000 tested=0 found=0 n=210416430018524451311625 elapsed=67s
progress: nodes=860,000,000 tested=0 found=0 n=774898885834250862591375 elapsed=68s
progress: nodes=870,000,000 tested=0 found=0 n=26093176456878332531625 elapsed=69s
progress: nodes=880,000,000 tested=0 found=0 n=64201329123616825042875 elapsed=70s
progress: nodes=890,000,000 tested=0 found=0 n=892492850081187302632125 elapsed=70s
progress: nodes=900,000,000 tested=0 found=0 n=567924994857425662939125 elapsed=71s
progress: nodes=910,000,000 tested=0 found=0 n=491331358645239288201375 elapsed=72s
progress: nodes=920,000,000 tested=0 found=0 n=19991582345276475630375 elapsed=73s
progress: nodes=930,000,000 tested=0 found=0 n=57173381362547888731125 elapsed=74s
progress: nodes=940,000,000 tested=0 found=0 n=113391579590504380433625 elapsed=74s
progress: nodes=950,000,000 tested=0 found=0 n=118123270191991682286375 elapsed=75s
progress: nodes=960,000,000 tested=0 found=0 n=11126776823033850344625 elapsed=76s
progress: nodes=970,000,000 tested=0 found=0 n=22648448110903200466125 elapsed=76s
progress: nodes=980,000,000 tested=0 found=0 n=25072905938017300096125 elapsed=77s
progress: nodes=990,000,000 tested=0 found=0 n=915129556903334185132125 elapsed=78s

done in 78.1s | nodes=997,536,323 | tested=0 | weird=0
