search v2: odd=True, N_CAP=1.00e+24, DELTA_MAX=1.0e+07, MIN_DEPTH=6
SPF shard: smallest prime factor = 3
P2 sub-shard: second prime factor = 5
P3 sub-sub-shard: third prime factor = 13
progress: nodes=10,000,000 tested=0 found=0 n=64480520546838733810005 elapsed=1s
progress: nodes=20,000,000 tested=0 found=0 n=914243655261610681605 elapsed=1s
progress: nodes=30,000,000 tested=0 found=0 n=524124890541246807432945 elapsed=2s
progress: nodes=40,000,000 tested=0 found=0 n=618750978267861731160765 elapsed=3s
progress: nodes=50,000,000 tested=0 found=0 n=564503100698174678305785 elapsed=3s
progress: nodes=60,000,000 tested=0 found=0 n=564153874061228597676465 elapsed=4s
progress: nodes=70,000,000 tested=0 found=0 n=656175518660651009434245 elapsed=5s
progress: nodes=80,000,000 tested=0 found=0 n=207921194784989742991545 elapsed=6s
progress: nodes=90,000,000 tested=0 found=0 n=89181421281551273935455 elapsed=6s
progress: nodes=100,000,000 tested=0 found=0 n=151953931619546753963565 elapsed=7s
progress: nodes=110,000,000 tested=0 found=0 n=49042331427541881423735 elapsed=8s
progress: nodes=120,000,000 tested=0 found=0 n=446992302638435054120685 elapsed=9s
progress: nodes=130,000,000 tested=0 found=0 n=17405986902004847292705 elapsed=10s
progress: nodes=140,000,000 tested=0 found=0 n=271565692619142394723185 elapsed=10s
progress: nodes=150,000,000 tested=0 found=0 n=22929755131422854213265 elapsed=11s
progress: nodes=160,000,000 tested=0 found=0 n=479747486417319672567795 elapsed=12s

done in 11.9s | nodes=160,188,287 | tested=0 | weird=0
