search v2: odd=True, N_CAP=1.00e+24, DELTA_MAX=1.0e+07, MIN_DEPTH=6
SPF shard: smallest prime factor = 3
P2 sub-shard: second prime factor = 5
P3 sub-sub-shard: third prime factor = 11
progress: nodes=10,000,000 tested=2,009 found=0 n=843203480807204096526375 elapsed=25s
progress: nodes=20,000,000 tested=2,009 found=0 n=732625957294984761776625 elapsed=49s
progress: nodes=30,000,000 tested=2,009 found=0 n=622892555616847504184625 elapsed=74s
progress: nodes=40,000,000 tested=2,009 found=0 n=514227519914280237082875 elapsed=99s
progress: nodes=50,000,000 tested=2,009 found=0 n=406789039944862001158875 elapsed=125s
progress: nodes=60,000,000 tested=2,009 found=0 n=300910370936372076325875 elapsed=151s
progress: nodes=70,000,000 tested=2,009 found=0 n=197084704869561103183875 elapsed=180s
progress: nodes=80,000,000 tested=2,009 found=0 n=96465709760615456707875 elapsed=209s
progress: nodes=90,000,000 tested=2,009 found=0 n=983174130577775733865125 elapsed=238s
progress: nodes=100,000,000 tested=2,009 found=0 n=871596442088365162508625 elapsed=264s
progress: nodes=110,000,000 tested=2,009 found=0 n=760853091230162146412625 elapsed=289s
progress: nodes=120,000,000 tested=2,009 found=0 n=650929004596303398697875 elapsed=313s
progress: nodes=130,000,000 tested=2,009 found=0 n=541972163687311516248375 elapsed=338s
progress: nodes=140,000,000 tested=2,009 found=0 n=434258056985478261446625 elapsed=364s
progress: nodes=150,000,000 tested=2,009 found=0 n=327928944365905976003625 elapsed=388s
progress: nodes=160,000,000 tested=2,009 found=0 n=223548691644584911015125 elapsed=418s
progress: nodes=170,000,000 tested=2,009 found=0 n=121968256089887489085375 elapsed=448s
progress: nodes=180,000,000 tested=2,009 found=0 n=25778291380261760286375 elapsed=478s
progress: nodes=190,000,000 tested=2,009 found=0 n=900316776773498673678375 elapsed=502s
progress: nodes=200,000,000 tested=2,009 found=0 n=789402976295338400584875 elapsed=527s
progress: nodes=210,000,000 tested=2,009 found=0 n=679294577550966523199625 elapsed=552s
progress: nodes=220,000,000 tested=2,009 found=0 n=570124340041711227790875 elapsed=578s
progress: nodes=230,000,000 tested=2,009 found=0 n=462104085037044979761375 elapsed=603s
progress: nodes=240,000,000 tested=2,009 found=0 n=355428629854845242606625 elapsed=628s
progress: nodes=250,000,000 tested=2,009 found=0 n=250536527575803729492375 elapsed=656s
progress: nodes=260,000,000 tested=2,009 found=0 n=148121563965087440281125 elapsed=686s
progress: nodes=270,000,000 tested=2,009 found=0 n=50041974398418010597875 elapsed=715s
progress: nodes=280,000,000 tested=2,009 found=0 n=929534921270913418514625 elapsed=743s
progress: nodes=290,000,000 tested=2,009 found=0 n=818425816446550386520875 elapsed=768s
progress: nodes=300,000,000 tested=2,009 found=0 n=708127306455494302216125 elapsed=793s
progress: nodes=310,000,000 tested=2,009 found=0 n=598750428334950434882625 elapsed=817s
progress: nodes=320,000,000 tested=2,009 found=0 n=490433520023019940921125 elapsed=842s
progress: nodes=330,000,000 tested=2,009 found=0 n=383406826277494975258875 elapsed=867s
progress: nodes=340,000,000 tested=2,009 found=0 n=278006799473136127840875 elapsed=895s
progress: nodes=350,000,000 tested=2,009 found=0 n=174884524797894806734125 elapsed=925s
progress: nodes=360,000,000 tested=2,009 found=0 n=75321495985977827532375 elapsed=954s
progress: nodes=370,000,000 tested=2,009 found=0 n=959047795443698289668625 elapsed=981s
progress: nodes=380,000,000 tested=2,009 found=0 n=847760038724858030718375 elapsed=1006s
progress: nodes=390,000,000 tested=2,009 found=0 n=737302736907726564271125 elapsed=1032s
progress: nodes=400,000,000 tested=2,009 found=0 n=627666016654504391903625 elapsed=1057s
progress: nodes=410,000,000 tested=2,009 found=0 n=519079396909486142783625 elapsed=1082s
progress: nodes=420,000,000 tested=2,009 found=0 n=411736600118039146611375 elapsed=1107s
progress: nodes=430,000,000 tested=2,009 found=0 n=305907163574827155787875 elapsed=1132s
progress: nodes=440,000,000 tested=2,009 found=0 n=202097313239611741969875 elapsed=1161s
progress: nodes=450,000,000 tested=2,009 found=0 n=101403764683521098959875 elapsed=1190s
progress: nodes=460,000,000 tested=2,009 found=0 n=988907646338337840811125 elapsed=1219s
progress: nodes=470,000,000 tested=2,009 found=0 n=877462848069021417757125 elapsed=1244s
progress: nodes=480,000,000 tested=2,009 found=0 n=766830646791435166994625 elapsed=1269s
progress: nodes=490,000,000 tested=2,009 found=0 n=657002601382657091293875 elapsed=1295s
progress: nodes=500,000,000 tested=2,009 found=0 n=548134869031211984539875 elapsed=1321s
progress: nodes=510,000,000 tested=2,009 found=0 n=440488903954914857596125 elapsed=1346s
progress: nodes=520,000,000 tested=2,009 found=0 n=334241289000434239012875 elapsed=1372s
progress: nodes=530,000,000 tested=2,009 found=0 n=229864294192387361417625 elapsed=1401s
progress: nodes=540,000,000 tested=2,009 found=0 n=128213749430249065279125 elapsed=1430s
progress: nodes=550,000,000 tested=2,009 found=0 n=31629797578840249127625 elapsed=1459s
progress: nodes=560,000,000 tested=2,009 found=0 n=907594433539131938188875 elapsed=1484s
progress: nodes=570,000,000 tested=2,009 found=0 n=796788335690393609008875 elapsed=1508s
progress: nodes=580,000,000 tested=2,009 found=0 n=686767513884188383378875 elapsed=1532s
progress: nodes=590,000,000 tested=2,009 found=0 n=577682529761302974454875 elapsed=1557s
progress: nodes=600,000,000 tested=2,009 found=0 n=469696535471286570178875 elapsed=1582s
progress: nodes=610,000,000 tested=2,009 found=0 n=363053429698377486514875 elapsed=1608s
progress: nodes=620,000,000 tested=2,009 found=0 n=258144204692162025397875 elapsed=1636s
progress: nodes=630,000,000 tested=2,009 found=0 n=155652667978496257086375 elapsed=1666s
progress: nodes=640,000,000 tested=2,009 found=0 n=57219287282182596231375 elapsed=1697s
progress: nodes=650,000,000 tested=2,009 found=0 n=938103579574756993558875 elapsed=1724s
progress: nodes=660,000,000 tested=2,009 found=0 n=827085229369341712609125 elapsed=1749s
progress: nodes=670,000,000 tested=2,009 found=0 n=716867594641527597679125 elapsed=1773s
progress: nodes=680,000,000 tested=2,009 found=0 n=607556139720781594789875 elapsed=1797s
progress: nodes=690,000,000 tested=2,009 found=0 n=499282663940119268298375 elapsed=1822s
progress: nodes=700,000,000 tested=2,009 found=0 n=392274181291191057090375 elapsed=1846s
progress: nodes=710,000,000 tested=2,009 found=0 n=286891492602253872064875 elapsed=1873s
progress: nodes=720,000,000 tested=2,009 found=0 n=183670012936656722565375 elapsed=1902s
progress: nodes=730,000,000 tested=2,009 found=0 n=83821946840990212837125 elapsed=1933s
progress: nodes=740,000,000 tested=2,009 found=0 n=968964545045027273939625 elapsed=1961s
progress: nodes=750,000,000 tested=2,009 found=0 n=857749919935529719151625 elapsed=1987s
progress: nodes=760,000,000 tested=2,009 found=0 n=747359112196578490591125 elapsed=2012s
progress: nodes=770,000,000 tested=2,009 found=0 n=637781382891965693827875 elapsed=2037s
progress: nodes=780,000,000 tested=2,009 found=0 n=529209840094892350733625 elapsed=2061s
progress: nodes=790,000,000 tested=2,009 found=0 n=421887902390158301043375 elapsed=2086s
progress: nodes=800,000,000 tested=2,009 found=0 n=316034109433935901276125 elapsed=2112s
progress: nodes=810,000,000 tested=2,009 found=0 n=212144867107896062393625 elapsed=2141s
progress: nodes=820,000,000 tested=2,009 found=0 n=111170692572801385684875 elapsed=2170s
progress: nodes=830,000,000 tested=2,009 found=0 n=16284862930919826082125 elapsed=2199s
progress: nodes=840,000,000 tested=2,009 found=0 n=888739313249318006029125 elapsed=2224s
progress: nodes=850,000,000 tested=2,009 found=0 n=778121095830509874246375 elapsed=2250s
progress: nodes=860,000,000 tested=2,009 found=0 n=668356686659629826376375 elapsed=2275s
progress: nodes=870,000,000 tested=2,009 found=0 n=559526163231719330736375 elapsed=2301s
progress: nodes=880,000,000 tested=2,009 found=0 n=451849914793996086707625 elapsed=2327s
progress: nodes=890,000,000 tested=2,009 found=0 n=345538981257922320136125 elapsed=2352s
progress: nodes=900,000,000 tested=2,009 found=0 n=241058418302511603490125 elapsed=2380s
progress: nodes=910,000,000 tested=2,009 found=0 n=139160863496410908598875 elapsed=2409s
progress: nodes=920,000,000 tested=2,009 found=0 n=41845762820257768675875 elapsed=2438s
progress: nodes=930,000,000 tested=2,009 found=0 n=920014210936409557200375 elapsed=2464s
progress: nodes=940,000,000 tested=2,009 found=0 n=809238035864388614644875 elapsed=2489s
progress: nodes=950,000,000 tested=2,009 found=0 n=699216248461508656432125 elapsed=2514s
progress: nodes=960,000,000 tested=2,009 found=0 n=590166733960903293962625 elapsed=2539s
progress: nodes=970,000,000 tested=2,009 found=0 n=482177400999714771297375 elapsed=2564s
progress: nodes=980,000,000 tested=2,009 found=0 n=375488282363931887167875 elapsed=2590s
progress: nodes=990,000,000 tested=2,009 found=0 n=270486559458026184433875 elapsed=2618s
progress: nodes=1,000,000,000 tested=2,009 found=0 n=167776282907310939844125 elapsed=2648s
progress: nodes=1,010,000,000 tested=2,009 found=0 n=68793875474113818439125 elapsed=2678s
progress: nodes=1,020,000,000 tested=2,009 found=0 n=951723193329029332979625 elapsed=2705s
progress: nodes=1,030,000,000 tested=2,009 found=0 n=840739176080479964842125 elapsed=2730s
progress: nodes=1,040,000,000 tested=2,009 found=0 n=730562621896323493723875 elapsed=2754s
progress: nodes=1,050,000,000 tested=2,009 found=0 n=621239976111416235556125 elapsed=2779s
progress: nodes=1,060,000,000 tested=2,009 found=0 n=512948308703727817474125 elapsed=2803s
progress: nodes=1,070,000,000 tested=2,009 found=0 n=405884754503076511323375 elapsed=2828s
progress: nodes=1,080,000,000 tested=2,009 found=0 n=300400842835604465365125 elapsed=2855s
progress: nodes=1,090,000,000 tested=2,009 found=0 n=196952497858265068759125 elapsed=2885s
progress: nodes=1,100,000,000 tested=2,009 found=0 n=96682879720605152456625 elapsed=2916s
progress: nodes=1,110,000,000 tested=2,009 found=0 n=983794597949320261264875 elapsed=2946s
progress: nodes=1,120,000,000 tested=2,009 found=0 n=872610745507490299113375 elapsed=2971s
progress: nodes=1,130,000,000 tested=2,009 found=0 n=762253865369178937057875 elapsed=2996s
progress: nodes=1,140,000,000 tested=2,009 found=0 n=652693150685288473814625 elapsed=3020s
progress: nodes=1,150,000,000 tested=2,009 found=0 n=544125296566837213960875 elapsed=3045s
progress: nodes=1,160,000,000 tested=2,009 found=0 n=436751198043354497749875 elapsed=3070s
progress: nodes=1,170,000,000 tested=2,009 found=0 n=330777573785500673778375 elapsed=3094s
progress: nodes=1,180,000,000 tested=2,009 found=0 n=226697727219381419590875 elapsed=3123s
progress: nodes=1,190,000,000 tested=2,009 found=0 n=125366521254812871193875 elapsed=3152s
progress: nodes=1,200,000,000 tested=2,009 found=0 n=29206846033318082575875 elapsed=3183s
progress: nodes=1,210,000,000 tested=2,009 found=0 n=904877227723257145017375 elapsed=3210s
progress: nodes=1,220,000,000 tested=2,009 found=0 n=794327045564612382376125 elapsed=3236s
progress: nodes=1,230,000,000 tested=2,009 found=0 n=684568048767039851110125 elapsed=3261s
progress: nodes=1,240,000,000 tested=2,009 found=0 n=575730973484010709525875 elapsed=3287s
progress: nodes=1,250,000,000 tested=2,009 found=0 n=467986252171660585881375 elapsed=3312s
progress: nodes=1,260,000,000 tested=2,009 found=0 n=361599883509661045767375 elapsed=3337s
progress: nodes=1,270,000,000 tested=2,009 found=0 n=256940062331560637976375 elapsed=3364s
progress: nodes=1,280,000,000 tested=2,009 found=0 n=154693907926217544724125 elapsed=3393s
progress: nodes=1,290,000,000 tested=2,009 found=0 n=56513756186548521700125 elapsed=3422s
progress: nodes=1,300,000,000 tested=2,009 found=0 n=937505801830337792963625 elapsed=3449s
progress: nodes=1,310,000,000 tested=2,009 found=0 n=826738372862349773665125 elapsed=3473s
progress: nodes=1,320,000,000 tested=2,009 found=0 n=716749183687267844095125 elapsed=3499s
progress: nodes=1,330,000,000 tested=2,009 found=0 n=607668727101233034397875 elapsed=3524s
progress: nodes=1,340,000,000 tested=2,009 found=0 n=499624324687796478509625 elapsed=3550s
progress: nodes=1,350,000,000 tested=2,009 found=0 n=392848809242663037853875 elapsed=3575s

done in 3600.0s | nodes=1,356,050,432 | tested=2,009 | weird=0
