search v2: odd=True, N_CAP=1.00e+24, DELTA_MAX=1.0e+07, MIN_DEPTH=6
SPF shard: smallest prime factor = 3
P2 sub-shard: second prime factor = 5
P3 sub-sub-shard: third prime factor = 13
progress: nodes=10,000,000 tested=0 found=0 n=3496031463134107129635 elapsed=0s
progress: nodes=20,000,000 tested=0 found=0 n=152273519671092203352735 elapsed=1s
progress: nodes=30,000,000 tested=0 found=0 n=778093711626948395445 elapsed=2s
progress: nodes=40,000,000 tested=0 found=0 n=755409674707354079553465 elapsed=2s
progress: nodes=50,000,000 tested=0 found=0 n=798320020637390774192865 elapsed=3s
progress: nodes=60,000,000 tested=0 found=0 n=920019874641382415030715 elapsed=4s
progress: nodes=70,000,000 tested=0 found=0 n=938144230033575520022535 elapsed=4s
progress: nodes=80,000,000 tested=0 found=0 n=870984209727379060072695 elapsed=5s
progress: nodes=90,000,000 tested=0 found=0 n=429895177367559779884905 elapsed=6s
progress: nodes=100,000,000 tested=0 found=0 n=714917794977157236735465 elapsed=7s
progress: nodes=110,000,000 tested=0 found=0 n=956940757220349859429485 elapsed=8s
progress: nodes=120,000,000 tested=0 found=0 n=677250834098625487980045 elapsed=9s
progress: nodes=130,000,000 tested=0 found=0 n=970205538128755667268465 elapsed=9s
progress: nodes=140,000,000 tested=0 found=0 n=447645210016527126581445 elapsed=10s
progress: nodes=150,000,000 tested=0 found=0 n=716501138914765761365835 elapsed=11s
progress: nodes=160,000,000 tested=0 found=0 n=815982646835401691330295 elapsed=12s
progress: nodes=170,000,000 tested=0 found=0 n=993456909595812814271145 elapsed=13s
progress: nodes=180,000,000 tested=0 found=0 n=580770663407425495551105 elapsed=14s
progress: nodes=190,000,000 tested=0 found=0 n=394527578698027215493065 elapsed=15s
progress: nodes=200,000,000 tested=0 found=0 n=640326696543482677686945 elapsed=15s
progress: nodes=210,000,000 tested=0 found=0 n=720806593922023873713345 elapsed=16s
progress: nodes=220,000,000 tested=0 found=0 n=752641639209752002336665 elapsed=17s
progress: nodes=230,000,000 tested=0 found=0 n=743580666352487401622145 elapsed=18s
progress: nodes=240,000,000 tested=0 found=0 n=944812844677658579136345 elapsed=19s
progress: nodes=250,000,000 tested=0 found=0 n=421667281148838126381135 elapsed=20s
progress: nodes=260,000,000 tested=0 found=0 n=973236275442003973279815 elapsed=21s
progress: nodes=270,000,000 tested=0 found=0 n=516308755115581964562195 elapsed=21s
progress: nodes=280,000,000 tested=0 found=0 n=627018211060395538233915 elapsed=22s
progress: nodes=290,000,000 tested=0 found=0 n=687063729860005630057965 elapsed=23s
progress: nodes=300,000,000 tested=0 found=0 n=988884749319013991416635 elapsed=24s
progress: nodes=310,000,000 tested=0 found=0 n=530343218683741250886345 elapsed=25s
progress: nodes=320,000,000 tested=0 found=0 n=791637011740763247472335 elapsed=26s
progress: nodes=330,000,000 tested=0 found=0 n=610849386120338924534235 elapsed=27s
progress: nodes=340,000,000 tested=0 found=0 n=494080392507842184193305 elapsed=28s
progress: nodes=350,000,000 tested=0 found=0 n=756282066736839060143115 elapsed=28s
progress: nodes=360,000,000 tested=0 found=0 n=770267242018173982579965 elapsed=29s
progress: nodes=370,000,000 tested=0 found=0 n=353437515458431075583145 elapsed=30s
progress: nodes=380,000,000 tested=0 found=0 n=251650535921607981046005 elapsed=31s
progress: nodes=390,000,000 tested=0 found=0 n=170877534860449229182695 elapsed=32s
progress: nodes=400,000,000 tested=0 found=0 n=269222569604648733746205 elapsed=33s
progress: nodes=410,000,000 tested=0 found=0 n=921968535597672845921535 elapsed=34s
progress: nodes=420,000,000 tested=0 found=0 n=393824957231886105814785 elapsed=35s
progress: nodes=430,000,000 tested=0 found=0 n=794617751523164192510445 elapsed=35s
progress: nodes=440,000,000 tested=0 found=0 n=266036159467739741224365 elapsed=36s
progress: nodes=450,000,000 tested=0 found=0 n=476522072185326808423185 elapsed=37s
progress: nodes=460,000,000 tested=0 found=0 n=444486571577242936844895 elapsed=38s
progress: nodes=470,000,000 tested=0 found=0 n=409878684900939776913495 elapsed=39s
progress: nodes=480,000,000 tested=0 found=0 n=988959737966545343701755 elapsed=40s
progress: nodes=490,000,000 tested=0 found=0 n=810180918127818615582945 elapsed=41s
progress: nodes=500,000,000 tested=0 found=0 n=696595794971390961533055 elapsed=42s
progress: nodes=510,000,000 tested=0 found=0 n=110511683028708409303245 elapsed=42s
progress: nodes=520,000,000 tested=0 found=0 n=148340739526669641468465 elapsed=43s
progress: nodes=530,000,000 tested=0 found=0 n=580263553488092515890615 elapsed=44s
progress: nodes=540,000,000 tested=0 found=0 n=509018480381594731039245 elapsed=45s
progress: nodes=550,000,000 tested=0 found=0 n=468865918032330903944535 elapsed=46s
progress: nodes=560,000,000 tested=0 found=0 n=327755599821305568156465 elapsed=47s
progress: nodes=570,000,000 tested=0 found=0 n=197829674128758957018435 elapsed=48s
progress: nodes=580,000,000 tested=0 found=0 n=724281594916529675761515 elapsed=49s
progress: nodes=590,000,000 tested=0 found=0 n=383322708859178974936635 elapsed=50s
progress: nodes=600,000,000 tested=0 found=0 n=473657117028333012582795 elapsed=51s
progress: nodes=610,000,000 tested=0 found=0 n=174163780487978653456305 elapsed=51s
progress: nodes=620,000,000 tested=0 found=0 n=131734959875206884571635 elapsed=52s
progress: nodes=630,000,000 tested=0 found=0 n=400281773365122424716915 elapsed=53s
progress: nodes=640,000,000 tested=0 found=0 n=588767383467284594548365 elapsed=54s
progress: nodes=650,000,000 tested=0 found=0 n=323976391027155307753065 elapsed=55s
progress: nodes=660,000,000 tested=0 found=0 n=195884618181218325980595 elapsed=56s
progress: nodes=670,000,000 tested=0 found=0 n=220387093162456611073995 elapsed=57s
progress: nodes=680,000,000 tested=0 found=0 n=811786059227172693943305 elapsed=58s
progress: nodes=690,000,000 tested=0 found=0 n=319024457923415911482465 elapsed=59s
progress: nodes=700,000,000 tested=0 found=0 n=371751425251734575884005 elapsed=60s
progress: nodes=710,000,000 tested=0 found=0 n=98429691111133465635435 elapsed=60s
progress: nodes=720,000,000 tested=0 found=0 n=608752345524938842431555 elapsed=61s
progress: nodes=730,000,000 tested=0 found=0 n=629998654461760043565885 elapsed=62s
progress: nodes=740,000,000 tested=0 found=0 n=226315891932024512961135 elapsed=63s
progress: nodes=750,000,000 tested=0 found=0 n=116589855915032952591945 elapsed=64s
progress: nodes=760,000,000 tested=0 found=0 n=264778708426531587157545 elapsed=65s
progress: nodes=770,000,000 tested=0 found=0 n=311979529908294039071865 elapsed=66s
progress: nodes=780,000,000 tested=0 found=0 n=504626343092253072392715 elapsed=67s
progress: nodes=790,000,000 tested=0 found=0 n=251925061271386024274805 elapsed=68s
progress: nodes=800,000,000 tested=0 found=0 n=499146025960392743017215 elapsed=69s
progress: nodes=810,000,000 tested=0 found=0 n=337175290775624282968545 elapsed=69s
progress: nodes=820,000,000 tested=0 found=0 n=205993805116181925975795 elapsed=70s
progress: nodes=830,000,000 tested=0 found=0 n=136286632622319699288015 elapsed=71s
progress: nodes=840,000,000 tested=0 found=0 n=147719552907914770371615 elapsed=72s
progress: nodes=850,000,000 tested=0 found=0 n=302401267351699214068695 elapsed=73s
progress: nodes=860,000,000 tested=0 found=0 n=193005726989590681047765 elapsed=74s
progress: nodes=870,000,000 tested=0 found=0 n=732520676795054344380495 elapsed=75s
progress: nodes=880,000,000 tested=0 found=0 n=174522999961085801259195 elapsed=76s
progress: nodes=890,000,000 tested=0 found=0 n=169386161057601703275645 elapsed=76s
progress: nodes=900,000,000 tested=0 found=0 n=297799152839683585476165 elapsed=77s
progress: nodes=910,000,000 tested=0 found=0 n=942830387615350961305605 elapsed=78s
progress: nodes=920,000,000 tested=0 found=0 n=182403957247817672263455 elapsed=79s
progress: nodes=930,000,000 tested=0 found=0 n=25603825511750452515315 elapsed=80s
progress: nodes=940,000,000 tested=0 found=0 n=874778024731305611418255 elapsed=81s
progress: nodes=950,000,000 tested=0 found=0 n=202202024364083982845295 elapsed=81s
progress: nodes=960,000,000 tested=0 found=0 n=182099694412129271695515 elapsed=82s
progress: nodes=970,000,000 tested=0 found=0 n=98871577701621316507305 elapsed=83s
progress: nodes=980,000,000 tested=0 found=0 n=313756052700824412224715 elapsed=84s
progress: nodes=990,000,000 tested=0 found=0 n=545876960321919403366605 elapsed=85s
progress: nodes=1,000,000,000 tested=0 found=0 n=413161719218479534777695 elapsed=85s
progress: nodes=1,010,000,000 tested=0 found=0 n=705235745472251960323305 elapsed=86s
progress: nodes=1,020,000,000 tested=0 found=0 n=106688050629274064321865 elapsed=87s
progress: nodes=1,030,000,000 tested=0 found=0 n=191243488788313471448055 elapsed=88s
progress: nodes=1,040,000,000 tested=0 found=0 n=720713477603515438065465 elapsed=89s
progress: nodes=1,050,000,000 tested=0 found=0 n=638322136198400624344335 elapsed=90s
progress: nodes=1,060,000,000 tested=0 found=0 n=225633235675240457077455 elapsed=90s
progress: nodes=1,070,000,000 tested=0 found=0 n=710451399692868861969045 elapsed=91s
progress: nodes=1,080,000,000 tested=0 found=0 n=286802145254293758144315 elapsed=92s
progress: nodes=1,090,000,000 tested=0 found=0 n=817811892567917411385195 elapsed=93s
progress: nodes=1,100,000,000 tested=0 found=0 n=198348448379430803805585 elapsed=94s
progress: nodes=1,110,000,000 tested=0 found=0 n=166434347656859765184585 elapsed=94s
progress: nodes=1,120,000,000 tested=0 found=0 n=50741682850222505511435 elapsed=95s
progress: nodes=1,130,000,000 tested=0 found=0 n=369046531381866384285135 elapsed=96s
progress: nodes=1,140,000,000 tested=0 found=0 n=446802187348004954101155 elapsed=97s
progress: nodes=1,150,000,000 tested=0 found=0 n=902372804782570805475285 elapsed=97s
progress: nodes=1,160,000,000 tested=0 found=0 n=296619801807849491727405 elapsed=98s
progress: nodes=1,170,000,000 tested=0 found=0 n=821982062593735789548465 elapsed=99s
progress: nodes=1,180,000,000 tested=0 found=0 n=339223375090658832834645 elapsed=100s
progress: nodes=1,190,000,000 tested=0 found=0 n=21654587835193294417995 elapsed=101s
progress: nodes=1,200,000,000 tested=0 found=0 n=501717249456966000152955 elapsed=101s
progress: nodes=1,210,000,000 tested=0 found=0 n=85929079325740630613595 elapsed=102s
progress: nodes=1,220,000,000 tested=0 found=0 n=66943131478921885087485 elapsed=103s
progress: nodes=1,230,000,000 tested=0 found=0 n=92512055787364047825315 elapsed=104s
progress: nodes=1,240,000,000 tested=0 found=0 n=345525138427619020208715 elapsed=104s
progress: nodes=1,250,000,000 tested=0 found=0 n=389026550851499373573735 elapsed=105s
progress: nodes=1,260,000,000 tested=0 found=0 n=122222929998397437446445 elapsed=106s
progress: nodes=1,270,000,000 tested=0 found=0 n=150720915460696089471495 elapsed=107s
progress: nodes=1,280,000,000 tested=0 found=0 n=159218130119387881089015 elapsed=107s
progress: nodes=1,290,000,000 tested=0 found=0 n=970280292147114625064505 elapsed=108s
progress: nodes=1,300,000,000 tested=0 found=0 n=308053178087932493711235 elapsed=109s
progress: nodes=1,310,000,000 tested=0 found=0 n=596623664953385753976045 elapsed=109s
progress: nodes=1,320,000,000 tested=0 found=0 n=145472339823025848839505 elapsed=110s
progress: nodes=1,330,000,000 tested=0 found=0 n=62912898049590500890095 elapsed=111s
progress: nodes=1,340,000,000 tested=0 found=0 n=88968406804210544891085 elapsed=112s
progress: nodes=1,350,000,000 tested=0 found=0 n=340694058654618935592105 elapsed=112s
progress: nodes=1,360,000,000 tested=0 found=0 n=103436365705450719054165 elapsed=113s
progress: nodes=1,370,000,000 tested=0 found=0 n=454404988594934993972655 elapsed=114s
progress: nodes=1,380,000,000 tested=0 found=0 n=97371425077638285060045 elapsed=115s
progress: nodes=1,390,000,000 tested=0 found=0 n=452697082713656048743605 elapsed=115s
progress: nodes=1,400,000,000 tested=0 found=0 n=204837405871738156819965 elapsed=116s
progress: nodes=1,410,000,000 tested=0 found=0 n=9704705979350975738535 elapsed=117s
progress: nodes=1,420,000,000 tested=0 found=0 n=66698706748533420290535 elapsed=117s
progress: nodes=1,430,000,000 tested=0 found=0 n=46837901757456840243915 elapsed=118s
progress: nodes=1,440,000,000 tested=0 found=0 n=68823786290753714547015 elapsed=118s
progress: nodes=1,450,000,000 tested=0 found=0 n=70965889983347234003505 elapsed=119s
progress: nodes=1,460,000,000 tested=0 found=0 n=241833419306668008177345 elapsed=119s
progress: nodes=1,470,000,000 tested=0 found=0 n=109596151291994964276615 elapsed=120s
progress: nodes=1,480,000,000 tested=0 found=0 n=72748342734599371725405 elapsed=121s
progress: nodes=1,490,000,000 tested=0 found=0 n=31749339173062374255015 elapsed=121s
progress: nodes=1,500,000,000 tested=0 found=0 n=15435628096082869117755 elapsed=122s
progress: nodes=1,510,000,000 tested=0 found=0 n=50321483766193491428265 elapsed=122s
progress: nodes=1,520,000,000 tested=0 found=0 n=54167378007738142816695 elapsed=123s
progress: nodes=1,530,000,000 tested=0 found=0 n=30285253437929718345 elapsed=124s
progress: nodes=1,540,000,000 tested=0 found=0 n=288506671256738486366685 elapsed=124s
progress: nodes=1,550,000,000 tested=0 found=0 n=515560889831982044209965 elapsed=125s
progress: nodes=1,560,000,000 tested=0 found=0 n=997384215579644642090445 elapsed=125s
progress: nodes=1,570,000,000 tested=0 found=0 n=979825434222101036744655 elapsed=126s
progress: nodes=1,580,000,000 tested=0 found=0 n=884326621060915593437565 elapsed=127s
progress: nodes=1,590,000,000 tested=0 found=0 n=349594723553510130179445 elapsed=128s
progress: nodes=1,600,000,000 tested=0 found=0 n=495247430961227074895505 elapsed=128s
progress: nodes=1,610,000,000 tested=0 found=0 n=841936351811301114529005 elapsed=129s
progress: nodes=1,620,000,000 tested=0 found=0 n=922849084031814326678265 elapsed=130s
progress: nodes=1,630,000,000 tested=0 found=0 n=709014936774887003277315 elapsed=131s
progress: nodes=1,640,000,000 tested=0 found=0 n=214462596373675140247965 elapsed=132s
progress: nodes=1,650,000,000 tested=0 found=0 n=954077785005135328721235 elapsed=133s
progress: nodes=1,660,000,000 tested=0 found=0 n=455991028135390476107145 elapsed=133s
progress: nodes=1,670,000,000 tested=0 found=0 n=844965810544867967621835 elapsed=134s
progress: nodes=1,680,000,000 tested=0 found=0 n=592735806544299608646495 elapsed=135s
progress: nodes=1,690,000,000 tested=0 found=0 n=923517250690688791651215 elapsed=136s
progress: nodes=1,700,000,000 tested=0 found=0 n=416498827714572045062295 elapsed=137s
progress: nodes=1,710,000,000 tested=0 found=0 n=546859105968792190208895 elapsed=138s
progress: nodes=1,720,000,000 tested=0 found=0 n=926981350993948212676935 elapsed=139s
progress: nodes=1,730,000,000 tested=0 found=0 n=987735762679720784846805 elapsed=140s
progress: nodes=1,740,000,000 tested=0 found=0 n=254066926283930624359365 elapsed=140s
progress: nodes=1,750,000,000 tested=0 found=0 n=410281085902416926278185 elapsed=141s
progress: nodes=1,760,000,000 tested=0 found=0 n=520610252285590563252195 elapsed=142s
progress: nodes=1,770,000,000 tested=0 found=0 n=410907240356017725349965 elapsed=143s
progress: nodes=1,780,000,000 tested=0 found=0 n=400002066488985555155535 elapsed=144s
progress: nodes=1,790,000,000 tested=0 found=0 n=185220361737607054557465 elapsed=145s
progress: nodes=1,800,000,000 tested=0 found=0 n=203417342585647707418785 elapsed=146s
progress: nodes=1,810,000,000 tested=0 found=0 n=323390565357689766414465 elapsed=147s
progress: nodes=1,820,000,000 tested=0 found=0 n=763222790859579792887535 elapsed=148s
progress: nodes=1,830,000,000 tested=0 found=0 n=516335449881106774269585 elapsed=149s
progress: nodes=1,840,000,000 tested=0 found=0 n=662390231694478671508605 elapsed=150s
progress: nodes=1,850,000,000 tested=0 found=0 n=814430643533982494838585 elapsed=150s
progress: nodes=1,860,000,000 tested=0 found=0 n=237054225605949589294665 elapsed=151s
progress: nodes=1,870,000,000 tested=0 found=0 n=231788397784713913049985 elapsed=152s
progress: nodes=1,880,000,000 tested=0 found=0 n=914211112308169964954445 elapsed=153s
progress: nodes=1,890,000,000 tested=0 found=0 n=544165198293090143011905 elapsed=154s
progress: nodes=1,900,000,000 tested=0 found=0 n=336820781902623262651485 elapsed=155s
progress: nodes=1,910,000,000 tested=0 found=0 n=220781624766229865527605 elapsed=156s
progress: nodes=1,920,000,000 tested=0 found=0 n=564553250551934790039855 elapsed=157s
progress: nodes=1,930,000,000 tested=0 found=0 n=102620155507078431075165 elapsed=157s
progress: nodes=1,940,000,000 tested=0 found=0 n=125563474628030679206265 elapsed=158s
progress: nodes=1,950,000,000 tested=0 found=0 n=343396461165260751811485 elapsed=159s
progress: nodes=1,960,000,000 tested=0 found=0 n=742277844677535674489865 elapsed=160s
progress: nodes=1,970,000,000 tested=0 found=0 n=101689255793593488970755 elapsed=160s
progress: nodes=1,980,000,000 tested=0 found=0 n=77849547045573385989855 elapsed=161s
progress: nodes=1,990,000,000 tested=0 found=0 n=61356429735903777880665 elapsed=162s
progress: nodes=2,000,000,000 tested=0 found=0 n=941198159912708643000705 elapsed=162s
progress: nodes=2,010,000,000 tested=0 found=0 n=996132191741365260387195 elapsed=163s
progress: nodes=2,020,000,000 tested=0 found=0 n=115182921921095133559935 elapsed=164s
progress: nodes=2,030,000,000 tested=0 found=0 n=176624375843538120096495 elapsed=165s
progress: nodes=2,040,000,000 tested=0 found=0 n=51401857541465020243095 elapsed=165s
progress: nodes=2,050,000,000 tested=0 found=0 n=523575079892082015468255 elapsed=166s
progress: nodes=2,060,000,000 tested=0 found=0 n=529595516573458645393395 elapsed=167s
progress: nodes=2,070,000,000 tested=0 found=0 n=45794011014312887855295 elapsed=167s
progress: nodes=2,080,000,000 tested=0 found=0 n=30472870384225201994685 elapsed=168s
progress: nodes=2,090,000,000 tested=0 found=0 n=495936611411584189737735 elapsed=169s
progress: nodes=2,100,000,000 tested=0 found=0 n=97370889417286178457465 elapsed=169s
progress: nodes=2,110,000,000 tested=0 found=0 n=93351037101731798961195 elapsed=170s
progress: nodes=2,120,000,000 tested=0 found=0 n=63416451598819711216695 elapsed=170s
progress: nodes=2,130,000,000 tested=0 found=0 n=221229563641298511280605 elapsed=171s
progress: nodes=2,140,000,000 tested=0 found=0 n=101960438774463650725695 elapsed=172s
progress: nodes=2,150,000,000 tested=0 found=0 n=9011388928612493090655 elapsed=172s
progress: nodes=2,160,000,000 tested=0 found=0 n=896026360125876370035255 elapsed=173s
progress: nodes=2,170,000,000 tested=0 found=0 n=69511058585579868179715 elapsed=174s
progress: nodes=2,180,000,000 tested=0 found=0 n=173641727639303987901435 elapsed=174s
progress: nodes=2,190,000,000 tested=0 found=0 n=912787649338829905256265 elapsed=175s
progress: nodes=2,200,000,000 tested=0 found=0 n=297606219881856160462785 elapsed=176s
progress: nodes=2,210,000,000 tested=0 found=0 n=43902852815009757335715 elapsed=176s
progress: nodes=2,220,000,000 tested=0 found=0 n=121223184014611627093665 elapsed=177s
progress: nodes=2,230,000,000 tested=0 found=0 n=35026602647025742740585 elapsed=177s
progress: nodes=2,240,000,000 tested=0 found=0 n=15164839671462949170105 elapsed=178s
progress: nodes=2,250,000,000 tested=0 found=0 n=407356998219141334848315 elapsed=179s
progress: nodes=2,260,000,000 tested=0 found=0 n=249408109888237459305315 elapsed=179s
progress: nodes=2,270,000,000 tested=0 found=0 n=176738594125266895493655 elapsed=180s
progress: nodes=2,280,000,000 tested=0 found=0 n=725765224986215211914415 elapsed=180s
progress: nodes=2,290,000,000 tested=0 found=0 n=904150097973861038929395 elapsed=181s
progress: nodes=2,300,000,000 tested=0 found=0 n=27317460662551424114685 elapsed=182s
progress: nodes=2,310,000,000 tested=0 found=0 n=712199733616620668189745 elapsed=182s
progress: nodes=2,320,000,000 tested=0 found=0 n=109894090422276691408215 elapsed=183s
progress: nodes=2,330,000,000 tested=0 found=0 n=427866400939885926133635 elapsed=183s
progress: nodes=2,340,000,000 tested=0 found=0 n=153992529826686895429215 elapsed=184s
progress: nodes=2,350,000,000 tested=0 found=0 n=7612885184499306238995 elapsed=185s
progress: nodes=2,360,000,000 tested=0 found=0 n=40613772817366093946835 elapsed=185s
progress: nodes=2,370,000,000 tested=0 found=0 n=286253793628195121763255 elapsed=186s
progress: nodes=2,380,000,000 tested=0 found=0 n=22145017232022964210035 elapsed=186s
progress: nodes=2,390,000,000 tested=0 found=0 n=186609057558960728086785 elapsed=187s
progress: nodes=2,400,000,000 tested=0 found=0 n=14077696418801388674145 elapsed=187s
progress: nodes=2,410,000,000 tested=0 found=0 n=103927001190208316956485 elapsed=188s
progress: nodes=2,420,000,000 tested=0 found=0 n=182582133368299649582715 elapsed=189s
progress: nodes=2,430,000,000 tested=0 found=0 n=814779246621936687554385 elapsed=189s
progress: nodes=2,440,000,000 tested=0 found=0 n=185309055745296667131285 elapsed=190s
progress: nodes=2,450,000,000 tested=0 found=0 n=11305525326844637030805 elapsed=190s
progress: nodes=2,460,000,000 tested=0 found=0 n=42103899550107617991795 elapsed=191s
progress: nodes=2,470,000,000 tested=0 found=0 n=313407494696395896885855 elapsed=191s
progress: nodes=2,480,000,000 tested=0 found=0 n=920268054463935088359045 elapsed=192s
progress: nodes=2,490,000,000 tested=0 found=0 n=258128066443507694522595 elapsed=192s
progress: nodes=2,500,000,000 tested=0 found=0 n=32301242198585865739845 elapsed=193s
progress: nodes=2,510,000,000 tested=0 found=0 n=7370587446246445182255 elapsed=193s
progress: nodes=2,520,000,000 tested=0 found=0 n=30492069577656148676565 elapsed=194s
progress: nodes=2,530,000,000 tested=0 found=0 n=642698799210522808675155 elapsed=195s
progress: nodes=2,540,000,000 tested=0 found=0 n=263242077687194780631015 elapsed=195s
progress: nodes=2,550,000,000 tested=0 found=0 n=576207163263345476350995 elapsed=196s
progress: nodes=2,560,000,000 tested=0 found=0 n=391571835028917650945955 elapsed=197s
progress: nodes=2,570,000,000 tested=0 found=0 n=673793460287879318272665 elapsed=198s
progress: nodes=2,580,000,000 tested=0 found=0 n=918092588719125618871605 elapsed=199s
progress: nodes=2,590,000,000 tested=0 found=0 n=753700802524286303102715 elapsed=199s
progress: nodes=2,600,000,000 tested=0 found=0 n=915003883928832308845065 elapsed=200s
progress: nodes=2,610,000,000 tested=0 found=0 n=734846125007530426425795 elapsed=201s
progress: nodes=2,620,000,000 tested=0 found=0 n=636834808843794782621595 elapsed=202s
progress: nodes=2,630,000,000 tested=0 found=0 n=988821836105742146225835 elapsed=203s
progress: nodes=2,640,000,000 tested=0 found=0 n=699152231396187064330965 elapsed=203s
progress: nodes=2,650,000,000 tested=0 found=0 n=814209955632376641474435 elapsed=204s
progress: nodes=2,660,000,000 tested=0 found=0 n=742268383782831666994545 elapsed=205s
progress: nodes=2,670,000,000 tested=0 found=0 n=560599887433634434641645 elapsed=206s
progress: nodes=2,680,000,000 tested=0 found=0 n=796832445588164474000265 elapsed=207s
progress: nodes=2,690,000,000 tested=0 found=0 n=928734380206049318590845 elapsed=208s
progress: nodes=2,700,000,000 tested=0 found=0 n=788312087827697674341945 elapsed=209s
progress: nodes=2,710,000,000 tested=0 found=0 n=841592418527762177470155 elapsed=210s
progress: nodes=2,720,000,000 tested=0 found=0 n=654182440077649324842585 elapsed=210s
progress: nodes=2,730,000,000 tested=0 found=0 n=343925268138211771032255 elapsed=211s
progress: nodes=2,740,000,000 tested=0 found=0 n=251344687794814140473115 elapsed=212s
progress: nodes=2,750,000,000 tested=0 found=0 n=294758750405415615175935 elapsed=213s
progress: nodes=2,760,000,000 tested=0 found=0 n=295488161275576739302755 elapsed=214s
progress: nodes=2,770,000,000 tested=0 found=0 n=167338810165849969045815 elapsed=215s
progress: nodes=2,780,000,000 tested=0 found=0 n=977906925893079921499605 elapsed=216s
progress: nodes=2,790,000,000 tested=0 found=0 n=703313421155924172234615 elapsed=217s
progress: nodes=2,800,000,000 tested=0 found=0 n=236273590706552414395965 elapsed=218s
progress: nodes=2,810,000,000 tested=0 found=0 n=749295194931263776531905 elapsed=219s
progress: nodes=2,820,000,000 tested=0 found=0 n=444843699006799216640295 elapsed=220s
progress: nodes=2,830,000,000 tested=0 found=0 n=128646985570104722582745 elapsed=220s
progress: nodes=2,840,000,000 tested=0 found=0 n=56189936660506192868805 elapsed=221s
progress: nodes=2,850,000,000 tested=0 found=0 n=130413082716976573739745 elapsed=222s
progress: nodes=2,860,000,000 tested=0 found=0 n=164588378264705980852605 elapsed=223s
progress: nodes=2,870,000,000 tested=0 found=0 n=219811667296249718130285 elapsed=224s
progress: nodes=2,880,000,000 tested=0 found=0 n=540459661584181752048285 elapsed=225s
progress: nodes=2,890,000,000 tested=0 found=0 n=461473176938371312958685 elapsed=226s
progress: nodes=2,900,000,000 tested=0 found=0 n=130397831042883107037165 elapsed=226s
progress: nodes=2,910,000,000 tested=0 found=0 n=103123392388119834876405 elapsed=227s
progress: nodes=2,920,000,000 tested=0 found=0 n=947426199598965351383235 elapsed=228s
progress: nodes=2,930,000,000 tested=0 found=0 n=625908115965533841675495 elapsed=228s
progress: nodes=2,940,000,000 tested=0 found=0 n=255540902539855192849485 elapsed=229s
progress: nodes=2,950,000,000 tested=0 found=0 n=215709860030478456600945 elapsed=230s
progress: nodes=2,960,000,000 tested=0 found=0 n=62361722294183224504215 elapsed=230s
progress: nodes=2,970,000,000 tested=0 found=0 n=65034205251241600218195 elapsed=231s
progress: nodes=2,980,000,000 tested=0 found=0 n=540587717278877677615245 elapsed=232s
progress: nodes=2,990,000,000 tested=0 found=0 n=322996306497243841547865 elapsed=232s
progress: nodes=3,000,000,000 tested=0 found=0 n=41338181445906547546695 elapsed=233s
progress: nodes=3,010,000,000 tested=0 found=0 n=60734652659408614331835 elapsed=234s
progress: nodes=3,020,000,000 tested=0 found=0 n=415156343250078756692145 elapsed=234s
progress: nodes=3,030,000,000 tested=0 found=0 n=382137710366626985749095 elapsed=235s
progress: nodes=3,040,000,000 tested=0 found=0 n=343215060166440551566035 elapsed=235s
progress: nodes=3,050,000,000 tested=0 found=0 n=25879690467554226932655 elapsed=236s
progress: nodes=3,060,000,000 tested=0 found=0 n=341171018726619896806095 elapsed=237s
progress: nodes=3,070,000,000 tested=0 found=0 n=60424683598501504541415 elapsed=237s
progress: nodes=3,080,000,000 tested=0 found=0 n=55138312170302419373445 elapsed=238s
progress: nodes=3,090,000,000 tested=0 found=0 n=533236744747783415207115 elapsed=239s
progress: nodes=3,100,000,000 tested=0 found=0 n=22895222605753672214235 elapsed=239s
progress: nodes=3,110,000,000 tested=0 found=0 n=31149789356592707463585 elapsed=240s
progress: nodes=3,120,000,000 tested=0 found=0 n=489822819757998385271535 elapsed=241s
progress: nodes=3,130,000,000 tested=0 found=0 n=64827944095301065364985 elapsed=241s
progress: nodes=3,140,000,000 tested=0 found=0 n=457042275977067208913355 elapsed=242s
progress: nodes=3,150,000,000 tested=0 found=0 n=311969854862949129398955 elapsed=243s
progress: nodes=3,160,000,000 tested=0 found=0 n=68010122538909914169105 elapsed=243s
progress: nodes=3,170,000,000 tested=0 found=0 n=595415679619564846517085 elapsed=244s
progress: nodes=3,180,000,000 tested=0 found=0 n=30120120818860545897255 elapsed=244s
progress: nodes=3,190,000,000 tested=0 found=0 n=413528153326811499576015 elapsed=245s
progress: nodes=3,200,000,000 tested=0 found=0 n=305850384677328357960405 elapsed=246s
progress: nodes=3,210,000,000 tested=0 found=0 n=377985335963781607926345 elapsed=246s
progress: nodes=3,220,000,000 tested=0 found=0 n=23206240048784568327045 elapsed=247s
progress: nodes=3,230,000,000 tested=0 found=0 n=301172400471823269766065 elapsed=247s
progress: nodes=3,240,000,000 tested=0 found=0 n=777971602041003320735655 elapsed=248s
progress: nodes=3,250,000,000 tested=0 found=0 n=23792330005188139711485 elapsed=248s
progress: nodes=3,260,000,000 tested=0 found=0 n=74159202532500827978535 elapsed=249s
progress: nodes=3,270,000,000 tested=0 found=0 n=809530567025797709984385 elapsed=250s
progress: nodes=3,280,000,000 tested=0 found=0 n=64307504384320751225685 elapsed=250s
progress: nodes=3,290,000,000 tested=0 found=0 n=590753905020068056571655 elapsed=251s
progress: nodes=3,300,000,000 tested=0 found=0 n=568601647682690812542885 elapsed=252s
progress: nodes=3,310,000,000 tested=0 found=0 n=284651379529884796515255 elapsed=252s
progress: nodes=3,320,000,000 tested=0 found=0 n=57529307034861909745095 elapsed=253s
progress: nodes=3,330,000,000 tested=0 found=0 n=151905406762628212239585 elapsed=253s
progress: nodes=3,340,000,000 tested=0 found=0 n=76891686263740772226855 elapsed=254s
progress: nodes=3,350,000,000 tested=0 found=0 n=270321044070019175186265 elapsed=254s
progress: nodes=3,360,000,000 tested=0 found=0 n=4893894292825325829015 elapsed=255s
progress: nodes=3,370,000,000 tested=0 found=0 n=45716546450364573308265 elapsed=255s
progress: nodes=3,380,000,000 tested=0 found=0 n=11838797096388635857185 elapsed=256s
progress: nodes=3,390,000,000 tested=0 found=0 n=73654759114012040612895 elapsed=257s
progress: nodes=3,400,000,000 tested=0 found=0 n=867016560910677795441135 elapsed=257s
progress: nodes=3,410,000,000 tested=0 found=0 n=960702699387466521732285 elapsed=258s
progress: nodes=3,420,000,000 tested=0 found=0 n=665175317419857233101905 elapsed=259s
progress: nodes=3,430,000,000 tested=0 found=0 n=969832441238510357985555 elapsed=260s
progress: nodes=3,440,000,000 tested=0 found=0 n=436812007416156930326535 elapsed=260s
progress: nodes=3,450,000,000 tested=0 found=0 n=438443175603186047146905 elapsed=261s
progress: nodes=3,460,000,000 tested=0 found=0 n=4229234252493167332935 elapsed=262s
progress: nodes=3,470,000,000 tested=0 found=0 n=825490544131053037157895 elapsed=263s
progress: nodes=3,480,000,000 tested=0 found=0 n=846718627555823049888705 elapsed=263s
progress: nodes=3,490,000,000 tested=0 found=0 n=865502868403020556831005 elapsed=264s
progress: nodes=3,500,000,000 tested=0 found=0 n=801032954794978584113955 elapsed=265s
progress: nodes=3,510,000,000 tested=0 found=0 n=844933476581215067315295 elapsed=266s
progress: nodes=3,520,000,000 tested=0 found=0 n=643855041800825200461765 elapsed=267s
progress: nodes=3,530,000,000 tested=0 found=0 n=980137375941442325419215 elapsed=268s
progress: nodes=3,540,000,000 tested=0 found=0 n=316582876198338367684365 elapsed=268s
progress: nodes=3,550,000,000 tested=0 found=0 n=299185754242494046406895 elapsed=269s
progress: nodes=3,560,000,000 tested=0 found=0 n=297455112830740158912735 elapsed=270s
progress: nodes=3,570,000,000 tested=0 found=0 n=92517754738020807113685 elapsed=271s
progress: nodes=3,580,000,000 tested=0 found=0 n=562412422629099797899365 elapsed=272s
progress: nodes=3,590,000,000 tested=0 found=0 n=400646868662875097245905 elapsed=273s
progress: nodes=3,600,000,000 tested=0 found=0 n=78677816805076351687695 elapsed=274s
progress: nodes=3,610,000,000 tested=0 found=0 n=244907347838878484295705 elapsed=275s
progress: nodes=3,620,000,000 tested=0 found=0 n=425019952759939957637685 elapsed=276s
progress: nodes=3,630,000,000 tested=0 found=0 n=133640740603364385594645 elapsed=277s
progress: nodes=3,640,000,000 tested=0 found=0 n=256931556833224933488855 elapsed=277s
progress: nodes=3,650,000,000 tested=0 found=0 n=896969220502347537589395 elapsed=310s
progress: nodes=3,660,000,000 tested=0 found=0 n=871322490481104904131045 elapsed=310s
progress: nodes=3,670,000,000 tested=0 found=0 n=734601632823779753412315 elapsed=311s
progress: nodes=3,680,000,000 tested=0 found=0 n=197640096241497916419855 elapsed=312s
progress: nodes=3,690,000,000 tested=0 found=0 n=403952534393582103684885 elapsed=313s
progress: nodes=3,700,000,000 tested=0 found=0 n=661388745418244554579245 elapsed=314s
progress: nodes=3,710,000,000 tested=0 found=0 n=204084885337909462046745 elapsed=315s
progress: nodes=3,720,000,000 tested=0 found=0 n=71239558739405330373255 elapsed=316s
progress: nodes=3,730,000,000 tested=0 found=0 n=975391214266754308962315 elapsed=317s
progress: nodes=3,740,000,000 tested=0 found=0 n=172212219880370696765115 elapsed=318s
progress: nodes=3,750,000,000 tested=0 found=0 n=891300441980561667559245 elapsed=318s
progress: nodes=3,760,000,000 tested=0 found=0 n=986989034069978949689355 elapsed=319s
progress: nodes=3,770,000,000 tested=0 found=0 n=441873092340266275246545 elapsed=320s
progress: nodes=3,780,000,000 tested=0 found=0 n=228932908424907419103345 elapsed=321s
progress: nodes=3,790,000,000 tested=0 found=0 n=133535373360158562124995 elapsed=322s
progress: nodes=3,800,000,000 tested=0 found=0 n=419059549331621874150345 elapsed=322s
progress: nodes=3,810,000,000 tested=0 found=0 n=265332527059435336268235 elapsed=323s
progress: nodes=3,820,000,000 tested=0 found=0 n=820792779627301789506705 elapsed=324s
progress: nodes=3,830,000,000 tested=0 found=0 n=222792678734183335391445 elapsed=324s
progress: nodes=3,840,000,000 tested=0 found=0 n=104683410828311175205605 elapsed=325s
progress: nodes=3,850,000,000 tested=0 found=0 n=353339805039084612959535 elapsed=325s
progress: nodes=3,860,000,000 tested=0 found=0 n=928598126253331297836735 elapsed=326s
progress: nodes=3,870,000,000 tested=0 found=0 n=54086642613178384615965 elapsed=326s
progress: nodes=3,880,000,000 tested=0 found=0 n=46806232047750094863645 elapsed=327s
progress: nodes=3,890,000,000 tested=0 found=0 n=914441677632142937105985 elapsed=328s
progress: nodes=3,900,000,000 tested=0 found=0 n=120416245423275628450845 elapsed=328s
progress: nodes=3,910,000,000 tested=0 found=0 n=399193191297751491980235 elapsed=329s
progress: nodes=3,920,000,000 tested=0 found=0 n=843384604126077937697085 elapsed=329s
progress: nodes=3,930,000,000 tested=0 found=0 n=9328228528221983236545 elapsed=330s
progress: nodes=3,940,000,000 tested=0 found=0 n=34953767668977125818005 elapsed=330s
progress: nodes=3,950,000,000 tested=0 found=0 n=660219395402602457104995 elapsed=331s
progress: nodes=3,960,000,000 tested=0 found=0 n=99592388441921471833035 elapsed=331s
progress: nodes=3,970,000,000 tested=0 found=0 n=165704775754183581262815 elapsed=332s
progress: nodes=3,980,000,000 tested=0 found=0 n=4123866725581328615565 elapsed=332s
progress: nodes=3,990,000,000 tested=0 found=0 n=58018827978158410286235 elapsed=333s
progress: nodes=4,000,000,000 tested=0 found=0 n=211456075657085159630535 elapsed=334s
progress: nodes=4,010,000,000 tested=0 found=0 n=749014440039613102847895 elapsed=334s
progress: nodes=4,020,000,000 tested=0 found=0 n=131984008813323101249685 elapsed=335s
progress: nodes=4,030,000,000 tested=0 found=0 n=467364861702005086279395 elapsed=335s
progress: nodes=4,040,000,000 tested=0 found=0 n=657648515752979805756585 elapsed=336s
progress: nodes=4,050,000,000 tested=0 found=0 n=4546779984796332506535 elapsed=336s
progress: nodes=4,060,000,000 tested=0 found=0 n=222528338042481353652705 elapsed=337s
progress: nodes=4,070,000,000 tested=0 found=0 n=702982313158095498760245 elapsed=338s
progress: nodes=4,080,000,000 tested=0 found=0 n=173651939256373841128905 elapsed=338s
progress: nodes=4,090,000,000 tested=0 found=0 n=891652014865962850999005 elapsed=339s
progress: nodes=4,100,000,000 tested=0 found=0 n=761497999282864971692955 elapsed=339s
progress: nodes=4,110,000,000 tested=0 found=0 n=3918333829571876644605 elapsed=340s
progress: nodes=4,120,000,000 tested=0 found=0 n=782554079517612326035605 elapsed=340s
progress: nodes=4,130,000,000 tested=0 found=0 n=123031047152910024661455 elapsed=341s
progress: nodes=4,140,000,000 tested=0 found=0 n=324390683893064809701915 elapsed=342s
progress: nodes=4,150,000,000 tested=0 found=0 n=509105309988608870140305 elapsed=343s
progress: nodes=4,160,000,000 tested=0 found=0 n=433613509968834744050385 elapsed=343s
progress: nodes=4,170,000,000 tested=0 found=0 n=316871316164244397908105 elapsed=344s
progress: nodes=4,180,000,000 tested=0 found=0 n=462671579487912148106415 elapsed=345s
progress: nodes=4,190,000,000 tested=0 found=0 n=775580469491210980890735 elapsed=346s
progress: nodes=4,200,000,000 tested=0 found=0 n=333363159393147529026615 elapsed=347s
progress: nodes=4,210,000,000 tested=0 found=0 n=878593308419899164185145 elapsed=348s
progress: nodes=4,220,000,000 tested=0 found=0 n=746563641838159761195255 elapsed=348s
progress: nodes=4,230,000,000 tested=0 found=0 n=615646473201357340070835 elapsed=349s
progress: nodes=4,240,000,000 tested=0 found=0 n=202223742406487248134285 elapsed=350s
progress: nodes=4,250,000,000 tested=0 found=0 n=634046130798659143907355 elapsed=351s
progress: nodes=4,260,000,000 tested=0 found=0 n=482151970716245454220245 elapsed=352s
progress: nodes=4,270,000,000 tested=0 found=0 n=666568624346466970733865 elapsed=353s
progress: nodes=4,280,000,000 tested=0 found=0 n=897467453969513938050735 elapsed=354s
progress: nodes=4,290,000,000 tested=0 found=0 n=676616043535008079775805 elapsed=354s
progress: nodes=4,300,000,000 tested=0 found=0 n=252933343954354100643255 elapsed=355s
progress: nodes=4,310,000,000 tested=0 found=0 n=405494131136386287874905 elapsed=356s
progress: nodes=4,320,000,000 tested=0 found=0 n=134372480636822423628555 elapsed=357s
progress: nodes=4,330,000,000 tested=0 found=0 n=524241711491557494685185 elapsed=357s
progress: nodes=4,340,000,000 tested=0 found=0 n=56852273416700018521485 elapsed=358s
progress: nodes=4,350,000,000 tested=0 found=0 n=79242545943669088800495 elapsed=358s
progress: nodes=4,360,000,000 tested=0 found=0 n=676448106636261003673005 elapsed=359s
progress: nodes=4,370,000,000 tested=0 found=0 n=527985700155573811867755 elapsed=360s
progress: nodes=4,380,000,000 tested=0 found=0 n=942222040317971835354855 elapsed=360s
progress: nodes=4,390,000,000 tested=0 found=0 n=24544389017247707947365 elapsed=361s
progress: nodes=4,400,000,000 tested=0 found=0 n=479666318117896036396035 elapsed=361s
progress: nodes=4,410,000,000 tested=0 found=0 n=550510065396250902011745 elapsed=362s
progress: nodes=4,420,000,000 tested=0 found=0 n=13071328145338546224765 elapsed=363s
progress: nodes=4,430,000,000 tested=0 found=0 n=336670079003304089865705 elapsed=363s
progress: nodes=4,440,000,000 tested=0 found=0 n=418773102947526473425305 elapsed=364s
progress: nodes=4,450,000,000 tested=0 found=0 n=191190089859333282061695 elapsed=364s
progress: nodes=4,460,000,000 tested=0 found=0 n=735487336693983447451215 elapsed=365s
progress: nodes=4,470,000,000 tested=0 found=0 n=24361708064671188255915 elapsed=365s
progress: nodes=4,480,000,000 tested=0 found=0 n=681639111103597671630645 elapsed=366s
progress: nodes=4,490,000,000 tested=0 found=0 n=13910842423791735817005 elapsed=366s
progress: nodes=4,500,000,000 tested=0 found=0 n=405998025756570308053395 elapsed=367s
progress: nodes=4,510,000,000 tested=0 found=0 n=5338720690132604976045 elapsed=368s
progress: nodes=4,520,000,000 tested=0 found=0 n=36571245968297932657155 elapsed=368s
progress: nodes=4,530,000,000 tested=0 found=0 n=201444442309373365633635 elapsed=369s
progress: nodes=4,540,000,000 tested=0 found=0 n=997492198353119935455015 elapsed=369s
progress: nodes=4,550,000,000 tested=0 found=0 n=6595895841686262290205 elapsed=370s
progress: nodes=4,560,000,000 tested=0 found=0 n=68133772127345178054645 elapsed=370s
progress: nodes=4,570,000,000 tested=0 found=0 n=893775490378826278999815 elapsed=371s
progress: nodes=4,580,000,000 tested=0 found=0 n=311500169395965485721045 elapsed=371s
progress: nodes=4,590,000,000 tested=0 found=0 n=206502575994177513080355 elapsed=372s
progress: nodes=4,600,000,000 tested=0 found=0 n=19301638933782380791395 elapsed=373s
progress: nodes=4,610,000,000 tested=0 found=0 n=7596157834703898999045 elapsed=373s
progress: nodes=4,620,000,000 tested=0 found=0 n=79560977540032325272455 elapsed=374s
progress: nodes=4,630,000,000 tested=0 found=0 n=2017423956308158770255 elapsed=375s
progress: nodes=4,640,000,000 tested=0 found=0 n=698507803857970937628135 elapsed=375s
progress: nodes=4,650,000,000 tested=0 found=0 n=572365568422571558186565 elapsed=376s
progress: nodes=4,660,000,000 tested=0 found=0 n=220311832740621517720305 elapsed=377s
progress: nodes=4,670,000,000 tested=0 found=0 n=311910230703809561711355 elapsed=377s
progress: nodes=4,680,000,000 tested=0 found=0 n=706225472100883535575905 elapsed=378s
progress: nodes=4,690,000,000 tested=0 found=0 n=694248810230231224190235 elapsed=379s
progress: nodes=4,700,000,000 tested=0 found=0 n=421565266377327951734895 elapsed=380s
progress: nodes=4,710,000,000 tested=0 found=0 n=369285247033292226235365 elapsed=380s
progress: nodes=4,720,000,000 tested=0 found=0 n=49875627973776117729255 elapsed=381s
progress: nodes=4,730,000,000 tested=0 found=0 n=453791140328910508222995 elapsed=382s
progress: nodes=4,740,000,000 tested=0 found=0 n=941751561393423721835505 elapsed=383s
progress: nodes=4,750,000,000 tested=0 found=0 n=891168213481220903832045 elapsed=384s
progress: nodes=4,760,000,000 tested=0 found=0 n=687428963700360012159795 elapsed=385s
progress: nodes=4,770,000,000 tested=0 found=0 n=766689767104396314962835 elapsed=385s
progress: nodes=4,780,000,000 tested=0 found=0 n=556681292683350345016155 elapsed=386s
progress: nodes=4,790,000,000 tested=0 found=0 n=692366495594032951988985 elapsed=387s
progress: nodes=4,800,000,000 tested=0 found=0 n=910466549949370137786855 elapsed=388s
progress: nodes=4,810,000,000 tested=0 found=0 n=937759212999232531495965 elapsed=389s
progress: nodes=4,820,000,000 tested=0 found=0 n=997458471854378812545345 elapsed=390s
progress: nodes=4,830,000,000 tested=0 found=0 n=546588685252646954999055 elapsed=391s
progress: nodes=4,840,000,000 tested=0 found=0 n=454888215211090823473545 elapsed=392s
progress: nodes=4,850,000,000 tested=0 found=0 n=136422873145967977233405 elapsed=393s
progress: nodes=4,860,000,000 tested=0 found=0 n=599490783564873275054655 elapsed=393s
progress: nodes=4,870,000,000 tested=0 found=0 n=455197071196695095657415 elapsed=394s
progress: nodes=4,880,000,000 tested=0 found=0 n=415405906983201913938315 elapsed=395s
progress: nodes=4,890,000,000 tested=0 found=0 n=288983282583834636400395 elapsed=396s
progress: nodes=4,900,000,000 tested=0 found=0 n=300692755883601379437165 elapsed=397s
progress: nodes=4,910,000,000 tested=0 found=0 n=756025460237789866336095 elapsed=398s
progress: nodes=4,920,000,000 tested=0 found=0 n=680123196542546773174665 elapsed=399s
progress: nodes=4,930,000,000 tested=0 found=0 n=161957121371202852396585 elapsed=399s
progress: nodes=4,940,000,000 tested=0 found=0 n=51511219503693012784305 elapsed=400s
progress: nodes=4,950,000,000 tested=0 found=0 n=38521981788644297069685 elapsed=400s
progress: nodes=4,960,000,000 tested=0 found=0 n=29053626378005460629385 elapsed=401s
progress: nodes=4,970,000,000 tested=0 found=0 n=175654828676598217995555 elapsed=402s
progress: nodes=4,980,000,000 tested=0 found=0 n=155793565713414827309085 elapsed=402s
progress: nodes=4,990,000,000 tested=0 found=0 n=20848671707538027937545 elapsed=403s
progress: nodes=5,000,000,000 tested=0 found=0 n=753287710255056562603095 elapsed=403s
progress: nodes=5,010,000,000 tested=0 found=0 n=117450814734450777535605 elapsed=404s
progress: nodes=5,020,000,000 tested=0 found=0 n=4131669537657669315555 elapsed=404s
progress: nodes=5,030,000,000 tested=0 found=0 n=11132336722846123340595 elapsed=405s
progress: nodes=5,040,000,000 tested=0 found=0 n=404784717690024192766635 elapsed=406s
progress: nodes=5,050,000,000 tested=0 found=0 n=7712449023157360807455 elapsed=406s
progress: nodes=5,060,000,000 tested=0 found=0 n=107288463909696243408585 elapsed=407s
progress: nodes=5,070,000,000 tested=0 found=0 n=675843634001113012153485 elapsed=407s
progress: nodes=5,080,000,000 tested=0 found=0 n=119912418733435160865435 elapsed=408s
progress: nodes=5,090,000,000 tested=0 found=0 n=619650593706446679856635 elapsed=409s
progress: nodes=5,100,000,000 tested=0 found=0 n=5143437796099045893255 elapsed=409s
progress: nodes=5,110,000,000 tested=0 found=0 n=63618231574161674129655 elapsed=410s
progress: nodes=5,120,000,000 tested=0 found=0 n=207848646322194713038515 elapsed=410s
progress: nodes=5,130,000,000 tested=0 found=0 n=421525637560369233769995 elapsed=411s
progress: nodes=5,140,000,000 tested=0 found=0 n=462704991840203650503615 elapsed=411s
progress: nodes=5,150,000,000 tested=0 found=0 n=663606060098532198645465 elapsed=412s
progress: nodes=5,160,000,000 tested=0 found=0 n=84941010915667218415935 elapsed=413s
progress: nodes=5,170,000,000 tested=0 found=0 n=6296634119073265983405 elapsed=413s
progress: nodes=5,180,000,000 tested=0 found=0 n=392485958198545241515095 elapsed=414s
progress: nodes=5,190,000,000 tested=0 found=0 n=708467763839324132131605 elapsed=415s
progress: nodes=5,200,000,000 tested=0 found=0 n=524266892459859130370685 elapsed=416s
progress: nodes=5,210,000,000 tested=0 found=0 n=845224232156244309687435 elapsed=416s
progress: nodes=5,220,000,000 tested=0 found=0 n=769039984352441465030835 elapsed=417s
progress: nodes=5,230,000,000 tested=0 found=0 n=824690428055050502817495 elapsed=418s
progress: nodes=5,240,000,000 tested=0 found=0 n=701420474830118993371305 elapsed=419s
progress: nodes=5,250,000,000 tested=0 found=0 n=984505670712612935626545 elapsed=419s
progress: nodes=5,260,000,000 tested=0 found=0 n=637869146015297670908265 elapsed=420s
progress: nodes=5,270,000,000 tested=0 found=0 n=839489812705585782844155 elapsed=421s
progress: nodes=5,280,000,000 tested=0 found=0 n=726748679852034189452505 elapsed=422s
progress: nodes=5,290,000,000 tested=0 found=0 n=480432998715806264103495 elapsed=423s
progress: nodes=5,300,000,000 tested=0 found=0 n=996761300022744487533315 elapsed=423s
progress: nodes=5,310,000,000 tested=0 found=0 n=112746924975290844472065 elapsed=424s
progress: nodes=5,320,000,000 tested=0 found=0 n=77694236276343926448105 elapsed=425s
progress: nodes=5,330,000,000 tested=0 found=0 n=548113372462343515868235 elapsed=426s
progress: nodes=5,340,000,000 tested=0 found=0 n=1002176548594385165235 elapsed=426s
progress: nodes=5,350,000,000 tested=0 found=0 n=381732653596677821074845 elapsed=427s
progress: nodes=5,360,000,000 tested=0 found=0 n=274047599732030896632705 elapsed=428s
progress: nodes=5,370,000,000 tested=0 found=0 n=594295821390890127508155 elapsed=429s
progress: nodes=5,380,000,000 tested=0 found=0 n=421437497863497545446965 elapsed=430s
progress: nodes=5,390,000,000 tested=0 found=0 n=392622089265791262883395 elapsed=431s
progress: nodes=5,400,000,000 tested=0 found=0 n=381742145511845512761315 elapsed=432s
progress: nodes=5,410,000,000 tested=0 found=0 n=306786839692068672783795 elapsed=433s
progress: nodes=5,420,000,000 tested=0 found=0 n=425532511595745636310215 elapsed=433s
progress: nodes=5,430,000,000 tested=0 found=0 n=114122288392197820417215 elapsed=434s
progress: nodes=5,440,000,000 tested=0 found=0 n=188751868411879191263715 elapsed=435s
progress: nodes=5,450,000,000 tested=0 found=0 n=169165568360774543612535 elapsed=436s
progress: nodes=5,460,000,000 tested=0 found=0 n=705923718081336203964255 elapsed=437s
progress: nodes=5,470,000,000 tested=0 found=0 n=618737623730484553380735 elapsed=438s
progress: nodes=5,480,000,000 tested=0 found=0 n=354552052037769268744815 elapsed=438s
progress: nodes=5,490,000,000 tested=0 found=0 n=76402980510497243109585 elapsed=439s
progress: nodes=5,500,000,000 tested=0 found=0 n=96063406963145659148085 elapsed=440s
progress: nodes=5,510,000,000 tested=0 found=0 n=74981499119928750496095 elapsed=440s
progress: nodes=5,520,000,000 tested=0 found=0 n=111500181857565695266605 elapsed=441s
progress: nodes=5,530,000,000 tested=0 found=0 n=58897500986114975744235 elapsed=441s
progress: nodes=5,540,000,000 tested=0 found=0 n=608865319026392910534585 elapsed=442s
progress: nodes=5,550,000,000 tested=0 found=0 n=70948291993515204676785 elapsed=443s
progress: nodes=5,560,000,000 tested=0 found=0 n=17529458576695250632785 elapsed=443s
progress: nodes=5,570,000,000 tested=0 found=0 n=83284100455217290913115 elapsed=444s
progress: nodes=5,580,000,000 tested=0 found=0 n=101142401948607648076695 elapsed=444s
progress: nodes=5,590,000,000 tested=0 found=0 n=28335142969069657600035 elapsed=445s
progress: nodes=5,600,000,000 tested=0 found=0 n=832696569048976320903435 elapsed=445s
progress: nodes=5,610,000,000 tested=0 found=0 n=69598492001051548889835 elapsed=446s
progress: nodes=5,620,000,000 tested=0 found=0 n=347496368029446927430035 elapsed=446s
progress: nodes=5,630,000,000 tested=0 found=0 n=35643356749769604870645 elapsed=447s
progress: nodes=5,640,000,000 tested=0 found=0 n=882813036186595961297955 elapsed=447s
progress: nodes=5,650,000,000 tested=0 found=0 n=5297778959884490202435 elapsed=448s
progress: nodes=5,660,000,000 tested=0 found=0 n=205181848958082620651235 elapsed=449s
progress: nodes=5,670,000,000 tested=0 found=0 n=358303976978397932449305 elapsed=449s
progress: nodes=5,680,000,000 tested=0 found=0 n=19157552483555395259415 elapsed=450s
progress: nodes=5,690,000,000 tested=0 found=0 n=981710861498923209316065 elapsed=450s
progress: nodes=5,700,000,000 tested=0 found=0 n=741796020568531552608855 elapsed=451s
progress: nodes=5,710,000,000 tested=0 found=0 n=534053103056775047680155 elapsed=451s
progress: nodes=5,720,000,000 tested=0 found=0 n=764284632498849307365 elapsed=452s
progress: nodes=5,730,000,000 tested=0 found=0 n=185198678106960902798115 elapsed=453s
progress: nodes=5,740,000,000 tested=0 found=0 n=585643299033642722758665 elapsed=453s
progress: nodes=5,750,000,000 tested=0 found=0 n=866210479614926906947695 elapsed=454s
progress: nodes=5,760,000,000 tested=0 found=0 n=445690760200100932576995 elapsed=455s
progress: nodes=5,770,000,000 tested=0 found=0 n=863938280978080384426155 elapsed=455s
progress: nodes=5,780,000,000 tested=0 found=0 n=633375913800503213558595 elapsed=456s
progress: nodes=5,790,000,000 tested=0 found=0 n=730782256895821430936415 elapsed=457s
progress: nodes=5,800,000,000 tested=0 found=0 n=807931525579042744111635 elapsed=458s
progress: nodes=5,810,000,000 tested=0 found=0 n=334548305373386319379515 elapsed=458s
progress: nodes=5,820,000,000 tested=0 found=0 n=428221605315859090280415 elapsed=459s
progress: nodes=5,830,000,000 tested=0 found=0 n=669863875989506235275745 elapsed=460s
progress: nodes=5,840,000,000 tested=0 found=0 n=712244621979853471637505 elapsed=461s
progress: nodes=5,850,000,000 tested=0 found=0 n=727123608080991361291545 elapsed=461s
progress: nodes=5,860,000,000 tested=0 found=0 n=880596657717449094870435 elapsed=462s
progress: nodes=5,870,000,000 tested=0 found=0 n=395176328025700047940035 elapsed=463s
progress: nodes=5,880,000,000 tested=0 found=0 n=618058586271213275228235 elapsed=464s
progress: nodes=5,890,000,000 tested=0 found=0 n=531738298625678145131715 elapsed=464s
progress: nodes=5,900,000,000 tested=0 found=0 n=430079141840900898124935 elapsed=465s
progress: nodes=5,910,000,000 tested=0 found=0 n=334939694581273376024235 elapsed=466s
progress: nodes=5,920,000,000 tested=0 found=0 n=102372979254982993853595 elapsed=467s
progress: nodes=5,930,000,000 tested=0 found=0 n=953258436546192524328165 elapsed=468s
progress: nodes=5,940,000,000 tested=0 found=0 n=130086843537035403893745 elapsed=468s
progress: nodes=5,950,000,000 tested=0 found=0 n=36931451103988021457955 elapsed=469s
progress: nodes=5,960,000,000 tested=0 found=0 n=911831342198737358666385 elapsed=469s
progress: nodes=5,970,000,000 tested=0 found=0 n=294754271504476541120415 elapsed=470s
progress: nodes=5,980,000,000 tested=0 found=0 n=24749444032509948124815 elapsed=470s
progress: nodes=5,990,000,000 tested=0 found=0 n=348093656622970878094605 elapsed=471s
progress: nodes=6,000,000,000 tested=0 found=0 n=342058890410634502100385 elapsed=472s
progress: nodes=6,010,000,000 tested=0 found=0 n=4973543032707630323865 elapsed=472s
progress: nodes=6,020,000,000 tested=0 found=0 n=536689761234263978419845 elapsed=473s
progress: nodes=6,030,000,000 tested=0 found=0 n=15838080213625196430735 elapsed=473s
progress: nodes=6,040,000,000 tested=0 found=0 n=985403043922042705252995 elapsed=474s
progress: nodes=6,050,000,000 tested=0 found=0 n=231240387625397169664905 elapsed=474s
progress: nodes=6,060,000,000 tested=0 found=0 n=384635709394726609300455 elapsed=475s
progress: nodes=6,070,000,000 tested=0 found=0 n=68476569663351575877255 elapsed=476s
progress: nodes=6,080,000,000 tested=0 found=0 n=718457900673931811118765 elapsed=476s
progress: nodes=6,090,000,000 tested=0 found=0 n=89632316068368743383155 elapsed=477s
progress: nodes=6,100,000,000 tested=0 found=0 n=15002273658569889241485 elapsed=478s
progress: nodes=6,110,000,000 tested=0 found=0 n=145675021613394367294785 elapsed=478s
progress: nodes=6,120,000,000 tested=0 found=0 n=802697786488365807739635 elapsed=479s
progress: nodes=6,130,000,000 tested=0 found=0 n=863461153854753897063465 elapsed=479s
progress: nodes=6,140,000,000 tested=0 found=0 n=2374009300320587410455 elapsed=480s
progress: nodes=6,150,000,000 tested=0 found=0 n=537703399755273656719035 elapsed=481s
progress: nodes=6,160,000,000 tested=0 found=0 n=886941774849423548723715 elapsed=482s
progress: nodes=6,170,000,000 tested=0 found=0 n=976593279214228562851185 elapsed=482s
progress: nodes=6,180,000,000 tested=0 found=0 n=28331135689331698551315 elapsed=483s
progress: nodes=6,190,000,000 tested=0 found=0 n=883565331631670060866935 elapsed=484s
progress: nodes=6,200,000,000 tested=0 found=0 n=496772722721998814923845 elapsed=485s
progress: nodes=6,210,000,000 tested=0 found=0 n=938183013536941356953535 elapsed=486s
progress: nodes=6,220,000,000 tested=0 found=0 n=983569377407204817872955 elapsed=486s
progress: nodes=6,230,000,000 tested=0 found=0 n=980727542050544990389935 elapsed=487s
progress: nodes=6,240,000,000 tested=0 found=0 n=377434305214881423730065 elapsed=488s
progress: nodes=6,250,000,000 tested=0 found=0 n=414186335556319926163395 elapsed=489s
progress: nodes=6,260,000,000 tested=0 found=0 n=909439382854345664581065 elapsed=489s
progress: nodes=6,270,000,000 tested=0 found=0 n=713842125366361547989485 elapsed=490s
progress: nodes=6,280,000,000 tested=0 found=0 n=960599570748426678312945 elapsed=491s
progress: nodes=6,290,000,000 tested=0 found=0 n=541868225046273483345 elapsed=492s
progress: nodes=6,300,000,000 tested=0 found=0 n=342733133678280428680155 elapsed=493s
progress: nodes=6,310,000,000 tested=0 found=0 n=45688197937675085869635 elapsed=493s
progress: nodes=6,320,000,000 tested=0 found=0 n=220766092724171669618385 elapsed=494s
progress: nodes=6,330,000,000 tested=0 found=0 n=6313300738679808892395 elapsed=495s
progress: nodes=6,340,000,000 tested=0 found=0 n=67461165205971529740345 elapsed=495s
progress: nodes=6,350,000,000 tested=0 found=0 n=224779626925295082510285 elapsed=496s
progress: nodes=6,360,000,000 tested=0 found=0 n=162427752502905200855895 elapsed=496s
progress: nodes=6,370,000,000 tested=0 found=0 n=178077587912454654772335 elapsed=497s
progress: nodes=6,380,000,000 tested=0 found=0 n=2230614330292703097405 elapsed=498s
progress: nodes=6,390,000,000 tested=0 found=0 n=836655749078558364594405 elapsed=498s
progress: nodes=6,400,000,000 tested=0 found=0 n=220688694740460024922545 elapsed=499s
progress: nodes=6,410,000,000 tested=0 found=0 n=668684704072879109040165 elapsed=499s
progress: nodes=6,420,000,000 tested=0 found=0 n=2675104034684955752385 elapsed=500s
progress: nodes=6,430,000,000 tested=0 found=0 n=127270199242962678091995 elapsed=501s
progress: nodes=6,440,000,000 tested=0 found=0 n=961427431860655693946805 elapsed=501s
progress: nodes=6,450,000,000 tested=0 found=0 n=50516205519110142961305 elapsed=502s
progress: nodes=6,460,000,000 tested=0 found=0 n=715436114527237340104335 elapsed=503s
progress: nodes=6,470,000,000 tested=0 found=0 n=859691894207564218455135 elapsed=504s
progress: nodes=6,480,000,000 tested=0 found=0 n=596080223649169871847885 elapsed=504s
progress: nodes=6,490,000,000 tested=0 found=0 n=833592867647805573258015 elapsed=505s
progress: nodes=6,500,000,000 tested=0 found=0 n=598812005855928033016965 elapsed=506s
progress: nodes=6,510,000,000 tested=0 found=0 n=824275498775827669546365 elapsed=507s
progress: nodes=6,520,000,000 tested=0 found=0 n=656699793637749626048895 elapsed=507s
progress: nodes=6,530,000,000 tested=0 found=0 n=501337504613173460022765 elapsed=508s
progress: nodes=6,540,000,000 tested=0 found=0 n=72542296569033505468215 elapsed=509s
progress: nodes=6,550,000,000 tested=0 found=0 n=586997863571143319158305 elapsed=510s
progress: nodes=6,560,000,000 tested=0 found=0 n=339882082030375979836365 elapsed=510s
progress: nodes=6,570,000,000 tested=0 found=0 n=443398866557350557555 elapsed=511s
progress: nodes=6,580,000,000 tested=0 found=0 n=347245272913571340048585 elapsed=512s
progress: nodes=6,590,000,000 tested=0 found=0 n=324051277601790716770845 elapsed=513s
progress: nodes=6,600,000,000 tested=0 found=0 n=329842930964500191570345 elapsed=514s
progress: nodes=6,610,000,000 tested=0 found=0 n=895623729380144045141445 elapsed=514s
progress: nodes=6,620,000,000 tested=0 found=0 n=629048849562708839214795 elapsed=515s
progress: nodes=6,630,000,000 tested=0 found=0 n=14740754205959290669095 elapsed=516s
progress: nodes=6,640,000,000 tested=0 found=0 n=720745882379592456600135 elapsed=517s
progress: nodes=6,650,000,000 tested=0 found=0 n=2295946062321705318915 elapsed=517s
progress: nodes=6,660,000,000 tested=0 found=0 n=52910731259882078107005 elapsed=518s
progress: nodes=6,670,000,000 tested=0 found=0 n=854243845275104149043295 elapsed=518s
progress: nodes=6,680,000,000 tested=0 found=0 n=785560438700944040745 elapsed=519s
progress: nodes=6,690,000,000 tested=0 found=0 n=576126456073459926111945 elapsed=520s
progress: nodes=6,700,000,000 tested=0 found=0 n=868670463784012266998205 elapsed=520s
progress: nodes=6,710,000,000 tested=0 found=0 n=269461394218106621459955 elapsed=521s
progress: nodes=6,720,000,000 tested=0 found=0 n=367999566272381385692415 elapsed=522s
progress: nodes=6,730,000,000 tested=0 found=0 n=847816004031428066337495 elapsed=522s
progress: nodes=6,740,000,000 tested=0 found=0 n=569570857893612551020005 elapsed=523s
progress: nodes=6,750,000,000 tested=0 found=0 n=526308965235051505872885 elapsed=524s
progress: nodes=6,760,000,000 tested=0 found=0 n=798735497964841170818955 elapsed=525s
progress: nodes=6,770,000,000 tested=0 found=0 n=459721273181964685468785 elapsed=525s
progress: nodes=6,780,000,000 tested=0 found=0 n=543442980740422069512855 elapsed=526s
progress: nodes=6,790,000,000 tested=0 found=0 n=339800929231440488717295 elapsed=527s
progress: nodes=6,800,000,000 tested=0 found=0 n=478050559813594047230145 elapsed=528s
progress: nodes=6,810,000,000 tested=0 found=0 n=463962930554278885234635 elapsed=528s
progress: nodes=6,820,000,000 tested=0 found=0 n=949259721726699432736635 elapsed=529s
progress: nodes=6,830,000,000 tested=0 found=0 n=862140230423936611501185 elapsed=530s
progress: nodes=6,840,000,000 tested=0 found=0 n=613161788750346427822035 elapsed=531s
progress: nodes=6,850,000,000 tested=0 found=0 n=654555728052705988873845 elapsed=532s
progress: nodes=6,860,000,000 tested=0 found=0 n=710548554697430089898205 elapsed=532s
progress: nodes=6,870,000,000 tested=0 found=0 n=148170204507279100671135 elapsed=533s
progress: nodes=6,880,000,000 tested=0 found=0 n=479310108836800186179585 elapsed=534s
progress: nodes=6,890,000,000 tested=0 found=0 n=483044042681210937160845 elapsed=535s
progress: nodes=6,900,000,000 tested=0 found=0 n=126100624567109580941085 elapsed=536s
progress: nodes=6,910,000,000 tested=0 found=0 n=20215077926947017788115 elapsed=536s
progress: nodes=6,920,000,000 tested=0 found=0 n=30270267982733863185855 elapsed=537s
progress: nodes=6,930,000,000 tested=0 found=0 n=760077355495467880928655 elapsed=537s
progress: nodes=6,940,000,000 tested=0 found=0 n=936206584147874401328655 elapsed=538s
progress: nodes=6,950,000,000 tested=0 found=0 n=720196567034970140313705 elapsed=539s
progress: nodes=6,960,000,000 tested=0 found=0 n=160358142177833924781405 elapsed=540s
progress: nodes=6,970,000,000 tested=0 found=0 n=430812308209512375728595 elapsed=540s
progress: nodes=6,980,000,000 tested=0 found=0 n=675110820305672895188655 elapsed=541s
progress: nodes=6,990,000,000 tested=0 found=0 n=749572428537975057427035 elapsed=542s
progress: nodes=7,000,000,000 tested=0 found=0 n=323756750366387579920185 elapsed=543s
progress: nodes=7,010,000,000 tested=0 found=0 n=900924875687051615867805 elapsed=543s
progress: nodes=7,020,000,000 tested=0 found=0 n=574878530321015363166555 elapsed=544s
progress: nodes=7,030,000,000 tested=0 found=0 n=548414932486278011356215 elapsed=545s
progress: nodes=7,040,000,000 tested=0 found=0 n=1948607570994038453655 elapsed=546s
progress: nodes=7,050,000,000 tested=0 found=0 n=374179029297837221532555 elapsed=546s
progress: nodes=7,060,000,000 tested=0 found=0 n=534436230224712546541395 elapsed=547s
progress: nodes=7,070,000,000 tested=0 found=0 n=207261318505250002653855 elapsed=548s
progress: nodes=7,080,000,000 tested=0 found=0 n=276915826786921183270305 elapsed=549s
progress: nodes=7,090,000,000 tested=0 found=0 n=704194623653250030816645 elapsed=550s
progress: nodes=7,100,000,000 tested=0 found=0 n=459170667273907789281315 elapsed=550s
progress: nodes=7,110,000,000 tested=0 found=0 n=167782707784753309824615 elapsed=551s
progress: nodes=7,120,000,000 tested=0 found=0 n=110336624849481215136705 elapsed=552s
progress: nodes=7,130,000,000 tested=0 found=0 n=126962840421580552336935 elapsed=553s
progress: nodes=7,140,000,000 tested=0 found=0 n=841742840777206945468905 elapsed=553s
progress: nodes=7,150,000,000 tested=0 found=0 n=37987512693165211198815 elapsed=554s
progress: nodes=7,160,000,000 tested=0 found=0 n=401469656361946215365205 elapsed=555s
progress: nodes=7,170,000,000 tested=0 found=0 n=360754508591395482181995 elapsed=556s
progress: nodes=7,180,000,000 tested=0 found=0 n=932058293573765453921865 elapsed=556s
progress: nodes=7,190,000,000 tested=0 found=0 n=334145105598610014393555 elapsed=557s
progress: nodes=7,200,000,000 tested=0 found=0 n=481452263232893943913845 elapsed=558s
progress: nodes=7,210,000,000 tested=0 found=0 n=14364101559260734420815 elapsed=558s
progress: nodes=7,220,000,000 tested=0 found=0 n=733682964492042158726145 elapsed=559s
progress: nodes=7,230,000,000 tested=0 found=0 n=985526051774681087118045 elapsed=560s
progress: nodes=7,240,000,000 tested=0 found=0 n=284347348212170043431865 elapsed=561s
progress: nodes=7,250,000,000 tested=0 found=0 n=441094547677085881503795 elapsed=561s
progress: nodes=7,260,000,000 tested=0 found=0 n=589895642765770047374265 elapsed=562s
progress: nodes=7,270,000,000 tested=0 found=0 n=182710224674522916022665 elapsed=563s
progress: nodes=7,280,000,000 tested=0 found=0 n=615194458900540097195565 elapsed=564s
progress: nodes=7,290,000,000 tested=0 found=0 n=119376125069752878648165 elapsed=565s
progress: nodes=7,300,000,000 tested=0 found=0 n=382500238402370752292655 elapsed=565s
progress: nodes=7,310,000,000 tested=0 found=0 n=446694676625149224130755 elapsed=566s
progress: nodes=7,320,000,000 tested=0 found=0 n=257250526652067192043605 elapsed=567s
progress: nodes=7,330,000,000 tested=0 found=0 n=42459465806358463913895 elapsed=568s
progress: nodes=7,340,000,000 tested=0 found=0 n=506584253348501363304165 elapsed=568s
progress: nodes=7,350,000,000 tested=0 found=0 n=540774064390613230023795 elapsed=569s
progress: nodes=7,360,000,000 tested=0 found=0 n=599033140020591368012505 elapsed=570s
progress: nodes=7,370,000,000 tested=0 found=0 n=520234153770189751354215 elapsed=571s
progress: nodes=7,380,000,000 tested=0 found=0 n=175635311392892151015345 elapsed=572s
progress: nodes=7,390,000,000 tested=0 found=0 n=925147952191293164001135 elapsed=572s
progress: nodes=7,400,000,000 tested=0 found=0 n=649685477803228607714805 elapsed=573s
progress: nodes=7,410,000,000 tested=0 found=0 n=491736955982583032705295 elapsed=574s
progress: nodes=7,420,000,000 tested=0 found=0 n=315526756974541226689185 elapsed=575s
progress: nodes=7,430,000,000 tested=0 found=0 n=330399019826631545353785 elapsed=575s
progress: nodes=7,440,000,000 tested=0 found=0 n=955898119653400606507695 elapsed=576s
progress: nodes=7,450,000,000 tested=0 found=0 n=313606579198027765046085 elapsed=577s
progress: nodes=7,460,000,000 tested=0 found=0 n=804584697087960114693705 elapsed=578s
progress: nodes=7,470,000,000 tested=0 found=0 n=130206234121269501171015 elapsed=579s
progress: nodes=7,480,000,000 tested=0 found=0 n=125062967700111149725185 elapsed=579s
progress: nodes=7,490,000,000 tested=0 found=0 n=326459471346138189021885 elapsed=580s
progress: nodes=7,500,000,000 tested=0 found=0 n=239660354909076512720985 elapsed=581s
progress: nodes=7,510,000,000 tested=0 found=0 n=961829732361166549369515 elapsed=582s
progress: nodes=7,520,000,000 tested=0 found=0 n=981252306633592281949245 elapsed=583s
progress: nodes=7,530,000,000 tested=0 found=0 n=226194973883953495804305 elapsed=583s
progress: nodes=7,540,000,000 tested=0 found=0 n=716422477766871371708745 elapsed=584s
progress: nodes=7,550,000,000 tested=0 found=0 n=239951982118848213403215 elapsed=585s
progress: nodes=7,560,000,000 tested=0 found=0 n=668894091080682386416185 elapsed=586s
progress: nodes=7,570,000,000 tested=0 found=0 n=141965471111556147967665 elapsed=587s
progress: nodes=7,580,000,000 tested=0 found=0 n=96251394931409841842745 elapsed=587s
progress: nodes=7,590,000,000 tested=0 found=0 n=767764753247848590338715 elapsed=588s
progress: nodes=7,600,000,000 tested=0 found=0 n=292856860919639090513205 elapsed=589s
progress: nodes=7,610,000,000 tested=0 found=0 n=724486104913429763996715 elapsed=590s
progress: nodes=7,620,000,000 tested=0 found=0 n=424980375060945351973455 elapsed=591s
progress: nodes=7,630,000,000 tested=0 found=0 n=257931364096433725835085 elapsed=591s
progress: nodes=7,640,000,000 tested=0 found=0 n=151742909740333218084765 elapsed=592s
progress: nodes=7,650,000,000 tested=0 found=0 n=231831009864075120020145 elapsed=593s
progress: nodes=7,660,000,000 tested=0 found=0 n=116117423054151817654395 elapsed=594s
progress: nodes=7,670,000,000 tested=0 found=0 n=457120149439885217709345 elapsed=595s
progress: nodes=7,680,000,000 tested=0 found=0 n=161071505197967818342395 elapsed=595s
progress: nodes=7,690,000,000 tested=0 found=0 n=192166811726774264837145 elapsed=596s
progress: nodes=7,700,000,000 tested=0 found=0 n=271430605975154279063085 elapsed=597s
progress: nodes=7,710,000,000 tested=0 found=0 n=182715016474582217973945 elapsed=598s
progress: nodes=7,720,000,000 tested=0 found=0 n=154324247067657939497355 elapsed=599s
progress: nodes=7,730,000,000 tested=0 found=0 n=656113768675457701495185 elapsed=599s
progress: nodes=7,740,000,000 tested=0 found=0 n=616907963518673896583865 elapsed=600s
progress: nodes=7,750,000,000 tested=0 found=0 n=600365681405560690939215 elapsed=601s
progress: nodes=7,760,000,000 tested=0 found=0 n=115854093562495131535185 elapsed=602s
progress: nodes=7,770,000,000 tested=0 found=0 n=460308194181754879511655 elapsed=603s
progress: nodes=7,780,000,000 tested=0 found=0 n=307385503042626134689095 elapsed=603s
progress: nodes=7,790,000,000 tested=0 found=0 n=219577691543783989117455 elapsed=604s
progress: nodes=7,800,000,000 tested=0 found=0 n=279711732591848491202385 elapsed=605s
progress: nodes=7,810,000,000 tested=0 found=0 n=74386243385158005847845 elapsed=606s
progress: nodes=7,820,000,000 tested=0 found=0 n=54035344656846172183005 elapsed=607s
progress: nodes=7,830,000,000 tested=0 found=0 n=918754025539575695780115 elapsed=607s
progress: nodes=7,840,000,000 tested=0 found=0 n=995913925517117786267205 elapsed=608s
progress: nodes=7,850,000,000 tested=0 found=0 n=393988501368223386926535 elapsed=608s
progress: nodes=7,860,000,000 tested=0 found=0 n=679783241296363655080305 elapsed=609s
progress: nodes=7,870,000,000 tested=0 found=0 n=648379057572292545907785 elapsed=609s
progress: nodes=7,880,000,000 tested=0 found=0 n=392977104241805893404855 elapsed=610s
progress: nodes=7,890,000,000 tested=0 found=0 n=262601552005143543503415 elapsed=610s
progress: nodes=7,900,000,000 tested=0 found=0 n=631373152587318496042155 elapsed=611s
progress: nodes=7,910,000,000 tested=0 found=0 n=440464117095352397403135 elapsed=611s
progress: nodes=7,920,000,000 tested=0 found=0 n=15427245176247502832715 elapsed=612s
progress: nodes=7,930,000,000 tested=0 found=0 n=17763307921070623341495 elapsed=612s
progress: nodes=7,940,000,000 tested=0 found=0 n=13703464079889319137285 elapsed=613s
progress: nodes=7,950,000,000 tested=0 found=0 n=37282677859421456987655 elapsed=613s
progress: nodes=7,960,000,000 tested=0 found=0 n=93267156901640744466405 elapsed=614s
progress: nodes=7,970,000,000 tested=0 found=0 n=19728358193466937862055 elapsed=614s
progress: nodes=7,980,000,000 tested=0 found=0 n=3967157575487510564355 elapsed=614s
progress: nodes=7,990,000,000 tested=0 found=0 n=714748459163159933424315 elapsed=615s
progress: nodes=8,000,000,000 tested=0 found=0 n=966350061077429635581195 elapsed=616s
progress: nodes=8,010,000,000 tested=0 found=0 n=637237279958681153810565 elapsed=617s
progress: nodes=8,020,000,000 tested=0 found=0 n=156140986255757753645655 elapsed=617s
progress: nodes=8,030,000,000 tested=0 found=0 n=364951262894315957620605 elapsed=618s
progress: nodes=8,040,000,000 tested=0 found=0 n=507364630149932653776795 elapsed=618s
progress: nodes=8,050,000,000 tested=0 found=0 n=32891307901599936144915 elapsed=619s
progress: nodes=8,060,000,000 tested=0 found=0 n=7107386549778688399785 elapsed=619s
progress: nodes=8,070,000,000 tested=0 found=0 n=2033407055378742147585 elapsed=620s
progress: nodes=8,080,000,000 tested=0 found=0 n=720690458400392770374435 elapsed=621s
progress: nodes=8,090,000,000 tested=0 found=0 n=105774627608982674864145 elapsed=621s
progress: nodes=8,100,000,000 tested=0 found=0 n=134575609879813277932965 elapsed=622s
progress: nodes=8,110,000,000 tested=0 found=0 n=1632539248843636409445 elapsed=623s
progress: nodes=8,120,000,000 tested=0 found=0 n=998534030604635270109195 elapsed=623s
progress: nodes=8,130,000,000 tested=0 found=0 n=655316035020895418884935 elapsed=624s
progress: nodes=8,140,000,000 tested=0 found=0 n=539104678451121437846685 elapsed=625s
progress: nodes=8,150,000,000 tested=0 found=0 n=710749997558655479525295 elapsed=626s
progress: nodes=8,160,000,000 tested=0 found=0 n=731129524024035882741255 elapsed=627s
progress: nodes=8,170,000,000 tested=0 found=0 n=969042167168139466669215 elapsed=627s
progress: nodes=8,180,000,000 tested=0 found=0 n=768355017551383839957315 elapsed=628s
progress: nodes=8,190,000,000 tested=0 found=0 n=705344091036010465067145 elapsed=629s
progress: nodes=8,200,000,000 tested=0 found=0 n=673134553971611063623395 elapsed=630s
progress: nodes=8,210,000,000 tested=0 found=0 n=669997728377483165397855 elapsed=631s
progress: nodes=8,220,000,000 tested=0 found=0 n=427502630415683487680145 elapsed=631s
progress: nodes=8,230,000,000 tested=0 found=0 n=504564638270200782787305 elapsed=632s
progress: nodes=8,240,000,000 tested=0 found=0 n=539627890237325739346185 elapsed=633s
progress: nodes=8,250,000,000 tested=0 found=0 n=9069339335450151851145 elapsed=634s
progress: nodes=8,260,000,000 tested=0 found=0 n=698126708109409328542455 elapsed=634s
progress: nodes=8,270,000,000 tested=0 found=0 n=540919007017449345517635 elapsed=635s
progress: nodes=8,280,000,000 tested=0 found=0 n=836000935914229007100165 elapsed=636s
progress: nodes=8,290,000,000 tested=0 found=0 n=845436404124789079763745 elapsed=637s
progress: nodes=8,300,000,000 tested=0 found=0 n=204967133672374830663855 elapsed=638s
progress: nodes=8,310,000,000 tested=0 found=0 n=387529367457987796105935 elapsed=638s
progress: nodes=8,320,000,000 tested=0 found=0 n=356628506492266378798545 elapsed=639s
progress: nodes=8,330,000,000 tested=0 found=0 n=470658708013488944143545 elapsed=640s
progress: nodes=8,340,000,000 tested=0 found=0 n=411410035454162315020515 elapsed=641s
progress: nodes=8,350,000,000 tested=0 found=0 n=962813154044217607023555 elapsed=642s
progress: nodes=8,360,000,000 tested=0 found=0 n=228450493987131985309845 elapsed=643s
progress: nodes=8,370,000,000 tested=0 found=0 n=919239676473397700729295 elapsed=643s
progress: nodes=8,380,000,000 tested=0 found=0 n=283468927283900523050535 elapsed=644s
progress: nodes=8,390,000,000 tested=0 found=0 n=133913047695181316307135 elapsed=645s
progress: nodes=8,400,000,000 tested=0 found=0 n=855720449074846676307285 elapsed=646s
progress: nodes=8,410,000,000 tested=0 found=0 n=76185929029240581790005 elapsed=647s
progress: nodes=8,420,000,000 tested=0 found=0 n=912115094884913549232135 elapsed=647s
progress: nodes=8,430,000,000 tested=0 found=0 n=468237980289785703511995 elapsed=648s
progress: nodes=8,440,000,000 tested=0 found=0 n=596976311221043674878945 elapsed=649s
progress: nodes=8,450,000,000 tested=0 found=0 n=651865750613343372818205 elapsed=650s
progress: nodes=8,460,000,000 tested=0 found=0 n=363459353884838521707735 elapsed=651s
progress: nodes=8,470,000,000 tested=0 found=0 n=577363946709471305346495 elapsed=652s
progress: nodes=8,480,000,000 tested=0 found=0 n=200227542227414508389895 elapsed=652s
progress: nodes=8,490,000,000 tested=0 found=0 n=216993411572007022074135 elapsed=653s
progress: nodes=8,500,000,000 tested=0 found=0 n=777921591826403027399565 elapsed=654s
progress: nodes=8,510,000,000 tested=0 found=0 n=163398381608028503396655 elapsed=655s
progress: nodes=8,520,000,000 tested=0 found=0 n=51228861684731464640985 elapsed=656s
progress: nodes=8,530,000,000 tested=0 found=0 n=428200791874273170854595 elapsed=657s
progress: nodes=8,540,000,000 tested=0 found=0 n=553449020555961477316395 elapsed=657s
progress: nodes=8,550,000,000 tested=0 found=0 n=461729296214917978460265 elapsed=658s
progress: nodes=8,560,000,000 tested=0 found=0 n=792828182389587600772035 elapsed=659s
progress: nodes=8,570,000,000 tested=0 found=0 n=363749090948783444596185 elapsed=660s
progress: nodes=8,580,000,000 tested=0 found=0 n=159136065590511319699545 elapsed=661s
progress: nodes=8,590,000,000 tested=0 found=0 n=258923497684874749411815 elapsed=662s
progress: nodes=8,600,000,000 tested=0 found=0 n=934268526332850589231455 elapsed=662s
progress: nodes=8,610,000,000 tested=0 found=0 n=509614591803663245487705 elapsed=663s
progress: nodes=8,620,000,000 tested=0 found=0 n=49895996581653707640285 elapsed=664s
progress: nodes=8,630,000,000 tested=0 found=0 n=90784655728061954792445 elapsed=665s
progress: nodes=8,640,000,000 tested=0 found=0 n=58800818271835428165 elapsed=666s
progress: nodes=8,650,000,000 tested=0 found=0 n=932200232352694908034185 elapsed=667s
progress: nodes=8,660,000,000 tested=0 found=0 n=895083668738194048640865 elapsed=668s
progress: nodes=8,670,000,000 tested=0 found=0 n=752928725806654165883595 elapsed=668s
progress: nodes=8,680,000,000 tested=0 found=0 n=617422695846014662948305 elapsed=669s
progress: nodes=8,690,000,000 tested=0 found=0 n=185224646878350787520865 elapsed=670s
progress: nodes=8,700,000,000 tested=0 found=0 n=134002279999561350055185 elapsed=671s
progress: nodes=8,710,000,000 tested=0 found=0 n=188336401538056808415795 elapsed=672s
progress: nodes=8,720,000,000 tested=0 found=0 n=52662769265827479860595 elapsed=673s
progress: nodes=8,730,000,000 tested=0 found=0 n=353728516205137569202395 elapsed=674s
progress: nodes=8,740,000,000 tested=0 found=0 n=24499033671283652099385 elapsed=674s
progress: nodes=8,750,000,000 tested=0 found=0 n=468236115193018349480355 elapsed=675s
progress: nodes=8,760,000,000 tested=0 found=0 n=700984571512277907832185 elapsed=676s
progress: nodes=8,770,000,000 tested=0 found=0 n=439876540626196418660565 elapsed=677s
progress: nodes=8,780,000,000 tested=0 found=0 n=976189511803789598669055 elapsed=678s
progress: nodes=8,790,000,000 tested=0 found=0 n=309123761784564601664595 elapsed=678s
progress: nodes=8,800,000,000 tested=0 found=0 n=326238668275605785475165 elapsed=679s
progress: nodes=8,810,000,000 tested=0 found=0 n=751918471265024114543505 elapsed=680s
progress: nodes=8,820,000,000 tested=0 found=0 n=183045910311961937379945 elapsed=681s
progress: nodes=8,830,000,000 tested=0 found=0 n=20352335634686382338115 elapsed=682s
progress: nodes=8,840,000,000 tested=0 found=0 n=14792993804104724861055 elapsed=683s
progress: nodes=8,850,000,000 tested=0 found=0 n=520474362843508201385595 elapsed=683s
progress: nodes=8,860,000,000 tested=0 found=0 n=266276635155347324871285 elapsed=684s
progress: nodes=8,870,000,000 tested=0 found=0 n=466930731681089318163105 elapsed=685s
progress: nodes=8,880,000,000 tested=0 found=0 n=701868231165047377723695 elapsed=686s
progress: nodes=8,890,000,000 tested=0 found=0 n=894068651305446647589585 elapsed=687s
progress: nodes=8,900,000,000 tested=0 found=0 n=168274228800518785626435 elapsed=688s
progress: nodes=8,910,000,000 tested=0 found=0 n=130697646842842100863335 elapsed=689s
progress: nodes=8,920,000,000 tested=0 found=0 n=103500031278462276216915 elapsed=689s
progress: nodes=8,930,000,000 tested=0 found=0 n=883285126889499887194395 elapsed=690s
progress: nodes=8,940,000,000 tested=0 found=0 n=722399436577937596801635 elapsed=691s
progress: nodes=8,950,000,000 tested=0 found=0 n=210026611615565892261465 elapsed=692s
progress: nodes=8,960,000,000 tested=0 found=0 n=286370168265328025700315 elapsed=693s
progress: nodes=8,970,000,000 tested=0 found=0 n=367376591661060894905655 elapsed=694s
progress: nodes=8,980,000,000 tested=0 found=0 n=271671139671285345592185 elapsed=694s
progress: nodes=8,990,000,000 tested=0 found=0 n=31528576838143260329805 elapsed=695s
progress: nodes=9,000,000,000 tested=0 found=0 n=431503229782888925511915 elapsed=696s
progress: nodes=9,010,000,000 tested=0 found=0 n=95524125404797071085545 elapsed=697s
progress: nodes=9,020,000,000 tested=0 found=0 n=84500161146161784257715 elapsed=698s
progress: nodes=9,030,000,000 tested=0 found=0 n=191919085041447543766545 elapsed=699s
progress: nodes=9,040,000,000 tested=0 found=0 n=689389362287319786164865 elapsed=699s
progress: nodes=9,050,000,000 tested=0 found=0 n=467560153078869393277605 elapsed=700s
progress: nodes=9,060,000,000 tested=0 found=0 n=233949657773425229836785 elapsed=701s
progress: nodes=9,070,000,000 tested=0 found=0 n=238376985048006304740435 elapsed=702s
progress: nodes=9,080,000,000 tested=0 found=0 n=19973079899155699975035 elapsed=703s
progress: nodes=9,090,000,000 tested=0 found=0 n=28651386070870770197835 elapsed=703s
progress: nodes=9,100,000,000 tested=0 found=0 n=314104059351928258533315 elapsed=704s
progress: nodes=9,110,000,000 tested=0 found=0 n=148902467468154286289715 elapsed=705s
progress: nodes=9,120,000,000 tested=0 found=0 n=808046081614177959636135 elapsed=706s
progress: nodes=9,130,000,000 tested=0 found=0 n=33576834974970964680315 elapsed=706s
progress: nodes=9,140,000,000 tested=0 found=0 n=61504405074058851128835 elapsed=707s
progress: nodes=9,150,000,000 tested=0 found=0 n=15297143304874114150155 elapsed=708s
progress: nodes=9,160,000,000 tested=0 found=0 n=594644785716631180984245 elapsed=708s
progress: nodes=9,170,000,000 tested=0 found=0 n=779052006129286623510855 elapsed=709s
progress: nodes=9,180,000,000 tested=0 found=0 n=538198518611360251444995 elapsed=710s
progress: nodes=9,190,000,000 tested=0 found=0 n=181294577892395846581365 elapsed=711s
progress: nodes=9,200,000,000 tested=0 found=0 n=298525229748164619952245 elapsed=712s
progress: nodes=9,210,000,000 tested=0 found=0 n=128509779515970724905735 elapsed=713s
progress: nodes=9,220,000,000 tested=0 found=0 n=169990098227818078917915 elapsed=713s
progress: nodes=9,230,000,000 tested=0 found=0 n=2589048772123400006355 elapsed=714s
progress: nodes=9,240,000,000 tested=0 found=0 n=188383811395205141081145 elapsed=715s
progress: nodes=9,250,000,000 tested=0 found=0 n=308324635936421957256105 elapsed=716s
progress: nodes=9,260,000,000 tested=0 found=0 n=7578096368319574929585 elapsed=716s
progress: nodes=9,270,000,000 tested=0 found=0 n=199516416477434020184805 elapsed=717s
progress: nodes=9,280,000,000 tested=0 found=0 n=246046836483880915521285 elapsed=717s
progress: nodes=9,290,000,000 tested=0 found=0 n=292709893701752519873985 elapsed=718s
progress: nodes=9,300,000,000 tested=0 found=0 n=908522572783422540802365 elapsed=719s
progress: nodes=9,310,000,000 tested=0 found=0 n=368156546911287782044605 elapsed=719s
progress: nodes=9,320,000,000 tested=0 found=0 n=724463992212019285712265 elapsed=720s
progress: nodes=9,330,000,000 tested=0 found=0 n=658800065149151569827885 elapsed=721s
progress: nodes=9,340,000,000 tested=0 found=0 n=352669545176744289740805 elapsed=722s
progress: nodes=9,350,000,000 tested=0 found=0 n=828368764084051061802255 elapsed=722s
progress: nodes=9,360,000,000 tested=0 found=0 n=96520345216748990304885 elapsed=723s
progress: nodes=9,370,000,000 tested=0 found=0 n=508088443980216571282395 elapsed=724s
progress: nodes=9,380,000,000 tested=0 found=0 n=947238358707175414668165 elapsed=725s
progress: nodes=9,390,000,000 tested=0 found=0 n=221805330584317437913605 elapsed=725s
progress: nodes=9,400,000,000 tested=0 found=0 n=674912298331521779016735 elapsed=726s
progress: nodes=9,410,000,000 tested=0 found=0 n=375429670502831294611365 elapsed=727s
progress: nodes=9,420,000,000 tested=0 found=0 n=130961685059032663638855 elapsed=728s
progress: nodes=9,430,000,000 tested=0 found=0 n=795540071966945771500515 elapsed=729s
progress: nodes=9,440,000,000 tested=0 found=0 n=356947525738595874432285 elapsed=729s
progress: nodes=9,450,000,000 tested=0 found=0 n=11031689571961512889305 elapsed=730s
progress: nodes=9,460,000,000 tested=0 found=0 n=875454298364465496150435 elapsed=731s

done in 731.4s | nodes=9,465,524,403 | tested=0 | weird=0
