search v2: odd=True, N_CAP=1.00e+24, DELTA_MAX=1.0e+07, MIN_DEPTH=6
SPF shard: smallest prime factor = 3
P2 sub-shard: second prime factor = 5
P3 sub-sub-shard: third prime factor = 11
progress: nodes=10,000,000 tested=0 found=0 n=847681240582083251953125 elapsed=1s
progress: nodes=20,000,000 tested=0 found=0 n=622689130518686279296875 elapsed=2s
progress: nodes=30,000,000 tested=0 found=0 n=581471246701342529296875 elapsed=3s
progress: nodes=40,000,000 tested=0 found=0 n=577252005901433349609375 elapsed=3s
progress: nodes=50,000,000 tested=0 found=0 n=953906111038716064453125 elapsed=4s
progress: nodes=60,000,000 tested=0 found=0 n=804009962759767822265625 elapsed=5s
progress: nodes=70,000,000 tested=0 found=0 n=522889625805607177734375 elapsed=6s
progress: nodes=80,000,000 tested=0 found=0 n=449792976539647705078125 elapsed=7s
progress: nodes=90,000,000 tested=0 found=0 n=396077585378618408203125 elapsed=8s
progress: nodes=100,000,000 tested=0 found=0 n=540461403314531982421875 elapsed=9s
progress: nodes=110,000,000 tested=0 found=0 n=859292870300865966796875 elapsed=10s
progress: nodes=120,000,000 tested=0 found=0 n=619280021039069091796875 elapsed=10s
progress: nodes=130,000,000 tested=0 found=0 n=837515616075920654296875 elapsed=11s
progress: nodes=140,000,000 tested=0 found=0 n=592523551350916259765625 elapsed=12s
progress: nodes=150,000,000 tested=0 found=0 n=482436210152797119140625 elapsed=13s
progress: nodes=160,000,000 tested=0 found=0 n=709151094767357666015625 elapsed=14s
progress: nodes=170,000,000 tested=0 found=0 n=296029258549446533203125 elapsed=15s
progress: nodes=180,000,000 tested=0 found=0 n=965478814022129150390625 elapsed=16s
progress: nodes=190,000,000 tested=0 found=0 n=588434009159414794921875 elapsed=17s
progress: nodes=200,000,000 tested=0 found=0 n=368726777883806396484375 elapsed=18s
progress: nodes=210,000,000 tested=0 found=0 n=671473979675756103515625 elapsed=18s
progress: nodes=220,000,000 tested=0 found=0 n=711392664574799560546875 elapsed=19s
progress: nodes=230,000,000 tested=0 found=0 n=378562215173750244140625 elapsed=20s
progress: nodes=240,000,000 tested=0 found=0 n=578884403272207763671875 elapsed=21s
progress: nodes=250,000,000 tested=0 found=0 n=439763743439294677734375 elapsed=22s
progress: nodes=260,000,000 tested=0 found=0 n=812079128972726806640625 elapsed=23s
progress: nodes=270,000,000 tested=0 found=0 n=15326473657695556640625 elapsed=24s
progress: nodes=280,000,000 tested=0 found=0 n=549410483708246337890625 elapsed=25s
progress: nodes=290,000,000 tested=0 found=0 n=779212385529791748046875 elapsed=25s
progress: nodes=300,000,000 tested=0 found=0 n=300752465692924072265625 elapsed=26s
progress: nodes=310,000,000 tested=0 found=0 n=240368227162231201171875 elapsed=27s
progress: nodes=320,000,000 tested=0 found=0 n=590013136305551513671875 elapsed=27s
progress: nodes=330,000,000 tested=0 found=0 n=759794602755012451171875 elapsed=28s
progress: nodes=340,000,000 tested=0 found=0 n=83530262307043212890625 elapsed=28s
progress: nodes=350,000,000 tested=0 found=0 n=475181261582921630859375 elapsed=29s
progress: nodes=360,000,000 tested=0 found=0 n=181547086322080810546875 elapsed=29s
progress: nodes=370,000,000 tested=0 found=0 n=304389738600049072265625 elapsed=30s
progress: nodes=380,000,000 tested=0 found=0 n=148787835836328369140625 elapsed=30s
progress: nodes=390,000,000 tested=0 found=0 n=256940357943078369140625 elapsed=31s
progress: nodes=400,000,000 tested=0 found=0 n=41006291386427490234375 elapsed=31s
progress: nodes=410,000,000 tested=0 found=0 n=627501113615344482421875 elapsed=32s
progress: nodes=420,000,000 tested=0 found=0 n=352540564539031494140625 elapsed=32s
progress: nodes=430,000,000 tested=0 found=0 n=382263089040156005859375 elapsed=33s
progress: nodes=440,000,000 tested=0 found=0 n=70739279670073974609375 elapsed=34s
progress: nodes=450,000,000 tested=0 found=0 n=41118642812357666015625 elapsed=34s
progress: nodes=460,000,000 tested=0 found=0 n=303514766717499755859375 elapsed=35s
progress: nodes=470,000,000 tested=0 found=0 n=131930115342053466796875 elapsed=35s
progress: nodes=480,000,000 tested=0 found=0 n=8665453852582763671875 elapsed=35s
progress: nodes=490,000,000 tested=0 found=0 n=5803683882312744140625 elapsed=36s
progress: nodes=500,000,000 tested=0 found=0 n=728257416584873291015625 elapsed=37s
progress: nodes=510,000,000 tested=0 found=0 n=176361877109867431640625 elapsed=37s
progress: nodes=520,000,000 tested=0 found=0 n=22730277125458740234375 elapsed=38s
progress: nodes=530,000,000 tested=0 found=0 n=50389088079974853515625 elapsed=38s
progress: nodes=540,000,000 tested=0 found=0 n=4421517367273681640625 elapsed=39s
progress: nodes=550,000,000 tested=0 found=0 n=967194815811396240234375 elapsed=39s
progress: nodes=560,000,000 tested=0 found=0 n=707207359427290283203125 elapsed=40s
progress: nodes=570,000,000 tested=0 found=0 n=41932191061865478515625 elapsed=40s
progress: nodes=580,000,000 tested=0 found=0 n=17076961872085693359375 elapsed=41s
progress: nodes=590,000,000 tested=0 found=0 n=252043272345280517578125 elapsed=42s
progress: nodes=600,000,000 tested=0 found=0 n=31899463376464599609375 elapsed=42s
progress: nodes=610,000,000 tested=0 found=0 n=808381235259863525390625 elapsed=43s
progress: nodes=620,000,000 tested=0 found=0 n=4080939356863037109375 elapsed=43s
progress: nodes=630,000,000 tested=0 found=0 n=843287957027927490234375 elapsed=44s
progress: nodes=640,000,000 tested=0 found=0 n=57973229848689697265625 elapsed=45s
progress: nodes=650,000,000 tested=0 found=0 n=665027443873716064453125 elapsed=45s
progress: nodes=660,000,000 tested=0 found=0 n=447208221655988525390625 elapsed=46s
progress: nodes=670,000,000 tested=0 found=0 n=477099978313365966796875 elapsed=47s
progress: nodes=680,000,000 tested=0 found=0 n=815539820978759765625 elapsed=47s
progress: nodes=690,000,000 tested=0 found=0 n=603975501596067626953125 elapsed=48s
progress: nodes=700,000,000 tested=0 found=0 n=67561573223775146484375 elapsed=48s
progress: nodes=710,000,000 tested=0 found=0 n=840354447911899658203125 elapsed=49s
progress: nodes=720,000,000 tested=0 found=0 n=847465309762314697265625 elapsed=50s
progress: nodes=730,000,000 tested=0 found=0 n=123392602830258544921875 elapsed=51s
progress: nodes=740,000,000 tested=0 found=0 n=16039805942023681640625 elapsed=51s
progress: nodes=750,000,000 tested=0 found=0 n=608984725258360107421875 elapsed=52s
progress: nodes=760,000,000 tested=0 found=0 n=914595586859955322265625 elapsed=53s
progress: nodes=770,000,000 tested=0 found=0 n=636623172293649169921875 elapsed=53s
progress: nodes=780,000,000 tested=0 found=0 n=597233945042778076171875 elapsed=54s
progress: nodes=790,000,000 tested=0 found=0 n=869065277988276123046875 elapsed=55s
progress: nodes=800,000,000 tested=0 found=0 n=653102083582982666015625 elapsed=56s
progress: nodes=810,000,000 tested=0 found=0 n=37285945917136962890625 elapsed=56s
progress: nodes=820,000,000 tested=0 found=0 n=964903271357348876953125 elapsed=57s
progress: nodes=830,000,000 tested=0 found=0 n=964277509869037353515625 elapsed=58s
progress: nodes=840,000,000 tested=0 found=0 n=227592701704733642578125 elapsed=59s
progress: nodes=850,000,000 tested=0 found=0 n=2770112329657470703125 elapsed=59s
progress: nodes=860,000,000 tested=0 found=0 n=924725094911843994140625 elapsed=60s
progress: nodes=870,000,000 tested=0 found=0 n=364996023791526123046875 elapsed=61s
progress: nodes=880,000,000 tested=0 found=0 n=516235182215486572265625 elapsed=62s
progress: nodes=890,000,000 tested=0 found=0 n=904322190021752197265625 elapsed=63s
progress: nodes=900,000,000 tested=0 found=0 n=378391165567231201171875 elapsed=63s
progress: nodes=910,000,000 tested=0 found=0 n=235542555375405029296875 elapsed=64s
progress: nodes=920,000,000 tested=0 found=0 n=2569127905918212890625 elapsed=65s
progress: nodes=930,000,000 tested=0 found=0 n=567112522556660888671875 elapsed=66s
progress: nodes=940,000,000 tested=0 found=0 n=28704433400712158203125 elapsed=67s
progress: nodes=950,000,000 tested=0 found=0 n=450896396953559326171875 elapsed=68s
progress: nodes=960,000,000 tested=0 found=0 n=950357944187026611328125 elapsed=68s
progress: nodes=970,000,000 tested=0 found=0 n=358429467539794921875 elapsed=69s
progress: nodes=980,000,000 tested=0 found=0 n=208144718271050537109375 elapsed=70s
progress: nodes=990,000,000 tested=0 found=0 n=358721882506847900390625 elapsed=71s
progress: nodes=1,000,000,000 tested=0 found=0 n=274309238571013916015625 elapsed=72s
progress: nodes=1,010,000,000 tested=0 found=0 n=161562118464938232421875 elapsed=72s
progress: nodes=1,020,000,000 tested=0 found=0 n=987088917308750244140625 elapsed=73s
progress: nodes=1,030,000,000 tested=0 found=0 n=319667281615276611328125 elapsed=74s
progress: nodes=1,040,000,000 tested=0 found=0 n=529949790482231689453125 elapsed=75s
progress: nodes=1,050,000,000 tested=0 found=0 n=644188945892451416015625 elapsed=76s
progress: nodes=1,060,000,000 tested=0 found=0 n=769451741157443115234375 elapsed=77s
progress: nodes=1,070,000,000 tested=0 found=0 n=759333682481512939453125 elapsed=77s
progress: nodes=1,080,000,000 tested=0 found=0 n=816108225040461181640625 elapsed=78s
progress: nodes=1,090,000,000 tested=0 found=0 n=518870377852784912109375 elapsed=79s
progress: nodes=1,100,000,000 tested=0 found=0 n=131840168960647705078125 elapsed=80s
progress: nodes=1,110,000,000 tested=0 found=0 n=361760660021489501953125 elapsed=81s
progress: nodes=1,120,000,000 tested=0 found=0 n=377633659006755615234375 elapsed=82s
progress: nodes=1,130,000,000 tested=0 found=0 n=687605600391598388671875 elapsed=82s
progress: nodes=1,140,000,000 tested=0 found=0 n=713189399727741943359375 elapsed=83s
progress: nodes=1,150,000,000 tested=0 found=0 n=158408504719499267578125 elapsed=84s
progress: nodes=1,160,000,000 tested=0 found=0 n=528661276876500732421875 elapsed=85s
progress: nodes=1,170,000,000 tested=0 found=0 n=304047289876115478515625 elapsed=86s
progress: nodes=1,180,000,000 tested=0 found=0 n=362700670556594970703125 elapsed=87s
progress: nodes=1,190,000,000 tested=0 found=0 n=941257196222086669921875 elapsed=88s
progress: nodes=1,200,000,000 tested=0 found=0 n=132519803255466064453125 elapsed=89s
progress: nodes=1,210,000,000 tested=0 found=0 n=358272206971231201171875 elapsed=89s
progress: nodes=1,220,000,000 tested=0 found=0 n=35013851211531005859375 elapsed=90s
progress: nodes=1,230,000,000 tested=0 found=0 n=739359021300466552734375 elapsed=91s
progress: nodes=1,240,000,000 tested=0 found=0 n=632507618057785400390625 elapsed=91s
progress: nodes=1,250,000,000 tested=0 found=0 n=610617840881578857421875 elapsed=92s
progress: nodes=1,260,000,000 tested=0 found=0 n=717741471647682861328125 elapsed=93s
progress: nodes=1,270,000,000 tested=0 found=0 n=329834042367932373046875 elapsed=94s
progress: nodes=1,280,000,000 tested=0 found=0 n=624591488179562255859375 elapsed=95s
progress: nodes=1,290,000,000 tested=0 found=0 n=496614624905590576171875 elapsed=96s
progress: nodes=1,300,000,000 tested=0 found=0 n=597940282924560791015625 elapsed=97s
progress: nodes=1,310,000,000 tested=0 found=0 n=475038411522782958984375 elapsed=97s
progress: nodes=1,320,000,000 tested=0 found=0 n=223614497056330810546875 elapsed=98s
progress: nodes=1,330,000,000 tested=0 found=0 n=135739696910530517578125 elapsed=99s
progress: nodes=1,340,000,000 tested=0 found=0 n=884849424969992431640625 elapsed=100s
progress: nodes=1,350,000,000 tested=0 found=0 n=509040486680512939453125 elapsed=101s
progress: nodes=1,360,000,000 tested=0 found=0 n=808244593233136962890625 elapsed=102s
progress: nodes=1,370,000,000 tested=0 found=0 n=610823756420391357421875 elapsed=103s
progress: nodes=1,380,000,000 tested=0 found=0 n=992873048041061279296875 elapsed=104s
progress: nodes=1,390,000,000 tested=0 found=0 n=625804030422116455078125 elapsed=105s
progress: nodes=1,400,000,000 tested=0 found=0 n=202721166586874267578125 elapsed=106s
progress: nodes=1,410,000,000 tested=0 found=0 n=243294411206529052734375 elapsed=107s
progress: nodes=1,420,000,000 tested=0 found=0 n=183824756544443115234375 elapsed=108s
progress: nodes=1,430,000,000 tested=0 found=0 n=97545624365827880859375 elapsed=109s
progress: nodes=1,440,000,000 tested=0 found=0 n=765492251494902099609375 elapsed=110s
progress: nodes=1,450,000,000 tested=0 found=0 n=19852518597422607421875 elapsed=110s
progress: nodes=1,460,000,000 tested=0 found=0 n=55386945602782470703125 elapsed=111s
progress: nodes=1,470,000,000 tested=0 found=0 n=80268845310722900390625 elapsed=112s
progress: nodes=1,480,000,000 tested=0 found=0 n=140218622546183349609375 elapsed=113s
progress: nodes=1,490,000,000 tested=0 found=0 n=12368880855173583984375 elapsed=114s
progress: nodes=1,500,000,000 tested=0 found=0 n=780988579660628173828125 elapsed=115s
progress: nodes=1,510,000,000 tested=0 found=0 n=540569805085478759765625 elapsed=115s
progress: nodes=1,520,000,000 tested=0 found=0 n=683931516623026611328125 elapsed=116s
progress: nodes=1,530,000,000 tested=0 found=0 n=590931637233150146484375 elapsed=117s

done in 117.1s | nodes=1,530,253,757 | tested=0 | weird=0
