search v2: odd=True, N_CAP=1.00e+24, DELTA_MAX=1.0e+07, MIN_DEPTH=6
SPF shard: smallest prime factor = 3
P2 sub-shard: second prime factor = 5
P3 sub-sub-shard: third prime factor = 13
progress: nodes=10,000,000 tested=0 found=0 n=976169286433477880859375 elapsed=0s
progress: nodes=20,000,000 tested=0 found=0 n=271395814083280224609375 elapsed=1s
progress: nodes=30,000,000 tested=0 found=0 n=409691439742351025390625 elapsed=1s
progress: nodes=40,000,000 tested=0 found=0 n=432867999211988818359375 elapsed=2s
progress: nodes=50,000,000 tested=0 found=0 n=131229467619178271484375 elapsed=2s
progress: nodes=60,000,000 tested=0 found=0 n=37128936165332958984375 elapsed=3s
progress: nodes=70,000,000 tested=0 found=0 n=50615566729335791015625 elapsed=3s
progress: nodes=80,000,000 tested=0 found=0 n=62767722368258349609375 elapsed=4s
progress: nodes=90,000,000 tested=0 found=0 n=66670904207842822265625 elapsed=4s
progress: nodes=100,000,000 tested=0 found=0 n=90753538498805126953125 elapsed=5s
progress: nodes=110,000,000 tested=0 found=0 n=52052073112937548828125 elapsed=5s
progress: nodes=120,000,000 tested=0 found=0 n=69000035016124951171875 elapsed=6s
progress: nodes=130,000,000 tested=0 found=0 n=73841506045637255859375 elapsed=6s
progress: nodes=140,000,000 tested=0 found=0 n=71228685675169775390625 elapsed=7s
progress: nodes=150,000,000 tested=0 found=0 n=14030145164558935546875 elapsed=7s
progress: nodes=160,000,000 tested=0 found=0 n=7327247214275244140625 elapsed=8s
progress: nodes=170,000,000 tested=0 found=0 n=2864419011075146484375 elapsed=8s
progress: nodes=180,000,000 tested=0 found=0 n=1638149483044775390625 elapsed=9s
progress: nodes=190,000,000 tested=0 found=0 n=235933633194913037109375 elapsed=9s
progress: nodes=200,000,000 tested=0 found=0 n=189269863785997998046875 elapsed=10s
progress: nodes=210,000,000 tested=0 found=0 n=669955392720517236328125 elapsed=10s
progress: nodes=220,000,000 tested=0 found=0 n=438028621012353515625 elapsed=11s
progress: nodes=230,000,000 tested=0 found=0 n=731753289574785791015625 elapsed=12s
progress: nodes=240,000,000 tested=0 found=0 n=669227643489365771484375 elapsed=13s
progress: nodes=250,000,000 tested=0 found=0 n=775232994753386279296875 elapsed=13s
progress: nodes=260,000,000 tested=0 found=0 n=986907849600701513671875 elapsed=14s
progress: nodes=270,000,000 tested=0 found=0 n=917887864453517724609375 elapsed=15s
progress: nodes=280,000,000 tested=0 found=0 n=951272261591686962890625 elapsed=16s
progress: nodes=290,000,000 tested=0 found=0 n=960811632656177783203125 elapsed=16s
progress: nodes=300,000,000 tested=0 found=0 n=895633819804415478515625 elapsed=17s
progress: nodes=310,000,000 tested=0 found=0 n=745375710379110205078125 elapsed=18s
progress: nodes=320,000,000 tested=0 found=0 n=578487253391723583984375 elapsed=19s
progress: nodes=330,000,000 tested=0 found=0 n=879550020305357958984375 elapsed=20s
progress: nodes=340,000,000 tested=0 found=0 n=718980892814930712890625 elapsed=20s
progress: nodes=350,000,000 tested=0 found=0 n=750395633913505810546875 elapsed=21s
progress: nodes=360,000,000 tested=0 found=0 n=816684619706941552734375 elapsed=22s
progress: nodes=370,000,000 tested=0 found=0 n=922966794627460400390625 elapsed=23s
progress: nodes=380,000,000 tested=0 found=0 n=615902070256194287109375 elapsed=24s
progress: nodes=390,000,000 tested=0 found=0 n=440234761260543310546875 elapsed=25s
progress: nodes=400,000,000 tested=0 found=0 n=494984366063097802734375 elapsed=25s
progress: nodes=410,000,000 tested=0 found=0 n=911672639316945263671875 elapsed=26s
progress: nodes=420,000,000 tested=0 found=0 n=924901071016031103515625 elapsed=27s
progress: nodes=430,000,000 tested=0 found=0 n=419963074437141650390625 elapsed=28s
progress: nodes=440,000,000 tested=0 found=0 n=518505755808675146484375 elapsed=29s
progress: nodes=450,000,000 tested=0 found=0 n=773951393261229345703125 elapsed=30s
progress: nodes=460,000,000 tested=0 found=0 n=829483338964927587890625 elapsed=31s
progress: nodes=470,000,000 tested=0 found=0 n=531673583783113916015625 elapsed=31s
progress: nodes=480,000,000 tested=0 found=0 n=813588393406445947265625 elapsed=32s
progress: nodes=490,000,000 tested=0 found=0 n=546833431712684619140625 elapsed=33s
progress: nodes=500,000,000 tested=0 found=0 n=896701879353018603515625 elapsed=34s
progress: nodes=510,000,000 tested=0 found=0 n=903488962352812646484375 elapsed=35s
progress: nodes=520,000,000 tested=0 found=0 n=989640793563689794921875 elapsed=36s
progress: nodes=530,000,000 tested=0 found=0 n=691997817484721337890625 elapsed=37s
progress: nodes=540,000,000 tested=0 found=0 n=874297142834279150390625 elapsed=38s
progress: nodes=550,000,000 tested=0 found=0 n=633702089659863427734375 elapsed=38s
progress: nodes=560,000,000 tested=0 found=0 n=890121881498935693359375 elapsed=39s
progress: nodes=570,000,000 tested=0 found=0 n=595888712593365673828125 elapsed=40s
progress: nodes=580,000,000 tested=0 found=0 n=313050486984762744140625 elapsed=41s
progress: nodes=590,000,000 tested=0 found=0 n=565456409268583447265625 elapsed=42s
progress: nodes=600,000,000 tested=0 found=0 n=861653732080786962890625 elapsed=43s
progress: nodes=610,000,000 tested=0 found=0 n=744686458504586279296875 elapsed=44s
progress: nodes=620,000,000 tested=0 found=0 n=710954870445084814453125 elapsed=45s
progress: nodes=630,000,000 tested=0 found=0 n=432767116644130810546875 elapsed=45s
progress: nodes=640,000,000 tested=0 found=0 n=980938192825692333984375 elapsed=46s
progress: nodes=650,000,000 tested=0 found=0 n=656434031455234423828125 elapsed=47s
progress: nodes=660,000,000 tested=0 found=0 n=688406917998338525390625 elapsed=48s
progress: nodes=670,000,000 tested=0 found=0 n=465394017656604638671875 elapsed=49s
progress: nodes=680,000,000 tested=0 found=0 n=550754917921503369140625 elapsed=50s
progress: nodes=690,000,000 tested=0 found=0 n=683797909009070654296875 elapsed=51s
progress: nodes=700,000,000 tested=0 found=0 n=774088052766727587890625 elapsed=52s
progress: nodes=710,000,000 tested=0 found=0 n=349836365673163916015625 elapsed=52s
progress: nodes=720,000,000 tested=0 found=0 n=722462128668079541015625 elapsed=53s
progress: nodes=730,000,000 tested=0 found=0 n=993268419275919287109375 elapsed=54s
progress: nodes=740,000,000 tested=0 found=0 n=382944298713716162109375 elapsed=55s
progress: nodes=750,000,000 tested=0 found=0 n=555969860381623974609375 elapsed=56s
progress: nodes=760,000,000 tested=0 found=0 n=824665617307287158203125 elapsed=57s
progress: nodes=770,000,000 tested=0 found=0 n=740603379503006982421875 elapsed=58s
progress: nodes=780,000,000 tested=0 found=0 n=867496327100433544921875 elapsed=59s
progress: nodes=790,000,000 tested=0 found=0 n=942163833461797705078125 elapsed=59s
progress: nodes=800,000,000 tested=0 found=0 n=370132776070034326171875 elapsed=60s
progress: nodes=810,000,000 tested=0 found=0 n=699235089607147412109375 elapsed=61s
progress: nodes=820,000,000 tested=0 found=0 n=646311527223445458984375 elapsed=62s
progress: nodes=830,000,000 tested=0 found=0 n=526261200799217431640625 elapsed=63s
progress: nodes=840,000,000 tested=0 found=0 n=432147125648403369140625 elapsed=64s
progress: nodes=850,000,000 tested=0 found=0 n=707511226796447607421875 elapsed=65s
progress: nodes=860,000,000 tested=0 found=0 n=563284940887989404296875 elapsed=66s
progress: nodes=870,000,000 tested=0 found=0 n=393095215126523583984375 elapsed=66s
progress: nodes=880,000,000 tested=0 found=0 n=629463559237764697265625 elapsed=67s
progress: nodes=890,000,000 tested=0 found=0 n=557626708641000146484375 elapsed=68s
progress: nodes=900,000,000 tested=0 found=0 n=578088683570034228515625 elapsed=69s
progress: nodes=910,000,000 tested=0 found=0 n=571651512040779345703125 elapsed=70s
progress: nodes=920,000,000 tested=0 found=0 n=982936901998081494140625 elapsed=71s
progress: nodes=930,000,000 tested=0 found=0 n=972722106609632666015625 elapsed=72s
progress: nodes=940,000,000 tested=0 found=0 n=689416262840504443359375 elapsed=73s
progress: nodes=950,000,000 tested=0 found=0 n=243010114509430810546875 elapsed=74s
progress: nodes=960,000,000 tested=0 found=0 n=546951855652729541015625 elapsed=75s
progress: nodes=970,000,000 tested=0 found=0 n=217682306210471044921875 elapsed=75s
progress: nodes=980,000,000 tested=0 found=0 n=366735893643152490234375 elapsed=76s
progress: nodes=990,000,000 tested=0 found=0 n=766495066380303076171875 elapsed=77s
progress: nodes=1,000,000,000 tested=0 found=0 n=526040184806142626953125 elapsed=78s
progress: nodes=1,010,000,000 tested=0 found=0 n=892475702439367236328125 elapsed=79s
progress: nodes=1,020,000,000 tested=0 found=0 n=526323293722019091796875 elapsed=80s
progress: nodes=1,030,000,000 tested=0 found=0 n=508084655022386279296875 elapsed=81s
progress: nodes=1,040,000,000 tested=0 found=0 n=459972068458140087890625 elapsed=82s
progress: nodes=1,050,000,000 tested=0 found=0 n=480822272390973779296875 elapsed=83s
progress: nodes=1,060,000,000 tested=0 found=0 n=329083835993236669921875 elapsed=84s
progress: nodes=1,070,000,000 tested=0 found=0 n=753995037334140087890625 elapsed=84s
progress: nodes=1,080,000,000 tested=0 found=0 n=678205479108652294921875 elapsed=85s
progress: nodes=1,090,000,000 tested=0 found=0 n=350184953170743310546875 elapsed=86s
progress: nodes=1,100,000,000 tested=0 found=0 n=114666578558537255859375 elapsed=87s
progress: nodes=1,110,000,000 tested=0 found=0 n=151915557193212744140625 elapsed=88s
progress: nodes=1,120,000,000 tested=0 found=0 n=802973645275126025390625 elapsed=89s
progress: nodes=1,130,000,000 tested=0 found=0 n=594568025801311376953125 elapsed=90s
progress: nodes=1,140,000,000 tested=0 found=0 n=535545999209886767578125 elapsed=91s
progress: nodes=1,150,000,000 tested=0 found=0 n=680968053792279931640625 elapsed=92s
progress: nodes=1,160,000,000 tested=0 found=0 n=635399430388145947265625 elapsed=93s
progress: nodes=1,170,000,000 tested=0 found=0 n=352930039547591162109375 elapsed=93s
progress: nodes=1,180,000,000 tested=0 found=0 n=502729839945387158203125 elapsed=94s
progress: nodes=1,190,000,000 tested=0 found=0 n=928562718759717919921875 elapsed=95s
progress: nodes=1,200,000,000 tested=0 found=0 n=434314997211066943359375 elapsed=96s
progress: nodes=1,210,000,000 tested=0 found=0 n=287283264994950732421875 elapsed=97s
progress: nodes=1,220,000,000 tested=0 found=0 n=419596562186082861328125 elapsed=98s
progress: nodes=1,230,000,000 tested=0 found=0 n=303870758834550146484375 elapsed=99s
progress: nodes=1,240,000,000 tested=0 found=0 n=367226501854438916015625 elapsed=100s
progress: nodes=1,250,000,000 tested=0 found=0 n=723041437620589013671875 elapsed=101s
progress: nodes=1,260,000,000 tested=0 found=0 n=613130211793644873046875 elapsed=102s
progress: nodes=1,270,000,000 tested=0 found=0 n=772627224736397900390625 elapsed=102s
progress: nodes=1,280,000,000 tested=0 found=0 n=772801373354040087890625 elapsed=103s
progress: nodes=1,290,000,000 tested=0 found=0 n=405193654208311083984375 elapsed=104s
progress: nodes=1,300,000,000 tested=0 found=0 n=223769396973831591796875 elapsed=105s
progress: nodes=1,310,000,000 tested=0 found=0 n=268733886532581005859375 elapsed=106s
progress: nodes=1,320,000,000 tested=0 found=0 n=707825634843422900390625 elapsed=107s
progress: nodes=1,330,000,000 tested=0 found=0 n=240045392823818994140625 elapsed=108s
progress: nodes=1,340,000,000 tested=0 found=0 n=343515374892896044921875 elapsed=109s
progress: nodes=1,350,000,000 tested=0 found=0 n=229973722258790478515625 elapsed=110s
progress: nodes=1,360,000,000 tested=0 found=0 n=241415842991599072265625 elapsed=110s
progress: nodes=1,370,000,000 tested=0 found=0 n=343682004004289208984375 elapsed=111s
progress: nodes=1,380,000,000 tested=0 found=0 n=975413706667247021484375 elapsed=112s
progress: nodes=1,390,000,000 tested=0 found=0 n=474754711320983056640625 elapsed=113s
progress: nodes=1,400,000,000 tested=0 found=0 n=622596361291911474609375 elapsed=114s
progress: nodes=1,410,000,000 tested=0 found=0 n=744965700696077783203125 elapsed=115s
progress: nodes=1,420,000,000 tested=0 found=0 n=837867993825283154296875 elapsed=116s
progress: nodes=1,430,000,000 tested=0 found=0 n=336431443445051220703125 elapsed=117s
progress: nodes=1,440,000,000 tested=0 found=0 n=878901717191856591796875 elapsed=118s
progress: nodes=1,450,000,000 tested=0 found=0 n=450840264399435498046875 elapsed=119s
progress: nodes=1,460,000,000 tested=0 found=0 n=638445392120769873046875 elapsed=119s
progress: nodes=1,470,000,000 tested=0 found=0 n=285402038082599267578125 elapsed=120s
progress: nodes=1,480,000,000 tested=0 found=0 n=414011532536235791015625 elapsed=121s
progress: nodes=1,490,000,000 tested=0 found=0 n=401249540203902685546875 elapsed=122s
progress: nodes=1,500,000,000 tested=0 found=0 n=756498955619517626953125 elapsed=123s
progress: nodes=1,510,000,000 tested=0 found=0 n=405481578004906787109375 elapsed=124s
progress: nodes=1,520,000,000 tested=0 found=0 n=629417666784918603515625 elapsed=125s
progress: nodes=1,530,000,000 tested=0 found=0 n=657805660460627783203125 elapsed=126s
progress: nodes=1,540,000,000 tested=0 found=0 n=202347773440043994140625 elapsed=127s
progress: nodes=1,550,000,000 tested=0 found=0 n=950222515047329443359375 elapsed=128s
progress: nodes=1,560,000,000 tested=0 found=0 n=739532788363133349609375 elapsed=129s
progress: nodes=1,570,000,000 tested=0 found=0 n=430745771013547412109375 elapsed=130s
progress: nodes=1,580,000,000 tested=0 found=0 n=115590505279246435546875 elapsed=131s
progress: nodes=1,590,000,000 tested=0 found=0 n=341470416796962451171875 elapsed=131s
progress: nodes=1,600,000,000 tested=0 found=0 n=618825624952086474609375 elapsed=132s
progress: nodes=1,610,000,000 tested=0 found=0 n=904348123771087353515625 elapsed=133s
progress: nodes=1,620,000,000 tested=0 found=0 n=618686295366485302734375 elapsed=134s
progress: nodes=1,630,000,000 tested=0 found=0 n=437077419053664111328125 elapsed=135s
progress: nodes=1,640,000,000 tested=0 found=0 n=420825214820181005859375 elapsed=136s
progress: nodes=1,650,000,000 tested=0 found=0 n=137286469483843798828125 elapsed=137s
progress: nodes=1,660,000,000 tested=0 found=0 n=259400771989900048828125 elapsed=138s
progress: nodes=1,670,000,000 tested=0 found=0 n=667972543444668896484375 elapsed=139s
progress: nodes=1,680,000,000 tested=0 found=0 n=918160200282664599609375 elapsed=140s
progress: nodes=1,690,000,000 tested=0 found=0 n=277194523730019873046875 elapsed=141s
progress: nodes=1,700,000,000 tested=0 found=0 n=403715580486823388671875 elapsed=141s
progress: nodes=1,710,000,000 tested=0 found=0 n=684606883775406591796875 elapsed=142s
progress: nodes=1,720,000,000 tested=0 found=0 n=896090377938898974609375 elapsed=143s
progress: nodes=1,730,000,000 tested=0 found=0 n=552380311445962060546875 elapsed=144s
progress: nodes=1,740,000,000 tested=0 found=0 n=124712523655422802734375 elapsed=145s
progress: nodes=1,750,000,000 tested=0 found=0 n=298732938314250146484375 elapsed=146s
progress: nodes=1,760,000,000 tested=0 found=0 n=377881024693154150390625 elapsed=147s
progress: nodes=1,770,000,000 tested=0 found=0 n=155756627955480322265625 elapsed=148s
progress: nodes=1,780,000,000 tested=0 found=0 n=331449785353665087890625 elapsed=149s
progress: nodes=1,790,000,000 tested=0 found=0 n=422603009762793310546875 elapsed=150s
progress: nodes=1,800,000,000 tested=0 found=0 n=512990678208486181640625 elapsed=151s
progress: nodes=1,810,000,000 tested=0 found=0 n=284129856030589892578125 elapsed=152s
progress: nodes=1,820,000,000 tested=0 found=0 n=73536591371783642578125 elapsed=152s
progress: nodes=1,830,000,000 tested=0 found=0 n=458942137444139501953125 elapsed=153s
progress: nodes=1,840,000,000 tested=0 found=0 n=778568870286600732421875 elapsed=154s
progress: nodes=1,850,000,000 tested=0 found=0 n=211919147889951708984375 elapsed=155s
progress: nodes=1,860,000,000 tested=0 found=0 n=670409773985084326171875 elapsed=156s
progress: nodes=1,870,000,000 tested=0 found=0 n=159904535671757373046875 elapsed=157s
progress: nodes=1,880,000,000 tested=0 found=0 n=139266219444294287109375 elapsed=158s
progress: nodes=1,890,000,000 tested=0 found=0 n=788428446926457568359375 elapsed=159s
progress: nodes=1,900,000,000 tested=0 found=0 n=719729533264030224609375 elapsed=160s
progress: nodes=1,910,000,000 tested=0 found=0 n=206334405425082568359375 elapsed=160s
progress: nodes=1,920,000,000 tested=0 found=0 n=67693146913044580078125 elapsed=161s
progress: nodes=1,930,000,000 tested=0 found=0 n=243233484457509228515625 elapsed=162s
progress: nodes=1,940,000,000 tested=0 found=0 n=997833486570011279296875 elapsed=163s
progress: nodes=1,950,000,000 tested=0 found=0 n=684717734983240283203125 elapsed=164s
progress: nodes=1,960,000,000 tested=0 found=0 n=995882506402644580078125 elapsed=165s
progress: nodes=1,970,000,000 tested=0 found=0 n=321287551364521142578125 elapsed=166s
progress: nodes=1,980,000,000 tested=0 found=0 n=266113351717114306640625 elapsed=167s
progress: nodes=1,990,000,000 tested=0 found=0 n=627962555123141748046875 elapsed=168s
progress: nodes=2,000,000,000 tested=0 found=0 n=388282410124554638671875 elapsed=168s
progress: nodes=2,010,000,000 tested=0 found=0 n=68344854247108740234375 elapsed=169s
progress: nodes=2,020,000,000 tested=0 found=0 n=214984107272921923828125 elapsed=170s
progress: nodes=2,030,000,000 tested=0 found=0 n=369402766070505908203125 elapsed=171s
progress: nodes=2,040,000,000 tested=0 found=0 n=587458570630320263671875 elapsed=172s
progress: nodes=2,050,000,000 tested=0 found=0 n=477657404509877490234375 elapsed=173s
progress: nodes=2,060,000,000 tested=0 found=0 n=740349403435933154296875 elapsed=174s
progress: nodes=2,070,000,000 tested=0 found=0 n=301042985904281689453125 elapsed=175s
progress: nodes=2,080,000,000 tested=0 found=0 n=347276398799642431640625 elapsed=176s
progress: nodes=2,090,000,000 tested=0 found=0 n=108932121417919921875 elapsed=177s
progress: nodes=2,100,000,000 tested=0 found=0 n=229781829698806201171875 elapsed=177s
progress: nodes=2,110,000,000 tested=0 found=0 n=178922458963136865234375 elapsed=178s
progress: nodes=2,120,000,000 tested=0 found=0 n=114884330317150341796875 elapsed=179s
progress: nodes=2,130,000,000 tested=0 found=0 n=348223874514138720703125 elapsed=180s
progress: nodes=2,140,000,000 tested=0 found=0 n=890430729294480029296875 elapsed=181s
progress: nodes=2,150,000,000 tested=0 found=0 n=298763558411889111328125 elapsed=182s
progress: nodes=2,160,000,000 tested=0 found=0 n=230263885032798779296875 elapsed=183s
progress: nodes=2,170,000,000 tested=0 found=0 n=229862291584885400390625 elapsed=184s
progress: nodes=2,180,000,000 tested=0 found=0 n=718808188899029150390625 elapsed=185s
progress: nodes=2,190,000,000 tested=0 found=0 n=976884758022946728515625 elapsed=185s
progress: nodes=2,200,000,000 tested=0 found=0 n=798715303217262158203125 elapsed=186s
progress: nodes=2,210,000,000 tested=0 found=0 n=752570375342294970703125 elapsed=187s
progress: nodes=2,220,000,000 tested=0 found=0 n=189252093428335107421875 elapsed=188s
progress: nodes=2,230,000,000 tested=0 found=0 n=555713888655890478515625 elapsed=189s
progress: nodes=2,240,000,000 tested=0 found=0 n=543050809669774072265625 elapsed=190s
progress: nodes=2,250,000,000 tested=0 found=0 n=419703692883003369140625 elapsed=191s
progress: nodes=2,260,000,000 tested=0 found=0 n=390377884644090966796875 elapsed=192s
progress: nodes=2,270,000,000 tested=0 found=0 n=111210365337678369140625 elapsed=193s
progress: nodes=2,280,000,000 tested=0 found=0 n=297518238905273876953125 elapsed=194s
progress: nodes=2,290,000,000 tested=0 found=0 n=969681797655261767578125 elapsed=194s
progress: nodes=2,300,000,000 tested=0 found=0 n=519131555628617724609375 elapsed=195s
progress: nodes=2,310,000,000 tested=0 found=0 n=938643797229745166015625 elapsed=196s
progress: nodes=2,320,000,000 tested=0 found=0 n=242354953787107763671875 elapsed=197s
progress: nodes=2,330,000,000 tested=0 found=0 n=122816583358586279296875 elapsed=198s
progress: nodes=2,340,000,000 tested=0 found=0 n=489997774639701123046875 elapsed=199s
progress: nodes=2,350,000,000 tested=0 found=0 n=564611409112547900390625 elapsed=200s
progress: nodes=2,360,000,000 tested=0 found=0 n=365353407354870263671875 elapsed=201s
progress: nodes=2,370,000,000 tested=0 found=0 n=987753749696468701171875 elapsed=202s
progress: nodes=2,380,000,000 tested=0 found=0 n=109649185043590283203125 elapsed=202s
progress: nodes=2,390,000,000 tested=0 found=0 n=691868107774492822265625 elapsed=203s
progress: nodes=2,400,000,000 tested=0 found=0 n=584719307263640478515625 elapsed=204s
progress: nodes=2,410,000,000 tested=0 found=0 n=274887321248469287109375 elapsed=205s
progress: nodes=2,420,000,000 tested=0 found=0 n=299451971271677783203125 elapsed=206s
progress: nodes=2,430,000,000 tested=0 found=0 n=944059436673590478515625 elapsed=207s
progress: nodes=2,440,000,000 tested=0 found=0 n=277255018157277392578125 elapsed=208s
progress: nodes=2,450,000,000 tested=0 found=0 n=712725928521641455078125 elapsed=209s
progress: nodes=2,460,000,000 tested=0 found=0 n=749805503659172314453125 elapsed=210s
progress: nodes=2,470,000,000 tested=0 found=0 n=216961257571616162109375 elapsed=211s
progress: nodes=2,480,000,000 tested=0 found=0 n=855051934371319775390625 elapsed=211s
progress: nodes=2,490,000,000 tested=0 found=0 n=389879285796805517578125 elapsed=212s
progress: nodes=2,500,000,000 tested=0 found=0 n=305244979997292333984375 elapsed=213s
progress: nodes=2,510,000,000 tested=0 found=0 n=98284630704146630859375 elapsed=214s
progress: nodes=2,520,000,000 tested=0 found=0 n=603633345165537451171875 elapsed=215s
progress: nodes=2,530,000,000 tested=0 found=0 n=546895083967531787109375 elapsed=216s
progress: nodes=2,540,000,000 tested=0 found=0 n=364995438681936181640625 elapsed=217s
progress: nodes=2,550,000,000 tested=0 found=0 n=199984906749798193359375 elapsed=218s
progress: nodes=2,560,000,000 tested=0 found=0 n=757249529101884228515625 elapsed=219s
progress: nodes=2,570,000,000 tested=0 found=0 n=657255755346779443359375 elapsed=220s
progress: nodes=2,580,000,000 tested=0 found=0 n=311417855162812353515625 elapsed=220s
progress: nodes=2,590,000,000 tested=0 found=0 n=636683118404053271484375 elapsed=221s
progress: nodes=2,600,000,000 tested=0 found=0 n=177492082851229833984375 elapsed=222s
progress: nodes=2,610,000,000 tested=0 found=0 n=811967762220645849609375 elapsed=223s
progress: nodes=2,620,000,000 tested=0 found=0 n=657738834829840283203125 elapsed=224s
progress: nodes=2,630,000,000 tested=0 found=0 n=175317605663672900390625 elapsed=225s
progress: nodes=2,640,000,000 tested=0 found=0 n=91891267017520166015625 elapsed=226s
progress: nodes=2,650,000,000 tested=0 found=0 n=708839255739798193359375 elapsed=227s
progress: nodes=2,660,000,000 tested=0 found=0 n=388794700543120751953125 elapsed=228s
progress: nodes=2,670,000,000 tested=0 found=0 n=211221081590106884765625 elapsed=229s
progress: nodes=2,680,000,000 tested=0 found=0 n=181864943905138330078125 elapsed=229s
progress: nodes=2,690,000,000 tested=0 found=0 n=738790688166925341796875 elapsed=230s
progress: nodes=2,700,000,000 tested=0 found=0 n=380059005488946240234375 elapsed=231s
progress: nodes=2,710,000,000 tested=0 found=0 n=57879291107600244140625 elapsed=232s
progress: nodes=2,720,000,000 tested=0 found=0 n=182942060621818798828125 elapsed=233s
progress: nodes=2,730,000,000 tested=0 found=0 n=939401473789972705078125 elapsed=234s
progress: nodes=2,740,000,000 tested=0 found=0 n=999958846902042041015625 elapsed=235s
progress: nodes=2,750,000,000 tested=0 found=0 n=246545460746444970703125 elapsed=236s
progress: nodes=2,760,000,000 tested=0 found=0 n=101965501274551611328125 elapsed=237s
progress: nodes=2,770,000,000 tested=0 found=0 n=430707398575934619140625 elapsed=238s
progress: nodes=2,780,000,000 tested=0 found=0 n=826829800562944775390625 elapsed=238s
progress: nodes=2,790,000,000 tested=0 found=0 n=463690979820003076171875 elapsed=239s
progress: nodes=2,800,000,000 tested=0 found=0 n=157667763294255322265625 elapsed=240s
progress: nodes=2,810,000,000 tested=0 found=0 n=758427884708048876953125 elapsed=241s
progress: nodes=2,820,000,000 tested=0 found=0 n=287485144151371435546875 elapsed=242s
progress: nodes=2,830,000,000 tested=0 found=0 n=151652694278412158203125 elapsed=243s
progress: nodes=2,840,000,000 tested=0 found=0 n=746237261769650244140625 elapsed=244s
progress: nodes=2,850,000,000 tested=0 found=0 n=70712756070368115234375 elapsed=245s
progress: nodes=2,860,000,000 tested=0 found=0 n=652356840790476123046875 elapsed=246s
progress: nodes=2,870,000,000 tested=0 found=0 n=129226136127137841796875 elapsed=247s
progress: nodes=2,880,000,000 tested=0 found=0 n=696127205584578955078125 elapsed=248s
progress: nodes=2,890,000,000 tested=0 found=0 n=777792804261850634765625 elapsed=248s
progress: nodes=2,900,000,000 tested=0 found=0 n=151005982730193017578125 elapsed=249s
progress: nodes=2,910,000,000 tested=0 found=0 n=893503147828083837890625 elapsed=250s
progress: nodes=2,920,000,000 tested=0 found=0 n=257667045809742333984375 elapsed=251s
progress: nodes=2,930,000,000 tested=0 found=0 n=352222914998013134765625 elapsed=252s
progress: nodes=2,940,000,000 tested=0 found=0 n=458921614098734033203125 elapsed=253s
progress: nodes=2,950,000,000 tested=0 found=0 n=756667463454914501953125 elapsed=254s
progress: nodes=2,960,000,000 tested=0 found=0 n=271502545610523779296875 elapsed=255s
progress: nodes=2,970,000,000 tested=0 found=0 n=574256112362573291015625 elapsed=256s
progress: nodes=2,980,000,000 tested=0 found=0 n=343931234975853662109375 elapsed=257s
progress: nodes=2,990,000,000 tested=0 found=0 n=266281277634581396484375 elapsed=258s
progress: nodes=3,000,000,000 tested=0 found=0 n=454169032330659521484375 elapsed=259s
progress: nodes=3,010,000,000 tested=0 found=0 n=777488390672923388671875 elapsed=260s
progress: nodes=3,020,000,000 tested=0 found=0 n=83890430355215478515625 elapsed=261s
progress: nodes=3,030,000,000 tested=0 found=0 n=234691029856243212890625 elapsed=262s
progress: nodes=3,040,000,000 tested=0 found=0 n=223811799020635693359375 elapsed=263s
progress: nodes=3,050,000,000 tested=0 found=0 n=320643861747065771484375 elapsed=264s
progress: nodes=3,060,000,000 tested=0 found=0 n=128207014395199365234375 elapsed=265s
progress: nodes=3,070,000,000 tested=0 found=0 n=133052554830893115234375 elapsed=266s
progress: nodes=3,080,000,000 tested=0 found=0 n=920922133620189111328125 elapsed=266s
progress: nodes=3,090,000,000 tested=0 found=0 n=152170816408861376953125 elapsed=267s
progress: nodes=3,100,000,000 tested=0 found=0 n=58717636062700341796875 elapsed=268s
progress: nodes=3,110,000,000 tested=0 found=0 n=203212291103133837890625 elapsed=269s
progress: nodes=3,120,000,000 tested=0 found=0 n=244698265222203076171875 elapsed=270s
progress: nodes=3,130,000,000 tested=0 found=0 n=152829083725067724609375 elapsed=271s
progress: nodes=3,140,000,000 tested=0 found=0 n=544205984735455224609375 elapsed=272s
progress: nodes=3,150,000,000 tested=0 found=0 n=139717614912313623046875 elapsed=273s
progress: nodes=3,160,000,000 tested=0 found=0 n=200607918493412548828125 elapsed=274s
progress: nodes=3,170,000,000 tested=0 found=0 n=165150646851634716796875 elapsed=275s
progress: nodes=3,180,000,000 tested=0 found=0 n=175082954496859423828125 elapsed=276s
progress: nodes=3,190,000,000 tested=0 found=0 n=282157328132715673828125 elapsed=277s
progress: nodes=3,200,000,000 tested=0 found=0 n=269567981545472314453125 elapsed=278s
progress: nodes=3,210,000,000 tested=0 found=0 n=214675414832479833984375 elapsed=279s
progress: nodes=3,220,000,000 tested=0 found=0 n=307704513998362939453125 elapsed=280s
progress: nodes=3,230,000,000 tested=0 found=0 n=142273987606814501953125 elapsed=281s
progress: nodes=3,240,000,000 tested=0 found=0 n=129846730355475732421875 elapsed=282s
progress: nodes=3,250,000,000 tested=0 found=0 n=345524498661112646484375 elapsed=283s
progress: nodes=3,260,000,000 tested=0 found=0 n=120197664793916455078125 elapsed=284s
progress: nodes=3,270,000,000 tested=0 found=0 n=117648306933854150390625 elapsed=285s
progress: nodes=3,280,000,000 tested=0 found=0 n=688961914080285498046875 elapsed=285s
progress: nodes=3,290,000,000 tested=0 found=0 n=70434585646373583984375 elapsed=286s
progress: nodes=3,300,000,000 tested=0 found=0 n=906617833658978466796875 elapsed=287s
progress: nodes=3,310,000,000 tested=0 found=0 n=346124660399469580078125 elapsed=288s
progress: nodes=3,320,000,000 tested=0 found=0 n=179356153850339501953125 elapsed=289s
progress: nodes=3,330,000,000 tested=0 found=0 n=72584988250138330078125 elapsed=290s
progress: nodes=3,340,000,000 tested=0 found=0 n=235225826603147021484375 elapsed=291s
progress: nodes=3,350,000,000 tested=0 found=0 n=46430092869200244140625 elapsed=292s
progress: nodes=3,360,000,000 tested=0 found=0 n=139413561197962060546875 elapsed=293s
progress: nodes=3,370,000,000 tested=0 found=0 n=189250099447688525390625 elapsed=294s
progress: nodes=3,380,000,000 tested=0 found=0 n=94837447142665576171875 elapsed=295s
progress: nodes=3,390,000,000 tested=0 found=0 n=136962596024941552734375 elapsed=296s
progress: nodes=3,400,000,000 tested=0 found=0 n=126210155091323291015625 elapsed=297s
progress: nodes=3,410,000,000 tested=0 found=0 n=88848532195889501953125 elapsed=298s
progress: nodes=3,420,000,000 tested=0 found=0 n=122455374688631689453125 elapsed=299s
progress: nodes=3,430,000,000 tested=0 found=0 n=72276698204117138671875 elapsed=300s
progress: nodes=3,440,000,000 tested=0 found=0 n=62543566906653955078125 elapsed=301s
progress: nodes=3,450,000,000 tested=0 found=0 n=122317339083657275390625 elapsed=302s
progress: nodes=3,460,000,000 tested=0 found=0 n=57862778981488330078125 elapsed=303s
progress: nodes=3,470,000,000 tested=0 found=0 n=140823993968552197265625 elapsed=304s

done in 304.2s | nodes=3,476,379,023 | tested=0 | weird=0
