search v2: odd=True, N_CAP=1.00e+24, DELTA_MAX=1.0e+07, MIN_DEPTH=6
SPF shard: smallest prime factor = 3
P2 sub-shard: second prime factor = 5
P3 sub-sub-shard: third prime factor = 7
progress: nodes=10,000,000 tested=428 found=0 n=779904234327153006630615 elapsed=1s
progress: nodes=20,000,000 tested=428 found=0 n=995782381750738317030645 elapsed=1s
progress: nodes=30,000,000 tested=428 found=0 n=375757735322049989005965 elapsed=2s
progress: nodes=40,000,000 tested=428 found=0 n=585842466168173703569955 elapsed=2s
progress: nodes=50,000,000 tested=428 found=0 n=801828293923481705318865 elapsed=3s
progress: nodes=60,000,000 tested=428 found=0 n=198950948958371693105085 elapsed=3s
progress: nodes=70,000,000 tested=428 found=0 n=405885015631566321743445 elapsed=4s
progress: nodes=80,000,000 tested=428 found=0 n=621372854842487748969465 elapsed=4s
progress: nodes=90,000,000 tested=428 found=0 n=842852238542691602247645 elapsed=5s
progress: nodes=100,000,000 tested=428 found=0 n=241373854687837060790895 elapsed=5s
progress: nodes=110,000,000 tested=428 found=0 n=454993920991396759711305 elapsed=5s
progress: nodes=120,000,000 tested=428 found=0 n=676579086264501225600585 elapsed=6s
progress: nodes=130,000,000 tested=428 found=0 n=904091819154351166611615 elapsed=6s
progress: nodes=140,000,000 tested=428 found=0 n=302610092430060125918655 elapsed=7s
progress: nodes=150,000,000 tested=428 found=0 n=523154507809152512453685 elapsed=7s
progress: nodes=160,000,000 tested=428 found=0 n=751104661651348967415285 elapsed=8s
progress: nodes=170,000,000 tested=428 found=0 n=984372753650811623048265 elapsed=8s
progress: nodes=180,000,000 tested=428 found=0 n=382320538697782556020905 elapsed=9s
