search v2: odd=True, N_CAP=1.00e+24, DELTA_MAX=1.0e+07, MIN_DEPTH=6
SPF shard: smallest prime factor = 3
P2 sub-shard: second prime factor = 5
P3 sub-sub-shard: third prime factor = 13
progress: nodes=10,000,000 tested=0 found=0 n=196941797544060791015625 elapsed=0s
progress: nodes=20,000,000 tested=0 found=0 n=601082476763504150390625 elapsed=1s
progress: nodes=30,000,000 tested=0 found=0 n=649533791320200439453125 elapsed=1s
progress: nodes=40,000,000 tested=0 found=0 n=83895897380258056640625 elapsed=2s
progress: nodes=50,000,000 tested=0 found=0 n=123198181868217041015625 elapsed=2s
progress: nodes=60,000,000 tested=0 found=0 n=251463594689426513671875 elapsed=3s
progress: nodes=70,000,000 tested=0 found=0 n=360529791416237548828125 elapsed=3s
progress: nodes=80,000,000 tested=0 found=0 n=290646815412328857421875 elapsed=4s
progress: nodes=90,000,000 tested=0 found=0 n=322687556950963623046875 elapsed=4s
progress: nodes=100,000,000 tested=0 found=0 n=607519393447220947265625 elapsed=5s
progress: nodes=110,000,000 tested=0 found=0 n=66937869735207275390625 elapsed=5s
progress: nodes=120,000,000 tested=0 found=0 n=86821498175258056640625 elapsed=6s
progress: nodes=130,000,000 tested=0 found=0 n=356954249369621337890625 elapsed=6s
progress: nodes=140,000,000 tested=0 found=0 n=394498457131089111328125 elapsed=7s
progress: nodes=150,000,000 tested=0 found=0 n=25057918136643310546875 elapsed=7s
progress: nodes=160,000,000 tested=0 found=0 n=250066484817626953125 elapsed=8s
progress: nodes=170,000,000 tested=0 found=0 n=642034748593122802734375 elapsed=9s
progress: nodes=180,000,000 tested=0 found=0 n=90551628098876953125 elapsed=9s
progress: nodes=190,000,000 tested=0 found=0 n=567315398541451904296875 elapsed=10s
progress: nodes=200,000,000 tested=0 found=0 n=723705376653349365234375 elapsed=11s
progress: nodes=210,000,000 tested=0 found=0 n=833550511177360107421875 elapsed=12s
progress: nodes=220,000,000 tested=0 found=0 n=590106254718864990234375 elapsed=12s
progress: nodes=230,000,000 tested=0 found=0 n=897667116469604736328125 elapsed=13s
progress: nodes=240,000,000 tested=0 found=0 n=815845387403137939453125 elapsed=14s
progress: nodes=250,000,000 tested=0 found=0 n=683748683319618896484375 elapsed=15s
progress: nodes=260,000,000 tested=0 found=0 n=954460600908150146484375 elapsed=15s
progress: nodes=270,000,000 tested=0 found=0 n=527687504808550048828125 elapsed=16s
progress: nodes=280,000,000 tested=0 found=0 n=891383060824213623046875 elapsed=17s
progress: nodes=290,000,000 tested=0 found=0 n=977781875214240966796875 elapsed=18s
progress: nodes=300,000,000 tested=0 found=0 n=815075659172902587890625 elapsed=19s
progress: nodes=310,000,000 tested=0 found=0 n=364163720910396240234375 elapsed=19s
progress: nodes=320,000,000 tested=0 found=0 n=849787264282286865234375 elapsed=20s
progress: nodes=330,000,000 tested=0 found=0 n=335763014896711669921875 elapsed=21s
progress: nodes=340,000,000 tested=0 found=0 n=476926878758284423828125 elapsed=22s
progress: nodes=350,000,000 tested=0 found=0 n=916498641065099853515625 elapsed=23s
progress: nodes=360,000,000 tested=0 found=0 n=730044636247065673828125 elapsed=23s
progress: nodes=370,000,000 tested=0 found=0 n=894882307626604248046875 elapsed=24s
progress: nodes=380,000,000 tested=0 found=0 n=943738784747531982421875 elapsed=25s
progress: nodes=390,000,000 tested=0 found=0 n=825603475816135986328125 elapsed=26s
progress: nodes=400,000,000 tested=0 found=0 n=643706248213021728515625 elapsed=27s
progress: nodes=410,000,000 tested=0 found=0 n=270103752671323974609375 elapsed=27s
progress: nodes=420,000,000 tested=0 found=0 n=475152421473472412109375 elapsed=28s
progress: nodes=430,000,000 tested=0 found=0 n=397830537547037841796875 elapsed=29s
progress: nodes=440,000,000 tested=0 found=0 n=552233940922114013671875 elapsed=30s
progress: nodes=450,000,000 tested=0 found=0 n=898384385228912841796875 elapsed=31s
progress: nodes=460,000,000 tested=0 found=0 n=721612717716886962890625 elapsed=31s
progress: nodes=470,000,000 tested=0 found=0 n=491480603132609619140625 elapsed=32s
progress: nodes=480,000,000 tested=0 found=0 n=325917793689448974609375 elapsed=33s
progress: nodes=490,000,000 tested=0 found=0 n=948309412689472412109375 elapsed=34s
progress: nodes=500,000,000 tested=0 found=0 n=888510390912336181640625 elapsed=35s
progress: nodes=510,000,000 tested=0 found=0 n=869989457756335693359375 elapsed=35s
progress: nodes=520,000,000 tested=0 found=0 n=516610473299720947265625 elapsed=36s
progress: nodes=530,000,000 tested=0 found=0 n=337161096812709228515625 elapsed=37s
progress: nodes=540,000,000 tested=0 found=0 n=143231307813683349609375 elapsed=38s
progress: nodes=550,000,000 tested=0 found=0 n=889327015545258544921875 elapsed=39s
progress: nodes=560,000,000 tested=0 found=0 n=592282797852214599609375 elapsed=40s
progress: nodes=570,000,000 tested=0 found=0 n=874341636167876220703125 elapsed=40s
progress: nodes=580,000,000 tested=0 found=0 n=751243078798046630859375 elapsed=41s
progress: nodes=590,000,000 tested=0 found=0 n=577382505463197509765625 elapsed=42s
progress: nodes=600,000,000 tested=0 found=0 n=645535987300803955078125 elapsed=43s
progress: nodes=610,000,000 tested=0 found=0 n=498938098977560302734375 elapsed=44s
progress: nodes=620,000,000 tested=0 found=0 n=603752617037225830078125 elapsed=45s
progress: nodes=630,000,000 tested=0 found=0 n=809134263831095947265625 elapsed=45s
progress: nodes=640,000,000 tested=0 found=0 n=916603493734452392578125 elapsed=46s
progress: nodes=650,000,000 tested=0 found=0 n=605361182222414794921875 elapsed=47s
progress: nodes=660,000,000 tested=0 found=0 n=779940806989699951171875 elapsed=48s
progress: nodes=670,000,000 tested=0 found=0 n=642978873588711181640625 elapsed=49s
progress: nodes=680,000,000 tested=0 found=0 n=899240251990040771484375 elapsed=50s
progress: nodes=690,000,000 tested=0 found=0 n=754038631780868408203125 elapsed=51s
progress: nodes=700,000,000 tested=0 found=0 n=646790068505239013671875 elapsed=51s
progress: nodes=710,000,000 tested=0 found=0 n=677479464742954833984375 elapsed=52s
progress: nodes=720,000,000 tested=0 found=0 n=736214215056927978515625 elapsed=53s
progress: nodes=730,000,000 tested=0 found=0 n=509882851065227783203125 elapsed=54s
progress: nodes=740,000,000 tested=0 found=0 n=767298857519990478515625 elapsed=55s
progress: nodes=750,000,000 tested=0 found=0 n=616932518168665283203125 elapsed=56s
progress: nodes=760,000,000 tested=0 found=0 n=435367261687893310546875 elapsed=57s
progress: nodes=770,000,000 tested=0 found=0 n=696036408143930419921875 elapsed=58s
progress: nodes=780,000,000 tested=0 found=0 n=629095565225432373046875 elapsed=58s

done in 58.8s | nodes=785,043,462 | tested=0 | weird=0
