search v2: odd=True, N_CAP=1.00e+24, DELTA_MAX=1.0e+07, MIN_DEPTH=6
SPF shard: smallest prime factor = 3
P2 sub-shard: second prime factor = 5
P3 sub-sub-shard: third prime factor = 13
progress: nodes=10,000,000 tested=1,153 found=0 n=482585509282044455235 elapsed=24s
progress: nodes=20,000,000 tested=1,153 found=0 n=1008210838053914469585 elapsed=64s
progress: nodes=30,000,000 tested=1,153 found=0 n=1548818868450773148255 elapsed=105s
progress: nodes=40,000,000 tested=1,153 found=0 n=2099161231457740265205 elapsed=148s
progress: nodes=50,000,000 tested=1,153 found=0 n=2656729251483384784005 elapsed=192s
progress: nodes=60,000,000 tested=1,153 found=0 n=3220033497675663556485 elapsed=241s
progress: nodes=70,000,000 tested=1,153 found=0 n=3788130667980227621715 elapsed=287s
progress: nodes=80,000,000 tested=1,153 found=0 n=4360298762623369160205 elapsed=339s
progress: nodes=90,000,000 tested=1,153 found=0 n=4936066458220532592945 elapsed=385s
progress: nodes=100,000,000 tested=1,153 found=0 n=5515004694577210389765 elapsed=430s
progress: nodes=110,000,000 tested=1,153 found=0 n=6096808211668615471095 elapsed=476s
progress: nodes=120,000,000 tested=1,153 found=0 n=6681222179355369192885 elapsed=524s
progress: nodes=130,000,000 tested=1,153 found=0 n=7267928681401108067295 elapsed=573s
progress: nodes=140,000,000 tested=1,153 found=0 n=7856874146883746587005 elapsed=621s
progress: nodes=150,000,000 tested=1,153 found=0 n=8447913887739661773945 elapsed=668s
progress: nodes=160,000,000 tested=1,153 found=0 n=9040791611622746002365 elapsed=715s
progress: nodes=170,000,000 tested=1,153 found=0 n=9635409903071366224785 elapsed=763s
progress: nodes=180,000,000 tested=1,153 found=0 n=10231685930782115866755 elapsed=811s
progress: nodes=190,000,000 tested=1,153 found=0 n=10829650975147834181235 elapsed=859s
progress: nodes=200,000,000 tested=1,153 found=0 n=11429131326009118142265 elapsed=907s
progress: nodes=210,000,000 tested=1,153 found=0 n=12029953744362066284655 elapsed=963s
progress: nodes=220,000,000 tested=1,153 found=0 n=12632169277468261502865 elapsed=1023s
progress: nodes=230,000,000 tested=1,153 found=0 n=13235604578012192777505 elapsed=1084s
progress: nodes=240,000,000 tested=1,153 found=0 n=13840376833739817275265 elapsed=1147s
progress: nodes=250,000,000 tested=1,153 found=0 n=14446292573038568806395 elapsed=1209s
progress: nodes=260,000,000 tested=1,153 found=0 n=15053354974854187786665 elapsed=1270s
progress: nodes=270,000,000 tested=1,153 found=0 n=15661409521844484194355 elapsed=1331s
progress: nodes=280,000,000 tested=1,153 found=0 n=16270612870505936746635 elapsed=1390s
progress: nodes=290,000,000 tested=1,153 found=0 n=16880765527100488040235 elapsed=1450s
progress: nodes=300,000,000 tested=1,153 found=0 n=17492073451569285864165 elapsed=1511s
progress: nodes=310,000,000 tested=1,153 found=0 n=18104064042450781899855 elapsed=1570s
progress: nodes=320,000,000 tested=1,153 found=0 n=18717160386554216763345 elapsed=1629s
progress: nodes=330,000,000 tested=1,153 found=0 n=19331070156260984146545 elapsed=1689s
progress: nodes=340,000,000 tested=1,153 found=0 n=19945950240937523308155 elapsed=1748s
progress: nodes=350,000,000 tested=1,153 found=0 n=20561630109370171637985 elapsed=1808s
progress: nodes=360,000,000 tested=1,153 found=0 n=21178138935290962559805 elapsed=1867s
progress: nodes=370,000,000 tested=1,153 found=0 n=21795263740166449172445 elapsed=1927s
progress: nodes=380,000,000 tested=1,153 found=0 n=22413183644320931734155 elapsed=1985s
progress: nodes=390,000,000 tested=1,153 found=0 n=23031949586704383585195 elapsed=2043s
progress: nodes=400,000,000 tested=1,153 found=0 n=23651428603984915989645 elapsed=2105s
progress: nodes=410,000,000 tested=1,153 found=0 n=24271677478523837736855 elapsed=2170s
progress: nodes=420,000,000 tested=1,153 found=0 n=24892616406327229292265 elapsed=2235s
progress: nodes=430,000,000 tested=1,153 found=0 n=25514045509150819335195 elapsed=2300s
progress: nodes=440,000,000 tested=1,153 found=0 n=26136275587158223642545 elapsed=2366s
progress: nodes=450,000,000 tested=1,153 found=0 n=26759028349915434130545 elapsed=2431s
progress: nodes=460,000,000 tested=1,153 found=0 n=27382521146329343212335 elapsed=2496s
progress: nodes=470,000,000 tested=1,153 found=0 n=28006682886075019988745 elapsed=2561s
progress: nodes=480,000,000 tested=1,153 found=0 n=28631500858785083274405 elapsed=2626s
progress: nodes=490,000,000 tested=1,153 found=0 n=29256671884017649430385 elapsed=2691s
progress: nodes=500,000,000 tested=1,153 found=0 n=29882667507196073621805 elapsed=2755s
progress: nodes=510,000,000 tested=1,153 found=0 n=30509106303571730255655 elapsed=2820s
progress: nodes=520,000,000 tested=1,153 found=0 n=31136169359324632998915 elapsed=2885s
progress: nodes=530,000,000 tested=1,153 found=0 n=31763574712257209880435 elapsed=2950s
progress: nodes=540,000,000 tested=1,153 found=0 n=32391763759256296653765 elapsed=3016s
progress: nodes=550,000,000 tested=1,153 found=0 n=33020327775632079589785 elapsed=3083s
progress: nodes=560,000,000 tested=1,153 found=0 n=33649438310727351108165 elapsed=3149s
progress: nodes=570,000,000 tested=1,153 found=0 n=34279074108388736197155 elapsed=3215s
progress: nodes=580,000,000 tested=1,153 found=0 n=34909149142120346433405 elapsed=3282s
progress: nodes=590,000,000 tested=1,153 found=0 n=35539812313307416453365 elapsed=3348s
progress: nodes=600,000,000 tested=1,153 found=0 n=36170895879760229667495 elapsed=3412s
progress: nodes=610,000,000 tested=1,153 found=0 n=36802447173652161261195 elapsed=3479s
progress: nodes=620,000,000 tested=1,153 found=0 n=37434464093737985882985 elapsed=3545s
progress: nodes=630,000,000 tested=1,153 found=0 n=38067035439290796543735 elapsed=3612s
progress: nodes=640,000,000 tested=1,153 found=0 n=38699984554075410343245 elapsed=3680s
progress: nodes=650,000,000 tested=1,153 found=0 n=39333352596503457877515 elapsed=3745s
progress: nodes=660,000,000 tested=1,153 found=0 n=39967123547287886080365 elapsed=3813s
progress: nodes=670,000,000 tested=1,153 found=0 n=40601379994030980029295 elapsed=3880s
progress: nodes=680,000,000 tested=1,153 found=0 n=41235965215249295274615 elapsed=3946s
progress: nodes=690,000,000 tested=1,153 found=0 n=41871099630483855091035 elapsed=4012s
progress: nodes=700,000,000 tested=1,153 found=0 n=42506498575162429130115 elapsed=4077s
progress: nodes=710,000,000 tested=1,153 found=0 n=43142498898390730953855 elapsed=4141s
progress: nodes=720,000,000 tested=1,153 found=0 n=43778806339187923711695 elapsed=4204s
progress: nodes=730,000,000 tested=1,153 found=0 n=44415600456540326356395 elapsed=4267s
progress: nodes=740,000,000 tested=1,153 found=0 n=45052658388480120166035 elapsed=4329s
progress: nodes=750,000,000 tested=1,153 found=0 n=45690008052324667735665 elapsed=4394s
progress: nodes=760,000,000 tested=1,153 found=0 n=46327841630778381560055 elapsed=4457s
progress: nodes=770,000,000 tested=1,153 found=0 n=46966114234094681901015 elapsed=4524s
progress: nodes=780,000,000 tested=1,153 found=0 n=47604750179536392761295 elapsed=4593s
progress: nodes=790,000,000 tested=1,153 found=0 n=48243779122822210080855 elapsed=4662s
progress: nodes=800,000,000 tested=1,153 found=0 n=48883042549911551287995 elapsed=4732s
progress: nodes=810,000,000 tested=1,153 found=0 n=49522772448025340045985 elapsed=4802s
progress: nodes=820,000,000 tested=1,153 found=0 n=50162840191711650264615 elapsed=4872s
progress: nodes=830,000,000 tested=1,153 found=0 n=50803208169764064247935 elapsed=4944s
progress: nodes=840,000,000 tested=1,153 found=0 n=51443960605290171341865 elapsed=5017s
progress: nodes=850,000,000 tested=1,153 found=0 n=52084899206810780194755 elapsed=5089s
progress: nodes=860,000,000 tested=1,153 found=0 n=52726189003309788063435 elapsed=5161s
progress: nodes=870,000,000 tested=1,153 found=0 n=53367933681491021183565 elapsed=5233s
progress: nodes=880,000,000 tested=1,153 found=0 n=54010011780715525475265 elapsed=5305s
progress: nodes=890,000,000 tested=2,676 found=0 n=54652393249927230125745 elapsed=5375s
