search v2: odd=True, N_CAP=1.00e+24, DELTA_MAX=1.0e+07, MIN_DEPTH=6
SPF shard: smallest prime factor = 3
P2 sub-shard: second prime factor = 5
P3 sub-sub-shard: third prime factor = 13
progress: nodes=10,000,000 tested=8 found=0 n=199475759656596238115625 elapsed=24s
progress: nodes=20,000,000 tested=8 found=0 n=415729656888499229371875 elapsed=66s
progress: nodes=30,000,000 tested=8 found=0 n=638125861705101372403125 elapsed=107s
progress: nodes=40,000,000 tested=8 found=0 n=864531404286076649728125 elapsed=150s
progress: nodes=50,000,000 tested=8 found=0 n=77455259566516076090625 elapsed=177s
progress: nodes=60,000,000 tested=8 found=0 n=287388310506100143721875 elapsed=218s
progress: nodes=70,000,000 tested=8 found=0 n=506589837285036576459375 elapsed=259s
progress: nodes=80,000,000 tested=8 found=0 n=730823848041192873946875 elapsed=302s
progress: nodes=90,000,000 tested=8 found=0 n=958557598904163059465625 elapsed=347s
progress: nodes=100,000,000 tested=8 found=0 n=162110530737179460028125 elapsed=371s
progress: nodes=110,000,000 tested=8 found=0 n=376827598866976185459375 elapsed=411s
progress: nodes=120,000,000 tested=8 found=0 n=598378422745958028159375 elapsed=452s
progress: nodes=130,000,000 tested=8 found=0 n=824187916961632726790625 elapsed=497s
progress: nodes=140,000,000 tested=8 found=0 n=42398557328059675396875 elapsed=531s
progress: nodes=150,000,000 tested=8 found=0 n=249364743357266706853125 elapsed=563s
progress: nodes=160,000,000 tested=8 found=0 n=467411115356258127721875 elapsed=605s
progress: nodes=170,000,000 tested=8 found=0 n=690916993896149696446875 elapsed=649s
progress: nodes=180,000,000 tested=8 found=0 n=918118781815124754028125 elapsed=692s
progress: nodes=190,000,000 tested=8 found=0 n=125384518009400667103125 elapsed=717s
progress: nodes=200,000,000 tested=8 found=0 n=338319215280211159434375 elapsed=756s
progress: nodes=210,000,000 tested=8 found=0 n=558938847305818822415625 elapsed=799s
progress: nodes=220,000,000 tested=8 found=0 n=784119718707600351009375 elapsed=843s
progress: nodes=230,000,000 tested=8 found=0 n=9270581218803896428125 elapsed=884s
progress: nodes=240,000,000 tested=8 found=0 n=211781821743821168409375 elapsed=911s
progress: nodes=250,000,000 tested=8 found=0 n=428538970272927662240625 elapsed=952s
progress: nodes=260,000,000 tested=8 found=0 n=651279764800782958303125 elapsed=995s
progress: nodes=270,000,000 tested=8 found=0 n=877935641107615682596875 elapsed=1038s
progress: nodes=280,000,000 tested=8 found=0 n=89382052537328142759375 elapsed=1064s
progress: nodes=290,000,000 tested=8 found=0 n=300181328708258190740625 elapsed=1103s
progress: nodes=300,000,000 tested=8 found=0 n=519794570262022672865625 elapsed=1146s
progress: nodes=310,000,000 tested=8 found=0 n=744317099680257557634375 elapsed=1189s
progress: nodes=320,000,000 tested=8 found=0 n=43166816254995678253125 elapsed=1224s
progress: nodes=330,000,000 tested=8 found=0 n=250269014216873243840625 elapsed=1257s
progress: nodes=340,000,000 tested=8 found=0 n=468407518934553498909375 elapsed=1299s
progress: nodes=350,000,000 tested=8 found=0 n=66349066162187713246875 elapsed=1326s
progress: nodes=360,000,000 tested=8 found=0 n=275531956673093295215625 elapsed=1363s
progress: nodes=370,000,000 tested=8 found=0 n=494469891147216966271875 elapsed=1404s
progress: nodes=380,000,000 tested=8 found=0 n=170938674676580507409375 elapsed=1429s
progress: nodes=390,000,000 tested=8 found=0 n=386121779902893620503125 elapsed=1470s
progress: nodes=400,000,000 tested=8 found=0 n=83043950904786843928125 elapsed=1495s
progress: nodes=410,000,000 tested=8 found=0 n=293510288048556170840625 elapsed=1536s
progress: nodes=420,000,000 tested=8 found=0 n=128514225927533396315625 elapsed=1560s
progress: nodes=430,000,000 tested=8 found=0 n=341729257010158957753125 elapsed=1601s
progress: nodes=440,000,000 tested=9 found=0 n=181852790131602460771875 elapsed=1625s
progress: nodes=450,000,000 tested=9 found=0 n=64308908779999570659375 elapsed=1651s
progress: nodes=460,000,000 tested=9 found=0 n=11214188832324615271875 elapsed=1685s
progress: nodes=470,000,000 tested=9 found=0 n=214282090241013347353125 elapsed=1711s
progress: nodes=480,000,000 tested=9 found=0 n=169458386269085519653125 elapsed=1735s
progress: nodes=490,000,000 tested=9 found=0 n=131429082912895492846875 elapsed=1760s
progress: nodes=500,000,000 tested=9 found=0 n=117978821003907351028125 elapsed=1784s
progress: nodes=510,000,000 tested=9 found=0 n=113809351400690241684375 elapsed=1808s
progress: nodes=520,000,000 tested=9 found=0 n=136508052791899593309375 elapsed=1832s
progress: nodes=530,000,000 tested=9 found=0 n=161080226363210784215625 elapsed=1856s
progress: nodes=540,000,000 tested=9 found=0 n=17912881705049962678125 elapsed=1876s
progress: nodes=550,000,000 tested=9 found=0 n=53202119175368923865625 elapsed=1893s
progress: nodes=560,000,000 tested=9 found=0 n=94033497131301462271875 elapsed=1912s
progress: nodes=570,000,000 tested=9 found=0 n=3642724025733113465625 elapsed=1934s
progress: nodes=580,000,000 tested=9 found=0 n=73577065971754755759375 elapsed=1944s
progress: nodes=590,000,000 tested=9 found=0 n=26883476709768904021875 elapsed=1961s
progress: nodes=600,000,000 tested=9 found=0 n=4590046572461405128125 elapsed=1973s
progress: nodes=610,000,000 tested=9 found=0 n=1378472623708235371875 elapsed=1982s
progress: nodes=620,000,000 tested=9 found=0 n=2272241306043042384375 elapsed=1990s
progress: nodes=630,000,000 tested=9 found=0 n=12821833311943408959375 elapsed=1996s
progress: nodes=640,000,000 tested=9 found=0 n=30737662718163186459375 elapsed=2001s
progress: nodes=650,000,000 tested=9 found=0 n=62746862865937225340625 elapsed=2003s
progress: nodes=660,000,000 tested=9 found=0 n=27299034835327868315625 elapsed=2004s
progress: nodes=670,000,000 tested=10 found=0 n=3165652269441710465625 elapsed=2005s
progress: nodes=680,000,000 tested=10 found=0 n=53213916428335241353125 elapsed=2005s
progress: nodes=690,000,000 tested=10 found=0 n=37716066050632745709375 elapsed=2005s
progress: nodes=700,000,000 tested=10 found=0 n=32639109764541863090625 elapsed=2006s
progress: nodes=710,000,000 tested=10 found=0 n=39877973292119365040625 elapsed=2006s
progress: nodes=720,000,000 tested=10 found=0 n=1279688215250291315625 elapsed=2007s
progress: nodes=730,000,000 tested=10 found=0 n=25611474265551489290625 elapsed=2007s
progress: nodes=740,000,000 tested=10 found=0 n=12772503167300469815625 elapsed=2008s
progress: nodes=750,000,000 tested=10 found=0 n=8937923866428545746875 elapsed=2008s
progress: nodes=760,000,000 tested=10 found=0 n=15466317023472042121875 elapsed=2009s
progress: nodes=770,000,000 tested=10 found=0 n=29977120739620806496875 elapsed=2009s
progress: nodes=780,000,000 tested=10 found=0 n=15971638796853497184375 elapsed=2010s
progress: nodes=790,000,000 tested=10 found=0 n=12956824827536633915625 elapsed=2010s
progress: nodes=800,000,000 tested=10 found=0 n=17194256139751327771875 elapsed=2011s
progress: nodes=810,000,000 tested=10 found=0 n=27299646042628754559375 elapsed=2011s
progress: nodes=820,000,000 tested=10 found=0 n=11727966269752697615625 elapsed=2012s
progress: nodes=830,000,000 tested=10 found=0 n=7123067981503453321875 elapsed=2012s
progress: nodes=840,000,000 tested=10 found=0 n=14535513296649210571875 elapsed=2013s
progress: nodes=850,000,000 tested=10 found=0 n=5432810825897634684375 elapsed=2013s
progress: nodes=860,000,000 tested=10 found=0 n=8507886451354486096875 elapsed=2014s
progress: nodes=870,000,000 tested=10 found=0 n=21254139410988780196875 elapsed=2014s
progress: nodes=880,000,000 tested=10 found=0 n=17812495833973867040625 elapsed=2015s
progress: nodes=890,000,000 tested=10 found=0 n=4131425830429440196875 elapsed=2015s
progress: nodes=900,000,000 tested=10 found=0 n=284441481831461540625 elapsed=2016s
progress: nodes=910,000,000 tested=10 found=0 n=3764418722406152240625 elapsed=2016s
progress: nodes=920,000,000 tested=10 found=0 n=14934172914518333653125 elapsed=2016s
progress: nodes=930,000,000 tested=10 found=0 n=16339823593574852840625 elapsed=2017s
progress: nodes=940,000,000 tested=10 found=0 n=7947701932031746340625 elapsed=2017s
progress: nodes=950,000,000 tested=10 found=0 n=11257871188639374365625 elapsed=2018s
progress: nodes=960,000,000 tested=10 found=0 n=10246249714836048103125 elapsed=2018s
progress: nodes=970,000,000 tested=10 found=0 n=5234956516035827465625 elapsed=2019s
progress: nodes=980,000,000 tested=10 found=0 n=9763209214223812059375 elapsed=2019s
progress: nodes=990,000,000 tested=10 found=0 n=9603930246306916528125 elapsed=2020s
progress: nodes=1,000,000,000 tested=10 found=0 n=6530040071242183884375 elapsed=2020s
progress: nodes=1,010,000,000 tested=10 found=0 n=545302324743788503125 elapsed=2021s
progress: nodes=1,020,000,000 tested=10 found=0 n=3427423844624851865625 elapsed=2021s
progress: nodes=1,030,000,000 tested=10 found=0 n=5233698007620365278125 elapsed=2022s
progress: nodes=1,040,000,000 tested=10 found=0 n=5271627145086833821875 elapsed=2022s
progress: nodes=1,050,000,000 tested=10 found=0 n=3586728680889472096875 elapsed=2023s
progress: nodes=1,060,000,000 tested=10 found=0 n=862044041547371840625 elapsed=2023s
progress: nodes=1,070,000,000 tested=10 found=0 n=6133185761453005246875 elapsed=2024s
progress: nodes=1,080,000,000 tested=10 found=0 n=2683105632109934240625 elapsed=2024s
progress: nodes=1,090,000,000 tested=10 found=0 n=661862536669120190625 elapsed=2025s
progress: nodes=1,100,000,000 tested=10 found=0 n=420866240565792571875 elapsed=2025s
progress: nodes=1,110,000,000 tested=10 found=0 n=1101403113130268690625 elapsed=2026s
progress: nodes=1,120,000,000 tested=10 found=0 n=2939531215112098059375 elapsed=2026s
progress: nodes=1,130,000,000 tested=10 found=0 n=1421962985956033096875 elapsed=2027s
progress: nodes=1,140,000,000 tested=10 found=0 n=2011582366256923565625 elapsed=2027s
progress: nodes=1,150,000,000 tested=10 found=0 n=3747076363936677403125 elapsed=2027s
progress: nodes=1,160,000,000 tested=10 found=0 n=1777069071246616509375 elapsed=2028s
progress: nodes=1,170,000,000 tested=10 found=0 n=2773003966922386153125 elapsed=2028s
progress: nodes=1,180,000,000 tested=10 found=0 n=4869343701771058209375 elapsed=2029s
progress: nodes=1,190,000,000 tested=10 found=0 n=4749217887172101159375 elapsed=2029s
progress: nodes=1,200,000,000 tested=10 found=0 n=2953024939756833946875 elapsed=2030s
progress: nodes=1,210,000,000 tested=10 found=0 n=740819876749336434375 elapsed=2030s
progress: nodes=1,220,000,000 tested=10 found=0 n=1779557223942308728125 elapsed=2031s
progress: nodes=1,230,000,000 tested=10 found=0 n=2199527838290754928125 elapsed=2031s
progress: nodes=1,240,000,000 tested=10 found=0 n=3059368536832638103125 elapsed=2032s
progress: nodes=1,250,000,000 tested=10 found=0 n=412944848357593134375 elapsed=2032s
progress: nodes=1,260,000,000 tested=10 found=0 n=1481444774804460740625 elapsed=2033s
progress: nodes=1,270,000,000 tested=10 found=0 n=2788539302395828434375 elapsed=2033s
progress: nodes=1,280,000,000 tested=10 found=0 n=1536221170293026709375 elapsed=2034s
progress: nodes=1,290,000,000 tested=10 found=0 n=1357521289679963728125 elapsed=2034s
progress: nodes=1,300,000,000 tested=10 found=0 n=475734145060414378125 elapsed=2035s
progress: nodes=1,310,000,000 tested=10 found=0 n=1506898279051688615625 elapsed=2035s
progress: nodes=1,320,000,000 tested=10 found=0 n=2053856302807133053125 elapsed=2036s
progress: nodes=1,330,000,000 tested=10 found=0 n=2193448143155007009375 elapsed=2036s
progress: nodes=1,340,000,000 tested=10 found=0 n=1746482682894372028125 elapsed=2037s
progress: nodes=1,350,000,000 tested=10 found=0 n=1451302367564917603125 elapsed=2037s
progress: nodes=1,360,000,000 tested=10 found=0 n=1458022950526470778125 elapsed=2038s
progress: nodes=1,370,000,000 tested=10 found=0 n=2098717628379204178125 elapsed=2038s
progress: nodes=1,380,000,000 tested=10 found=0 n=695823248959726753125 elapsed=2039s
progress: nodes=1,390,000,000 tested=10 found=0 n=316541240360539959375 elapsed=2039s
progress: nodes=1,400,000,000 tested=10 found=0 n=639331219571293153125 elapsed=2040s
progress: nodes=1,410,000,000 tested=10 found=0 n=302541025805898384375 elapsed=2040s
progress: nodes=1,420,000,000 tested=10 found=0 n=1585794307681960959375 elapsed=2041s
progress: nodes=1,430,000,000 tested=10 found=0 n=1056150420751621040625 elapsed=2041s
progress: nodes=1,440,000,000 tested=10 found=0 n=971682714142382896875 elapsed=2042s
progress: nodes=1,450,000,000 tested=10 found=0 n=1454525244530619665625 elapsed=2042s
progress: nodes=1,460,000,000 tested=10 found=0 n=1426734467633193834375 elapsed=2043s
progress: nodes=1,470,000,000 tested=10 found=0 n=686547166625049965625 elapsed=2043s
progress: nodes=1,480,000,000 tested=10 found=0 n=1410326334616018584375 elapsed=2044s
progress: nodes=1,490,000,000 tested=10 found=0 n=577466824485614821875 elapsed=2044s
progress: nodes=1,500,000,000 tested=10 found=0 n=338137833046339096875 elapsed=2045s
progress: nodes=1,510,000,000 tested=10 found=0 n=943899620201532759375 elapsed=2045s
progress: nodes=1,520,000,000 tested=10 found=0 n=1400970539571227746875 elapsed=2046s
progress: nodes=1,530,000,000 tested=10 found=0 n=327820129840351321875 elapsed=2046s
progress: nodes=1,540,000,000 tested=10 found=0 n=531580673977087190625 elapsed=2047s
progress: nodes=1,550,000,000 tested=10 found=0 n=1161873605907550940625 elapsed=2047s
progress: nodes=1,560,000,000 tested=10 found=0 n=1413632843440999959375 elapsed=2048s
progress: nodes=1,570,000,000 tested=10 found=0 n=319151564707139409375 elapsed=2048s
progress: nodes=1,580,000,000 tested=10 found=0 n=1353830426158222715625 elapsed=2049s
progress: nodes=1,590,000,000 tested=10 found=0 n=954859025316386165625 elapsed=2049s
progress: nodes=1,600,000,000 tested=10 found=0 n=333986722498184315625 elapsed=2050s
progress: nodes=1,610,000,000 tested=10 found=0 n=748787120616364903125 elapsed=2050s
progress: nodes=1,620,000,000 tested=10 found=0 n=886633469553563184375 elapsed=2051s
progress: nodes=1,630,000,000 tested=10 found=0 n=1135938057742069846875 elapsed=2051s
progress: nodes=1,640,000,000 tested=10 found=0 n=1085073036613364784375 elapsed=2052s
progress: nodes=1,650,000,000 tested=10 found=0 n=1096010529643799128125 elapsed=2052s
progress: nodes=1,660,000,000 tested=11 found=0 n=1008911728210220128125 elapsed=2053s
progress: nodes=1,670,000,000 tested=11 found=0 n=628222612594440459375 elapsed=2053s
progress: nodes=1,680,000,000 tested=11 found=0 n=1111393497436411190625 elapsed=2054s
progress: nodes=1,690,000,000 tested=11 found=0 n=438682324876882003125 elapsed=2054s
progress: nodes=1,700,000,000 tested=11 found=0 n=731372515223601346875 elapsed=2055s
progress: nodes=1,710,000,000 tested=11 found=0 n=952589026606841690625 elapsed=2055s
progress: nodes=1,720,000,000 tested=11 found=0 n=519532140052878834375 elapsed=2056s
progress: nodes=1,730,000,000 tested=11 found=0 n=608281989428617115625 elapsed=2056s
progress: nodes=1,740,000,000 tested=11 found=0 n=834372493062806221875 elapsed=2057s
progress: nodes=1,750,000,000 tested=11 found=0 n=497624905168577184375 elapsed=2058s
progress: nodes=1,760,000,000 tested=11 found=0 n=741711685508527865625 elapsed=2058s
progress: nodes=1,770,000,000 tested=11 found=0 n=575492888811825196875 elapsed=2059s
progress: nodes=1,780,000,000 tested=11 found=0 n=744696714320411653125 elapsed=2059s
progress: nodes=1,790,000,000 tested=11 found=0 n=854354043049147509375 elapsed=2060s
progress: nodes=1,800,000,000 tested=11 found=0 n=898461333811942509375 elapsed=2060s
progress: nodes=1,810,000,000 tested=11 found=0 n=928752600127978153125 elapsed=2061s
progress: nodes=1,820,000,000 tested=11 found=0 n=946710451697056678125 elapsed=2061s
progress: nodes=1,830,000,000 tested=11 found=0 n=1098244701275859028125 elapsed=2062s
progress: nodes=1,840,000,000 tested=11 found=0 n=1112959901326499240625 elapsed=2062s
progress: nodes=1,850,000,000 tested=11 found=0 n=883461513465944521875 elapsed=2063s
progress: nodes=1,860,000,000 tested=11 found=0 n=1018195901254068103125 elapsed=2063s
progress: nodes=1,870,000,000 tested=11 found=0 n=1189677490929693309375 elapsed=2064s
progress: nodes=1,880,000,000 tested=11 found=0 n=725205776033757133659375 elapsed=2064s
progress: nodes=1,890,000,000 tested=11 found=0 n=861629575935232388334375 elapsed=2065s
progress: nodes=1,900,000,000 tested=11 found=0 n=872882819344998369253125 elapsed=2065s
progress: nodes=1,910,000,000 tested=11 found=0 n=798015381407108577253125 elapsed=2066s
progress: nodes=1,920,000,000 tested=11 found=0 n=836446179966077918615625 elapsed=2066s
progress: nodes=1,930,000,000 tested=11 found=0 n=986181440097473381896875 elapsed=2067s
progress: nodes=1,940,000,000 tested=11 found=0 n=593609443834769522184375 elapsed=2067s
progress: nodes=1,950,000,000 tested=11 found=0 n=540558329364884121159375 elapsed=2068s
progress: nodes=1,960,000,000 tested=11 found=0 n=966798038726510559440625 elapsed=2068s
progress: nodes=1,970,000,000 tested=11 found=0 n=321445628695655391403125 elapsed=2069s
progress: nodes=1,980,000,000 tested=11 found=0 n=986710637832131151590625 elapsed=2069s
progress: nodes=1,990,000,000 tested=11 found=0 n=833095055145767588971875 elapsed=2069s
progress: nodes=2,000,000,000 tested=11 found=0 n=832519216716808000696875 elapsed=2070s
progress: nodes=2,010,000,000 tested=11 found=0 n=423909693536547069028125 elapsed=2070s
progress: nodes=2,020,000,000 tested=11 found=0 n=378522560538157759790625 elapsed=2071s
progress: nodes=2,030,000,000 tested=11 found=0 n=817051994102457527090625 elapsed=2071s
progress: nodes=2,040,000,000 tested=11 found=0 n=503240832283928368134375 elapsed=2072s
progress: nodes=2,050,000,000 tested=11 found=0 n=348610466023403209396875 elapsed=2072s
progress: nodes=2,060,000,000 tested=11 found=0 n=423118611331127630465625 elapsed=2073s
progress: nodes=2,070,000,000 tested=11 found=0 n=503513634850240464084375 elapsed=2073s
progress: nodes=2,080,000,000 tested=11 found=0 n=843563735044032038034375 elapsed=2074s
progress: nodes=2,090,000,000 tested=11 found=0 n=759593804582711972615625 elapsed=2074s
progress: nodes=2,100,000,000 tested=11 found=0 n=456056373785735511871875 elapsed=2075s
progress: nodes=2,110,000,000 tested=11 found=0 n=943949383314560410978125 elapsed=2075s
progress: nodes=2,120,000,000 tested=11 found=0 n=574844348903474939371875 elapsed=2076s
progress: nodes=2,130,000,000 tested=11 found=0 n=454884783971369111465625 elapsed=2076s
progress: nodes=2,140,000,000 tested=11 found=0 n=968752183106433137709375 elapsed=2076s
progress: nodes=2,150,000,000 tested=11 found=0 n=713119458133324376915625 elapsed=2077s
progress: nodes=2,160,000,000 tested=11 found=0 n=716356039528415773378125 elapsed=2077s
progress: nodes=2,170,000,000 tested=11 found=0 n=694661118167672059584375 elapsed=2078s
progress: nodes=2,180,000,000 tested=11 found=0 n=899449356382489960003125 elapsed=2078s
progress: nodes=2,190,000,000 tested=11 found=0 n=861753196931077096790625 elapsed=2079s
progress: nodes=2,200,000,000 tested=11 found=0 n=639964622907061627134375 elapsed=2079s
progress: nodes=2,210,000,000 tested=11 found=0 n=772339905850853856628125 elapsed=2080s
progress: nodes=2,220,000,000 tested=11 found=0 n=745560748158169930228125 elapsed=2080s
progress: nodes=2,230,000,000 tested=11 found=0 n=595386639320671772071875 elapsed=2081s
progress: nodes=2,240,000,000 tested=11 found=0 n=541405654953074974603125 elapsed=2081s
progress: nodes=2,250,000,000 tested=11 found=0 n=690366614738645232253125 elapsed=2082s
progress: nodes=2,260,000,000 tested=11 found=0 n=698326953206589307209375 elapsed=2082s
progress: nodes=2,270,000,000 tested=11 found=0 n=964616025130103745871875 elapsed=2083s
progress: nodes=2,280,000,000 tested=11 found=0 n=769173404164554163978125 elapsed=2083s
progress: nodes=2,290,000,000 tested=11 found=0 n=872697322433838810065625 elapsed=2084s
progress: nodes=2,300,000,000 tested=11 found=0 n=923554692310757280271875 elapsed=2084s
progress: nodes=2,310,000,000 tested=11 found=0 n=836994680761866888178125 elapsed=2085s
progress: nodes=2,320,000,000 tested=11 found=0 n=890318765985630207159375 elapsed=2085s
progress: nodes=2,330,000,000 tested=11 found=0 n=981601933083082243115625 elapsed=2086s
progress: nodes=2,340,000,000 tested=17 found=0 n=79211019227655308540625 elapsed=2096s
progress: nodes=2,350,000,000 tested=17 found=0 n=210940637183806271990625 elapsed=2136s
progress: nodes=2,360,000,000 tested=17 found=0 n=347381829441251436853125 elapsed=2179s
progress: nodes=2,370,000,000 tested=17 found=0 n=486623318329620601228125 elapsed=2223s
progress: nodes=2,380,000,000 tested=17 found=0 n=627886565165957663840625 elapsed=2266s
progress: nodes=2,390,000,000 tested=17 found=0 n=770701386154957847971875 elapsed=2309s
progress: nodes=2,400,000,000 tested=17 found=0 n=914836843326266037815625 elapsed=2354s
progress: nodes=2,410,000,000 tested=17 found=0 n=48418119701601996571875 elapsed=2383s
progress: nodes=2,420,000,000 tested=17 found=0 n=178268431444850094440625 elapsed=2423s
progress: nodes=2,430,000,000 tested=17 found=0 n=313827612705391256184375 elapsed=2465s
progress: nodes=2,440,000,000 tested=17 found=0 n=452493851552810170959375 elapsed=2508s
progress: nodes=2,450,000,000 tested=17 found=0 n=593324121951041610065625 elapsed=2552s
progress: nodes=2,460,000,000 tested=17 found=0 n=735803598207372170653125 elapsed=2595s
progress: nodes=2,470,000,000 tested=17 found=0 n=100751149212662143771875 elapsed=2620s
progress: nodes=2,480,000,000 tested=17 found=0 n=233549072201663905415625 elapsed=2660s
progress: nodes=2,490,000,000 tested=17 found=0 n=370562881850220814340625 elapsed=2703s
progress: nodes=2,500,000,000 tested=17 found=0 n=9311400211479532846875 elapsed=2743s
progress: nodes=2,510,000,000 tested=17 found=0 n=135172590388129403971875 elapsed=2770s
progress: nodes=2,520,000,000 tested=17 found=0 n=269360203323726409415625 elapsed=2812s
progress: nodes=2,530,000,000 tested=17 found=0 n=56701360920089697215625 elapsed=2838s
progress: nodes=2,540,000,000 tested=17 found=0 n=21072324325581374259375 elapsed=2870s
progress: nodes=2,550,000,000 tested=17 found=0 n=148560659809446892190625 elapsed=2901s
progress: nodes=2,560,000,000 tested=17 found=0 n=116213503855763845659375 elapsed=2925s
progress: nodes=2,570,000,000 tested=17 found=0 n=3024868935175834865625 elapsed=2947s
progress: nodes=2,580,000,000 tested=17 found=0 n=34397004610254404503125 elapsed=2960s
progress: nodes=2,590,000,000 tested=17 found=0 n=73032918642577087959375 elapsed=2979s
progress: nodes=2,600,000,000 tested=17 found=0 n=42451680756457216603125 elapsed=2989s
progress: nodes=2,610,000,000 tested=17 found=0 n=36097953968855076553125 elapsed=3000s
progress: nodes=2,620,000,000 tested=17 found=0 n=46024790827409589853125 elapsed=3005s
progress: nodes=2,630,000,000 tested=17 found=0 n=19370997464650385653125 elapsed=3007s
progress: nodes=2,640,000,000 tested=17 found=0 n=13919953191215829834375 elapsed=3008s
progress: nodes=2,650,000,000 tested=17 found=0 n=18915362455762040653125 elapsed=3008s
progress: nodes=2,660,000,000 tested=17 found=0 n=5472603477710679009375 elapsed=3009s
progress: nodes=2,670,000,000 tested=18 found=0 n=19669139692921901446875 elapsed=3009s
progress: nodes=2,680,000,000 tested=18 found=0 n=3129942198404252278125 elapsed=3010s
progress: nodes=2,690,000,000 tested=18 found=0 n=18073180261544914715625 elapsed=3010s
progress: nodes=2,700,000,000 tested=18 found=0 n=8481207652320243628125 elapsed=3011s
progress: nodes=2,710,000,000 tested=18 found=0 n=5235842185349020903125 elapsed=3011s
progress: nodes=2,720,000,000 tested=18 found=0 n=11676971339402224415625 elapsed=3012s
progress: nodes=2,730,000,000 tested=18 found=0 n=6368991159313091278125 elapsed=3012s
progress: nodes=2,740,000,000 tested=18 found=0 n=7098748526045254528125 elapsed=3013s
progress: nodes=2,750,000,000 tested=18 found=0 n=2862844768293859659375 elapsed=3013s
progress: nodes=2,760,000,000 tested=18 found=0 n=3459911555821983721875 elapsed=3014s
progress: nodes=2,770,000,000 tested=18 found=0 n=5382238172084056603125 elapsed=3014s
progress: nodes=2,780,000,000 tested=18 found=0 n=769204708510850746875 elapsed=3015s
progress: nodes=2,790,000,000 tested=18 found=0 n=2506949160888848934375 elapsed=3015s
progress: nodes=2,800,000,000 tested=18 found=0 n=563298288792773990625 elapsed=3016s
progress: nodes=2,810,000,000 tested=18 found=0 n=3010129732746085584375 elapsed=3016s
progress: nodes=2,820,000,000 tested=18 found=0 n=2292667921950983971875 elapsed=3017s
progress: nodes=2,830,000,000 tested=18 found=0 n=3055898546861235440625 elapsed=3017s
progress: nodes=2,840,000,000 tested=18 found=0 n=173674646666318728125 elapsed=3018s
progress: nodes=2,850,000,000 tested=18 found=0 n=1286583997840838409375 elapsed=3018s
progress: nodes=2,860,000,000 tested=18 found=0 n=532559524522883934375 elapsed=3019s
progress: nodes=2,870,000,000 tested=18 found=0 n=1342657488127600490625 elapsed=3019s
progress: nodes=2,880,000,000 tested=18 found=0 n=360822835547758715625 elapsed=3020s
progress: nodes=2,890,000,000 tested=19 found=0 n=913293325560238959375 elapsed=3020s
progress: nodes=2,900,000,000 tested=19 found=0 n=671333875023827559375 elapsed=3021s
progress: nodes=2,910,000,000 tested=19 found=0 n=753501462120741628125 elapsed=3021s
progress: nodes=2,920,000,000 tested=19 found=0 n=628214266223511946875 elapsed=3022s
progress: nodes=2,930,000,000 tested=19 found=0 n=130483971997404553125 elapsed=3022s
progress: nodes=2,940,000,000 tested=19 found=0 n=590512516909119309375 elapsed=3023s
progress: nodes=2,950,000,000 tested=19 found=0 n=78011041978071028125 elapsed=3023s
progress: nodes=2,960,000,000 tested=19 found=0 n=623706936658930434375 elapsed=3024s
progress: nodes=2,970,000,000 tested=19 found=0 n=278685786814570321875 elapsed=3024s
progress: nodes=2,980,000,000 tested=19 found=0 n=430474501398701784375 elapsed=3025s
progress: nodes=2,990,000,000 tested=19 found=0 n=152186001157420790625 elapsed=3025s
progress: nodes=3,000,000,000 tested=20 found=0 n=143795464778674434375 elapsed=3026s
progress: nodes=3,010,000,000 tested=20 found=0 n=542015267484582815625 elapsed=3026s
progress: nodes=3,020,000,000 tested=20 found=0 n=118836203466126290625 elapsed=3027s
progress: nodes=3,030,000,000 tested=20 found=0 n=373157323982467903125 elapsed=3027s
progress: nodes=3,040,000,000 tested=20 found=0 n=255157945201120528125 elapsed=3028s
progress: nodes=3,050,000,000 tested=20 found=0 n=305169101138886440625 elapsed=3028s
progress: nodes=3,060,000,000 tested=20 found=0 n=389998365911457834375 elapsed=3029s
progress: nodes=3,070,000,000 tested=20 found=0 n=406713658355970103125 elapsed=3029s
progress: nodes=3,080,000,000 tested=20 found=0 n=345954372797892178125 elapsed=3030s
progress: nodes=3,090,000,000 tested=20 found=0 n=406446495950513728125 elapsed=3030s
progress: nodes=3,100,000,000 tested=20 found=0 n=285092017539583190625 elapsed=3031s
progress: nodes=3,110,000,000 tested=20 found=0 n=398775436012733934375 elapsed=3031s
progress: nodes=3,120,000,000 tested=20 found=0 n=317332201452640846875 elapsed=3032s
progress: nodes=3,130,000,000 tested=20 found=0 n=303479497834903771875 elapsed=3032s
progress: nodes=3,140,000,000 tested=20 found=0 n=410346334266634715625 elapsed=3033s
progress: nodes=3,150,000,000 tested=20 found=0 n=425026327659380971875 elapsed=3033s
progress: nodes=3,160,000,000 tested=20 found=0 n=489620601975381847790625 elapsed=3034s
progress: nodes=3,170,000,000 tested=20 found=0 n=686313547853865764259375 elapsed=3034s
progress: nodes=3,180,000,000 tested=20 found=0 n=658418721552195285459375 elapsed=3035s
progress: nodes=3,190,000,000 tested=20 found=0 n=464306289667147094821875 elapsed=3035s
progress: nodes=3,200,000,000 tested=20 found=0 n=81245181436464415134375 elapsed=3036s
progress: nodes=3,210,000,000 tested=20 found=0 n=374038758489103984209375 elapsed=3036s
progress: nodes=3,220,000,000 tested=20 found=0 n=593890710480565933865625 elapsed=3037s
progress: nodes=3,230,000,000 tested=20 found=0 n=652269387630125454271875 elapsed=3037s
progress: nodes=3,240,000,000 tested=20 found=0 n=565305762845643614803125 elapsed=3038s
progress: nodes=3,250,000,000 tested=20 found=0 n=353168604657369027028125 elapsed=3038s
progress: nodes=3,260,000,000 tested=20 found=0 n=988588902627099137446875 elapsed=3039s
progress: nodes=3,270,000,000 tested=20 found=0 n=582598002647288306615625 elapsed=3039s
progress: nodes=3,280,000,000 tested=20 found=0 n=69954056330463988678125 elapsed=3040s
progress: nodes=3,290,000,000 tested=20 found=0 n=418303805148637329065625 elapsed=3040s
progress: nodes=3,300,000,000 tested=20 found=0 n=636150349168527356353125 elapsed=3041s
progress: nodes=3,310,000,000 tested=20 found=0 n=807811938729423087159375 elapsed=3041s
progress: nodes=3,320,000,000 tested=20 found=0 n=109094666959297227853125 elapsed=3042s
progress: nodes=3,330,000,000 tested=20 found=0 n=699748671414585397190625 elapsed=3042s
progress: nodes=3,340,000,000 tested=20 found=0 n=216332532328449620728125 elapsed=3043s
progress: nodes=3,350,000,000 tested=20 found=0 n=672428141386325402934375 elapsed=3043s
progress: nodes=3,360,000,000 tested=20 found=0 n=428795055022921227590625 elapsed=3044s
progress: nodes=3,370,000,000 tested=20 found=0 n=274981036003842843309375 elapsed=3044s
progress: nodes=3,380,000,000 tested=20 found=0 n=480538196706787703128125 elapsed=3045s
progress: nodes=3,390,000,000 tested=20 found=0 n=353023146945333892096875 elapsed=3045s
progress: nodes=3,400,000,000 tested=20 found=0 n=400547539648543475053125 elapsed=3046s
progress: nodes=3,410,000,000 tested=20 found=0 n=364191303056321645409375 elapsed=3046s
progress: nodes=3,420,000,000 tested=20 found=0 n=242713336350771490303125 elapsed=3047s
progress: nodes=3,430,000,000 tested=20 found=0 n=418901247517848339684375 elapsed=3047s
progress: nodes=3,440,000,000 tested=20 found=0 n=357472227786780582084375 elapsed=3048s
progress: nodes=3,450,000,000 tested=20 found=0 n=117804334813969202465625 elapsed=3048s
progress: nodes=3,460,000,000 tested=20 found=0 n=122179349260780331934375 elapsed=3049s
progress: nodes=3,470,000,000 tested=20 found=0 n=407806695088094250365625 elapsed=3049s
progress: nodes=3,480,000,000 tested=20 found=0 n=313969606989176024128125 elapsed=3049s
progress: nodes=3,490,000,000 tested=20 found=0 n=263300048937903278559375 elapsed=3050s
progress: nodes=3,500,000,000 tested=20 found=0 n=186193916498097483665625 elapsed=3051s
progress: nodes=3,510,000,000 tested=20 found=0 n=437015274610368474028125 elapsed=3051s
progress: nodes=3,520,000,000 tested=20 found=0 n=189808117409417200565625 elapsed=3052s
progress: nodes=3,530,000,000 tested=20 found=0 n=174074504087613815521875 elapsed=3052s
progress: nodes=3,540,000,000 tested=20 found=0 n=396388066733571225909375 elapsed=3052s
progress: nodes=3,550,000,000 tested=20 found=0 n=414077741260184745534375 elapsed=3053s
progress: nodes=3,560,000,000 tested=20 found=0 n=251477864481377154684375 elapsed=3053s
progress: nodes=3,570,000,000 tested=20 found=0 n=310020136289893232409375 elapsed=3054s
progress: nodes=3,580,000,000 tested=20 found=0 n=342191357032923759684375 elapsed=3054s
progress: nodes=3,590,000,000 tested=20 found=0 n=365560780107797824021875 elapsed=3055s
progress: nodes=3,600,000,000 tested=20 found=0 n=398667486536564457346875 elapsed=3056s
progress: nodes=3,610,000,000 tested=20 found=0 n=419061977781282147121875 elapsed=3056s
progress: nodes=3,620,000,000 tested=24 found=0 n=4072068761512217821875 elapsed=3057s
progress: nodes=3,630,000,000 tested=24 found=0 n=75794613227953252790625 elapsed=3082s
progress: nodes=3,640,000,000 tested=24 found=0 n=152433138320634259603125 elapsed=3124s
progress: nodes=3,650,000,000 tested=24 found=0 n=231174427299554282821875 elapsed=3167s
progress: nodes=3,660,000,000 tested=24 found=0 n=311289841223624041959375 elapsed=3211s
progress: nodes=3,670,000,000 tested=24 found=0 n=392437772559185422021875 elapsed=3254s
progress: nodes=3,680,000,000 tested=24 found=0 n=474414217869530943590625 elapsed=3298s
progress: nodes=3,690,000,000 tested=24 found=0 n=557071543264777003490625 elapsed=3345s
progress: nodes=3,700,000,000 tested=24 found=0 n=640314857107089279253125 elapsed=3390s
progress: nodes=3,710,000,000 tested=24 found=0 n=17739053730492802621875 elapsed=3424s
progress: nodes=3,720,000,000 tested=24 found=0 n=91189958897743351059375 elapsed=3459s
progress: nodes=3,730,000,000 tested=24 found=0 n=59916334506505184784375 elapsed=3483s
progress: nodes=3,740,000,000 tested=24 found=0 n=13161969351218636690625 elapsed=3499s
progress: nodes=3,750,000,000 tested=24 found=0 n=24096762641965114603125 elapsed=3502s
progress: nodes=3,760,000,000 tested=24 found=0 n=13061469999681887428125 elapsed=3503s
progress: nodes=3,770,000,000 tested=24 found=0 n=4185212965997445646875 elapsed=3503s
progress: nodes=3,780,000,000 tested=24 found=0 n=4950285848420416115625 elapsed=3504s
progress: nodes=3,790,000,000 tested=24 found=0 n=5861226199058348259375 elapsed=3504s
progress: nodes=3,800,000,000 tested=24 found=0 n=667422888176999053125 elapsed=3505s
progress: nodes=3,810,000,000 tested=25 found=0 n=23944088344943446875 elapsed=3505s
progress: nodes=3,820,000,000 tested=25 found=0 n=2514952950106399115625 elapsed=3506s
progress: nodes=3,830,000,000 tested=25 found=0 n=1812487025459119303125 elapsed=3506s
progress: nodes=3,840,000,000 tested=25 found=0 n=269909031415685146875 elapsed=3507s
progress: nodes=3,850,000,000 tested=26 found=0 n=90889150436881509375 elapsed=3507s
progress: nodes=3,860,000,000 tested=26 found=0 n=435388154015239059375 elapsed=3508s
progress: nodes=3,870,000,000 tested=26 found=0 n=794779358978544834375 elapsed=3508s
progress: nodes=3,880,000,000 tested=26 found=0 n=384257112253474809375 elapsed=3509s
progress: nodes=3,890,000,000 tested=26 found=0 n=347103804461581659375 elapsed=3509s
progress: nodes=3,900,000,000 tested=26 found=0 n=242406140066033653125 elapsed=3510s
progress: nodes=3,910,000,000 tested=26 found=0 n=82096641009865096875 elapsed=3510s
progress: nodes=3,920,000,000 tested=26 found=0 n=147945535563907940625 elapsed=3511s
progress: nodes=3,930,000,000 tested=26 found=0 n=150917434138272628125 elapsed=3511s
progress: nodes=3,940,000,000 tested=26 found=0 n=151009232335570659375 elapsed=3512s
progress: nodes=3,950,000,000 tested=26 found=0 n=141727238348905096875 elapsed=3512s
progress: nodes=3,960,000,000 tested=26 found=0 n=99484559791057715625 elapsed=3513s
progress: nodes=3,970,000,000 tested=26 found=0 n=112668126090026934375 elapsed=3513s
progress: nodes=3,980,000,000 tested=26 found=0 n=417485187166172796815625 elapsed=3514s
progress: nodes=3,990,000,000 tested=26 found=0 n=648886597713639586884375 elapsed=3514s
progress: nodes=4,000,000,000 tested=26 found=0 n=222173662185895036865625 elapsed=3514s
progress: nodes=4,010,000,000 tested=26 found=0 n=521610857052229602084375 elapsed=3515s
progress: nodes=4,020,000,000 tested=26 found=0 n=94316840578049588240625 elapsed=3515s
progress: nodes=4,030,000,000 tested=26 found=0 n=478513812242652113728125 elapsed=3516s
progress: nodes=4,040,000,000 tested=26 found=0 n=365225382099520301896875 elapsed=3516s
progress: nodes=4,050,000,000 tested=26 found=0 n=332379433240860583378125 elapsed=3517s
progress: nodes=4,060,000,000 tested=26 found=0 n=208720989192501910434375 elapsed=3517s
progress: nodes=4,070,000,000 tested=26 found=0 n=178450912268088244565625 elapsed=3518s
progress: nodes=4,080,000,000 tested=26 found=0 n=34528538366876793403125 elapsed=3518s
progress: nodes=4,090,000,000 tested=26 found=0 n=53250910428637876134375 elapsed=3519s
progress: nodes=4,100,000,000 tested=26 found=0 n=122393855278314359634375 elapsed=3519s
progress: nodes=4,110,000,000 tested=26 found=0 n=57131135159616813628125 elapsed=3520s
progress: nodes=4,120,000,000 tested=26 found=0 n=37069605998967469809375 elapsed=3520s
progress: nodes=4,130,000,000 tested=26 found=0 n=112300013639070502903125 elapsed=3521s
progress: nodes=4,140,000,000 tested=26 found=0 n=60580576832925911653125 elapsed=3521s
progress: nodes=4,150,000,000 tested=26 found=0 n=90304991559329756259375 elapsed=3522s
progress: nodes=4,160,000,000 tested=27 found=0 n=10759098248107131853125 elapsed=3522s
progress: nodes=4,170,000,000 tested=27 found=0 n=15602026272537359728125 elapsed=3541s
progress: nodes=4,180,000,000 tested=27 found=0 n=310126263872221996875 elapsed=3563s
progress: nodes=4,190,000,000 tested=27 found=0 n=2618144293104536259375 elapsed=3563s
progress: nodes=4,200,000,000 tested=27 found=0 n=626736383745227071875 elapsed=3564s
progress: nodes=4,210,000,000 tested=27 found=0 n=1131572405115735496875 elapsed=3564s
progress: nodes=4,220,000,000 tested=27 found=0 n=221133728528212134375 elapsed=3565s
progress: nodes=4,230,000,000 tested=27 found=0 n=8311794935044696875 elapsed=3565s
progress: nodes=4,240,000,000 tested=27 found=0 n=317727068450288321784375 elapsed=3566s
progress: nodes=4,250,000,000 tested=27 found=0 n=324581352193236117403125 elapsed=3566s
progress: nodes=4,260,000,000 tested=27 found=0 n=43378416031456715625 elapsed=3567s
progress: nodes=4,270,000,000 tested=27 found=0 n=412468891563339947334375 elapsed=3567s
progress: nodes=4,280,000,000 tested=27 found=0 n=795496072021793614996875 elapsed=3568s
progress: nodes=4,290,000,000 tested=27 found=0 n=46240917820467215625 elapsed=3568s
progress: nodes=4,300,000,000 tested=27 found=0 n=32029659728032809375 elapsed=3569s
progress: nodes=4,310,000,000 tested=27 found=0 n=970828091953675677759375 elapsed=3569s
progress: nodes=4,320,000,000 tested=27 found=0 n=140891998522794851840625 elapsed=3570s
progress: nodes=4,330,000,000 tested=27 found=0 n=193738901296235227115625 elapsed=3570s
progress: nodes=4,340,000,000 tested=27 found=0 n=118356579378326439759375 elapsed=3571s
progress: nodes=4,350,000,000 tested=27 found=0 n=23472556423885187409375 elapsed=3571s
progress: nodes=4,360,000,000 tested=27 found=0 n=56321945165725284459375 elapsed=3572s
progress: nodes=4,370,000,000 tested=27 found=0 n=40339572760999818759375 elapsed=3572s
progress: nodes=4,380,000,000 tested=27 found=0 n=23514350105704044965625 elapsed=3573s
progress: nodes=4,390,000,000 tested=29 found=0 n=907333534887703340625 elapsed=3573s
progress: nodes=4,400,000,000 tested=29 found=0 n=1924146543186935803125 elapsed=3574s
progress: nodes=4,410,000,000 tested=29 found=0 n=875692101409877334375 elapsed=3574s
progress: nodes=4,420,000,000 tested=29 found=0 n=45076836754787540625 elapsed=3575s
progress: nodes=4,430,000,000 tested=29 found=0 n=337286581820497951565625 elapsed=3575s
progress: nodes=4,440,000,000 tested=29 found=0 n=51701325731347134375 elapsed=3576s
progress: nodes=4,450,000,000 tested=30 found=0 n=17784942637915659375 elapsed=3576s
progress: nodes=4,460,000,000 tested=30 found=0 n=35579077344899521875 elapsed=3576s
progress: nodes=4,470,000,000 tested=30 found=0 n=11786392025298028125 elapsed=3577s
progress: nodes=4,480,000,000 tested=30 found=0 n=852399847366722161690625 elapsed=3577s
progress: nodes=4,490,000,000 tested=30 found=0 n=956369276106266319496875 elapsed=3578s
progress: nodes=4,500,000,000 tested=30 found=0 n=916907007916232251059375 elapsed=3578s
progress: nodes=4,510,000,000 tested=30 found=0 n=935892479366779639696875 elapsed=3579s
progress: nodes=4,520,000,000 tested=30 found=0 n=974014842640865012690625 elapsed=3579s
progress: nodes=4,530,000,000 tested=30 found=0 n=961480296253098448003125 elapsed=3580s
progress: nodes=4,540,000,000 tested=30 found=0 n=985132453796660812865625 elapsed=3580s
progress: nodes=4,550,000,000 tested=30 found=0 n=27385786073209809375 elapsed=3580s
progress: nodes=4,560,000,000 tested=30 found=0 n=993006190405973905565625 elapsed=3581s
progress: nodes=4,570,000,000 tested=30 found=0 n=837431341635753169621875 elapsed=3581s
progress: nodes=4,580,000,000 tested=30 found=0 n=899807453814638435990625 elapsed=3582s
progress: nodes=4,590,000,000 tested=30 found=0 n=917745356060807375278125 elapsed=3582s
progress: nodes=4,600,000,000 tested=30 found=0 n=834345936834964843696875 elapsed=3583s
progress: nodes=4,610,000,000 tested=30 found=0 n=930766983245683213134375 elapsed=3583s
progress: nodes=4,620,000,000 tested=30 found=0 n=908269482772603992178125 elapsed=3584s
progress: nodes=4,630,000,000 tested=30 found=0 n=969724474021040195615625 elapsed=3584s
progress: nodes=4,640,000,000 tested=30 found=0 n=23590071363138271875 elapsed=3584s
progress: nodes=4,650,000,000 tested=30 found=0 n=760592128014376666003125 elapsed=3585s
progress: nodes=4,660,000,000 tested=30 found=0 n=947093575508204521190625 elapsed=3585s
progress: nodes=4,670,000,000 tested=30 found=0 n=824687702851332295096875 elapsed=3586s
progress: nodes=4,680,000,000 tested=30 found=0 n=950582148052420344459375 elapsed=3586s
progress: nodes=4,690,000,000 tested=30 found=0 n=776180959468956543571875 elapsed=3587s
progress: nodes=4,700,000,000 tested=30 found=0 n=920953313056374336253125 elapsed=3587s
progress: nodes=4,710,000,000 tested=30 found=0 n=826890927809080945809375 elapsed=3588s
progress: nodes=4,720,000,000 tested=30 found=0 n=757001054109862738434375 elapsed=3588s
progress: nodes=4,730,000,000 tested=30 found=0 n=885300785739781731815625 elapsed=3588s
progress: nodes=4,740,000,000 tested=30 found=0 n=978827582173124374396875 elapsed=3589s
progress: nodes=4,750,000,000 tested=30 found=0 n=994140880540313047790625 elapsed=3589s
progress: nodes=4,760,000,000 tested=30 found=0 n=797756196416491310821875 elapsed=3590s
progress: nodes=4,770,000,000 tested=30 found=0 n=984704018759482560946875 elapsed=3590s
progress: nodes=4,780,000,000 tested=30 found=0 n=959051535749117874253125 elapsed=3591s
progress: nodes=4,790,000,000 tested=30 found=0 n=863927138970571925559375 elapsed=3591s
progress: nodes=4,800,000,000 tested=30 found=0 n=834874642970772654290625 elapsed=3592s
progress: nodes=4,810,000,000 tested=30 found=0 n=972504277108743906028125 elapsed=3592s
progress: nodes=4,820,000,000 tested=30 found=0 n=808845795415836308446875 elapsed=3592s
progress: nodes=4,830,000,000 tested=30 found=0 n=978244384007947798096875 elapsed=3593s
progress: nodes=4,840,000,000 tested=30 found=0 n=902740359074030378971875 elapsed=3593s
progress: nodes=4,850,000,000 tested=30 found=0 n=776785291926363416896875 elapsed=3594s
progress: nodes=4,860,000,000 tested=30 found=0 n=768931610100231370528125 elapsed=3594s
progress: nodes=4,870,000,000 tested=30 found=0 n=900496682689161713146875 elapsed=3595s
progress: nodes=4,880,000,000 tested=30 found=0 n=826712979719427968821875 elapsed=3595s
progress: nodes=4,890,000,000 tested=30 found=0 n=962968417088276178815625 elapsed=3596s
progress: nodes=4,900,000,000 tested=30 found=0 n=798301317423120246084375 elapsed=3596s
progress: nodes=4,910,000,000 tested=30 found=0 n=740735970174993052040625 elapsed=3596s
progress: nodes=4,920,000,000 tested=30 found=0 n=918812503781198658084375 elapsed=3597s
progress: nodes=4,930,000,000 tested=30 found=0 n=723995392070042632434375 elapsed=3597s
progress: nodes=4,940,000,000 tested=30 found=0 n=753608431569562967896875 elapsed=3598s
progress: nodes=4,950,000,000 tested=30 found=0 n=993939209162410763728125 elapsed=3598s
progress: nodes=4,960,000,000 tested=30 found=0 n=999152612166232606021875 elapsed=3599s
progress: nodes=4,970,000,000 tested=30 found=0 n=782446966292637447384375 elapsed=3599s
progress: nodes=4,980,000,000 tested=30 found=0 n=839630213128316328834375 elapsed=3600s

done in 3600.0s | nodes=4,989,575,168 | tested=30 | weird=0
