search v2: odd=True, N_CAP=1.00e+24, DELTA_MAX=1.0e+07, MIN_DEPTH=6
SPF shard: smallest prime factor = 3
P2 sub-shard: second prime factor = 5
P3 sub-sub-shard: third prime factor = 7
progress: nodes=10,000,000 tested=0 found=0 n=969202240253335953840045 elapsed=1s
progress: nodes=20,000,000 tested=0 found=0 n=753008313115402943454555 elapsed=2s
progress: nodes=30,000,000 tested=0 found=0 n=751001525932145678505735 elapsed=3s
progress: nodes=40,000,000 tested=0 found=0 n=439824766596864521273835 elapsed=3s
progress: nodes=50,000,000 tested=0 found=0 n=806460341766720235498785 elapsed=4s
progress: nodes=60,000,000 tested=0 found=0 n=581539558075578844670145 elapsed=5s
progress: nodes=70,000,000 tested=0 found=0 n=490393000228858314720195 elapsed=6s
progress: nodes=80,000,000 tested=0 found=0 n=788448616552132246077045 elapsed=6s
progress: nodes=90,000,000 tested=0 found=0 n=561216573670426600870545 elapsed=7s
progress: nodes=100,000,000 tested=0 found=0 n=697436342293120735222365 elapsed=8s
progress: nodes=110,000,000 tested=0 found=0 n=265517070189828172521855 elapsed=8s
progress: nodes=120,000,000 tested=0 found=0 n=285044447743684210325415 elapsed=9s
progress: nodes=130,000,000 tested=0 found=0 n=596870633353082867110185 elapsed=10s
progress: nodes=140,000,000 tested=0 found=0 n=242993102661771868573545 elapsed=10s
progress: nodes=150,000,000 tested=0 found=0 n=525867399380215866303645 elapsed=11s
progress: nodes=160,000,000 tested=0 found=0 n=756682815708157717083495 elapsed=11s
progress: nodes=170,000,000 tested=0 found=0 n=434452539394201082050695 elapsed=12s
progress: nodes=180,000,000 tested=0 found=0 n=368915349636623867541765 elapsed=13s
progress: nodes=190,000,000 tested=0 found=0 n=417349539398434066816245 elapsed=13s
progress: nodes=200,000,000 tested=0 found=0 n=392280029342323042483605 elapsed=14s
progress: nodes=210,000,000 tested=0 found=0 n=280787504206525380960315 elapsed=14s
progress: nodes=220,000,000 tested=0 found=0 n=136081661608931796287355 elapsed=15s
progress: nodes=230,000,000 tested=0 found=0 n=185078867908154084138085 elapsed=15s
progress: nodes=240,000,000 tested=0 found=0 n=866785150243999072473765 elapsed=16s
progress: nodes=250,000,000 tested=0 found=0 n=158006855369388528311235 elapsed=16s
progress: nodes=260,000,000 tested=0 found=0 n=133907678061663263611665 elapsed=17s
progress: nodes=270,000,000 tested=0 found=0 n=310180996522112641904265 elapsed=17s
progress: nodes=280,000,000 tested=0 found=0 n=176777734896007869898995 elapsed=18s
progress: nodes=290,000,000 tested=0 found=0 n=241716763737833201124195 elapsed=18s
progress: nodes=300,000,000 tested=0 found=0 n=219015649970084349516855 elapsed=19s
progress: nodes=310,000,000 tested=0 found=0 n=59481224254687616235015 elapsed=19s
progress: nodes=320,000,000 tested=0 found=0 n=123149062529226263151615 elapsed=20s
progress: nodes=330,000,000 tested=0 found=0 n=925479511975771250391285 elapsed=20s
progress: nodes=340,000,000 tested=0 found=0 n=223277396865249298290285 elapsed=21s
progress: nodes=350,000,000 tested=0 found=0 n=182810899700977709884485 elapsed=21s
progress: nodes=360,000,000 tested=0 found=0 n=134246171314195437125055 elapsed=22s
progress: nodes=370,000,000 tested=0 found=0 n=138705172411422798357855 elapsed=23s
progress: nodes=380,000,000 tested=0 found=0 n=172082880037359635348865 elapsed=23s
progress: nodes=390,000,000 tested=0 found=0 n=714959630807340163260435 elapsed=24s
progress: nodes=400,000,000 tested=0 found=0 n=939855466351337238228855 elapsed=25s
progress: nodes=410,000,000 tested=0 found=0 n=549407616283184486977905 elapsed=25s
progress: nodes=420,000,000 tested=0 found=0 n=706176924504155713055685 elapsed=26s
progress: nodes=430,000,000 tested=0 found=0 n=868030798784197463527665 elapsed=26s
progress: nodes=440,000,000 tested=0 found=0 n=24604635611634720452895 elapsed=27s
progress: nodes=450,000,000 tested=0 found=0 n=56178736516709507047935 elapsed=27s
progress: nodes=460,000,000 tested=0 found=0 n=39782057871151617449295 elapsed=27s
progress: nodes=470,000,000 tested=0 found=0 n=41632912153072222375155 elapsed=28s
progress: nodes=480,000,000 tested=0 found=0 n=63886494010606453993485 elapsed=28s
progress: nodes=490,000,000 tested=0 found=0 n=701871148309481209153605 elapsed=29s
progress: nodes=500,000,000 tested=0 found=0 n=8926842573050172537165 elapsed=29s
progress: nodes=510,000,000 tested=0 found=0 n=796245819727233161703165 elapsed=30s
progress: nodes=520,000,000 tested=0 found=0 n=782283108647113345096545 elapsed=31s
progress: nodes=530,000,000 tested=0 found=0 n=112286956619729415994365 elapsed=31s
progress: nodes=540,000,000 tested=0 found=0 n=111398098204423331154735 elapsed=32s
progress: nodes=550,000,000 tested=0 found=0 n=113216545349145475003515 elapsed=32s
progress: nodes=560,000,000 tested=0 found=0 n=30025357135188532006155 elapsed=32s
progress: nodes=570,000,000 tested=0 found=0 n=13300270785375509720085 elapsed=33s
progress: nodes=580,000,000 tested=0 found=0 n=9527067574119781625415 elapsed=33s
progress: nodes=590,000,000 tested=0 found=0 n=963012648804514436752995 elapsed=34s
progress: nodes=600,000,000 tested=0 found=0 n=575457280923232683591315 elapsed=35s
progress: nodes=610,000,000 tested=0 found=0 n=694216355988492035655915 elapsed=35s
progress: nodes=620,000,000 tested=0 found=0 n=41674498182492646202445 elapsed=36s
progress: nodes=630,000,000 tested=0 found=0 n=506861422147747402499715 elapsed=36s
progress: nodes=640,000,000 tested=0 found=0 n=237745708013377009679835 elapsed=37s
progress: nodes=650,000,000 tested=0 found=0 n=3569697210644171598495 elapsed=37s
progress: nodes=660,000,000 tested=0 found=0 n=689775847498665622009455 elapsed=38s
progress: nodes=670,000,000 tested=0 found=0 n=831118305134954671604805 elapsed=38s
progress: nodes=680,000,000 tested=0 found=0 n=71857484673500565344445 elapsed=39s
progress: nodes=690,000,000 tested=0 found=0 n=195630757377619945816365 elapsed=39s
progress: nodes=700,000,000 tested=0 found=0 n=12698155916831201807235 elapsed=40s
progress: nodes=710,000,000 tested=0 found=0 n=4760675068133521801005 elapsed=40s
progress: nodes=720,000,000 tested=0 found=0 n=2697678029173740641385 elapsed=41s
progress: nodes=730,000,000 tested=0 found=0 n=260799073515068212383735 elapsed=42s
progress: nodes=740,000,000 tested=0 found=0 n=448563255493827846820245 elapsed=42s
progress: nodes=750,000,000 tested=0 found=0 n=92900680068735031293885 elapsed=43s
progress: nodes=760,000,000 tested=0 found=0 n=307559864219636522543385 elapsed=43s
progress: nodes=770,000,000 tested=0 found=0 n=60049696705235906210745 elapsed=44s
progress: nodes=780,000,000 tested=0 found=0 n=8544823077279615414645 elapsed=44s
progress: nodes=790,000,000 tested=0 found=0 n=434025930248404478830335 elapsed=45s
progress: nodes=800,000,000 tested=0 found=0 n=745248161490971566757595 elapsed=45s
progress: nodes=810,000,000 tested=0 found=0 n=129175466218620396821295 elapsed=46s
progress: nodes=820,000,000 tested=0 found=0 n=67347737192001239099385 elapsed=46s
progress: nodes=830,000,000 tested=0 found=0 n=54743186190943134030405 elapsed=47s
progress: nodes=840,000,000 tested=0 found=0 n=833726944070325374989395 elapsed=47s
progress: nodes=850,000,000 tested=0 found=0 n=280832798753515075053315 elapsed=48s
progress: nodes=860,000,000 tested=0 found=0 n=17941379976390980346195 elapsed=49s
progress: nodes=870,000,000 tested=0 found=0 n=888225021997217711805495 elapsed=49s
progress: nodes=880,000,000 tested=0 found=0 n=631758146248652555340705 elapsed=50s
progress: nodes=890,000,000 tested=0 found=0 n=856563412303625198542545 elapsed=50s
progress: nodes=900,000,000 tested=0 found=0 n=362734008821116073933295 elapsed=51s
progress: nodes=910,000,000 tested=0 found=0 n=15340470069702506025045 elapsed=51s
progress: nodes=920,000,000 tested=0 found=0 n=633158383045959502727205 elapsed=52s
progress: nodes=930,000,000 tested=0 found=0 n=83710173896551764291135 elapsed=53s
progress: nodes=940,000,000 tested=0 found=0 n=158404854406471926737295 elapsed=53s
progress: nodes=950,000,000 tested=0 found=0 n=16992969842676954463365 elapsed=54s
progress: nodes=960,000,000 tested=0 found=0 n=1593104885696188338285 elapsed=54s
progress: nodes=970,000,000 tested=0 found=0 n=288446805950628128161785 elapsed=55s
progress: nodes=980,000,000 tested=0 found=0 n=102448772665763036936955 elapsed=56s
progress: nodes=990,000,000 tested=0 found=0 n=29021173492580613461355 elapsed=56s
progress: nodes=1,000,000,000 tested=0 found=0 n=317857295010712666023465 elapsed=57s
progress: nodes=1,010,000,000 tested=0 found=0 n=915642678672507980226585 elapsed=58s
progress: nodes=1,020,000,000 tested=0 found=0 n=539848277474251786638045 elapsed=58s
progress: nodes=1,030,000,000 tested=0 found=0 n=114807487463801259979845 elapsed=59s
progress: nodes=1,040,000,000 tested=0 found=0 n=618176757296286433433685 elapsed=60s
progress: nodes=1,050,000,000 tested=0 found=0 n=891264191090800435786815 elapsed=60s
progress: nodes=1,060,000,000 tested=0 found=0 n=999105598995573745673445 elapsed=61s
progress: nodes=1,070,000,000 tested=0 found=0 n=135226037449629307630155 elapsed=62s
progress: nodes=1,080,000,000 tested=0 found=0 n=363408112907639879766645 elapsed=62s
progress: nodes=1,090,000,000 tested=0 found=0 n=261009300895754560248435 elapsed=63s
progress: nodes=1,100,000,000 tested=0 found=0 n=977419095502460622466035 elapsed=64s
progress: nodes=1,110,000,000 tested=0 found=0 n=723663046170407488134885 elapsed=64s
progress: nodes=1,120,000,000 tested=0 found=0 n=288804245306925675812205 elapsed=65s
progress: nodes=1,130,000,000 tested=0 found=0 n=50995724987540567366895 elapsed=66s
progress: nodes=1,140,000,000 tested=0 found=0 n=988241123944395185756115 elapsed=66s
progress: nodes=1,150,000,000 tested=0 found=0 n=352318280641774630008315 elapsed=67s
progress: nodes=1,160,000,000 tested=0 found=0 n=989474323743711261365595 elapsed=68s
progress: nodes=1,170,000,000 tested=0 found=0 n=710246611862102745079755 elapsed=69s
progress: nodes=1,180,000,000 tested=0 found=0 n=52777683360898437609255 elapsed=70s
progress: nodes=1,190,000,000 tested=0 found=0 n=3604305521992186883445 elapsed=70s
progress: nodes=1,200,000,000 tested=0 found=0 n=470493993738760643238195 elapsed=71s
progress: nodes=1,210,000,000 tested=0 found=0 n=867896876149919077769895 elapsed=72s
progress: nodes=1,220,000,000 tested=0 found=0 n=844829650243179905207505 elapsed=72s
progress: nodes=1,230,000,000 tested=0 found=0 n=863370345135211402828605 elapsed=73s
progress: nodes=1,240,000,000 tested=0 found=0 n=169451072784903227520405 elapsed=74s
progress: nodes=1,250,000,000 tested=0 found=0 n=966670570083534487947195 elapsed=75s
progress: nodes=1,260,000,000 tested=0 found=0 n=651794138270301343720515 elapsed=75s
progress: nodes=1,270,000,000 tested=0 found=0 n=934001024416053491565465 elapsed=76s
progress: nodes=1,280,000,000 tested=0 found=0 n=246068978257440073785 elapsed=77s
progress: nodes=1,290,000,000 tested=0 found=0 n=417239625445779451594965 elapsed=78s
progress: nodes=1,300,000,000 tested=0 found=0 n=20928788940364217233755 elapsed=78s
progress: nodes=1,310,000,000 tested=0 found=0 n=481717320924189802408845 elapsed=79s
progress: nodes=1,320,000,000 tested=0 found=0 n=660713278145701112050845 elapsed=80s
progress: nodes=1,330,000,000 tested=0 found=0 n=620920290557119042565565 elapsed=81s
progress: nodes=1,340,000,000 tested=0 found=0 n=627216978440752297522995 elapsed=82s
progress: nodes=1,350,000,000 tested=0 found=0 n=881440466984835852130365 elapsed=82s
progress: nodes=1,360,000,000 tested=0 found=0 n=488045397001666470487815 elapsed=83s
progress: nodes=1,370,000,000 tested=0 found=0 n=695170326610448103714495 elapsed=84s
progress: nodes=1,380,000,000 tested=0 found=0 n=751767238602844123195095 elapsed=85s
progress: nodes=1,390,000,000 tested=0 found=0 n=538428097849243971532485 elapsed=86s
progress: nodes=1,400,000,000 tested=0 found=0 n=3875041876911116289315 elapsed=86s
progress: nodes=1,410,000,000 tested=0 found=0 n=581750581335287939735685 elapsed=87s
progress: nodes=1,420,000,000 tested=0 found=0 n=659697751456636495063965 elapsed=88s
progress: nodes=1,430,000,000 tested=0 found=0 n=853949691078505697933355 elapsed=89s
progress: nodes=1,440,000,000 tested=0 found=0 n=559546019049329693762955 elapsed=90s
progress: nodes=1,450,000,000 tested=0 found=0 n=823046431931700309128145 elapsed=90s
progress: nodes=1,460,000,000 tested=0 found=0 n=442545895677506276694045 elapsed=91s
progress: nodes=1,470,000,000 tested=0 found=0 n=726211691837090311067355 elapsed=92s
progress: nodes=1,480,000,000 tested=0 found=0 n=587344012458203221340595 elapsed=93s
progress: nodes=1,490,000,000 tested=0 found=0 n=417167033329571757045555 elapsed=94s
progress: nodes=1,500,000,000 tested=0 found=0 n=627124531244867113751265 elapsed=94s
progress: nodes=1,510,000,000 tested=0 found=0 n=359727298607800977583485 elapsed=95s
progress: nodes=1,520,000,000 tested=0 found=0 n=473746296455680047603195 elapsed=96s
progress: nodes=1,530,000,000 tested=0 found=0 n=500340408032847113445 elapsed=97s
progress: nodes=1,540,000,000 tested=0 found=0 n=442866266657759991320085 elapsed=98s
progress: nodes=1,550,000,000 tested=0 found=0 n=836258118151700076898485 elapsed=99s
progress: nodes=1,560,000,000 tested=0 found=0 n=4069150509756433033695 elapsed=99s
progress: nodes=1,570,000,000 tested=0 found=0 n=990406502331171553027365 elapsed=100s
progress: nodes=1,580,000,000 tested=0 found=0 n=388564889699815311185115 elapsed=101s
progress: nodes=1,590,000,000 tested=0 found=0 n=146619231741923384515155 elapsed=102s
progress: nodes=1,600,000,000 tested=0 found=0 n=865112791436690824060635 elapsed=103s
progress: nodes=1,610,000,000 tested=0 found=0 n=513746531105341562817915 elapsed=104s
progress: nodes=1,620,000,000 tested=0 found=0 n=974463139939881325531245 elapsed=104s
progress: nodes=1,630,000,000 tested=0 found=0 n=384371364685915010177655 elapsed=105s
progress: nodes=1,640,000,000 tested=0 found=0 n=962911229216961993164805 elapsed=106s
progress: nodes=1,650,000,000 tested=0 found=0 n=738290735695058322108885 elapsed=107s
progress: nodes=1,660,000,000 tested=0 found=0 n=651811432135568892457935 elapsed=108s
progress: nodes=1,670,000,000 tested=0 found=0 n=194501671209873326634405 elapsed=109s
progress: nodes=1,680,000,000 tested=0 found=0 n=415503089873082746108385 elapsed=109s
progress: nodes=1,690,000,000 tested=0 found=0 n=807902767796758757127165 elapsed=110s
progress: nodes=1,700,000,000 tested=0 found=0 n=635524642576964260777755 elapsed=111s
progress: nodes=1,710,000,000 tested=0 found=0 n=791346982384347210545745 elapsed=112s
progress: nodes=1,720,000,000 tested=0 found=0 n=286727661238154141766495 elapsed=113s
progress: nodes=1,730,000,000 tested=0 found=0 n=409736564271166505182005 elapsed=114s
progress: nodes=1,740,000,000 tested=0 found=0 n=619558713331996411325415 elapsed=114s
progress: nodes=1,750,000,000 tested=0 found=0 n=174683872012556337712995 elapsed=115s
progress: nodes=1,760,000,000 tested=0 found=0 n=656463399701434191962445 elapsed=116s
progress: nodes=1,770,000,000 tested=0 found=0 n=454925944507075411902735 elapsed=117s
progress: nodes=1,780,000,000 tested=0 found=0 n=362221615073096528506995 elapsed=118s
progress: nodes=1,790,000,000 tested=0 found=0 n=281352784977029519128095 elapsed=119s
progress: nodes=1,800,000,000 tested=0 found=0 n=867622102556310669107715 elapsed=119s
progress: nodes=1,810,000,000 tested=0 found=0 n=260134321612843981403205 elapsed=120s
progress: nodes=1,820,000,000 tested=0 found=0 n=292180156770917154940305 elapsed=121s
progress: nodes=1,830,000,000 tested=0 found=0 n=754535875683864151017105 elapsed=122s
progress: nodes=1,840,000,000 tested=0 found=0 n=406764537115716761303805 elapsed=123s
progress: nodes=1,850,000,000 tested=0 found=0 n=208217365600979943707205 elapsed=124s
progress: nodes=1,860,000,000 tested=0 found=0 n=308874332026616259753255 elapsed=124s
progress: nodes=1,870,000,000 tested=0 found=0 n=509218425958352673787035 elapsed=125s
progress: nodes=1,880,000,000 tested=0 found=0 n=979939104835520936740305 elapsed=126s
progress: nodes=1,890,000,000 tested=0 found=0 n=420781822436398949597715 elapsed=127s
progress: nodes=1,900,000,000 tested=0 found=0 n=641119636262305457009655 elapsed=128s
progress: nodes=1,910,000,000 tested=0 found=0 n=282936977292126988994835 elapsed=129s
progress: nodes=1,920,000,000 tested=0 found=0 n=297537811995430301839215 elapsed=130s
progress: nodes=1,930,000,000 tested=0 found=0 n=231095845385744128966155 elapsed=130s
progress: nodes=1,940,000,000 tested=0 found=0 n=326762412684608867026305 elapsed=131s
progress: nodes=1,950,000,000 tested=0 found=0 n=420843241748982706097745 elapsed=132s
progress: nodes=1,960,000,000 tested=0 found=0 n=341223376278758978124015 elapsed=133s
progress: nodes=1,970,000,000 tested=0 found=0 n=137562299525998950873585 elapsed=134s
progress: nodes=1,980,000,000 tested=0 found=0 n=402642666842375351836815 elapsed=135s
progress: nodes=1,990,000,000 tested=0 found=0 n=360257246526141654264435 elapsed=136s
progress: nodes=2,000,000,000 tested=0 found=0 n=937594161435208492210065 elapsed=136s
progress: nodes=2,010,000,000 tested=0 found=0 n=566056929724877214112965 elapsed=137s
progress: nodes=2,020,000,000 tested=0 found=0 n=744612319968730934785365 elapsed=138s
progress: nodes=2,030,000,000 tested=0 found=0 n=712301452417657250618295 elapsed=139s
progress: nodes=2,040,000,000 tested=0 found=0 n=511537754150896544079015 elapsed=140s
progress: nodes=2,050,000,000 tested=0 found=0 n=926385532217907805703415 elapsed=141s
progress: nodes=2,060,000,000 tested=0 found=0 n=440215340855806481728665 elapsed=142s
progress: nodes=2,070,000,000 tested=0 found=0 n=215154728140392338223345 elapsed=143s
progress: nodes=2,080,000,000 tested=0 found=0 n=257653360586675520118365 elapsed=143s
progress: nodes=2,090,000,000 tested=0 found=0 n=302087571287384447553135 elapsed=144s
progress: nodes=2,100,000,000 tested=0 found=0 n=445011016048063172935395 elapsed=145s
progress: nodes=2,110,000,000 tested=0 found=0 n=494665571809947974279235 elapsed=146s
progress: nodes=2,120,000,000 tested=0 found=0 n=546568854134940681198105 elapsed=147s
progress: nodes=2,130,000,000 tested=0 found=0 n=72963285300193716528135 elapsed=148s
progress: nodes=2,140,000,000 tested=0 found=0 n=610556639017306873242435 elapsed=149s
progress: nodes=2,150,000,000 tested=0 found=0 n=93829819360991099520435 elapsed=150s
progress: nodes=2,160,000,000 tested=0 found=0 n=202344568020702051882315 elapsed=151s
progress: nodes=2,170,000,000 tested=0 found=0 n=708991840905221222291145 elapsed=152s
progress: nodes=2,180,000,000 tested=0 found=0 n=764006675936900283287715 elapsed=153s
progress: nodes=2,190,000,000 tested=0 found=0 n=54823766433335215890735 elapsed=154s
progress: nodes=2,200,000,000 tested=0 found=0 n=181084042445270319843285 elapsed=154s
progress: nodes=2,210,000,000 tested=0 found=0 n=77203664548662572061855 elapsed=155s
progress: nodes=2,220,000,000 tested=0 found=0 n=218410759869462307865865 elapsed=156s
progress: nodes=2,230,000,000 tested=0 found=0 n=65570551360822095502845 elapsed=157s
progress: nodes=2,240,000,000 tested=0 found=0 n=17428950038317648885005 elapsed=158s
progress: nodes=2,250,000,000 tested=0 found=0 n=543010193758731123042135 elapsed=158s
progress: nodes=2,260,000,000 tested=0 found=0 n=160865463263364355754265 elapsed=159s
progress: nodes=2,270,000,000 tested=0 found=0 n=647291217558892065403755 elapsed=160s
progress: nodes=2,280,000,000 tested=0 found=0 n=19193737931203285921695 elapsed=161s
progress: nodes=2,290,000,000 tested=0 found=0 n=26650018656663157076055 elapsed=161s
progress: nodes=2,300,000,000 tested=0 found=0 n=459024611408879888023995 elapsed=162s
progress: nodes=2,310,000,000 tested=0 found=0 n=9902550887403507161535 elapsed=162s
progress: nodes=2,320,000,000 tested=0 found=0 n=248308111052502028462095 elapsed=163s
progress: nodes=2,330,000,000 tested=0 found=0 n=510747360703543743823365 elapsed=164s
progress: nodes=2,340,000,000 tested=0 found=0 n=841065469517475672381345 elapsed=165s
progress: nodes=2,350,000,000 tested=0 found=0 n=3863176107487271198295 elapsed=166s
progress: nodes=2,360,000,000 tested=0 found=0 n=594083192715578910604785 elapsed=166s
progress: nodes=2,370,000,000 tested=0 found=0 n=760360275274538103453435 elapsed=167s
progress: nodes=2,380,000,000 tested=0 found=0 n=891738887427319368521595 elapsed=168s
progress: nodes=2,390,000,000 tested=0 found=0 n=383656942773033435199995 elapsed=168s
progress: nodes=2,400,000,000 tested=0 found=0 n=341569572850790437946205 elapsed=169s
progress: nodes=2,410,000,000 tested=0 found=0 n=949700433292845847448115 elapsed=170s
progress: nodes=2,420,000,000 tested=0 found=0 n=249606614673157856329005 elapsed=170s
progress: nodes=2,430,000,000 tested=0 found=0 n=308049937484685777964065 elapsed=171s
progress: nodes=2,440,000,000 tested=0 found=0 n=281065286404979265787815 elapsed=171s
progress: nodes=2,450,000,000 tested=0 found=0 n=520946775024479365116765 elapsed=172s
progress: nodes=2,460,000,000 tested=0 found=0 n=154844932363544615927385 elapsed=172s
progress: nodes=2,470,000,000 tested=0 found=0 n=311007889245458745167835 elapsed=173s
progress: nodes=2,480,000,000 tested=0 found=0 n=195112704641683766281995 elapsed=173s
progress: nodes=2,490,000,000 tested=0 found=0 n=180420055718763844595955 elapsed=174s
progress: nodes=2,500,000,000 tested=0 found=0 n=310175214838132651448385 elapsed=174s
progress: nodes=2,510,000,000 tested=0 found=0 n=322853652354666888954555 elapsed=175s
progress: nodes=2,520,000,000 tested=0 found=0 n=342254061076159773577995 elapsed=175s
progress: nodes=2,530,000,000 tested=0 found=0 n=57733312021852026289695 elapsed=176s
progress: nodes=2,540,000,000 tested=0 found=0 n=938924027007624741267555 elapsed=176s
progress: nodes=2,550,000,000 tested=0 found=0 n=33145178995315127784435 elapsed=177s
progress: nodes=2,560,000,000 tested=0 found=0 n=55112406788832353494485 elapsed=177s
progress: nodes=2,570,000,000 tested=0 found=0 n=201474862943573424325155 elapsed=178s
progress: nodes=2,580,000,000 tested=0 found=0 n=80888609639949953261385 elapsed=178s
progress: nodes=2,590,000,000 tested=0 found=0 n=65089947453770883177345 elapsed=179s
progress: nodes=2,600,000,000 tested=0 found=0 n=437920473564935627317905 elapsed=179s
progress: nodes=2,610,000,000 tested=0 found=0 n=46297394167069483172385 elapsed=180s
progress: nodes=2,620,000,000 tested=0 found=0 n=78158765401353647783115 elapsed=180s
progress: nodes=2,630,000,000 tested=0 found=0 n=771146029304454615756105 elapsed=181s
progress: nodes=2,640,000,000 tested=0 found=0 n=14515741828835448512745 elapsed=181s
progress: nodes=2,650,000,000 tested=0 found=0 n=36750550003919276632485 elapsed=182s
progress: nodes=2,660,000,000 tested=0 found=0 n=41514057692544827148465 elapsed=182s
progress: nodes=2,670,000,000 tested=0 found=0 n=579888614627654791154955 elapsed=183s
progress: nodes=2,680,000,000 tested=0 found=0 n=716353033943323574536305 elapsed=183s
progress: nodes=2,690,000,000 tested=0 found=0 n=818702703406201202501115 elapsed=184s
progress: nodes=2,700,000,000 tested=0 found=0 n=476359197930107055547935 elapsed=184s
progress: nodes=2,710,000,000 tested=0 found=0 n=393894570333732513913455 elapsed=185s
progress: nodes=2,720,000,000 tested=0 found=0 n=942094622033363246876085 elapsed=185s
progress: nodes=2,730,000,000 tested=0 found=0 n=259811185392244392718035 elapsed=186s
progress: nodes=2,740,000,000 tested=0 found=0 n=189134827475934640450395 elapsed=186s
progress: nodes=2,750,000,000 tested=0 found=0 n=345382886966121756215835 elapsed=187s
progress: nodes=2,760,000,000 tested=0 found=0 n=166890709458809413210245 elapsed=187s
progress: nodes=2,770,000,000 tested=0 found=0 n=29055860426515644733305 elapsed=188s
progress: nodes=2,780,000,000 tested=0 found=0 n=428187050880313825778685 elapsed=188s
progress: nodes=2,790,000,000 tested=0 found=0 n=131928834581180890430415 elapsed=189s
progress: nodes=2,800,000,000 tested=0 found=0 n=24974451233782011123645 elapsed=189s
progress: nodes=2,810,000,000 tested=0 found=0 n=7737619544471598088755 elapsed=190s
progress: nodes=2,820,000,000 tested=0 found=0 n=31410692541939846178995 elapsed=190s
progress: nodes=2,830,000,000 tested=0 found=0 n=982330435093906005290715 elapsed=191s
progress: nodes=2,840,000,000 tested=0 found=0 n=308462704260745027864605 elapsed=191s
progress: nodes=2,850,000,000 tested=0 found=0 n=456511672107112867657755 elapsed=192s
progress: nodes=2,860,000,000 tested=0 found=0 n=150883305000232883596455 elapsed=192s
progress: nodes=2,870,000,000 tested=0 found=0 n=55980466220466943125495 elapsed=193s
progress: nodes=2,880,000,000 tested=0 found=0 n=9028686446062323641895 elapsed=193s
progress: nodes=2,890,000,000 tested=0 found=0 n=2875640748154006029645 elapsed=194s
progress: nodes=2,900,000,000 tested=0 found=0 n=986661297671196325639965 elapsed=194s
progress: nodes=2,910,000,000 tested=0 found=0 n=367523228415591628670535 elapsed=195s
progress: nodes=2,920,000,000 tested=0 found=0 n=935764639008642797844315 elapsed=196s
progress: nodes=2,930,000,000 tested=0 found=0 n=118292140002722293529355 elapsed=196s
progress: nodes=2,940,000,000 tested=0 found=0 n=9985531417438764019665 elapsed=197s
progress: nodes=2,950,000,000 tested=0 found=0 n=897691920989117176245435 elapsed=197s
progress: nodes=2,960,000,000 tested=0 found=0 n=534868174179848792680845 elapsed=198s
progress: nodes=2,970,000,000 tested=0 found=0 n=149601726052956347056845 elapsed=199s
progress: nodes=2,980,000,000 tested=0 found=0 n=720190534930437143034105 elapsed=199s
progress: nodes=2,990,000,000 tested=0 found=0 n=21415967809687919404335 elapsed=200s
progress: nodes=3,000,000,000 tested=0 found=0 n=839862543890701787592885 elapsed=200s
progress: nodes=3,010,000,000 tested=0 found=0 n=880976649270967980893715 elapsed=201s
progress: nodes=3,020,000,000 tested=0 found=0 n=740690837862220604429385 elapsed=202s
progress: nodes=3,030,000,000 tested=0 found=0 n=740648099119542925678395 elapsed=203s
progress: nodes=3,040,000,000 tested=0 found=0 n=507887361817584623817915 elapsed=203s
progress: nodes=3,050,000,000 tested=0 found=0 n=996826340636046440734515 elapsed=204s
progress: nodes=3,060,000,000 tested=0 found=0 n=438819475367543819974215 elapsed=204s
progress: nodes=3,070,000,000 tested=0 found=0 n=602398238957170225815 elapsed=205s
progress: nodes=3,080,000,000 tested=0 found=0 n=740111725884819457944915 elapsed=205s
progress: nodes=3,090,000,000 tested=0 found=0 n=440548876479935212747905 elapsed=206s
progress: nodes=3,100,000,000 tested=0 found=0 n=971072895250085788674885 elapsed=207s
progress: nodes=3,110,000,000 tested=0 found=0 n=277621337405742045077145 elapsed=208s
progress: nodes=3,120,000,000 tested=0 found=0 n=448440761067482775978015 elapsed=209s
progress: nodes=3,130,000,000 tested=0 found=0 n=488062604666657499306765 elapsed=209s
progress: nodes=3,140,000,000 tested=0 found=0 n=882883323310670926667535 elapsed=210s
progress: nodes=3,150,000,000 tested=0 found=0 n=896656022187047390301285 elapsed=211s
progress: nodes=3,160,000,000 tested=0 found=0 n=2967043053518626561185 elapsed=211s
progress: nodes=3,170,000,000 tested=0 found=0 n=304592818301431476495 elapsed=212s
progress: nodes=3,180,000,000 tested=0 found=0 n=551616556208107522471395 elapsed=213s
progress: nodes=3,190,000,000 tested=0 found=0 n=616913195771904697731135 elapsed=214s
progress: nodes=3,200,000,000 tested=0 found=0 n=659954054988509106418005 elapsed=214s
progress: nodes=3,210,000,000 tested=0 found=0 n=732174457945748931175965 elapsed=215s
progress: nodes=3,220,000,000 tested=0 found=0 n=579748317493908760786365 elapsed=216s
progress: nodes=3,230,000,000 tested=0 found=0 n=317354296849736399493135 elapsed=217s
progress: nodes=3,240,000,000 tested=0 found=0 n=309847664273421313763535 elapsed=218s
progress: nodes=3,250,000,000 tested=0 found=0 n=535987603820380797061935 elapsed=219s
progress: nodes=3,260,000,000 tested=0 found=0 n=61107693085380782662815 elapsed=219s
progress: nodes=3,270,000,000 tested=0 found=0 n=754315839435828599957685 elapsed=220s
progress: nodes=3,280,000,000 tested=0 found=0 n=524825213008554626804265 elapsed=221s
progress: nodes=3,290,000,000 tested=0 found=0 n=883771679238853920187785 elapsed=221s
progress: nodes=3,300,000,000 tested=0 found=0 n=590302813739569319994045 elapsed=222s
progress: nodes=3,310,000,000 tested=0 found=0 n=746258251734431537198055 elapsed=223s
progress: nodes=3,320,000,000 tested=0 found=0 n=951146506274628096452355 elapsed=224s
progress: nodes=3,330,000,000 tested=0 found=0 n=540015930976167241800855 elapsed=225s
progress: nodes=3,340,000,000 tested=0 found=0 n=309590063500586926767045 elapsed=225s
progress: nodes=3,350,000,000 tested=0 found=0 n=282011495238696171600435 elapsed=226s
progress: nodes=3,360,000,000 tested=0 found=0 n=306022796606360002057455 elapsed=227s
progress: nodes=3,370,000,000 tested=0 found=0 n=10975093546094065340715 elapsed=228s
progress: nodes=3,380,000,000 tested=0 found=0 n=877010800818925572502605 elapsed=229s
progress: nodes=3,390,000,000 tested=0 found=0 n=837057883899851118170085 elapsed=229s
progress: nodes=3,400,000,000 tested=0 found=0 n=877578069450499977143535 elapsed=230s
progress: nodes=3,410,000,000 tested=0 found=0 n=868720562151084734542395 elapsed=231s
progress: nodes=3,420,000,000 tested=0 found=0 n=224782440124384703346135 elapsed=232s
progress: nodes=3,430,000,000 tested=0 found=0 n=321405503130486732691335 elapsed=233s
progress: nodes=3,440,000,000 tested=0 found=0 n=59051615518630137394005 elapsed=233s
progress: nodes=3,450,000,000 tested=0 found=0 n=399096035803609340683935 elapsed=234s
progress: nodes=3,460,000,000 tested=0 found=0 n=290079359588389333474365 elapsed=235s
progress: nodes=3,470,000,000 tested=0 found=0 n=503265395696590525164915 elapsed=236s
progress: nodes=3,480,000,000 tested=0 found=0 n=431551878076315551306255 elapsed=237s
progress: nodes=3,490,000,000 tested=0 found=0 n=331820178694170871899495 elapsed=237s
progress: nodes=3,500,000,000 tested=0 found=0 n=654006812610049420090695 elapsed=238s
progress: nodes=3,510,000,000 tested=0 found=0 n=152178735756404989937865 elapsed=239s
progress: nodes=3,520,000,000 tested=0 found=0 n=181224664847841494920845 elapsed=240s
progress: nodes=3,530,000,000 tested=0 found=0 n=488011292757740449259205 elapsed=241s
progress: nodes=3,540,000,000 tested=0 found=0 n=544713346500742418780445 elapsed=241s
progress: nodes=3,550,000,000 tested=0 found=0 n=167085829600783399904745 elapsed=242s
progress: nodes=3,560,000,000 tested=0 found=0 n=748475184079987572529545 elapsed=243s
progress: nodes=3,570,000,000 tested=0 found=0 n=876436253038255384791015 elapsed=244s
progress: nodes=3,580,000,000 tested=0 found=0 n=468577378564995500102505 elapsed=245s
progress: nodes=3,590,000,000 tested=0 found=0 n=868166891980780651682955 elapsed=245s
progress: nodes=3,600,000,000 tested=0 found=0 n=610021243718364933783195 elapsed=246s
progress: nodes=3,610,000,000 tested=0 found=0 n=247317291464681340308595 elapsed=247s
progress: nodes=3,620,000,000 tested=0 found=0 n=450256932586716996451935 elapsed=248s
progress: nodes=3,630,000,000 tested=0 found=0 n=288467678779003429114605 elapsed=249s
progress: nodes=3,640,000,000 tested=0 found=0 n=550880762802351302766795 elapsed=249s
progress: nodes=3,650,000,000 tested=0 found=0 n=70148418349081461588255 elapsed=250s
progress: nodes=3,660,000,000 tested=0 found=0 n=568517077230682551087795 elapsed=251s
progress: nodes=3,670,000,000 tested=0 found=0 n=377817736499463711918705 elapsed=252s
progress: nodes=3,680,000,000 tested=0 found=0 n=522215194819273572923985 elapsed=253s
progress: nodes=3,690,000,000 tested=0 found=0 n=745671357392336500213515 elapsed=254s
progress: nodes=3,700,000,000 tested=0 found=0 n=214629082366374676338555 elapsed=254s
progress: nodes=3,710,000,000 tested=0 found=0 n=219438467965715716546185 elapsed=255s
progress: nodes=3,720,000,000 tested=0 found=0 n=408339742955061801900765 elapsed=256s
progress: nodes=3,730,000,000 tested=0 found=0 n=575820529195370748217845 elapsed=257s
progress: nodes=3,740,000,000 tested=0 found=0 n=126037807744861128512445 elapsed=258s
progress: nodes=3,750,000,000 tested=0 found=0 n=874610427713620619883855 elapsed=258s
progress: nodes=3,760,000,000 tested=0 found=0 n=746586276570756003851805 elapsed=259s
progress: nodes=3,770,000,000 tested=0 found=0 n=465153225638085404574105 elapsed=260s
progress: nodes=3,780,000,000 tested=0 found=0 n=408294350564893399643505 elapsed=261s
progress: nodes=3,790,000,000 tested=0 found=0 n=231067185682443885811155 elapsed=262s
progress: nodes=3,800,000,000 tested=0 found=0 n=417474651331740846392745 elapsed=263s
progress: nodes=3,810,000,000 tested=0 found=0 n=405185774719032444630255 elapsed=263s
progress: nodes=3,820,000,000 tested=0 found=0 n=836182527521574791981955 elapsed=264s
progress: nodes=3,830,000,000 tested=0 found=0 n=780849161065503382555185 elapsed=265s
progress: nodes=3,840,000,000 tested=0 found=0 n=492398733798918320520405 elapsed=266s
progress: nodes=3,850,000,000 tested=0 found=0 n=45753339030605158666245 elapsed=267s
progress: nodes=3,860,000,000 tested=0 found=0 n=308384913576438951449295 elapsed=267s
progress: nodes=3,870,000,000 tested=0 found=0 n=95295038303280411548295 elapsed=268s
progress: nodes=3,880,000,000 tested=0 found=0 n=949463121444907663552665 elapsed=269s
progress: nodes=3,890,000,000 tested=0 found=0 n=306161418069828692573055 elapsed=270s
progress: nodes=3,900,000,000 tested=0 found=0 n=707574466600338406688745 elapsed=271s
progress: nodes=3,910,000,000 tested=0 found=0 n=968580431408158794258285 elapsed=272s
progress: nodes=3,920,000,000 tested=0 found=0 n=329179278455749815884805 elapsed=273s
progress: nodes=3,930,000,000 tested=0 found=0 n=284833181210271128903685 elapsed=273s
progress: nodes=3,940,000,000 tested=0 found=0 n=363137742966796033433295 elapsed=274s
progress: nodes=3,950,000,000 tested=0 found=0 n=570162044719760891753145 elapsed=275s
progress: nodes=3,960,000,000 tested=0 found=0 n=179516529168128286036315 elapsed=276s
progress: nodes=3,970,000,000 tested=0 found=0 n=401653933013350012438695 elapsed=277s
progress: nodes=3,980,000,000 tested=0 found=0 n=392895609405553092166545 elapsed=278s
progress: nodes=3,990,000,000 tested=0 found=0 n=68556598523494759322295 elapsed=278s
progress: nodes=4,000,000,000 tested=0 found=0 n=340749744898510578629355 elapsed=279s
progress: nodes=4,010,000,000 tested=0 found=0 n=194378499550182499372695 elapsed=280s
progress: nodes=4,020,000,000 tested=0 found=0 n=62706393200362540936965 elapsed=281s
progress: nodes=4,030,000,000 tested=0 found=0 n=121148226893018796007215 elapsed=282s
progress: nodes=4,040,000,000 tested=0 found=0 n=184158478943600910183645 elapsed=283s
progress: nodes=4,050,000,000 tested=0 found=0 n=998709354337714650355935 elapsed=284s
progress: nodes=4,060,000,000 tested=0 found=0 n=80016458103110057094195 elapsed=284s
progress: nodes=4,070,000,000 tested=0 found=0 n=148009835344210600199565 elapsed=285s
progress: nodes=4,080,000,000 tested=0 found=0 n=458164163701507584698265 elapsed=286s
progress: nodes=4,090,000,000 tested=0 found=0 n=704004426749894861682735 elapsed=287s
progress: nodes=4,100,000,000 tested=0 found=0 n=86906122442293435805265 elapsed=288s
progress: nodes=4,110,000,000 tested=0 found=0 n=132663129320441573905065 elapsed=289s
progress: nodes=4,120,000,000 tested=0 found=0 n=391657578098766876303015 elapsed=290s
progress: nodes=4,130,000,000 tested=0 found=0 n=944981471577818019735705 elapsed=290s
progress: nodes=4,140,000,000 tested=0 found=0 n=74148847209658391732205 elapsed=291s
progress: nodes=4,150,000,000 tested=0 found=0 n=525009635517703105436835 elapsed=292s
progress: nodes=4,160,000,000 tested=0 found=0 n=50819866416046435596315 elapsed=293s
progress: nodes=4,170,000,000 tested=0 found=0 n=67978062755358534721005 elapsed=294s
progress: nodes=4,180,000,000 tested=0 found=0 n=81583306756229793121215 elapsed=295s
progress: nodes=4,190,000,000 tested=0 found=0 n=142226995696592192495445 elapsed=296s
progress: nodes=4,200,000,000 tested=0 found=0 n=38416375048008034241115 elapsed=297s
progress: nodes=4,210,000,000 tested=0 found=0 n=37438015620183658510065 elapsed=297s
progress: nodes=4,220,000,000 tested=0 found=0 n=603323602198997485861335 elapsed=298s
progress: nodes=4,230,000,000 tested=0 found=0 n=521783475603165527817345 elapsed=299s
progress: nodes=4,240,000,000 tested=0 found=0 n=549037892245655951700765 elapsed=300s
progress: nodes=4,250,000,000 tested=0 found=0 n=529110719225405853856215 elapsed=301s
progress: nodes=4,260,000,000 tested=0 found=0 n=880319282064269607404355 elapsed=302s
progress: nodes=4,270,000,000 tested=0 found=0 n=318020842585353211911705 elapsed=302s
progress: nodes=4,280,000,000 tested=0 found=0 n=395481199696118107617885 elapsed=303s
progress: nodes=4,290,000,000 tested=0 found=0 n=203957219457178335455055 elapsed=304s
progress: nodes=4,300,000,000 tested=0 found=0 n=239050879579930774250265 elapsed=305s
progress: nodes=4,310,000,000 tested=0 found=0 n=864955543258492205658285 elapsed=306s
progress: nodes=4,320,000,000 tested=0 found=0 n=297878288668882588792335 elapsed=307s
progress: nodes=4,330,000,000 tested=0 found=0 n=570514458055413140008845 elapsed=307s
progress: nodes=4,340,000,000 tested=0 found=0 n=15318705189428530424745 elapsed=308s
progress: nodes=4,350,000,000 tested=0 found=0 n=594904573480247122171485 elapsed=309s
progress: nodes=4,360,000,000 tested=0 found=0 n=38165633215398492462435 elapsed=309s
progress: nodes=4,370,000,000 tested=0 found=0 n=912175765550205464347305 elapsed=310s
progress: nodes=4,380,000,000 tested=0 found=0 n=8439848002380330333735 elapsed=310s
progress: nodes=4,390,000,000 tested=0 found=0 n=6511823943042133025205 elapsed=311s
progress: nodes=4,400,000,000 tested=0 found=0 n=256407891600045576414135 elapsed=312s
progress: nodes=4,410,000,000 tested=0 found=0 n=107327264681535650824695 elapsed=312s
progress: nodes=4,420,000,000 tested=0 found=0 n=988086750896518554925245 elapsed=313s
progress: nodes=4,430,000,000 tested=0 found=0 n=564343883427609450118905 elapsed=314s
progress: nodes=4,440,000,000 tested=0 found=0 n=897772814070391605083745 elapsed=315s
progress: nodes=4,450,000,000 tested=0 found=0 n=816181402015061614617015 elapsed=315s
progress: nodes=4,460,000,000 tested=0 found=0 n=231782420692469228181285 elapsed=316s
progress: nodes=4,470,000,000 tested=0 found=0 n=87228795591957800128215 elapsed=316s
progress: nodes=4,480,000,000 tested=0 found=0 n=306983291983082690959515 elapsed=317s
progress: nodes=4,490,000,000 tested=0 found=0 n=73810186287383098987035 elapsed=317s
progress: nodes=4,500,000,000 tested=0 found=0 n=50116935058619492662095 elapsed=318s
progress: nodes=4,510,000,000 tested=0 found=0 n=832374493178008526912145 elapsed=318s
progress: nodes=4,520,000,000 tested=0 found=0 n=405220310136205059983865 elapsed=319s
progress: nodes=4,530,000,000 tested=0 found=0 n=4407107642307295164645 elapsed=319s
progress: nodes=4,540,000,000 tested=0 found=0 n=977401129432780405100685 elapsed=320s
progress: nodes=4,550,000,000 tested=0 found=0 n=246102008769250769194185 elapsed=320s
progress: nodes=4,560,000,000 tested=0 found=0 n=282710914437674086883295 elapsed=321s
progress: nodes=4,570,000,000 tested=0 found=0 n=710504148405501140339145 elapsed=322s
progress: nodes=4,580,000,000 tested=0 found=0 n=831677155968847894449135 elapsed=322s
progress: nodes=4,590,000,000 tested=0 found=0 n=862024875203840123935635 elapsed=323s
progress: nodes=4,600,000,000 tested=0 found=0 n=35122798868325927276945 elapsed=323s
progress: nodes=4,610,000,000 tested=0 found=0 n=706636132778843312716965 elapsed=324s
progress: nodes=4,620,000,000 tested=0 found=0 n=835306767699514743786405 elapsed=324s
progress: nodes=4,630,000,000 tested=0 found=0 n=707488680992662974790455 elapsed=325s
progress: nodes=4,640,000,000 tested=0 found=0 n=211143570946224764574405 elapsed=326s
progress: nodes=4,650,000,000 tested=0 found=0 n=12574640322998047772835 elapsed=327s
progress: nodes=4,660,000,000 tested=0 found=0 n=175003439483840687213865 elapsed=327s
progress: nodes=4,670,000,000 tested=0 found=0 n=939527028361384890370755 elapsed=328s
progress: nodes=4,680,000,000 tested=0 found=0 n=522892732802867351431185 elapsed=329s
progress: nodes=4,690,000,000 tested=0 found=0 n=657272471057141865685095 elapsed=329s
progress: nodes=4,700,000,000 tested=0 found=0 n=298846409452298352147405 elapsed=330s
progress: nodes=4,710,000,000 tested=0 found=0 n=517899290337523080236985 elapsed=331s
progress: nodes=4,720,000,000 tested=0 found=0 n=837412550651518092480495 elapsed=332s
progress: nodes=4,730,000,000 tested=0 found=0 n=524546504602836869572755 elapsed=333s
progress: nodes=4,740,000,000 tested=0 found=0 n=529689496941455747281455 elapsed=333s
progress: nodes=4,750,000,000 tested=0 found=0 n=651744116539154159160045 elapsed=334s
progress: nodes=4,760,000,000 tested=0 found=0 n=691405222186547835067605 elapsed=335s
progress: nodes=4,770,000,000 tested=0 found=0 n=548430592124807721846615 elapsed=336s
progress: nodes=4,780,000,000 tested=0 found=0 n=392666089430722279122615 elapsed=337s
progress: nodes=4,790,000,000 tested=0 found=0 n=287232588188832137976915 elapsed=338s
progress: nodes=4,800,000,000 tested=0 found=0 n=898496080143116815580955 elapsed=338s
progress: nodes=4,810,000,000 tested=0 found=0 n=893037274168018704220545 elapsed=339s
progress: nodes=4,820,000,000 tested=0 found=0 n=46389270937830499455735 elapsed=340s
progress: nodes=4,830,000,000 tested=0 found=0 n=924831129220652060805405 elapsed=340s
progress: nodes=4,840,000,000 tested=0 found=0 n=323397489512792807867685 elapsed=341s
progress: nodes=4,850,000,000 tested=0 found=0 n=502586874854509369194795 elapsed=342s
progress: nodes=4,860,000,000 tested=0 found=0 n=652900032804530704862235 elapsed=343s
progress: nodes=4,870,000,000 tested=0 found=0 n=540956214814185368107665 elapsed=344s
progress: nodes=4,880,000,000 tested=0 found=0 n=634062323519873165039745 elapsed=344s
progress: nodes=4,890,000,000 tested=0 found=0 n=153385386600141706321815 elapsed=345s
progress: nodes=4,900,000,000 tested=0 found=0 n=482105259806180094748335 elapsed=346s
progress: nodes=4,910,000,000 tested=0 found=0 n=471592328325335574478905 elapsed=347s
progress: nodes=4,920,000,000 tested=0 found=0 n=107497545225178814588505 elapsed=348s
progress: nodes=4,930,000,000 tested=0 found=0 n=40831368818023944768615 elapsed=349s
progress: nodes=4,940,000,000 tested=0 found=0 n=12559732412393509644945 elapsed=350s
progress: nodes=4,950,000,000 tested=0 found=0 n=891140439243127537715685 elapsed=350s
progress: nodes=4,960,000,000 tested=0 found=0 n=630237006118238111775735 elapsed=351s
progress: nodes=4,970,000,000 tested=0 found=0 n=206172624647631397936845 elapsed=352s
progress: nodes=4,980,000,000 tested=0 found=0 n=873575940754345361563905 elapsed=353s
progress: nodes=4,990,000,000 tested=0 found=0 n=442016158148965030896615 elapsed=354s
progress: nodes=5,000,000,000 tested=0 found=0 n=142507327314908202744615 elapsed=355s
progress: nodes=5,010,000,000 tested=0 found=0 n=93729951634953579029385 elapsed=355s
progress: nodes=5,020,000,000 tested=0 found=0 n=505701522821470088069985 elapsed=356s
progress: nodes=5,030,000,000 tested=0 found=0 n=84403028956009844554215 elapsed=357s
progress: nodes=5,040,000,000 tested=0 found=0 n=33366800167150855940745 elapsed=358s
progress: nodes=5,050,000,000 tested=0 found=0 n=2256774872935571909445 elapsed=359s
progress: nodes=5,060,000,000 tested=0 found=0 n=248589010431716768381715 elapsed=360s
progress: nodes=5,070,000,000 tested=0 found=0 n=691744972450133318745 elapsed=361s
progress: nodes=5,080,000,000 tested=0 found=0 n=386955103223806316526495 elapsed=361s
progress: nodes=5,090,000,000 tested=0 found=0 n=357099881275536162486135 elapsed=362s
progress: nodes=5,100,000,000 tested=0 found=0 n=78997935657165776585985 elapsed=363s
progress: nodes=5,110,000,000 tested=0 found=0 n=185041656306305905511055 elapsed=364s
progress: nodes=5,120,000,000 tested=0 found=0 n=197055318130131974352105 elapsed=365s
progress: nodes=5,130,000,000 tested=0 found=0 n=36047173162554082939305 elapsed=366s
progress: nodes=5,140,000,000 tested=0 found=0 n=1501010138162082877455 elapsed=367s
progress: nodes=5,150,000,000 tested=0 found=0 n=488967916233258270623955 elapsed=368s
progress: nodes=5,160,000,000 tested=0 found=0 n=666165621502949251834815 elapsed=368s
progress: nodes=5,170,000,000 tested=0 found=0 n=431195647902558876973965 elapsed=369s
progress: nodes=5,180,000,000 tested=0 found=0 n=151563115707789358161015 elapsed=370s
progress: nodes=5,190,000,000 tested=0 found=0 n=988526655839859084958065 elapsed=371s
progress: nodes=5,200,000,000 tested=0 found=0 n=264515493877826297966265 elapsed=372s
progress: nodes=5,210,000,000 tested=0 found=0 n=74802094258708001005485 elapsed=373s
progress: nodes=5,220,000,000 tested=0 found=0 n=122764000604957734688295 elapsed=374s
progress: nodes=5,230,000,000 tested=0 found=0 n=656219822411058814768335 elapsed=375s
progress: nodes=5,240,000,000 tested=0 found=0 n=598518507769421378523405 elapsed=376s
progress: nodes=5,250,000,000 tested=0 found=0 n=374057645720907957102105 elapsed=376s
progress: nodes=5,260,000,000 tested=0 found=0 n=571829857642784861189895 elapsed=377s
progress: nodes=5,270,000,000 tested=0 found=0 n=316158364643166970033305 elapsed=378s
progress: nodes=5,280,000,000 tested=0 found=0 n=68316447712847329501485 elapsed=379s
progress: nodes=5,290,000,000 tested=0 found=0 n=11354698226937454763955 elapsed=380s
progress: nodes=5,300,000,000 tested=0 found=0 n=58430181188504174196945 elapsed=381s
progress: nodes=5,310,000,000 tested=0 found=0 n=209300678163964811860905 elapsed=382s
progress: nodes=5,320,000,000 tested=0 found=0 n=898262473332369148414005 elapsed=382s
progress: nodes=5,330,000,000 tested=0 found=0 n=705698130454838557087065 elapsed=383s
progress: nodes=5,340,000,000 tested=0 found=0 n=65982872983448820840105 elapsed=384s
progress: nodes=5,350,000,000 tested=0 found=0 n=613895018178812738182185 elapsed=385s
progress: nodes=5,360,000,000 tested=0 found=0 n=321197412512323464733455 elapsed=386s
progress: nodes=5,370,000,000 tested=0 found=0 n=45601019151933914875815 elapsed=387s
progress: nodes=5,380,000,000 tested=0 found=0 n=14188233324241568962335 elapsed=388s
progress: nodes=5,390,000,000 tested=0 found=0 n=472264938070794341919705 elapsed=389s
progress: nodes=5,400,000,000 tested=0 found=0 n=145563073274054006127795 elapsed=389s
progress: nodes=5,410,000,000 tested=0 found=0 n=98399023330917960410865 elapsed=390s
progress: nodes=5,420,000,000 tested=0 found=0 n=339554454255981083518455 elapsed=391s
progress: nodes=5,430,000,000 tested=0 found=0 n=14839536044088087484215 elapsed=392s
progress: nodes=5,440,000,000 tested=0 found=0 n=15692241172456205123235 elapsed=393s
progress: nodes=5,450,000,000 tested=0 found=0 n=279425021260282233104265 elapsed=394s
progress: nodes=5,460,000,000 tested=0 found=0 n=442486797228821167382805 elapsed=395s
progress: nodes=5,470,000,000 tested=0 found=0 n=841663723414189664461515 elapsed=396s
progress: nodes=5,480,000,000 tested=0 found=0 n=91278083687051789861235 elapsed=396s
progress: nodes=5,490,000,000 tested=0 found=0 n=107784328230520326162015 elapsed=397s
progress: nodes=5,500,000,000 tested=0 found=0 n=140289099980746336207035 elapsed=398s
progress: nodes=5,510,000,000 tested=0 found=0 n=148015861823136379440165 elapsed=399s
progress: nodes=5,520,000,000 tested=0 found=0 n=413579187036722484774885 elapsed=400s
progress: nodes=5,530,000,000 tested=0 found=0 n=61460705872198411949415 elapsed=400s
progress: nodes=5,540,000,000 tested=0 found=0 n=28139322734683090412685 elapsed=401s
progress: nodes=5,550,000,000 tested=0 found=0 n=328348645801547685793815 elapsed=402s
progress: nodes=5,560,000,000 tested=0 found=0 n=115198006650354992786835 elapsed=403s
progress: nodes=5,570,000,000 tested=0 found=0 n=745669099293275189870985 elapsed=403s
progress: nodes=5,580,000,000 tested=0 found=0 n=675152452262164828704585 elapsed=404s
progress: nodes=5,590,000,000 tested=0 found=0 n=281078764563432759137655 elapsed=405s
progress: nodes=5,600,000,000 tested=0 found=0 n=117772245371677399090035 elapsed=406s
progress: nodes=5,610,000,000 tested=0 found=0 n=40408987048499930926485 elapsed=407s
progress: nodes=5,620,000,000 tested=0 found=0 n=62160062565160972642965 elapsed=408s
progress: nodes=5,630,000,000 tested=0 found=0 n=53327183052320930787195 elapsed=408s
progress: nodes=5,640,000,000 tested=0 found=0 n=994844198920388079196815 elapsed=409s
progress: nodes=5,650,000,000 tested=0 found=0 n=221913471798514106691045 elapsed=410s
progress: nodes=5,660,000,000 tested=0 found=0 n=478578361365483829046835 elapsed=410s
progress: nodes=5,670,000,000 tested=0 found=0 n=697324378437141502633635 elapsed=411s
progress: nodes=5,680,000,000 tested=0 found=0 n=717276659710441310777535 elapsed=412s
progress: nodes=5,690,000,000 tested=0 found=0 n=51087836817728634320355 elapsed=413s
progress: nodes=5,700,000,000 tested=0 found=0 n=374074985955770066819985 elapsed=413s
progress: nodes=5,710,000,000 tested=0 found=0 n=310449018704777835103515 elapsed=414s
progress: nodes=5,720,000,000 tested=0 found=0 n=307089062915782761319965 elapsed=415s
progress: nodes=5,730,000,000 tested=0 found=0 n=84968482159615434892995 elapsed=415s
progress: nodes=5,740,000,000 tested=0 found=0 n=26649510974066027731845 elapsed=416s
progress: nodes=5,750,000,000 tested=0 found=0 n=991158467020627758281205 elapsed=416s
progress: nodes=5,760,000,000 tested=0 found=0 n=8847558654816584020605 elapsed=417s
progress: nodes=5,770,000,000 tested=0 found=0 n=973178581446898554830235 elapsed=418s
progress: nodes=5,780,000,000 tested=0 found=0 n=509915587036359691342785 elapsed=419s
progress: nodes=5,790,000,000 tested=0 found=0 n=122972237168310938547195 elapsed=419s
progress: nodes=5,800,000,000 tested=0 found=0 n=821461672283671665645 elapsed=420s
progress: nodes=5,810,000,000 tested=0 found=0 n=712953737683853978777745 elapsed=421s
progress: nodes=5,820,000,000 tested=0 found=0 n=905029997756954275355835 elapsed=422s
progress: nodes=5,830,000,000 tested=0 found=0 n=706269484674869481330405 elapsed=423s
progress: nodes=5,840,000,000 tested=0 found=0 n=499174013339681263688895 elapsed=423s
progress: nodes=5,850,000,000 tested=0 found=0 n=748950798333347396181465 elapsed=424s
progress: nodes=5,860,000,000 tested=0 found=0 n=61722545241682309723935 elapsed=425s
progress: nodes=5,870,000,000 tested=0 found=0 n=470052344448458832646635 elapsed=426s
progress: nodes=5,880,000,000 tested=0 found=0 n=831101961778771628695785 elapsed=427s
progress: nodes=5,890,000,000 tested=0 found=0 n=959474603191566543667215 elapsed=428s
progress: nodes=5,900,000,000 tested=0 found=0 n=162864278897020644858495 elapsed=429s
progress: nodes=5,910,000,000 tested=0 found=0 n=266405961901238802257055 elapsed=430s
progress: nodes=5,920,000,000 tested=0 found=0 n=493909306474215303354165 elapsed=431s
progress: nodes=5,930,000,000 tested=0 found=0 n=161454901677785404093965 elapsed=432s
progress: nodes=5,940,000,000 tested=0 found=0 n=332531014076474539935 elapsed=432s
progress: nodes=5,950,000,000 tested=0 found=0 n=739462525133987758268865 elapsed=433s
progress: nodes=5,960,000,000 tested=0 found=0 n=335445055093719164600265 elapsed=434s
progress: nodes=5,970,000,000 tested=0 found=0 n=531582636719405391708945 elapsed=435s
progress: nodes=5,980,000,000 tested=0 found=0 n=73534224743069458867485 elapsed=436s
progress: nodes=5,990,000,000 tested=0 found=0 n=717347318909146146875535 elapsed=437s
progress: nodes=6,000,000,000 tested=0 found=0 n=416196901784409719356635 elapsed=438s
progress: nodes=6,010,000,000 tested=0 found=0 n=99303640337244910418565 elapsed=439s
progress: nodes=6,020,000,000 tested=0 found=0 n=157917909593433836617365 elapsed=439s
progress: nodes=6,030,000,000 tested=0 found=0 n=142672046752218775418655 elapsed=440s
progress: nodes=6,040,000,000 tested=0 found=0 n=954533891116105429933335 elapsed=441s
progress: nodes=6,050,000,000 tested=0 found=0 n=10469121558600767360865 elapsed=442s
progress: nodes=6,060,000,000 tested=0 found=0 n=478030321451156693465715 elapsed=443s
progress: nodes=6,070,000,000 tested=0 found=0 n=138337282749846381007695 elapsed=444s
progress: nodes=6,080,000,000 tested=0 found=0 n=692707133829125992128405 elapsed=444s
progress: nodes=6,090,000,000 tested=0 found=0 n=343713107983689182964435 elapsed=445s
progress: nodes=6,100,000,000 tested=0 found=0 n=715279366210831123745715 elapsed=446s
progress: nodes=6,110,000,000 tested=0 found=0 n=830698565888675226000615 elapsed=447s
progress: nodes=6,120,000,000 tested=0 found=0 n=606473116045287226292235 elapsed=448s
progress: nodes=6,130,000,000 tested=0 found=0 n=356158722815393436294195 elapsed=449s
progress: nodes=6,140,000,000 tested=0 found=0 n=26330358156587989618065 elapsed=450s
progress: nodes=6,150,000,000 tested=0 found=0 n=690934311527967800043765 elapsed=450s
progress: nodes=6,160,000,000 tested=0 found=0 n=560890964376626627073855 elapsed=451s
progress: nodes=6,170,000,000 tested=0 found=0 n=168298758503690901080295 elapsed=451s
progress: nodes=6,180,000,000 tested=0 found=0 n=165837731398645539641415 elapsed=452s
progress: nodes=6,190,000,000 tested=0 found=0 n=927008341919084139145935 elapsed=453s
progress: nodes=6,200,000,000 tested=0 found=0 n=317742749176409715201855 elapsed=454s
progress: nodes=6,210,000,000 tested=0 found=0 n=328717207669381738683945 elapsed=454s
progress: nodes=6,220,000,000 tested=0 found=0 n=83931622468870993297005 elapsed=455s
progress: nodes=6,230,000,000 tested=0 found=0 n=977559363507183841300245 elapsed=456s
progress: nodes=6,240,000,000 tested=0 found=0 n=129031185514475815856355 elapsed=457s
progress: nodes=6,250,000,000 tested=0 found=0 n=9372073011212896117665 elapsed=458s
progress: nodes=6,260,000,000 tested=0 found=0 n=30320856273911578505655 elapsed=459s
progress: nodes=6,270,000,000 tested=0 found=0 n=897902693090884991303535 elapsed=459s
progress: nodes=6,280,000,000 tested=0 found=0 n=282618502435197374181855 elapsed=460s
progress: nodes=6,290,000,000 tested=0 found=0 n=298564410921869467021605 elapsed=461s
progress: nodes=6,300,000,000 tested=0 found=0 n=340280686120873034990355 elapsed=462s
progress: nodes=6,310,000,000 tested=0 found=0 n=170806463999438215236855 elapsed=463s
progress: nodes=6,320,000,000 tested=0 found=0 n=183812076925575559158705 elapsed=463s
progress: nodes=6,330,000,000 tested=0 found=0 n=554320391317845267357795 elapsed=464s
progress: nodes=6,340,000,000 tested=0 found=0 n=992151527739645665756805 elapsed=465s
progress: nodes=6,350,000,000 tested=0 found=0 n=188341517327947212605565 elapsed=466s
progress: nodes=6,360,000,000 tested=0 found=0 n=49132374624374521540305 elapsed=467s
progress: nodes=6,370,000,000 tested=0 found=0 n=68854995009350487074235 elapsed=468s
progress: nodes=6,380,000,000 tested=0 found=0 n=9035808517966859349945 elapsed=468s
progress: nodes=6,390,000,000 tested=0 found=0 n=525286078932988054807545 elapsed=469s
progress: nodes=6,400,000,000 tested=0 found=0 n=314363655145577250813495 elapsed=470s
progress: nodes=6,410,000,000 tested=0 found=0 n=63610064724780269786895 elapsed=471s
progress: nodes=6,420,000,000 tested=0 found=0 n=19539713273757146651055 elapsed=471s
progress: nodes=6,430,000,000 tested=0 found=0 n=96370054449006875953605 elapsed=472s
progress: nodes=6,440,000,000 tested=0 found=0 n=335562816802675437576615 elapsed=473s
progress: nodes=6,450,000,000 tested=0 found=0 n=550244416015993986895755 elapsed=473s
progress: nodes=6,460,000,000 tested=0 found=0 n=496075444406193643204605 elapsed=474s
progress: nodes=6,470,000,000 tested=0 found=0 n=285061909605615993580485 elapsed=475s
progress: nodes=6,480,000,000 tested=0 found=0 n=957054444046105482192045 elapsed=475s
progress: nodes=6,490,000,000 tested=0 found=0 n=826978622771255361670515 elapsed=476s
progress: nodes=6,500,000,000 tested=0 found=0 n=840526119440720287435455 elapsed=477s
progress: nodes=6,510,000,000 tested=0 found=0 n=804887386992158761576635 elapsed=478s
progress: nodes=6,520,000,000 tested=0 found=0 n=37396788381804272710065 elapsed=478s
progress: nodes=6,530,000,000 tested=0 found=0 n=991594878215806085383155 elapsed=479s
progress: nodes=6,540,000,000 tested=0 found=0 n=603960154316783995589985 elapsed=480s
progress: nodes=6,550,000,000 tested=0 found=0 n=505290196567248737495655 elapsed=480s
progress: nodes=6,560,000,000 tested=0 found=0 n=113608107297201801657345 elapsed=481s
progress: nodes=6,570,000,000 tested=0 found=0 n=421373940934310147060655 elapsed=482s
progress: nodes=6,580,000,000 tested=0 found=0 n=289887057524896939222815 elapsed=483s
progress: nodes=6,590,000,000 tested=0 found=0 n=208401661720420727748315 elapsed=484s
progress: nodes=6,600,000,000 tested=0 found=0 n=1993183718193950768745 elapsed=484s
progress: nodes=6,610,000,000 tested=0 found=0 n=587615383833880398023055 elapsed=485s
progress: nodes=6,620,000,000 tested=0 found=0 n=810606608135794933425795 elapsed=486s
progress: nodes=6,630,000,000 tested=0 found=0 n=430431116234321003126115 elapsed=487s
progress: nodes=6,640,000,000 tested=0 found=0 n=285823703466300428152395 elapsed=488s
progress: nodes=6,650,000,000 tested=0 found=0 n=91688366931836774572515 elapsed=489s
progress: nodes=6,660,000,000 tested=0 found=0 n=518374318642941977679435 elapsed=490s
progress: nodes=6,670,000,000 tested=0 found=0 n=960093421062837857493495 elapsed=491s
progress: nodes=6,680,000,000 tested=0 found=0 n=818536696627026184242645 elapsed=491s
progress: nodes=6,690,000,000 tested=0 found=0 n=60155627658618184850955 elapsed=492s
progress: nodes=6,700,000,000 tested=0 found=0 n=18526564248918031488315 elapsed=493s
progress: nodes=6,710,000,000 tested=0 found=0 n=505143240963593320478355 elapsed=494s
progress: nodes=6,720,000,000 tested=0 found=0 n=889801201427219608479015 elapsed=495s
progress: nodes=6,730,000,000 tested=0 found=0 n=368109614403594216820905 elapsed=496s
progress: nodes=6,740,000,000 tested=0 found=0 n=65844795136195172228565 elapsed=497s
progress: nodes=6,750,000,000 tested=0 found=0 n=395709800818546373232045 elapsed=497s
progress: nodes=6,760,000,000 tested=0 found=0 n=394760557034575588599645 elapsed=498s
progress: nodes=6,770,000,000 tested=0 found=0 n=561149476799061891351135 elapsed=499s
progress: nodes=6,780,000,000 tested=0 found=0 n=14184042573896198588445 elapsed=500s
progress: nodes=6,790,000,000 tested=0 found=0 n=668026431655426094026965 elapsed=501s
progress: nodes=6,800,000,000 tested=0 found=0 n=652678115391479993779635 elapsed=501s
progress: nodes=6,810,000,000 tested=0 found=0 n=562717971371029788514095 elapsed=502s
progress: nodes=6,820,000,000 tested=0 found=0 n=153569313873014171814255 elapsed=503s
progress: nodes=6,830,000,000 tested=0 found=0 n=120606742991823505197585 elapsed=504s
progress: nodes=6,840,000,000 tested=0 found=0 n=28420526609808325251945 elapsed=505s
progress: nodes=6,850,000,000 tested=0 found=0 n=47475892635847647686085 elapsed=506s
progress: nodes=6,860,000,000 tested=0 found=0 n=7333255559578171272735 elapsed=506s
progress: nodes=6,870,000,000 tested=0 found=0 n=1236244554750115467795 elapsed=507s
progress: nodes=6,880,000,000 tested=0 found=0 n=868712306336113644539715 elapsed=508s
progress: nodes=6,890,000,000 tested=0 found=0 n=244651866748602480795495 elapsed=509s
progress: nodes=6,900,000,000 tested=0 found=0 n=99575704355609452285455 elapsed=510s
progress: nodes=6,910,000,000 tested=0 found=0 n=226765395829713788139855 elapsed=511s
progress: nodes=6,920,000,000 tested=0 found=0 n=590477559966122893664565 elapsed=511s
progress: nodes=6,930,000,000 tested=0 found=0 n=23722443245653853500905 elapsed=512s
progress: nodes=6,940,000,000 tested=0 found=0 n=985097660477146631139795 elapsed=513s
progress: nodes=6,950,000,000 tested=0 found=0 n=582036357344485966738935 elapsed=514s
progress: nodes=6,960,000,000 tested=0 found=0 n=270298537709437647142215 elapsed=514s
progress: nodes=6,970,000,000 tested=0 found=0 n=92457335261386776915255 elapsed=515s
progress: nodes=6,980,000,000 tested=0 found=0 n=347665458117490503469395 elapsed=516s
progress: nodes=6,990,000,000 tested=0 found=0 n=206229905162300323846605 elapsed=517s
progress: nodes=7,000,000,000 tested=0 found=0 n=247032252842169009339705 elapsed=517s
progress: nodes=7,010,000,000 tested=0 found=0 n=240011737118521685969295 elapsed=518s
progress: nodes=7,020,000,000 tested=0 found=0 n=112634219718663605236785 elapsed=519s
progress: nodes=7,030,000,000 tested=0 found=0 n=94901616321051998029215 elapsed=520s
progress: nodes=7,040,000,000 tested=0 found=0 n=123394543360155178895805 elapsed=520s
progress: nodes=7,050,000,000 tested=0 found=0 n=21155341458649014556905 elapsed=521s
progress: nodes=7,060,000,000 tested=0 found=0 n=284763279025272701103135 elapsed=522s
progress: nodes=7,070,000,000 tested=0 found=0 n=3228378662657355786915 elapsed=522s
progress: nodes=7,080,000,000 tested=0 found=0 n=19686487821821929832115 elapsed=523s
progress: nodes=7,090,000,000 tested=0 found=0 n=206727200612973313498365 elapsed=524s
progress: nodes=7,100,000,000 tested=0 found=0 n=738166509499690411503195 elapsed=524s
progress: nodes=7,110,000,000 tested=0 found=0 n=186983331485727591270435 elapsed=525s
progress: nodes=7,120,000,000 tested=0 found=0 n=917394842028369296864895 elapsed=526s
progress: nodes=7,130,000,000 tested=0 found=0 n=492252966907911625644165 elapsed=526s
progress: nodes=7,140,000,000 tested=0 found=0 n=828964946738675662210365 elapsed=527s
progress: nodes=7,150,000,000 tested=0 found=0 n=650426598201603526258935 elapsed=528s
progress: nodes=7,160,000,000 tested=0 found=0 n=273245369481046529917455 elapsed=529s
progress: nodes=7,170,000,000 tested=0 found=0 n=805860292082258613301395 elapsed=529s
progress: nodes=7,180,000,000 tested=0 found=0 n=873389111452944900129645 elapsed=530s
progress: nodes=7,190,000,000 tested=0 found=0 n=664535784919573066522155 elapsed=531s
progress: nodes=7,200,000,000 tested=0 found=0 n=677292065768654305615065 elapsed=532s
progress: nodes=7,210,000,000 tested=0 found=0 n=278393411123837929469445 elapsed=533s
progress: nodes=7,220,000,000 tested=0 found=0 n=833643781265343419369565 elapsed=533s
progress: nodes=7,230,000,000 tested=0 found=0 n=196579432241248936165755 elapsed=534s
progress: nodes=7,240,000,000 tested=0 found=0 n=16273891619070907250415 elapsed=535s
progress: nodes=7,250,000,000 tested=0 found=0 n=233266765960338408750165 elapsed=536s
progress: nodes=7,260,000,000 tested=0 found=0 n=457242937392140515160265 elapsed=536s
progress: nodes=7,270,000,000 tested=0 found=0 n=215612321496122462976015 elapsed=537s
progress: nodes=7,280,000,000 tested=0 found=0 n=667946720818105482683685 elapsed=538s
progress: nodes=7,290,000,000 tested=0 found=0 n=927792424514344859159865 elapsed=539s
progress: nodes=7,300,000,000 tested=0 found=0 n=43120770027320310728235 elapsed=539s
progress: nodes=7,310,000,000 tested=0 found=0 n=126985836508674088971585 elapsed=540s
progress: nodes=7,320,000,000 tested=0 found=0 n=249314203008358029011715 elapsed=541s
progress: nodes=7,330,000,000 tested=0 found=0 n=294524803254077654674605 elapsed=542s
progress: nodes=7,340,000,000 tested=0 found=0 n=494136698371252007449035 elapsed=542s
progress: nodes=7,350,000,000 tested=0 found=0 n=885622904863062514122135 elapsed=543s
progress: nodes=7,360,000,000 tested=0 found=0 n=10911085806476406292455 elapsed=544s
progress: nodes=7,370,000,000 tested=0 found=0 n=48665639112241402696305 elapsed=545s
progress: nodes=7,380,000,000 tested=0 found=0 n=468795992214923220266895 elapsed=545s
progress: nodes=7,390,000,000 tested=0 found=0 n=11106875574731237259315 elapsed=546s
progress: nodes=7,400,000,000 tested=0 found=0 n=6836945387566645415085 elapsed=547s
progress: nodes=7,410,000,000 tested=0 found=0 n=450921922265497294697505 elapsed=547s
progress: nodes=7,420,000,000 tested=0 found=0 n=462113431008414254844915 elapsed=548s
progress: nodes=7,430,000,000 tested=0 found=0 n=636522966944773863841005 elapsed=549s
progress: nodes=7,440,000,000 tested=0 found=0 n=1932560136927844375665 elapsed=549s
progress: nodes=7,450,000,000 tested=0 found=0 n=708012837945751756673535 elapsed=550s
progress: nodes=7,460,000,000 tested=0 found=0 n=460694627710586699985345 elapsed=551s
progress: nodes=7,470,000,000 tested=0 found=0 n=262365101213242938848805 elapsed=552s
progress: nodes=7,480,000,000 tested=0 found=0 n=874015113960202927045935 elapsed=552s
progress: nodes=7,490,000,000 tested=0 found=0 n=236702902194886160251155 elapsed=553s
progress: nodes=7,500,000,000 tested=0 found=0 n=4583911152080978351445 elapsed=554s
progress: nodes=7,510,000,000 tested=0 found=0 n=441811602825731486811015 elapsed=555s
progress: nodes=7,520,000,000 tested=0 found=0 n=412780722324217339812405 elapsed=555s
progress: nodes=7,530,000,000 tested=0 found=0 n=806753296131549232608555 elapsed=556s
progress: nodes=7,540,000,000 tested=0 found=0 n=565222913040302978286945 elapsed=557s
progress: nodes=7,550,000,000 tested=0 found=0 n=447824455139456821834905 elapsed=557s
progress: nodes=7,560,000,000 tested=0 found=0 n=888166381163538696099405 elapsed=558s
progress: nodes=7,570,000,000 tested=0 found=0 n=740506630717173527779215 elapsed=559s
progress: nodes=7,580,000,000 tested=0 found=0 n=484253434249530028591515 elapsed=560s
progress: nodes=7,590,000,000 tested=0 found=0 n=139779632250213098003805 elapsed=560s
progress: nodes=7,600,000,000 tested=0 found=0 n=974123456010854212831215 elapsed=561s
progress: nodes=7,610,000,000 tested=0 found=0 n=192426696085572163027785 elapsed=562s
progress: nodes=7,620,000,000 tested=0 found=0 n=405198371723040497755965 elapsed=562s
progress: nodes=7,630,000,000 tested=0 found=0 n=202365541931156005496115 elapsed=563s
progress: nodes=7,640,000,000 tested=0 found=0 n=143687747840020340556495 elapsed=564s
progress: nodes=7,650,000,000 tested=0 found=0 n=190825952350398665603415 elapsed=565s
progress: nodes=7,660,000,000 tested=0 found=0 n=287739644311119026076645 elapsed=565s
progress: nodes=7,670,000,000 tested=0 found=0 n=979294950915602502567855 elapsed=566s
progress: nodes=7,680,000,000 tested=0 found=0 n=5908021076729039124255 elapsed=567s
progress: nodes=7,690,000,000 tested=0 found=0 n=489501616221654472325085 elapsed=567s
progress: nodes=7,700,000,000 tested=0 found=0 n=612562577650873948728735 elapsed=568s
progress: nodes=7,710,000,000 tested=0 found=0 n=786888103909147249969995 elapsed=569s
progress: nodes=7,720,000,000 tested=0 found=0 n=834003283440811409974335 elapsed=570s
progress: nodes=7,730,000,000 tested=0 found=0 n=633009406615492148768085 elapsed=570s
progress: nodes=7,740,000,000 tested=0 found=0 n=184555126467937358581245 elapsed=571s
progress: nodes=7,750,000,000 tested=0 found=0 n=312026519170356040316595 elapsed=572s
progress: nodes=7,760,000,000 tested=0 found=0 n=763999430696008293995355 elapsed=573s
progress: nodes=7,770,000,000 tested=0 found=0 n=3206689124463058107405 elapsed=573s
progress: nodes=7,780,000,000 tested=0 found=0 n=896172133615602635599815 elapsed=574s
progress: nodes=7,790,000,000 tested=0 found=0 n=876259646369536598362095 elapsed=575s
progress: nodes=7,800,000,000 tested=0 found=0 n=378334177691615684808045 elapsed=576s
progress: nodes=7,810,000,000 tested=0 found=0 n=810021450010868956465185 elapsed=576s
progress: nodes=7,820,000,000 tested=0 found=0 n=927799770975713442288615 elapsed=577s
progress: nodes=7,830,000,000 tested=0 found=0 n=933729187585016869935 elapsed=578s
progress: nodes=7,840,000,000 tested=0 found=0 n=290821906636934588784435 elapsed=579s

done in 579.2s | nodes=7,848,191,734 | tested=0 | weird=0
