search v2: odd=True, N_CAP=1.00e+24, DELTA_MAX=1.0e+07, MIN_DEPTH=6
SPF shard: smallest prime factor = 3
P2 sub-shard: second prime factor = 7
P3 sub-sub-shard: third prime factor = 11
progress: nodes=10,000,000 tested=0 found=0 n=600411512109307285393083 elapsed=1s
progress: nodes=20,000,000 tested=0 found=0 n=716642006908489112149083 elapsed=1s
progress: nodes=30,000,000 tested=0 found=0 n=309357484258513399528743 elapsed=2s
progress: nodes=40,000,000 tested=0 found=0 n=642913609562016222789513 elapsed=3s
progress: nodes=50,000,000 tested=0 found=0 n=597873967314977148064731 elapsed=4s
progress: nodes=60,000,000 tested=0 found=0 n=24384469480298773413183 elapsed=5s
progress: nodes=70,000,000 tested=0 found=0 n=90454733813627633072007 elapsed=5s
progress: nodes=80,000,000 tested=0 found=0 n=21298410955932055407 elapsed=6s
progress: nodes=90,000,000 tested=0 found=0 n=671761978706227899859677 elapsed=7s
progress: nodes=100,000,000 tested=0 found=0 n=695075672614042273521429 elapsed=8s
progress: nodes=110,000,000 tested=0 found=0 n=294106258541181934704087 elapsed=9s
progress: nodes=120,000,000 tested=0 found=0 n=206775148175639201419569 elapsed=10s
progress: nodes=130,000,000 tested=0 found=0 n=750204564351765830796951 elapsed=10s
progress: nodes=140,000,000 tested=0 found=0 n=547295765460948670158531 elapsed=11s
progress: nodes=150,000,000 tested=0 found=0 n=435523397061399915293487 elapsed=12s
progress: nodes=160,000,000 tested=0 found=0 n=144374027960392338306429 elapsed=13s
progress: nodes=170,000,000 tested=0 found=0 n=93632221785426837170427 elapsed=13s

done in 14.1s | nodes=179,249,521 | tested=0 | weird=0
