search v2: odd=True, N_CAP=1.00e+24, DELTA_MAX=1.0e+07, MIN_DEPTH=6
SPF shard: smallest prime factor = 3
P2 sub-shard: second prime factor = 5
P3 sub-sub-shard: third prime factor = 11
progress: nodes=10,000,000 tested=0 found=0 n=891134761094340429153465 elapsed=0s
progress: nodes=20,000,000 tested=0 found=0 n=451796259577021700577885 elapsed=1s
progress: nodes=30,000,000 tested=0 found=0 n=797894211214528833997845 elapsed=1s
progress: nodes=40,000,000 tested=0 found=0 n=851466621656836216081215 elapsed=2s
progress: nodes=50,000,000 tested=0 found=0 n=971766317430648147742785 elapsed=2s
progress: nodes=60,000,000 tested=0 found=0 n=962429817095414592868845 elapsed=3s
progress: nodes=70,000,000 tested=0 found=0 n=433829090520874025130285 elapsed=3s
progress: nodes=80,000,000 tested=0 found=0 n=300415587015683177266635 elapsed=4s
progress: nodes=90,000,000 tested=0 found=0 n=766371658273756342647345 elapsed=4s
progress: nodes=100,000,000 tested=0 found=0 n=876570688049013402354855 elapsed=5s
progress: nodes=110,000,000 tested=0 found=0 n=282090554705774295445635 elapsed=5s
progress: nodes=120,000,000 tested=0 found=0 n=189919365524852137563015 elapsed=6s
progress: nodes=130,000,000 tested=0 found=0 n=559728577670938752078585 elapsed=6s
progress: nodes=140,000,000 tested=0 found=0 n=107713560680231701886955 elapsed=7s
progress: nodes=150,000,000 tested=0 found=0 n=53561844736149817133055 elapsed=7s
progress: nodes=160,000,000 tested=0 found=0 n=365217815932547770121985 elapsed=8s
progress: nodes=170,000,000 tested=0 found=0 n=22252959834579889419015 elapsed=8s
progress: nodes=180,000,000 tested=0 found=0 n=16117850235287522769795 elapsed=8s
progress: nodes=190,000,000 tested=0 found=0 n=171182868726674084418765 elapsed=9s
progress: nodes=200,000,000 tested=0 found=0 n=6805135092547794470985 elapsed=9s
progress: nodes=210,000,000 tested=0 found=0 n=70573298879403376420815 elapsed=10s
progress: nodes=220,000,000 tested=0 found=0 n=379074097217351729982195 elapsed=10s
progress: nodes=230,000,000 tested=0 found=0 n=249782366905631497619055 elapsed=11s
progress: nodes=240,000,000 tested=0 found=0 n=4140008969557063790385 elapsed=11s
progress: nodes=250,000,000 tested=0 found=0 n=5489426730518348643135 elapsed=12s
progress: nodes=260,000,000 tested=0 found=0 n=786689825629895614257435 elapsed=12s
progress: nodes=270,000,000 tested=0 found=0 n=2869832426528356990965 elapsed=13s
progress: nodes=280,000,000 tested=0 found=0 n=554464992729395010285 elapsed=13s
progress: nodes=290,000,000 tested=0 found=0 n=1184622946573080295215 elapsed=14s
progress: nodes=300,000,000 tested=0 found=0 n=860494209169169253938985 elapsed=14s
progress: nodes=310,000,000 tested=0 found=0 n=439739372689533818956395 elapsed=15s
progress: nodes=320,000,000 tested=0 found=0 n=233173344882867065163135 elapsed=16s
progress: nodes=330,000,000 tested=0 found=0 n=420441847955012285877915 elapsed=17s
progress: nodes=340,000,000 tested=0 found=0 n=261997894349756681978565 elapsed=18s
progress: nodes=350,000,000 tested=0 found=0 n=176826771073595905222455 elapsed=19s
progress: nodes=360,000,000 tested=0 found=0 n=624894400203770481612795 elapsed=20s
progress: nodes=370,000,000 tested=0 found=0 n=886856881002227612099865 elapsed=20s
progress: nodes=380,000,000 tested=0 found=0 n=492677965130451940304685 elapsed=21s
progress: nodes=390,000,000 tested=0 found=0 n=205175561735922203100015 elapsed=21s
progress: nodes=400,000,000 tested=0 found=0 n=539307732386510227334205 elapsed=22s
progress: nodes=410,000,000 tested=0 found=0 n=112860527836163399576955 elapsed=22s
progress: nodes=420,000,000 tested=0 found=0 n=189759483145679753484585 elapsed=23s
progress: nodes=430,000,000 tested=0 found=0 n=90082220066725575067335 elapsed=23s
progress: nodes=440,000,000 tested=0 found=0 n=882571848616343006977185 elapsed=23s
progress: nodes=450,000,000 tested=0 found=0 n=905807189662319444911785 elapsed=24s
progress: nodes=460,000,000 tested=0 found=0 n=42438052128717466590105 elapsed=24s
progress: nodes=470,000,000 tested=0 found=0 n=74589695125154977313205 elapsed=25s
progress: nodes=480,000,000 tested=0 found=0 n=3217153480327134103635 elapsed=25s
progress: nodes=490,000,000 tested=0 found=0 n=2288989349290814335605 elapsed=26s
progress: nodes=500,000,000 tested=0 found=0 n=254962926868854984076935 elapsed=26s
progress: nodes=510,000,000 tested=0 found=0 n=271585979830987561123065 elapsed=27s
progress: nodes=520,000,000 tested=0 found=0 n=641730907431739240467165 elapsed=27s
progress: nodes=530,000,000 tested=0 found=0 n=1090555312176711658035 elapsed=28s
progress: nodes=540,000,000 tested=0 found=0 n=494364253411561398521535 elapsed=29s
progress: nodes=550,000,000 tested=0 found=0 n=336537802700858741879655 elapsed=30s
progress: nodes=560,000,000 tested=0 found=0 n=944315866876148345770785 elapsed=30s
progress: nodes=570,000,000 tested=0 found=0 n=44642153184275344841055 elapsed=31s
progress: nodes=580,000,000 tested=0 found=0 n=17869054622712925130235 elapsed=32s
progress: nodes=590,000,000 tested=0 found=0 n=4548491390169273198465 elapsed=32s
progress: nodes=600,000,000 tested=0 found=0 n=954964160829978887115 elapsed=33s
progress: nodes=610,000,000 tested=0 found=0 n=869390573116824739447335 elapsed=33s
progress: nodes=620,000,000 tested=0 found=0 n=54154487189801369751435 elapsed=34s
progress: nodes=630,000,000 tested=0 found=0 n=403198234511954848954515 elapsed=35s
progress: nodes=640,000,000 tested=0 found=0 n=950526613034139619911015 elapsed=36s
progress: nodes=650,000,000 tested=0 found=0 n=413602441356449693161935 elapsed=37s
progress: nodes=660,000,000 tested=0 found=0 n=938256893264372994639855 elapsed=37s
progress: nodes=670,000,000 tested=0 found=0 n=914583946180224963308985 elapsed=38s
progress: nodes=680,000,000 tested=0 found=0 n=510148846950955180161435 elapsed=39s
progress: nodes=690,000,000 tested=0 found=0 n=680120724445376665233915 elapsed=40s
progress: nodes=700,000,000 tested=0 found=0 n=692452904857518588900435 elapsed=40s
progress: nodes=710,000,000 tested=0 found=0 n=797534220257364739282155 elapsed=41s
progress: nodes=720,000,000 tested=0 found=0 n=619954573696200349249005 elapsed=42s
progress: nodes=730,000,000 tested=0 found=0 n=816269683455796442339115 elapsed=43s
progress: nodes=740,000,000 tested=0 found=0 n=134058562843163804805465 elapsed=44s
progress: nodes=750,000,000 tested=0 found=0 n=908858913178509793555605 elapsed=44s
progress: nodes=760,000,000 tested=0 found=0 n=617507272157653605702645 elapsed=45s
progress: nodes=770,000,000 tested=0 found=0 n=945759444555057439249305 elapsed=46s
progress: nodes=780,000,000 tested=0 found=0 n=533783872989430167227805 elapsed=47s
progress: nodes=790,000,000 tested=0 found=0 n=730221390350914848626295 elapsed=48s
progress: nodes=800,000,000 tested=0 found=0 n=339145021435356415316565 elapsed=49s
progress: nodes=810,000,000 tested=0 found=0 n=651314346615688633395705 elapsed=49s
progress: nodes=820,000,000 tested=0 found=0 n=481777701841253592289845 elapsed=50s
progress: nodes=830,000,000 tested=0 found=0 n=564152108796186336229815 elapsed=51s
progress: nodes=840,000,000 tested=0 found=0 n=749898648546391231791255 elapsed=52s
progress: nodes=850,000,000 tested=0 found=0 n=896025122114685769463895 elapsed=53s
progress: nodes=860,000,000 tested=0 found=0 n=695036431954307256027885 elapsed=53s
progress: nodes=870,000,000 tested=0 found=0 n=173653083894568076553645 elapsed=54s
progress: nodes=880,000,000 tested=0 found=0 n=762155094673064970978705 elapsed=55s
progress: nodes=890,000,000 tested=0 found=0 n=927479705373816945905115 elapsed=56s
progress: nodes=900,000,000 tested=0 found=0 n=343167656102913091132485 elapsed=57s
progress: nodes=910,000,000 tested=0 found=0 n=508163695929447669717705 elapsed=58s
progress: nodes=920,000,000 tested=0 found=0 n=767229533733781212073155 elapsed=58s
progress: nodes=930,000,000 tested=0 found=0 n=225680086851881141582685 elapsed=59s
progress: nodes=940,000,000 tested=0 found=0 n=195479433798686926321455 elapsed=60s
progress: nodes=950,000,000 tested=0 found=0 n=885734705414436983222535 elapsed=61s
progress: nodes=960,000,000 tested=0 found=0 n=685360909406554007837265 elapsed=62s
progress: nodes=970,000,000 tested=0 found=0 n=796859373349753742008035 elapsed=63s
progress: nodes=980,000,000 tested=0 found=0 n=277731508892078963201535 elapsed=63s
progress: nodes=990,000,000 tested=0 found=0 n=496238101866677173018455 elapsed=64s
progress: nodes=1,000,000,000 tested=0 found=0 n=492020668411348513500855 elapsed=65s
progress: nodes=1,010,000,000 tested=0 found=0 n=723044806008590550999195 elapsed=66s
progress: nodes=1,020,000,000 tested=0 found=0 n=84307093190564119049295 elapsed=67s
progress: nodes=1,030,000,000 tested=0 found=0 n=948590408118246088055355 elapsed=67s
progress: nodes=1,040,000,000 tested=0 found=0 n=12969897667750008892665 elapsed=67s
progress: nodes=1,050,000,000 tested=0 found=0 n=32843542999797640901835 elapsed=68s
progress: nodes=1,060,000,000 tested=0 found=0 n=23746987827175717334835 elapsed=69s
progress: nodes=1,070,000,000 tested=0 found=0 n=69452756747817858537705 elapsed=69s
progress: nodes=1,080,000,000 tested=0 found=0 n=569461246796404170616815 elapsed=70s
progress: nodes=1,090,000,000 tested=0 found=0 n=554532202864909342504035 elapsed=71s
progress: nodes=1,100,000,000 tested=0 found=0 n=965451295683822199424535 elapsed=72s
progress: nodes=1,110,000,000 tested=0 found=0 n=826341352774029512851365 elapsed=72s
progress: nodes=1,120,000,000 tested=0 found=0 n=679875648560811403633845 elapsed=73s
progress: nodes=1,130,000,000 tested=0 found=0 n=443824232439737651447385 elapsed=74s
progress: nodes=1,140,000,000 tested=0 found=0 n=832299226977112696292535 elapsed=75s
progress: nodes=1,150,000,000 tested=0 found=0 n=703618738940626430083965 elapsed=76s
progress: nodes=1,160,000,000 tested=0 found=0 n=710297628005471361698205 elapsed=77s
progress: nodes=1,170,000,000 tested=0 found=0 n=430919343071705076933465 elapsed=78s
progress: nodes=1,180,000,000 tested=0 found=0 n=840561028320960951742485 elapsed=79s
progress: nodes=1,190,000,000 tested=0 found=0 n=967834938255745693066065 elapsed=79s
progress: nodes=1,200,000,000 tested=0 found=0 n=441818103631695172980345 elapsed=80s
progress: nodes=1,210,000,000 tested=0 found=0 n=437983785126806616355185 elapsed=81s
progress: nodes=1,220,000,000 tested=0 found=0 n=394086566032886093119335 elapsed=82s
progress: nodes=1,230,000,000 tested=0 found=0 n=344765910107657569073895 elapsed=83s
progress: nodes=1,240,000,000 tested=0 found=0 n=382282517769064071553845 elapsed=83s
progress: nodes=1,250,000,000 tested=0 found=0 n=530288316816833751799095 elapsed=84s
progress: nodes=1,260,000,000 tested=0 found=0 n=72672318054735107889015 elapsed=85s
progress: nodes=1,270,000,000 tested=0 found=0 n=413577904725327307769595 elapsed=86s
progress: nodes=1,280,000,000 tested=0 found=0 n=332786626235450331839235 elapsed=87s
progress: nodes=1,290,000,000 tested=0 found=0 n=327272804391064348733895 elapsed=88s
progress: nodes=1,300,000,000 tested=0 found=0 n=450641411107208652056715 elapsed=89s
progress: nodes=1,310,000,000 tested=0 found=0 n=678703875903329915375055 elapsed=89s
progress: nodes=1,320,000,000 tested=0 found=0 n=201992854211164259238105 elapsed=90s
progress: nodes=1,330,000,000 tested=0 found=0 n=166103510625007236556605 elapsed=91s
progress: nodes=1,340,000,000 tested=0 found=0 n=194814758313933398495415 elapsed=92s
progress: nodes=1,350,000,000 tested=0 found=0 n=514866989382254931471885 elapsed=93s
progress: nodes=1,360,000,000 tested=0 found=0 n=261556362480253350572865 elapsed=94s
progress: nodes=1,370,000,000 tested=0 found=0 n=521929031631157156772205 elapsed=95s
progress: nodes=1,380,000,000 tested=0 found=0 n=212146043579645589024435 elapsed=96s
progress: nodes=1,390,000,000 tested=0 found=0 n=509937308632367467181055 elapsed=97s
progress: nodes=1,400,000,000 tested=0 found=0 n=219135999775297252854195 elapsed=97s
progress: nodes=1,410,000,000 tested=0 found=0 n=462594158360566160109885 elapsed=98s
progress: nodes=1,420,000,000 tested=0 found=0 n=439159390370072765275905 elapsed=99s
progress: nodes=1,430,000,000 tested=0 found=0 n=146184717029500172870055 elapsed=100s
progress: nodes=1,440,000,000 tested=0 found=0 n=171165744828022839715755 elapsed=101s
progress: nodes=1,450,000,000 tested=0 found=0 n=555489343631125336312935 elapsed=102s
progress: nodes=1,460,000,000 tested=0 found=0 n=642298947548282087027085 elapsed=103s
progress: nodes=1,470,000,000 tested=0 found=0 n=396538965095812483897755 elapsed=104s
progress: nodes=1,480,000,000 tested=0 found=0 n=312020894878698287075805 elapsed=104s
progress: nodes=1,490,000,000 tested=0 found=0 n=127262934356175963297315 elapsed=105s
progress: nodes=1,500,000,000 tested=0 found=0 n=455273488550357407924785 elapsed=106s
progress: nodes=1,510,000,000 tested=0 found=0 n=203434188447308138524215 elapsed=107s
progress: nodes=1,520,000,000 tested=0 found=0 n=562521727176564231554445 elapsed=108s
progress: nodes=1,530,000,000 tested=0 found=0 n=778455785570938102297395 elapsed=108s
progress: nodes=1,540,000,000 tested=0 found=0 n=898822911846145025341305 elapsed=109s
progress: nodes=1,550,000,000 tested=0 found=0 n=518332032576239794804485 elapsed=109s
progress: nodes=1,560,000,000 tested=0 found=0 n=984147680180043724667355 elapsed=110s
progress: nodes=1,570,000,000 tested=0 found=0 n=472835465464861340960085 elapsed=110s
progress: nodes=1,580,000,000 tested=0 found=0 n=309658352484079659810915 elapsed=111s
progress: nodes=1,590,000,000 tested=0 found=0 n=446415772213151000192295 elapsed=111s
progress: nodes=1,600,000,000 tested=0 found=0 n=565363833682663176449805 elapsed=112s
progress: nodes=1,610,000,000 tested=0 found=0 n=503994446172802932441435 elapsed=112s
progress: nodes=1,620,000,000 tested=0 found=0 n=878645465058955172184045 elapsed=113s
progress: nodes=1,630,000,000 tested=0 found=0 n=984073362485548235218065 elapsed=113s
progress: nodes=1,640,000,000 tested=0 found=0 n=507822674920803175112685 elapsed=114s
progress: nodes=1,650,000,000 tested=0 found=0 n=39964502231066194586145 elapsed=114s
progress: nodes=1,660,000,000 tested=0 found=0 n=800193879694713476758995 elapsed=115s
progress: nodes=1,670,000,000 tested=0 found=0 n=352013732159120829989235 elapsed=116s
progress: nodes=1,680,000,000 tested=0 found=0 n=197662045615253159985 elapsed=117s
progress: nodes=1,690,000,000 tested=0 found=0 n=931888440579710568622635 elapsed=117s
progress: nodes=1,700,000,000 tested=0 found=0 n=297880041542454213275565 elapsed=118s
progress: nodes=1,710,000,000 tested=0 found=0 n=694404535481058476558385 elapsed=119s
progress: nodes=1,720,000,000 tested=0 found=0 n=687166312694598540009855 elapsed=120s
progress: nodes=1,730,000,000 tested=0 found=0 n=700740837966757331533185 elapsed=121s
progress: nodes=1,740,000,000 tested=0 found=0 n=814261834103600609950905 elapsed=122s
progress: nodes=1,750,000,000 tested=0 found=0 n=497179540026492945948315 elapsed=122s
progress: nodes=1,760,000,000 tested=0 found=0 n=524688327253418068037385 elapsed=123s
progress: nodes=1,770,000,000 tested=0 found=0 n=530239998147563737163295 elapsed=124s
progress: nodes=1,780,000,000 tested=0 found=0 n=179366366661234963170895 elapsed=125s
progress: nodes=1,790,000,000 tested=0 found=0 n=315156785091373647779445 elapsed=126s
progress: nodes=1,800,000,000 tested=0 found=0 n=181587499055095342630905 elapsed=127s
progress: nodes=1,810,000,000 tested=0 found=0 n=691885648427754441727935 elapsed=127s
progress: nodes=1,820,000,000 tested=0 found=0 n=266171228894697760066455 elapsed=128s
progress: nodes=1,830,000,000 tested=0 found=0 n=111365622975277451385 elapsed=129s
progress: nodes=1,840,000,000 tested=0 found=0 n=259122900925620228364065 elapsed=130s
progress: nodes=1,850,000,000 tested=0 found=0 n=159559225841289942043695 elapsed=131s
progress: nodes=1,860,000,000 tested=0 found=0 n=597221599289606581370355 elapsed=132s
progress: nodes=1,870,000,000 tested=0 found=0 n=292453467488827308260685 elapsed=133s
progress: nodes=1,880,000,000 tested=0 found=0 n=583699268281417682426505 elapsed=133s
progress: nodes=1,890,000,000 tested=0 found=0 n=627191114545030548750435 elapsed=134s
progress: nodes=1,900,000,000 tested=0 found=0 n=181281096334964791124685 elapsed=135s
progress: nodes=1,910,000,000 tested=0 found=0 n=213201402631538891910615 elapsed=136s
progress: nodes=1,920,000,000 tested=0 found=0 n=49613680146865427327295 elapsed=137s
progress: nodes=1,930,000,000 tested=0 found=0 n=683947623485301983122095 elapsed=138s
progress: nodes=1,940,000,000 tested=0 found=0 n=923887101454059993778935 elapsed=139s
progress: nodes=1,950,000,000 tested=0 found=0 n=672861718098297567406215 elapsed=140s
progress: nodes=1,960,000,000 tested=0 found=0 n=480988589499054349206615 elapsed=140s
progress: nodes=1,970,000,000 tested=0 found=0 n=449305335195674270345505 elapsed=141s
progress: nodes=1,980,000,000 tested=0 found=0 n=532478033147198847013965 elapsed=142s
progress: nodes=1,990,000,000 tested=0 found=0 n=173099685421071385724385 elapsed=143s
progress: nodes=2,000,000,000 tested=0 found=0 n=481849925627987211868155 elapsed=144s
progress: nodes=2,010,000,000 tested=0 found=0 n=368209113955373770470765 elapsed=145s
progress: nodes=2,020,000,000 tested=0 found=0 n=606911487503195462448465 elapsed=146s
progress: nodes=2,030,000,000 tested=0 found=0 n=351037571516815918767615 elapsed=147s
progress: nodes=2,040,000,000 tested=0 found=0 n=304697301753603011797665 elapsed=147s
progress: nodes=2,050,000,000 tested=0 found=0 n=308861964307485911100735 elapsed=148s
progress: nodes=2,060,000,000 tested=0 found=0 n=170066006711522993026395 elapsed=149s
progress: nodes=2,070,000,000 tested=0 found=0 n=319812365601610859628585 elapsed=150s
progress: nodes=2,080,000,000 tested=0 found=0 n=149424319694737616794155 elapsed=151s
progress: nodes=2,090,000,000 tested=0 found=0 n=512409013375702546338345 elapsed=152s
progress: nodes=2,100,000,000 tested=0 found=0 n=909568225152349998074235 elapsed=152s
progress: nodes=2,110,000,000 tested=0 found=0 n=3091528838040251584635 elapsed=153s
progress: nodes=2,120,000,000 tested=0 found=0 n=894893202652366176742395 elapsed=153s
progress: nodes=2,130,000,000 tested=0 found=0 n=953458485291257779420785 elapsed=154s
progress: nodes=2,140,000,000 tested=0 found=0 n=915502411025971870391235 elapsed=155s
progress: nodes=2,150,000,000 tested=0 found=0 n=681919820098080093073665 elapsed=156s
progress: nodes=2,160,000,000 tested=0 found=0 n=570689989895410490701035 elapsed=157s
progress: nodes=2,170,000,000 tested=0 found=0 n=419256309784564176165945 elapsed=157s
progress: nodes=2,180,000,000 tested=0 found=0 n=380671293351701994092055 elapsed=158s
progress: nodes=2,190,000,000 tested=0 found=0 n=935859420124090494655095 elapsed=159s
progress: nodes=2,200,000,000 tested=0 found=0 n=940874002752927380915745 elapsed=160s
progress: nodes=2,210,000,000 tested=0 found=0 n=415780391137180207526685 elapsed=161s
progress: nodes=2,220,000,000 tested=0 found=0 n=348735080889733907190195 elapsed=162s
progress: nodes=2,230,000,000 tested=0 found=0 n=500812417454191736012955 elapsed=162s
progress: nodes=2,240,000,000 tested=0 found=0 n=865331396980291512181845 elapsed=163s
progress: nodes=2,250,000,000 tested=0 found=0 n=474466585107927268480635 elapsed=164s
progress: nodes=2,260,000,000 tested=0 found=0 n=157354791586853662876635 elapsed=165s
progress: nodes=2,270,000,000 tested=0 found=0 n=684478210414618123429365 elapsed=166s
progress: nodes=2,280,000,000 tested=0 found=0 n=17827572842165910387465 elapsed=167s
progress: nodes=2,290,000,000 tested=0 found=0 n=349218592291960558784595 elapsed=168s
progress: nodes=2,300,000,000 tested=0 found=0 n=800877945167984641726395 elapsed=168s
progress: nodes=2,310,000,000 tested=0 found=0 n=241035669927706760984295 elapsed=169s
progress: nodes=2,320,000,000 tested=0 found=0 n=994694971645995151203045 elapsed=170s
progress: nodes=2,330,000,000 tested=0 found=0 n=149563046396458709384535 elapsed=171s
progress: nodes=2,340,000,000 tested=0 found=0 n=812567327469720892289055 elapsed=172s
progress: nodes=2,350,000,000 tested=0 found=0 n=271327988408728065760935 elapsed=173s
progress: nodes=2,360,000,000 tested=0 found=0 n=186039033751856975375565 elapsed=174s
progress: nodes=2,370,000,000 tested=0 found=0 n=218209681358611522405155 elapsed=174s
progress: nodes=2,380,000,000 tested=0 found=0 n=160428128170751351995095 elapsed=175s
progress: nodes=2,390,000,000 tested=0 found=0 n=229552423266682718447355 elapsed=176s
progress: nodes=2,400,000,000 tested=0 found=0 n=481287202239765409410285 elapsed=177s
progress: nodes=2,410,000,000 tested=0 found=0 n=268002914540691607517295 elapsed=178s
progress: nodes=2,420,000,000 tested=0 found=0 n=125948230307676538456365 elapsed=179s
progress: nodes=2,430,000,000 tested=0 found=0 n=143189713725734899598265 elapsed=180s
progress: nodes=2,440,000,000 tested=0 found=0 n=797071564875643232501205 elapsed=181s
progress: nodes=2,450,000,000 tested=0 found=0 n=177564757451908340853405 elapsed=181s
progress: nodes=2,460,000,000 tested=0 found=0 n=255327974185394107450035 elapsed=182s
progress: nodes=2,470,000,000 tested=0 found=0 n=68396897714094262748655 elapsed=183s
progress: nodes=2,480,000,000 tested=0 found=0 n=191820397595955802853355 elapsed=184s
progress: nodes=2,490,000,000 tested=0 found=0 n=137669174332697081978145 elapsed=185s
progress: nodes=2,500,000,000 tested=0 found=0 n=192793874432861966467005 elapsed=186s
progress: nodes=2,510,000,000 tested=0 found=0 n=79904617233531252916545 elapsed=187s
progress: nodes=2,520,000,000 tested=0 found=0 n=4195245651007938166035 elapsed=188s
progress: nodes=2,530,000,000 tested=0 found=0 n=720426448156374905409585 elapsed=188s
progress: nodes=2,540,000,000 tested=0 found=0 n=891146452494487282135515 elapsed=189s
progress: nodes=2,550,000,000 tested=0 found=0 n=590264384335573608289035 elapsed=189s
progress: nodes=2,560,000,000 tested=0 found=0 n=262035281304302786974485 elapsed=190s
progress: nodes=2,570,000,000 tested=0 found=0 n=296841669112277023836915 elapsed=190s
progress: nodes=2,580,000,000 tested=0 found=0 n=375500211914262233025315 elapsed=190s
progress: nodes=2,590,000,000 tested=0 found=0 n=308182070343410271117945 elapsed=191s
progress: nodes=2,600,000,000 tested=0 found=0 n=343667320360273110668445 elapsed=191s
progress: nodes=2,610,000,000 tested=0 found=0 n=418971000772108181504745 elapsed=192s
progress: nodes=2,620,000,000 tested=0 found=0 n=467075996390577445933545 elapsed=192s
progress: nodes=2,630,000,000 tested=0 found=0 n=458532491452076183846715 elapsed=193s
progress: nodes=2,640,000,000 tested=0 found=0 n=881283936010080923855865 elapsed=194s
progress: nodes=2,650,000,000 tested=0 found=0 n=839584199862246766273335 elapsed=195s
progress: nodes=2,660,000,000 tested=0 found=0 n=638421361165684986760035 elapsed=195s
progress: nodes=2,670,000,000 tested=0 found=0 n=684638216483091864260355 elapsed=196s
progress: nodes=2,680,000,000 tested=0 found=0 n=858023452741270520817585 elapsed=197s
progress: nodes=2,690,000,000 tested=0 found=0 n=308440407893545372005 elapsed=198s
progress: nodes=2,700,000,000 tested=0 found=0 n=784113517560958502852385 elapsed=199s
progress: nodes=2,710,000,000 tested=0 found=0 n=955018915843004079965865 elapsed=200s
progress: nodes=2,720,000,000 tested=0 found=0 n=270107576708653880762445 elapsed=200s
progress: nodes=2,730,000,000 tested=0 found=0 n=773889018079047496882245 elapsed=201s
progress: nodes=2,740,000,000 tested=0 found=0 n=640934870633426429147835 elapsed=202s
progress: nodes=2,750,000,000 tested=0 found=0 n=219103656406415498008665 elapsed=203s
progress: nodes=2,760,000,000 tested=0 found=0 n=704156416808582381951835 elapsed=204s
progress: nodes=2,770,000,000 tested=0 found=0 n=810733880660364904909545 elapsed=205s
progress: nodes=2,780,000,000 tested=0 found=0 n=161123167720008229619565 elapsed=206s
progress: nodes=2,790,000,000 tested=0 found=0 n=602359776118215852363495 elapsed=206s
progress: nodes=2,800,000,000 tested=0 found=0 n=583612833050200208831895 elapsed=207s
progress: nodes=2,810,000,000 tested=0 found=0 n=934728376421032206566355 elapsed=208s
progress: nodes=2,820,000,000 tested=0 found=0 n=524394508813316325765405 elapsed=209s
progress: nodes=2,830,000,000 tested=0 found=0 n=43042182177413241316395 elapsed=210s
progress: nodes=2,840,000,000 tested=0 found=0 n=140540828172696667619145 elapsed=211s
progress: nodes=2,850,000,000 tested=0 found=0 n=476461893055966299723285 elapsed=212s
progress: nodes=2,860,000,000 tested=0 found=0 n=74059727530065862910985 elapsed=213s
progress: nodes=2,870,000,000 tested=0 found=0 n=511892682943410046714095 elapsed=213s
progress: nodes=2,880,000,000 tested=0 found=0 n=72811634951980692208485 elapsed=214s
progress: nodes=2,890,000,000 tested=0 found=0 n=198554574181605146260965 elapsed=215s
progress: nodes=2,900,000,000 tested=0 found=0 n=443988086970752429494455 elapsed=216s
progress: nodes=2,910,000,000 tested=0 found=0 n=431204595790291654783815 elapsed=217s
progress: nodes=2,920,000,000 tested=0 found=0 n=445141041141673133889885 elapsed=218s
progress: nodes=2,930,000,000 tested=0 found=0 n=665007576159153270700305 elapsed=219s
progress: nodes=2,940,000,000 tested=0 found=0 n=128490255285150074827005 elapsed=220s
progress: nodes=2,950,000,000 tested=0 found=0 n=82732908633224629327515 elapsed=221s
progress: nodes=2,960,000,000 tested=0 found=0 n=53807289990129413633115 elapsed=222s
progress: nodes=2,970,000,000 tested=0 found=0 n=37453264619506477314705 elapsed=223s
progress: nodes=2,980,000,000 tested=0 found=0 n=64691681550797889084915 elapsed=224s
progress: nodes=2,990,000,000 tested=0 found=0 n=639737426934547452783855 elapsed=224s
progress: nodes=3,000,000,000 tested=0 found=0 n=699062106669114110347755 elapsed=225s
progress: nodes=3,010,000,000 tested=0 found=0 n=381602120576187881293605 elapsed=225s
progress: nodes=3,020,000,000 tested=0 found=0 n=745811203380884654061015 elapsed=226s
progress: nodes=3,030,000,000 tested=0 found=0 n=659101673117009674960155 elapsed=227s
progress: nodes=3,040,000,000 tested=0 found=0 n=722501168568242968596285 elapsed=227s
progress: nodes=3,050,000,000 tested=0 found=0 n=341575866545555650821615 elapsed=228s
progress: nodes=3,060,000,000 tested=0 found=0 n=564488336559049556434605 elapsed=229s
progress: nodes=3,070,000,000 tested=0 found=0 n=454949795362457875829085 elapsed=230s
progress: nodes=3,080,000,000 tested=0 found=0 n=980713295164237027188015 elapsed=231s
progress: nodes=3,090,000,000 tested=0 found=0 n=869994125123559710938785 elapsed=232s
progress: nodes=3,100,000,000 tested=0 found=0 n=656470003423763227194045 elapsed=233s
progress: nodes=3,110,000,000 tested=0 found=0 n=795481428645176292987165 elapsed=233s
progress: nodes=3,120,000,000 tested=0 found=0 n=809599113935003074712535 elapsed=234s
progress: nodes=3,130,000,000 tested=0 found=0 n=257367200663731629037545 elapsed=235s
progress: nodes=3,140,000,000 tested=0 found=0 n=364245085508132869029495 elapsed=236s
progress: nodes=3,150,000,000 tested=0 found=0 n=955452001578048278737785 elapsed=237s
progress: nodes=3,160,000,000 tested=0 found=0 n=192806656241035915567665 elapsed=238s
progress: nodes=3,170,000,000 tested=0 found=0 n=75637702156629846327435 elapsed=239s
progress: nodes=3,180,000,000 tested=0 found=0 n=274817912919153096788955 elapsed=240s
progress: nodes=3,190,000,000 tested=0 found=0 n=608848328612154495075255 elapsed=241s
progress: nodes=3,200,000,000 tested=0 found=0 n=348708581193057185504745 elapsed=241s
progress: nodes=3,210,000,000 tested=0 found=0 n=424923762047280428661795 elapsed=242s
progress: nodes=3,220,000,000 tested=0 found=0 n=316686319536526492873815 elapsed=243s
progress: nodes=3,230,000,000 tested=0 found=0 n=809934267672772497313245 elapsed=244s
progress: nodes=3,240,000,000 tested=0 found=0 n=195152182965236688074235 elapsed=245s
progress: nodes=3,250,000,000 tested=0 found=0 n=210143292397797108538485 elapsed=246s
progress: nodes=3,260,000,000 tested=0 found=0 n=65496244064740733085435 elapsed=247s
progress: nodes=3,270,000,000 tested=0 found=0 n=343470412352757151463265 elapsed=248s
progress: nodes=3,280,000,000 tested=0 found=0 n=150056281820484583284015 elapsed=249s
progress: nodes=3,290,000,000 tested=0 found=0 n=600684466018538385941985 elapsed=250s
progress: nodes=3,300,000,000 tested=0 found=0 n=668212665334600283695215 elapsed=250s
progress: nodes=3,310,000,000 tested=0 found=0 n=68573329690788170284905 elapsed=251s
progress: nodes=3,320,000,000 tested=0 found=0 n=34228320144505735160385 elapsed=252s
progress: nodes=3,330,000,000 tested=0 found=0 n=34308828889648728053265 elapsed=253s
progress: nodes=3,340,000,000 tested=0 found=0 n=321976442421444969490365 elapsed=254s
progress: nodes=3,350,000,000 tested=0 found=0 n=931285927019885183014455 elapsed=254s
progress: nodes=3,360,000,000 tested=0 found=0 n=945874413427778776982205 elapsed=255s
progress: nodes=3,370,000,000 tested=0 found=0 n=275346264116679513387795 elapsed=256s
progress: nodes=3,380,000,000 tested=0 found=0 n=581447337011949833328915 elapsed=257s
progress: nodes=3,390,000,000 tested=0 found=0 n=358672218543051213315735 elapsed=258s
progress: nodes=3,400,000,000 tested=0 found=0 n=394490604526240776503895 elapsed=259s
progress: nodes=3,410,000,000 tested=0 found=0 n=230953973936524535624895 elapsed=259s
progress: nodes=3,420,000,000 tested=0 found=0 n=120542202642876680328795 elapsed=260s
progress: nodes=3,430,000,000 tested=0 found=0 n=928295209215379980423405 elapsed=261s
progress: nodes=3,440,000,000 tested=0 found=0 n=275467379382883230003945 elapsed=262s
progress: nodes=3,450,000,000 tested=0 found=0 n=327594807498191958753435 elapsed=263s
progress: nodes=3,460,000,000 tested=0 found=0 n=531396295411089635301555 elapsed=264s
progress: nodes=3,470,000,000 tested=0 found=0 n=132121371447439737693165 elapsed=265s
progress: nodes=3,480,000,000 tested=0 found=0 n=149635434396242063233305 elapsed=266s
progress: nodes=3,490,000,000 tested=0 found=0 n=582117406203492837587745 elapsed=267s
progress: nodes=3,500,000,000 tested=0 found=0 n=373843524637750357411155 elapsed=267s
progress: nodes=3,510,000,000 tested=0 found=0 n=100181159762279075114085 elapsed=268s
progress: nodes=3,520,000,000 tested=0 found=0 n=858475736770288879137555 elapsed=269s
progress: nodes=3,530,000,000 tested=0 found=0 n=91707705429069139199955 elapsed=270s
progress: nodes=3,540,000,000 tested=0 found=0 n=81285012066655367914185 elapsed=271s
progress: nodes=3,550,000,000 tested=0 found=0 n=447075071805414671562735 elapsed=272s
progress: nodes=3,560,000,000 tested=0 found=0 n=365117440288828994448165 elapsed=273s
progress: nodes=3,570,000,000 tested=0 found=0 n=830838969129319779171015 elapsed=273s
progress: nodes=3,580,000,000 tested=0 found=0 n=66983510892544714368945 elapsed=274s
progress: nodes=3,590,000,000 tested=0 found=0 n=196841458025963911283805 elapsed=275s
progress: nodes=3,600,000,000 tested=0 found=0 n=17921595894349674602295 elapsed=276s
progress: nodes=3,610,000,000 tested=0 found=0 n=43088396833816844207445 elapsed=276s
progress: nodes=3,620,000,000 tested=0 found=0 n=506079542955281768264385 elapsed=277s
progress: nodes=3,630,000,000 tested=0 found=0 n=648283385503420306164855 elapsed=278s
progress: nodes=3,640,000,000 tested=0 found=0 n=772228041815073621064815 elapsed=279s
progress: nodes=3,650,000,000 tested=0 found=0 n=885540792844262768274765 elapsed=279s
progress: nodes=3,660,000,000 tested=0 found=0 n=421756716613086745948035 elapsed=280s
progress: nodes=3,670,000,000 tested=0 found=0 n=968369223902586627590865 elapsed=281s
progress: nodes=3,680,000,000 tested=0 found=0 n=316451875070831382280035 elapsed=282s
progress: nodes=3,690,000,000 tested=0 found=0 n=355532643088119977071185 elapsed=283s
progress: nodes=3,700,000,000 tested=0 found=0 n=284584801968206202084435 elapsed=284s
progress: nodes=3,710,000,000 tested=0 found=0 n=297401056621016575982535 elapsed=285s
progress: nodes=3,720,000,000 tested=0 found=0 n=646577660550949694846235 elapsed=286s
progress: nodes=3,730,000,000 tested=0 found=0 n=97653314008157957092395 elapsed=287s
progress: nodes=3,740,000,000 tested=0 found=0 n=174455470501655024213235 elapsed=287s
progress: nodes=3,750,000,000 tested=0 found=0 n=232724236613075209786905 elapsed=288s
progress: nodes=3,760,000,000 tested=0 found=0 n=149535591951426867202005 elapsed=289s
progress: nodes=3,770,000,000 tested=0 found=0 n=335491310155928826145455 elapsed=290s
progress: nodes=3,780,000,000 tested=0 found=0 n=67690112667499592633385 elapsed=291s
progress: nodes=3,790,000,000 tested=0 found=0 n=437673190687621856425755 elapsed=292s
progress: nodes=3,800,000,000 tested=0 found=0 n=142427638950226714093185 elapsed=293s
progress: nodes=3,810,000,000 tested=0 found=0 n=76370327774631821255985 elapsed=294s
progress: nodes=3,820,000,000 tested=0 found=0 n=145958470100211584622015 elapsed=295s
progress: nodes=3,830,000,000 tested=0 found=0 n=889831471342983758080965 elapsed=295s
progress: nodes=3,840,000,000 tested=0 found=0 n=66579184810674503149545 elapsed=296s
progress: nodes=3,850,000,000 tested=0 found=0 n=108566653995431722211715 elapsed=297s
progress: nodes=3,860,000,000 tested=0 found=0 n=900053181675208693532565 elapsed=298s
progress: nodes=3,870,000,000 tested=0 found=0 n=32561726236101158390415 elapsed=298s
progress: nodes=3,880,000,000 tested=0 found=0 n=976152256192138057393185 elapsed=299s
progress: nodes=3,890,000,000 tested=0 found=0 n=344698645943794120204545 elapsed=300s
progress: nodes=3,900,000,000 tested=0 found=0 n=646045925990456481743385 elapsed=300s
progress: nodes=3,910,000,000 tested=0 found=0 n=454338090900503761484115 elapsed=301s
progress: nodes=3,920,000,000 tested=0 found=0 n=792275252529855533557635 elapsed=302s
progress: nodes=3,930,000,000 tested=0 found=0 n=381829228697891395781415 elapsed=303s
progress: nodes=3,940,000,000 tested=0 found=0 n=946088088773485966381755 elapsed=304s
progress: nodes=3,950,000,000 tested=0 found=0 n=194751875071757957501295 elapsed=305s
progress: nodes=3,960,000,000 tested=0 found=0 n=239692582658892873332295 elapsed=306s
progress: nodes=3,970,000,000 tested=0 found=0 n=181200918325168210891455 elapsed=306s
progress: nodes=3,980,000,000 tested=0 found=0 n=839519293112471395903545 elapsed=307s
progress: nodes=3,990,000,000 tested=0 found=0 n=355852319051574543275055 elapsed=308s
progress: nodes=4,000,000,000 tested=0 found=0 n=774649539636138504418905 elapsed=309s
progress: nodes=4,010,000,000 tested=0 found=0 n=107794993598272371103515 elapsed=310s
progress: nodes=4,020,000,000 tested=0 found=0 n=325939176308413610844165 elapsed=311s
progress: nodes=4,030,000,000 tested=0 found=0 n=498585658586276913964785 elapsed=312s
progress: nodes=4,040,000,000 tested=0 found=0 n=72045629166214732282155 elapsed=313s
progress: nodes=4,050,000,000 tested=0 found=0 n=944805052847793422922615 elapsed=313s
progress: nodes=4,060,000,000 tested=0 found=0 n=147820372408596853206945 elapsed=314s
progress: nodes=4,070,000,000 tested=0 found=0 n=47619530798754804644205 elapsed=315s
progress: nodes=4,080,000,000 tested=0 found=0 n=513367917431372435683845 elapsed=316s
progress: nodes=4,090,000,000 tested=0 found=0 n=586794431037934212594435 elapsed=317s
progress: nodes=4,100,000,000 tested=0 found=0 n=22904894421134218621755 elapsed=317s
progress: nodes=4,110,000,000 tested=0 found=0 n=25359511091077098853335 elapsed=318s
progress: nodes=4,120,000,000 tested=0 found=0 n=54888844693292470972485 elapsed=319s
progress: nodes=4,130,000,000 tested=0 found=0 n=186996634635911314910355 elapsed=319s
progress: nodes=4,140,000,000 tested=0 found=0 n=907501549290347367066645 elapsed=320s
progress: nodes=4,150,000,000 tested=0 found=0 n=968005882067088204361395 elapsed=321s
progress: nodes=4,160,000,000 tested=0 found=0 n=464045131130881845956895 elapsed=322s
progress: nodes=4,170,000,000 tested=0 found=0 n=615214088816969682176895 elapsed=323s
progress: nodes=4,180,000,000 tested=0 found=0 n=908844639978840983286165 elapsed=323s
progress: nodes=4,190,000,000 tested=0 found=0 n=98787495842819215946415 elapsed=324s
progress: nodes=4,200,000,000 tested=0 found=0 n=247658469735190483554255 elapsed=325s
progress: nodes=4,210,000,000 tested=0 found=0 n=349461597049817484700215 elapsed=326s
progress: nodes=4,220,000,000 tested=0 found=0 n=277155288033849547765245 elapsed=327s
progress: nodes=4,230,000,000 tested=0 found=0 n=479077243297687241235765 elapsed=328s
progress: nodes=4,240,000,000 tested=0 found=0 n=949037700858609448554435 elapsed=329s
progress: nodes=4,250,000,000 tested=0 found=0 n=136919379543178043585565 elapsed=330s
progress: nodes=4,260,000,000 tested=0 found=0 n=102543861339444341909565 elapsed=331s
progress: nodes=4,270,000,000 tested=0 found=0 n=189849055385069455989735 elapsed=331s
progress: nodes=4,280,000,000 tested=0 found=0 n=58990626321818361156855 elapsed=332s
progress: nodes=4,290,000,000 tested=0 found=0 n=60423152810493189933315 elapsed=333s
progress: nodes=4,300,000,000 tested=0 found=0 n=314950829080330388129085 elapsed=334s
progress: nodes=4,310,000,000 tested=0 found=0 n=64240689447055673041545 elapsed=335s
progress: nodes=4,320,000,000 tested=0 found=0 n=554616416973676610951145 elapsed=336s
progress: nodes=4,330,000,000 tested=0 found=0 n=24115303662440576245605 elapsed=336s
progress: nodes=4,340,000,000 tested=0 found=0 n=74573397884070307555245 elapsed=337s
progress: nodes=4,350,000,000 tested=0 found=0 n=59814324165134271867255 elapsed=338s
progress: nodes=4,360,000,000 tested=0 found=0 n=147877339483537073547885 elapsed=338s
progress: nodes=4,370,000,000 tested=0 found=0 n=931736603306754074812455 elapsed=339s
progress: nodes=4,380,000,000 tested=0 found=0 n=793838219152193029986435 elapsed=340s
progress: nodes=4,390,000,000 tested=0 found=0 n=809637829346159930833695 elapsed=341s
progress: nodes=4,400,000,000 tested=0 found=0 n=822556181622849192313245 elapsed=341s
progress: nodes=4,410,000,000 tested=0 found=0 n=918731057602393687564935 elapsed=342s
progress: nodes=4,420,000,000 tested=0 found=0 n=319826567434860466664805 elapsed=343s
progress: nodes=4,430,000,000 tested=0 found=0 n=937385108673626057623695 elapsed=344s
progress: nodes=4,440,000,000 tested=0 found=0 n=523737764696888721604845 elapsed=345s
progress: nodes=4,450,000,000 tested=0 found=0 n=201873457697251949131545 elapsed=346s
progress: nodes=4,460,000,000 tested=0 found=0 n=53396206465807718765505 elapsed=347s
progress: nodes=4,470,000,000 tested=0 found=0 n=449559793801384345317645 elapsed=348s
progress: nodes=4,480,000,000 tested=0 found=0 n=720649179493126491720915 elapsed=348s
progress: nodes=4,490,000,000 tested=0 found=0 n=691511218860861730879515 elapsed=349s
progress: nodes=4,500,000,000 tested=0 found=0 n=748028313733886826512355 elapsed=350s
progress: nodes=4,510,000,000 tested=0 found=0 n=496440448265668362886485 elapsed=351s
progress: nodes=4,520,000,000 tested=0 found=0 n=54325309366840898301795 elapsed=352s
progress: nodes=4,530,000,000 tested=0 found=0 n=53216690996041846449165 elapsed=353s
progress: nodes=4,540,000,000 tested=0 found=0 n=299500833200523185414205 elapsed=354s
progress: nodes=4,550,000,000 tested=0 found=0 n=27880266210639581524005 elapsed=354s
progress: nodes=4,560,000,000 tested=0 found=0 n=157008133052993025368235 elapsed=355s
progress: nodes=4,570,000,000 tested=0 found=0 n=260208100046713610606265 elapsed=356s
progress: nodes=4,580,000,000 tested=0 found=0 n=652299227703609169010085 elapsed=357s
progress: nodes=4,590,000,000 tested=0 found=0 n=9654715752002001022815 elapsed=357s
progress: nodes=4,600,000,000 tested=0 found=0 n=493166800596876330904155 elapsed=358s
progress: nodes=4,610,000,000 tested=0 found=0 n=384001854063900748579035 elapsed=359s
progress: nodes=4,620,000,000 tested=0 found=0 n=994854768890147003395755 elapsed=360s
progress: nodes=4,630,000,000 tested=0 found=0 n=130615053754285570522635 elapsed=360s
progress: nodes=4,640,000,000 tested=0 found=0 n=343020986107673420164365 elapsed=361s
progress: nodes=4,650,000,000 tested=0 found=0 n=780406725866193645876855 elapsed=362s
progress: nodes=4,660,000,000 tested=0 found=0 n=703814639495243416608105 elapsed=363s
progress: nodes=4,670,000,000 tested=0 found=0 n=144682574857662949161615 elapsed=364s
progress: nodes=4,680,000,000 tested=0 found=0 n=110125597978323110897505 elapsed=365s
progress: nodes=4,690,000,000 tested=0 found=0 n=519309681560964987003135 elapsed=366s
progress: nodes=4,700,000,000 tested=0 found=0 n=99937666705894654495815 elapsed=367s
progress: nodes=4,710,000,000 tested=0 found=0 n=91983906348114021096735 elapsed=367s
progress: nodes=4,720,000,000 tested=0 found=0 n=374475918727404792890955 elapsed=368s
progress: nodes=4,730,000,000 tested=0 found=0 n=53270143473600882800235 elapsed=369s
progress: nodes=4,740,000,000 tested=0 found=0 n=120652547334944788331685 elapsed=370s
progress: nodes=4,750,000,000 tested=0 found=0 n=536715431424698101999335 elapsed=371s
progress: nodes=4,760,000,000 tested=0 found=0 n=169481737912055079638655 elapsed=371s
progress: nodes=4,770,000,000 tested=0 found=0 n=36405241005592685237715 elapsed=372s
progress: nodes=4,780,000,000 tested=0 found=0 n=14981705542068542559315 elapsed=372s
progress: nodes=4,790,000,000 tested=0 found=0 n=95147267223654420175665 elapsed=373s
progress: nodes=4,800,000,000 tested=0 found=0 n=151901836193492637455115 elapsed=374s
progress: nodes=4,810,000,000 tested=0 found=0 n=173795338574047080038115 elapsed=375s
progress: nodes=4,820,000,000 tested=0 found=0 n=918021318088322065662495 elapsed=376s
progress: nodes=4,830,000,000 tested=0 found=0 n=37173203846946320443785 elapsed=377s
progress: nodes=4,840,000,000 tested=0 found=0 n=193804738874761381534035 elapsed=377s
progress: nodes=4,850,000,000 tested=0 found=0 n=419285121127224407435655 elapsed=378s
progress: nodes=4,860,000,000 tested=0 found=0 n=363116544035576005650195 elapsed=379s
progress: nodes=4,870,000,000 tested=0 found=0 n=275601936312480448065285 elapsed=379s
progress: nodes=4,880,000,000 tested=0 found=0 n=12898467235770510033585 elapsed=380s
progress: nodes=4,890,000,000 tested=0 found=0 n=46954760919993511223265 elapsed=381s
progress: nodes=4,900,000,000 tested=0 found=0 n=438283677782988959792805 elapsed=382s
progress: nodes=4,910,000,000 tested=0 found=0 n=128585567767977598073895 elapsed=382s
progress: nodes=4,920,000,000 tested=0 found=0 n=490041276308171072811315 elapsed=383s
progress: nodes=4,930,000,000 tested=0 found=0 n=193982287925476231125615 elapsed=384s
progress: nodes=4,940,000,000 tested=0 found=0 n=36252493827357235080015 elapsed=384s
progress: nodes=4,950,000,000 tested=0 found=0 n=16922965987494468716265 elapsed=385s
progress: nodes=4,960,000,000 tested=0 found=0 n=941863581861954876739395 elapsed=386s
progress: nodes=4,970,000,000 tested=0 found=0 n=507741006492544980801195 elapsed=386s
progress: nodes=4,980,000,000 tested=0 found=0 n=466876988583484151907135 elapsed=387s
progress: nodes=4,990,000,000 tested=0 found=0 n=521124176366279444159685 elapsed=388s
progress: nodes=5,000,000,000 tested=0 found=0 n=483899417774336129149485 elapsed=389s
progress: nodes=5,010,000,000 tested=0 found=0 n=12184151249089451230335 elapsed=389s
progress: nodes=5,020,000,000 tested=0 found=0 n=394497703832207943725505 elapsed=390s
progress: nodes=5,030,000,000 tested=0 found=0 n=246389397422600324644785 elapsed=390s
progress: nodes=5,040,000,000 tested=0 found=0 n=203864214163728766701735 elapsed=391s
progress: nodes=5,050,000,000 tested=0 found=0 n=9760674870922173036795 elapsed=392s
progress: nodes=5,060,000,000 tested=0 found=0 n=121479799997165258949795 elapsed=392s
progress: nodes=5,070,000,000 tested=0 found=0 n=241562486432451922436655 elapsed=393s
progress: nodes=5,080,000,000 tested=0 found=0 n=463057062097342398068295 elapsed=394s
progress: nodes=5,090,000,000 tested=0 found=0 n=179618117767084383449535 elapsed=394s
progress: nodes=5,100,000,000 tested=0 found=0 n=6774609999901496840505 elapsed=395s
progress: nodes=5,110,000,000 tested=0 found=0 n=66995966343661992129735 elapsed=396s
progress: nodes=5,120,000,000 tested=0 found=0 n=49028832968545754216145 elapsed=396s
progress: nodes=5,130,000,000 tested=0 found=0 n=746740031541658282426815 elapsed=397s
progress: nodes=5,140,000,000 tested=0 found=0 n=130979576272598056074555 elapsed=397s
progress: nodes=5,150,000,000 tested=0 found=0 n=66179231180090431644285 elapsed=398s
progress: nodes=5,160,000,000 tested=0 found=0 n=8961902551823158366605 elapsed=399s
progress: nodes=5,170,000,000 tested=0 found=0 n=14830661950671279226635 elapsed=399s
progress: nodes=5,180,000,000 tested=0 found=0 n=817263546172604200628145 elapsed=400s
progress: nodes=5,190,000,000 tested=0 found=0 n=613501243932516031660095 elapsed=400s
progress: nodes=5,200,000,000 tested=0 found=0 n=955844360473884417952515 elapsed=401s
progress: nodes=5,210,000,000 tested=0 found=0 n=851923915977883170308535 elapsed=402s
progress: nodes=5,220,000,000 tested=0 found=0 n=654018440147955612031005 elapsed=403s
progress: nodes=5,230,000,000 tested=0 found=0 n=973552832314362272762955 elapsed=404s
progress: nodes=5,240,000,000 tested=0 found=0 n=273291482602458929145735 elapsed=404s
progress: nodes=5,250,000,000 tested=0 found=0 n=633787680239620898018445 elapsed=405s
progress: nodes=5,260,000,000 tested=0 found=0 n=976297987771233094090035 elapsed=406s
progress: nodes=5,270,000,000 tested=0 found=0 n=217431904703082956453655 elapsed=407s
progress: nodes=5,280,000,000 tested=0 found=0 n=417234379902250811284395 elapsed=408s
progress: nodes=5,290,000,000 tested=0 found=0 n=529606817878780556198955 elapsed=409s
progress: nodes=5,300,000,000 tested=0 found=0 n=958919736296977982313435 elapsed=410s
progress: nodes=5,310,000,000 tested=0 found=0 n=438679087419582435463785 elapsed=411s
progress: nodes=5,320,000,000 tested=0 found=0 n=910271454537715646704515 elapsed=411s
progress: nodes=5,330,000,000 tested=0 found=0 n=583675740599948129909655 elapsed=412s
progress: nodes=5,340,000,000 tested=0 found=0 n=837751007923980184840905 elapsed=413s
progress: nodes=5,350,000,000 tested=0 found=0 n=490998560360138220036735 elapsed=414s
progress: nodes=5,360,000,000 tested=0 found=0 n=374071107079892739735405 elapsed=415s
progress: nodes=5,370,000,000 tested=0 found=0 n=708648017766101549117685 elapsed=416s
progress: nodes=5,380,000,000 tested=0 found=0 n=927128544059339779188735 elapsed=417s
progress: nodes=5,390,000,000 tested=0 found=0 n=350906845626336397707045 elapsed=418s
progress: nodes=5,400,000,000 tested=0 found=0 n=703051214101630778529585 elapsed=419s
progress: nodes=5,410,000,000 tested=0 found=0 n=843654595835158236205065 elapsed=420s
progress: nodes=5,420,000,000 tested=0 found=0 n=199576215533758491488115 elapsed=421s
progress: nodes=5,430,000,000 tested=0 found=0 n=475702629852193661857005 elapsed=422s
progress: nodes=5,440,000,000 tested=0 found=0 n=376759929420513920143665 elapsed=422s
progress: nodes=5,450,000,000 tested=0 found=0 n=852680380779076628239065 elapsed=423s
progress: nodes=5,460,000,000 tested=0 found=0 n=129518055953123030106705 elapsed=424s
progress: nodes=5,470,000,000 tested=0 found=0 n=460822500924397844533785 elapsed=424s
progress: nodes=5,480,000,000 tested=0 found=0 n=142867117505682971590365 elapsed=425s
progress: nodes=5,490,000,000 tested=0 found=0 n=661847313033550055004615 elapsed=426s
progress: nodes=5,500,000,000 tested=0 found=0 n=229242020347196417089485 elapsed=426s
progress: nodes=5,510,000,000 tested=0 found=0 n=119445717725013905045865 elapsed=427s
progress: nodes=5,520,000,000 tested=0 found=0 n=193360007587447790650935 elapsed=427s
progress: nodes=5,530,000,000 tested=0 found=0 n=117063750779896941098595 elapsed=428s
progress: nodes=5,540,000,000 tested=0 found=0 n=789003673837062092379135 elapsed=429s
progress: nodes=5,550,000,000 tested=0 found=0 n=917182298098024317048195 elapsed=430s
progress: nodes=5,560,000,000 tested=0 found=0 n=781944496856649828197595 elapsed=431s
progress: nodes=5,570,000,000 tested=0 found=0 n=311638705796733485189085 elapsed=432s
progress: nodes=5,580,000,000 tested=0 found=0 n=326345489969673306783915 elapsed=432s
progress: nodes=5,590,000,000 tested=0 found=0 n=897896055941802723142755 elapsed=433s
progress: nodes=5,600,000,000 tested=0 found=0 n=564990003982854879119955 elapsed=434s
progress: nodes=5,610,000,000 tested=0 found=0 n=180803877255377397055485 elapsed=434s
progress: nodes=5,620,000,000 tested=0 found=0 n=175556999881708522459965 elapsed=435s
progress: nodes=5,630,000,000 tested=0 found=0 n=77361320368901490073515 elapsed=435s
progress: nodes=5,640,000,000 tested=0 found=0 n=97490229105648402490995 elapsed=436s
progress: nodes=5,650,000,000 tested=0 found=0 n=138387069421497624162105 elapsed=436s
progress: nodes=5,660,000,000 tested=0 found=0 n=56669615671019016334185 elapsed=437s
progress: nodes=5,670,000,000 tested=0 found=0 n=266945680260456979982805 elapsed=438s
progress: nodes=5,680,000,000 tested=0 found=0 n=598110164159491077238485 elapsed=438s
progress: nodes=5,690,000,000 tested=0 found=0 n=224934203442024991382985 elapsed=439s
progress: nodes=5,700,000,000 tested=0 found=0 n=115106280109672989793095 elapsed=439s
progress: nodes=5,710,000,000 tested=0 found=0 n=112207910991242717034945 elapsed=440s
progress: nodes=5,720,000,000 tested=0 found=0 n=63983809202863143027555 elapsed=440s
progress: nodes=5,730,000,000 tested=0 found=0 n=508321253144249446978395 elapsed=441s
progress: nodes=5,740,000,000 tested=0 found=0 n=106723938318348816948285 elapsed=441s
progress: nodes=5,750,000,000 tested=0 found=0 n=408574921266919633317795 elapsed=442s
progress: nodes=5,760,000,000 tested=0 found=0 n=981475157096350721070255 elapsed=443s
progress: nodes=5,770,000,000 tested=0 found=0 n=169029060676935835018005 elapsed=443s
progress: nodes=5,780,000,000 tested=0 found=0 n=130834584825111360403155 elapsed=444s
progress: nodes=5,790,000,000 tested=0 found=0 n=159921092451641530579515 elapsed=444s
progress: nodes=5,800,000,000 tested=0 found=0 n=711898655817756967120935 elapsed=445s
progress: nodes=5,810,000,000 tested=0 found=0 n=40547270001416068450395 elapsed=445s
progress: nodes=5,820,000,000 tested=0 found=0 n=22328444714441129986095 elapsed=446s
progress: nodes=5,830,000,000 tested=0 found=0 n=597097582261824014993655 elapsed=447s
progress: nodes=5,840,000,000 tested=0 found=0 n=246636526346759250606465 elapsed=447s
progress: nodes=5,850,000,000 tested=0 found=0 n=85201713496999858598235 elapsed=448s
progress: nodes=5,860,000,000 tested=0 found=0 n=110637267208824961716705 elapsed=448s
progress: nodes=5,870,000,000 tested=0 found=0 n=47732781452351951894895 elapsed=449s
progress: nodes=5,880,000,000 tested=0 found=0 n=626935931555445433388115 elapsed=449s
progress: nodes=5,890,000,000 tested=0 found=0 n=302595300191830534647165 elapsed=450s
progress: nodes=5,900,000,000 tested=0 found=0 n=147495111392050418391615 elapsed=450s
progress: nodes=5,910,000,000 tested=0 found=0 n=790223201030623714546005 elapsed=451s
progress: nodes=5,920,000,000 tested=0 found=0 n=61108691021793472434795 elapsed=451s
progress: nodes=5,930,000,000 tested=0 found=0 n=999715252733104044200085 elapsed=452s
progress: nodes=5,940,000,000 tested=0 found=0 n=32153805428509840166685 elapsed=452s
progress: nodes=5,950,000,000 tested=0 found=0 n=740675570503876186918365 elapsed=453s
progress: nodes=5,960,000,000 tested=0 found=0 n=638266237261342009511895 elapsed=454s
progress: nodes=5,970,000,000 tested=0 found=0 n=256002495233692072233555 elapsed=454s
progress: nodes=5,980,000,000 tested=0 found=0 n=453948215984256436644465 elapsed=455s
progress: nodes=5,990,000,000 tested=0 found=0 n=46782322418042527302855 elapsed=455s
progress: nodes=6,000,000,000 tested=0 found=0 n=858977884065091779677205 elapsed=456s
progress: nodes=6,010,000,000 tested=0 found=0 n=4405930272996220283535 elapsed=456s
progress: nodes=6,020,000,000 tested=0 found=0 n=843135128369777204621055 elapsed=457s
progress: nodes=6,030,000,000 tested=0 found=0 n=33786845285180019685785 elapsed=457s
progress: nodes=6,040,000,000 tested=0 found=0 n=926375728802243760380835 elapsed=458s
progress: nodes=6,050,000,000 tested=0 found=0 n=5463725135075716324365 elapsed=459s
progress: nodes=6,060,000,000 tested=0 found=0 n=599115327690231090481545 elapsed=459s
progress: nodes=6,070,000,000 tested=0 found=0 n=99089747480067981615 elapsed=460s
progress: nodes=6,080,000,000 tested=0 found=0 n=3064918108478715805635 elapsed=460s
progress: nodes=6,090,000,000 tested=0 found=0 n=128550092907389321303685 elapsed=461s
progress: nodes=6,100,000,000 tested=0 found=0 n=696078784570314593090115 elapsed=461s
progress: nodes=6,110,000,000 tested=0 found=0 n=71072052339933469765215 elapsed=462s
progress: nodes=6,120,000,000 tested=0 found=0 n=54263467560470737891905 elapsed=463s
progress: nodes=6,130,000,000 tested=0 found=0 n=755430642828903938463765 elapsed=463s
progress: nodes=6,140,000,000 tested=0 found=0 n=862826706664938343329705 elapsed=464s
progress: nodes=6,150,000,000 tested=0 found=0 n=11171305496514164911965 elapsed=464s
progress: nodes=6,160,000,000 tested=0 found=0 n=985351519660733500484385 elapsed=465s
progress: nodes=6,170,000,000 tested=0 found=0 n=851535297647028396939735 elapsed=466s
progress: nodes=6,180,000,000 tested=0 found=0 n=938701211771788809017355 elapsed=466s
progress: nodes=6,190,000,000 tested=0 found=0 n=1617354804437597913435 elapsed=467s
progress: nodes=6,200,000,000 tested=0 found=0 n=644732173290003903749205 elapsed=468s
progress: nodes=6,210,000,000 tested=0 found=0 n=811526887119182864400045 elapsed=469s
progress: nodes=6,220,000,000 tested=0 found=0 n=706258470453066011679165 elapsed=469s
progress: nodes=6,230,000,000 tested=0 found=0 n=707904533217864918062655 elapsed=470s
progress: nodes=6,240,000,000 tested=0 found=0 n=694313862019961419433835 elapsed=471s
progress: nodes=6,250,000,000 tested=0 found=0 n=14762633011607318392665 elapsed=472s
progress: nodes=6,260,000,000 tested=0 found=0 n=705929040519452953516665 elapsed=472s
progress: nodes=6,270,000,000 tested=0 found=0 n=80701836852422000565405 elapsed=473s
progress: nodes=6,280,000,000 tested=0 found=0 n=563688563337302360507055 elapsed=474s
progress: nodes=6,290,000,000 tested=0 found=0 n=9412575983455132767015 elapsed=475s
progress: nodes=6,300,000,000 tested=0 found=0 n=294225602481461842102395 elapsed=475s
progress: nodes=6,310,000,000 tested=0 found=0 n=954580814435813914732185 elapsed=476s
progress: nodes=6,320,000,000 tested=0 found=0 n=249998084181149626407195 elapsed=477s
progress: nodes=6,330,000,000 tested=0 found=0 n=658946895078970840182885 elapsed=478s
progress: nodes=6,340,000,000 tested=0 found=0 n=404283471539651966102445 elapsed=479s
progress: nodes=6,350,000,000 tested=0 found=0 n=398245640532683148172935 elapsed=480s
progress: nodes=6,360,000,000 tested=0 found=0 n=134076992000978320943715 elapsed=481s
progress: nodes=6,370,000,000 tested=0 found=0 n=550287296862300664246305 elapsed=482s
progress: nodes=6,380,000,000 tested=0 found=0 n=94015947144630057670035 elapsed=482s
progress: nodes=6,390,000,000 tested=0 found=0 n=301709716224758730434205 elapsed=483s
progress: nodes=6,400,000,000 tested=0 found=0 n=494402175343188477965655 elapsed=484s
progress: nodes=6,410,000,000 tested=0 found=0 n=86394243820631320813635 elapsed=484s
progress: nodes=6,420,000,000 tested=0 found=0 n=43286688706256687871135 elapsed=485s
progress: nodes=6,430,000,000 tested=0 found=0 n=1759613064486893440605 elapsed=486s
progress: nodes=6,440,000,000 tested=0 found=0 n=549799812695452505436855 elapsed=486s
progress: nodes=6,450,000,000 tested=0 found=0 n=799251102520318422361035 elapsed=487s
progress: nodes=6,460,000,000 tested=0 found=0 n=399962569650143352617655 elapsed=488s
progress: nodes=6,470,000,000 tested=0 found=0 n=87392576361561772939605 elapsed=489s

done in 489.0s | nodes=6,473,865,391 | tested=0 | weird=0
