search v2: odd=True, N_CAP=1.00e+24, DELTA_MAX=1.0e+07, MIN_DEPTH=6
SPF shard: smallest prime factor = 3
P2 sub-shard: second prime factor = 5
P3 sub-sub-shard: third prime factor = 13
progress: nodes=10,000,000 tested=103 found=0 n=87858758426802939578925 elapsed=23s
progress: nodes=20,000,000 tested=103 found=0 n=183391364273308915110075 elapsed=63s
progress: nodes=30,000,000 tested=103 found=0 n=281643389863454399709825 elapsed=105s
progress: nodes=40,000,000 tested=103 found=0 n=381665587825404135609525 elapsed=147s
progress: nodes=50,000,000 tested=103 found=0 n=482998443815172131346825 elapsed=191s
progress: nodes=60,000,000 tested=103 found=0 n=585375033835068002782425 elapsed=241s
progress: nodes=70,000,000 tested=103 found=0 n=688622497328612225957175 elapsed=287s
progress: nodes=80,000,000 tested=103 found=0 n=792609756091778253613725 elapsed=339s
progress: nodes=90,000,000 tested=103 found=0 n=897251267125859357751975 elapsed=384s
progress: nodes=100,000,000 tested=103 found=0 n=1832001324431135957775 elapsed=429s
progress: nodes=110,000,000 tested=103 found=0 n=90784628850263656285575 elapsed=453s
progress: nodes=120,000,000 tested=103 found=0 n=186427618265762284925475 elapsed=494s
progress: nodes=130,000,000 tested=103 found=0 n=284756914060751378495925 elapsed=538s
progress: nodes=140,000,000 tested=103 found=0 n=384834342203153085680775 elapsed=583s
progress: nodes=150,000,000 tested=103 found=0 n=486205983109388850156225 elapsed=627s
progress: nodes=160,000,000 tested=103 found=0 n=588623270815506924682425 elapsed=672s
progress: nodes=170,000,000 tested=103 found=0 n=691904561303951000615025 elapsed=717s
progress: nodes=180,000,000 tested=103 found=0 n=795916479204455340177225 elapsed=763s
progress: nodes=190,000,000 tested=103 found=0 n=900582229147410905059575 elapsed=808s
progress: nodes=200,000,000 tested=103 found=0 n=4276595359491973885575 elapsed=852s
progress: nodes=210,000,000 tested=103 found=0 n=93767159818259081115975 elapsed=878s
progress: nodes=220,000,000 tested=103 found=0 n=189522262341421092313425 elapsed=919s
progress: nodes=230,000,000 tested=103 found=0 n=287918767714661980015275 elapsed=961s
progress: nodes=240,000,000 tested=103 found=0 n=388042352132271974136675 elapsed=1004s
progress: nodes=250,000,000 tested=103 found=0 n=489452344102080268769925 elapsed=1048s
progress: nodes=260,000,000 tested=103 found=0 n=591900981441537368024775 elapsed=1092s
progress: nodes=270,000,000 tested=103 found=0 n=695207741227630637792175 elapsed=1139s
progress: nodes=280,000,000 tested=103 found=0 n=799242510296070960171975 elapsed=1186s
progress: nodes=290,000,000 tested=103 found=0 n=903926523275815784024475 elapsed=1232s
progress: nodes=300,000,000 tested=103 found=0 n=6822488838912528053025 elapsed=1275s
progress: nodes=310,000,000 tested=103 found=0 n=96763565069835432113475 elapsed=1303s
progress: nodes=320,000,000 tested=103 found=0 n=192629426559584062174425 elapsed=1343s
progress: nodes=330,000,000 tested=103 found=0 n=291088250379126177637725 elapsed=1385s
progress: nodes=340,000,000 tested=103 found=0 n=391260539289496131891675 elapsed=1427s
progress: nodes=350,000,000 tested=103 found=0 n=492710296871484334109025 elapsed=1471s
progress: nodes=360,000,000 tested=103 found=0 n=595190833674755580454725 elapsed=1516s
progress: nodes=370,000,000 tested=103 found=0 n=698521472200476257582925 elapsed=1560s
progress: nodes=380,000,000 tested=103 found=0 n=802581393962198923900425 elapsed=1605s
progress: nodes=390,000,000 tested=103 found=0 n=907286892017784029771175 elapsed=1650s
progress: nodes=400,000,000 tested=103 found=0 n=9442141733788302447675 elapsed=1690s
progress: nodes=410,000,000 tested=103 found=0 n=99780709869155172420225 elapsed=1717s
progress: nodes=420,000,000 tested=103 found=0 n=195755278832701160253525 elapsed=1758s
progress: nodes=430,000,000 tested=103 found=0 n=294278544118570897703025 elapsed=1799s
progress: nodes=440,000,000 tested=103 found=0 n=394498755379403123000175 elapsed=1842s
progress: nodes=450,000,000 tested=103 found=0 n=495988891177639661851725 elapsed=1885s
progress: nodes=460,000,000 tested=103 found=0 n=598503442363415774584425 elapsed=1928s
progress: nodes=470,000,000 tested=103 found=0 n=701862209758537934613975 elapsed=1972s
progress: nodes=480,000,000 tested=103 found=0 n=805944141204025864268475 elapsed=2017s
progress: nodes=490,000,000 tested=103 found=0 n=910680239390737094460675 elapsed=2061s
progress: nodes=500,000,000 tested=103 found=0 n=12128310332675860368825 elapsed=2099s
progress: nodes=510,000,000 tested=103 found=0 n=102825463358887185930975 elapsed=2129s
progress: nodes=520,000,000 tested=103 found=0 n=198908927917912621460025 elapsed=2169s
progress: nodes=530,000,000 tested=103 found=0 n=297497311596966195008775 elapsed=2210s
progress: nodes=540,000,000 tested=103 found=0 n=397770618256700608181925 elapsed=2254s
progress: nodes=550,000,000 tested=103 found=0 n=499301895978517729695975 elapsed=2297s
progress: nodes=560,000,000 tested=103 found=0 n=601846836285205666417275 elapsed=2340s
progress: nodes=570,000,000 tested=103 found=0 n=705235020658434160166025 elapsed=2385s
progress: nodes=580,000,000 tested=103 found=0 n=809343923258948771546775 elapsed=2429s
progress: nodes=590,000,000 tested=103 found=0 n=914099570456198668544925 elapsed=2474s
progress: nodes=600,000,000 tested=103 found=0 n=14876483512662982662075 elapsed=2511s
progress: nodes=610,000,000 tested=103 found=0 n=105905224061119537139475 elapsed=2541s
progress: nodes=620,000,000 tested=103 found=0 n=202098433873620977032275 elapsed=2581s
progress: nodes=630,000,000 tested=103 found=0 n=300756606126356220817275 elapsed=2623s
progress: nodes=640,000,000 tested=103 found=0 n=401076669945860742134925 elapsed=2665s
progress: nodes=650,000,000 tested=103 found=0 n=502644330527368462292925 elapsed=2708s
progress: nodes=660,000,000 tested=103 found=0 n=605229798164430779270775 elapsed=2752s
progress: nodes=670,000,000 tested=103 found=0 n=708646391238827213958825 elapsed=2796s
progress: nodes=680,000,000 tested=105 found=0 n=812778923513393488539225 elapsed=2841s
progress: nodes=690,000,000 tested=105 found=0 n=917555085503970831382725 elapsed=2886s
progress: nodes=700,000,000 tested=105 found=0 n=17684891817687622718775 elapsed=2921s
progress: nodes=710,000,000 tested=105 found=0 n=109021411010628456996825 elapsed=2953s
progress: nodes=720,000,000 tested=105 found=0 n=205315430682991871598525 elapsed=2993s
progress: nodes=730,000,000 tested=105 found=0 n=304044204336527905792425 elapsed=3036s
progress: nodes=740,000,000 tested=105 found=0 n=404408074561915877858925 elapsed=3080s
progress: nodes=750,000,000 tested=105 found=0 n=506017381728740666314725 elapsed=3123s
progress: nodes=760,000,000 tested=105 found=0 n=608631124683919659189075 elapsed=3168s
progress: nodes=770,000,000 tested=105 found=0 n=712073825370378163359225 elapsed=3213s
progress: nodes=780,000,000 tested=105 found=0 n=816236381336080997965725 elapsed=3257s
progress: nodes=790,000,000 tested=105 found=0 n=921032770875822935053425 elapsed=3303s
progress: nodes=800,000,000 tested=105 found=0 n=20529082186499031563925 elapsed=3338s
progress: nodes=810,000,000 tested=105 found=0 n=112154297068140399782775 elapsed=3371s
progress: nodes=820,000,000 tested=105 found=0 n=208555236219858842922075 elapsed=3411s
progress: nodes=830,000,000 tested=105 found=0 n=307346271700602939664275 elapsed=3454s
progress: nodes=840,000,000 tested=105 found=0 n=407760967176254470733175 elapsed=3498s
progress: nodes=850,000,000 tested=105 found=0 n=509407396094643055550775 elapsed=3542s
progress: nodes=860,000,000 tested=105 found=0 n=612057954188742812071425 elapsed=3587s

done in 3600.0s | nodes=862,806,016 | tested=105 | weird=0
