search v2: odd=True, N_CAP=1.00e+24, DELTA_MAX=1.0e+07, MIN_DEPTH=6
SPF shard: smallest prime factor = 3
P2 sub-shard: second prime factor = 5
P3 sub-sub-shard: third prime factor = 7
progress: nodes=10,000,000 tested=0 found=0 n=745006887574072265625 elapsed=0s
progress: nodes=20,000,000 tested=0 found=0 n=439669000462558740234375 elapsed=1s
progress: nodes=30,000,000 tested=0 found=0 n=904272283112355322265625 elapsed=1s
progress: nodes=40,000,000 tested=0 found=0 n=975726231412805126953125 elapsed=2s
progress: nodes=50,000,000 tested=0 found=0 n=992446679965146533203125 elapsed=3s
progress: nodes=60,000,000 tested=0 found=0 n=890568680911925244140625 elapsed=4s
progress: nodes=70,000,000 tested=0 found=0 n=660047246969605810546875 elapsed=5s
progress: nodes=80,000,000 tested=0 found=0 n=926655892462185498046875 elapsed=6s
progress: nodes=90,000,000 tested=0 found=0 n=725497573917043798828125 elapsed=6s
progress: nodes=100,000,000 tested=0 found=0 n=442959337758029736328125 elapsed=7s
progress: nodes=110,000,000 tested=0 found=0 n=819364636602710009765625 elapsed=8s
progress: nodes=120,000,000 tested=0 found=0 n=677915505246802880859375 elapsed=9s
progress: nodes=130,000,000 tested=0 found=0 n=925141136161693212890625 elapsed=10s
progress: nodes=140,000,000 tested=0 found=0 n=574255301822432958984375 elapsed=11s
progress: nodes=150,000,000 tested=0 found=0 n=708663919161096240234375 elapsed=12s
progress: nodes=160,000,000 tested=0 found=0 n=285736764575131201171875 elapsed=13s
progress: nodes=170,000,000 tested=0 found=0 n=384793819331218212890625 elapsed=13s
progress: nodes=180,000,000 tested=0 found=0 n=489543861931752099609375 elapsed=14s
progress: nodes=190,000,000 tested=0 found=0 n=955589415076505712890625 elapsed=15s
progress: nodes=200,000,000 tested=0 found=0 n=444794200322043017578125 elapsed=16s
progress: nodes=210,000,000 tested=0 found=0 n=490803383768437646484375 elapsed=17s
progress: nodes=220,000,000 tested=0 found=0 n=885332735970335009765625 elapsed=18s
progress: nodes=230,000,000 tested=0 found=0 n=535653929185285107421875 elapsed=19s
progress: nodes=240,000,000 tested=0 found=0 n=449364275339674365234375 elapsed=20s
progress: nodes=250,000,000 tested=0 found=0 n=606717246669686865234375 elapsed=20s
progress: nodes=260,000,000 tested=0 found=0 n=330811926382935498046875 elapsed=21s
progress: nodes=270,000,000 tested=0 found=0 n=447526821927200244140625 elapsed=22s
progress: nodes=280,000,000 tested=0 found=0 n=779524904047961572265625 elapsed=23s
progress: nodes=290,000,000 tested=0 found=0 n=558124567430038916015625 elapsed=24s
progress: nodes=300,000,000 tested=0 found=0 n=455919023290726611328125 elapsed=25s
progress: nodes=310,000,000 tested=0 found=0 n=511181154306671337890625 elapsed=26s
progress: nodes=320,000,000 tested=0 found=0 n=96016996062759228515625 elapsed=27s
progress: nodes=330,000,000 tested=0 found=0 n=653991650185737158203125 elapsed=30s
progress: nodes=340,000,000 tested=0 found=0 n=792170194836192333984375 elapsed=31s
progress: nodes=350,000,000 tested=0 found=0 n=563011955956844091796875 elapsed=32s
progress: nodes=360,000,000 tested=0 found=0 n=289372633504349267578125 elapsed=33s
progress: nodes=370,000,000 tested=0 found=0 n=518500288189854345703125 elapsed=34s
progress: nodes=380,000,000 tested=0 found=0 n=126066614383784033203125 elapsed=35s
progress: nodes=390,000,000 tested=0 found=0 n=97778667882359912109375 elapsed=36s
progress: nodes=400,000,000 tested=0 found=0 n=695672887001934228515625 elapsed=37s
progress: nodes=410,000,000 tested=0 found=0 n=274895749091294091796875 elapsed=37s
progress: nodes=420,000,000 tested=0 found=0 n=150315368290068310546875 elapsed=38s
progress: nodes=430,000,000 tested=0 found=0 n=719253909489618603515625 elapsed=39s
progress: nodes=440,000,000 tested=0 found=0 n=878660782336582177734375 elapsed=40s
progress: nodes=450,000,000 tested=0 found=0 n=635263013250988623046875 elapsed=41s
progress: nodes=460,000,000 tested=0 found=0 n=381025368782351220703125 elapsed=42s
progress: nodes=470,000,000 tested=0 found=0 n=147074355568535595703125 elapsed=43s
progress: nodes=480,000,000 tested=0 found=0 n=811540362271497509765625 elapsed=44s
progress: nodes=490,000,000 tested=0 found=0 n=188522727335246923828125 elapsed=45s
progress: nodes=500,000,000 tested=0 found=0 n=637586943002710107421875 elapsed=45s
progress: nodes=510,000,000 tested=0 found=0 n=84885128968445654296875 elapsed=46s
progress: nodes=520,000,000 tested=0 found=0 n=101388665453538134765625 elapsed=47s
progress: nodes=530,000,000 tested=0 found=0 n=664813833967857861328125 elapsed=48s
progress: nodes=540,000,000 tested=0 found=0 n=653161580492450244140625 elapsed=49s
progress: nodes=550,000,000 tested=0 found=0 n=899601696346919384765625 elapsed=50s
progress: nodes=560,000,000 tested=0 found=0 n=801264177408762744140625 elapsed=50s
progress: nodes=570,000,000 tested=0 found=0 n=434253831619675634765625 elapsed=51s
progress: nodes=580,000,000 tested=0 found=0 n=295554752547352880859375 elapsed=52s
progress: nodes=590,000,000 tested=0 found=0 n=594699441539764599609375 elapsed=53s
progress: nodes=600,000,000 tested=0 found=0 n=61232283633243310546875 elapsed=53s
progress: nodes=610,000,000 tested=0 found=0 n=240295538321428857421875 elapsed=54s
progress: nodes=620,000,000 tested=0 found=0 n=140652302417144970703125 elapsed=55s
progress: nodes=630,000,000 tested=0 found=0 n=658525759491211376953125 elapsed=56s
progress: nodes=640,000,000 tested=0 found=0 n=357187775618246630859375 elapsed=57s
progress: nodes=650,000,000 tested=0 found=0 n=228283179546108544921875 elapsed=58s
progress: nodes=660,000,000 tested=0 found=0 n=140112770358297802734375 elapsed=58s
progress: nodes=670,000,000 tested=0 found=0 n=104707411730985205078125 elapsed=59s
progress: nodes=680,000,000 tested=0 found=0 n=303685745116161474609375 elapsed=60s
progress: nodes=690,000,000 tested=0 found=0 n=123116191564932275390625 elapsed=60s
progress: nodes=700,000,000 tested=0 found=0 n=115367952918931494140625 elapsed=61s
progress: nodes=710,000,000 tested=0 found=0 n=536353535533344580078125 elapsed=62s
progress: nodes=720,000,000 tested=0 found=0 n=615593756042211474609375 elapsed=63s
progress: nodes=730,000,000 tested=0 found=0 n=366620924115687158203125 elapsed=64s
progress: nodes=740,000,000 tested=0 found=0 n=242731323325001806640625 elapsed=64s
progress: nodes=750,000,000 tested=0 found=0 n=468318282885775341796875 elapsed=65s
progress: nodes=760,000,000 tested=0 found=0 n=94066827074399853515625 elapsed=65s
progress: nodes=770,000,000 tested=0 found=0 n=81354580234808056640625 elapsed=66s
progress: nodes=780,000,000 tested=0 found=0 n=598155731095726904296875 elapsed=67s
progress: nodes=790,000,000 tested=0 found=0 n=248577208692269091796875 elapsed=67s
progress: nodes=800,000,000 tested=0 found=0 n=68110798903857568359375 elapsed=68s
progress: nodes=810,000,000 tested=0 found=0 n=335394556151731494140625 elapsed=69s
progress: nodes=820,000,000 tested=0 found=0 n=36369756017110400390625 elapsed=69s
progress: nodes=830,000,000 tested=0 found=0 n=867314680313411572265625 elapsed=70s
progress: nodes=840,000,000 tested=0 found=0 n=606503121274617041015625 elapsed=71s
progress: nodes=850,000,000 tested=0 found=0 n=153908676555414990234375 elapsed=71s
progress: nodes=860,000,000 tested=0 found=0 n=76865198182626123046875 elapsed=72s
progress: nodes=870,000,000 tested=0 found=0 n=58059763143250927734375 elapsed=72s
progress: nodes=880,000,000 tested=0 found=0 n=390932906770775537109375 elapsed=73s
progress: nodes=890,000,000 tested=0 found=0 n=294935550285367236328125 elapsed=74s
progress: nodes=900,000,000 tested=0 found=0 n=105012906165161572265625 elapsed=74s
progress: nodes=910,000,000 tested=0 found=0 n=384646761749417138671875 elapsed=75s
progress: nodes=920,000,000 tested=0 found=0 n=420866287249546728515625 elapsed=75s
progress: nodes=930,000,000 tested=0 found=0 n=803063414381436181640625 elapsed=76s
progress: nodes=940,000,000 tested=0 found=0 n=398600196240297802734375 elapsed=77s
progress: nodes=950,000,000 tested=0 found=0 n=111154030229688427734375 elapsed=77s
progress: nodes=960,000,000 tested=0 found=0 n=84566516143047216796875 elapsed=78s
progress: nodes=970,000,000 tested=0 found=0 n=20334314351396923828125 elapsed=78s
progress: nodes=980,000,000 tested=0 found=0 n=130834489712604931640625 elapsed=79s
progress: nodes=990,000,000 tested=0 found=0 n=207678188485674169921875 elapsed=80s
progress: nodes=1,000,000,000 tested=0 found=0 n=36514816878043505859375 elapsed=80s
progress: nodes=1,010,000,000 tested=0 found=0 n=34380423092661474609375 elapsed=81s
progress: nodes=1,020,000,000 tested=0 found=0 n=686720454124296826171875 elapsed=81s
progress: nodes=1,030,000,000 tested=0 found=0 n=141677550134435888671875 elapsed=82s
progress: nodes=1,040,000,000 tested=0 found=0 n=79331584136132958984375 elapsed=82s
progress: nodes=1,050,000,000 tested=0 found=0 n=17566664264734716796875 elapsed=83s
progress: nodes=1,060,000,000 tested=0 found=0 n=214859607176727392578125 elapsed=84s
progress: nodes=1,070,000,000 tested=0 found=0 n=85069557555479150390625 elapsed=84s
progress: nodes=1,080,000,000 tested=0 found=0 n=31141889728567529296875 elapsed=85s
progress: nodes=1,090,000,000 tested=0 found=0 n=910358211489415869140625 elapsed=85s
progress: nodes=1,100,000,000 tested=0 found=0 n=306458407262834326171875 elapsed=86s
progress: nodes=1,110,000,000 tested=0 found=0 n=40218951997631982421875 elapsed=87s
progress: nodes=1,120,000,000 tested=0 found=0 n=839594455752218701171875 elapsed=87s
progress: nodes=1,130,000,000 tested=0 found=0 n=259333601907122900390625 elapsed=88s
progress: nodes=1,140,000,000 tested=0 found=0 n=211452582571749462890625 elapsed=88s
progress: nodes=1,150,000,000 tested=0 found=0 n=23047816204769384765625 elapsed=89s
progress: nodes=1,160,000,000 tested=0 found=0 n=305119123779223974609375 elapsed=90s
progress: nodes=1,170,000,000 tested=0 found=0 n=86872047669373681640625 elapsed=90s
progress: nodes=1,180,000,000 tested=0 found=0 n=28231052222080517578125 elapsed=91s
progress: nodes=1,190,000,000 tested=0 found=0 n=389332148609814990234375 elapsed=91s
progress: nodes=1,200,000,000 tested=0 found=0 n=124616259255069873046875 elapsed=92s
progress: nodes=1,210,000,000 tested=0 found=0 n=186161472835778466796875 elapsed=92s
progress: nodes=1,220,000,000 tested=0 found=0 n=161125882371969580078125 elapsed=93s
progress: nodes=1,230,000,000 tested=0 found=0 n=43758146385186474609375 elapsed=94s
progress: nodes=1,240,000,000 tested=0 found=0 n=630948935285015771484375 elapsed=94s
progress: nodes=1,250,000,000 tested=0 found=0 n=157803191426777490234375 elapsed=95s
progress: nodes=1,260,000,000 tested=0 found=0 n=134965773966688916015625 elapsed=95s
progress: nodes=1,270,000,000 tested=0 found=0 n=624964318020288134765625 elapsed=96s
progress: nodes=1,280,000,000 tested=0 found=0 n=119990314250652685546875 elapsed=96s
progress: nodes=1,290,000,000 tested=0 found=0 n=19230182514788232421875 elapsed=97s
progress: nodes=1,300,000,000 tested=0 found=0 n=869753357742815478515625 elapsed=98s
progress: nodes=1,310,000,000 tested=0 found=0 n=80620482095268896484375 elapsed=98s
progress: nodes=1,320,000,000 tested=0 found=0 n=866353254967018505859375 elapsed=99s
progress: nodes=1,330,000,000 tested=0 found=0 n=34770504213579052734375 elapsed=99s
progress: nodes=1,340,000,000 tested=0 found=0 n=310158371980571337890625 elapsed=100s
progress: nodes=1,350,000,000 tested=0 found=0 n=179026501938306298828125 elapsed=101s
progress: nodes=1,360,000,000 tested=0 found=0 n=303832596726291650390625 elapsed=101s
progress: nodes=1,370,000,000 tested=0 found=0 n=150511606478412744140625 elapsed=102s
progress: nodes=1,380,000,000 tested=0 found=0 n=24830600710897119140625 elapsed=102s
progress: nodes=1,390,000,000 tested=0 found=0 n=949513968770916650390625 elapsed=103s
progress: nodes=1,400,000,000 tested=0 found=0 n=384457742289551806640625 elapsed=103s
progress: nodes=1,410,000,000 tested=0 found=0 n=24280587653366748046875 elapsed=104s
progress: nodes=1,420,000,000 tested=0 found=0 n=166471871843032177734375 elapsed=104s
progress: nodes=1,430,000,000 tested=0 found=0 n=60501092395950732421875 elapsed=105s
progress: nodes=1,440,000,000 tested=0 found=0 n=33587095652376123046875 elapsed=105s
progress: nodes=1,450,000,000 tested=0 found=0 n=20832000053280322265625 elapsed=106s
progress: nodes=1,460,000,000 tested=0 found=0 n=28521492180760400390625 elapsed=106s
progress: nodes=1,470,000,000 tested=0 found=0 n=57119040176064111328125 elapsed=107s
progress: nodes=1,480,000,000 tested=0 found=0 n=240861301194887255859375 elapsed=107s
progress: nodes=1,490,000,000 tested=0 found=0 n=10890107054165185546875 elapsed=108s
progress: nodes=1,500,000,000 tested=0 found=0 n=7664510215378857421875 elapsed=108s
progress: nodes=1,510,000,000 tested=0 found=0 n=468544179089897900390625 elapsed=109s
progress: nodes=1,520,000,000 tested=0 found=0 n=655472546489974951171875 elapsed=109s
progress: nodes=1,530,000,000 tested=0 found=0 n=904994066680545556640625 elapsed=110s
progress: nodes=1,540,000,000 tested=0 found=0 n=276120350730688037109375 elapsed=110s
progress: nodes=1,550,000,000 tested=0 found=0 n=808997633053048974609375 elapsed=111s
progress: nodes=1,560,000,000 tested=0 found=0 n=6546267690981005859375 elapsed=111s
progress: nodes=1,570,000,000 tested=0 found=0 n=834540168959990185546875 elapsed=112s
progress: nodes=1,580,000,000 tested=0 found=0 n=543245585684005517578125 elapsed=112s
progress: nodes=1,590,000,000 tested=0 found=0 n=997150197640017626953125 elapsed=113s
progress: nodes=1,600,000,000 tested=0 found=0 n=350498007502380322265625 elapsed=114s
progress: nodes=1,610,000,000 tested=0 found=0 n=875788073223665478515625 elapsed=115s
progress: nodes=1,620,000,000 tested=0 found=0 n=453705908446779638671875 elapsed=115s
progress: nodes=1,630,000,000 tested=0 found=0 n=748311943819443896484375 elapsed=116s
progress: nodes=1,640,000,000 tested=0 found=0 n=854056817449948095703125 elapsed=117s
progress: nodes=1,650,000,000 tested=0 found=0 n=672084405455111865234375 elapsed=118s
progress: nodes=1,660,000,000 tested=0 found=0 n=832434569410261083984375 elapsed=119s
progress: nodes=1,670,000,000 tested=0 found=0 n=769549401548938623046875 elapsed=119s
progress: nodes=1,680,000,000 tested=0 found=0 n=780431154461737939453125 elapsed=120s
progress: nodes=1,690,000,000 tested=0 found=0 n=788247408970718115234375 elapsed=121s
progress: nodes=1,700,000,000 tested=0 found=0 n=239245382704923779296875 elapsed=122s
progress: nodes=1,710,000,000 tested=0 found=0 n=20656981336081494140625 elapsed=122s
progress: nodes=1,720,000,000 tested=0 found=0 n=888455983897412109375 elapsed=123s
progress: nodes=1,730,000,000 tested=0 found=0 n=598495897487761669921875 elapsed=123s
progress: nodes=1,740,000,000 tested=0 found=0 n=620387480584285107421875 elapsed=124s
progress: nodes=1,750,000,000 tested=0 found=0 n=990735116166430810546875 elapsed=125s
progress: nodes=1,760,000,000 tested=0 found=0 n=712775105062706396484375 elapsed=126s
progress: nodes=1,770,000,000 tested=0 found=0 n=651963660828685693359375 elapsed=127s
progress: nodes=1,780,000,000 tested=0 found=0 n=713786772708752490234375 elapsed=127s
progress: nodes=1,790,000,000 tested=0 found=0 n=630927893839871044921875 elapsed=128s
progress: nodes=1,800,000,000 tested=0 found=0 n=328247280672290478515625 elapsed=129s
progress: nodes=1,810,000,000 tested=0 found=0 n=126811018545234228515625 elapsed=130s
progress: nodes=1,820,000,000 tested=0 found=0 n=93012722161296533203125 elapsed=130s
progress: nodes=1,830,000,000 tested=0 found=0 n=417266906305699365234375 elapsed=131s
progress: nodes=1,840,000,000 tested=0 found=0 n=557653471802518505859375 elapsed=131s
progress: nodes=1,850,000,000 tested=0 found=0 n=419253505088894970703125 elapsed=132s
progress: nodes=1,860,000,000 tested=0 found=0 n=283607784367922314453125 elapsed=132s
progress: nodes=1,870,000,000 tested=0 found=0 n=354255690078089501953125 elapsed=133s
progress: nodes=1,880,000,000 tested=0 found=0 n=126803337318454248046875 elapsed=134s
progress: nodes=1,890,000,000 tested=0 found=0 n=84996129060946728515625 elapsed=134s
progress: nodes=1,900,000,000 tested=0 found=0 n=143396999310988623046875 elapsed=135s
progress: nodes=1,910,000,000 tested=0 found=0 n=476426548372083544921875 elapsed=136s
progress: nodes=1,920,000,000 tested=0 found=0 n=226236056528812353515625 elapsed=136s
progress: nodes=1,930,000,000 tested=0 found=0 n=694952832403283056640625 elapsed=137s
progress: nodes=1,940,000,000 tested=0 found=0 n=94957760806015283203125 elapsed=138s
progress: nodes=1,950,000,000 tested=0 found=0 n=195462243480833642578125 elapsed=138s
progress: nodes=1,960,000,000 tested=0 found=0 n=199548551295451025390625 elapsed=139s
progress: nodes=1,970,000,000 tested=0 found=0 n=722762605234403466796875 elapsed=140s
progress: nodes=1,980,000,000 tested=0 found=0 n=67345984279338720703125 elapsed=140s
progress: nodes=1,990,000,000 tested=0 found=0 n=140203328313768603515625 elapsed=140s
progress: nodes=2,000,000,000 tested=0 found=0 n=82105711865420947265625 elapsed=141s
progress: nodes=2,010,000,000 tested=0 found=0 n=47383573144514208984375 elapsed=141s
progress: nodes=2,020,000,000 tested=0 found=0 n=30945789831674853515625 elapsed=142s
progress: nodes=2,030,000,000 tested=0 found=0 n=708876488326441845703125 elapsed=143s
progress: nodes=2,040,000,000 tested=0 found=0 n=605422185224658251953125 elapsed=143s
progress: nodes=2,050,000,000 tested=0 found=0 n=85757131021550830078125 elapsed=144s
progress: nodes=2,060,000,000 tested=0 found=0 n=14258488636865771484375 elapsed=144s
progress: nodes=2,070,000,000 tested=0 found=0 n=11705028626300830078125 elapsed=145s
progress: nodes=2,080,000,000 tested=0 found=0 n=632301669110057666015625 elapsed=145s
progress: nodes=2,090,000,000 tested=0 found=0 n=323883896633606982421875 elapsed=146s
progress: nodes=2,100,000,000 tested=0 found=0 n=37140520997285302734375 elapsed=146s
progress: nodes=2,110,000,000 tested=0 found=0 n=147658790235336474609375 elapsed=147s
progress: nodes=2,120,000,000 tested=0 found=0 n=44933443489118994140625 elapsed=147s
progress: nodes=2,130,000,000 tested=0 found=0 n=832709556187770556640625 elapsed=148s
progress: nodes=2,140,000,000 tested=0 found=0 n=91694347740590478515625 elapsed=148s
progress: nodes=2,150,000,000 tested=0 found=0 n=216220233007179638671875 elapsed=149s
progress: nodes=2,160,000,000 tested=0 found=0 n=31764175478793310546875 elapsed=150s
progress: nodes=2,170,000,000 tested=0 found=0 n=26243709124185205078125 elapsed=150s
progress: nodes=2,180,000,000 tested=0 found=0 n=740740135892973193359375 elapsed=151s
progress: nodes=2,190,000,000 tested=0 found=0 n=929713551902777783203125 elapsed=151s
progress: nodes=2,200,000,000 tested=0 found=0 n=2274376512775048828125 elapsed=152s
progress: nodes=2,210,000,000 tested=0 found=0 n=903225418797221337890625 elapsed=153s
progress: nodes=2,220,000,000 tested=0 found=0 n=4857139048810986328125 elapsed=153s
progress: nodes=2,230,000,000 tested=0 found=0 n=898804720983974560546875 elapsed=154s
progress: nodes=2,240,000,000 tested=0 found=0 n=681061297250927783203125 elapsed=154s
progress: nodes=2,250,000,000 tested=0 found=0 n=902306014067748486328125 elapsed=155s
progress: nodes=2,260,000,000 tested=0 found=0 n=377737686413855126953125 elapsed=156s
progress: nodes=2,270,000,000 tested=0 found=0 n=956210704349242822265625 elapsed=156s
progress: nodes=2,280,000,000 tested=0 found=0 n=166184102966764599609375 elapsed=157s
progress: nodes=2,290,000,000 tested=0 found=0 n=508166955491908740234375 elapsed=157s
progress: nodes=2,300,000,000 tested=0 found=0 n=682747798597416357421875 elapsed=158s
progress: nodes=2,310,000,000 tested=0 found=0 n=311261709726731982421875 elapsed=159s
progress: nodes=2,320,000,000 tested=0 found=0 n=619621755197497705078125 elapsed=160s
progress: nodes=2,330,000,000 tested=0 found=0 n=390532905188391943359375 elapsed=160s
progress: nodes=2,340,000,000 tested=0 found=0 n=71756744592886376953125 elapsed=161s
progress: nodes=2,350,000,000 tested=0 found=0 n=958978027016781884765625 elapsed=162s
progress: nodes=2,360,000,000 tested=0 found=0 n=911326452088058056640625 elapsed=163s
progress: nodes=2,370,000,000 tested=0 found=0 n=126894695766009814453125 elapsed=163s
progress: nodes=2,380,000,000 tested=0 found=0 n=842837303305488134765625 elapsed=164s
progress: nodes=2,390,000,000 tested=0 found=0 n=581766318826340771484375 elapsed=165s
progress: nodes=2,400,000,000 tested=0 found=0 n=933642399789361376953125 elapsed=166s
progress: nodes=2,410,000,000 tested=0 found=0 n=784964066912475146484375 elapsed=166s
progress: nodes=2,420,000,000 tested=0 found=0 n=488366063382402392578125 elapsed=167s
progress: nodes=2,430,000,000 tested=0 found=0 n=804377536225648095703125 elapsed=168s
progress: nodes=2,440,000,000 tested=0 found=0 n=724351485734357373046875 elapsed=169s
progress: nodes=2,450,000,000 tested=0 found=0 n=900530558079192919921875 elapsed=169s
progress: nodes=2,460,000,000 tested=0 found=0 n=480228091083508154296875 elapsed=170s
progress: nodes=2,470,000,000 tested=0 found=0 n=842467076889673388671875 elapsed=171s
progress: nodes=2,480,000,000 tested=0 found=0 n=854407340271783251953125 elapsed=172s
progress: nodes=2,490,000,000 tested=0 found=0 n=177693859569803759765625 elapsed=173s
progress: nodes=2,500,000,000 tested=0 found=0 n=411552141388548193359375 elapsed=173s
progress: nodes=2,510,000,000 tested=0 found=0 n=319926980360647119140625 elapsed=174s
progress: nodes=2,520,000,000 tested=0 found=0 n=51900211991150537109375 elapsed=175s
progress: nodes=2,530,000,000 tested=0 found=0 n=578919567669822216796875 elapsed=176s
progress: nodes=2,540,000,000 tested=0 found=0 n=481377826369907373046875 elapsed=176s
progress: nodes=2,550,000,000 tested=0 found=0 n=788664072932878857421875 elapsed=177s
progress: nodes=2,560,000,000 tested=0 found=0 n=407366490268014990234375 elapsed=178s
progress: nodes=2,570,000,000 tested=0 found=0 n=620344105455300146484375 elapsed=179s
progress: nodes=2,580,000,000 tested=0 found=0 n=429191954193085986328125 elapsed=180s
progress: nodes=2,590,000,000 tested=0 found=0 n=476084924934085400390625 elapsed=180s
progress: nodes=2,600,000,000 tested=0 found=0 n=591642041330128564453125 elapsed=181s
progress: nodes=2,610,000,000 tested=0 found=0 n=866202406645907666015625 elapsed=182s
progress: nodes=2,620,000,000 tested=0 found=0 n=269304551375566259765625 elapsed=183s
progress: nodes=2,630,000,000 tested=0 found=0 n=208619771302335791015625 elapsed=184s
progress: nodes=2,640,000,000 tested=0 found=0 n=56510778664371240234375 elapsed=184s
progress: nodes=2,650,000,000 tested=0 found=0 n=55656401063311083984375 elapsed=185s
progress: nodes=2,660,000,000 tested=0 found=0 n=351456308707730419921875 elapsed=186s
progress: nodes=2,670,000,000 tested=0 found=0 n=771662705725159130859375 elapsed=187s
progress: nodes=2,680,000,000 tested=0 found=0 n=60394777562692822265625 elapsed=187s
progress: nodes=2,690,000,000 tested=0 found=0 n=52815492081855029296875 elapsed=188s
progress: nodes=2,700,000,000 tested=0 found=0 n=370650257493974267578125 elapsed=189s
progress: nodes=2,710,000,000 tested=0 found=0 n=682712830170564990234375 elapsed=190s
progress: nodes=2,720,000,000 tested=0 found=0 n=855718700648106298828125 elapsed=191s
progress: nodes=2,730,000,000 tested=0 found=0 n=970068185831103515625 elapsed=191s
progress: nodes=2,740,000,000 tested=0 found=0 n=501394498883171044921875 elapsed=192s
progress: nodes=2,750,000,000 tested=0 found=0 n=430506759392485986328125 elapsed=193s
progress: nodes=2,760,000,000 tested=0 found=0 n=834546896573640673828125 elapsed=194s
progress: nodes=2,770,000,000 tested=0 found=0 n=648237028941551806640625 elapsed=195s
progress: nodes=2,780,000,000 tested=0 found=0 n=808665666694740380859375 elapsed=196s
progress: nodes=2,790,000,000 tested=0 found=0 n=303112762094398388671875 elapsed=197s
progress: nodes=2,800,000,000 tested=0 found=0 n=630574036381958935546875 elapsed=197s
progress: nodes=2,810,000,000 tested=0 found=0 n=138578052954004248046875 elapsed=198s
progress: nodes=2,820,000,000 tested=0 found=0 n=184692288365370556640625 elapsed=199s
progress: nodes=2,830,000,000 tested=0 found=0 n=936405705588657568359375 elapsed=200s
progress: nodes=2,840,000,000 tested=0 found=0 n=247694399150002587890625 elapsed=201s
progress: nodes=2,850,000,000 tested=0 found=0 n=273769992796558740234375 elapsed=201s
progress: nodes=2,860,000,000 tested=0 found=0 n=272774021848298291015625 elapsed=202s
progress: nodes=2,870,000,000 tested=0 found=0 n=223502959677546240234375 elapsed=203s
progress: nodes=2,880,000,000 tested=0 found=0 n=337151397659867724609375 elapsed=203s
progress: nodes=2,890,000,000 tested=0 found=0 n=106875085543440087890625 elapsed=204s
progress: nodes=2,900,000,000 tested=0 found=0 n=133886135491595361328125 elapsed=204s
progress: nodes=2,910,000,000 tested=0 found=0 n=337363371821153466796875 elapsed=205s
progress: nodes=2,920,000,000 tested=0 found=0 n=281671508555182470703125 elapsed=206s
progress: nodes=2,930,000,000 tested=0 found=0 n=162081197559494677734375 elapsed=206s
progress: nodes=2,940,000,000 tested=0 found=0 n=198165493390324072265625 elapsed=207s
progress: nodes=2,950,000,000 tested=0 found=0 n=144110273465190087890625 elapsed=208s
progress: nodes=2,960,000,000 tested=0 found=0 n=733177556007541845703125 elapsed=209s
progress: nodes=2,970,000,000 tested=0 found=0 n=149620113496268994140625 elapsed=210s
progress: nodes=2,980,000,000 tested=0 found=0 n=29812620267393017578125 elapsed=210s
progress: nodes=2,990,000,000 tested=0 found=0 n=16738344865254345703125 elapsed=211s
progress: nodes=3,000,000,000 tested=0 found=0 n=56896897506736669921875 elapsed=211s
progress: nodes=3,010,000,000 tested=0 found=0 n=927434623319821435546875 elapsed=212s
progress: nodes=3,020,000,000 tested=0 found=0 n=502844190862761767578125 elapsed=212s
progress: nodes=3,030,000,000 tested=0 found=0 n=199586132598940869140625 elapsed=213s
progress: nodes=3,040,000,000 tested=0 found=0 n=13664791649146435546875 elapsed=213s
progress: nodes=3,050,000,000 tested=0 found=0 n=495790407067959814453125 elapsed=214s
progress: nodes=3,060,000,000 tested=0 found=0 n=330214262684222314453125 elapsed=214s
progress: nodes=3,070,000,000 tested=0 found=0 n=3266664104924267578125 elapsed=215s
progress: nodes=3,080,000,000 tested=0 found=0 n=692828577091164404296875 elapsed=215s
progress: nodes=3,090,000,000 tested=0 found=0 n=332038065531412939453125 elapsed=216s
progress: nodes=3,100,000,000 tested=0 found=0 n=8296647251153173828125 elapsed=216s
progress: nodes=3,110,000,000 tested=0 found=0 n=904758026891802685546875 elapsed=217s
progress: nodes=3,120,000,000 tested=0 found=0 n=648166483426999072265625 elapsed=218s
progress: nodes=3,130,000,000 tested=0 found=0 n=2262509110863134765625 elapsed=218s
progress: nodes=3,140,000,000 tested=0 found=0 n=795572077317669873046875 elapsed=219s
progress: nodes=3,150,000,000 tested=0 found=0 n=809406106125203466796875 elapsed=219s
progress: nodes=3,160,000,000 tested=0 found=0 n=633813326149316455078125 elapsed=220s
progress: nodes=3,170,000,000 tested=0 found=0 n=847615797538220361328125 elapsed=221s
progress: nodes=3,180,000,000 tested=0 found=0 n=106734226379300830078125 elapsed=221s
progress: nodes=3,190,000,000 tested=0 found=0 n=396973169687730029296875 elapsed=222s
progress: nodes=3,200,000,000 tested=0 found=0 n=534046001397990087890625 elapsed=223s
progress: nodes=3,210,000,000 tested=0 found=0 n=505640557805339208984375 elapsed=223s
progress: nodes=3,220,000,000 tested=0 found=0 n=681044773228756494140625 elapsed=224s
progress: nodes=3,230,000,000 tested=0 found=0 n=764689151273523779296875 elapsed=225s
progress: nodes=3,240,000,000 tested=0 found=0 n=264978340037062353515625 elapsed=226s
progress: nodes=3,250,000,000 tested=0 found=0 n=278424303835290087890625 elapsed=226s
progress: nodes=3,260,000,000 tested=0 found=0 n=786786481577783203125 elapsed=227s
progress: nodes=3,270,000,000 tested=0 found=0 n=266761994547983935546875 elapsed=228s
progress: nodes=3,280,000,000 tested=0 found=0 n=606264334365099169921875 elapsed=228s
progress: nodes=3,290,000,000 tested=0 found=0 n=236829553041960498046875 elapsed=229s
progress: nodes=3,300,000,000 tested=0 found=0 n=612159537952118994140625 elapsed=230s
progress: nodes=3,310,000,000 tested=0 found=0 n=655516157509201611328125 elapsed=230s
progress: nodes=3,320,000,000 tested=0 found=0 n=663721139079984521484375 elapsed=231s
progress: nodes=3,330,000,000 tested=0 found=0 n=26570421003472705078125 elapsed=232s
progress: nodes=3,340,000,000 tested=0 found=0 n=579080829102073388671875 elapsed=232s
progress: nodes=3,350,000,000 tested=0 found=0 n=504744120033514306640625 elapsed=233s
progress: nodes=3,360,000,000 tested=0 found=0 n=555368225699485693359375 elapsed=234s
progress: nodes=3,370,000,000 tested=0 found=0 n=535564223049781201171875 elapsed=235s
progress: nodes=3,380,000,000 tested=0 found=0 n=17951676163418115234375 elapsed=235s
progress: nodes=3,390,000,000 tested=0 found=0 n=72051054057568359375 elapsed=236s
progress: nodes=3,400,000,000 tested=0 found=0 n=605459655169214794921875 elapsed=237s
progress: nodes=3,410,000,000 tested=0 found=0 n=166106329503272607421875 elapsed=238s
progress: nodes=3,420,000,000 tested=0 found=0 n=948145068271269873046875 elapsed=238s
progress: nodes=3,430,000,000 tested=0 found=0 n=146093686385531103515625 elapsed=239s
progress: nodes=3,440,000,000 tested=0 found=0 n=226253302734976904296875 elapsed=240s
progress: nodes=3,450,000,000 tested=0 found=0 n=34935505565851611328125 elapsed=241s
progress: nodes=3,460,000,000 tested=0 found=0 n=784935857179058935546875 elapsed=242s
progress: nodes=3,470,000,000 tested=0 found=0 n=359788647618070166015625 elapsed=242s
progress: nodes=3,480,000,000 tested=0 found=0 n=506245657984644580078125 elapsed=243s
progress: nodes=3,490,000,000 tested=0 found=0 n=503396203334246044921875 elapsed=244s
progress: nodes=3,500,000,000 tested=0 found=0 n=361000098838914404296875 elapsed=245s
progress: nodes=3,510,000,000 tested=0 found=0 n=966785800006946923828125 elapsed=245s
progress: nodes=3,520,000,000 tested=0 found=0 n=416614222879744189453125 elapsed=246s
progress: nodes=3,530,000,000 tested=0 found=0 n=301170766955494775390625 elapsed=247s
progress: nodes=3,540,000,000 tested=0 found=0 n=529593422034168310546875 elapsed=248s
progress: nodes=3,550,000,000 tested=0 found=0 n=156214322858149951171875 elapsed=249s
progress: nodes=3,560,000,000 tested=0 found=0 n=514837436548014111328125 elapsed=250s
progress: nodes=3,570,000,000 tested=0 found=0 n=608865867004913232421875 elapsed=250s
progress: nodes=3,580,000,000 tested=0 found=0 n=618186429267213720703125 elapsed=251s
progress: nodes=3,590,000,000 tested=0 found=0 n=157310159718927099609375 elapsed=252s
progress: nodes=3,600,000,000 tested=0 found=0 n=419207744716873095703125 elapsed=253s
progress: nodes=3,610,000,000 tested=0 found=0 n=671018283748151513671875 elapsed=254s
progress: nodes=3,620,000,000 tested=0 found=0 n=470744759139999462890625 elapsed=254s
progress: nodes=3,630,000,000 tested=0 found=0 n=290494404529383837890625 elapsed=255s
progress: nodes=3,640,000,000 tested=0 found=0 n=101483179661594677734375 elapsed=256s
progress: nodes=3,650,000,000 tested=0 found=0 n=196414139812079150390625 elapsed=257s
progress: nodes=3,660,000,000 tested=0 found=0 n=416642293447665673828125 elapsed=258s
progress: nodes=3,670,000,000 tested=0 found=0 n=760439671857683056640625 elapsed=259s
progress: nodes=3,680,000,000 tested=0 found=0 n=255802219401818701171875 elapsed=259s
progress: nodes=3,690,000,000 tested=0 found=0 n=903110629313998095703125 elapsed=260s
progress: nodes=3,700,000,000 tested=0 found=0 n=65315580893565966796875 elapsed=261s
progress: nodes=3,710,000,000 tested=0 found=0 n=274915778845395556640625 elapsed=262s
progress: nodes=3,720,000,000 tested=0 found=0 n=871684001837117724609375 elapsed=262s
progress: nodes=3,730,000,000 tested=0 found=0 n=528461683732336962890625 elapsed=263s
progress: nodes=3,740,000,000 tested=0 found=0 n=802350808114263720703125 elapsed=264s
progress: nodes=3,750,000,000 tested=0 found=0 n=403873657949363232421875 elapsed=265s
progress: nodes=3,760,000,000 tested=0 found=0 n=568754564535366357421875 elapsed=265s
progress: nodes=3,770,000,000 tested=0 found=0 n=230580258485387548828125 elapsed=266s
progress: nodes=3,780,000,000 tested=0 found=0 n=958360827623935107421875 elapsed=267s
progress: nodes=3,790,000,000 tested=0 found=0 n=458318497897619091796875 elapsed=267s
progress: nodes=3,800,000,000 tested=0 found=0 n=202836660883763525390625 elapsed=268s
progress: nodes=3,810,000,000 tested=0 found=0 n=238661352907608544921875 elapsed=268s
progress: nodes=3,820,000,000 tested=0 found=0 n=93783742198470556640625 elapsed=269s
progress: nodes=3,830,000,000 tested=0 found=0 n=124054192472846630859375 elapsed=269s
progress: nodes=3,840,000,000 tested=0 found=0 n=94436038207043408203125 elapsed=270s
progress: nodes=3,850,000,000 tested=0 found=0 n=967705627676206494140625 elapsed=270s
progress: nodes=3,860,000,000 tested=0 found=0 n=120959215154316943359375 elapsed=270s
progress: nodes=3,870,000,000 tested=0 found=0 n=73170905973644677734375 elapsed=271s
progress: nodes=3,880,000,000 tested=0 found=0 n=86343153246050244140625 elapsed=271s
progress: nodes=3,890,000,000 tested=0 found=0 n=6477013909423681640625 elapsed=272s
progress: nodes=3,900,000,000 tested=0 found=0 n=757299538786662744140625 elapsed=273s
progress: nodes=3,910,000,000 tested=0 found=0 n=322130536947112646484375 elapsed=273s
progress: nodes=3,920,000,000 tested=0 found=0 n=21930457920653173828125 elapsed=274s
progress: nodes=3,930,000,000 tested=0 found=0 n=896758932270672802734375 elapsed=274s
progress: nodes=3,940,000,000 tested=0 found=0 n=356662527394145068359375 elapsed=275s
progress: nodes=3,950,000,000 tested=0 found=0 n=285249632613018896484375 elapsed=276s
progress: nodes=3,960,000,000 tested=0 found=0 n=573566013421419580078125 elapsed=276s
progress: nodes=3,970,000,000 tested=0 found=0 n=562601847487180224609375 elapsed=277s
progress: nodes=3,980,000,000 tested=0 found=0 n=950811737455548486328125 elapsed=278s
progress: nodes=3,990,000,000 tested=0 found=0 n=858348883431160693359375 elapsed=278s
progress: nodes=4,000,000,000 tested=0 found=0 n=972378230045548388671875 elapsed=279s
progress: nodes=4,010,000,000 tested=0 found=0 n=941881798435139501953125 elapsed=280s
progress: nodes=4,020,000,000 tested=0 found=0 n=665310510839566552734375 elapsed=280s
progress: nodes=4,030,000,000 tested=0 found=0 n=652801864944931201171875 elapsed=281s
progress: nodes=4,040,000,000 tested=0 found=0 n=115945933963767919921875 elapsed=282s
progress: nodes=4,050,000,000 tested=0 found=0 n=906442106071366552734375 elapsed=283s
progress: nodes=4,060,000,000 tested=0 found=0 n=367299733732763671875 elapsed=283s
progress: nodes=4,070,000,000 tested=0 found=0 n=358894940907376904296875 elapsed=284s
progress: nodes=4,080,000,000 tested=0 found=0 n=224326186239623876953125 elapsed=285s
progress: nodes=4,090,000,000 tested=0 found=0 n=109691726486086376953125 elapsed=286s
progress: nodes=4,100,000,000 tested=0 found=0 n=713343547277544873046875 elapsed=286s
progress: nodes=4,110,000,000 tested=0 found=0 n=584030646779240185546875 elapsed=287s
progress: nodes=4,120,000,000 tested=0 found=0 n=987040066598443798828125 elapsed=288s
progress: nodes=4,130,000,000 tested=0 found=0 n=876098371400805615234375 elapsed=289s
progress: nodes=4,140,000,000 tested=0 found=0 n=940458799644160986328125 elapsed=290s
progress: nodes=4,150,000,000 tested=0 found=0 n=563122220721177099609375 elapsed=290s
progress: nodes=4,160,000,000 tested=0 found=0 n=143116273173473291015625 elapsed=291s
progress: nodes=4,170,000,000 tested=0 found=0 n=481257984162761572265625 elapsed=292s
progress: nodes=4,180,000,000 tested=0 found=0 n=59165391548456689453125 elapsed=293s
progress: nodes=4,190,000,000 tested=0 found=0 n=670151420832158056640625 elapsed=293s
progress: nodes=4,200,000,000 tested=0 found=0 n=587320147242938525390625 elapsed=294s
progress: nodes=4,210,000,000 tested=0 found=0 n=413286889322517041015625 elapsed=295s
progress: nodes=4,220,000,000 tested=0 found=0 n=418618587453247412109375 elapsed=296s
progress: nodes=4,230,000,000 tested=0 found=0 n=300720892147890087890625 elapsed=297s
progress: nodes=4,240,000,000 tested=0 found=0 n=262195154730035009765625 elapsed=297s
progress: nodes=4,250,000,000 tested=0 found=0 n=422030555376928271484375 elapsed=298s
progress: nodes=4,260,000,000 tested=0 found=0 n=649525764967495458984375 elapsed=299s
progress: nodes=4,270,000,000 tested=0 found=0 n=861242307412399951171875 elapsed=300s
progress: nodes=4,280,000,000 tested=0 found=0 n=351330444971962353515625 elapsed=301s
progress: nodes=4,290,000,000 tested=0 found=0 n=263428066928687841796875 elapsed=301s
progress: nodes=4,300,000,000 tested=0 found=0 n=701249198406558251953125 elapsed=302s
progress: nodes=4,310,000,000 tested=0 found=0 n=226586433748929638671875 elapsed=303s
progress: nodes=4,320,000,000 tested=0 found=0 n=512332031328488232421875 elapsed=304s
progress: nodes=4,330,000,000 tested=0 found=0 n=538445195986819775390625 elapsed=305s
progress: nodes=4,340,000,000 tested=0 found=0 n=196577556918484423828125 elapsed=306s
progress: nodes=4,350,000,000 tested=0 found=0 n=233906553170984326171875 elapsed=306s
progress: nodes=4,360,000,000 tested=0 found=0 n=176071013685185595703125 elapsed=307s
progress: nodes=4,370,000,000 tested=0 found=0 n=130273788676591259765625 elapsed=308s
progress: nodes=4,380,000,000 tested=0 found=0 n=466085796523951611328125 elapsed=309s
progress: nodes=4,390,000,000 tested=0 found=0 n=81439304004180322265625 elapsed=310s
progress: nodes=4,400,000,000 tested=0 found=0 n=312149809672939013671875 elapsed=311s
progress: nodes=4,410,000,000 tested=0 found=0 n=12086503523953564453125 elapsed=311s
progress: nodes=4,420,000,000 tested=0 found=0 n=117730056696370166015625 elapsed=312s
progress: nodes=4,430,000,000 tested=0 found=0 n=526153271317876904296875 elapsed=313s
progress: nodes=4,440,000,000 tested=0 found=0 n=13015926198584326171875 elapsed=314s
progress: nodes=4,450,000,000 tested=0 found=0 n=265130048542509814453125 elapsed=314s
progress: nodes=4,460,000,000 tested=0 found=0 n=612660676911438134765625 elapsed=315s
progress: nodes=4,470,000,000 tested=0 found=0 n=871671749246741748046875 elapsed=316s
progress: nodes=4,480,000,000 tested=0 found=0 n=469287306792661669921875 elapsed=316s
progress: nodes=4,490,000,000 tested=0 found=0 n=189492299884979150390625 elapsed=317s
progress: nodes=4,500,000,000 tested=0 found=0 n=81401831238126123046875 elapsed=317s
progress: nodes=4,510,000,000 tested=0 found=0 n=39289899133128369140625 elapsed=318s
progress: nodes=4,520,000,000 tested=0 found=0 n=26657837707477880859375 elapsed=318s
progress: nodes=4,530,000,000 tested=0 found=0 n=222744433021430126953125 elapsed=319s
progress: nodes=4,540,000,000 tested=0 found=0 n=20712898746556201171875 elapsed=319s
progress: nodes=4,550,000,000 tested=0 found=0 n=675601584206184521484375 elapsed=320s
progress: nodes=4,560,000,000 tested=0 found=0 n=241480318850442041015625 elapsed=320s
progress: nodes=4,570,000,000 tested=0 found=0 n=23471053536193798828125 elapsed=321s
progress: nodes=4,580,000,000 tested=0 found=0 n=126670398409142724609375 elapsed=321s
progress: nodes=4,590,000,000 tested=0 found=0 n=40622159720170751953125 elapsed=322s
progress: nodes=4,600,000,000 tested=0 found=0 n=972628645312468798828125 elapsed=323s
progress: nodes=4,610,000,000 tested=0 found=0 n=713800394277285205078125 elapsed=323s
progress: nodes=4,620,000,000 tested=0 found=0 n=804424895549960302734375 elapsed=324s
progress: nodes=4,630,000,000 tested=0 found=0 n=718056191151631787109375 elapsed=325s
progress: nodes=4,640,000,000 tested=0 found=0 n=557905997725460302734375 elapsed=325s
progress: nodes=4,650,000,000 tested=0 found=0 n=688964569905739599609375 elapsed=326s
progress: nodes=4,660,000,000 tested=0 found=0 n=405057794275600634765625 elapsed=327s
progress: nodes=4,670,000,000 tested=0 found=0 n=248982281054914599609375 elapsed=327s
progress: nodes=4,680,000,000 tested=0 found=0 n=716120698576652783203125 elapsed=328s
progress: nodes=4,690,000,000 tested=0 found=0 n=488805843229574267578125 elapsed=329s
progress: nodes=4,700,000,000 tested=0 found=0 n=915441287965815966796875 elapsed=330s
progress: nodes=4,710,000,000 tested=0 found=0 n=495517594223708642578125 elapsed=331s
progress: nodes=4,720,000,000 tested=0 found=0 n=532364252413310009765625 elapsed=331s
progress: nodes=4,730,000,000 tested=0 found=0 n=308181734115099755859375 elapsed=332s
progress: nodes=4,740,000,000 tested=0 found=0 n=855366419206510107421875 elapsed=333s
progress: nodes=4,750,000,000 tested=0 found=0 n=482211299049250927734375 elapsed=334s
progress: nodes=4,760,000,000 tested=0 found=0 n=473010504297291064453125 elapsed=334s
progress: nodes=4,770,000,000 tested=0 found=0 n=646314428107602392578125 elapsed=335s
progress: nodes=4,780,000,000 tested=0 found=0 n=345705425309129443359375 elapsed=336s
progress: nodes=4,790,000,000 tested=0 found=0 n=5172931908099169921875 elapsed=337s
progress: nodes=4,800,000,000 tested=0 found=0 n=571472060309953564453125 elapsed=337s
progress: nodes=4,810,000,000 tested=0 found=0 n=314450716410055517578125 elapsed=338s
progress: nodes=4,820,000,000 tested=0 found=0 n=555734419877065283203125 elapsed=339s
progress: nodes=4,830,000,000 tested=0 found=0 n=225104815184700732421875 elapsed=340s
progress: nodes=4,840,000,000 tested=0 found=0 n=973827475337869482421875 elapsed=341s
progress: nodes=4,850,000,000 tested=0 found=0 n=90487815734040087890625 elapsed=342s
progress: nodes=4,860,000,000 tested=0 found=0 n=153846968856124072265625 elapsed=342s
progress: nodes=4,870,000,000 tested=0 found=0 n=142104603374244287109375 elapsed=343s
progress: nodes=4,880,000,000 tested=0 found=0 n=437487695474239306640625 elapsed=344s
progress: nodes=4,890,000,000 tested=0 found=0 n=282345104428384716796875 elapsed=345s
progress: nodes=4,900,000,000 tested=0 found=0 n=559265188582300634765625 elapsed=345s
progress: nodes=4,910,000,000 tested=0 found=0 n=632496452294902001953125 elapsed=346s
progress: nodes=4,920,000,000 tested=0 found=0 n=440518114822624658203125 elapsed=347s
progress: nodes=4,930,000,000 tested=0 found=0 n=231242326920023876953125 elapsed=348s
progress: nodes=4,940,000,000 tested=0 found=0 n=28584709909677099609375 elapsed=349s
progress: nodes=4,950,000,000 tested=0 found=0 n=358015524423620068359375 elapsed=349s
progress: nodes=4,960,000,000 tested=0 found=0 n=96621533934137255859375 elapsed=350s
progress: nodes=4,970,000,000 tested=0 found=0 n=610682416282176123046875 elapsed=351s
progress: nodes=4,980,000,000 tested=0 found=0 n=40904515768994677734375 elapsed=352s
progress: nodes=4,990,000,000 tested=0 found=0 n=143050862549307275390625 elapsed=353s
progress: nodes=5,000,000,000 tested=0 found=0 n=115453449756699755859375 elapsed=354s
progress: nodes=5,010,000,000 tested=0 found=0 n=817390086129102978515625 elapsed=355s
progress: nodes=5,020,000,000 tested=0 found=0 n=66278242734066357421875 elapsed=355s
progress: nodes=5,030,000,000 tested=0 found=0 n=759807158722644580078125 elapsed=356s
progress: nodes=5,040,000,000 tested=0 found=0 n=126115225886193017578125 elapsed=357s
progress: nodes=5,050,000,000 tested=0 found=0 n=139044745996193994140625 elapsed=358s
progress: nodes=5,060,000,000 tested=0 found=0 n=353460446760135791015625 elapsed=359s
progress: nodes=5,070,000,000 tested=0 found=0 n=17204225047394970703125 elapsed=359s
progress: nodes=5,080,000,000 tested=0 found=0 n=952112521549381787109375 elapsed=360s
progress: nodes=5,090,000,000 tested=0 found=0 n=7002536698539990234375 elapsed=360s
progress: nodes=5,100,000,000 tested=0 found=0 n=692882506241923388671875 elapsed=361s
progress: nodes=5,110,000,000 tested=0 found=0 n=610689032813488330078125 elapsed=362s
progress: nodes=5,120,000,000 tested=0 found=0 n=557701958578778466796875 elapsed=363s
progress: nodes=5,130,000,000 tested=0 found=0 n=211435725092883251953125 elapsed=364s
progress: nodes=5,140,000,000 tested=0 found=0 n=61416306717466845703125 elapsed=364s
progress: nodes=5,150,000,000 tested=0 found=0 n=264639536035826806640625 elapsed=365s
progress: nodes=5,160,000,000 tested=0 found=0 n=278255724073807470703125 elapsed=366s
progress: nodes=5,170,000,000 tested=0 found=0 n=354612992076177392578125 elapsed=367s
progress: nodes=5,180,000,000 tested=0 found=0 n=971777925770468701171875 elapsed=367s
progress: nodes=5,190,000,000 tested=0 found=0 n=27660940333854638671875 elapsed=368s
progress: nodes=5,200,000,000 tested=0 found=0 n=367762565634108544921875 elapsed=369s
progress: nodes=5,210,000,000 tested=0 found=0 n=286617685702028173828125 elapsed=370s
progress: nodes=5,220,000,000 tested=0 found=0 n=430073538959858349609375 elapsed=370s
progress: nodes=5,230,000,000 tested=0 found=0 n=865062876250452099609375 elapsed=371s
progress: nodes=5,240,000,000 tested=0 found=0 n=41808260946591357421875 elapsed=372s
progress: nodes=5,250,000,000 tested=0 found=0 n=193745167933232958984375 elapsed=373s
progress: nodes=5,260,000,000 tested=0 found=0 n=921978142946374951171875 elapsed=374s
progress: nodes=5,270,000,000 tested=0 found=0 n=294222644619720263671875 elapsed=374s
progress: nodes=5,280,000,000 tested=0 found=0 n=764677428885419970703125 elapsed=375s
progress: nodes=5,290,000,000 tested=0 found=0 n=350617561666885693359375 elapsed=376s
progress: nodes=5,300,000,000 tested=0 found=0 n=238634078408566845703125 elapsed=377s
progress: nodes=5,310,000,000 tested=0 found=0 n=459239773922404248046875 elapsed=378s
progress: nodes=5,320,000,000 tested=0 found=0 n=384339158641861376953125 elapsed=378s
progress: nodes=5,330,000,000 tested=0 found=0 n=382735869069789990234375 elapsed=379s
progress: nodes=5,340,000,000 tested=0 found=0 n=54395010164208984375 elapsed=380s
progress: nodes=5,350,000,000 tested=0 found=0 n=638473046166599560546875 elapsed=381s
progress: nodes=5,360,000,000 tested=0 found=0 n=621437295555530712890625 elapsed=382s
progress: nodes=5,370,000,000 tested=0 found=0 n=369840641567445849609375 elapsed=382s
progress: nodes=5,380,000,000 tested=0 found=0 n=59791146583014697265625 elapsed=383s
progress: nodes=5,390,000,000 tested=0 found=0 n=403223932875320361328125 elapsed=384s
progress: nodes=5,400,000,000 tested=0 found=0 n=259665365924373486328125 elapsed=385s
progress: nodes=5,410,000,000 tested=0 found=0 n=314821399408992041015625 elapsed=386s
progress: nodes=5,420,000,000 tested=0 found=0 n=141571543184202099609375 elapsed=387s
progress: nodes=5,430,000,000 tested=0 found=0 n=854867860670273583984375 elapsed=387s
progress: nodes=5,440,000,000 tested=0 found=0 n=44775733194805224609375 elapsed=388s
progress: nodes=5,450,000,000 tested=0 found=0 n=244881808266343212890625 elapsed=389s
progress: nodes=5,460,000,000 tested=0 found=0 n=58805252589190283203125 elapsed=390s
progress: nodes=5,470,000,000 tested=0 found=0 n=22672979830211279296875 elapsed=391s
progress: nodes=5,480,000,000 tested=0 found=0 n=21868083463089404296875 elapsed=392s
progress: nodes=5,490,000,000 tested=0 found=0 n=947734303068296337890625 elapsed=392s
progress: nodes=5,500,000,000 tested=0 found=0 n=15921082152509912109375 elapsed=393s
progress: nodes=5,510,000,000 tested=0 found=0 n=743186347453430712890625 elapsed=394s
progress: nodes=5,520,000,000 tested=0 found=0 n=540153220907578564453125 elapsed=395s
progress: nodes=5,530,000,000 tested=0 found=0 n=368133849527851025390625 elapsed=395s
progress: nodes=5,540,000,000 tested=0 found=0 n=38699551331516455078125 elapsed=396s
progress: nodes=5,550,000,000 tested=0 found=0 n=626953601922620068359375 elapsed=397s
progress: nodes=5,560,000,000 tested=0 found=0 n=700789113233168408203125 elapsed=398s
progress: nodes=5,570,000,000 tested=0 found=0 n=293124696561640576171875 elapsed=399s
progress: nodes=5,580,000,000 tested=0 found=0 n=136814058663416162109375 elapsed=399s
progress: nodes=5,590,000,000 tested=0 found=0 n=454593832237039892578125 elapsed=400s
progress: nodes=5,600,000,000 tested=0 found=0 n=697463875701855322265625 elapsed=401s
progress: nodes=5,610,000,000 tested=0 found=0 n=429815640175844384765625 elapsed=402s
progress: nodes=5,620,000,000 tested=0 found=0 n=85568033447630712890625 elapsed=403s
progress: nodes=5,630,000,000 tested=0 found=0 n=71397469147582470703125 elapsed=403s
progress: nodes=5,640,000,000 tested=0 found=0 n=98313217994693994140625 elapsed=404s
progress: nodes=5,650,000,000 tested=0 found=0 n=141038699195418896484375 elapsed=405s
progress: nodes=5,660,000,000 tested=0 found=0 n=239570313230746435546875 elapsed=406s
progress: nodes=5,670,000,000 tested=0 found=0 n=358467733611146044921875 elapsed=406s
progress: nodes=5,680,000,000 tested=0 found=0 n=218434731255668115234375 elapsed=407s
progress: nodes=5,690,000,000 tested=0 found=0 n=210386019531871435546875 elapsed=408s
progress: nodes=5,700,000,000 tested=0 found=0 n=659437217278672998046875 elapsed=409s
progress: nodes=5,710,000,000 tested=0 found=0 n=357403844291747900390625 elapsed=410s
progress: nodes=5,720,000,000 tested=0 found=0 n=105913636634326171875 elapsed=411s
progress: nodes=5,730,000,000 tested=0 found=0 n=101673393690710009765625 elapsed=411s
progress: nodes=5,740,000,000 tested=0 found=0 n=71298273789728466796875 elapsed=412s
progress: nodes=5,750,000,000 tested=0 found=0 n=277659538945294775390625 elapsed=413s
progress: nodes=5,760,000,000 tested=0 found=0 n=174700321998257958984375 elapsed=414s
progress: nodes=5,770,000,000 tested=0 found=0 n=342885297127528271484375 elapsed=415s
progress: nodes=5,780,000,000 tested=0 found=0 n=305525896899415869140625 elapsed=416s
progress: nodes=5,790,000,000 tested=0 found=0 n=21921157114622021484375 elapsed=417s
progress: nodes=5,800,000,000 tested=0 found=0 n=536507981037745458984375 elapsed=417s
progress: nodes=5,810,000,000 tested=0 found=0 n=414502953143332470703125 elapsed=418s
progress: nodes=5,820,000,000 tested=0 found=0 n=364202002189572216796875 elapsed=419s
progress: nodes=5,830,000,000 tested=0 found=0 n=89194555369673291015625 elapsed=420s
progress: nodes=5,840,000,000 tested=0 found=0 n=282344303454751904296875 elapsed=420s
progress: nodes=5,850,000,000 tested=0 found=0 n=646650313305659619140625 elapsed=421s
progress: nodes=5,860,000,000 tested=0 found=0 n=434595790804353076171875 elapsed=422s
progress: nodes=5,870,000,000 tested=0 found=0 n=300271856799734326171875 elapsed=423s
progress: nodes=5,880,000,000 tested=0 found=0 n=199990832498583984375 elapsed=424s
progress: nodes=5,890,000,000 tested=0 found=0 n=266009474580887255859375 elapsed=424s
progress: nodes=5,900,000,000 tested=0 found=0 n=64598162960197412109375 elapsed=425s
progress: nodes=5,910,000,000 tested=0 found=0 n=497657048218301220703125 elapsed=426s
progress: nodes=5,920,000,000 tested=0 found=0 n=60468538079318701171875 elapsed=427s
progress: nodes=5,930,000,000 tested=0 found=0 n=577180734639365185546875 elapsed=428s
progress: nodes=5,940,000,000 tested=0 found=0 n=156262048999340771484375 elapsed=429s
progress: nodes=5,950,000,000 tested=0 found=0 n=768421452706124560546875 elapsed=430s
progress: nodes=5,960,000,000 tested=0 found=0 n=127848317495824365234375 elapsed=430s
progress: nodes=5,970,000,000 tested=0 found=0 n=241579622460568505859375 elapsed=431s
progress: nodes=5,980,000,000 tested=0 found=0 n=391755966395038916015625 elapsed=432s
progress: nodes=5,990,000,000 tested=0 found=0 n=535619944616653271484375 elapsed=433s
progress: nodes=6,000,000,000 tested=0 found=0 n=450543496743008935546875 elapsed=434s
progress: nodes=6,010,000,000 tested=0 found=0 n=371469799015597119140625 elapsed=434s
progress: nodes=6,020,000,000 tested=0 found=0 n=33923355430234716796875 elapsed=435s
progress: nodes=6,030,000,000 tested=0 found=0 n=37342784406392431640625 elapsed=436s
progress: nodes=6,040,000,000 tested=0 found=0 n=61013729420481591796875 elapsed=437s
progress: nodes=6,050,000,000 tested=0 found=0 n=814351973188028173828125 elapsed=438s
progress: nodes=6,060,000,000 tested=0 found=0 n=24483520842669287109375 elapsed=439s
progress: nodes=6,070,000,000 tested=0 found=0 n=879952046411183935546875 elapsed=440s
progress: nodes=6,080,000,000 tested=0 found=0 n=671425864130584130859375 elapsed=440s
progress: nodes=6,090,000,000 tested=0 found=0 n=397908489121585107421875 elapsed=441s
progress: nodes=6,100,000,000 tested=0 found=0 n=469033025012791845703125 elapsed=442s
progress: nodes=6,110,000,000 tested=0 found=0 n=47524818319421337890625 elapsed=443s
progress: nodes=6,120,000,000 tested=0 found=0 n=290626221151016748046875 elapsed=444s
progress: nodes=6,130,000,000 tested=0 found=0 n=29925345690660205078125 elapsed=445s
progress: nodes=6,140,000,000 tested=0 found=0 n=219512189436589013671875 elapsed=445s
progress: nodes=6,150,000,000 tested=0 found=0 n=31788806504089892578125 elapsed=446s
progress: nodes=6,160,000,000 tested=0 found=0 n=182957362879664501953125 elapsed=447s
progress: nodes=6,170,000,000 tested=0 found=0 n=76162392053262744140625 elapsed=448s
progress: nodes=6,180,000,000 tested=0 found=0 n=683824732455136083984375 elapsed=449s
progress: nodes=6,190,000,000 tested=0 found=0 n=25489688569775390625 elapsed=449s
progress: nodes=6,200,000,000 tested=0 found=0 n=447232694174664111328125 elapsed=450s
progress: nodes=6,210,000,000 tested=0 found=0 n=934561074709605615234375 elapsed=450s
progress: nodes=6,220,000,000 tested=0 found=0 n=227503052244354345703125 elapsed=451s
progress: nodes=6,230,000,000 tested=0 found=0 n=211244550980745556640625 elapsed=451s
progress: nodes=6,240,000,000 tested=0 found=0 n=433011329487289013671875 elapsed=452s
progress: nodes=6,250,000,000 tested=0 found=0 n=596289110021110693359375 elapsed=452s
progress: nodes=6,260,000,000 tested=0 found=0 n=690608022843909228515625 elapsed=453s
progress: nodes=6,270,000,000 tested=0 found=0 n=56409255519812548828125 elapsed=453s
progress: nodes=6,280,000,000 tested=0 found=0 n=117258494257351904296875 elapsed=454s
progress: nodes=6,290,000,000 tested=0 found=0 n=24379911927208154296875 elapsed=454s
progress: nodes=6,300,000,000 tested=0 found=0 n=2264825036620166015625 elapsed=455s
progress: nodes=6,310,000,000 tested=0 found=0 n=371073908236671240234375 elapsed=455s
progress: nodes=6,320,000,000 tested=0 found=0 n=987019898468131787109375 elapsed=456s
progress: nodes=6,330,000,000 tested=0 found=0 n=825740304699127001953125 elapsed=457s
progress: nodes=6,340,000,000 tested=0 found=0 n=292079667942705029296875 elapsed=458s
progress: nodes=6,350,000,000 tested=0 found=0 n=948271061941566357421875 elapsed=459s
progress: nodes=6,360,000,000 tested=0 found=0 n=684830605092398583984375 elapsed=459s
progress: nodes=6,370,000,000 tested=0 found=0 n=726105619210517724609375 elapsed=460s
progress: nodes=6,380,000,000 tested=0 found=0 n=52539425132373046875 elapsed=461s
progress: nodes=6,390,000,000 tested=0 found=0 n=785308147167992724609375 elapsed=462s
progress: nodes=6,400,000,000 tested=0 found=0 n=586811235520310595703125 elapsed=463s
progress: nodes=6,410,000,000 tested=0 found=0 n=794000379277246435546875 elapsed=463s
progress: nodes=6,420,000,000 tested=0 found=0 n=771601992010570751953125 elapsed=464s
progress: nodes=6,430,000,000 tested=0 found=0 n=704260379697074853515625 elapsed=465s
progress: nodes=6,440,000,000 tested=0 found=0 n=732066188180741162109375 elapsed=466s
progress: nodes=6,450,000,000 tested=0 found=0 n=908342952374614599609375 elapsed=467s
progress: nodes=6,460,000,000 tested=0 found=0 n=297919180828070361328125 elapsed=467s
progress: nodes=6,470,000,000 tested=0 found=0 n=805786404167998681640625 elapsed=468s
progress: nodes=6,480,000,000 tested=0 found=0 n=725346647317717236328125 elapsed=469s
progress: nodes=6,490,000,000 tested=0 found=0 n=579475478085093310546875 elapsed=470s
progress: nodes=6,500,000,000 tested=0 found=0 n=546140885735973486328125 elapsed=471s
progress: nodes=6,510,000,000 tested=0 found=0 n=303900195383316943359375 elapsed=472s
progress: nodes=6,520,000,000 tested=0 found=0 n=994822510542390673828125 elapsed=472s
progress: nodes=6,530,000,000 tested=0 found=0 n=511413049688103076171875 elapsed=473s
progress: nodes=6,540,000,000 tested=0 found=0 n=841928213840364697265625 elapsed=474s
progress: nodes=6,550,000,000 tested=0 found=0 n=254154810134427685546875 elapsed=475s
progress: nodes=6,560,000,000 tested=0 found=0 n=386411067741743994140625 elapsed=476s
progress: nodes=6,570,000,000 tested=0 found=0 n=417383099365744189453125 elapsed=477s
progress: nodes=6,580,000,000 tested=0 found=0 n=993757960613913427734375 elapsed=477s
progress: nodes=6,590,000,000 tested=0 found=0 n=316719668895218408203125 elapsed=478s
progress: nodes=6,600,000,000 tested=0 found=0 n=333829263604061572265625 elapsed=479s
progress: nodes=6,610,000,000 tested=0 found=0 n=115460479890185595703125 elapsed=480s
progress: nodes=6,620,000,000 tested=0 found=0 n=1141260027691259765625 elapsed=480s
progress: nodes=6,630,000,000 tested=0 found=0 n=683658113677344873046875 elapsed=481s
progress: nodes=6,640,000,000 tested=0 found=0 n=822736835773255224609375 elapsed=482s
progress: nodes=6,650,000,000 tested=0 found=0 n=949624831667913720703125 elapsed=483s
progress: nodes=6,660,000,000 tested=0 found=0 n=509974895934884912109375 elapsed=483s
progress: nodes=6,670,000,000 tested=0 found=0 n=170599664164271630859375 elapsed=484s
progress: nodes=6,680,000,000 tested=0 found=0 n=925706825599919384765625 elapsed=485s
progress: nodes=6,690,000,000 tested=0 found=0 n=329999751703013232421875 elapsed=486s
progress: nodes=6,700,000,000 tested=0 found=0 n=389541782708692236328125 elapsed=487s
progress: nodes=6,710,000,000 tested=0 found=0 n=44015407895361328125 elapsed=488s
progress: nodes=6,720,000,000 tested=0 found=0 n=573616935366264111328125 elapsed=488s
progress: nodes=6,730,000,000 tested=0 found=0 n=548453170850021923828125 elapsed=489s
progress: nodes=6,740,000,000 tested=0 found=0 n=561032339684468408203125 elapsed=490s
progress: nodes=6,750,000,000 tested=0 found=0 n=638485060127320751953125 elapsed=491s
progress: nodes=6,760,000,000 tested=0 found=0 n=96838842416468701171875 elapsed=492s
progress: nodes=6,770,000,000 tested=0 found=0 n=210661971599429150390625 elapsed=493s
progress: nodes=6,780,000,000 tested=0 found=0 n=196655788773114111328125 elapsed=494s
progress: nodes=6,790,000,000 tested=0 found=0 n=236768288097244189453125 elapsed=494s
progress: nodes=6,800,000,000 tested=0 found=0 n=556894774315503955078125 elapsed=495s
progress: nodes=6,810,000,000 tested=0 found=0 n=202112430749862158203125 elapsed=496s
progress: nodes=6,820,000,000 tested=0 found=0 n=123140012143879541015625 elapsed=497s
progress: nodes=6,830,000,000 tested=0 found=0 n=234745813929650830078125 elapsed=498s
progress: nodes=6,840,000,000 tested=0 found=0 n=761259545474745556640625 elapsed=499s
progress: nodes=6,850,000,000 tested=0 found=0 n=76408535948086083984375 elapsed=500s
progress: nodes=6,860,000,000 tested=0 found=0 n=112621992191006689453125 elapsed=501s
progress: nodes=6,870,000,000 tested=0 found=0 n=64876770262718408203125 elapsed=502s
progress: nodes=6,880,000,000 tested=0 found=0 n=67388837479971533203125 elapsed=502s
progress: nodes=6,890,000,000 tested=0 found=0 n=294364919901126416015625 elapsed=503s
progress: nodes=6,900,000,000 tested=0 found=0 n=475049054216952099609375 elapsed=504s
progress: nodes=6,910,000,000 tested=0 found=0 n=970675016191925830078125 elapsed=505s
progress: nodes=6,920,000,000 tested=0 found=0 n=891144226425939404296875 elapsed=505s
progress: nodes=6,930,000,000 tested=0 found=0 n=541077435408011865234375 elapsed=506s
progress: nodes=6,940,000,000 tested=0 found=0 n=849391682231247216796875 elapsed=507s
progress: nodes=6,950,000,000 tested=0 found=0 n=856159122326655615234375 elapsed=508s
progress: nodes=6,960,000,000 tested=0 found=0 n=349596000403046044921875 elapsed=509s
progress: nodes=6,970,000,000 tested=0 found=0 n=433739024468643017578125 elapsed=510s
progress: nodes=6,980,000,000 tested=0 found=0 n=333334706946472998046875 elapsed=510s
progress: nodes=6,990,000,000 tested=0 found=0 n=287643504046757373046875 elapsed=511s
progress: nodes=7,000,000,000 tested=0 found=0 n=746672957857278662109375 elapsed=512s
progress: nodes=7,010,000,000 tested=0 found=0 n=852446592940450634765625 elapsed=513s
progress: nodes=7,020,000,000 tested=0 found=0 n=234106867048032275390625 elapsed=514s
progress: nodes=7,030,000,000 tested=0 found=0 n=151473730888836767578125 elapsed=515s
progress: nodes=7,040,000,000 tested=0 found=0 n=94579791124250537109375 elapsed=516s
progress: nodes=7,050,000,000 tested=0 found=0 n=54516585908671728515625 elapsed=517s
progress: nodes=7,060,000,000 tested=0 found=0 n=879662657582525537109375 elapsed=517s
progress: nodes=7,070,000,000 tested=0 found=0 n=256405600115592333984375 elapsed=518s
progress: nodes=7,080,000,000 tested=0 found=0 n=59256306843698876953125 elapsed=519s
progress: nodes=7,090,000,000 tested=0 found=0 n=83260065268540576171875 elapsed=520s
progress: nodes=7,100,000,000 tested=0 found=0 n=209197288934261865234375 elapsed=521s
progress: nodes=7,110,000,000 tested=0 found=0 n=328500142776822802734375 elapsed=522s
progress: nodes=7,120,000,000 tested=0 found=0 n=30452465943714404296875 elapsed=523s
progress: nodes=7,130,000,000 tested=0 found=0 n=248247225980509423828125 elapsed=523s
progress: nodes=7,140,000,000 tested=0 found=0 n=160118368666552734375 elapsed=524s
progress: nodes=7,150,000,000 tested=0 found=0 n=520980501546330615234375 elapsed=525s
progress: nodes=7,160,000,000 tested=0 found=0 n=478110956048523779296875 elapsed=525s
progress: nodes=7,170,000,000 tested=0 found=0 n=176385736154175146484375 elapsed=526s
progress: nodes=7,180,000,000 tested=0 found=0 n=679992885756020361328125 elapsed=527s
progress: nodes=7,190,000,000 tested=0 found=0 n=188832635570564794921875 elapsed=528s
progress: nodes=7,200,000,000 tested=0 found=0 n=249177814574504443359375 elapsed=529s
progress: nodes=7,210,000,000 tested=0 found=0 n=136087267507321142578125 elapsed=530s
progress: nodes=7,220,000,000 tested=0 found=0 n=58852627103425927734375 elapsed=531s
progress: nodes=7,230,000,000 tested=0 found=0 n=123346758743503271484375 elapsed=532s
progress: nodes=7,240,000,000 tested=0 found=0 n=26207000834881494140625 elapsed=532s
progress: nodes=7,250,000,000 tested=0 found=0 n=176766082145543994140625 elapsed=533s
progress: nodes=7,260,000,000 tested=0 found=0 n=735333154499248388671875 elapsed=534s
progress: nodes=7,270,000,000 tested=0 found=0 n=821293737380563330078125 elapsed=535s
progress: nodes=7,280,000,000 tested=0 found=0 n=9382409950744482421875 elapsed=535s
progress: nodes=7,290,000,000 tested=0 found=0 n=117174544549890966796875 elapsed=536s
progress: nodes=7,300,000,000 tested=0 found=0 n=848993611128672802734375 elapsed=537s
progress: nodes=7,310,000,000 tested=0 found=0 n=712335827144825830078125 elapsed=537s
progress: nodes=7,320,000,000 tested=0 found=0 n=428698998699510205078125 elapsed=538s
progress: nodes=7,330,000,000 tested=0 found=0 n=279002837179029345703125 elapsed=539s
progress: nodes=7,340,000,000 tested=0 found=0 n=253846074768122607421875 elapsed=540s
progress: nodes=7,350,000,000 tested=0 found=0 n=277989856540348681640625 elapsed=541s
progress: nodes=7,360,000,000 tested=0 found=0 n=601610042390840478515625 elapsed=542s
progress: nodes=7,370,000,000 tested=0 found=0 n=456152965962238330078125 elapsed=543s
progress: nodes=7,380,000,000 tested=0 found=0 n=321307137992181591796875 elapsed=543s
progress: nodes=7,390,000,000 tested=0 found=0 n=418427159200110498046875 elapsed=544s
progress: nodes=7,400,000,000 tested=0 found=0 n=41993417848416357421875 elapsed=545s
progress: nodes=7,410,000,000 tested=0 found=0 n=20097897558251953125 elapsed=546s
progress: nodes=7,420,000,000 tested=0 found=0 n=8205263505840966796875 elapsed=546s
progress: nodes=7,430,000,000 tested=0 found=0 n=469874938973250439453125 elapsed=547s
progress: nodes=7,440,000,000 tested=0 found=0 n=141198288383519677734375 elapsed=548s
progress: nodes=7,450,000,000 tested=0 found=0 n=511908595454657666015625 elapsed=548s
progress: nodes=7,460,000,000 tested=0 found=0 n=339030230194163525390625 elapsed=549s
progress: nodes=7,470,000,000 tested=0 found=0 n=404470913445661083984375 elapsed=550s
progress: nodes=7,480,000,000 tested=0 found=0 n=141095298515055322265625 elapsed=551s
progress: nodes=7,490,000,000 tested=0 found=0 n=273629643265136279296875 elapsed=552s
progress: nodes=7,500,000,000 tested=0 found=0 n=698240305144838818359375 elapsed=552s
progress: nodes=7,510,000,000 tested=0 found=0 n=39705751368454541015625 elapsed=553s
progress: nodes=7,520,000,000 tested=0 found=0 n=262756612095024755859375 elapsed=554s
progress: nodes=7,530,000,000 tested=0 found=0 n=136393646518133935546875 elapsed=555s
progress: nodes=7,540,000,000 tested=0 found=0 n=772342600505102197265625 elapsed=555s
progress: nodes=7,550,000,000 tested=0 found=0 n=676914450345745458984375 elapsed=556s
progress: nodes=7,560,000,000 tested=0 found=0 n=750647957770949560546875 elapsed=556s
progress: nodes=7,570,000,000 tested=0 found=0 n=335367724872069873046875 elapsed=557s
progress: nodes=7,580,000,000 tested=0 found=0 n=934923067966363916015625 elapsed=557s
progress: nodes=7,590,000,000 tested=0 found=0 n=315811675994881787109375 elapsed=558s
progress: nodes=7,600,000,000 tested=0 found=0 n=453101910950545458984375 elapsed=558s
progress: nodes=7,610,000,000 tested=0 found=0 n=256308571761786181640625 elapsed=559s
progress: nodes=7,620,000,000 tested=0 found=0 n=693377323036121923828125 elapsed=559s
progress: nodes=7,630,000,000 tested=0 found=0 n=426623648895497607421875 elapsed=560s
progress: nodes=7,640,000,000 tested=0 found=0 n=533307600459771826171875 elapsed=560s
progress: nodes=7,650,000,000 tested=0 found=0 n=453031832492614306640625 elapsed=560s
progress: nodes=7,660,000,000 tested=0 found=0 n=772127408048572119140625 elapsed=561s
progress: nodes=7,670,000,000 tested=0 found=0 n=913678414185182666015625 elapsed=561s
progress: nodes=7,680,000,000 tested=0 found=0 n=956415328485299853515625 elapsed=562s
progress: nodes=7,690,000,000 tested=0 found=0 n=884280106023227197265625 elapsed=562s
progress: nodes=7,700,000,000 tested=0 found=0 n=999176726966125927734375 elapsed=563s
progress: nodes=7,710,000,000 tested=0 found=0 n=714264228418548486328125 elapsed=564s
progress: nodes=7,720,000,000 tested=0 found=0 n=728718354706874560546875 elapsed=565s
progress: nodes=7,730,000,000 tested=0 found=0 n=66212448449840478515625 elapsed=566s
progress: nodes=7,740,000,000 tested=0 found=0 n=287932205354438818359375 elapsed=566s
progress: nodes=7,750,000,000 tested=0 found=0 n=311286445355395166015625 elapsed=567s
progress: nodes=7,760,000,000 tested=0 found=0 n=32989449667671533203125 elapsed=568s
progress: nodes=7,770,000,000 tested=0 found=0 n=160913972077073291015625 elapsed=569s
progress: nodes=7,780,000,000 tested=0 found=0 n=413958480146958837890625 elapsed=569s
progress: nodes=7,790,000,000 tested=0 found=0 n=8828396209256982421875 elapsed=570s
progress: nodes=7,800,000,000 tested=0 found=0 n=4522710720274072265625 elapsed=571s
progress: nodes=7,810,000,000 tested=0 found=0 n=593574705156586083984375 elapsed=571s
progress: nodes=7,820,000,000 tested=0 found=0 n=150821765816647119140625 elapsed=572s
progress: nodes=7,830,000,000 tested=0 found=0 n=672175605842519091796875 elapsed=573s
progress: nodes=7,840,000,000 tested=0 found=0 n=463861968462581103515625 elapsed=574s
progress: nodes=7,850,000,000 tested=0 found=0 n=23425678781821435546875 elapsed=575s
progress: nodes=7,860,000,000 tested=0 found=0 n=233986073927497705078125 elapsed=575s
progress: nodes=7,870,000,000 tested=0 found=0 n=832651347438287548828125 elapsed=576s
progress: nodes=7,880,000,000 tested=0 found=0 n=778564145604380419921875 elapsed=577s
progress: nodes=7,890,000,000 tested=0 found=0 n=351559093184074658203125 elapsed=577s
progress: nodes=7,900,000,000 tested=0 found=0 n=10217144158256396484375 elapsed=578s
progress: nodes=7,910,000,000 tested=0 found=0 n=87677485015202783203125 elapsed=579s
progress: nodes=7,920,000,000 tested=0 found=0 n=47716957088896142578125 elapsed=579s
progress: nodes=7,930,000,000 tested=0 found=0 n=95184994151031298828125 elapsed=580s
progress: nodes=7,940,000,000 tested=0 found=0 n=755736839448352001953125 elapsed=581s
progress: nodes=7,950,000,000 tested=0 found=0 n=11902799841200830078125 elapsed=581s
progress: nodes=7,960,000,000 tested=0 found=0 n=7767059241232470703125 elapsed=582s
progress: nodes=7,970,000,000 tested=0 found=0 n=478794147181012646484375 elapsed=583s
progress: nodes=7,980,000,000 tested=0 found=0 n=775037313000573779296875 elapsed=583s
progress: nodes=7,990,000,000 tested=0 found=0 n=356525380786147412109375 elapsed=584s
progress: nodes=8,000,000,000 tested=0 found=0 n=557760758626169970703125 elapsed=585s
progress: nodes=8,010,000,000 tested=0 found=0 n=905296667633048291015625 elapsed=585s
progress: nodes=8,020,000,000 tested=0 found=0 n=403521862776115576171875 elapsed=586s
progress: nodes=8,030,000,000 tested=0 found=0 n=2044167104141162109375 elapsed=587s
progress: nodes=8,040,000,000 tested=0 found=0 n=437789865121554052734375 elapsed=587s
progress: nodes=8,050,000,000 tested=0 found=0 n=16448135330577685546875 elapsed=588s
progress: nodes=8,060,000,000 tested=0 found=0 n=263612808987909814453125 elapsed=589s
progress: nodes=8,070,000,000 tested=0 found=0 n=714401983621580419921875 elapsed=589s
progress: nodes=8,080,000,000 tested=0 found=0 n=783055375470812841796875 elapsed=590s
progress: nodes=8,090,000,000 tested=0 found=0 n=810238614562327001953125 elapsed=591s
progress: nodes=8,100,000,000 tested=0 found=0 n=358230810729504931640625 elapsed=591s
progress: nodes=8,110,000,000 tested=0 found=0 n=767570796756322412109375 elapsed=592s
progress: nodes=8,120,000,000 tested=0 found=0 n=844155917832913916015625 elapsed=593s
progress: nodes=8,130,000,000 tested=0 found=0 n=259481992560751611328125 elapsed=593s
progress: nodes=8,140,000,000 tested=0 found=0 n=336604020020295849609375 elapsed=593s
progress: nodes=8,150,000,000 tested=0 found=0 n=444270607203087451171875 elapsed=594s
progress: nodes=8,160,000,000 tested=0 found=0 n=81136514310020654296875 elapsed=594s
progress: nodes=8,170,000,000 tested=0 found=0 n=25866433411529443359375 elapsed=595s
progress: nodes=8,180,000,000 tested=0 found=0 n=161532889201741845703125 elapsed=595s
progress: nodes=8,190,000,000 tested=0 found=0 n=361649452981678271484375 elapsed=596s
progress: nodes=8,200,000,000 tested=0 found=0 n=128914237876910595703125 elapsed=596s
progress: nodes=8,210,000,000 tested=0 found=0 n=123752010669519873046875 elapsed=597s
progress: nodes=8,220,000,000 tested=0 found=0 n=141551932762214501953125 elapsed=598s
progress: nodes=8,230,000,000 tested=0 found=0 n=920673203299609716796875 elapsed=598s
progress: nodes=8,240,000,000 tested=0 found=0 n=851397014761484912109375 elapsed=599s
progress: nodes=8,250,000,000 tested=0 found=0 n=978840819411716748046875 elapsed=600s
progress: nodes=8,260,000,000 tested=0 found=0 n=3246586603760595703125 elapsed=600s
progress: nodes=8,270,000,000 tested=0 found=0 n=485010532369538232421875 elapsed=601s
progress: nodes=8,280,000,000 tested=0 found=0 n=756451649858330712890625 elapsed=602s
progress: nodes=8,290,000,000 tested=0 found=0 n=848742988274432958984375 elapsed=603s
progress: nodes=8,300,000,000 tested=0 found=0 n=977422399642878369140625 elapsed=604s
progress: nodes=8,310,000,000 tested=0 found=0 n=497035419547489306640625 elapsed=604s
progress: nodes=8,320,000,000 tested=0 found=0 n=537507317314725146484375 elapsed=605s
progress: nodes=8,330,000,000 tested=0 found=0 n=985000565172535693359375 elapsed=605s
progress: nodes=8,340,000,000 tested=0 found=0 n=410000396940380859375 elapsed=606s
progress: nodes=8,350,000,000 tested=0 found=0 n=213789287257943701171875 elapsed=607s
progress: nodes=8,360,000,000 tested=0 found=0 n=907122428433806689453125 elapsed=608s
progress: nodes=8,370,000,000 tested=0 found=0 n=123285696216158642578125 elapsed=608s
progress: nodes=8,380,000,000 tested=0 found=0 n=394430874453029736328125 elapsed=609s
progress: nodes=8,390,000,000 tested=0 found=0 n=330567470137604150390625 elapsed=610s
progress: nodes=8,400,000,000 tested=0 found=0 n=885508060088050341796875 elapsed=611s
progress: nodes=8,410,000,000 tested=0 found=0 n=47787908891915185546875 elapsed=612s
progress: nodes=8,420,000,000 tested=0 found=0 n=726454546933316455078125 elapsed=612s
progress: nodes=8,430,000,000 tested=0 found=0 n=530921280574968896484375 elapsed=613s
progress: nodes=8,440,000,000 tested=0 found=0 n=963400295143419287109375 elapsed=614s
progress: nodes=8,450,000,000 tested=0 found=0 n=5504105109737841796875 elapsed=615s
progress: nodes=8,460,000,000 tested=0 found=0 n=581795809553502099609375 elapsed=616s
progress: nodes=8,470,000,000 tested=0 found=0 n=444962323789709619140625 elapsed=616s
progress: nodes=8,480,000,000 tested=0 found=0 n=45538640984911962890625 elapsed=617s
progress: nodes=8,490,000,000 tested=0 found=0 n=671073001204674755859375 elapsed=618s
progress: nodes=8,500,000,000 tested=0 found=0 n=680398011062610791015625 elapsed=619s
progress: nodes=8,510,000,000 tested=0 found=0 n=13329347417329248046875 elapsed=620s
progress: nodes=8,520,000,000 tested=0 found=0 n=622557417770571240234375 elapsed=620s
progress: nodes=8,530,000,000 tested=0 found=0 n=143945510550010107421875 elapsed=621s
progress: nodes=8,540,000,000 tested=0 found=0 n=41189304611692822265625 elapsed=622s
progress: nodes=8,550,000,000 tested=0 found=0 n=91103117613802587890625 elapsed=623s
progress: nodes=8,560,000,000 tested=0 found=0 n=115772704670325732421875 elapsed=624s
progress: nodes=8,570,000,000 tested=0 found=0 n=31038093688822705078125 elapsed=625s
progress: nodes=8,580,000,000 tested=0 found=0 n=97973544288148388671875 elapsed=626s
progress: nodes=8,590,000,000 tested=0 found=0 n=96126992800558740234375 elapsed=626s
progress: nodes=8,600,000,000 tested=0 found=0 n=579457365374279150390625 elapsed=627s
progress: nodes=8,610,000,000 tested=0 found=0 n=162809345457089501953125 elapsed=628s
progress: nodes=8,620,000,000 tested=0 found=0 n=491607452792452294921875 elapsed=629s
progress: nodes=8,630,000,000 tested=0 found=0 n=133568721125891748046875 elapsed=630s
progress: nodes=8,640,000,000 tested=0 found=0 n=13498512663893701171875 elapsed=631s
progress: nodes=8,650,000,000 tested=0 found=0 n=28912251774995654296875 elapsed=631s
progress: nodes=8,660,000,000 tested=0 found=0 n=196378009380706494140625 elapsed=632s
progress: nodes=8,670,000,000 tested=0 found=0 n=574553807584360693359375 elapsed=633s
progress: nodes=8,680,000,000 tested=0 found=0 n=312560072311576318359375 elapsed=633s
progress: nodes=8,690,000,000 tested=0 found=0 n=877269623527294921875 elapsed=634s
progress: nodes=8,700,000,000 tested=0 found=0 n=249189048316514208984375 elapsed=635s
progress: nodes=8,710,000,000 tested=0 found=0 n=266432321710837939453125 elapsed=636s
progress: nodes=8,720,000,000 tested=0 found=0 n=169510563420272607421875 elapsed=636s
progress: nodes=8,730,000,000 tested=0 found=0 n=944760405794576806640625 elapsed=637s
progress: nodes=8,740,000,000 tested=0 found=0 n=71275285029330908203125 elapsed=638s
progress: nodes=8,750,000,000 tested=0 found=0 n=260230942818130224609375 elapsed=639s
progress: nodes=8,760,000,000 tested=0 found=0 n=65673412022876806640625 elapsed=639s

done in 639.8s | nodes=8,763,974,467 | tested=0 | weird=0
