search v2: odd=True, N_CAP=1.00e+24, DELTA_MAX=1.0e+07, MIN_DEPTH=6
SPF shard: smallest prime factor = 3
P2 sub-shard: second prime factor = 5
P3 sub-sub-shard: third prime factor = 71
progress: nodes=10,000,000 tested=0 found=0 n=956810467492367638663575 elapsed=1s
progress: nodes=20,000,000 tested=0 found=0 n=510929955893013540275475 elapsed=1s
progress: nodes=30,000,000 tested=0 found=0 n=298501578437747739337575 elapsed=2s
progress: nodes=40,000,000 tested=0 found=0 n=300754807805460487515975 elapsed=3s
progress: nodes=50,000,000 tested=0 found=0 n=335936303883678405146175 elapsed=3s
progress: nodes=60,000,000 tested=0 found=0 n=462567872050876348850025 elapsed=4s
progress: nodes=70,000,000 tested=0 found=0 n=931562530262066142137475 elapsed=5s
progress: nodes=80,000,000 tested=0 found=0 n=723511553742964405785825 elapsed=6s
progress: nodes=90,000,000 tested=0 found=0 n=238004678625358547978325 elapsed=6s
progress: nodes=100,000,000 tested=0 found=0 n=508387506443952657048225 elapsed=7s
progress: nodes=110,000,000 tested=0 found=0 n=228860914727490703941375 elapsed=8s
progress: nodes=120,000,000 tested=0 found=0 n=938181222857742882933375 elapsed=9s
progress: nodes=130,000,000 tested=0 found=0 n=276265372959383069190375 elapsed=9s
progress: nodes=140,000,000 tested=0 found=0 n=101735888240681601368625 elapsed=10s
progress: nodes=150,000,000 tested=0 found=0 n=123739602646197831436125 elapsed=11s
progress: nodes=160,000,000 tested=0 found=0 n=45993669408423461082375 elapsed=12s
progress: nodes=170,000,000 tested=0 found=0 n=317683165966733081291625 elapsed=13s
progress: nodes=180,000,000 tested=0 found=0 n=722417668998603322377375 elapsed=14s
progress: nodes=190,000,000 tested=0 found=0 n=52429228782544135364625 elapsed=14s
progress: nodes=200,000,000 tested=0 found=0 n=58022178362786917380375 elapsed=15s
progress: nodes=210,000,000 tested=0 found=0 n=757060550339696141005125 elapsed=16s
progress: nodes=220,000,000 tested=0 found=0 n=37846955030729219535375 elapsed=17s
progress: nodes=230,000,000 tested=0 found=0 n=89528461273258695460125 elapsed=18s
progress: nodes=240,000,000 tested=0 found=0 n=26789574192287372200125 elapsed=19s
progress: nodes=250,000,000 tested=0 found=0 n=44841776484462327991125 elapsed=19s
progress: nodes=260,000,000 tested=0 found=0 n=33726052950261239833875 elapsed=20s
progress: nodes=270,000,000 tested=0 found=0 n=289037854532786403808125 elapsed=21s
progress: nodes=280,000,000 tested=0 found=0 n=783491661000159519954375 elapsed=22s
progress: nodes=290,000,000 tested=0 found=0 n=763705416120028667206875 elapsed=23s
progress: nodes=300,000,000 tested=0 found=0 n=70114670089073959100625 elapsed=23s
progress: nodes=310,000,000 tested=0 found=0 n=571746228822043834100625 elapsed=24s
progress: nodes=320,000,000 tested=0 found=0 n=280559931740289003549375 elapsed=25s
progress: nodes=330,000,000 tested=0 found=0 n=502616802850982235849375 elapsed=26s
progress: nodes=340,000,000 tested=0 found=0 n=494396027500435287699375 elapsed=26s
progress: nodes=350,000,000 tested=0 found=0 n=378077893961281365976875 elapsed=27s
progress: nodes=360,000,000 tested=0 found=0 n=246017220004031251955625 elapsed=28s
progress: nodes=370,000,000 tested=0 found=0 n=254177302871186272445625 elapsed=29s
progress: nodes=380,000,000 tested=0 found=0 n=507863117662635455679375 elapsed=29s
progress: nodes=390,000,000 tested=0 found=0 n=55964453276369920989375 elapsed=30s
progress: nodes=400,000,000 tested=0 found=0 n=184231506119271127104375 elapsed=31s
progress: nodes=410,000,000 tested=0 found=0 n=184919470740711512173125 elapsed=32s
progress: nodes=420,000,000 tested=0 found=0 n=623754996557924631965625 elapsed=32s
progress: nodes=430,000,000 tested=0 found=0 n=256214389674608076965625 elapsed=33s
progress: nodes=440,000,000 tested=0 found=0 n=664051732073611582584375 elapsed=34s
progress: nodes=450,000,000 tested=0 found=0 n=7979457350288008546875 elapsed=35s
progress: nodes=460,000,000 tested=0 found=0 n=136157579932507124883975 elapsed=35s
progress: nodes=470,000,000 tested=0 found=0 n=698431119499340985404925 elapsed=36s
progress: nodes=480,000,000 tested=0 found=0 n=227273751261767334815325 elapsed=37s
progress: nodes=490,000,000 tested=0 found=0 n=56859937863603003856575 elapsed=38s
progress: nodes=500,000,000 tested=0 found=0 n=388351380647189109238425 elapsed=39s
progress: nodes=510,000,000 tested=0 found=0 n=72545661733496455968525 elapsed=39s
progress: nodes=520,000,000 tested=0 found=0 n=102318768817395145533675 elapsed=40s
progress: nodes=530,000,000 tested=0 found=0 n=70139215347235473903075 elapsed=41s
progress: nodes=540,000,000 tested=0 found=0 n=94965138680377434814575 elapsed=42s
progress: nodes=550,000,000 tested=0 found=0 n=221584448068595090718975 elapsed=43s
progress: nodes=560,000,000 tested=0 found=0 n=342759095426162187384075 elapsed=44s
progress: nodes=570,000,000 tested=0 found=0 n=49189022521336743150825 elapsed=44s
progress: nodes=580,000,000 tested=0 found=0 n=434122776506879426090925 elapsed=45s
progress: nodes=590,000,000 tested=0 found=0 n=88772776117787579945175 elapsed=46s
progress: nodes=600,000,000 tested=0 found=0 n=8351120978072680023225 elapsed=47s
progress: nodes=610,000,000 tested=0 found=0 n=52938658138773461427225 elapsed=48s
progress: nodes=620,000,000 tested=0 found=0 n=849861425462402404314225 elapsed=49s
progress: nodes=630,000,000 tested=0 found=0 n=722971955840819384270925 elapsed=49s
progress: nodes=640,000,000 tested=0 found=0 n=862475464856913906523725 elapsed=50s
progress: nodes=650,000,000 tested=0 found=0 n=421544040681198791820825 elapsed=51s
progress: nodes=660,000,000 tested=0 found=0 n=158391913489486564459725 elapsed=52s
progress: nodes=670,000,000 tested=0 found=0 n=145277042322428722749825 elapsed=53s
progress: nodes=680,000,000 tested=0 found=0 n=312613677512010639875925 elapsed=54s
progress: nodes=690,000,000 tested=0 found=0 n=674785865411998582648275 elapsed=54s
progress: nodes=700,000,000 tested=0 found=0 n=18938222569852154844075 elapsed=55s
progress: nodes=710,000,000 tested=0 found=0 n=225613860061974678457425 elapsed=56s
progress: nodes=720,000,000 tested=0 found=0 n=70146940855468704113025 elapsed=57s
progress: nodes=730,000,000 tested=0 found=0 n=5392571404740026952825 elapsed=58s
progress: nodes=740,000,000 tested=0 found=0 n=25587817269708635813925 elapsed=59s
progress: nodes=750,000,000 tested=0 found=0 n=146328415086064293020025 elapsed=59s
progress: nodes=760,000,000 tested=0 found=0 n=156933018057776472221175 elapsed=60s
progress: nodes=770,000,000 tested=0 found=0 n=122803168279894550775 elapsed=61s
progress: nodes=780,000,000 tested=0 found=0 n=57974333521354713407475 elapsed=62s
progress: nodes=790,000,000 tested=0 found=0 n=18037533537589207830975 elapsed=63s
progress: nodes=800,000,000 tested=0 found=0 n=151210069205724214433775 elapsed=64s
progress: nodes=810,000,000 tested=0 found=0 n=443012985190166516496675 elapsed=64s
progress: nodes=820,000,000 tested=0 found=0 n=580483862013913999931025 elapsed=65s
progress: nodes=830,000,000 tested=0 found=0 n=25560456834596483590425 elapsed=66s
progress: nodes=840,000,000 tested=0 found=0 n=33496674795288574323975 elapsed=67s
progress: nodes=850,000,000 tested=0 found=0 n=519804608896018990114425 elapsed=68s
progress: nodes=860,000,000 tested=0 found=0 n=410777516715604583183775 elapsed=68s
progress: nodes=870,000,000 tested=0 found=0 n=136693407649717942016625 elapsed=69s
progress: nodes=880,000,000 tested=0 found=0 n=155629184498470698582375 elapsed=70s
progress: nodes=890,000,000 tested=0 found=0 n=616923384020081141025375 elapsed=70s
progress: nodes=900,000,000 tested=0 found=0 n=199307222414201941493625 elapsed=71s
progress: nodes=910,000,000 tested=0 found=0 n=258787373579323431377625 elapsed=72s
progress: nodes=920,000,000 tested=0 found=0 n=791525319804609506789625 elapsed=72s
progress: nodes=930,000,000 tested=0 found=0 n=299279611131958578394125 elapsed=73s
progress: nodes=940,000,000 tested=0 found=0 n=839254361713838040495375 elapsed=74s
progress: nodes=950,000,000 tested=0 found=0 n=504614473714447791989625 elapsed=74s
progress: nodes=960,000,000 tested=0 found=0 n=769399681373450131555125 elapsed=75s
progress: nodes=970,000,000 tested=0 found=0 n=768622387446231199637625 elapsed=76s
progress: nodes=980,000,000 tested=0 found=0 n=993622858650049344139125 elapsed=77s
progress: nodes=990,000,000 tested=0 found=0 n=397947424051095016523625 elapsed=77s
progress: nodes=1,000,000,000 tested=0 found=0 n=652671985430677098877875 elapsed=78s
progress: nodes=1,010,000,000 tested=0 found=0 n=946691559698484354253875 elapsed=79s
progress: nodes=1,020,000,000 tested=0 found=0 n=759026558892906088027875 elapsed=79s
progress: nodes=1,030,000,000 tested=0 found=0 n=474642233208882722791125 elapsed=80s
progress: nodes=1,040,000,000 tested=0 found=0 n=603774330725612973319875 elapsed=81s
progress: nodes=1,050,000,000 tested=0 found=0 n=913946798923434167625 elapsed=82s
progress: nodes=1,060,000,000 tested=0 found=0 n=97740566212891848004125 elapsed=82s
progress: nodes=1,070,000,000 tested=0 found=0 n=75842262433637188833375 elapsed=83s
progress: nodes=1,080,000,000 tested=0 found=0 n=218957813131558559209875 elapsed=84s
progress: nodes=1,090,000,000 tested=0 found=0 n=765440893872812195562375 elapsed=84s
progress: nodes=1,100,000,000 tested=0 found=0 n=2360633685168480841125 elapsed=85s
progress: nodes=1,110,000,000 tested=0 found=0 n=549089443202725523887875 elapsed=86s
progress: nodes=1,120,000,000 tested=0 found=0 n=1626380980209572583375 elapsed=87s
progress: nodes=1,130,000,000 tested=0 found=0 n=898005080196236525290875 elapsed=87s
progress: nodes=1,140,000,000 tested=0 found=0 n=563913269872329048465375 elapsed=88s
progress: nodes=1,150,000,000 tested=0 found=0 n=945324094272002992999125 elapsed=89s
progress: nodes=1,160,000,000 tested=0 found=0 n=598328873169424563558375 elapsed=89s
progress: nodes=1,170,000,000 tested=0 found=0 n=377576019332702576884125 elapsed=90s
progress: nodes=1,180,000,000 tested=0 found=0 n=855088506111182448250125 elapsed=91s
progress: nodes=1,190,000,000 tested=0 found=0 n=532350395013881775614625 elapsed=92s
progress: nodes=1,200,000,000 tested=0 found=0 n=504290145543477308267625 elapsed=92s
progress: nodes=1,210,000,000 tested=0 found=0 n=979732043563643442833625 elapsed=93s
progress: nodes=1,220,000,000 tested=0 found=0 n=493237820820188587543875 elapsed=94s
progress: nodes=1,230,000,000 tested=0 found=0 n=686419713401905171819125 elapsed=95s
progress: nodes=1,240,000,000 tested=0 found=0 n=316834527604592971965375 elapsed=95s
progress: nodes=1,250,000,000 tested=0 found=0 n=906159256940014178614875 elapsed=96s
progress: nodes=1,260,000,000 tested=0 found=0 n=641576210692012821284625 elapsed=97s
progress: nodes=1,270,000,000 tested=0 found=0 n=714550506500892257627625 elapsed=97s
progress: nodes=1,280,000,000 tested=0 found=0 n=432343246537792817670375 elapsed=98s
progress: nodes=1,290,000,000 tested=0 found=0 n=998342648898926707756125 elapsed=99s
progress: nodes=1,300,000,000 tested=0 found=0 n=660321421409721014650125 elapsed=100s
progress: nodes=1,310,000,000 tested=0 found=0 n=6214360631334072229125 elapsed=100s
progress: nodes=1,320,000,000 tested=0 found=0 n=685202491734885241403625 elapsed=101s
progress: nodes=1,330,000,000 tested=0 found=0 n=590211021515539324807125 elapsed=102s
progress: nodes=1,340,000,000 tested=0 found=0 n=395319624803414226651375 elapsed=103s
progress: nodes=1,350,000,000 tested=0 found=0 n=182909385087623807992875 elapsed=103s
progress: nodes=1,360,000,000 tested=0 found=0 n=205846381498643552476125 elapsed=104s
progress: nodes=1,370,000,000 tested=0 found=0 n=169149507402924774682875 elapsed=105s
progress: nodes=1,380,000,000 tested=0 found=0 n=484245296585254127395125 elapsed=106s
progress: nodes=1,390,000,000 tested=0 found=0 n=836056384673585762757375 elapsed=106s
progress: nodes=1,400,000,000 tested=0 found=0 n=246966735391981485019875 elapsed=107s
progress: nodes=1,410,000,000 tested=0 found=0 n=590084792163081345952125 elapsed=108s
progress: nodes=1,420,000,000 tested=0 found=0 n=958497733297847177382375 elapsed=108s
progress: nodes=1,430,000,000 tested=0 found=0 n=341769512905298680926375 elapsed=109s
progress: nodes=1,440,000,000 tested=0 found=0 n=814254297407312716328625 elapsed=110s
progress: nodes=1,450,000,000 tested=0 found=0 n=199725045709374331664625 elapsed=111s
progress: nodes=1,460,000,000 tested=0 found=0 n=23839150388535244882125 elapsed=112s
progress: nodes=1,470,000,000 tested=0 found=0 n=21500717686921910230875 elapsed=112s
progress: nodes=1,480,000,000 tested=0 found=0 n=668656568177871410467125 elapsed=113s
progress: nodes=1,490,000,000 tested=0 found=0 n=506170665769687986081375 elapsed=114s
progress: nodes=1,500,000,000 tested=0 found=0 n=910790877430524347323875 elapsed=114s
progress: nodes=1,510,000,000 tested=0 found=0 n=40474954059223222859625 elapsed=115s
progress: nodes=1,520,000,000 tested=0 found=0 n=311198348782220327200125 elapsed=116s
progress: nodes=1,530,000,000 tested=0 found=0 n=861432719430005053027875 elapsed=117s
progress: nodes=1,540,000,000 tested=0 found=0 n=414491445054345327593625 elapsed=117s
progress: nodes=1,550,000,000 tested=0 found=0 n=787510264469288768366625 elapsed=118s
progress: nodes=1,560,000,000 tested=0 found=0 n=961116783862728053590875 elapsed=119s
progress: nodes=1,570,000,000 tested=0 found=0 n=197490542369589113167125 elapsed=120s
progress: nodes=1,580,000,000 tested=0 found=0 n=183480026803114927683375 elapsed=120s
progress: nodes=1,590,000,000 tested=0 found=0 n=471046782639864318123375 elapsed=121s
progress: nodes=1,600,000,000 tested=0 found=0 n=107973758858748541432875 elapsed=122s
progress: nodes=1,610,000,000 tested=0 found=0 n=650051307060645694060125 elapsed=123s
progress: nodes=1,620,000,000 tested=0 found=0 n=628878202839690172934625 elapsed=123s
progress: nodes=1,630,000,000 tested=0 found=0 n=630880598755686766096125 elapsed=124s
progress: nodes=1,640,000,000 tested=0 found=0 n=903773195377524231355125 elapsed=125s
progress: nodes=1,650,000,000 tested=0 found=0 n=473060362281908379112125 elapsed=125s
progress: nodes=1,660,000,000 tested=0 found=0 n=722756633839958419819875 elapsed=126s
progress: nodes=1,670,000,000 tested=0 found=0 n=454023199412197067190375 elapsed=127s
progress: nodes=1,680,000,000 tested=0 found=0 n=266823393752452517425125 elapsed=128s
progress: nodes=1,690,000,000 tested=0 found=0 n=621963728637758650803375 elapsed=129s
progress: nodes=1,700,000,000 tested=0 found=0 n=760388686095835041998625 elapsed=129s
progress: nodes=1,710,000,000 tested=0 found=0 n=235283638546020034765125 elapsed=130s
progress: nodes=1,720,000,000 tested=0 found=0 n=446942057922982121347125 elapsed=131s
progress: nodes=1,730,000,000 tested=0 found=0 n=701938512547252036405875 elapsed=132s
progress: nodes=1,740,000,000 tested=0 found=0 n=675727098954248973040875 elapsed=133s
progress: nodes=1,750,000,000 tested=0 found=0 n=464634990128338224458625 elapsed=133s
progress: nodes=1,760,000,000 tested=0 found=0 n=579570626769403248439875 elapsed=134s
progress: nodes=1,770,000,000 tested=0 found=0 n=208592199643450105769625 elapsed=135s
progress: nodes=1,780,000,000 tested=0 found=0 n=976389501986481212440875 elapsed=136s
progress: nodes=1,790,000,000 tested=0 found=0 n=269156045628536711625 elapsed=137s
progress: nodes=1,800,000,000 tested=0 found=0 n=185264586193436861198625 elapsed=137s
progress: nodes=1,810,000,000 tested=0 found=0 n=839022499416584997628875 elapsed=138s
progress: nodes=1,820,000,000 tested=0 found=0 n=794135958115296146920875 elapsed=139s
progress: nodes=1,830,000,000 tested=0 found=0 n=756180282936188212210125 elapsed=140s
progress: nodes=1,840,000,000 tested=0 found=0 n=683476674271153636681125 elapsed=140s
progress: nodes=1,850,000,000 tested=0 found=0 n=567849936636606640588875 elapsed=141s
progress: nodes=1,860,000,000 tested=0 found=0 n=104232027688770633937875 elapsed=142s
progress: nodes=1,870,000,000 tested=0 found=0 n=539859376068085382981625 elapsed=143s
progress: nodes=1,880,000,000 tested=0 found=0 n=503571878958315984735375 elapsed=144s
progress: nodes=1,890,000,000 tested=0 found=0 n=834068606128046552955375 elapsed=144s
progress: nodes=1,900,000,000 tested=0 found=0 n=242412373145734319971125 elapsed=145s
progress: nodes=1,910,000,000 tested=0 found=0 n=664491114916640160724125 elapsed=146s
progress: nodes=1,920,000,000 tested=0 found=0 n=210271750712253346694625 elapsed=147s
progress: nodes=1,930,000,000 tested=0 found=0 n=563494948225410770906625 elapsed=148s
progress: nodes=1,940,000,000 tested=0 found=0 n=305697604457535457721625 elapsed=148s
progress: nodes=1,950,000,000 tested=0 found=0 n=675780577617803423839875 elapsed=149s
progress: nodes=1,960,000,000 tested=0 found=0 n=462118522227583687300125 elapsed=150s
progress: nodes=1,970,000,000 tested=0 found=0 n=870762092838526685455875 elapsed=151s
progress: nodes=1,980,000,000 tested=0 found=0 n=709638286996559478805875 elapsed=151s
progress: nodes=1,990,000,000 tested=0 found=0 n=229455142830924077667375 elapsed=152s
progress: nodes=2,000,000,000 tested=0 found=0 n=170455491968354566941375 elapsed=153s
progress: nodes=2,010,000,000 tested=0 found=0 n=376443503217065435475375 elapsed=154s
progress: nodes=2,020,000,000 tested=0 found=0 n=404525931660327538702125 elapsed=155s
progress: nodes=2,030,000,000 tested=0 found=0 n=191192169266808817091625 elapsed=155s
progress: nodes=2,040,000,000 tested=0 found=0 n=654070306383764312052375 elapsed=156s
progress: nodes=2,050,000,000 tested=0 found=0 n=853866287031599160116625 elapsed=157s
progress: nodes=2,060,000,000 tested=0 found=0 n=282055894988296543131375 elapsed=158s
progress: nodes=2,070,000,000 tested=0 found=0 n=12282660048869066557125 elapsed=159s
progress: nodes=2,080,000,000 tested=0 found=0 n=915078028254672466074375 elapsed=160s
progress: nodes=2,090,000,000 tested=0 found=0 n=438127165421018074704375 elapsed=160s
progress: nodes=2,100,000,000 tested=0 found=0 n=108181981128754041530625 elapsed=161s
progress: nodes=2,110,000,000 tested=0 found=0 n=10825535283503231019375 elapsed=162s
progress: nodes=2,120,000,000 tested=0 found=0 n=6268758856078106131875 elapsed=162s
progress: nodes=2,130,000,000 tested=0 found=0 n=54325296940246945093125 elapsed=163s
progress: nodes=2,140,000,000 tested=0 found=0 n=10831676991547494031875 elapsed=164s
progress: nodes=2,150,000,000 tested=0 found=0 n=13765126439816792116875 elapsed=165s
progress: nodes=2,160,000,000 tested=0 found=0 n=843396404657151200923125 elapsed=165s
progress: nodes=2,170,000,000 tested=0 found=0 n=8031097066609469525625 elapsed=166s
progress: nodes=2,180,000,000 tested=0 found=0 n=597710120733056531570625 elapsed=167s
progress: nodes=2,190,000,000 tested=0 found=0 n=7921199704624834156875 elapsed=167s
progress: nodes=2,200,000,000 tested=0 found=0 n=511810319177294627626875 elapsed=168s
progress: nodes=2,210,000,000 tested=0 found=0 n=772275634993688993994375 elapsed=169s
progress: nodes=2,220,000,000 tested=0 found=0 n=792098524723663986463125 elapsed=169s
progress: nodes=2,230,000,000 tested=0 found=0 n=789880851762113944018125 elapsed=170s
progress: nodes=2,240,000,000 tested=0 found=0 n=604420703608137396024375 elapsed=171s
progress: nodes=2,250,000,000 tested=0 found=0 n=287873695321769945143125 elapsed=171s
progress: nodes=2,260,000,000 tested=0 found=0 n=398999417461193581295625 elapsed=172s
progress: nodes=2,270,000,000 tested=0 found=0 n=262076913463134274385625 elapsed=173s
progress: nodes=2,280,000,000 tested=0 found=0 n=815955480835361059595625 elapsed=174s
progress: nodes=2,290,000,000 tested=0 found=0 n=577875110493908944558125 elapsed=174s
progress: nodes=2,300,000,000 tested=0 found=0 n=638872160234019448258125 elapsed=175s
progress: nodes=2,310,000,000 tested=0 found=0 n=637300935047307826873125 elapsed=176s
progress: nodes=2,320,000,000 tested=0 found=0 n=404613755652813164881875 elapsed=177s
progress: nodes=2,330,000,000 tested=0 found=0 n=143397158878590741208125 elapsed=177s
progress: nodes=2,340,000,000 tested=0 found=0 n=69338128090861484746875 elapsed=178s
progress: nodes=2,350,000,000 tested=0 found=0 n=943668721674528091678125 elapsed=179s
progress: nodes=2,360,000,000 tested=0 found=0 n=86468180010977821303125 elapsed=180s
progress: nodes=2,370,000,000 tested=0 found=0 n=93910203826323920353125 elapsed=181s
progress: nodes=2,380,000,000 tested=0 found=0 n=32913591593126716940625 elapsed=182s
progress: nodes=2,390,000,000 tested=0 found=0 n=214748483844939253396875 elapsed=183s
progress: nodes=2,400,000,000 tested=0 found=0 n=123965728697890940625 elapsed=183s
progress: nodes=2,410,000,000 tested=0 found=0 n=13847036333064385809375 elapsed=184s
progress: nodes=2,420,000,000 tested=0 found=0 n=323492304185518362046875 elapsed=185s
progress: nodes=2,430,000,000 tested=0 found=0 n=511029071034461830828125 elapsed=186s
progress: nodes=2,440,000,000 tested=0 found=0 n=192371872925558582296875 elapsed=187s
progress: nodes=2,450,000,000 tested=0 found=0 n=142197026764857668859375 elapsed=188s
progress: nodes=2,460,000,000 tested=0 found=0 n=25266154294110891234375 elapsed=188s
progress: nodes=2,470,000,000 tested=0 found=0 n=792894472093299320859375 elapsed=189s
progress: nodes=2,480,000,000 tested=0 found=0 n=859054249635954348515625 elapsed=190s
progress: nodes=2,490,000,000 tested=0 found=0 n=685132851365872347466575 elapsed=191s
progress: nodes=2,500,000,000 tested=0 found=0 n=725149647022393510330275 elapsed=191s
progress: nodes=2,510,000,000 tested=0 found=0 n=503677654488430344031275 elapsed=192s
progress: nodes=2,520,000,000 tested=0 found=0 n=373053684473128207233225 elapsed=193s
progress: nodes=2,530,000,000 tested=0 found=0 n=383414463652005043893225 elapsed=194s
progress: nodes=2,540,000,000 tested=0 found=0 n=304387044886199648337975 elapsed=194s
progress: nodes=2,550,000,000 tested=0 found=0 n=270398623508204831306775 elapsed=195s
progress: nodes=2,560,000,000 tested=0 found=0 n=804910720584461172588675 elapsed=196s
progress: nodes=2,570,000,000 tested=0 found=0 n=778638521826256153724775 elapsed=197s
progress: nodes=2,580,000,000 tested=0 found=0 n=533962379446097893373475 elapsed=198s
progress: nodes=2,590,000,000 tested=0 found=0 n=456598941160243311253575 elapsed=198s
progress: nodes=2,600,000,000 tested=0 found=0 n=132259524108806863344825 elapsed=199s
progress: nodes=2,610,000,000 tested=0 found=0 n=281685220912302518846475 elapsed=200s
progress: nodes=2,620,000,000 tested=0 found=0 n=357228016792996891963725 elapsed=201s
progress: nodes=2,630,000,000 tested=0 found=0 n=477751215532587025071825 elapsed=202s
progress: nodes=2,640,000,000 tested=0 found=0 n=355422903733063546569675 elapsed=202s
progress: nodes=2,650,000,000 tested=0 found=0 n=865829057144614419940425 elapsed=203s
progress: nodes=2,660,000,000 tested=0 found=0 n=141960248103287934432675 elapsed=204s
progress: nodes=2,670,000,000 tested=0 found=0 n=423944880903427878994275 elapsed=205s
progress: nodes=2,680,000,000 tested=0 found=0 n=485456635664705420199675 elapsed=206s
progress: nodes=2,690,000,000 tested=0 found=0 n=334720979384208607432575 elapsed=206s
progress: nodes=2,700,000,000 tested=0 found=0 n=140358740390432930844675 elapsed=207s
progress: nodes=2,710,000,000 tested=0 found=0 n=746994833464780660422825 elapsed=208s
progress: nodes=2,720,000,000 tested=0 found=0 n=652380707677243333181175 elapsed=209s
progress: nodes=2,730,000,000 tested=0 found=0 n=510682937680054589406975 elapsed=210s
progress: nodes=2,740,000,000 tested=0 found=0 n=287715479169758815056825 elapsed=210s
progress: nodes=2,750,000,000 tested=0 found=0 n=643941050861105274705525 elapsed=211s
progress: nodes=2,760,000,000 tested=0 found=0 n=870858191777780657152575 elapsed=212s
progress: nodes=2,770,000,000 tested=0 found=0 n=538306391632339897982775 elapsed=213s
progress: nodes=2,780,000,000 tested=0 found=0 n=31000638846709018187325 elapsed=214s
progress: nodes=2,790,000,000 tested=0 found=0 n=445665505303181649249675 elapsed=214s
progress: nodes=2,800,000,000 tested=0 found=0 n=265780492342872390867825 elapsed=215s
progress: nodes=2,810,000,000 tested=0 found=0 n=306775239091475399746425 elapsed=216s
progress: nodes=2,820,000,000 tested=0 found=0 n=154204720942875133994325 elapsed=217s
progress: nodes=2,830,000,000 tested=0 found=0 n=198231566098388289000525 elapsed=218s
progress: nodes=2,840,000,000 tested=0 found=0 n=237188323539810263832075 elapsed=218s
progress: nodes=2,850,000,000 tested=0 found=0 n=533255609693266873962075 elapsed=219s
progress: nodes=2,860,000,000 tested=0 found=0 n=422749957596981972664275 elapsed=220s
progress: nodes=2,870,000,000 tested=0 found=0 n=430379613135444608570925 elapsed=221s
progress: nodes=2,880,000,000 tested=0 found=0 n=163678320355441325712975 elapsed=222s
progress: nodes=2,890,000,000 tested=0 found=0 n=74952703247776863477525 elapsed=222s
progress: nodes=2,900,000,000 tested=0 found=0 n=53021440988995978597275 elapsed=223s
progress: nodes=2,910,000,000 tested=0 found=0 n=173654100855699755431275 elapsed=224s
progress: nodes=2,920,000,000 tested=0 found=0 n=172251794373250745162925 elapsed=225s
progress: nodes=2,930,000,000 tested=0 found=0 n=32115725489862703734525 elapsed=226s
progress: nodes=2,940,000,000 tested=0 found=0 n=103323750672372594627825 elapsed=227s
progress: nodes=2,950,000,000 tested=0 found=0 n=215573707897162649751825 elapsed=227s
progress: nodes=2,960,000,000 tested=0 found=0 n=275652893248927596392175 elapsed=228s
progress: nodes=2,970,000,000 tested=0 found=0 n=309413694548500444354275 elapsed=229s
progress: nodes=2,980,000,000 tested=0 found=0 n=24953584088544214344975 elapsed=230s
progress: nodes=2,990,000,000 tested=0 found=0 n=931972798895235439020975 elapsed=231s
progress: nodes=3,000,000,000 tested=0 found=0 n=164483273746809766445175 elapsed=231s
progress: nodes=3,010,000,000 tested=0 found=0 n=503581826364205657725 elapsed=232s
progress: nodes=3,020,000,000 tested=0 found=0 n=135303950974827509413425 elapsed=233s
progress: nodes=3,030,000,000 tested=0 found=0 n=459523832890145566646475 elapsed=234s
progress: nodes=3,040,000,000 tested=0 found=0 n=705944724954750283983975 elapsed=235s
progress: nodes=3,050,000,000 tested=0 found=0 n=353430255540603018575925 elapsed=236s
progress: nodes=3,060,000,000 tested=0 found=0 n=746290906832920847701725 elapsed=236s
progress: nodes=3,070,000,000 tested=0 found=0 n=209755863122815937746575 elapsed=237s
progress: nodes=3,080,000,000 tested=0 found=0 n=160931934130043590925175 elapsed=238s
progress: nodes=3,090,000,000 tested=0 found=0 n=179598700205145153839475 elapsed=239s
progress: nodes=3,100,000,000 tested=0 found=0 n=801431685912936968450325 elapsed=240s
progress: nodes=3,110,000,000 tested=0 found=0 n=64179832849070332988925 elapsed=240s
progress: nodes=3,120,000,000 tested=0 found=0 n=144832642213096505477925 elapsed=241s
progress: nodes=3,130,000,000 tested=0 found=0 n=473380654718035873257525 elapsed=242s
progress: nodes=3,140,000,000 tested=0 found=0 n=145047968840596387134825 elapsed=243s
progress: nodes=3,150,000,000 tested=0 found=0 n=141423424074691022196675 elapsed=244s
progress: nodes=3,160,000,000 tested=0 found=0 n=120515855833402188975 elapsed=245s
progress: nodes=3,170,000,000 tested=0 found=0 n=943591339696829253996375 elapsed=245s
progress: nodes=3,180,000,000 tested=0 found=0 n=674095561115010268062375 elapsed=246s
progress: nodes=3,190,000,000 tested=0 found=0 n=149785080032901373241625 elapsed=247s
progress: nodes=3,200,000,000 tested=0 found=0 n=26921125679084896492125 elapsed=248s
progress: nodes=3,210,000,000 tested=0 found=0 n=585734501782311859470375 elapsed=249s
progress: nodes=3,220,000,000 tested=0 found=0 n=81125343200272430820375 elapsed=249s
progress: nodes=3,230,000,000 tested=0 found=0 n=129660107611477197151125 elapsed=250s
progress: nodes=3,240,000,000 tested=0 found=0 n=174338678510920289361375 elapsed=251s
progress: nodes=3,250,000,000 tested=0 found=0 n=974473133514969601274625 elapsed=251s
progress: nodes=3,260,000,000 tested=0 found=0 n=424077119912720974739625 elapsed=252s
progress: nodes=3,270,000,000 tested=0 found=0 n=649260776873613018614625 elapsed=252s
progress: nodes=3,280,000,000 tested=0 found=0 n=62104959648102611973375 elapsed=253s
progress: nodes=3,290,000,000 tested=0 found=0 n=819757185959235980455875 elapsed=254s
progress: nodes=3,300,000,000 tested=0 found=0 n=661412765558683874404125 elapsed=255s
progress: nodes=3,310,000,000 tested=0 found=0 n=355647905666618062712625 elapsed=255s
progress: nodes=3,320,000,000 tested=0 found=0 n=744914308025569744708875 elapsed=256s
progress: nodes=3,330,000,000 tested=0 found=0 n=27303808883795133004125 elapsed=257s
progress: nodes=3,340,000,000 tested=0 found=0 n=73584999512580264602625 elapsed=257s
progress: nodes=3,350,000,000 tested=0 found=0 n=401004847415830890187125 elapsed=258s
progress: nodes=3,360,000,000 tested=0 found=0 n=16850603124994000818375 elapsed=259s
progress: nodes=3,370,000,000 tested=0 found=0 n=328210879703396579965125 elapsed=259s
progress: nodes=3,380,000,000 tested=0 found=0 n=13110210395070210318375 elapsed=260s
progress: nodes=3,390,000,000 tested=0 found=0 n=746355656505711260847375 elapsed=261s
progress: nodes=3,400,000,000 tested=0 found=0 n=614682859427110768613625 elapsed=261s
progress: nodes=3,410,000,000 tested=0 found=0 n=3740835949500415105125 elapsed=262s
progress: nodes=3,420,000,000 tested=0 found=0 n=750740352750024677416125 elapsed=263s
progress: nodes=3,430,000,000 tested=0 found=0 n=791852416951812604315875 elapsed=263s
progress: nodes=3,440,000,000 tested=0 found=0 n=444098456145652804124625 elapsed=264s
progress: nodes=3,450,000,000 tested=0 found=0 n=445174538790677450122125 elapsed=265s
progress: nodes=3,460,000,000 tested=0 found=0 n=358546848654515079162375 elapsed=266s
progress: nodes=3,470,000,000 tested=0 found=0 n=948916400328952819331625 elapsed=266s
progress: nodes=3,480,000,000 tested=0 found=0 n=458025451668374921710875 elapsed=267s
progress: nodes=3,490,000,000 tested=0 found=0 n=3629213465574113956125 elapsed=267s
progress: nodes=3,500,000,000 tested=0 found=0 n=12526068763346007691125 elapsed=268s
progress: nodes=3,510,000,000 tested=0 found=0 n=481370763433681530019125 elapsed=269s
progress: nodes=3,520,000,000 tested=0 found=0 n=443274501626604579783375 elapsed=270s
progress: nodes=3,530,000,000 tested=0 found=0 n=446395561201993405181625 elapsed=270s
progress: nodes=3,540,000,000 tested=0 found=0 n=2621923122061665086625 elapsed=271s
progress: nodes=3,550,000,000 tested=0 found=0 n=854974443727135981189125 elapsed=272s
progress: nodes=3,560,000,000 tested=0 found=0 n=360158654592928894372875 elapsed=272s
progress: nodes=3,570,000,000 tested=0 found=0 n=2005348721289417820125 elapsed=273s
progress: nodes=3,580,000,000 tested=0 found=0 n=392947397508952620547875 elapsed=274s
progress: nodes=3,590,000,000 tested=0 found=0 n=4491776221423158130875 elapsed=274s
progress: nodes=3,600,000,000 tested=0 found=0 n=797619215855110567883625 elapsed=275s
progress: nodes=3,610,000,000 tested=0 found=0 n=425707077594329511067125 elapsed=276s
progress: nodes=3,620,000,000 tested=0 found=0 n=311934008474340541837875 elapsed=276s
progress: nodes=3,630,000,000 tested=0 found=0 n=706056758257523230571625 elapsed=277s
progress: nodes=3,640,000,000 tested=0 found=0 n=960695877361882660988625 elapsed=278s
progress: nodes=3,650,000,000 tested=0 found=0 n=465619038006804807362625 elapsed=279s
progress: nodes=3,660,000,000 tested=0 found=0 n=853822799492853971370375 elapsed=279s
progress: nodes=3,670,000,000 tested=0 found=0 n=814821696952971696959625 elapsed=280s
progress: nodes=3,680,000,000 tested=0 found=0 n=901221651065808256240125 elapsed=281s
progress: nodes=3,690,000,000 tested=0 found=0 n=879280061675843256087375 elapsed=282s
progress: nodes=3,700,000,000 tested=0 found=0 n=337835623702127225603625 elapsed=282s
progress: nodes=3,710,000,000 tested=0 found=0 n=382694856201015746808375 elapsed=283s
progress: nodes=3,720,000,000 tested=0 found=0 n=209770302395429977498875 elapsed=284s
progress: nodes=3,730,000,000 tested=0 found=0 n=344983431598230554960625 elapsed=285s
progress: nodes=3,740,000,000 tested=0 found=0 n=573972529483739487999375 elapsed=286s
progress: nodes=3,750,000,000 tested=0 found=0 n=239708885335202222544375 elapsed=286s
progress: nodes=3,760,000,000 tested=0 found=0 n=88127213010383981941875 elapsed=287s
progress: nodes=3,770,000,000 tested=0 found=0 n=182832209415940545073125 elapsed=288s
progress: nodes=3,780,000,000 tested=0 found=0 n=929180461260771817318125 elapsed=289s
progress: nodes=3,790,000,000 tested=0 found=0 n=37437329367073185418125 elapsed=290s
progress: nodes=3,800,000,000 tested=0 found=0 n=759482271779782838304375 elapsed=291s
progress: nodes=3,810,000,000 tested=0 found=0 n=69537712233985772461875 elapsed=291s
progress: nodes=3,820,000,000 tested=0 found=0 n=931880417091076998343125 elapsed=292s
progress: nodes=3,830,000,000 tested=0 found=0 n=48226325954530063550625 elapsed=293s
progress: nodes=3,840,000,000 tested=0 found=0 n=153099625679816310838125 elapsed=294s
progress: nodes=3,850,000,000 tested=0 found=0 n=38249898254722189805625 elapsed=295s
progress: nodes=3,860,000,000 tested=0 found=0 n=730126969385164415285625 elapsed=296s
progress: nodes=3,870,000,000 tested=0 found=0 n=7008196953306923263125 elapsed=297s
progress: nodes=3,880,000,000 tested=0 found=0 n=22940247643017564375 elapsed=297s
progress: nodes=3,890,000,000 tested=0 found=0 n=32238408786728095726875 elapsed=298s
progress: nodes=3,900,000,000 tested=0 found=0 n=215179448771811588676875 elapsed=299s
progress: nodes=3,910,000,000 tested=0 found=0 n=4094623535346381031875 elapsed=300s
progress: nodes=3,920,000,000 tested=0 found=0 n=40678944473138693169375 elapsed=301s
progress: nodes=3,930,000,000 tested=0 found=0 n=325052223912320871898125 elapsed=302s
progress: nodes=3,940,000,000 tested=0 found=0 n=997415189016123495616875 elapsed=302s
progress: nodes=3,950,000,000 tested=0 found=0 n=106671324418773328873125 elapsed=303s
progress: nodes=3,960,000,000 tested=0 found=0 n=362640686153518125 elapsed=304s
progress: nodes=3,970,000,000 tested=0 found=0 n=2856293586116505568125 elapsed=305s
progress: nodes=3,980,000,000 tested=0 found=0 n=586352707310307553509375 elapsed=306s
progress: nodes=3,990,000,000 tested=0 found=0 n=580450600593870117384375 elapsed=306s
progress: nodes=4,000,000,000 tested=0 found=0 n=481741620999793612678125 elapsed=307s
progress: nodes=4,010,000,000 tested=0 found=0 n=765957382156564697221875 elapsed=308s
progress: nodes=4,020,000,000 tested=0 found=0 n=835732837278817238728125 elapsed=309s
progress: nodes=4,030,000,000 tested=0 found=0 n=177196934848046223178125 elapsed=310s
progress: nodes=4,040,000,000 tested=0 found=0 n=411543016425736061990625 elapsed=310s
progress: nodes=4,050,000,000 tested=0 found=0 n=88396667379587980996875 elapsed=311s
progress: nodes=4,060,000,000 tested=0 found=0 n=745029457604263305590625 elapsed=312s
progress: nodes=4,070,000,000 tested=0 found=0 n=103352932709737083084375 elapsed=313s
progress: nodes=4,080,000,000 tested=0 found=0 n=760283080205599594209375 elapsed=313s
progress: nodes=4,090,000,000 tested=0 found=0 n=427568109350997244190625 elapsed=314s
progress: nodes=4,100,000,000 tested=0 found=0 n=457253351761606908778125 elapsed=315s
progress: nodes=4,110,000,000 tested=0 found=0 n=505542211908417552121875 elapsed=316s
progress: nodes=4,120,000,000 tested=0 found=0 n=964789968963776551453125 elapsed=317s
progress: nodes=4,130,000,000 tested=0 found=0 n=2537943176780280984375 elapsed=317s
progress: nodes=4,140,000,000 tested=0 found=0 n=594681272976243897140625 elapsed=318s
progress: nodes=4,150,000,000 tested=0 found=0 n=655273012293421517390625 elapsed=319s
progress: nodes=4,160,000,000 tested=0 found=0 n=1754934193726564078125 elapsed=320s
progress: nodes=4,170,000,000 tested=0 found=0 n=530057821506097868296875 elapsed=320s
progress: nodes=4,180,000,000 tested=0 found=0 n=133571930734118794921875 elapsed=321s
progress: nodes=4,190,000,000 tested=0 found=0 n=929506544596476209345175 elapsed=322s
progress: nodes=4,200,000,000 tested=0 found=0 n=4737263651784451595025 elapsed=322s
progress: nodes=4,210,000,000 tested=0 found=0 n=930385270805762297601675 elapsed=323s
progress: nodes=4,220,000,000 tested=0 found=0 n=838837746122778402233175 elapsed=324s
progress: nodes=4,230,000,000 tested=0 found=0 n=657136367549395122428775 elapsed=324s
progress: nodes=4,240,000,000 tested=0 found=0 n=614413172650516425489825 elapsed=325s
progress: nodes=4,250,000,000 tested=0 found=0 n=812178191703136722851025 elapsed=326s
progress: nodes=4,260,000,000 tested=0 found=0 n=420755061803136956904825 elapsed=327s
progress: nodes=4,270,000,000 tested=0 found=0 n=799677259263273154513275 elapsed=327s
progress: nodes=4,280,000,000 tested=0 found=0 n=365008803056056632443175 elapsed=328s
progress: nodes=4,290,000,000 tested=0 found=0 n=797940878567384102348925 elapsed=329s
progress: nodes=4,300,000,000 tested=0 found=0 n=780270461635924331561925 elapsed=330s
progress: nodes=4,310,000,000 tested=0 found=0 n=434704962812593311758475 elapsed=330s
progress: nodes=4,320,000,000 tested=0 found=0 n=283352989981864979586825 elapsed=331s
progress: nodes=4,330,000,000 tested=0 found=0 n=963782338131831995885475 elapsed=332s
progress: nodes=4,340,000,000 tested=0 found=0 n=861129199056972241499175 elapsed=332s
progress: nodes=4,350,000,000 tested=0 found=0 n=694535943173462885939175 elapsed=333s
progress: nodes=4,360,000,000 tested=0 found=0 n=667395621080003946415275 elapsed=334s
progress: nodes=4,370,000,000 tested=0 found=0 n=756530869914169742306925 elapsed=335s
progress: nodes=4,380,000,000 tested=0 found=0 n=551032259604274300883175 elapsed=335s
progress: nodes=4,390,000,000 tested=0 found=0 n=165146540112309404857275 elapsed=336s
progress: nodes=4,400,000,000 tested=0 found=0 n=531187003069964011509075 elapsed=337s
progress: nodes=4,410,000,000 tested=0 found=0 n=41625555465076584041475 elapsed=338s
progress: nodes=4,420,000,000 tested=0 found=0 n=623975363925958863767925 elapsed=338s
progress: nodes=4,430,000,000 tested=0 found=0 n=602653496326242081692175 elapsed=339s
progress: nodes=4,440,000,000 tested=0 found=0 n=764185777828164108171675 elapsed=340s
progress: nodes=4,450,000,000 tested=0 found=0 n=667790193902622517842975 elapsed=341s
progress: nodes=4,460,000,000 tested=0 found=0 n=454675948490691668220525 elapsed=341s
progress: nodes=4,470,000,000 tested=0 found=0 n=623626259835002944340475 elapsed=342s
progress: nodes=4,480,000,000 tested=0 found=0 n=646495623561571925808825 elapsed=343s
progress: nodes=4,490,000,000 tested=0 found=0 n=154980295652443131253575 elapsed=344s
progress: nodes=4,500,000,000 tested=0 found=0 n=422789242823777307878325 elapsed=344s
progress: nodes=4,510,000,000 tested=0 found=0 n=678599382762214481339325 elapsed=345s
progress: nodes=4,520,000,000 tested=0 found=0 n=102715626575737112836725 elapsed=346s
progress: nodes=4,530,000,000 tested=0 found=0 n=540437875349083904307825 elapsed=347s
progress: nodes=4,540,000,000 tested=0 found=0 n=893413811106229492995975 elapsed=347s
progress: nodes=4,550,000,000 tested=0 found=0 n=876307946672853488413575 elapsed=348s
progress: nodes=4,560,000,000 tested=0 found=0 n=572999974010487107109225 elapsed=349s
progress: nodes=4,570,000,000 tested=0 found=0 n=618362992421841310929225 elapsed=350s
progress: nodes=4,580,000,000 tested=0 found=0 n=323409058376886480975975 elapsed=350s
progress: nodes=4,590,000,000 tested=0 found=0 n=368303431813377007604175 elapsed=351s
progress: nodes=4,600,000,000 tested=0 found=0 n=89117780030712230884425 elapsed=352s
progress: nodes=4,610,000,000 tested=0 found=0 n=114011477761631984373375 elapsed=353s
progress: nodes=4,620,000,000 tested=0 found=0 n=261156048162615513482625 elapsed=354s
progress: nodes=4,630,000,000 tested=0 found=0 n=184336494821097552901125 elapsed=354s
progress: nodes=4,640,000,000 tested=0 found=0 n=793611190489079649263625 elapsed=355s
progress: nodes=4,650,000,000 tested=0 found=0 n=152358621522246788637375 elapsed=356s
progress: nodes=4,660,000,000 tested=0 found=0 n=639843215461240666273875 elapsed=357s
progress: nodes=4,670,000,000 tested=0 found=0 n=33678673629664419201375 elapsed=358s
progress: nodes=4,680,000,000 tested=0 found=0 n=8470036138571526461625 elapsed=359s
progress: nodes=4,690,000,000 tested=0 found=0 n=577652893423583027074875 elapsed=360s
progress: nodes=4,700,000,000 tested=0 found=0 n=504974821915368523022625 elapsed=360s
progress: nodes=4,710,000,000 tested=0 found=0 n=261587051312960175708375 elapsed=361s
progress: nodes=4,720,000,000 tested=0 found=0 n=100507200077586183031125 elapsed=362s
progress: nodes=4,730,000,000 tested=0 found=0 n=623390466906375023224125 elapsed=363s
progress: nodes=4,740,000,000 tested=0 found=0 n=355838651850809084331375 elapsed=364s
progress: nodes=4,750,000,000 tested=0 found=0 n=660741907805951683669875 elapsed=365s
progress: nodes=4,760,000,000 tested=0 found=0 n=656672751009801231467625 elapsed=366s
progress: nodes=4,770,000,000 tested=0 found=0 n=357365864143217216926125 elapsed=366s
progress: nodes=4,780,000,000 tested=0 found=0 n=419095395416960350875 elapsed=367s
progress: nodes=4,790,000,000 tested=0 found=0 n=295467536623145042804625 elapsed=368s
progress: nodes=4,800,000,000 tested=0 found=0 n=21154225333335000602625 elapsed=369s
progress: nodes=4,810,000,000 tested=0 found=0 n=94714803661234972609125 elapsed=370s
progress: nodes=4,820,000,000 tested=0 found=0 n=939439210867293460906125 elapsed=371s
progress: nodes=4,830,000,000 tested=0 found=0 n=13654060066267278055875 elapsed=371s
progress: nodes=4,840,000,000 tested=0 found=0 n=11556395896676645050875 elapsed=372s
progress: nodes=4,850,000,000 tested=0 found=0 n=36950721501034670527125 elapsed=373s
progress: nodes=4,860,000,000 tested=0 found=0 n=673737638367988796995125 elapsed=374s
progress: nodes=4,870,000,000 tested=0 found=0 n=25814672812895795344125 elapsed=374s
progress: nodes=4,880,000,000 tested=0 found=0 n=923715269097328829770875 elapsed=375s
progress: nodes=4,890,000,000 tested=0 found=0 n=803827717066161353822625 elapsed=376s
progress: nodes=4,900,000,000 tested=0 found=0 n=537539609000601202370625 elapsed=377s
progress: nodes=4,910,000,000 tested=0 found=0 n=732902423117936104299375 elapsed=377s
progress: nodes=4,920,000,000 tested=0 found=0 n=585881359689249060508125 elapsed=378s
progress: nodes=4,930,000,000 tested=0 found=0 n=203457920006447529755625 elapsed=379s
progress: nodes=4,940,000,000 tested=0 found=0 n=67115831576549074768125 elapsed=380s
progress: nodes=4,950,000,000 tested=0 found=0 n=930352139336811382239375 elapsed=380s
progress: nodes=4,960,000,000 tested=0 found=0 n=910187053436571762695625 elapsed=381s
progress: nodes=4,970,000,000 tested=0 found=0 n=137931584494877198656875 elapsed=382s
progress: nodes=4,980,000,000 tested=0 found=0 n=276745747557224906645625 elapsed=383s
progress: nodes=4,990,000,000 tested=0 found=0 n=993379211098561431016875 elapsed=384s
progress: nodes=5,000,000,000 tested=0 found=0 n=256850283559101038758125 elapsed=384s
progress: nodes=5,010,000,000 tested=0 found=0 n=169500284650142929366875 elapsed=385s
progress: nodes=5,020,000,000 tested=0 found=0 n=597582014163049925724375 elapsed=386s
progress: nodes=5,030,000,000 tested=0 found=0 n=460952675717554479898125 elapsed=387s
progress: nodes=5,040,000,000 tested=0 found=0 n=889451010708577090126875 elapsed=388s
progress: nodes=5,050,000,000 tested=0 found=0 n=727907563348153312314375 elapsed=388s
progress: nodes=5,060,000,000 tested=0 found=0 n=467590630168242159373125 elapsed=389s
progress: nodes=5,070,000,000 tested=0 found=0 n=190736669884593328329375 elapsed=390s
progress: nodes=5,080,000,000 tested=0 found=0 n=37499277757059569829375 elapsed=391s
progress: nodes=5,090,000,000 tested=0 found=0 n=92466037688437154289375 elapsed=392s
progress: nodes=5,100,000,000 tested=0 found=0 n=113934336732159873980625 elapsed=393s
progress: nodes=5,110,000,000 tested=0 found=0 n=38938574347552933644375 elapsed=393s
progress: nodes=5,120,000,000 tested=0 found=0 n=317861017532877226528125 elapsed=394s
progress: nodes=5,130,000,000 tested=0 found=0 n=440902086054817521403125 elapsed=395s
progress: nodes=5,140,000,000 tested=0 found=0 n=544400894934707109384375 elapsed=396s
progress: nodes=5,150,000,000 tested=0 found=0 n=494150897492197443253125 elapsed=396s
progress: nodes=5,160,000,000 tested=0 found=0 n=506025858080811902878125 elapsed=397s
progress: nodes=5,170,000,000 tested=0 found=0 n=485941309970038399884375 elapsed=398s
progress: nodes=5,180,000,000 tested=0 found=0 n=773625418387093152646875 elapsed=399s
progress: nodes=5,190,000,000 tested=0 found=0 n=435324926197583045915625 elapsed=399s
progress: nodes=5,200,000,000 tested=0 found=0 n=536143047122742151415625 elapsed=400s
progress: nodes=5,210,000,000 tested=0 found=0 n=178076892711378081853125 elapsed=401s
progress: nodes=5,220,000,000 tested=0 found=0 n=801196875568159379015625 elapsed=402s
progress: nodes=5,230,000,000 tested=0 found=0 n=93676507119678547265625 elapsed=402s
progress: nodes=5,240,000,000 tested=0 found=0 n=89668756440599720920425 elapsed=403s
progress: nodes=5,250,000,000 tested=0 found=0 n=672906927039680107032525 elapsed=404s
progress: nodes=5,260,000,000 tested=0 found=0 n=7011297895026401569575 elapsed=404s
progress: nodes=5,270,000,000 tested=0 found=0 n=836567658965184257381175 elapsed=405s
progress: nodes=5,280,000,000 tested=0 found=0 n=847750241934914831428725 elapsed=406s
progress: nodes=5,290,000,000 tested=0 found=0 n=335063589325451159007825 elapsed=406s
progress: nodes=5,300,000,000 tested=0 found=0 n=250860413069445055757175 elapsed=407s
progress: nodes=5,310,000,000 tested=0 found=0 n=263572681296025708336575 elapsed=408s
progress: nodes=5,320,000,000 tested=0 found=0 n=646598334297632414553225 elapsed=408s
progress: nodes=5,330,000,000 tested=0 found=0 n=803127707533181683085175 elapsed=409s
progress: nodes=5,340,000,000 tested=0 found=0 n=359697759150449648366325 elapsed=410s
progress: nodes=5,350,000,000 tested=0 found=0 n=693130026340268940461625 elapsed=411s
progress: nodes=5,360,000,000 tested=0 found=0 n=876092462911008550229625 elapsed=411s
progress: nodes=5,370,000,000 tested=0 found=0 n=735255642918739630431375 elapsed=412s
progress: nodes=5,380,000,000 tested=0 found=0 n=222108785041869899434125 elapsed=413s
progress: nodes=5,390,000,000 tested=0 found=0 n=291421385560987319118375 elapsed=414s
progress: nodes=5,400,000,000 tested=0 found=0 n=640521353037489460540875 elapsed=415s
progress: nodes=5,410,000,000 tested=0 found=0 n=396892429491433552435125 elapsed=416s
progress: nodes=5,420,000,000 tested=0 found=0 n=166344404791338675322875 elapsed=416s
progress: nodes=5,430,000,000 tested=0 found=0 n=938785476602218944441375 elapsed=417s
progress: nodes=5,440,000,000 tested=0 found=0 n=836455637896753642293375 elapsed=418s
progress: nodes=5,450,000,000 tested=0 found=0 n=22649955470648429077125 elapsed=419s
progress: nodes=5,460,000,000 tested=0 found=0 n=14817878760790892084625 elapsed=420s
progress: nodes=5,470,000,000 tested=0 found=0 n=32721607259670106875375 elapsed=420s
progress: nodes=5,480,000,000 tested=0 found=0 n=451623146558359756552875 elapsed=421s
progress: nodes=5,490,000,000 tested=0 found=0 n=49263277923275956898625 elapsed=422s
progress: nodes=5,500,000,000 tested=0 found=0 n=34730292981224751487875 elapsed=423s
progress: nodes=5,510,000,000 tested=0 found=0 n=84589680207385910854125 elapsed=424s
progress: nodes=5,520,000,000 tested=0 found=0 n=51100853201000614668375 elapsed=425s
progress: nodes=5,530,000,000 tested=0 found=0 n=622851103389124191868875 elapsed=425s
progress: nodes=5,540,000,000 tested=0 found=0 n=494793429047404207633125 elapsed=426s
progress: nodes=5,550,000,000 tested=0 found=0 n=648730420122270827773125 elapsed=427s
progress: nodes=5,560,000,000 tested=0 found=0 n=879471329635941075163125 elapsed=428s
progress: nodes=5,570,000,000 tested=0 found=0 n=973464577485315177144375 elapsed=428s
progress: nodes=5,580,000,000 tested=0 found=0 n=1430901165537579110625 elapsed=429s
progress: nodes=5,590,000,000 tested=0 found=0 n=395403777432398027210625 elapsed=430s
progress: nodes=5,600,000,000 tested=0 found=0 n=212323747706942453589375 elapsed=431s
progress: nodes=5,610,000,000 tested=0 found=0 n=596006981873888809460625 elapsed=431s
progress: nodes=5,620,000,000 tested=0 found=0 n=358407629819448969943125 elapsed=432s
progress: nodes=5,630,000,000 tested=0 found=0 n=831639575588809471633125 elapsed=433s
progress: nodes=5,640,000,000 tested=0 found=0 n=273671682514023912620625 elapsed=434s
progress: nodes=5,650,000,000 tested=0 found=0 n=225545038815124480786875 elapsed=434s
progress: nodes=5,660,000,000 tested=0 found=0 n=903508783443431013324375 elapsed=435s
progress: nodes=5,670,000,000 tested=0 found=0 n=222106459992367304705625 elapsed=436s
progress: nodes=5,680,000,000 tested=0 found=0 n=95584416012480552159375 elapsed=437s
progress: nodes=5,690,000,000 tested=0 found=0 n=240363902864249834878125 elapsed=437s
progress: nodes=5,700,000,000 tested=0 found=0 n=18975768298131125671875 elapsed=438s
progress: nodes=5,710,000,000 tested=0 found=0 n=187717229359864900323525 elapsed=439s
progress: nodes=5,720,000,000 tested=0 found=0 n=942857293465903766127075 elapsed=440s
progress: nodes=5,730,000,000 tested=0 found=0 n=21393008757285991475175 elapsed=441s
progress: nodes=5,740,000,000 tested=0 found=0 n=681511727335262410361925 elapsed=441s
progress: nodes=5,750,000,000 tested=0 found=0 n=768643251291728363476125 elapsed=442s
progress: nodes=5,760,000,000 tested=0 found=0 n=303600558508210214890875 elapsed=443s
progress: nodes=5,770,000,000 tested=0 found=0 n=56664890302849884313875 elapsed=444s
progress: nodes=5,780,000,000 tested=0 found=0 n=344668605303579578908875 elapsed=444s
progress: nodes=5,790,000,000 tested=0 found=0 n=812994381182030464744875 elapsed=445s
progress: nodes=5,800,000,000 tested=0 found=0 n=198892468059510098917125 elapsed=446s
progress: nodes=5,810,000,000 tested=0 found=0 n=260493670021447173868875 elapsed=447s
progress: nodes=5,820,000,000 tested=0 found=0 n=90781172521553541531375 elapsed=447s
progress: nodes=5,830,000,000 tested=0 found=0 n=223362566973603228112875 elapsed=448s
progress: nodes=5,840,000,000 tested=0 found=0 n=680222026721892881759625 elapsed=449s
progress: nodes=5,850,000,000 tested=0 found=0 n=37071732054525279127875 elapsed=450s
progress: nodes=5,860,000,000 tested=0 found=0 n=168163003551201797449125 elapsed=451s
progress: nodes=5,870,000,000 tested=0 found=0 n=119483754092765482615875 elapsed=451s
progress: nodes=5,880,000,000 tested=0 found=0 n=798642809008977264339375 elapsed=452s
progress: nodes=5,890,000,000 tested=0 found=0 n=558706674417256759730625 elapsed=453s
progress: nodes=5,900,000,000 tested=0 found=0 n=988283100202523441679375 elapsed=454s
progress: nodes=5,910,000,000 tested=0 found=0 n=519234797106156905161875 elapsed=454s
progress: nodes=5,920,000,000 tested=0 found=0 n=669944988091366283536875 elapsed=455s
progress: nodes=5,930,000,000 tested=0 found=0 n=56029296458473029815625 elapsed=456s
progress: nodes=5,940,000,000 tested=0 found=0 n=94699079511577827328125 elapsed=457s
progress: nodes=5,950,000,000 tested=0 found=0 n=40848899905813235305275 elapsed=458s
progress: nodes=5,960,000,000 tested=0 found=0 n=150883771005151924399875 elapsed=458s
progress: nodes=5,970,000,000 tested=0 found=0 n=325860945078214844767125 elapsed=459s
progress: nodes=5,980,000,000 tested=0 found=0 n=862131883297955271465375 elapsed=460s
progress: nodes=5,990,000,000 tested=0 found=0 n=98983969400158496166375 elapsed=461s
progress: nodes=6,000,000,000 tested=0 found=0 n=164132937456760178130375 elapsed=461s
progress: nodes=6,010,000,000 tested=0 found=0 n=271313694625495518482625 elapsed=462s
progress: nodes=6,020,000,000 tested=0 found=0 n=691303392434983635325125 elapsed=463s
progress: nodes=6,030,000,000 tested=0 found=0 n=393182992923870074734125 elapsed=464s
progress: nodes=6,040,000,000 tested=0 found=0 n=669068570165687985538125 elapsed=465s
progress: nodes=6,050,000,000 tested=0 found=0 n=918701221581555224765625 elapsed=465s
progress: nodes=6,060,000,000 tested=0 found=0 n=127245389445484697121975 elapsed=466s
progress: nodes=6,070,000,000 tested=0 found=0 n=330908133833322032246625 elapsed=467s
progress: nodes=6,080,000,000 tested=0 found=0 n=567501736983778009891125 elapsed=468s
progress: nodes=6,090,000,000 tested=0 found=0 n=255987679706150377359375 elapsed=468s
progress: nodes=6,100,000,000 tested=0 found=0 n=861887920496334898980375 elapsed=469s
progress: nodes=6,110,000,000 tested=0 found=0 n=557543987035400623094325 elapsed=470s
progress: nodes=6,120,000,000 tested=0 found=0 n=5850812535003745173225 elapsed=471s

done in 471.3s | nodes=6,126,402,463 | tested=0 | weird=0
