search v2: odd=True, N_CAP=1.00e+24, DELTA_MAX=1.0e+07, MIN_DEPTH=6
SPF shard: smallest prime factor = 3
P2 sub-shard: second prime factor = 5
P3 sub-sub-shard: third prime factor = 11
progress: nodes=10,000,000 tested=43 found=0 n=556173057093607918119375 elapsed=23s
progress: nodes=20,000,000 tested=43 found=0 n=138203238181668731094375 elapsed=53s
progress: nodes=30,000,000 tested=43 found=0 n=719348473027471585381875 elapsed=88s
progress: nodes=40,000,000 tested=43 found=0 n=291926223832903529698125 elapsed=113s
progress: nodes=50,000,000 tested=43 found=0 n=884471600260136087904375 elapsed=154s
progress: nodes=60,000,000 tested=43 found=0 n=450426748974836882799375 elapsed=178s
progress: nodes=70,000,000 tested=43 found=0 n=42393129958414931169375 elapsed=215s
progress: nodes=80,000,000 tested=43 found=0 n=612057186297720197780625 elapsed=241s
progress: nodes=90,000,000 tested=43 found=0 n=190359906751210405708125 elapsed=267s
progress: nodes=100,000,000 tested=43 found=0 n=775984547476606848373125 elapsed=305s
progress: nodes=110,000,000 tested=43 found=0 n=346073233136420287760625 elapsed=329s
progress: nodes=120,000,000 tested=43 found=0 n=941768774624602129899375 elapsed=369s
progress: nodes=130,000,000 tested=43 found=0 n=505900591328006644831875 elapsed=393s
progress: nodes=140,000,000 tested=43 found=0 n=92060997615964682476875 elapsed=427s
progress: nodes=150,000,000 tested=43 found=0 n=668518051701758236543125 elapsed=459s
progress: nodes=160,000,000 tested=43 found=0 n=243673839881558537405625 elapsed=484s
progress: nodes=170,000,000 tested=43 found=0 n=833238182634510235460625 elapsed=523s
progress: nodes=180,000,000 tested=43 found=0 n=401136098297123231645625 elapsed=547s
progress: nodes=190,000,000 tested=43 found=0 n=999715391122059192673125 elapsed=587s
progress: nodes=200,000,000 tested=43 found=0 n=562061975902543400068125 elapsed=610s
progress: nodes=210,000,000 tested=43 found=0 n=143773754147743662916875 elapsed=639s
progress: nodes=220,000,000 tested=43 found=0 n=725563234605999870939375 elapsed=673s
progress: nodes=230,000,000 tested=43 found=0 n=297955203842129090338125 elapsed=698s
progress: nodes=240,000,000 tested=43 found=0 n=891012703719447013010625 elapsed=739s
progress: nodes=250,000,000 tested=43 found=0 n=456879580029472571544375 elapsed=763s
progress: nodes=260,000,000 tested=43 found=0 n=48183236623635433216875 elapsed=800s
progress: nodes=270,000,000 tested=43 found=0 n=618918041154237261958125 elapsed=828s
progress: nodes=280,000,000 tested=43 found=0 n=196961084827350789639375 elapsed=854s
progress: nodes=290,000,000 tested=43 found=0 n=783262038776689514851875 elapsed=892s
progress: nodes=300,000,000 tested=43 found=0 n=353228048315324409954375 elapsed=916s
progress: nodes=310,000,000 tested=43 found=0 n=949491512626043544856875 elapsed=955s
progress: nodes=320,000,000 tested=43 found=0 n=513509862484967235586875 elapsed=978s
progress: nodes=330,000,000 tested=43 found=0 n=99137740559653907038125 elapsed=1012s
progress: nodes=340,000,000 tested=43 found=0 n=676572347910037001506875 elapsed=1043s
progress: nodes=350,000,000 tested=43 found=0 n=251508826934814514663125 elapsed=1069s
progress: nodes=360,000,000 tested=43 found=0 n=841795727943899322556875 elapsed=1109s
progress: nodes=370,000,000 tested=43 found=0 n=409558300222705728249375 elapsed=1133s
progress: nodes=380,000,000 tested=43 found=0 n=8153665448437304049375 elapsed=1173s
progress: nodes=390,000,000 tested=43 found=0 n=571070351044918880533125 elapsed=1197s
progress: nodes=400,000,000 tested=43 found=0 n=152319981498795397423125 elapsed=1225s
progress: nodes=410,000,000 tested=43 found=0 n=735067934610270105301875 elapsed=1260s
progress: nodes=420,000,000 tested=43 found=0 n=307217169104153912938125 elapsed=1284s
progress: nodes=430,000,000 tested=43 found=0 n=901018106446875811081875 elapsed=1324s
progress: nodes=440,000,000 tested=43 found=0 n=466724989871869576629375 elapsed=1348s
progress: nodes=450,000,000 tested=43 found=0 n=57038730051964427600625 elapsed=1385s
progress: nodes=460,000,000 tested=43 found=0 n=629280325531373614250625 elapsed=1413s
progress: nodes=470,000,000 tested=43 found=0 n=206866883898936787370625 elapsed=1439s
progress: nodes=480,000,000 tested=43 found=0 n=794077384278067271229375 elapsed=1478s
progress: nodes=490,000,000 tested=43 found=0 n=363771312180476759150625 elapsed=1502s
progress: nodes=500,000,000 tested=43 found=0 n=960751539599387334541875 elapsed=1541s
progress: nodes=510,000,000 tested=43 found=0 n=524619067825024391154375 elapsed=1565s
progress: nodes=520,000,000 tested=43 found=0 n=109481121642023382301875 elapsed=1596s
progress: nodes=530,000,000 tested=43 found=0 n=688201460402132741191875 elapsed=1628s
progress: nodes=540,000,000 tested=43 found=0 n=262671925156940698430625 elapsed=1653s
progress: nodes=550,000,000 tested=43 found=0 n=853844211581989732273125 elapsed=1694s
progress: nodes=560,000,000 tested=43 found=0 n=421307725249302656180625 elapsed=1718s
progress: nodes=570,000,000 tested=43 found=0 n=17836987937847568318125 elapsed=1758s
progress: nodes=580,000,000 tested=43 found=0 n=583317226943401361833125 elapsed=1783s
progress: nodes=590,000,000 tested=43 found=0 n=163886084688669451081875 elapsed=1811s
progress: nodes=600,000,000 tested=43 found=0 n=747788628099926680183125 elapsed=1847s
progress: nodes=610,000,000 tested=43 found=0 n=319526818030156709795625 elapsed=1871s
progress: nodes=620,000,000 tested=43 found=0 n=914190374964454942179375 elapsed=1910s
progress: nodes=630,000,000 tested=43 found=0 n=479619555521442111950625 elapsed=1934s
progress: nodes=640,000,000 tested=43 found=0 n=68667681837818475781875 elapsed=1969s
progress: nodes=650,000,000 tested=43 found=0 n=642657817851547222704375 elapsed=1999s
progress: nodes=660,000,000 tested=43 found=0 n=219618099697501918648125 elapsed=2024s
progress: nodes=670,000,000 tested=43 found=0 n=807911116641040046518125 elapsed=2064s
progress: nodes=680,000,000 tested=43 found=0 n=377201716565662503343125 elapsed=2088s
progress: nodes=690,000,000 tested=43 found=0 n=974962088029455862235625 elapsed=2128s
progress: nodes=700,000,000 tested=43 found=0 n=538508609328608288926875 elapsed=2152s
progress: nodes=710,000,000 tested=43 found=0 n=122367897990583818395625 elapsed=2182s
progress: nodes=720,000,000 tested=43 found=0 n=702518302036811654893125 elapsed=2215s
progress: nodes=730,000,000 tested=43 found=0 n=276439919033560927651875 elapsed=2239s
progress: nodes=740,000,000 tested=43 found=0 n=868624063385114923363125 elapsed=2279s
progress: nodes=750,000,000 tested=43 found=0 n=435732505168745665051875 elapsed=2303s
progress: nodes=760,000,000 tested=43 found=0 n=30142729332716143336875 elapsed=2342s
progress: nodes=770,000,000 tested=43 found=0 n=598280992400055426598125 elapsed=2369s
progress: nodes=780,000,000 tested=43 found=0 n=178003447501424369158125 elapsed=2396s
progress: nodes=790,000,000 tested=43 found=0 n=763258887650167761414375 elapsed=2433s
progress: nodes=800,000,000 tested=43 found=0 n=334482979445317079623125 elapsed=2457s
progress: nodes=810,000,000 tested=43 found=0 n=930149949701940115685625 elapsed=2496s
progress: nodes=820,000,000 tested=43 found=0 n=495243250038357768523125 elapsed=2520s
progress: nodes=830,000,000 tested=43 found=0 n=82913508998116891689375 elapsed=2554s
progress: nodes=840,000,000 tested=43 found=0 n=658879715905971839668125 elapsed=2583s
progress: nodes=850,000,000 tested=43 found=0 n=235112901367030221706875 elapsed=2609s
progress: nodes=860,000,000 tested=43 found=0 n=824689822840448397710625 elapsed=2649s
progress: nodes=870,000,000 tested=43 found=0 n=393492938820362323160625 elapsed=2673s
progress: nodes=880,000,000 tested=43 found=0 n=992290231618222523270625 elapsed=2714s
progress: nodes=890,000,000 tested=43 found=0 n=555495500791338432001875 elapsed=2738s
progress: nodes=900,000,000 tested=43 found=0 n=138261927620306290123125 elapsed=2767s
progress: nodes=910,000,000 tested=43 found=0 n=720156971602791940944375 elapsed=2801s
progress: nodes=920,000,000 tested=43 found=0 n=293413399748616325426875 elapsed=2825s
progress: nodes=930,000,000 tested=43 found=0 n=886796520997984556788125 elapsed=2864s
progress: nodes=940,000,000 tested=43 found=0 n=453408815815941146720625 elapsed=2888s
progress: nodes=950,000,000 tested=43 found=0 n=45631663662187624291875 elapsed=2925s
progress: nodes=960,000,000 tested=43 found=0 n=616555285935022481911875 elapsed=2953s
progress: nodes=970,000,000 tested=43 found=0 n=195295876688031935124375 elapsed=2980s
progress: nodes=980,000,000 tested=43 found=0 n=782052392490717805441875 elapsed=3018s
progress: nodes=990,000,000 tested=43 found=0 n=352625052482668187825625 elapsed=3043s
progress: nodes=1,000,000,000 tested=43 found=0 n=949448138007117035120625 elapsed=3083s
progress: nodes=1,010,000,000 tested=43 found=0 n=514035420828813267058125 elapsed=3106s
progress: nodes=1,020,000,000 tested=43 found=0 n=100136634405962677318125 elapsed=3139s
progress: nodes=1,030,000,000 tested=43 found=0 n=678228158636038107219375 elapsed=3170s
progress: nodes=1,040,000,000 tested=43 found=0 n=253572468055706494468125 elapsed=3194s
progress: nodes=1,050,000,000 tested=43 found=0 n=844532995768089104008125 elapsed=3233s
progress: nodes=1,060,000,000 tested=43 found=0 n=412710404877987871483125 elapsed=3258s
progress: nodes=1,070,000,000 tested=43 found=0 n=11089584545215588025625 elapsed=3298s
progress: nodes=1,080,000,000 tested=43 found=0 n=575316317232895698714375 elapsed=3323s
progress: nodes=1,090,000,000 tested=43 found=0 n=156761518710051673295625 elapsed=3352s
progress: nodes=1,100,000,000 tested=43 found=0 n=740441946708525274475625 elapsed=3388s
progress: nodes=1,110,000,000 tested=43 found=0 n=312868918918161678538125 elapsed=3412s
progress: nodes=1,120,000,000 tested=43 found=0 n=907541089829964364314375 elapsed=3451s
progress: nodes=1,130,000,000 tested=43 found=0 n=473553710736088227238125 elapsed=3475s
progress: nodes=1,140,000,000 tested=43 found=0 n=63585417523645978723125 elapsed=3510s
progress: nodes=1,150,000,000 tested=43 found=0 n=637261115573037988333125 elapsed=3539s
progress: nodes=1,160,000,000 tested=43 found=0 n=214885777131627937025625 elapsed=3564s

done in 3600.0s | nodes=1,168,986,112 | tested=43 | weird=0
