search v2: odd=True, N_CAP=1.00e+24, DELTA_MAX=1.0e+07, MIN_DEPTH=6
SPF shard: smallest prime factor = 3
P2 sub-shard: second prime factor = 5
P3 sub-sub-shard: third prime factor = 13
progress: nodes=10,000,000 tested=358 found=0 n=1599135863310563397885 elapsed=24s
progress: nodes=20,000,000 tested=358 found=0 n=3336777636476654968065 elapsed=66s
progress: nodes=30,000,000 tested=358 found=0 n=5123838676926515514345 elapsed=109s
progress: nodes=40,000,000 tested=358 found=0 n=6943137375091190944905 elapsed=151s
progress: nodes=50,000,000 tested=358 found=0 n=8786215505251520789895 elapsed=194s
progress: nodes=60,000,000 tested=358 found=0 n=10648315795426460109855 elapsed=238s
progress: nodes=70,000,000 tested=358 found=0 n=12526253340583791421665 elapsed=283s
progress: nodes=80,000,000 tested=358 found=0 n=14417635165571323530585 elapsed=330s
progress: nodes=90,000,000 tested=358 found=0 n=16320901488247536238305 elapsed=376s
progress: nodes=100,000,000 tested=358 found=0 n=18234631496398542695145 elapsed=422s
progress: nodes=110,000,000 tested=358 found=0 n=20157852883873437619965 elapsed=467s
progress: nodes=120,000,000 tested=358 found=0 n=22089671771321903352435 elapsed=513s
progress: nodes=130,000,000 tested=358 found=0 n=24029080944521556441915 elapsed=559s
progress: nodes=140,000,000 tested=358 found=0 n=25975901817359029596645 elapsed=606s
progress: nodes=150,000,000 tested=358 found=0 n=27929652246711696386295 elapsed=654s
progress: nodes=160,000,000 tested=358 found=0 n=29889464095694257410915 elapsed=703s
progress: nodes=170,000,000 tested=358 found=0 n=31854999615288980042835 elapsed=750s
progress: nodes=180,000,000 tested=358 found=0 n=33826057197956896515435 elapsed=797s
progress: nodes=190,000,000 tested=358 found=0 n=35802711582774120345465 elapsed=844s
progress: nodes=200,000,000 tested=358 found=0 n=37784327836674401422245 elapsed=891s
progress: nodes=210,000,000 tested=464 found=0 n=39770378453943766812105 elapsed=947s
progress: nodes=220,000,000 tested=464 found=0 n=41761053352392632874135 elapsed=1010s
progress: nodes=230,000,000 tested=464 found=0 n=43755800017806588211695 elapsed=1071s
progress: nodes=240,000,000 tested=464 found=0 n=45754926625801272151935 elapsed=1130s
progress: nodes=250,000,000 tested=464 found=0 n=47757814497940640829255 elapsed=1190s
progress: nodes=260,000,000 tested=464 found=0 n=49764489663114914376195 elapsed=1250s
progress: nodes=270,000,000 tested=464 found=0 n=51774497134890918866595 elapsed=1312s
progress: nodes=280,000,000 tested=464 found=0 n=53788217500755641933055 elapsed=1372s
progress: nodes=290,000,000 tested=464 found=0 n=55805164160094253009755 elapsed=1432s
progress: nodes=300,000,000 tested=464 found=0 n=57825905022475764121935 elapsed=1492s
progress: nodes=310,000,000 tested=464 found=0 n=59848901733944070132255 elapsed=1551s
progress: nodes=320,000,000 tested=464 found=0 n=61875519790845946329495 elapsed=1612s
progress: nodes=330,000,000 tested=464 found=0 n=63904835221283303359515 elapsed=1673s
progress: nodes=340,000,000 tested=464 found=0 n=65937371252493661190595 elapsed=1734s
progress: nodes=350,000,000 tested=464 found=0 n=67972580364802066071885 elapsed=1794s
progress: nodes=360,000,000 tested=464 found=0 n=70010433217526901223995 elapsed=1854s
progress: nodes=370,000,000 tested=464 found=0 n=72050430410427127418955 elapsed=1915s
progress: nodes=380,000,000 tested=464 found=0 n=74092984019860363109955 elapsed=1976s
progress: nodes=390,000,000 tested=464 found=0 n=76138385411863212751755 elapsed=2036s
progress: nodes=400,000,000 tested=464 found=0 n=78186101728150743424695 elapsed=2098s
progress: nodes=410,000,000 tested=464 found=0 n=80236398950326043663355 elapsed=2162s
progress: nodes=420,000,000 tested=464 found=0 n=82288965590982077493735 elapsed=2228s
progress: nodes=430,000,000 tested=464 found=0 n=84343129231154299786215 elapsed=2296s
progress: nodes=440,000,000 tested=464 found=0 n=86399964036956031608835 elapsed=2364s
progress: nodes=450,000,000 tested=464 found=0 n=88458507351185355748845 elapsed=2429s
progress: nodes=460,000,000 tested=464 found=0 n=90519551515458526185855 elapsed=2494s
progress: nodes=470,000,000 tested=464 found=0 n=92582732662359714574605 elapsed=2561s
progress: nodes=480,000,000 tested=464 found=0 n=94648097013755873034915 elapsed=2629s
progress: nodes=490,000,000 tested=464 found=0 n=96714630463318198067295 elapsed=2696s
progress: nodes=500,000,000 tested=464 found=0 n=98783907275562479531145 elapsed=2760s
progress: nodes=510,000,000 tested=464 found=0 n=100854686298482704889145 elapsed=2825s
progress: nodes=520,000,000 tested=464 found=0 n=102927500193446480773845 elapsed=2892s
progress: nodes=530,000,000 tested=464 found=0 n=105001405475838840290205 elapsed=2961s
progress: nodes=540,000,000 tested=464 found=0 n=107077956790049245054665 elapsed=3028s
progress: nodes=550,000,000 tested=464 found=0 n=109155713542623303921495 elapsed=3093s
progress: nodes=560,000,000 tested=464 found=0 n=111235317755651013337335 elapsed=3159s
progress: nodes=570,000,000 tested=464 found=0 n=113316626127023561637135 elapsed=3227s
progress: nodes=580,000,000 tested=464 found=0 n=115399360358854179783435 elapsed=3296s
progress: nodes=590,000,000 tested=464 found=0 n=117484065285581553975585 elapsed=3362s
progress: nodes=600,000,000 tested=464 found=0 n=625016416915338809985 elapsed=3400s
progress: nodes=610,000,000 tested=464 found=0 n=2312173023758163117045 elapsed=3439s
progress: nodes=620,000,000 tested=464 found=0 n=4073709071731095431505 elapsed=3480s
progress: nodes=630,000,000 tested=464 found=0 n=5875633072810504795545 elapsed=3523s
progress: nodes=640,000,000 tested=464 found=0 n=7705695590838292456305 elapsed=3568s
progress: nodes=650,000,000 tested=490 found=0 n=9557233695061639971345 elapsed=3612s
progress: nodes=660,000,000 tested=490 found=0 n=11426463444066588993465 elapsed=3657s
progress: nodes=670,000,000 tested=490 found=0 n=13310326712832087587805 elapsed=3701s
progress: nodes=680,000,000 tested=490 found=0 n=15206967282595723550955 elapsed=3746s
progress: nodes=690,000,000 tested=490 found=0 n=17114928919545267577845 elapsed=3790s
progress: nodes=700,000,000 tested=490 found=0 n=19032712458890487561945 elapsed=3836s
