search v2: odd=True, N_CAP=1.00e+24, DELTA_MAX=1.0e+07, MIN_DEPTH=6
SPF shard: smallest prime factor = 3
P2 sub-shard: second prime factor = 5
P3 sub-sub-shard: third prime factor = 11
progress: nodes=10,000,000 tested=0 found=0 n=632269982931792384848625 elapsed=0s
progress: nodes=20,000,000 tested=0 found=0 n=914998469591115319793625 elapsed=1s
progress: nodes=30,000,000 tested=0 found=0 n=467741362014653087752875 elapsed=1s
progress: nodes=40,000,000 tested=0 found=0 n=897998113808120586034125 elapsed=2s
progress: nodes=50,000,000 tested=0 found=0 n=671822489232737882560125 elapsed=2s
progress: nodes=60,000,000 tested=0 found=0 n=478795829537136400900875 elapsed=3s
progress: nodes=70,000,000 tested=0 found=0 n=556976186704422073796625 elapsed=3s
progress: nodes=80,000,000 tested=0 found=0 n=545920885792679835648375 elapsed=4s
progress: nodes=90,000,000 tested=0 found=0 n=706872761227528831373625 elapsed=4s
progress: nodes=100,000,000 tested=0 found=0 n=704161111300081031557125 elapsed=5s
progress: nodes=110,000,000 tested=0 found=0 n=939654869034068853843375 elapsed=5s
progress: nodes=120,000,000 tested=0 found=0 n=707795842413688941664125 elapsed=6s
progress: nodes=130,000,000 tested=0 found=0 n=920731163036814327490875 elapsed=6s
progress: nodes=140,000,000 tested=0 found=0 n=492367149811912720962375 elapsed=7s
progress: nodes=150,000,000 tested=0 found=0 n=438030490155928849364625 elapsed=7s
progress: nodes=160,000,000 tested=0 found=0 n=508235728909404661072875 elapsed=7s
progress: nodes=170,000,000 tested=0 found=0 n=526632242770384357228875 elapsed=8s
progress: nodes=180,000,000 tested=0 found=0 n=302613809606973490588875 elapsed=9s
progress: nodes=190,000,000 tested=0 found=0 n=433041786448794898414875 elapsed=9s
progress: nodes=200,000,000 tested=0 found=0 n=366985688056270512557625 elapsed=10s
progress: nodes=210,000,000 tested=0 found=0 n=831437859344681839647375 elapsed=10s
progress: nodes=220,000,000 tested=0 found=0 n=473860468815737648299875 elapsed=11s
progress: nodes=230,000,000 tested=0 found=0 n=210213646427212546498875 elapsed=11s
progress: nodes=240,000,000 tested=0 found=0 n=206351947252320487732125 elapsed=12s
progress: nodes=250,000,000 tested=0 found=0 n=257752587625789206814875 elapsed=12s
progress: nodes=260,000,000 tested=0 found=0 n=736437508243420395839625 elapsed=13s
progress: nodes=270,000,000 tested=0 found=0 n=513384868887291846187875 elapsed=13s
progress: nodes=280,000,000 tested=0 found=0 n=267859152488287364882625 elapsed=14s
progress: nodes=290,000,000 tested=0 found=0 n=489360144083451459773625 elapsed=14s
progress: nodes=300,000,000 tested=0 found=0 n=98737510231933608209625 elapsed=15s
progress: nodes=310,000,000 tested=0 found=0 n=242134298378653668557625 elapsed=15s
progress: nodes=320,000,000 tested=0 found=0 n=96421455072443871451125 elapsed=16s
progress: nodes=330,000,000 tested=0 found=0 n=316562578679597218365375 elapsed=16s
progress: nodes=340,000,000 tested=0 found=0 n=176466494160970304209875 elapsed=17s
progress: nodes=350,000,000 tested=0 found=0 n=317697165637833686128875 elapsed=17s
progress: nodes=360,000,000 tested=0 found=0 n=139163284377552708293625 elapsed=18s
progress: nodes=370,000,000 tested=0 found=0 n=195751566275722615904625 elapsed=18s
progress: nodes=380,000,000 tested=0 found=0 n=150958866404223388900125 elapsed=19s
progress: nodes=390,000,000 tested=0 found=0 n=141963742439815917790125 elapsed=19s
progress: nodes=400,000,000 tested=0 found=0 n=770707571761376032892625 elapsed=20s
progress: nodes=410,000,000 tested=0 found=0 n=111603894041937604192875 elapsed=20s
progress: nodes=420,000,000 tested=0 found=0 n=108146261239636517605125 elapsed=20s
progress: nodes=430,000,000 tested=0 found=0 n=99301258038752929504125 elapsed=21s
progress: nodes=440,000,000 tested=0 found=0 n=337866175491351389697375 elapsed=21s
progress: nodes=450,000,000 tested=0 found=0 n=75631946201361475113375 elapsed=22s
progress: nodes=460,000,000 tested=0 found=0 n=82812321818665196905125 elapsed=22s
progress: nodes=470,000,000 tested=0 found=0 n=84500415388590948239625 elapsed=23s
progress: nodes=480,000,000 tested=0 found=0 n=706561785755441437474125 elapsed=23s
progress: nodes=490,000,000 tested=0 found=0 n=136690017213717092280375 elapsed=24s
progress: nodes=500,000,000 tested=0 found=0 n=89550835086399935452875 elapsed=24s
progress: nodes=510,000,000 tested=0 found=0 n=146507235777538197717375 elapsed=25s
progress: nodes=520,000,000 tested=0 found=0 n=30227354263897671115125 elapsed=25s
progress: nodes=530,000,000 tested=0 found=0 n=66432372927635139195375 elapsed=26s
progress: nodes=540,000,000 tested=0 found=0 n=32504807983985371868625 elapsed=26s
progress: nodes=550,000,000 tested=0 found=0 n=26592939652393734134625 elapsed=27s
progress: nodes=560,000,000 tested=0 found=0 n=45929640632842683993375 elapsed=27s
progress: nodes=570,000,000 tested=0 found=0 n=41250537019274791093875 elapsed=28s
progress: nodes=580,000,000 tested=0 found=0 n=44111165612701440119625 elapsed=28s
progress: nodes=590,000,000 tested=0 found=0 n=17253848862879295998375 elapsed=29s
progress: nodes=600,000,000 tested=0 found=0 n=39936593841818235197625 elapsed=29s
progress: nodes=610,000,000 tested=0 found=0 n=38906572669307029751625 elapsed=30s
progress: nodes=620,000,000 tested=0 found=0 n=89728881217281790592625 elapsed=30s
progress: nodes=630,000,000 tested=0 found=0 n=25675282277534277394875 elapsed=31s
progress: nodes=640,000,000 tested=0 found=0 n=25336166394828652320375 elapsed=31s
progress: nodes=650,000,000 tested=0 found=0 n=30265047593925282752625 elapsed=32s
progress: nodes=660,000,000 tested=0 found=0 n=26159491672809999805125 elapsed=32s
progress: nodes=670,000,000 tested=0 found=0 n=662494168412251368917625 elapsed=33s
progress: nodes=680,000,000 tested=0 found=0 n=665795155669889168743875 elapsed=33s
progress: nodes=690,000,000 tested=0 found=0 n=314666297251047412963875 elapsed=33s
progress: nodes=700,000,000 tested=0 found=0 n=817438192727108138962875 elapsed=34s
progress: nodes=710,000,000 tested=0 found=0 n=641776632192689618530125 elapsed=34s
progress: nodes=720,000,000 tested=0 found=0 n=394144407426377602949625 elapsed=35s
progress: nodes=730,000,000 tested=0 found=0 n=338838265479662671845375 elapsed=35s
progress: nodes=740,000,000 tested=0 found=0 n=645734397442911026542875 elapsed=36s
progress: nodes=750,000,000 tested=0 found=0 n=404705243506258325453625 elapsed=36s
progress: nodes=760,000,000 tested=0 found=0 n=606576859335966551385375 elapsed=37s
progress: nodes=770,000,000 tested=0 found=0 n=592504436371538909455875 elapsed=37s
progress: nodes=780,000,000 tested=0 found=0 n=425154329834542433569125 elapsed=38s
progress: nodes=790,000,000 tested=0 found=0 n=748586529058555129993875 elapsed=38s
progress: nodes=800,000,000 tested=0 found=0 n=993821213669074536252375 elapsed=39s
progress: nodes=810,000,000 tested=0 found=0 n=382268029816401764173875 elapsed=39s
progress: nodes=820,000,000 tested=0 found=0 n=323566409542953657106125 elapsed=40s
progress: nodes=830,000,000 tested=0 found=0 n=119980104947655249812625 elapsed=40s
progress: nodes=840,000,000 tested=0 found=0 n=267985381602306344860125 elapsed=41s
progress: nodes=850,000,000 tested=0 found=0 n=82157384308555953874125 elapsed=41s
progress: nodes=860,000,000 tested=0 found=0 n=60634916158121925951375 elapsed=42s
progress: nodes=870,000,000 tested=0 found=0 n=161422856196116033982375 elapsed=42s
progress: nodes=880,000,000 tested=0 found=0 n=170346947004038439397125 elapsed=43s
progress: nodes=890,000,000 tested=0 found=0 n=113891549375818525447125 elapsed=43s
progress: nodes=900,000,000 tested=0 found=0 n=46603490626028396003625 elapsed=44s
progress: nodes=910,000,000 tested=0 found=0 n=136710192116793953678625 elapsed=44s
progress: nodes=920,000,000 tested=0 found=0 n=32255109132275210803875 elapsed=45s
progress: nodes=930,000,000 tested=0 found=0 n=179829755523013423620375 elapsed=45s
progress: nodes=940,000,000 tested=0 found=0 n=105639790644715582195875 elapsed=46s
progress: nodes=950,000,000 tested=0 found=0 n=38827956546419791669875 elapsed=46s
progress: nodes=960,000,000 tested=0 found=0 n=33850039672553623187625 elapsed=46s
progress: nodes=970,000,000 tested=0 found=0 n=47279280593327519545875 elapsed=47s
progress: nodes=980,000,000 tested=0 found=0 n=186840016291409328428625 elapsed=47s
progress: nodes=990,000,000 tested=0 found=0 n=33378520892636465753625 elapsed=48s
progress: nodes=1,000,000,000 tested=0 found=0 n=15403327579508895316125 elapsed=48s
progress: nodes=1,010,000,000 tested=0 found=0 n=127061066177931117634875 elapsed=49s
progress: nodes=1,020,000,000 tested=0 found=0 n=73097019430939273064625 elapsed=49s
progress: nodes=1,030,000,000 tested=0 found=0 n=167782863674415740639625 elapsed=50s
progress: nodes=1,040,000,000 tested=0 found=0 n=12172434424974724242375 elapsed=50s
progress: nodes=1,050,000,000 tested=0 found=0 n=10575976168491742688625 elapsed=51s
progress: nodes=1,060,000,000 tested=0 found=0 n=11383658687714667490125 elapsed=51s
progress: nodes=1,070,000,000 tested=0 found=0 n=148540792561206471892125 elapsed=52s
progress: nodes=1,080,000,000 tested=0 found=0 n=12863088986039853276375 elapsed=52s
progress: nodes=1,090,000,000 tested=0 found=0 n=15758980741656922039875 elapsed=53s
progress: nodes=1,100,000,000 tested=0 found=0 n=659804352182993715526125 elapsed=53s
progress: nodes=1,110,000,000 tested=0 found=0 n=419835274904001700024875 elapsed=54s
progress: nodes=1,120,000,000 tested=0 found=0 n=701200051860789013537125 elapsed=54s
progress: nodes=1,130,000,000 tested=0 found=0 n=935840251148537170123875 elapsed=55s
progress: nodes=1,140,000,000 tested=0 found=0 n=234780287431497490447875 elapsed=55s
progress: nodes=1,150,000,000 tested=0 found=0 n=210218710491939109987125 elapsed=56s
progress: nodes=1,160,000,000 tested=0 found=0 n=388863313289024357383875 elapsed=56s
progress: nodes=1,170,000,000 tested=0 found=0 n=294684767795640243544875 elapsed=57s
progress: nodes=1,180,000,000 tested=0 found=0 n=183421850075899287422625 elapsed=57s
progress: nodes=1,190,000,000 tested=0 found=0 n=312652383560727477559875 elapsed=58s
progress: nodes=1,200,000,000 tested=0 found=0 n=564165537614001503222625 elapsed=58s
progress: nodes=1,210,000,000 tested=0 found=0 n=442249496888975604340875 elapsed=58s
progress: nodes=1,220,000,000 tested=0 found=0 n=35418967269681761778375 elapsed=59s
progress: nodes=1,230,000,000 tested=0 found=0 n=166829313953631079166625 elapsed=59s
progress: nodes=1,240,000,000 tested=0 found=0 n=646315740134343183353625 elapsed=60s
progress: nodes=1,250,000,000 tested=0 found=0 n=23792686554503704773375 elapsed=60s
progress: nodes=1,260,000,000 tested=0 found=0 n=337723169452762841413875 elapsed=61s
progress: nodes=1,270,000,000 tested=0 found=0 n=36563246842236978958875 elapsed=61s
progress: nodes=1,280,000,000 tested=0 found=0 n=718760189484291680710875 elapsed=62s
progress: nodes=1,290,000,000 tested=0 found=0 n=8792221083793102605375 elapsed=62s
progress: nodes=1,300,000,000 tested=0 found=0 n=15933517021320207618375 elapsed=63s
progress: nodes=1,310,000,000 tested=0 found=0 n=10394702675964370207125 elapsed=63s
progress: nodes=1,320,000,000 tested=0 found=0 n=43028164395419343537375 elapsed=64s
progress: nodes=1,330,000,000 tested=0 found=0 n=40208637489370071987375 elapsed=64s
progress: nodes=1,340,000,000 tested=0 found=0 n=37596701410285716777375 elapsed=65s
progress: nodes=1,350,000,000 tested=0 found=0 n=10091618097342730603875 elapsed=65s
progress: nodes=1,360,000,000 tested=0 found=0 n=799649215868824170881625 elapsed=66s
progress: nodes=1,370,000,000 tested=0 found=0 n=914825197069656389265375 elapsed=67s
progress: nodes=1,380,000,000 tested=0 found=0 n=890685749814468992863875 elapsed=67s
progress: nodes=1,390,000,000 tested=0 found=0 n=749252658158014474888875 elapsed=68s
progress: nodes=1,400,000,000 tested=0 found=0 n=495639956679424736713875 elapsed=68s
progress: nodes=1,410,000,000 tested=0 found=0 n=418062210889148703763875 elapsed=69s
progress: nodes=1,420,000,000 tested=0 found=0 n=331924978243065720112875 elapsed=69s
progress: nodes=1,430,000,000 tested=0 found=0 n=685463373320102073662625 elapsed=69s
progress: nodes=1,440,000,000 tested=0 found=0 n=648239848536989478094875 elapsed=70s
progress: nodes=1,450,000,000 tested=0 found=0 n=631437814018352045640375 elapsed=70s
progress: nodes=1,460,000,000 tested=0 found=0 n=371243420971375254526125 elapsed=71s
progress: nodes=1,470,000,000 tested=0 found=0 n=458917628258255813101125 elapsed=71s
progress: nodes=1,480,000,000 tested=0 found=0 n=467558478052727397100875 elapsed=72s
progress: nodes=1,490,000,000 tested=0 found=0 n=67477444116697048141125 elapsed=72s
progress: nodes=1,500,000,000 tested=0 found=0 n=241700980669579491674625 elapsed=73s
progress: nodes=1,510,000,000 tested=0 found=0 n=93632197235090779027125 elapsed=73s
progress: nodes=1,520,000,000 tested=0 found=0 n=276270780988189289894625 elapsed=74s
progress: nodes=1,530,000,000 tested=0 found=0 n=31290577317150675368625 elapsed=74s
progress: nodes=1,540,000,000 tested=0 found=0 n=41536206503131445782875 elapsed=75s
progress: nodes=1,550,000,000 tested=0 found=0 n=31018379541661979366625 elapsed=75s
progress: nodes=1,560,000,000 tested=0 found=0 n=14064128314696999922625 elapsed=76s
progress: nodes=1,570,000,000 tested=0 found=0 n=10097968782150545335875 elapsed=76s
progress: nodes=1,580,000,000 tested=0 found=0 n=364449534801860938332375 elapsed=77s
progress: nodes=1,590,000,000 tested=0 found=0 n=5118007194603994766625 elapsed=77s
progress: nodes=1,600,000,000 tested=0 found=0 n=117675496165945766684625 elapsed=78s
progress: nodes=1,610,000,000 tested=0 found=0 n=27244304586171935843625 elapsed=78s
progress: nodes=1,620,000,000 tested=0 found=0 n=5782422149518776163875 elapsed=79s
progress: nodes=1,630,000,000 tested=0 found=0 n=701082702532163350958625 elapsed=79s
progress: nodes=1,640,000,000 tested=0 found=0 n=712997401625218468823625 elapsed=80s
progress: nodes=1,650,000,000 tested=0 found=0 n=913101213421890249582375 elapsed=81s
progress: nodes=1,660,000,000 tested=0 found=0 n=613613333633506468750125 elapsed=81s
progress: nodes=1,670,000,000 tested=0 found=0 n=825810686942488907331375 elapsed=82s
progress: nodes=1,680,000,000 tested=0 found=0 n=575659689712257172930875 elapsed=82s
progress: nodes=1,690,000,000 tested=0 found=0 n=330573128364688607132625 elapsed=83s
progress: nodes=1,700,000,000 tested=0 found=0 n=74227052045344033526625 elapsed=83s
progress: nodes=1,710,000,000 tested=0 found=0 n=123501223441309851880875 elapsed=83s
progress: nodes=1,720,000,000 tested=0 found=0 n=480883566782334291357375 elapsed=84s
progress: nodes=1,730,000,000 tested=0 found=0 n=49596198952592848384125 elapsed=84s
progress: nodes=1,740,000,000 tested=0 found=0 n=40234730621536240898625 elapsed=85s
progress: nodes=1,750,000,000 tested=0 found=0 n=34491834548086202557875 elapsed=85s
progress: nodes=1,760,000,000 tested=0 found=0 n=11127222800781041455875 elapsed=86s
progress: nodes=1,770,000,000 tested=0 found=0 n=9390662565452968375125 elapsed=86s
progress: nodes=1,780,000,000 tested=0 found=0 n=10727384532620016331125 elapsed=87s
progress: nodes=1,790,000,000 tested=0 found=0 n=4949049329047805342625 elapsed=87s
progress: nodes=1,800,000,000 tested=0 found=0 n=646905594121830752828625 elapsed=88s
progress: nodes=1,810,000,000 tested=0 found=0 n=451689263108068049620875 elapsed=89s
progress: nodes=1,820,000,000 tested=0 found=0 n=281985934843193547940875 elapsed=89s
progress: nodes=1,830,000,000 tested=0 found=0 n=481439915179133734357875 elapsed=90s
progress: nodes=1,840,000,000 tested=0 found=0 n=242806899534578317261125 elapsed=90s
progress: nodes=1,850,000,000 tested=0 found=0 n=102878444362825288537875 elapsed=91s
progress: nodes=1,860,000,000 tested=0 found=0 n=492239692387694926409625 elapsed=91s
progress: nodes=1,870,000,000 tested=0 found=0 n=65349859105772657101125 elapsed=92s
progress: nodes=1,880,000,000 tested=0 found=0 n=17181013989882002522625 elapsed=92s
progress: nodes=1,890,000,000 tested=0 found=0 n=229231534714604342996625 elapsed=93s
progress: nodes=1,900,000,000 tested=0 found=0 n=4688637157428124514625 elapsed=93s
progress: nodes=1,910,000,000 tested=0 found=0 n=10671070397050510808625 elapsed=94s
progress: nodes=1,920,000,000 tested=0 found=0 n=29199827889566278572375 elapsed=94s
progress: nodes=1,930,000,000 tested=0 found=0 n=934543585120693964625 elapsed=95s
progress: nodes=1,940,000,000 tested=0 found=0 n=649542909358610903084625 elapsed=95s
progress: nodes=1,950,000,000 tested=0 found=0 n=654267275465681934205875 elapsed=96s
progress: nodes=1,960,000,000 tested=0 found=0 n=665123871398983778912625 elapsed=97s
progress: nodes=1,970,000,000 tested=0 found=0 n=426462073817336595361125 elapsed=97s
progress: nodes=1,980,000,000 tested=0 found=0 n=837765803368516030581375 elapsed=98s
progress: nodes=1,990,000,000 tested=0 found=0 n=265034548106760657295125 elapsed=98s
progress: nodes=2,000,000,000 tested=0 found=0 n=242648007809041133974125 elapsed=99s
progress: nodes=2,010,000,000 tested=0 found=0 n=865775142236566552777875 elapsed=99s
progress: nodes=2,020,000,000 tested=0 found=0 n=146049882982547462287875 elapsed=100s
progress: nodes=2,030,000,000 tested=0 found=0 n=366724523424506729884875 elapsed=100s
progress: nodes=2,040,000,000 tested=0 found=0 n=119736533885670329846625 elapsed=101s
progress: nodes=2,050,000,000 tested=0 found=0 n=52231797213842954824875 elapsed=101s
progress: nodes=2,060,000,000 tested=0 found=0 n=27783022271446664380125 elapsed=102s
progress: nodes=2,070,000,000 tested=0 found=0 n=44844432421703260264875 elapsed=102s
progress: nodes=2,080,000,000 tested=0 found=0 n=39617433310179357975375 elapsed=102s
progress: nodes=2,090,000,000 tested=0 found=0 n=4668757592177111189625 elapsed=103s
progress: nodes=2,100,000,000 tested=0 found=0 n=2862528034237888710375 elapsed=103s
progress: nodes=2,110,000,000 tested=0 found=0 n=312949985218237144564875 elapsed=104s
progress: nodes=2,120,000,000 tested=0 found=0 n=940809824315889201988875 elapsed=105s
progress: nodes=2,130,000,000 tested=0 found=0 n=115021276647068228988375 elapsed=105s
progress: nodes=2,140,000,000 tested=0 found=0 n=341513144836471323502875 elapsed=106s
progress: nodes=2,150,000,000 tested=0 found=0 n=85698707130675580825125 elapsed=106s
progress: nodes=2,160,000,000 tested=0 found=0 n=168694014955808843461125 elapsed=107s
progress: nodes=2,170,000,000 tested=0 found=0 n=6022556259968901299625 elapsed=107s
progress: nodes=2,180,000,000 tested=0 found=0 n=7510212862912012683375 elapsed=108s
progress: nodes=2,190,000,000 tested=0 found=0 n=5382691105677205852125 elapsed=108s
progress: nodes=2,200,000,000 tested=0 found=0 n=1572461687879123221125 elapsed=109s
progress: nodes=2,210,000,000 tested=0 found=0 n=493809269733590851420875 elapsed=109s
progress: nodes=2,220,000,000 tested=0 found=0 n=991702778930448385667625 elapsed=110s
progress: nodes=2,230,000,000 tested=0 found=0 n=892222635782960221892625 elapsed=111s
progress: nodes=2,240,000,000 tested=0 found=0 n=610621238248035623717625 elapsed=111s
progress: nodes=2,250,000,000 tested=0 found=0 n=764025258352527563398875 elapsed=112s
progress: nodes=2,260,000,000 tested=0 found=0 n=83015575755105307656375 elapsed=112s
progress: nodes=2,270,000,000 tested=0 found=0 n=157546422888538772842875 elapsed=113s
progress: nodes=2,280,000,000 tested=0 found=0 n=602454509704729709985375 elapsed=113s
progress: nodes=2,290,000,000 tested=0 found=0 n=327674716409418802466625 elapsed=114s
progress: nodes=2,300,000,000 tested=0 found=0 n=133937378661144841212375 elapsed=114s
progress: nodes=2,310,000,000 tested=0 found=0 n=7340699049780051066375 elapsed=115s
progress: nodes=2,320,000,000 tested=0 found=0 n=431785793220408414896625 elapsed=115s
progress: nodes=2,330,000,000 tested=0 found=0 n=719726713505110096223625 elapsed=116s
progress: nodes=2,340,000,000 tested=0 found=0 n=105617020667153420044125 elapsed=117s
progress: nodes=2,350,000,000 tested=0 found=0 n=387182865154902592334625 elapsed=118s
progress: nodes=2,360,000,000 tested=0 found=0 n=647207279002959410377125 elapsed=118s
progress: nodes=2,370,000,000 tested=0 found=0 n=600362891072669469182625 elapsed=119s
progress: nodes=2,380,000,000 tested=0 found=0 n=81361862655890845161375 elapsed=119s
progress: nodes=2,390,000,000 tested=0 found=0 n=27425535557100484951125 elapsed=119s
progress: nodes=2,400,000,000 tested=0 found=0 n=472537035458844037369875 elapsed=120s
progress: nodes=2,410,000,000 tested=0 found=0 n=2846057616404129296125 elapsed=121s
progress: nodes=2,420,000,000 tested=0 found=0 n=10490780256403883497875 elapsed=121s
progress: nodes=2,430,000,000 tested=0 found=0 n=864608057784698709747375 elapsed=122s
progress: nodes=2,440,000,000 tested=0 found=0 n=552304543620851285974875 elapsed=123s
progress: nodes=2,450,000,000 tested=0 found=0 n=294751692566465179530375 elapsed=123s
progress: nodes=2,460,000,000 tested=0 found=0 n=745626313698955073314875 elapsed=124s
progress: nodes=2,470,000,000 tested=0 found=0 n=458744528422733841102375 elapsed=124s
progress: nodes=2,480,000,000 tested=0 found=0 n=607518551933223626111625 elapsed=125s
progress: nodes=2,490,000,000 tested=0 found=0 n=64195766816236033361625 elapsed=125s
progress: nodes=2,500,000,000 tested=0 found=0 n=69488018891752428383625 elapsed=126s
progress: nodes=2,510,000,000 tested=0 found=0 n=5163991818393045688875 elapsed=126s
progress: nodes=2,520,000,000 tested=0 found=0 n=45607804216785449137125 elapsed=127s
progress: nodes=2,530,000,000 tested=0 found=0 n=1000144771902645323625 elapsed=127s
progress: nodes=2,540,000,000 tested=0 found=0 n=567983110471156218477375 elapsed=128s
progress: nodes=2,550,000,000 tested=0 found=0 n=967805440200102393412875 elapsed=129s
progress: nodes=2,560,000,000 tested=0 found=0 n=434484987981214895789625 elapsed=130s
progress: nodes=2,570,000,000 tested=0 found=0 n=425100204479205670226625 elapsed=130s
progress: nodes=2,580,000,000 tested=0 found=0 n=350556648238425889618875 elapsed=131s
progress: nodes=2,590,000,000 tested=0 found=0 n=435690201329951278924125 elapsed=131s
progress: nodes=2,600,000,000 tested=0 found=0 n=105803270721477423901125 elapsed=132s
progress: nodes=2,610,000,000 tested=0 found=0 n=131943764158744281220125 elapsed=132s
progress: nodes=2,620,000,000 tested=0 found=0 n=189248284469605333908375 elapsed=133s
progress: nodes=2,630,000,000 tested=0 found=0 n=227873991256416655214625 elapsed=133s
progress: nodes=2,640,000,000 tested=0 found=0 n=916045496318978896402125 elapsed=134s
progress: nodes=2,650,000,000 tested=0 found=0 n=703652232816543476824875 elapsed=134s
progress: nodes=2,660,000,000 tested=0 found=0 n=739151017031577493666125 elapsed=135s
progress: nodes=2,670,000,000 tested=0 found=0 n=136615787029052039473875 elapsed=136s
progress: nodes=2,680,000,000 tested=0 found=0 n=143472303489885357598875 elapsed=137s
progress: nodes=2,690,000,000 tested=0 found=0 n=64076047542447230032875 elapsed=137s
progress: nodes=2,700,000,000 tested=0 found=0 n=22783923625911942668625 elapsed=138s
progress: nodes=2,710,000,000 tested=0 found=0 n=199452038059986413761125 elapsed=138s
progress: nodes=2,720,000,000 tested=0 found=0 n=822574446334354952778375 elapsed=139s
progress: nodes=2,730,000,000 tested=0 found=0 n=753034787813148161545125 elapsed=139s
progress: nodes=2,740,000,000 tested=0 found=0 n=877842609198906235363875 elapsed=140s
progress: nodes=2,750,000,000 tested=0 found=0 n=912092982337705316680125 elapsed=141s
progress: nodes=2,760,000,000 tested=0 found=0 n=980535885030427222369125 elapsed=142s
progress: nodes=2,770,000,000 tested=0 found=0 n=964576735531964099485875 elapsed=142s
progress: nodes=2,780,000,000 tested=0 found=0 n=35170594592500030541625 elapsed=143s
progress: nodes=2,790,000,000 tested=0 found=0 n=409311318408085584550125 elapsed=144s
progress: nodes=2,800,000,000 tested=0 found=0 n=764514683337517003002375 elapsed=144s
progress: nodes=2,810,000,000 tested=0 found=0 n=897725650545302411905875 elapsed=145s
progress: nodes=2,820,000,000 tested=0 found=0 n=938949944009653924808625 elapsed=145s
progress: nodes=2,830,000,000 tested=0 found=0 n=688150202998817721702375 elapsed=146s
progress: nodes=2,840,000,000 tested=0 found=0 n=659867964595727425102125 elapsed=147s
progress: nodes=2,850,000,000 tested=0 found=0 n=493571180573650026205875 elapsed=148s
progress: nodes=2,860,000,000 tested=0 found=0 n=539320926683076543336375 elapsed=148s
progress: nodes=2,870,000,000 tested=0 found=0 n=197111479115877815597625 elapsed=149s
progress: nodes=2,880,000,000 tested=0 found=0 n=64782065578655354230125 elapsed=150s
progress: nodes=2,890,000,000 tested=0 found=0 n=4664334179293345024875 elapsed=150s
progress: nodes=2,900,000,000 tested=0 found=0 n=196834453099738589730375 elapsed=151s
progress: nodes=2,910,000,000 tested=0 found=0 n=989131917452699987839125 elapsed=151s
progress: nodes=2,920,000,000 tested=0 found=0 n=315441580810212062501625 elapsed=152s
progress: nodes=2,930,000,000 tested=0 found=0 n=490944601283071009894875 elapsed=153s
progress: nodes=2,940,000,000 tested=0 found=0 n=713378501314708124152125 elapsed=154s
progress: nodes=2,950,000,000 tested=0 found=0 n=912809732468191776912375 elapsed=154s
progress: nodes=2,960,000,000 tested=0 found=0 n=926987453073001743253875 elapsed=155s
progress: nodes=2,970,000,000 tested=0 found=0 n=882077193380151815545125 elapsed=156s
progress: nodes=2,980,000,000 tested=0 found=0 n=688009135309416789152625 elapsed=157s
progress: nodes=2,990,000,000 tested=0 found=0 n=517533560559521764792875 elapsed=157s
progress: nodes=3,000,000,000 tested=0 found=0 n=897037081410050283396375 elapsed=158s
progress: nodes=3,010,000,000 tested=0 found=0 n=774613297948497216820875 elapsed=158s
progress: nodes=3,020,000,000 tested=0 found=0 n=385071161216866538151375 elapsed=159s
progress: nodes=3,030,000,000 tested=0 found=0 n=3661069746845513437875 elapsed=159s
progress: nodes=3,040,000,000 tested=0 found=0 n=388334051508798674222625 elapsed=160s
progress: nodes=3,050,000,000 tested=0 found=0 n=797600289466372220618625 elapsed=160s
progress: nodes=3,060,000,000 tested=0 found=0 n=914329227769404864726375 elapsed=161s
progress: nodes=3,070,000,000 tested=0 found=0 n=954708135446416672987875 elapsed=162s
progress: nodes=3,080,000,000 tested=0 found=0 n=874160940690800804658375 elapsed=162s
progress: nodes=3,090,000,000 tested=0 found=0 n=842947886696407401702375 elapsed=163s
progress: nodes=3,100,000,000 tested=0 found=0 n=963019017146776709332125 elapsed=164s
progress: nodes=3,110,000,000 tested=0 found=0 n=733221439009502811625125 elapsed=165s
progress: nodes=3,120,000,000 tested=0 found=0 n=82633016834614193099625 elapsed=166s
progress: nodes=3,130,000,000 tested=0 found=0 n=808828750032084993630375 elapsed=166s
progress: nodes=3,140,000,000 tested=0 found=0 n=114575078674163608540875 elapsed=167s
progress: nodes=3,150,000,000 tested=0 found=0 n=406440006042061721948625 elapsed=167s
progress: nodes=3,160,000,000 tested=0 found=0 n=20189259755142985027125 elapsed=168s
progress: nodes=3,170,000,000 tested=0 found=0 n=3811767402729543134625 elapsed=168s
progress: nodes=3,180,000,000 tested=0 found=0 n=12323110807439627468625 elapsed=169s
progress: nodes=3,190,000,000 tested=0 found=0 n=317787208148009989125 elapsed=169s
progress: nodes=3,200,000,000 tested=0 found=0 n=456826295397837160125 elapsed=170s
progress: nodes=3,210,000,000 tested=0 found=0 n=805706939470439804725125 elapsed=171s
progress: nodes=3,220,000,000 tested=0 found=0 n=706599956589639125347125 elapsed=172s
progress: nodes=3,230,000,000 tested=0 found=0 n=913441192120769605833375 elapsed=172s
progress: nodes=3,240,000,000 tested=0 found=0 n=820252892901929999477625 elapsed=173s
progress: nodes=3,250,000,000 tested=0 found=0 n=676126189772277960238875 elapsed=174s
progress: nodes=3,260,000,000 tested=0 found=0 n=365424055616793600986625 elapsed=175s
progress: nodes=3,270,000,000 tested=0 found=0 n=978859017017037618449625 elapsed=175s
progress: nodes=3,280,000,000 tested=0 found=0 n=555829926459384526945875 elapsed=176s
progress: nodes=3,290,000,000 tested=0 found=0 n=647835122458460510652375 elapsed=177s
progress: nodes=3,300,000,000 tested=0 found=0 n=15006136951588948493625 elapsed=178s
progress: nodes=3,310,000,000 tested=0 found=0 n=660961562546441356410375 elapsed=178s
progress: nodes=3,320,000,000 tested=0 found=0 n=876108926257807402004625 elapsed=179s
progress: nodes=3,330,000,000 tested=0 found=0 n=856861124759847783786375 elapsed=179s
progress: nodes=3,340,000,000 tested=0 found=0 n=553106321235924904094625 elapsed=180s
progress: nodes=3,350,000,000 tested=0 found=0 n=744565932371053932838875 elapsed=181s
progress: nodes=3,360,000,000 tested=0 found=0 n=832784788426924956904875 elapsed=182s
progress: nodes=3,370,000,000 tested=0 found=0 n=373458636375893132625 elapsed=182s
progress: nodes=3,380,000,000 tested=0 found=0 n=711759227217773444461125 elapsed=183s
progress: nodes=3,390,000,000 tested=0 found=0 n=968576138381308572113625 elapsed=184s
progress: nodes=3,400,000,000 tested=0 found=0 n=422436558750755454687375 elapsed=185s
progress: nodes=3,410,000,000 tested=0 found=0 n=904170288057132097200375 elapsed=186s
progress: nodes=3,420,000,000 tested=0 found=0 n=620480858903523690150375 elapsed=186s
progress: nodes=3,430,000,000 tested=0 found=0 n=725335344718680725110125 elapsed=187s
progress: nodes=3,440,000,000 tested=0 found=0 n=735373622340979716340125 elapsed=188s
progress: nodes=3,450,000,000 tested=0 found=0 n=837291355833333164952375 elapsed=189s
progress: nodes=3,460,000,000 tested=0 found=0 n=507710732907515314183875 elapsed=189s
progress: nodes=3,470,000,000 tested=0 found=0 n=838395407212657497880875 elapsed=190s
progress: nodes=3,480,000,000 tested=0 found=0 n=660350162791598169070125 elapsed=190s
progress: nodes=3,490,000,000 tested=0 found=0 n=71888108750508490567875 elapsed=191s
progress: nodes=3,500,000,000 tested=0 found=0 n=5054298117031406269125 elapsed=191s
progress: nodes=3,510,000,000 tested=0 found=0 n=999247978266277302622125 elapsed=192s
progress: nodes=3,520,000,000 tested=0 found=0 n=485789782093998740312625 elapsed=193s
progress: nodes=3,530,000,000 tested=0 found=0 n=739316383299165541579875 elapsed=193s
progress: nodes=3,540,000,000 tested=0 found=0 n=950395353596540417993625 elapsed=194s
progress: nodes=3,550,000,000 tested=0 found=0 n=992301320958541803457875 elapsed=195s
progress: nodes=3,560,000,000 tested=0 found=0 n=945225666923456618481375 elapsed=196s
progress: nodes=3,570,000,000 tested=0 found=0 n=668744337948177291904125 elapsed=196s
progress: nodes=3,580,000,000 tested=0 found=0 n=908522711688552396517125 elapsed=197s
progress: nodes=3,590,000,000 tested=0 found=0 n=922039532307622173765375 elapsed=198s
progress: nodes=3,600,000,000 tested=0 found=0 n=473983954833650130527625 elapsed=199s
progress: nodes=3,610,000,000 tested=0 found=0 n=526843100804476667916375 elapsed=200s
progress: nodes=3,620,000,000 tested=0 found=0 n=229439725432113970125 elapsed=200s
progress: nodes=3,630,000,000 tested=0 found=0 n=690669738509000638125375 elapsed=201s
progress: nodes=3,640,000,000 tested=0 found=0 n=211715787077881247415375 elapsed=202s
progress: nodes=3,650,000,000 tested=0 found=0 n=749284859855018034070875 elapsed=203s
progress: nodes=3,660,000,000 tested=0 found=0 n=373811786717603127064875 elapsed=203s
progress: nodes=3,670,000,000 tested=0 found=0 n=546439583188669595151375 elapsed=203s
progress: nodes=3,680,000,000 tested=0 found=0 n=595437248311724580931125 elapsed=204s
progress: nodes=3,690,000,000 tested=0 found=0 n=239405287271948101495125 elapsed=204s
progress: nodes=3,700,000,000 tested=0 found=0 n=12224340882399974340375 elapsed=205s
progress: nodes=3,710,000,000 tested=0 found=0 n=132052515773309371263375 elapsed=205s
progress: nodes=3,720,000,000 tested=0 found=0 n=567079996543883823713625 elapsed=206s
progress: nodes=3,730,000,000 tested=0 found=0 n=713247236028322460796375 elapsed=207s
progress: nodes=3,740,000,000 tested=0 found=0 n=839950112426700140996625 elapsed=208s
progress: nodes=3,750,000,000 tested=0 found=0 n=735655194426961805497875 elapsed=208s
progress: nodes=3,760,000,000 tested=0 found=0 n=566024626984264400836125 elapsed=209s
progress: nodes=3,770,000,000 tested=0 found=0 n=620219217850665093799875 elapsed=210s
progress: nodes=3,780,000,000 tested=0 found=0 n=658570430399267330047125 elapsed=211s
progress: nodes=3,790,000,000 tested=0 found=0 n=830310461765810710108875 elapsed=212s
progress: nodes=3,800,000,000 tested=0 found=0 n=847926533718164032963875 elapsed=212s
progress: nodes=3,810,000,000 tested=0 found=0 n=525266901854333857832625 elapsed=213s
progress: nodes=3,820,000,000 tested=0 found=0 n=903888017175438198250875 elapsed=214s
progress: nodes=3,830,000,000 tested=0 found=0 n=722188154446826625149625 elapsed=215s
progress: nodes=3,840,000,000 tested=0 found=0 n=501700284490477217272875 elapsed=216s
progress: nodes=3,850,000,000 tested=0 found=0 n=29707202497557412364625 elapsed=216s
progress: nodes=3,860,000,000 tested=0 found=0 n=947969047942424966613375 elapsed=217s
progress: nodes=3,870,000,000 tested=0 found=0 n=833202941807381363076375 elapsed=217s
progress: nodes=3,880,000,000 tested=0 found=0 n=841018804078599642375 elapsed=218s
progress: nodes=3,890,000,000 tested=0 found=0 n=729925990698101115439125 elapsed=219s
progress: nodes=3,900,000,000 tested=0 found=0 n=90384377631033350539125 elapsed=220s
progress: nodes=3,910,000,000 tested=0 found=0 n=585028198026266352571125 elapsed=220s
progress: nodes=3,920,000,000 tested=0 found=0 n=876479118126607422640125 elapsed=221s
progress: nodes=3,930,000,000 tested=0 found=0 n=430234071560729991138375 elapsed=222s
progress: nodes=3,940,000,000 tested=0 found=0 n=379469345043985890296625 elapsed=223s
progress: nodes=3,950,000,000 tested=0 found=0 n=341977128036835950041625 elapsed=223s
progress: nodes=3,960,000,000 tested=0 found=0 n=710187600033887411093625 elapsed=224s
progress: nodes=3,970,000,000 tested=0 found=0 n=577364977171715298872625 elapsed=225s
progress: nodes=3,980,000,000 tested=0 found=0 n=337692693068623876735125 elapsed=226s
progress: nodes=3,990,000,000 tested=0 found=0 n=279078981892983922604625 elapsed=227s
progress: nodes=4,000,000,000 tested=0 found=0 n=915385147508246418221625 elapsed=227s
progress: nodes=4,010,000,000 tested=0 found=0 n=329769218182980981103875 elapsed=228s
progress: nodes=4,020,000,000 tested=0 found=0 n=63273537522997628396625 elapsed=229s
progress: nodes=4,030,000,000 tested=0 found=0 n=75925525800681876045375 elapsed=230s
progress: nodes=4,040,000,000 tested=0 found=0 n=782650170758365597499625 elapsed=230s
progress: nodes=4,050,000,000 tested=0 found=0 n=584576594615433076482375 elapsed=231s
progress: nodes=4,060,000,000 tested=0 found=0 n=530843059234352946720375 elapsed=232s
progress: nodes=4,070,000,000 tested=0 found=0 n=907584086304158385375 elapsed=233s
progress: nodes=4,080,000,000 tested=0 found=0 n=460730182044300946333875 elapsed=233s
progress: nodes=4,090,000,000 tested=0 found=0 n=480041668838347356670875 elapsed=234s
progress: nodes=4,100,000,000 tested=0 found=0 n=553525609906829868177375 elapsed=235s
progress: nodes=4,110,000,000 tested=0 found=0 n=845150914246033168896375 elapsed=236s
progress: nodes=4,120,000,000 tested=0 found=0 n=957296394991969219675125 elapsed=237s
progress: nodes=4,130,000,000 tested=0 found=0 n=837055264651932097195875 elapsed=238s
progress: nodes=4,140,000,000 tested=0 found=0 n=907867690500084003223875 elapsed=238s
progress: nodes=4,150,000,000 tested=0 found=0 n=666682198586532453067875 elapsed=239s
progress: nodes=4,160,000,000 tested=0 found=0 n=371518683239443059007875 elapsed=240s
progress: nodes=4,170,000,000 tested=0 found=0 n=423357861760109588527875 elapsed=241s
progress: nodes=4,180,000,000 tested=0 found=0 n=344967544160048997457875 elapsed=242s
progress: nodes=4,190,000,000 tested=0 found=0 n=6612484295235339885375 elapsed=242s
progress: nodes=4,200,000,000 tested=0 found=0 n=732650555514161761327125 elapsed=243s
progress: nodes=4,210,000,000 tested=0 found=0 n=729952609475157512907375 elapsed=244s
progress: nodes=4,220,000,000 tested=0 found=0 n=381453270110338484482875 elapsed=245s
progress: nodes=4,230,000,000 tested=0 found=0 n=732219944847474120208875 elapsed=246s
progress: nodes=4,240,000,000 tested=0 found=0 n=773528258058834554557875 elapsed=246s
progress: nodes=4,250,000,000 tested=0 found=0 n=363064937860467577733625 elapsed=247s
progress: nodes=4,260,000,000 tested=0 found=0 n=435476171919899976735375 elapsed=248s
progress: nodes=4,270,000,000 tested=0 found=0 n=857177534321455410743625 elapsed=249s
progress: nodes=4,280,000,000 tested=0 found=0 n=862407243776214481120875 elapsed=250s
progress: nodes=4,290,000,000 tested=0 found=0 n=795230862532652131356375 elapsed=250s
progress: nodes=4,300,000,000 tested=0 found=0 n=469897143273351461336625 elapsed=251s
progress: nodes=4,310,000,000 tested=0 found=0 n=588416497824886876888875 elapsed=252s
progress: nodes=4,320,000,000 tested=0 found=0 n=691164822672430250623875 elapsed=253s
progress: nodes=4,330,000,000 tested=0 found=0 n=405505890447921234959625 elapsed=254s
progress: nodes=4,340,000,000 tested=0 found=0 n=1065057932811173263875 elapsed=254s
progress: nodes=4,350,000,000 tested=0 found=0 n=834927716517556190896125 elapsed=255s
progress: nodes=4,360,000,000 tested=0 found=0 n=538715302097656927827375 elapsed=256s
progress: nodes=4,370,000,000 tested=0 found=0 n=820378654487029663628625 elapsed=257s
progress: nodes=4,380,000,000 tested=0 found=0 n=812657035425180339318375 elapsed=257s
progress: nodes=4,390,000,000 tested=0 found=0 n=996632536212889472568375 elapsed=258s
progress: nodes=4,400,000,000 tested=0 found=0 n=448115437281782664169875 elapsed=259s
progress: nodes=4,410,000,000 tested=0 found=0 n=411032837038943206531125 elapsed=260s
progress: nodes=4,420,000,000 tested=0 found=0 n=626077640699225963683875 elapsed=261s
progress: nodes=4,430,000,000 tested=0 found=0 n=619466047275506296969125 elapsed=261s
progress: nodes=4,440,000,000 tested=0 found=0 n=920538044913037354117875 elapsed=262s
progress: nodes=4,450,000,000 tested=0 found=0 n=836918921454561285379875 elapsed=263s
progress: nodes=4,460,000,000 tested=0 found=0 n=623740982013104993494875 elapsed=264s
progress: nodes=4,470,000,000 tested=0 found=0 n=576351522162614614642875 elapsed=265s
progress: nodes=4,480,000,000 tested=0 found=0 n=435351576235180224373875 elapsed=266s
progress: nodes=4,490,000,000 tested=0 found=0 n=306661186088803825054875 elapsed=266s
progress: nodes=4,500,000,000 tested=0 found=0 n=668511604234183433625 elapsed=267s
progress: nodes=4,510,000,000 tested=0 found=0 n=947000989616180935627125 elapsed=268s
progress: nodes=4,520,000,000 tested=0 found=0 n=831513299507420963882625 elapsed=269s
progress: nodes=4,530,000,000 tested=0 found=0 n=747221167952938039073625 elapsed=269s
progress: nodes=4,540,000,000 tested=0 found=0 n=584433049831897137931125 elapsed=270s
progress: nodes=4,550,000,000 tested=0 found=0 n=477275881982451260482125 elapsed=271s
progress: nodes=4,560,000,000 tested=0 found=0 n=927681032903198154730875 elapsed=272s
progress: nodes=4,570,000,000 tested=0 found=0 n=871834501318320590972625 elapsed=273s
progress: nodes=4,580,000,000 tested=0 found=0 n=876531679217710289692875 elapsed=273s
progress: nodes=4,590,000,000 tested=0 found=0 n=306195965771114429467875 elapsed=274s
progress: nodes=4,600,000,000 tested=0 found=0 n=684656640721002915986625 elapsed=275s
progress: nodes=4,610,000,000 tested=0 found=0 n=728212775346058873773375 elapsed=276s
progress: nodes=4,620,000,000 tested=0 found=0 n=372327540332644425709125 elapsed=277s
progress: nodes=4,630,000,000 tested=0 found=0 n=346016743055885208668625 elapsed=277s
progress: nodes=4,640,000,000 tested=0 found=0 n=216913746779475379635375 elapsed=278s
progress: nodes=4,650,000,000 tested=0 found=0 n=788549317196535929046375 elapsed=279s
progress: nodes=4,660,000,000 tested=0 found=0 n=712025232630341735989125 elapsed=280s
progress: nodes=4,670,000,000 tested=0 found=0 n=921206861008215182416125 elapsed=281s
progress: nodes=4,680,000,000 tested=0 found=0 n=688169000955857985889875 elapsed=281s
progress: nodes=4,690,000,000 tested=0 found=0 n=978989680325808535935375 elapsed=282s
progress: nodes=4,700,000,000 tested=0 found=0 n=541554667449685331025375 elapsed=283s
progress: nodes=4,710,000,000 tested=0 found=0 n=355586498084479466611125 elapsed=284s
progress: nodes=4,720,000,000 tested=0 found=0 n=973678932245390718216375 elapsed=285s
progress: nodes=4,730,000,000 tested=0 found=0 n=750023779795252940550375 elapsed=285s
progress: nodes=4,740,000,000 tested=0 found=0 n=279796091123166502883625 elapsed=286s
progress: nodes=4,750,000,000 tested=0 found=0 n=344495197385577768283875 elapsed=287s
progress: nodes=4,760,000,000 tested=0 found=0 n=999514238321909865171375 elapsed=288s
progress: nodes=4,770,000,000 tested=0 found=0 n=296435396554742290440375 elapsed=289s
progress: nodes=4,780,000,000 tested=0 found=0 n=630125945058340994187375 elapsed=289s
progress: nodes=4,790,000,000 tested=0 found=0 n=509497736907626797658625 elapsed=290s
progress: nodes=4,800,000,000 tested=0 found=0 n=11047481319423856885875 elapsed=291s
progress: nodes=4,810,000,000 tested=0 found=0 n=895044265707007839097125 elapsed=292s
progress: nodes=4,820,000,000 tested=0 found=0 n=804815285782891206767625 elapsed=293s
progress: nodes=4,830,000,000 tested=0 found=0 n=719676825806183385529125 elapsed=293s
progress: nodes=4,840,000,000 tested=0 found=0 n=536549166799785844909875 elapsed=294s
progress: nodes=4,850,000,000 tested=0 found=0 n=500245154379081732913875 elapsed=295s
progress: nodes=4,860,000,000 tested=0 found=0 n=584541245862048045866625 elapsed=296s
progress: nodes=4,870,000,000 tested=0 found=0 n=929307406399664214396375 elapsed=297s
progress: nodes=4,880,000,000 tested=0 found=0 n=968925205115624323573875 elapsed=297s
progress: nodes=4,890,000,000 tested=0 found=0 n=682766147916505577813625 elapsed=298s
progress: nodes=4,900,000,000 tested=0 found=0 n=647919356885584045106625 elapsed=299s
progress: nodes=4,910,000,000 tested=0 found=0 n=417570688812372603217875 elapsed=300s
progress: nodes=4,920,000,000 tested=0 found=0 n=241269715516557176422875 elapsed=301s
progress: nodes=4,930,000,000 tested=0 found=0 n=429136773331255531405875 elapsed=301s
progress: nodes=4,940,000,000 tested=0 found=0 n=500938058392580172783375 elapsed=302s
progress: nodes=4,950,000,000 tested=0 found=0 n=996074019859741924327875 elapsed=303s
progress: nodes=4,960,000,000 tested=0 found=0 n=557874277197427132507125 elapsed=304s
progress: nodes=4,970,000,000 tested=0 found=0 n=670814333419136740750125 elapsed=305s
progress: nodes=4,980,000,000 tested=0 found=0 n=687336212887772689555875 elapsed=305s
progress: nodes=4,990,000,000 tested=0 found=0 n=837864281801414524375125 elapsed=306s
progress: nodes=5,000,000,000 tested=0 found=0 n=695480557479490624285125 elapsed=307s
progress: nodes=5,010,000,000 tested=0 found=0 n=865577627996835183445125 elapsed=308s
progress: nodes=5,020,000,000 tested=0 found=0 n=528073430686042387026375 elapsed=309s
progress: nodes=5,030,000,000 tested=0 found=0 n=464603726652320648361375 elapsed=309s
progress: nodes=5,040,000,000 tested=0 found=0 n=591830824471988871985875 elapsed=310s
progress: nodes=5,050,000,000 tested=0 found=0 n=369207705178457635755375 elapsed=311s
progress: nodes=5,060,000,000 tested=0 found=0 n=977143733306262425611125 elapsed=312s
progress: nodes=5,070,000,000 tested=0 found=0 n=366785648863546869136125 elapsed=313s
progress: nodes=5,080,000,000 tested=0 found=0 n=900798224557588975542375 elapsed=314s
progress: nodes=5,090,000,000 tested=0 found=0 n=417351400497262183082625 elapsed=315s
progress: nodes=5,100,000,000 tested=0 found=0 n=543252398089203883117125 elapsed=315s
progress: nodes=5,110,000,000 tested=0 found=0 n=368867775245261306491125 elapsed=316s
progress: nodes=5,120,000,000 tested=0 found=0 n=816982887847546181383875 elapsed=317s
progress: nodes=5,130,000,000 tested=0 found=0 n=712910461614277973149125 elapsed=318s
progress: nodes=5,140,000,000 tested=0 found=0 n=723082528100019347233875 elapsed=319s
progress: nodes=5,150,000,000 tested=0 found=0 n=721635290100944401012875 elapsed=319s
progress: nodes=5,160,000,000 tested=0 found=0 n=488536754162555608648875 elapsed=320s
progress: nodes=5,170,000,000 tested=0 found=0 n=450592386935483758939875 elapsed=321s
progress: nodes=5,180,000,000 tested=0 found=0 n=902217939718231826427375 elapsed=322s
progress: nodes=5,190,000,000 tested=0 found=0 n=753870418551094840367625 elapsed=323s
progress: nodes=5,200,000,000 tested=0 found=0 n=951895016668199638769625 elapsed=324s
progress: nodes=5,210,000,000 tested=0 found=0 n=322345016359012342735875 elapsed=324s
progress: nodes=5,220,000,000 tested=0 found=0 n=353302043821894393961625 elapsed=325s
progress: nodes=5,230,000,000 tested=0 found=0 n=474560891442363351049875 elapsed=326s
progress: nodes=5,240,000,000 tested=0 found=0 n=253572391222209594599625 elapsed=327s
progress: nodes=5,250,000,000 tested=0 found=0 n=562787197447640983426125 elapsed=328s
progress: nodes=5,260,000,000 tested=0 found=0 n=659324434740319363368375 elapsed=328s
progress: nodes=5,270,000,000 tested=0 found=0 n=686971063142786480565375 elapsed=329s
progress: nodes=5,280,000,000 tested=0 found=0 n=429103362956343348524625 elapsed=330s
progress: nodes=5,290,000,000 tested=0 found=0 n=316046281362353559554625 elapsed=331s
progress: nodes=5,300,000,000 tested=0 found=0 n=311216130243607921682625 elapsed=332s
progress: nodes=5,310,000,000 tested=0 found=0 n=702806131243310061367125 elapsed=332s
progress: nodes=5,320,000,000 tested=0 found=0 n=822056274741213115275375 elapsed=333s
progress: nodes=5,330,000,000 tested=0 found=0 n=421215276883082092698375 elapsed=334s
progress: nodes=5,340,000,000 tested=0 found=0 n=363415251689347878763875 elapsed=335s
progress: nodes=5,350,000,000 tested=0 found=0 n=933004495419296051156625 elapsed=336s
progress: nodes=5,360,000,000 tested=0 found=0 n=210780413515398569052375 elapsed=336s
progress: nodes=5,370,000,000 tested=0 found=0 n=373078377698067788830875 elapsed=337s
progress: nodes=5,380,000,000 tested=0 found=0 n=455485446354540745031625 elapsed=338s
progress: nodes=5,390,000,000 tested=0 found=0 n=604675612670913294031125 elapsed=339s
progress: nodes=5,400,000,000 tested=0 found=0 n=2042676157641195445875 elapsed=340s
progress: nodes=5,410,000,000 tested=0 found=0 n=506226264561217338818625 elapsed=340s
progress: nodes=5,420,000,000 tested=0 found=0 n=658404784172510512471125 elapsed=341s
progress: nodes=5,430,000,000 tested=0 found=0 n=845873870129579236807125 elapsed=342s
progress: nodes=5,440,000,000 tested=0 found=0 n=920404497378872103728625 elapsed=343s
progress: nodes=5,450,000,000 tested=0 found=0 n=946993417635260412338625 elapsed=344s
progress: nodes=5,460,000,000 tested=0 found=0 n=866878339929829681620375 elapsed=344s
progress: nodes=5,470,000,000 tested=0 found=0 n=733258118548837830106125 elapsed=345s
progress: nodes=5,480,000,000 tested=0 found=0 n=943960687948943176062375 elapsed=346s
progress: nodes=5,490,000,000 tested=0 found=0 n=462893965855139450894625 elapsed=347s
progress: nodes=5,500,000,000 tested=0 found=0 n=570818825469646055787375 elapsed=348s
progress: nodes=5,510,000,000 tested=0 found=0 n=279220616717437433226375 elapsed=349s
progress: nodes=5,520,000,000 tested=0 found=0 n=387480650813541842250375 elapsed=349s
progress: nodes=5,530,000,000 tested=0 found=0 n=259440512338119549058875 elapsed=350s
progress: nodes=5,540,000,000 tested=0 found=0 n=990026309247382431201375 elapsed=351s
progress: nodes=5,550,000,000 tested=0 found=0 n=545074871766389899567875 elapsed=352s
progress: nodes=5,560,000,000 tested=0 found=0 n=939892168853239401941625 elapsed=353s
progress: nodes=5,570,000,000 tested=0 found=0 n=792727559176628003234625 elapsed=353s
progress: nodes=5,580,000,000 tested=0 found=0 n=426398984698351760704125 elapsed=354s
progress: nodes=5,590,000,000 tested=0 found=0 n=354755186257228570922625 elapsed=355s
progress: nodes=5,600,000,000 tested=0 found=0 n=547596129904001167485375 elapsed=356s
progress: nodes=5,610,000,000 tested=0 found=0 n=629719576178341706132625 elapsed=357s
progress: nodes=5,620,000,000 tested=0 found=0 n=471093640396158187695375 elapsed=358s
progress: nodes=5,630,000,000 tested=0 found=0 n=361763490765059625911625 elapsed=359s
progress: nodes=5,640,000,000 tested=0 found=0 n=199126350960442267613625 elapsed=359s
progress: nodes=5,650,000,000 tested=0 found=0 n=213824693370997987876125 elapsed=360s
progress: nodes=5,660,000,000 tested=0 found=0 n=921762707677628875257375 elapsed=361s
progress: nodes=5,670,000,000 tested=0 found=0 n=935732623905102806231625 elapsed=362s
progress: nodes=5,680,000,000 tested=0 found=0 n=863986860498711837677625 elapsed=363s
progress: nodes=5,690,000,000 tested=0 found=0 n=450107626092840094586625 elapsed=364s
progress: nodes=5,700,000,000 tested=0 found=0 n=457602286921464556290375 elapsed=365s
progress: nodes=5,710,000,000 tested=0 found=0 n=486690802851301996847625 elapsed=366s
progress: nodes=5,720,000,000 tested=0 found=0 n=863701339587036349991625 elapsed=367s
progress: nodes=5,730,000,000 tested=0 found=0 n=379101141705812329348875 elapsed=368s
progress: nodes=5,740,000,000 tested=0 found=0 n=617500930662085689437625 elapsed=368s
progress: nodes=5,750,000,000 tested=0 found=0 n=753409818538393669005375 elapsed=369s
progress: nodes=5,760,000,000 tested=0 found=0 n=996210600075174823180875 elapsed=370s
progress: nodes=5,770,000,000 tested=0 found=0 n=360629886197465091194625 elapsed=371s
progress: nodes=5,780,000,000 tested=0 found=0 n=304774093605795766536375 elapsed=372s
progress: nodes=5,790,000,000 tested=0 found=0 n=496295981906559620779125 elapsed=373s
progress: nodes=5,800,000,000 tested=0 found=0 n=494626111609261836513375 elapsed=373s
progress: nodes=5,810,000,000 tested=0 found=0 n=703871557900807253648625 elapsed=374s
progress: nodes=5,820,000,000 tested=0 found=0 n=450001690360005536490375 elapsed=375s
progress: nodes=5,830,000,000 tested=0 found=0 n=649705123895819515214625 elapsed=376s
progress: nodes=5,840,000,000 tested=0 found=0 n=675901094729930929319625 elapsed=377s
progress: nodes=5,850,000,000 tested=0 found=0 n=746816561072410374525375 elapsed=378s
progress: nodes=5,860,000,000 tested=0 found=0 n=884363207004618164344125 elapsed=378s
progress: nodes=5,870,000,000 tested=0 found=0 n=256664062948570345814625 elapsed=379s
progress: nodes=5,880,000,000 tested=0 found=0 n=729614187414804255262875 elapsed=380s
progress: nodes=5,890,000,000 tested=0 found=0 n=274526862115015259479125 elapsed=381s
progress: nodes=5,900,000,000 tested=0 found=0 n=597898566559232728255125 elapsed=382s
progress: nodes=5,910,000,000 tested=0 found=0 n=999703213349572945038375 elapsed=382s
progress: nodes=5,920,000,000 tested=0 found=0 n=688612262437129428374625 elapsed=383s
progress: nodes=5,930,000,000 tested=0 found=0 n=352787203018933727232375 elapsed=384s
progress: nodes=5,940,000,000 tested=0 found=0 n=565999153057517013091125 elapsed=385s
progress: nodes=5,950,000,000 tested=0 found=0 n=676973835200214580458375 elapsed=386s
progress: nodes=5,960,000,000 tested=0 found=0 n=458491146639236995147875 elapsed=387s
progress: nodes=5,970,000,000 tested=0 found=0 n=477927501148387688396625 elapsed=387s
progress: nodes=5,980,000,000 tested=0 found=0 n=688215380161652318757375 elapsed=388s
progress: nodes=5,990,000,000 tested=0 found=0 n=468780562517719038852375 elapsed=389s
progress: nodes=6,000,000,000 tested=0 found=0 n=412473434901851646514125 elapsed=390s
progress: nodes=6,010,000,000 tested=0 found=0 n=962990210463919007027625 elapsed=391s
progress: nodes=6,020,000,000 tested=0 found=0 n=706047212002538309520375 elapsed=392s
progress: nodes=6,030,000,000 tested=0 found=0 n=413597726893493383564125 elapsed=392s
progress: nodes=6,040,000,000 tested=0 found=0 n=479280736210995852593625 elapsed=393s
progress: nodes=6,050,000,000 tested=0 found=0 n=776604710528001387982125 elapsed=394s
progress: nodes=6,060,000,000 tested=0 found=0 n=745385828042760433291125 elapsed=395s
progress: nodes=6,070,000,000 tested=0 found=0 n=620406038516087504476125 elapsed=396s
progress: nodes=6,080,000,000 tested=0 found=0 n=285864924842867931276375 elapsed=396s
progress: nodes=6,090,000,000 tested=0 found=0 n=498470918836771415464875 elapsed=397s
progress: nodes=6,100,000,000 tested=0 found=0 n=378342290806063618282875 elapsed=398s
progress: nodes=6,110,000,000 tested=0 found=0 n=996213760041807525004875 elapsed=399s
progress: nodes=6,120,000,000 tested=0 found=0 n=782351993878882049316375 elapsed=400s
progress: nodes=6,130,000,000 tested=0 found=0 n=544117871825109998472375 elapsed=401s
progress: nodes=6,140,000,000 tested=0 found=0 n=599340283871890051767375 elapsed=401s
progress: nodes=6,150,000,000 tested=0 found=0 n=328142772205972292831625 elapsed=402s
progress: nodes=6,160,000,000 tested=0 found=0 n=719689883246835335220375 elapsed=403s
progress: nodes=6,170,000,000 tested=0 found=0 n=286831605627254225946375 elapsed=404s
progress: nodes=6,180,000,000 tested=0 found=0 n=229797564599692101375 elapsed=405s
progress: nodes=6,190,000,000 tested=0 found=0 n=365911921774414049128875 elapsed=406s
progress: nodes=6,200,000,000 tested=0 found=0 n=712533888793806886236375 elapsed=406s
progress: nodes=6,210,000,000 tested=0 found=0 n=461565136847922432051375 elapsed=407s
progress: nodes=6,220,000,000 tested=0 found=0 n=885474548993107313670375 elapsed=408s
progress: nodes=6,230,000,000 tested=0 found=0 n=693254832108965884184625 elapsed=409s
progress: nodes=6,240,000,000 tested=0 found=0 n=485484543820355022046125 elapsed=410s
progress: nodes=6,250,000,000 tested=0 found=0 n=690206004218507255089875 elapsed=410s
progress: nodes=6,260,000,000 tested=0 found=0 n=314196529171955191504875 elapsed=411s
progress: nodes=6,270,000,000 tested=0 found=0 n=299667915756070442868375 elapsed=412s
progress: nodes=6,280,000,000 tested=0 found=0 n=243148068807361035132375 elapsed=413s
progress: nodes=6,290,000,000 tested=0 found=0 n=843208416571987287867375 elapsed=414s
progress: nodes=6,300,000,000 tested=0 found=0 n=912513078798574480808625 elapsed=415s
progress: nodes=6,310,000,000 tested=0 found=0 n=488276741240597428626375 elapsed=415s
progress: nodes=6,320,000,000 tested=0 found=0 n=231354396803887789496625 elapsed=416s
progress: nodes=6,330,000,000 tested=0 found=0 n=174254450113587474761625 elapsed=417s
progress: nodes=6,340,000,000 tested=0 found=0 n=48995729592259044659625 elapsed=418s
progress: nodes=6,350,000,000 tested=0 found=0 n=144137784088306372654125 elapsed=419s
progress: nodes=6,360,000,000 tested=0 found=0 n=253251269825221019917125 elapsed=420s
progress: nodes=6,370,000,000 tested=0 found=0 n=596453777476829395732125 elapsed=420s
progress: nodes=6,380,000,000 tested=0 found=0 n=808361199160607888717625 elapsed=421s
progress: nodes=6,390,000,000 tested=0 found=0 n=220991516974988586052875 elapsed=422s
progress: nodes=6,400,000,000 tested=0 found=0 n=342512451587992620243375 elapsed=423s
progress: nodes=6,410,000,000 tested=0 found=0 n=533754859571628329584125 elapsed=424s
progress: nodes=6,420,000,000 tested=0 found=0 n=658148170011609494509875 elapsed=425s
progress: nodes=6,430,000,000 tested=0 found=0 n=448691609011237051840875 elapsed=425s
progress: nodes=6,440,000,000 tested=0 found=0 n=417427716975475173177375 elapsed=426s
progress: nodes=6,450,000,000 tested=0 found=0 n=910154071059801870666375 elapsed=427s
progress: nodes=6,460,000,000 tested=0 found=0 n=241859997436886971201125 elapsed=428s
progress: nodes=6,470,000,000 tested=0 found=0 n=918051919528254211762875 elapsed=429s
progress: nodes=6,480,000,000 tested=0 found=0 n=660169469942013365742375 elapsed=430s
progress: nodes=6,490,000,000 tested=0 found=0 n=253718056510108570722375 elapsed=430s
progress: nodes=6,500,000,000 tested=0 found=0 n=822095516791282442061375 elapsed=431s
progress: nodes=6,510,000,000 tested=0 found=0 n=313289482828951412078625 elapsed=432s
progress: nodes=6,520,000,000 tested=0 found=0 n=580547883850720530265125 elapsed=433s
progress: nodes=6,530,000,000 tested=0 found=0 n=558228760914657770202375 elapsed=434s
progress: nodes=6,540,000,000 tested=0 found=0 n=268116728637227313652875 elapsed=435s
progress: nodes=6,550,000,000 tested=0 found=0 n=357921328164995654197875 elapsed=436s
progress: nodes=6,560,000,000 tested=0 found=0 n=544429967401848088576125 elapsed=436s
progress: nodes=6,570,000,000 tested=0 found=0 n=339362272555751323531125 elapsed=437s
progress: nodes=6,580,000,000 tested=0 found=0 n=171074850729417493142625 elapsed=438s
progress: nodes=6,590,000,000 tested=0 found=0 n=185055122105219874160125 elapsed=439s
progress: nodes=6,600,000,000 tested=0 found=0 n=546694974706106043811125 elapsed=440s
progress: nodes=6,610,000,000 tested=0 found=0 n=636527818576585182517875 elapsed=441s
progress: nodes=6,620,000,000 tested=0 found=0 n=312595021869673091335875 elapsed=441s
progress: nodes=6,630,000,000 tested=0 found=0 n=286931298639902549254875 elapsed=442s
progress: nodes=6,640,000,000 tested=0 found=0 n=226779728507179673871375 elapsed=443s
progress: nodes=6,650,000,000 tested=0 found=0 n=377894199771747112620375 elapsed=444s
progress: nodes=6,660,000,000 tested=0 found=0 n=224757802126700036852625 elapsed=445s
progress: nodes=6,670,000,000 tested=0 found=0 n=574155713136708555472125 elapsed=446s
progress: nodes=6,680,000,000 tested=0 found=0 n=505675352157446320826625 elapsed=446s
progress: nodes=6,690,000,000 tested=0 found=0 n=887777353724841179708625 elapsed=447s
progress: nodes=6,700,000,000 tested=0 found=0 n=614406540886966063157625 elapsed=448s
progress: nodes=6,710,000,000 tested=0 found=0 n=717922342992037923716625 elapsed=449s
progress: nodes=6,720,000,000 tested=0 found=0 n=181757362109083019906625 elapsed=450s
progress: nodes=6,730,000,000 tested=0 found=0 n=368620821244463662128375 elapsed=451s
progress: nodes=6,740,000,000 tested=0 found=0 n=358355484674396189627625 elapsed=451s
progress: nodes=6,750,000,000 tested=0 found=0 n=263740507406719541463375 elapsed=452s
progress: nodes=6,760,000,000 tested=0 found=0 n=277658848504167137258625 elapsed=453s
progress: nodes=6,770,000,000 tested=0 found=0 n=282033625948334905478625 elapsed=454s
progress: nodes=6,780,000,000 tested=0 found=0 n=767756663346737100452625 elapsed=455s
progress: nodes=6,790,000,000 tested=0 found=0 n=299703718030228302817125 elapsed=456s
progress: nodes=6,800,000,000 tested=0 found=0 n=240747843735181134705375 elapsed=456s
progress: nodes=6,810,000,000 tested=0 found=0 n=271887812614437210291375 elapsed=457s

done in 458.1s | nodes=6,819,910,311 | tested=0 | weird=0
