search v2: odd=True, N_CAP=1.00e+24, DELTA_MAX=1.0e+07, MIN_DEPTH=6
SPF shard: smallest prime factor = 3
P2 sub-shard: second prime factor = 5
P3 sub-sub-shard: third prime factor = 13
progress: nodes=10,000,000 tested=0 found=0 n=705026087933628779296875 elapsed=0s
progress: nodes=20,000,000 tested=0 found=0 n=214964586822138486328125 elapsed=1s
progress: nodes=30,000,000 tested=0 found=0 n=726119473857436318359375 elapsed=1s
progress: nodes=40,000,000 tested=0 found=0 n=315242367114046201171875 elapsed=2s
progress: nodes=50,000,000 tested=0 found=0 n=243020848182955400390625 elapsed=2s
progress: nodes=60,000,000 tested=0 found=0 n=232001274979815732421875 elapsed=3s
progress: nodes=70,000,000 tested=0 found=0 n=804904677802977451171875 elapsed=3s
progress: nodes=80,000,000 tested=0 found=0 n=380947020438514130859375 elapsed=4s
progress: nodes=90,000,000 tested=0 found=0 n=480520049653433232421875 elapsed=4s
progress: nodes=100,000,000 tested=0 found=0 n=683900618403427470703125 elapsed=5s
progress: nodes=110,000,000 tested=0 found=0 n=593683914135559482421875 elapsed=5s
progress: nodes=120,000,000 tested=0 found=0 n=582058308486758466796875 elapsed=6s
progress: nodes=130,000,000 tested=0 found=0 n=700704526932717099609375 elapsed=6s
progress: nodes=140,000,000 tested=0 found=0 n=525750487678073759765625 elapsed=7s
progress: nodes=150,000,000 tested=0 found=0 n=576871966830234638671875 elapsed=7s
progress: nodes=160,000,000 tested=0 found=0 n=96441192966896806640625 elapsed=8s
progress: nodes=170,000,000 tested=0 found=0 n=517698252166498330078125 elapsed=8s
progress: nodes=180,000,000 tested=0 found=0 n=282402691673265439453125 elapsed=8s
progress: nodes=190,000,000 tested=0 found=0 n=339552312991778935546875 elapsed=9s
progress: nodes=200,000,000 tested=0 found=0 n=242232481663591376953125 elapsed=9s
progress: nodes=210,000,000 tested=0 found=0 n=229148138381013896484375 elapsed=10s
progress: nodes=220,000,000 tested=0 found=0 n=249012306815915830078125 elapsed=10s
progress: nodes=230,000,000 tested=0 found=0 n=589522258212499599609375 elapsed=11s
progress: nodes=240,000,000 tested=0 found=0 n=360149377018781162109375 elapsed=11s
progress: nodes=250,000,000 tested=0 found=0 n=124514865302084384765625 elapsed=12s
progress: nodes=260,000,000 tested=0 found=0 n=90521653547054970703125 elapsed=12s
progress: nodes=270,000,000 tested=0 found=0 n=139169256768653642578125 elapsed=13s
progress: nodes=280,000,000 tested=0 found=0 n=878135699476340068359375 elapsed=13s
progress: nodes=290,000,000 tested=0 found=0 n=119693887952899482421875 elapsed=14s
progress: nodes=300,000,000 tested=0 found=0 n=64575267255236689453125 elapsed=14s
progress: nodes=310,000,000 tested=0 found=0 n=27125910262413193359375 elapsed=15s
progress: nodes=320,000,000 tested=0 found=0 n=25189582250826474609375 elapsed=15s
progress: nodes=330,000,000 tested=0 found=0 n=22627982641077861328125 elapsed=16s
progress: nodes=340,000,000 tested=0 found=0 n=3591250431633896484375 elapsed=16s
progress: nodes=350,000,000 tested=0 found=0 n=12176495253526728515625 elapsed=17s
progress: nodes=360,000,000 tested=0 found=0 n=11672759567378583984375 elapsed=17s
progress: nodes=370,000,000 tested=0 found=0 n=63316279888768740234375 elapsed=18s
progress: nodes=380,000,000 tested=0 found=0 n=101557296995978408203125 elapsed=18s
progress: nodes=390,000,000 tested=0 found=0 n=66519221876062998046875 elapsed=19s
progress: nodes=400,000,000 tested=0 found=0 n=60876800080212568359375 elapsed=19s
progress: nodes=410,000,000 tested=0 found=0 n=15839563746924404296875 elapsed=20s
progress: nodes=420,000,000 tested=0 found=0 n=1868064917097919921875 elapsed=20s
progress: nodes=430,000,000 tested=0 found=0 n=518464579740732421875 elapsed=21s
progress: nodes=440,000,000 tested=0 found=0 n=36787733032094560546875 elapsed=21s
progress: nodes=450,000,000 tested=0 found=0 n=475754509068134765625 elapsed=22s
progress: nodes=460,000,000 tested=0 found=0 n=15507354879238447265625 elapsed=22s
progress: nodes=470,000,000 tested=0 found=0 n=21645936154578251953125 elapsed=23s
progress: nodes=480,000,000 tested=0 found=0 n=588555649226162109375 elapsed=23s
progress: nodes=490,000,000 tested=0 found=0 n=292924828970128037109375 elapsed=24s
progress: nodes=500,000,000 tested=0 found=0 n=1178745664504306640625 elapsed=24s
progress: nodes=510,000,000 tested=0 found=0 n=247755574797275390625 elapsed=25s
progress: nodes=520,000,000 tested=0 found=0 n=989106503377330634765625 elapsed=26s
progress: nodes=530,000,000 tested=0 found=0 n=799174346331694658203125 elapsed=26s
progress: nodes=540,000,000 tested=0 found=0 n=353187097112832099609375 elapsed=27s
progress: nodes=550,000,000 tested=0 found=0 n=731108027549376826171875 elapsed=28s
progress: nodes=560,000,000 tested=0 found=0 n=613873352042692294921875 elapsed=29s
progress: nodes=570,000,000 tested=0 found=0 n=829838504917370126953125 elapsed=30s
progress: nodes=580,000,000 tested=0 found=0 n=558415450552597294921875 elapsed=31s
progress: nodes=590,000,000 tested=0 found=0 n=584258371758909580078125 elapsed=32s
progress: nodes=600,000,000 tested=0 found=0 n=621506930859998701171875 elapsed=32s
progress: nodes=610,000,000 tested=0 found=0 n=311429698281883212890625 elapsed=33s
progress: nodes=620,000,000 tested=0 found=0 n=162271478533917568359375 elapsed=34s
progress: nodes=630,000,000 tested=0 found=0 n=608518762521069638671875 elapsed=34s
progress: nodes=640,000,000 tested=0 found=0 n=156659566958334755859375 elapsed=35s
progress: nodes=650,000,000 tested=0 found=0 n=495028532075824423828125 elapsed=36s
progress: nodes=660,000,000 tested=0 found=0 n=333189108498320419921875 elapsed=36s
progress: nodes=670,000,000 tested=0 found=0 n=423507450306258017578125 elapsed=37s
progress: nodes=680,000,000 tested=0 found=0 n=38412697223721005859375 elapsed=37s
progress: nodes=690,000,000 tested=0 found=0 n=568832140317766025390625 elapsed=38s
progress: nodes=700,000,000 tested=0 found=0 n=288748574779993681640625 elapsed=38s
progress: nodes=710,000,000 tested=0 found=0 n=198833377263513662109375 elapsed=39s
progress: nodes=720,000,000 tested=0 found=0 n=80283249569763017578125 elapsed=39s
progress: nodes=730,000,000 tested=0 found=0 n=185283176348850556640625 elapsed=40s
progress: nodes=740,000,000 tested=0 found=0 n=316862983179102216796875 elapsed=41s
progress: nodes=750,000,000 tested=0 found=0 n=114894945513869853515625 elapsed=41s
progress: nodes=760,000,000 tested=0 found=0 n=153538318603666318359375 elapsed=42s
progress: nodes=770,000,000 tested=0 found=0 n=752242867818647080078125 elapsed=43s
progress: nodes=780,000,000 tested=0 found=0 n=9398289850293779296875 elapsed=43s
progress: nodes=790,000,000 tested=0 found=0 n=207038091234068173828125 elapsed=44s
progress: nodes=800,000,000 tested=0 found=0 n=112507610448777451171875 elapsed=44s
progress: nodes=810,000,000 tested=0 found=0 n=917061495447588486328125 elapsed=45s
progress: nodes=820,000,000 tested=0 found=0 n=988979961790154267578125 elapsed=46s
progress: nodes=830,000,000 tested=0 found=0 n=819301580843065048828125 elapsed=46s
progress: nodes=840,000,000 tested=0 found=0 n=842474696779070595703125 elapsed=47s
progress: nodes=850,000,000 tested=0 found=0 n=917584964977024423828125 elapsed=48s
progress: nodes=860,000,000 tested=0 found=0 n=699642214230401279296875 elapsed=49s
progress: nodes=870,000,000 tested=0 found=0 n=652199708325441884765625 elapsed=50s
progress: nodes=880,000,000 tested=0 found=0 n=624217195744809697265625 elapsed=50s
progress: nodes=890,000,000 tested=0 found=0 n=817060407157593193359375 elapsed=51s
progress: nodes=900,000,000 tested=0 found=0 n=997237071522370986328125 elapsed=52s
progress: nodes=910,000,000 tested=0 found=0 n=274195905947132431640625 elapsed=53s
progress: nodes=920,000,000 tested=0 found=0 n=979480043783041201171875 elapsed=54s
progress: nodes=930,000,000 tested=0 found=0 n=356592963402524443359375 elapsed=55s
progress: nodes=940,000,000 tested=0 found=0 n=883412852262425595703125 elapsed=56s
progress: nodes=950,000,000 tested=0 found=0 n=707545149860742451171875 elapsed=56s
progress: nodes=960,000,000 tested=0 found=0 n=409977411914331650390625 elapsed=57s
progress: nodes=970,000,000 tested=0 found=0 n=399278549342608330078125 elapsed=58s
progress: nodes=980,000,000 tested=0 found=0 n=886029983567153876953125 elapsed=59s
progress: nodes=990,000,000 tested=0 found=0 n=215264095817036220703125 elapsed=60s
progress: nodes=1,000,000,000 tested=0 found=0 n=707063500698074736328125 elapsed=61s
progress: nodes=1,010,000,000 tested=0 found=0 n=578214181668928974609375 elapsed=62s
progress: nodes=1,020,000,000 tested=0 found=0 n=806647791278270830078125 elapsed=62s
progress: nodes=1,030,000,000 tested=0 found=0 n=686160292672138095703125 elapsed=63s
progress: nodes=1,040,000,000 tested=0 found=0 n=515072915485275849609375 elapsed=64s
progress: nodes=1,050,000,000 tested=0 found=0 n=456121640554507001953125 elapsed=65s
progress: nodes=1,060,000,000 tested=0 found=0 n=749029233359170283203125 elapsed=66s
progress: nodes=1,070,000,000 tested=0 found=0 n=751069722066257724609375 elapsed=67s
progress: nodes=1,080,000,000 tested=0 found=0 n=784001405334418857421875 elapsed=68s
progress: nodes=1,090,000,000 tested=0 found=0 n=319239750523922490234375 elapsed=69s
progress: nodes=1,100,000,000 tested=0 found=0 n=929261262595231845703125 elapsed=69s
progress: nodes=1,110,000,000 tested=0 found=0 n=947165638657203544921875 elapsed=70s
progress: nodes=1,120,000,000 tested=0 found=0 n=259415220413063583984375 elapsed=71s
progress: nodes=1,130,000,000 tested=0 found=0 n=279442548240166669921875 elapsed=72s
progress: nodes=1,140,000,000 tested=0 found=0 n=737098268938630751953125 elapsed=73s
progress: nodes=1,150,000,000 tested=0 found=0 n=722819592736384482421875 elapsed=74s
progress: nodes=1,160,000,000 tested=0 found=0 n=311698078543499501953125 elapsed=75s
progress: nodes=1,170,000,000 tested=0 found=0 n=176838895562488681640625 elapsed=75s
progress: nodes=1,180,000,000 tested=0 found=0 n=635676257945938447265625 elapsed=76s
progress: nodes=1,190,000,000 tested=0 found=0 n=211282996572528486328125 elapsed=77s
progress: nodes=1,200,000,000 tested=0 found=0 n=111806510056311357421875 elapsed=78s
progress: nodes=1,210,000,000 tested=0 found=0 n=365838904899071982421875 elapsed=79s
progress: nodes=1,220,000,000 tested=0 found=0 n=649638387079830966796875 elapsed=80s
progress: nodes=1,230,000,000 tested=0 found=0 n=384100543492100068359375 elapsed=81s
progress: nodes=1,240,000,000 tested=0 found=0 n=526466786146098662109375 elapsed=82s
progress: nodes=1,250,000,000 tested=0 found=0 n=687966962728274912109375 elapsed=83s
progress: nodes=1,260,000,000 tested=0 found=0 n=951803227607512236328125 elapsed=83s
progress: nodes=1,270,000,000 tested=0 found=0 n=171347757249782724609375 elapsed=84s
progress: nodes=1,280,000,000 tested=0 found=0 n=312625342764141240234375 elapsed=85s
progress: nodes=1,290,000,000 tested=0 found=0 n=919634961898667548828125 elapsed=86s
progress: nodes=1,300,000,000 tested=0 found=0 n=996802146777054287109375 elapsed=87s
progress: nodes=1,310,000,000 tested=0 found=0 n=508495116197858994140625 elapsed=88s
progress: nodes=1,320,000,000 tested=0 found=0 n=557512342112552607421875 elapsed=89s
progress: nodes=1,330,000,000 tested=0 found=0 n=666032989775967861328125 elapsed=90s
progress: nodes=1,340,000,000 tested=0 found=0 n=799593900298751162109375 elapsed=90s
progress: nodes=1,350,000,000 tested=0 found=0 n=944450895911185634765625 elapsed=91s
progress: nodes=1,360,000,000 tested=0 found=0 n=859711729040824130859375 elapsed=92s
progress: nodes=1,370,000,000 tested=0 found=0 n=846666572546146904296875 elapsed=93s
progress: nodes=1,380,000,000 tested=0 found=0 n=207591909090531240234375 elapsed=94s
progress: nodes=1,390,000,000 tested=0 found=0 n=666536634442848076171875 elapsed=95s
progress: nodes=1,400,000,000 tested=0 found=0 n=320397659076985927734375 elapsed=96s
progress: nodes=1,410,000,000 tested=0 found=0 n=261946244309422587890625 elapsed=97s
progress: nodes=1,420,000,000 tested=0 found=0 n=675520582107914384765625 elapsed=97s
progress: nodes=1,430,000,000 tested=0 found=0 n=319442881685704892578125 elapsed=98s
progress: nodes=1,440,000,000 tested=0 found=0 n=70723781039970703125 elapsed=99s
progress: nodes=1,450,000,000 tested=0 found=0 n=763731043155842607421875 elapsed=100s
progress: nodes=1,460,000,000 tested=0 found=0 n=446219200286578037109375 elapsed=101s
progress: nodes=1,470,000,000 tested=0 found=0 n=795843697793281083984375 elapsed=102s
progress: nodes=1,480,000,000 tested=0 found=0 n=451348592618323740234375 elapsed=103s
progress: nodes=1,490,000,000 tested=0 found=0 n=413749520067303544921875 elapsed=104s
progress: nodes=1,500,000,000 tested=0 found=0 n=930365907875128740234375 elapsed=105s
progress: nodes=1,510,000,000 tested=0 found=0 n=334969528255959111328125 elapsed=106s
progress: nodes=1,520,000,000 tested=0 found=0 n=159446313256187724609375 elapsed=106s
progress: nodes=1,530,000,000 tested=0 found=0 n=854280588092376884765625 elapsed=107s
progress: nodes=1,540,000,000 tested=0 found=0 n=187701221541939345703125 elapsed=108s
progress: nodes=1,550,000,000 tested=0 found=0 n=180532045167977724609375 elapsed=109s
progress: nodes=1,560,000,000 tested=0 found=0 n=86442144697031220703125 elapsed=110s
progress: nodes=1,570,000,000 tested=0 found=0 n=180264752886411298828125 elapsed=111s
progress: nodes=1,580,000,000 tested=0 found=0 n=877262925368707998046875 elapsed=112s
progress: nodes=1,590,000,000 tested=0 found=0 n=961554131761024775390625 elapsed=113s
progress: nodes=1,600,000,000 tested=0 found=0 n=196362049454242470703125 elapsed=114s
progress: nodes=1,610,000,000 tested=0 found=0 n=501574388644929462890625 elapsed=114s
progress: nodes=1,620,000,000 tested=0 found=0 n=296548313880054462890625 elapsed=115s
progress: nodes=1,630,000,000 tested=0 found=0 n=601509927343447001953125 elapsed=116s
progress: nodes=1,640,000,000 tested=0 found=0 n=392532558792096708984375 elapsed=117s
progress: nodes=1,650,000,000 tested=0 found=0 n=272323456383430283203125 elapsed=118s
progress: nodes=1,660,000,000 tested=0 found=0 n=692686753589633994140625 elapsed=119s
progress: nodes=1,670,000,000 tested=0 found=0 n=235053572679211025390625 elapsed=120s
progress: nodes=1,680,000,000 tested=0 found=0 n=495404802821758095703125 elapsed=121s
progress: nodes=1,690,000,000 tested=0 found=0 n=329602314287974482421875 elapsed=122s
progress: nodes=1,700,000,000 tested=0 found=0 n=106735470078911044921875 elapsed=123s
progress: nodes=1,710,000,000 tested=0 found=0 n=556691310580769736328125 elapsed=123s
progress: nodes=1,720,000,000 tested=0 found=0 n=94609725004382783203125 elapsed=124s
progress: nodes=1,730,000,000 tested=0 found=0 n=575597782253265205078125 elapsed=125s
progress: nodes=1,740,000,000 tested=0 found=0 n=285716101615823759765625 elapsed=126s
progress: nodes=1,750,000,000 tested=0 found=0 n=799536748235504677734375 elapsed=127s
progress: nodes=1,760,000,000 tested=0 found=0 n=103821466136151181640625 elapsed=128s
progress: nodes=1,770,000,000 tested=0 found=0 n=162685511715672333984375 elapsed=129s
progress: nodes=1,780,000,000 tested=0 found=0 n=552267602152223115234375 elapsed=130s
progress: nodes=1,790,000,000 tested=0 found=0 n=157213301893511220703125 elapsed=131s
progress: nodes=1,800,000,000 tested=0 found=0 n=389685551505333662109375 elapsed=132s
progress: nodes=1,810,000,000 tested=0 found=0 n=78455107471309892578125 elapsed=132s
progress: nodes=1,820,000,000 tested=0 found=0 n=152215057910691826171875 elapsed=133s
progress: nodes=1,830,000,000 tested=0 found=0 n=116301085046963349609375 elapsed=134s
progress: nodes=1,840,000,000 tested=0 found=0 n=406477011440545576171875 elapsed=135s
progress: nodes=1,850,000,000 tested=0 found=0 n=173406777111061787109375 elapsed=136s
progress: nodes=1,860,000,000 tested=0 found=0 n=599706050236937490234375 elapsed=137s
progress: nodes=1,870,000,000 tested=0 found=0 n=75085210322904462890625 elapsed=138s
progress: nodes=1,880,000,000 tested=0 found=0 n=430030816956826083984375 elapsed=139s
progress: nodes=1,890,000,000 tested=0 found=0 n=539527302442989580078125 elapsed=140s
progress: nodes=1,900,000,000 tested=0 found=0 n=158189926630005791015625 elapsed=141s
progress: nodes=1,910,000,000 tested=0 found=0 n=790930574899790888671875 elapsed=142s
progress: nodes=1,920,000,000 tested=0 found=0 n=50133184074884091796875 elapsed=142s
progress: nodes=1,930,000,000 tested=0 found=0 n=94509362259858076171875 elapsed=143s
progress: nodes=1,940,000,000 tested=0 found=0 n=377939509659810439453125 elapsed=144s
progress: nodes=1,950,000,000 tested=0 found=0 n=211465059984701630859375 elapsed=145s
progress: nodes=1,960,000,000 tested=0 found=0 n=173030381176704873046875 elapsed=146s
progress: nodes=1,970,000,000 tested=0 found=0 n=37250024439162919921875 elapsed=147s
progress: nodes=1,980,000,000 tested=0 found=0 n=207105616679864677734375 elapsed=148s
progress: nodes=1,990,000,000 tested=0 found=0 n=149825890468195576171875 elapsed=149s
progress: nodes=2,000,000,000 tested=0 found=0 n=999828624645116982421875 elapsed=150s
progress: nodes=2,010,000,000 tested=0 found=0 n=99596634902810068359375 elapsed=151s
progress: nodes=2,020,000,000 tested=0 found=0 n=835957469575488076171875 elapsed=152s
progress: nodes=2,030,000,000 tested=0 found=0 n=108359081187785771484375 elapsed=153s
progress: nodes=2,040,000,000 tested=0 found=0 n=869397006858916376953125 elapsed=154s
progress: nodes=2,050,000,000 tested=0 found=0 n=98404706916470830078125 elapsed=154s
progress: nodes=2,060,000,000 tested=0 found=0 n=56022725626311005859375 elapsed=155s
progress: nodes=2,070,000,000 tested=0 found=0 n=188149676038466923828125 elapsed=156s
progress: nodes=2,080,000,000 tested=0 found=0 n=94752956525884541015625 elapsed=157s
progress: nodes=2,090,000,000 tested=0 found=0 n=39707377407304013671875 elapsed=158s
progress: nodes=2,100,000,000 tested=0 found=0 n=404595447619379326171875 elapsed=159s
progress: nodes=2,110,000,000 tested=0 found=0 n=126646350487884931640625 elapsed=159s
progress: nodes=2,120,000,000 tested=0 found=0 n=270180608075258994140625 elapsed=160s
progress: nodes=2,130,000,000 tested=0 found=0 n=430409314694185048828125 elapsed=160s
progress: nodes=2,140,000,000 tested=0 found=0 n=184257245444685029296875 elapsed=161s
progress: nodes=2,150,000,000 tested=0 found=0 n=560956802277268388671875 elapsed=161s
progress: nodes=2,160,000,000 tested=0 found=0 n=566128723655392294921875 elapsed=162s
progress: nodes=2,170,000,000 tested=0 found=0 n=328245302926071298828125 elapsed=162s
progress: nodes=2,180,000,000 tested=0 found=0 n=769206930303334833984375 elapsed=163s
progress: nodes=2,190,000,000 tested=0 found=0 n=906324908738188798828125 elapsed=163s
progress: nodes=2,200,000,000 tested=0 found=0 n=816838712860569521484375 elapsed=164s
progress: nodes=2,210,000,000 tested=0 found=0 n=661596785640969521484375 elapsed=164s
progress: nodes=2,220,000,000 tested=0 found=0 n=902340202850314541015625 elapsed=165s
progress: nodes=2,230,000,000 tested=0 found=0 n=822853348184510068359375 elapsed=165s
progress: nodes=2,240,000,000 tested=0 found=0 n=210587529877656064453125 elapsed=166s
progress: nodes=2,250,000,000 tested=0 found=0 n=497626733444253486328125 elapsed=166s
progress: nodes=2,260,000,000 tested=0 found=0 n=328004345548490888671875 elapsed=166s
progress: nodes=2,270,000,000 tested=0 found=0 n=109795719534704912109375 elapsed=167s
progress: nodes=2,280,000,000 tested=0 found=0 n=168589738855892021484375 elapsed=167s
progress: nodes=2,290,000,000 tested=0 found=0 n=141611884771683955078125 elapsed=168s
progress: nodes=2,300,000,000 tested=0 found=0 n=216130622877510732421875 elapsed=168s
progress: nodes=2,310,000,000 tested=0 found=0 n=485785700045103427734375 elapsed=169s
progress: nodes=2,320,000,000 tested=0 found=0 n=325855187706480732421875 elapsed=169s
progress: nodes=2,330,000,000 tested=0 found=0 n=420337301094173759765625 elapsed=170s
progress: nodes=2,340,000,000 tested=0 found=0 n=343207645741479111328125 elapsed=170s
progress: nodes=2,350,000,000 tested=0 found=0 n=170096517500770986328125 elapsed=171s
progress: nodes=2,360,000,000 tested=0 found=0 n=288817037833726669921875 elapsed=171s
progress: nodes=2,370,000,000 tested=0 found=0 n=339349902252930791015625 elapsed=172s
progress: nodes=2,380,000,000 tested=0 found=0 n=349083966869704599609375 elapsed=172s
progress: nodes=2,390,000,000 tested=0 found=0 n=376866591197759736328125 elapsed=173s
progress: nodes=2,400,000,000 tested=0 found=0 n=335306864049289716796875 elapsed=173s
progress: nodes=2,410,000,000 tested=0 found=0 n=130960256307898798828125 elapsed=174s
progress: nodes=2,420,000,000 tested=0 found=0 n=255869097181135927734375 elapsed=174s
progress: nodes=2,430,000,000 tested=0 found=0 n=289003144278069228515625 elapsed=175s
progress: nodes=2,440,000,000 tested=0 found=0 n=585169084221263876953125 elapsed=176s
progress: nodes=2,450,000,000 tested=0 found=0 n=503450044829791083984375 elapsed=176s
progress: nodes=2,460,000,000 tested=0 found=0 n=737855875283275810546875 elapsed=177s
progress: nodes=2,470,000,000 tested=0 found=0 n=678960620811008173828125 elapsed=178s
progress: nodes=2,480,000,000 tested=0 found=0 n=999354436385971376953125 elapsed=179s
progress: nodes=2,490,000,000 tested=0 found=0 n=54195921810564345703125 elapsed=180s
progress: nodes=2,500,000,000 tested=0 found=0 n=661795433081673134765625 elapsed=182s
progress: nodes=2,510,000,000 tested=0 found=0 n=923501831565190693359375 elapsed=182s
progress: nodes=2,520,000,000 tested=0 found=0 n=764664218888306572265625 elapsed=183s
progress: nodes=2,530,000,000 tested=0 found=0 n=620227688875617392578125 elapsed=184s
progress: nodes=2,540,000,000 tested=0 found=0 n=823223988277160361328125 elapsed=185s
progress: nodes=2,550,000,000 tested=0 found=0 n=961076909067060322265625 elapsed=186s
progress: nodes=2,560,000,000 tested=0 found=0 n=905661294256438154296875 elapsed=187s
progress: nodes=2,570,000,000 tested=0 found=0 n=840254445850962568359375 elapsed=188s
progress: nodes=2,580,000,000 tested=0 found=0 n=772679601594680888671875 elapsed=188s
progress: nodes=2,590,000,000 tested=0 found=0 n=929768937953114619140625 elapsed=189s
progress: nodes=2,600,000,000 tested=0 found=0 n=884615313909916494140625 elapsed=190s
progress: nodes=2,610,000,000 tested=0 found=0 n=362067522263248623046875 elapsed=191s
progress: nodes=2,620,000,000 tested=0 found=0 n=883384493488257744140625 elapsed=192s
progress: nodes=2,630,000,000 tested=0 found=0 n=435720532238747666015625 elapsed=193s
progress: nodes=2,640,000,000 tested=0 found=0 n=805741593255144228515625 elapsed=194s
progress: nodes=2,650,000,000 tested=0 found=0 n=643061399429764072265625 elapsed=194s
progress: nodes=2,660,000,000 tested=0 found=0 n=584893579454847685546875 elapsed=195s
progress: nodes=2,670,000,000 tested=0 found=0 n=762367791776998798828125 elapsed=196s
progress: nodes=2,680,000,000 tested=0 found=0 n=707594983597660869140625 elapsed=197s
progress: nodes=2,690,000,000 tested=0 found=0 n=558787951818844541015625 elapsed=198s
progress: nodes=2,700,000,000 tested=0 found=0 n=461682402420619072265625 elapsed=199s
progress: nodes=2,710,000,000 tested=0 found=0 n=666050706370832783203125 elapsed=200s
progress: nodes=2,720,000,000 tested=0 found=0 n=596847550614080009765625 elapsed=200s
progress: nodes=2,730,000,000 tested=0 found=0 n=726869105572402177734375 elapsed=201s
progress: nodes=2,740,000,000 tested=0 found=0 n=288579002094528310546875 elapsed=202s
progress: nodes=2,750,000,000 tested=0 found=0 n=942613028247297392578125 elapsed=203s
progress: nodes=2,760,000,000 tested=0 found=0 n=678012717561437197265625 elapsed=204s
progress: nodes=2,770,000,000 tested=0 found=0 n=716740379332931865234375 elapsed=205s
progress: nodes=2,780,000,000 tested=0 found=0 n=360627293780013076171875 elapsed=206s
progress: nodes=2,790,000,000 tested=0 found=0 n=833817103704878642578125 elapsed=207s
progress: nodes=2,800,000,000 tested=0 found=0 n=776197487707957529296875 elapsed=208s
progress: nodes=2,810,000,000 tested=0 found=0 n=454759649767444658203125 elapsed=208s
progress: nodes=2,820,000,000 tested=0 found=0 n=154310146475006513671875 elapsed=209s
progress: nodes=2,830,000,000 tested=0 found=0 n=225610914824327373046875 elapsed=210s
progress: nodes=2,840,000,000 tested=0 found=0 n=432921877927232255859375 elapsed=211s
progress: nodes=2,850,000,000 tested=0 found=0 n=132676191316175888671875 elapsed=212s
progress: nodes=2,860,000,000 tested=0 found=0 n=268746299141645126953125 elapsed=213s
progress: nodes=2,870,000,000 tested=0 found=0 n=136249031519120126953125 elapsed=214s
progress: nodes=2,880,000,000 tested=0 found=0 n=827575079939141396484375 elapsed=215s
progress: nodes=2,890,000,000 tested=0 found=0 n=424645390077305185546875 elapsed=216s
progress: nodes=2,900,000,000 tested=0 found=0 n=792525784016445908203125 elapsed=217s
progress: nodes=2,910,000,000 tested=0 found=0 n=224130421430446552734375 elapsed=218s
progress: nodes=2,920,000,000 tested=0 found=0 n=614583386398307548828125 elapsed=218s
progress: nodes=2,930,000,000 tested=0 found=0 n=159357772519263017578125 elapsed=219s
progress: nodes=2,940,000,000 tested=0 found=0 n=224975991600050361328125 elapsed=220s
progress: nodes=2,950,000,000 tested=0 found=0 n=822652285778613544921875 elapsed=221s
progress: nodes=2,960,000,000 tested=0 found=0 n=587464751941443720703125 elapsed=222s
progress: nodes=2,970,000,000 tested=0 found=0 n=960056258410302802734375 elapsed=223s
progress: nodes=2,980,000,000 tested=0 found=0 n=250033493843170400390625 elapsed=224s
progress: nodes=2,990,000,000 tested=0 found=0 n=681849176077067958984375 elapsed=225s
progress: nodes=3,000,000,000 tested=0 found=0 n=304836063080862041015625 elapsed=226s
progress: nodes=3,010,000,000 tested=0 found=0 n=116144475754965556640625 elapsed=227s
progress: nodes=3,020,000,000 tested=0 found=0 n=885225726010122275390625 elapsed=227s
progress: nodes=3,030,000,000 tested=0 found=0 n=743816882841454423828125 elapsed=228s
progress: nodes=3,040,000,000 tested=0 found=0 n=111830153397029208984375 elapsed=229s
progress: nodes=3,050,000,000 tested=0 found=0 n=110183597676450263671875 elapsed=230s
progress: nodes=3,060,000,000 tested=0 found=0 n=152166670795031572265625 elapsed=231s
progress: nodes=3,070,000,000 tested=0 found=0 n=164150370231230830078125 elapsed=232s
progress: nodes=3,080,000,000 tested=0 found=0 n=109366333507928935546875 elapsed=233s
progress: nodes=3,090,000,000 tested=0 found=0 n=398633079058186552734375 elapsed=234s
progress: nodes=3,100,000,000 tested=0 found=0 n=53893530613313701171875 elapsed=235s
progress: nodes=3,110,000,000 tested=0 found=0 n=642897016814630830078125 elapsed=235s
progress: nodes=3,120,000,000 tested=0 found=0 n=232114141290308291015625 elapsed=236s
progress: nodes=3,130,000,000 tested=0 found=0 n=131266709648926083984375 elapsed=237s
progress: nodes=3,140,000,000 tested=0 found=0 n=987689450222091474609375 elapsed=238s
progress: nodes=3,150,000,000 tested=0 found=0 n=374242849323750087890625 elapsed=239s
progress: nodes=3,160,000,000 tested=0 found=0 n=90415757628914326171875 elapsed=240s
progress: nodes=3,170,000,000 tested=0 found=0 n=601480678478778896484375 elapsed=240s
progress: nodes=3,180,000,000 tested=0 found=0 n=128032349918209013671875 elapsed=241s
progress: nodes=3,190,000,000 tested=0 found=0 n=469089378984258017578125 elapsed=242s
progress: nodes=3,200,000,000 tested=0 found=0 n=183494681136823798828125 elapsed=243s
progress: nodes=3,210,000,000 tested=0 found=0 n=814031102212611943359375 elapsed=244s
progress: nodes=3,220,000,000 tested=0 found=0 n=89425769266458193359375 elapsed=244s
progress: nodes=3,230,000,000 tested=0 found=0 n=59462463609661201171875 elapsed=245s
progress: nodes=3,240,000,000 tested=0 found=0 n=176995085994072861328125 elapsed=246s
progress: nodes=3,250,000,000 tested=0 found=0 n=72126987142516083984375 elapsed=247s
progress: nodes=3,260,000,000 tested=0 found=0 n=613587575016133681640625 elapsed=248s
progress: nodes=3,270,000,000 tested=0 found=0 n=36355830874240693359375 elapsed=248s
progress: nodes=3,280,000,000 tested=0 found=0 n=181719232730798115234375 elapsed=249s
progress: nodes=3,290,000,000 tested=0 found=0 n=191123234403281806640625 elapsed=250s
progress: nodes=3,300,000,000 tested=0 found=0 n=160483518823189833984375 elapsed=251s
progress: nodes=3,310,000,000 tested=0 found=0 n=209457513067648447265625 elapsed=251s
progress: nodes=3,320,000,000 tested=0 found=0 n=201997537934563388671875 elapsed=252s
progress: nodes=3,330,000,000 tested=0 found=0 n=41634030498480087890625 elapsed=253s
progress: nodes=3,340,000,000 tested=0 found=0 n=142809927942597626953125 elapsed=254s
progress: nodes=3,350,000,000 tested=0 found=0 n=58589301076400478515625 elapsed=254s
progress: nodes=3,360,000,000 tested=0 found=0 n=264563325783960556640625 elapsed=255s
progress: nodes=3,370,000,000 tested=0 found=0 n=881936890243316806640625 elapsed=256s
progress: nodes=3,380,000,000 tested=0 found=0 n=129369938748747099609375 elapsed=257s
progress: nodes=3,390,000,000 tested=0 found=0 n=650188178364722080078125 elapsed=257s
progress: nodes=3,400,000,000 tested=0 found=0 n=464292286709347001953125 elapsed=258s
progress: nodes=3,410,000,000 tested=0 found=0 n=195452447980483916015625 elapsed=259s
progress: nodes=3,420,000,000 tested=0 found=0 n=521340352209756650390625 elapsed=260s
progress: nodes=3,430,000,000 tested=0 found=0 n=38410125840972158203125 elapsed=260s
progress: nodes=3,440,000,000 tested=0 found=0 n=45831078983556826171875 elapsed=261s
progress: nodes=3,450,000,000 tested=0 found=0 n=58845465074301064453125 elapsed=262s
progress: nodes=3,460,000,000 tested=0 found=0 n=29139990895842099609375 elapsed=262s
progress: nodes=3,470,000,000 tested=0 found=0 n=839715929888472685546875 elapsed=263s
progress: nodes=3,480,000,000 tested=0 found=0 n=46711137666325869140625 elapsed=264s
progress: nodes=3,490,000,000 tested=0 found=0 n=130349626892861923828125 elapsed=264s
progress: nodes=3,500,000,000 tested=0 found=0 n=54890789370657626953125 elapsed=265s
progress: nodes=3,510,000,000 tested=0 found=0 n=31907243053999599609375 elapsed=265s
progress: nodes=3,520,000,000 tested=0 found=0 n=29800243097405244140625 elapsed=266s
progress: nodes=3,530,000,000 tested=0 found=0 n=98579117969386259765625 elapsed=266s
progress: nodes=3,540,000,000 tested=0 found=0 n=30229345538699150390625 elapsed=267s
progress: nodes=3,550,000,000 tested=0 found=0 n=24906701409475869140625 elapsed=268s
progress: nodes=3,560,000,000 tested=0 found=0 n=2281420389764267578125 elapsed=268s
progress: nodes=3,570,000,000 tested=0 found=0 n=6239786752040537109375 elapsed=269s
progress: nodes=3,580,000,000 tested=0 found=0 n=34720784769934072265625 elapsed=270s
progress: nodes=3,590,000,000 tested=0 found=0 n=626441550210940166015625 elapsed=271s
progress: nodes=3,600,000,000 tested=0 found=0 n=825873269150887470703125 elapsed=271s
progress: nodes=3,610,000,000 tested=0 found=0 n=937293690229018154296875 elapsed=272s
progress: nodes=3,620,000,000 tested=0 found=0 n=759379338554723173828125 elapsed=273s
progress: nodes=3,630,000,000 tested=0 found=0 n=984719666546410869140625 elapsed=274s
progress: nodes=3,640,000,000 tested=0 found=0 n=892369943063361826171875 elapsed=275s
progress: nodes=3,650,000,000 tested=0 found=0 n=762961936291844326171875 elapsed=276s
progress: nodes=3,660,000,000 tested=0 found=0 n=834634883331333017578125 elapsed=276s
progress: nodes=3,670,000,000 tested=0 found=0 n=170816267959743427734375 elapsed=277s
progress: nodes=3,680,000,000 tested=0 found=0 n=386836059145071884765625 elapsed=278s
progress: nodes=3,690,000,000 tested=0 found=0 n=379827612256626650390625 elapsed=279s
progress: nodes=3,700,000,000 tested=0 found=0 n=306996163492344345703125 elapsed=280s
progress: nodes=3,710,000,000 tested=0 found=0 n=919411907013639228515625 elapsed=281s
progress: nodes=3,720,000,000 tested=0 found=0 n=580575668461414716796875 elapsed=282s
progress: nodes=3,730,000,000 tested=0 found=0 n=624892945081077333984375 elapsed=283s
progress: nodes=3,740,000,000 tested=0 found=0 n=699091581912157001953125 elapsed=284s
progress: nodes=3,750,000,000 tested=0 found=0 n=310315031149236064453125 elapsed=284s
progress: nodes=3,760,000,000 tested=0 found=0 n=272268312960701865234375 elapsed=285s
progress: nodes=3,770,000,000 tested=0 found=0 n=21799809348720380859375 elapsed=286s
progress: nodes=3,780,000,000 tested=0 found=0 n=410450827625466240234375 elapsed=287s
progress: nodes=3,790,000,000 tested=0 found=0 n=367581632651368154296875 elapsed=288s
progress: nodes=3,800,000,000 tested=0 found=0 n=862023217681739267578125 elapsed=289s
progress: nodes=3,810,000,000 tested=0 found=0 n=180776267720823251953125 elapsed=290s
progress: nodes=3,820,000,000 tested=0 found=0 n=209029588530508916015625 elapsed=291s
progress: nodes=3,830,000,000 tested=0 found=0 n=795244017287770400390625 elapsed=292s
progress: nodes=3,840,000,000 tested=0 found=0 n=350391258570589716796875 elapsed=293s
progress: nodes=3,850,000,000 tested=0 found=0 n=109457291952096943359375 elapsed=294s
progress: nodes=3,860,000,000 tested=0 found=0 n=193323891419286240234375 elapsed=294s
progress: nodes=3,870,000,000 tested=0 found=0 n=688544805660101279296875 elapsed=295s
progress: nodes=3,880,000,000 tested=0 found=0 n=607857789046740908203125 elapsed=296s
progress: nodes=3,890,000,000 tested=0 found=0 n=323645450233683779296875 elapsed=297s
progress: nodes=3,900,000,000 tested=0 found=0 n=154490333880382119140625 elapsed=298s
progress: nodes=3,910,000,000 tested=0 found=0 n=130143615490414423828125 elapsed=299s
progress: nodes=3,920,000,000 tested=0 found=0 n=166962128952408486328125 elapsed=299s
progress: nodes=3,930,000,000 tested=0 found=0 n=189178819471252177734375 elapsed=300s
progress: nodes=3,940,000,000 tested=0 found=0 n=125527975606204716796875 elapsed=301s
progress: nodes=3,950,000,000 tested=0 found=0 n=431557642553443681640625 elapsed=302s
progress: nodes=3,960,000,000 tested=0 found=0 n=448635923169183369140625 elapsed=303s
progress: nodes=3,970,000,000 tested=0 found=0 n=131699142486527255859375 elapsed=303s
progress: nodes=3,980,000,000 tested=0 found=0 n=356926967687378232421875 elapsed=304s
progress: nodes=3,990,000,000 tested=0 found=0 n=541879481655885673828125 elapsed=305s
progress: nodes=4,000,000,000 tested=0 found=0 n=28261333497744140625 elapsed=306s
progress: nodes=4,010,000,000 tested=0 found=0 n=184697888660176201171875 elapsed=306s
progress: nodes=4,020,000,000 tested=0 found=0 n=931526329414682548828125 elapsed=307s
progress: nodes=4,030,000,000 tested=0 found=0 n=143636627154171708984375 elapsed=308s
progress: nodes=4,040,000,000 tested=0 found=0 n=50762395643228876953125 elapsed=308s
progress: nodes=4,050,000,000 tested=0 found=0 n=333513724641744638671875 elapsed=309s
progress: nodes=4,060,000,000 tested=0 found=0 n=79557787376036455078125 elapsed=310s
progress: nodes=4,070,000,000 tested=0 found=0 n=716823503718642861328125 elapsed=310s
progress: nodes=4,080,000,000 tested=0 found=0 n=543594867306151552734375 elapsed=311s
progress: nodes=4,090,000,000 tested=0 found=0 n=776248250709837216796875 elapsed=311s
progress: nodes=4,100,000,000 tested=0 found=0 n=111528850278773408203125 elapsed=312s
progress: nodes=4,110,000,000 tested=0 found=0 n=664271388277998134765625 elapsed=313s
progress: nodes=4,120,000,000 tested=0 found=0 n=155351536367566728515625 elapsed=314s
progress: nodes=4,130,000,000 tested=0 found=0 n=430394044037968740234375 elapsed=314s
progress: nodes=4,140,000,000 tested=0 found=0 n=123870811788909580078125 elapsed=315s
progress: nodes=4,150,000,000 tested=0 found=0 n=429478023259958994140625 elapsed=315s
progress: nodes=4,160,000,000 tested=0 found=0 n=223319877510150966796875 elapsed=316s
progress: nodes=4,170,000,000 tested=0 found=0 n=644587544632102119140625 elapsed=317s
progress: nodes=4,180,000,000 tested=0 found=0 n=228048147753942216796875 elapsed=317s
progress: nodes=4,190,000,000 tested=0 found=0 n=250410877582933564453125 elapsed=318s
progress: nodes=4,200,000,000 tested=0 found=0 n=82198569846659677734375 elapsed=318s
progress: nodes=4,210,000,000 tested=0 found=0 n=72580486338025224609375 elapsed=319s
progress: nodes=4,220,000,000 tested=0 found=0 n=380161230221534150390625 elapsed=320s
progress: nodes=4,230,000,000 tested=0 found=0 n=881343057944086435546875 elapsed=320s
progress: nodes=4,240,000,000 tested=0 found=0 n=259563290808488291015625 elapsed=321s
progress: nodes=4,250,000,000 tested=0 found=0 n=71838999908099912109375 elapsed=322s
progress: nodes=4,260,000,000 tested=0 found=0 n=335110308284223544921875 elapsed=322s
progress: nodes=4,270,000,000 tested=0 found=0 n=272530725904985361328125 elapsed=323s
progress: nodes=4,280,000,000 tested=0 found=0 n=481997632878087802734375 elapsed=323s
progress: nodes=4,290,000,000 tested=0 found=0 n=16884828022566181640625 elapsed=324s
progress: nodes=4,300,000,000 tested=0 found=0 n=41353791395129560546875 elapsed=324s
progress: nodes=4,310,000,000 tested=0 found=0 n=12187741131851923828125 elapsed=325s
progress: nodes=4,320,000,000 tested=0 found=0 n=23491340660374716796875 elapsed=325s
progress: nodes=4,330,000,000 tested=0 found=0 n=9385376163156474609375 elapsed=326s
progress: nodes=4,340,000,000 tested=0 found=0 n=815079347672001064453125 elapsed=326s
progress: nodes=4,350,000,000 tested=0 found=0 n=104140963887929033203125 elapsed=327s
progress: nodes=4,360,000,000 tested=0 found=0 n=829349548156362568359375 elapsed=328s
progress: nodes=4,370,000,000 tested=0 found=0 n=506368936229798408203125 elapsed=328s
progress: nodes=4,380,000,000 tested=0 found=0 n=830451299050340068359375 elapsed=329s
progress: nodes=4,390,000,000 tested=0 found=0 n=95340457817927841796875 elapsed=330s
progress: nodes=4,400,000,000 tested=0 found=0 n=327444046858196455078125 elapsed=330s
progress: nodes=4,410,000,000 tested=0 found=0 n=529190700650505791015625 elapsed=331s
progress: nodes=4,420,000,000 tested=0 found=0 n=782297408008872158203125 elapsed=332s
progress: nodes=4,430,000,000 tested=0 found=0 n=795092972330087666015625 elapsed=333s
progress: nodes=4,440,000,000 tested=0 found=0 n=555626239834432939453125 elapsed=334s
progress: nodes=4,450,000,000 tested=0 found=0 n=811560258757043173828125 elapsed=334s
progress: nodes=4,460,000,000 tested=0 found=0 n=921307830645697294921875 elapsed=335s
progress: nodes=4,470,000,000 tested=0 found=0 n=503578959260583603515625 elapsed=336s
progress: nodes=4,480,000,000 tested=0 found=0 n=222979012308652412109375 elapsed=337s
progress: nodes=4,490,000,000 tested=0 found=0 n=53228067061474423828125 elapsed=338s
progress: nodes=4,500,000,000 tested=0 found=0 n=140078140932550869140625 elapsed=338s
progress: nodes=4,510,000,000 tested=0 found=0 n=611016044254157724609375 elapsed=339s
progress: nodes=4,520,000,000 tested=0 found=0 n=667328016795733388671875 elapsed=340s
progress: nodes=4,530,000,000 tested=0 found=0 n=188098377608447490234375 elapsed=341s
progress: nodes=4,540,000,000 tested=0 found=0 n=63067414498301865234375 elapsed=341s
progress: nodes=4,550,000,000 tested=0 found=0 n=856834278513446162109375 elapsed=342s
progress: nodes=4,560,000,000 tested=0 found=0 n=257514388982926435546875 elapsed=343s
progress: nodes=4,570,000,000 tested=0 found=0 n=41901095869126787109375 elapsed=343s
progress: nodes=4,580,000,000 tested=0 found=0 n=955317674326113896484375 elapsed=344s
progress: nodes=4,590,000,000 tested=0 found=0 n=140768683701396943359375 elapsed=344s
progress: nodes=4,600,000,000 tested=0 found=0 n=15148757240298017578125 elapsed=345s
progress: nodes=4,610,000,000 tested=0 found=0 n=603642181646619755859375 elapsed=346s
progress: nodes=4,620,000,000 tested=0 found=0 n=113196887977957646484375 elapsed=346s
progress: nodes=4,630,000,000 tested=0 found=0 n=36853083009179912109375 elapsed=347s
progress: nodes=4,640,000,000 tested=0 found=0 n=231921303325242451171875 elapsed=347s
progress: nodes=4,650,000,000 tested=0 found=0 n=480795148867086650390625 elapsed=348s
progress: nodes=4,660,000,000 tested=0 found=0 n=263830897874618876953125 elapsed=349s
progress: nodes=4,670,000,000 tested=0 found=0 n=10760115460140439453125 elapsed=349s
progress: nodes=4,680,000,000 tested=0 found=0 n=104032858085632353515625 elapsed=350s
progress: nodes=4,690,000,000 tested=0 found=0 n=996815784760308017578125 elapsed=350s
progress: nodes=4,700,000,000 tested=0 found=0 n=6752916418411845703125 elapsed=351s
progress: nodes=4,710,000,000 tested=0 found=0 n=155030236114165927734375 elapsed=352s
progress: nodes=4,720,000,000 tested=0 found=0 n=443615509121519794921875 elapsed=352s
progress: nodes=4,730,000,000 tested=0 found=0 n=78701345763095478515625 elapsed=353s
progress: nodes=4,740,000,000 tested=0 found=0 n=18508378282930986328125 elapsed=353s
progress: nodes=4,750,000,000 tested=0 found=0 n=370851917941249189453125 elapsed=354s
progress: nodes=4,760,000,000 tested=0 found=0 n=185631079363683662109375 elapsed=355s
progress: nodes=4,770,000,000 tested=0 found=0 n=90321833639353798828125 elapsed=355s
progress: nodes=4,780,000,000 tested=0 found=0 n=907677796108067841796875 elapsed=356s
progress: nodes=4,790,000,000 tested=0 found=0 n=999717831684901494140625 elapsed=356s
progress: nodes=4,800,000,000 tested=0 found=0 n=46296397520498759765625 elapsed=357s
progress: nodes=4,810,000,000 tested=0 found=0 n=7234294709738408203125 elapsed=357s
progress: nodes=4,820,000,000 tested=0 found=0 n=10659098147879619140625 elapsed=358s
progress: nodes=4,830,000,000 tested=0 found=0 n=632796696183569150390625 elapsed=358s
progress: nodes=4,840,000,000 tested=0 found=0 n=916350025833096943359375 elapsed=359s
progress: nodes=4,850,000,000 tested=0 found=0 n=542916443425954482421875 elapsed=360s
progress: nodes=4,860,000,000 tested=0 found=0 n=449433923369111103515625 elapsed=361s
progress: nodes=4,870,000,000 tested=0 found=0 n=261784984188806279296875 elapsed=362s
progress: nodes=4,880,000,000 tested=0 found=0 n=461436739374877119140625 elapsed=362s
progress: nodes=4,890,000,000 tested=0 found=0 n=888596553669143642578125 elapsed=363s
progress: nodes=4,900,000,000 tested=0 found=0 n=994916656277033115234375 elapsed=364s
progress: nodes=4,910,000,000 tested=0 found=0 n=557557968029069794921875 elapsed=364s
progress: nodes=4,920,000,000 tested=0 found=0 n=434170859743204365234375 elapsed=365s
progress: nodes=4,930,000,000 tested=0 found=0 n=443039701647534697265625 elapsed=366s
progress: nodes=4,940,000,000 tested=0 found=0 n=342265148288300478515625 elapsed=367s
progress: nodes=4,950,000,000 tested=0 found=0 n=611031594742242451171875 elapsed=368s
progress: nodes=4,960,000,000 tested=0 found=0 n=140378032281513076171875 elapsed=369s
progress: nodes=4,970,000,000 tested=0 found=0 n=626838523557156650390625 elapsed=370s
progress: nodes=4,980,000,000 tested=0 found=0 n=765134250350920048828125 elapsed=371s
progress: nodes=4,990,000,000 tested=0 found=0 n=164813278988176787109375 elapsed=372s
progress: nodes=5,000,000,000 tested=0 found=0 n=337099818413238486328125 elapsed=372s
progress: nodes=5,010,000,000 tested=0 found=0 n=73069490320634970703125 elapsed=373s
progress: nodes=5,020,000,000 tested=0 found=0 n=72245450870853837890625 elapsed=374s
progress: nodes=5,030,000,000 tested=0 found=0 n=222074282309436298828125 elapsed=375s
progress: nodes=5,040,000,000 tested=0 found=0 n=294266803564712900390625 elapsed=375s
progress: nodes=5,050,000,000 tested=0 found=0 n=829138340019281220703125 elapsed=376s
progress: nodes=5,060,000,000 tested=0 found=0 n=106988820610759013671875 elapsed=377s
progress: nodes=5,070,000,000 tested=0 found=0 n=560494825522193935546875 elapsed=377s
progress: nodes=5,080,000,000 tested=0 found=0 n=354321030066379365234375 elapsed=378s
progress: nodes=5,090,000,000 tested=0 found=0 n=109215801606692548828125 elapsed=379s
progress: nodes=5,100,000,000 tested=0 found=0 n=618175054936588271484375 elapsed=379s
progress: nodes=5,110,000,000 tested=0 found=0 n=359850424569419443359375 elapsed=380s
progress: nodes=5,120,000,000 tested=0 found=0 n=435684518524288388671875 elapsed=380s
progress: nodes=5,130,000,000 tested=0 found=0 n=33620006869030283203125 elapsed=381s
progress: nodes=5,140,000,000 tested=0 found=0 n=521385873497501923828125 elapsed=382s
progress: nodes=5,150,000,000 tested=0 found=0 n=244297409210724111328125 elapsed=382s
progress: nodes=5,160,000,000 tested=0 found=0 n=29070741304821708984375 elapsed=383s
progress: nodes=5,170,000,000 tested=0 found=0 n=49062735212881025390625 elapsed=383s
progress: nodes=5,180,000,000 tested=0 found=0 n=893438147238308876953125 elapsed=384s
progress: nodes=5,190,000,000 tested=0 found=0 n=23138780353973349609375 elapsed=384s
progress: nodes=5,200,000,000 tested=0 found=0 n=76906319100411708984375 elapsed=385s
progress: nodes=5,210,000,000 tested=0 found=0 n=32846319105094599609375 elapsed=386s
progress: nodes=5,220,000,000 tested=0 found=0 n=287231775140239541015625 elapsed=386s
progress: nodes=5,230,000,000 tested=0 found=0 n=146256071758622490234375 elapsed=387s
progress: nodes=5,240,000,000 tested=0 found=0 n=49427840965071181640625 elapsed=387s
progress: nodes=5,250,000,000 tested=0 found=0 n=103613621184723076171875 elapsed=388s
progress: nodes=5,260,000,000 tested=0 found=0 n=304463390996867958984375 elapsed=388s
progress: nodes=5,270,000,000 tested=0 found=0 n=203610135790808525390625 elapsed=389s
progress: nodes=5,280,000,000 tested=0 found=0 n=553824904549774482421875 elapsed=389s
progress: nodes=5,290,000,000 tested=0 found=0 n=10491891905751064453125 elapsed=390s
progress: nodes=5,300,000,000 tested=0 found=0 n=3914780353621083984375 elapsed=391s
progress: nodes=5,310,000,000 tested=0 found=0 n=811398823619033583984375 elapsed=391s
progress: nodes=5,320,000,000 tested=0 found=0 n=304552407119696455078125 elapsed=392s
progress: nodes=5,330,000,000 tested=0 found=0 n=287122781211618955078125 elapsed=393s
progress: nodes=5,340,000,000 tested=0 found=0 n=531041566562127333984375 elapsed=394s
progress: nodes=5,350,000,000 tested=0 found=0 n=750372752091814541015625 elapsed=394s
progress: nodes=5,360,000,000 tested=0 found=0 n=622373753910133037109375 elapsed=395s
progress: nodes=5,370,000,000 tested=0 found=0 n=849615975783656630859375 elapsed=396s
progress: nodes=5,380,000,000 tested=0 found=0 n=372725082523509345703125 elapsed=397s
progress: nodes=5,390,000,000 tested=0 found=0 n=959527801259099033203125 elapsed=398s
progress: nodes=5,400,000,000 tested=0 found=0 n=598086553317328740234375 elapsed=399s
progress: nodes=5,410,000,000 tested=0 found=0 n=541062929180460146484375 elapsed=400s
progress: nodes=5,420,000,000 tested=0 found=0 n=761376082944921767578125 elapsed=400s
progress: nodes=5,430,000,000 tested=0 found=0 n=724178410470099228515625 elapsed=401s
progress: nodes=5,440,000,000 tested=0 found=0 n=759633936402495146484375 elapsed=402s
progress: nodes=5,450,000,000 tested=0 found=0 n=350216899460064228515625 elapsed=403s
progress: nodes=5,460,000,000 tested=0 found=0 n=717224099789265732421875 elapsed=404s
progress: nodes=5,470,000,000 tested=0 found=0 n=127310028316922724609375 elapsed=404s
progress: nodes=5,480,000,000 tested=0 found=0 n=68115640287940400390625 elapsed=405s
progress: nodes=5,490,000,000 tested=0 found=0 n=408376674245745791015625 elapsed=406s
progress: nodes=5,500,000,000 tested=0 found=0 n=98525059769673544921875 elapsed=406s
progress: nodes=5,510,000,000 tested=0 found=0 n=320448912532781220703125 elapsed=407s
progress: nodes=5,520,000,000 tested=0 found=0 n=419795593999313466796875 elapsed=407s
progress: nodes=5,530,000,000 tested=0 found=0 n=102443510732865732421875 elapsed=408s
progress: nodes=5,540,000,000 tested=0 found=0 n=107241624063730634765625 elapsed=409s
progress: nodes=5,550,000,000 tested=0 found=0 n=627982560637374287109375 elapsed=409s
progress: nodes=5,560,000,000 tested=0 found=0 n=172359902452509052734375 elapsed=410s
progress: nodes=5,570,000,000 tested=0 found=0 n=127506279059330361328125 elapsed=410s
progress: nodes=5,580,000,000 tested=0 found=0 n=432292398346441318359375 elapsed=411s
progress: nodes=5,590,000,000 tested=0 found=0 n=964781391282099345703125 elapsed=412s
progress: nodes=5,600,000,000 tested=0 found=0 n=16797433649107236328125 elapsed=412s
progress: nodes=5,610,000,000 tested=0 found=0 n=195469153169721767578125 elapsed=413s
progress: nodes=5,620,000,000 tested=0 found=0 n=8639467666387822265625 elapsed=413s
progress: nodes=5,630,000,000 tested=0 found=0 n=60973719611362822265625 elapsed=414s
progress: nodes=5,640,000,000 tested=0 found=0 n=413413364427015849609375 elapsed=414s
progress: nodes=5,650,000,000 tested=0 found=0 n=568629511889915302734375 elapsed=415s
progress: nodes=5,660,000,000 tested=0 found=0 n=702862561080669462890625 elapsed=416s
progress: nodes=5,670,000,000 tested=0 found=0 n=6998721504788583984375 elapsed=416s
progress: nodes=5,680,000,000 tested=0 found=0 n=13725743664800654296875 elapsed=417s
progress: nodes=5,690,000,000 tested=0 found=0 n=361814648803331572265625 elapsed=417s
progress: nodes=5,700,000,000 tested=0 found=0 n=10318923737963876953125 elapsed=418s
progress: nodes=5,710,000,000 tested=0 found=0 n=4648264952953095703125 elapsed=418s
progress: nodes=5,720,000,000 tested=0 found=0 n=23309949032901298828125 elapsed=419s
progress: nodes=5,730,000,000 tested=0 found=0 n=489411564388129423828125 elapsed=419s
progress: nodes=5,740,000,000 tested=0 found=0 n=3195744192486650390625 elapsed=420s
progress: nodes=5,750,000,000 tested=0 found=0 n=675693055873216494140625 elapsed=421s
progress: nodes=5,760,000,000 tested=0 found=0 n=839248691472537099609375 elapsed=421s
progress: nodes=5,770,000,000 tested=0 found=0 n=548232550614428291015625 elapsed=422s
progress: nodes=5,780,000,000 tested=0 found=0 n=498359680512958037109375 elapsed=423s
progress: nodes=5,790,000,000 tested=0 found=0 n=751840597000026650390625 elapsed=424s
progress: nodes=5,800,000,000 tested=0 found=0 n=819542516884879658203125 elapsed=425s
progress: nodes=5,810,000,000 tested=0 found=0 n=697481330658452666015625 elapsed=426s
progress: nodes=5,820,000,000 tested=0 found=0 n=725699465541891826171875 elapsed=426s
progress: nodes=5,830,000,000 tested=0 found=0 n=346722477672393544921875 elapsed=427s
progress: nodes=5,840,000,000 tested=0 found=0 n=813072582761887880859375 elapsed=428s
progress: nodes=5,850,000,000 tested=0 found=0 n=817811575520150478515625 elapsed=429s
progress: nodes=5,860,000,000 tested=0 found=0 n=671086756588386708984375 elapsed=430s
progress: nodes=5,870,000,000 tested=0 found=0 n=616622011670110341796875 elapsed=431s
progress: nodes=5,880,000,000 tested=0 found=0 n=767204074042109208984375 elapsed=432s
progress: nodes=5,890,000,000 tested=0 found=0 n=451068185289336240234375 elapsed=433s
progress: nodes=5,900,000,000 tested=0 found=0 n=190515577869306650390625 elapsed=433s
progress: nodes=5,910,000,000 tested=0 found=0 n=401364897046177060546875 elapsed=434s
progress: nodes=5,920,000,000 tested=0 found=0 n=550219442133546123046875 elapsed=435s
progress: nodes=5,930,000,000 tested=0 found=0 n=241841399527128603515625 elapsed=436s
progress: nodes=5,940,000,000 tested=0 found=0 n=85274985337149638671875 elapsed=436s
progress: nodes=5,950,000,000 tested=0 found=0 n=601660258138897470703125 elapsed=437s
progress: nodes=5,960,000,000 tested=0 found=0 n=248017912978891376953125 elapsed=438s
progress: nodes=5,970,000,000 tested=0 found=0 n=105555534526345693359375 elapsed=439s
progress: nodes=5,980,000,000 tested=0 found=0 n=470654938411826923828125 elapsed=439s
progress: nodes=5,990,000,000 tested=0 found=0 n=502195065345587021484375 elapsed=440s
progress: nodes=6,000,000,000 tested=0 found=0 n=977794843501763701171875 elapsed=440s
progress: nodes=6,010,000,000 tested=0 found=0 n=33531024127220419921875 elapsed=441s
progress: nodes=6,020,000,000 tested=0 found=0 n=732239574066003427734375 elapsed=441s
progress: nodes=6,030,000,000 tested=0 found=0 n=841473566124997939453125 elapsed=442s
progress: nodes=6,040,000,000 tested=0 found=0 n=355179571717807001953125 elapsed=443s
progress: nodes=6,050,000,000 tested=0 found=0 n=752979367297374521484375 elapsed=443s
progress: nodes=6,060,000,000 tested=0 found=0 n=8565270063583974609375 elapsed=444s
progress: nodes=6,070,000,000 tested=0 found=0 n=50020353538590322265625 elapsed=444s
progress: nodes=6,080,000,000 tested=0 found=0 n=106443442472505556640625 elapsed=445s
progress: nodes=6,090,000,000 tested=0 found=0 n=259661780648936630859375 elapsed=445s
progress: nodes=6,100,000,000 tested=0 found=0 n=143160512468362822265625 elapsed=446s
progress: nodes=6,110,000,000 tested=0 found=0 n=37091049465991904296875 elapsed=447s
progress: nodes=6,120,000,000 tested=0 found=0 n=2371869546508388671875 elapsed=447s
progress: nodes=6,130,000,000 tested=0 found=0 n=973049071872713291015625 elapsed=448s
progress: nodes=6,140,000,000 tested=0 found=0 n=964932466535558701171875 elapsed=448s
progress: nodes=6,150,000,000 tested=0 found=0 n=1785358568141103515625 elapsed=449s
progress: nodes=6,160,000,000 tested=0 found=0 n=798136233911481181640625 elapsed=450s
progress: nodes=6,170,000,000 tested=0 found=0 n=235308392870460380859375 elapsed=450s
progress: nodes=6,180,000,000 tested=0 found=0 n=357197452786565244140625 elapsed=451s
progress: nodes=6,190,000,000 tested=0 found=0 n=273163426538833212890625 elapsed=452s
progress: nodes=6,200,000,000 tested=0 found=0 n=562514985310024423828125 elapsed=453s
progress: nodes=6,210,000,000 tested=0 found=0 n=857885105408167001953125 elapsed=454s
progress: nodes=6,220,000,000 tested=0 found=0 n=939121758439242802734375 elapsed=454s
progress: nodes=6,230,000,000 tested=0 found=0 n=506765891739127236328125 elapsed=455s
progress: nodes=6,240,000,000 tested=0 found=0 n=937778500003283173828125 elapsed=456s
progress: nodes=6,250,000,000 tested=0 found=0 n=167351766448249423828125 elapsed=457s
progress: nodes=6,260,000,000 tested=0 found=0 n=423339409110477919921875 elapsed=458s
progress: nodes=6,270,000,000 tested=0 found=0 n=322475910710905986328125 elapsed=459s
progress: nodes=6,280,000,000 tested=0 found=0 n=871337166006266806640625 elapsed=459s
progress: nodes=6,290,000,000 tested=0 found=0 n=103282899406844853515625 elapsed=460s
progress: nodes=6,300,000,000 tested=0 found=0 n=368044571064451201171875 elapsed=461s
progress: nodes=6,310,000,000 tested=0 found=0 n=322703972583517001953125 elapsed=461s
progress: nodes=6,320,000,000 tested=0 found=0 n=46314945067101064453125 elapsed=462s
progress: nodes=6,330,000,000 tested=0 found=0 n=345868699275597392578125 elapsed=462s
progress: nodes=6,340,000,000 tested=0 found=0 n=294867455067512666015625 elapsed=463s
progress: nodes=6,350,000,000 tested=0 found=0 n=26271748245299501953125 elapsed=464s
progress: nodes=6,360,000,000 tested=0 found=0 n=304411549073889638671875 elapsed=465s
progress: nodes=6,370,000,000 tested=0 found=0 n=421585619218985126953125 elapsed=465s
progress: nodes=6,380,000,000 tested=0 found=0 n=61066738904097392578125 elapsed=466s
progress: nodes=6,390,000,000 tested=0 found=0 n=534014450583847822265625 elapsed=466s
progress: nodes=6,400,000,000 tested=0 found=0 n=35935515126020478515625 elapsed=467s
progress: nodes=6,410,000,000 tested=0 found=0 n=6415001497569462890625 elapsed=468s
progress: nodes=6,420,000,000 tested=0 found=0 n=96234261321385458984375 elapsed=468s
progress: nodes=6,430,000,000 tested=0 found=0 n=7646689281413583984375 elapsed=469s
progress: nodes=6,440,000,000 tested=0 found=0 n=417926101843484736328125 elapsed=469s
progress: nodes=6,450,000,000 tested=0 found=0 n=294289347070301044921875 elapsed=470s
progress: nodes=6,460,000,000 tested=0 found=0 n=2217190363879130859375 elapsed=470s
progress: nodes=6,470,000,000 tested=0 found=0 n=605870441201162109375 elapsed=471s
progress: nodes=6,480,000,000 tested=0 found=0 n=315322818242921455078125 elapsed=472s
progress: nodes=6,490,000,000 tested=0 found=0 n=1978775788193876953125 elapsed=472s
progress: nodes=6,500,000,000 tested=0 found=0 n=1361406990259951171875 elapsed=473s
progress: nodes=6,510,000,000 tested=0 found=0 n=916325241479337041015625 elapsed=474s
progress: nodes=6,520,000,000 tested=0 found=0 n=890308259519361591796875 elapsed=474s
progress: nodes=6,530,000,000 tested=0 found=0 n=223071904486807822265625 elapsed=475s
progress: nodes=6,540,000,000 tested=0 found=0 n=237076500591366591796875 elapsed=476s
progress: nodes=6,550,000,000 tested=0 found=0 n=66485438012291923828125 elapsed=477s
progress: nodes=6,560,000,000 tested=0 found=0 n=277484487310851767578125 elapsed=478s
progress: nodes=6,570,000,000 tested=0 found=0 n=173961216840972919921875 elapsed=478s
progress: nodes=6,580,000,000 tested=0 found=0 n=61163767116974970703125 elapsed=479s
progress: nodes=6,590,000,000 tested=0 found=0 n=88694605497080654296875 elapsed=479s
progress: nodes=6,600,000,000 tested=0 found=0 n=738807196279062041015625 elapsed=480s
progress: nodes=6,610,000,000 tested=0 found=0 n=694695378654902548828125 elapsed=481s
progress: nodes=6,620,000,000 tested=0 found=0 n=126548977963435751953125 elapsed=481s
progress: nodes=6,630,000,000 tested=0 found=0 n=121480583811549345703125 elapsed=482s
progress: nodes=6,640,000,000 tested=0 found=0 n=793620291820056416015625 elapsed=482s
progress: nodes=6,650,000,000 tested=0 found=0 n=31545691164814658203125 elapsed=483s
progress: nodes=6,660,000,000 tested=0 found=0 n=111070605142793232421875 elapsed=483s
progress: nodes=6,670,000,000 tested=0 found=0 n=405610702698298271484375 elapsed=484s
progress: nodes=6,680,000,000 tested=0 found=0 n=608060389197848818359375 elapsed=485s
progress: nodes=6,690,000,000 tested=0 found=0 n=331686110573018525390625 elapsed=485s
progress: nodes=6,700,000,000 tested=0 found=0 n=632529170609923564453125 elapsed=486s
progress: nodes=6,710,000,000 tested=0 found=0 n=408201456714005830078125 elapsed=486s
progress: nodes=6,720,000,000 tested=0 found=0 n=406320444842206552734375 elapsed=487s
progress: nodes=6,730,000,000 tested=0 found=0 n=505889467772275107421875 elapsed=487s
progress: nodes=6,740,000,000 tested=0 found=0 n=2667720404710283203125 elapsed=488s
progress: nodes=6,750,000,000 tested=0 found=0 n=771695301120470771484375 elapsed=489s
progress: nodes=6,760,000,000 tested=0 found=0 n=995770277865344794921875 elapsed=489s
progress: nodes=6,770,000,000 tested=0 found=0 n=553164161357555947265625 elapsed=490s
progress: nodes=6,780,000,000 tested=0 found=0 n=756449074439741337890625 elapsed=491s
progress: nodes=6,790,000,000 tested=0 found=0 n=994034371621527158203125 elapsed=492s
progress: nodes=6,800,000,000 tested=0 found=0 n=954691161618560361328125 elapsed=492s
progress: nodes=6,810,000,000 tested=0 found=0 n=695905379494708271484375 elapsed=493s
progress: nodes=6,820,000,000 tested=0 found=0 n=315833323212098173828125 elapsed=494s
progress: nodes=6,830,000,000 tested=0 found=0 n=114996181381854169921875 elapsed=495s
progress: nodes=6,840,000,000 tested=0 found=0 n=21413887448739169921875 elapsed=495s
progress: nodes=6,850,000,000 tested=0 found=0 n=405617316567548642578125 elapsed=496s
progress: nodes=6,860,000,000 tested=0 found=0 n=914031004900113369140625 elapsed=496s
progress: nodes=6,870,000,000 tested=0 found=0 n=107861508174480556640625 elapsed=497s
progress: nodes=6,880,000,000 tested=0 found=0 n=175854501474574482421875 elapsed=498s
progress: nodes=6,890,000,000 tested=0 found=0 n=53063504049703798828125 elapsed=498s
progress: nodes=6,900,000,000 tested=0 found=0 n=44876834109546943359375 elapsed=499s
progress: nodes=6,910,000,000 tested=0 found=0 n=234147313216811337890625 elapsed=499s
progress: nodes=6,920,000,000 tested=0 found=0 n=766843478838400869140625 elapsed=500s
progress: nodes=6,930,000,000 tested=0 found=0 n=147217567372642177734375 elapsed=501s
progress: nodes=6,940,000,000 tested=0 found=0 n=75674165806713779296875 elapsed=501s
progress: nodes=6,950,000,000 tested=0 found=0 n=210049429369234482421875 elapsed=502s
progress: nodes=6,960,000,000 tested=0 found=0 n=628509071250419150390625 elapsed=503s
progress: nodes=6,970,000,000 tested=0 found=0 n=904493661638226943359375 elapsed=503s
progress: nodes=6,980,000,000 tested=0 found=0 n=815240415966640751953125 elapsed=504s
progress: nodes=6,990,000,000 tested=0 found=0 n=895305115386818525390625 elapsed=505s
progress: nodes=7,000,000,000 tested=0 found=0 n=395011789074850517578125 elapsed=506s
progress: nodes=7,010,000,000 tested=0 found=0 n=890573346292473720703125 elapsed=506s
progress: nodes=7,020,000,000 tested=0 found=0 n=616193948156611728515625 elapsed=507s
progress: nodes=7,030,000,000 tested=0 found=0 n=515637027833423818359375 elapsed=508s
progress: nodes=7,040,000,000 tested=0 found=0 n=77857214457876064453125 elapsed=509s
progress: nodes=7,050,000,000 tested=0 found=0 n=702304089048923994140625 elapsed=509s
progress: nodes=7,060,000,000 tested=0 found=0 n=387715755302260048828125 elapsed=510s
progress: nodes=7,070,000,000 tested=0 found=0 n=289281829162297587890625 elapsed=510s
progress: nodes=7,080,000,000 tested=0 found=0 n=65148267617311201171875 elapsed=511s
progress: nodes=7,090,000,000 tested=0 found=0 n=288940971607164931640625 elapsed=512s
progress: nodes=7,100,000,000 tested=0 found=0 n=271760242460348408203125 elapsed=512s
progress: nodes=7,110,000,000 tested=0 found=0 n=597607223459310263671875 elapsed=513s
progress: nodes=7,120,000,000 tested=0 found=0 n=651480636026581435546875 elapsed=514s
progress: nodes=7,130,000,000 tested=0 found=0 n=366555873869977060546875 elapsed=514s
progress: nodes=7,140,000,000 tested=0 found=0 n=973381741639049970703125 elapsed=515s
progress: nodes=7,150,000,000 tested=0 found=0 n=706615466019537216796875 elapsed=516s
progress: nodes=7,160,000,000 tested=0 found=0 n=558983465671520830078125 elapsed=516s
progress: nodes=7,170,000,000 tested=0 found=0 n=625213943021016298828125 elapsed=517s
progress: nodes=7,180,000,000 tested=0 found=0 n=377952465706573798828125 elapsed=518s
progress: nodes=7,190,000,000 tested=0 found=0 n=667846248438833876953125 elapsed=519s
progress: nodes=7,200,000,000 tested=0 found=0 n=66445233143441572265625 elapsed=520s
progress: nodes=7,210,000,000 tested=0 found=0 n=704649405844197861328125 elapsed=520s
progress: nodes=7,220,000,000 tested=0 found=0 n=50377717425752666015625 elapsed=521s
progress: nodes=7,230,000,000 tested=0 found=0 n=321698043857214755859375 elapsed=522s
progress: nodes=7,240,000,000 tested=0 found=0 n=255580644981206162109375 elapsed=522s
progress: nodes=7,250,000,000 tested=0 found=0 n=576339679453661982421875 elapsed=523s
progress: nodes=7,260,000,000 tested=0 found=0 n=509676999781345576171875 elapsed=523s
progress: nodes=7,270,000,000 tested=0 found=0 n=947641614677242646484375 elapsed=524s
progress: nodes=7,280,000,000 tested=0 found=0 n=1076840165205263671875 elapsed=525s
progress: nodes=7,290,000,000 tested=0 found=0 n=987672782248517548828125 elapsed=526s
progress: nodes=7,300,000,000 tested=0 found=0 n=581439230108896376953125 elapsed=526s
progress: nodes=7,310,000,000 tested=0 found=0 n=506348239351080673828125 elapsed=527s
progress: nodes=7,320,000,000 tested=0 found=0 n=540741190797851748046875 elapsed=528s
progress: nodes=7,330,000,000 tested=0 found=0 n=629919302165079697265625 elapsed=529s
progress: nodes=7,340,000,000 tested=0 found=0 n=414334675356072275390625 elapsed=529s
progress: nodes=7,350,000,000 tested=0 found=0 n=186111390688944169921875 elapsed=530s
progress: nodes=7,360,000,000 tested=0 found=0 n=12739553200732236328125 elapsed=531s
progress: nodes=7,370,000,000 tested=0 found=0 n=2094636323363466796875 elapsed=532s
progress: nodes=7,380,000,000 tested=0 found=0 n=994697018677054951171875 elapsed=532s
progress: nodes=7,390,000,000 tested=0 found=0 n=843797136320730439453125 elapsed=533s
progress: nodes=7,400,000,000 tested=0 found=0 n=709363971186973857421875 elapsed=534s
progress: nodes=7,410,000,000 tested=0 found=0 n=732803414520262236328125 elapsed=534s
progress: nodes=7,420,000,000 tested=0 found=0 n=802082217672761923828125 elapsed=535s
progress: nodes=7,430,000,000 tested=0 found=0 n=562644872062075283203125 elapsed=536s
progress: nodes=7,440,000,000 tested=0 found=0 n=704015320980916318359375 elapsed=537s
progress: nodes=7,450,000,000 tested=0 found=0 n=483081445647037529296875 elapsed=537s
progress: nodes=7,460,000,000 tested=0 found=0 n=737820937161719912109375 elapsed=538s
progress: nodes=7,470,000,000 tested=0 found=0 n=209558920632707724609375 elapsed=539s
progress: nodes=7,480,000,000 tested=0 found=0 n=890747225379672451171875 elapsed=540s
progress: nodes=7,490,000,000 tested=0 found=0 n=901762217827191474609375 elapsed=540s
progress: nodes=7,500,000,000 tested=0 found=0 n=926439375271415712890625 elapsed=541s
progress: nodes=7,510,000,000 tested=0 found=0 n=586726300804955009765625 elapsed=542s
progress: nodes=7,520,000,000 tested=0 found=0 n=883341723477344853515625 elapsed=543s
progress: nodes=7,530,000,000 tested=0 found=0 n=734153427654428056640625 elapsed=543s
progress: nodes=7,540,000,000 tested=0 found=0 n=175294032751466103515625 elapsed=544s
progress: nodes=7,550,000,000 tested=0 found=0 n=500132032566167548828125 elapsed=545s
progress: nodes=7,560,000,000 tested=0 found=0 n=634748104922561982421875 elapsed=546s
progress: nodes=7,570,000,000 tested=0 found=0 n=687463203678753251953125 elapsed=546s
progress: nodes=7,580,000,000 tested=0 found=0 n=106636910207888759765625 elapsed=547s
progress: nodes=7,590,000,000 tested=0 found=0 n=826409460064080673828125 elapsed=548s
progress: nodes=7,600,000,000 tested=0 found=0 n=760469798859552158203125 elapsed=549s
progress: nodes=7,610,000,000 tested=0 found=0 n=907901740361064287109375 elapsed=549s
progress: nodes=7,620,000,000 tested=0 found=0 n=109644437919449443359375 elapsed=550s
progress: nodes=7,630,000,000 tested=0 found=0 n=380148064455316904296875 elapsed=551s
progress: nodes=7,640,000,000 tested=0 found=0 n=671233548192003544921875 elapsed=552s
progress: nodes=7,650,000,000 tested=0 found=0 n=699156245048582724609375 elapsed=552s
progress: nodes=7,660,000,000 tested=0 found=0 n=605078471255720185546875 elapsed=553s
progress: nodes=7,670,000,000 tested=0 found=0 n=457810665285329560546875 elapsed=554s
progress: nodes=7,680,000,000 tested=0 found=0 n=728094595300373056640625 elapsed=555s
progress: nodes=7,690,000,000 tested=0 found=0 n=870396190387289033203125 elapsed=555s
progress: nodes=7,700,000,000 tested=0 found=0 n=673653412619614248046875 elapsed=556s
progress: nodes=7,710,000,000 tested=0 found=0 n=698638172946058388671875 elapsed=557s
progress: nodes=7,720,000,000 tested=0 found=0 n=686287404613850888671875 elapsed=558s
progress: nodes=7,730,000,000 tested=0 found=0 n=604171091020067314453125 elapsed=559s
progress: nodes=7,740,000,000 tested=0 found=0 n=542921279522573935546875 elapsed=559s
progress: nodes=7,750,000,000 tested=0 found=0 n=402160278097221591796875 elapsed=560s
progress: nodes=7,760,000,000 tested=0 found=0 n=421594060326318369140625 elapsed=561s
progress: nodes=7,770,000,000 tested=0 found=0 n=407487460945183505859375 elapsed=562s
progress: nodes=7,780,000,000 tested=0 found=0 n=793403094350869716796875 elapsed=562s
progress: nodes=7,790,000,000 tested=0 found=0 n=475566104825798466796875 elapsed=563s
progress: nodes=7,800,000,000 tested=0 found=0 n=912387612026032822265625 elapsed=564s
progress: nodes=7,810,000,000 tested=0 found=0 n=416895110157083466796875 elapsed=565s
progress: nodes=7,820,000,000 tested=0 found=0 n=638245083373787373046875 elapsed=566s
progress: nodes=7,830,000,000 tested=0 found=0 n=298495548359616181640625 elapsed=566s
progress: nodes=7,840,000,000 tested=0 found=0 n=443639302601621572265625 elapsed=567s
progress: nodes=7,850,000,000 tested=0 found=0 n=912610623922045927734375 elapsed=568s
progress: nodes=7,860,000,000 tested=0 found=0 n=330011310379134287109375 elapsed=569s
progress: nodes=7,870,000,000 tested=0 found=0 n=477567886632944326171875 elapsed=569s
progress: nodes=7,880,000,000 tested=0 found=0 n=318939559347389677734375 elapsed=570s
progress: nodes=7,890,000,000 tested=0 found=0 n=210621211780268935546875 elapsed=571s
progress: nodes=7,900,000,000 tested=0 found=0 n=225214766674823935546875 elapsed=572s
progress: nodes=7,910,000,000 tested=0 found=0 n=389363748445982197265625 elapsed=573s
progress: nodes=7,920,000,000 tested=0 found=0 n=82254368845056357421875 elapsed=573s
progress: nodes=7,930,000,000 tested=0 found=0 n=361891620920470341796875 elapsed=574s
progress: nodes=7,940,000,000 tested=0 found=0 n=772047515202496787109375 elapsed=575s
progress: nodes=7,950,000,000 tested=0 found=0 n=746966142600661318359375 elapsed=576s
progress: nodes=7,960,000,000 tested=0 found=0 n=992993012606903115234375 elapsed=576s
progress: nodes=7,970,000,000 tested=0 found=0 n=892735450566577998046875 elapsed=577s
progress: nodes=7,980,000,000 tested=0 found=0 n=938822984234675947265625 elapsed=577s
progress: nodes=7,990,000,000 tested=0 found=0 n=98570331350020283203125 elapsed=578s
progress: nodes=8,000,000,000 tested=0 found=0 n=97804367315264619140625 elapsed=578s
progress: nodes=8,010,000,000 tested=0 found=0 n=452181305201780654296875 elapsed=579s
progress: nodes=8,020,000,000 tested=0 found=0 n=174939558941124580078125 elapsed=579s
progress: nodes=8,030,000,000 tested=0 found=0 n=53178176581032216796875 elapsed=580s
progress: nodes=8,040,000,000 tested=0 found=0 n=30678369444876181640625 elapsed=580s
progress: nodes=8,050,000,000 tested=0 found=0 n=15418996522862080078125 elapsed=580s
progress: nodes=8,060,000,000 tested=0 found=0 n=17888057105513994140625 elapsed=581s
progress: nodes=8,070,000,000 tested=0 found=0 n=19411709069186103515625 elapsed=581s
progress: nodes=8,080,000,000 tested=0 found=0 n=886902619887677021484375 elapsed=582s
progress: nodes=8,090,000,000 tested=0 found=0 n=917480038094953505859375 elapsed=583s
progress: nodes=8,100,000,000 tested=0 found=0 n=924853218277843740234375 elapsed=583s
progress: nodes=8,110,000,000 tested=0 found=0 n=109878602712548642578125 elapsed=584s
progress: nodes=8,120,000,000 tested=0 found=0 n=13746480578276748046875 elapsed=584s
progress: nodes=8,130,000,000 tested=0 found=0 n=1360698980093349609375 elapsed=585s
progress: nodes=8,140,000,000 tested=0 found=0 n=913502230953793330078125 elapsed=586s
progress: nodes=8,150,000,000 tested=0 found=0 n=398607681180599033203125 elapsed=586s
progress: nodes=8,160,000,000 tested=0 found=0 n=233574649587912216796875 elapsed=587s
progress: nodes=8,170,000,000 tested=0 found=0 n=88646083602178095703125 elapsed=588s
progress: nodes=8,180,000,000 tested=0 found=0 n=689518649632236328125 elapsed=588s
progress: nodes=8,190,000,000 tested=0 found=0 n=950383078265873408203125 elapsed=589s
progress: nodes=8,200,000,000 tested=0 found=0 n=971279469825300263671875 elapsed=590s
progress: nodes=8,210,000,000 tested=0 found=0 n=775311607300916689453125 elapsed=591s
progress: nodes=8,220,000,000 tested=0 found=0 n=624384886015138447265625 elapsed=591s
progress: nodes=8,230,000,000 tested=0 found=0 n=416095409303527763671875 elapsed=592s
progress: nodes=8,240,000,000 tested=0 found=0 n=939108108947439462890625 elapsed=593s
progress: nodes=8,250,000,000 tested=0 found=0 n=156791802805673115234375 elapsed=594s
progress: nodes=8,260,000,000 tested=0 found=0 n=441125791834632099609375 elapsed=595s
progress: nodes=8,270,000,000 tested=0 found=0 n=619962388859242177734375 elapsed=596s
progress: nodes=8,280,000,000 tested=0 found=0 n=373709597783170517578125 elapsed=596s
progress: nodes=8,290,000,000 tested=0 found=0 n=316057911576968056640625 elapsed=597s
progress: nodes=8,300,000,000 tested=0 found=0 n=300165545829618193359375 elapsed=598s
progress: nodes=8,310,000,000 tested=0 found=0 n=665956153345493232421875 elapsed=598s
progress: nodes=8,320,000,000 tested=0 found=0 n=877590881585358662109375 elapsed=599s
progress: nodes=8,330,000,000 tested=0 found=0 n=652914048993751669921875 elapsed=600s
progress: nodes=8,340,000,000 tested=0 found=0 n=414901614894096357421875 elapsed=600s
progress: nodes=8,350,000,000 tested=0 found=0 n=237484685113619150390625 elapsed=601s
progress: nodes=8,360,000,000 tested=0 found=0 n=602010972431727802734375 elapsed=602s
progress: nodes=8,370,000,000 tested=0 found=0 n=395685002521338486328125 elapsed=603s
progress: nodes=8,380,000,000 tested=0 found=0 n=595580887236900322265625 elapsed=604s
progress: nodes=8,390,000,000 tested=0 found=0 n=950178119931274482421875 elapsed=605s
progress: nodes=8,400,000,000 tested=0 found=0 n=387296473435627412109375 elapsed=605s
progress: nodes=8,410,000,000 tested=0 found=0 n=197329967578964619140625 elapsed=606s
progress: nodes=8,420,000,000 tested=0 found=0 n=990988702228919443359375 elapsed=607s
progress: nodes=8,430,000,000 tested=0 found=0 n=838952010336012802734375 elapsed=607s
progress: nodes=8,440,000,000 tested=0 found=0 n=799636273838918876953125 elapsed=608s
progress: nodes=8,450,000,000 tested=0 found=0 n=826390416231259013671875 elapsed=608s
progress: nodes=8,460,000,000 tested=0 found=0 n=33129686756457509765625 elapsed=609s
progress: nodes=8,470,000,000 tested=0 found=0 n=766212537060256025390625 elapsed=610s
progress: nodes=8,480,000,000 tested=0 found=0 n=846607122849713291015625 elapsed=610s
progress: nodes=8,490,000,000 tested=0 found=0 n=544877227291278603515625 elapsed=611s
progress: nodes=8,500,000,000 tested=0 found=0 n=358850486801433427734375 elapsed=612s
progress: nodes=8,510,000,000 tested=0 found=0 n=781895437340109345703125 elapsed=613s
progress: nodes=8,520,000,000 tested=0 found=0 n=275011461352024541015625 elapsed=614s
progress: nodes=8,530,000,000 tested=0 found=0 n=102906398124501943359375 elapsed=615s
progress: nodes=8,540,000,000 tested=0 found=0 n=312302862469894130859375 elapsed=615s
progress: nodes=8,550,000,000 tested=0 found=0 n=951588125777822431640625 elapsed=616s
progress: nodes=8,560,000,000 tested=0 found=0 n=269554129587214189453125 elapsed=617s
progress: nodes=8,570,000,000 tested=0 found=0 n=935152526729249384765625 elapsed=618s
progress: nodes=8,580,000,000 tested=0 found=0 n=788577403221467666015625 elapsed=619s
progress: nodes=8,590,000,000 tested=0 found=0 n=142413643491176865234375 elapsed=619s
progress: nodes=8,600,000,000 tested=0 found=0 n=235194467735051982421875 elapsed=620s
progress: nodes=8,610,000,000 tested=0 found=0 n=319766989894545146484375 elapsed=621s
progress: nodes=8,620,000,000 tested=0 found=0 n=88670940916015986328125 elapsed=622s
progress: nodes=8,630,000,000 tested=0 found=0 n=516513239836684365234375 elapsed=623s
progress: nodes=8,640,000,000 tested=0 found=0 n=83631467095916923828125 elapsed=624s
progress: nodes=8,650,000,000 tested=0 found=0 n=64051895062353427734375 elapsed=625s
progress: nodes=8,660,000,000 tested=0 found=0 n=900396104270224833984375 elapsed=625s
progress: nodes=8,670,000,000 tested=0 found=0 n=783168672876197080078125 elapsed=626s
progress: nodes=8,680,000,000 tested=0 found=0 n=940738173535931748046875 elapsed=627s
progress: nodes=8,690,000,000 tested=0 found=0 n=562800589735564248046875 elapsed=628s
progress: nodes=8,700,000,000 tested=0 found=0 n=305604364916179951171875 elapsed=629s
progress: nodes=8,710,000,000 tested=0 found=0 n=622949536672033974609375 elapsed=629s
progress: nodes=8,720,000,000 tested=0 found=0 n=563426330899419228515625 elapsed=630s
progress: nodes=8,730,000,000 tested=0 found=0 n=173140541544357333984375 elapsed=631s
progress: nodes=8,740,000,000 tested=0 found=0 n=124031048551018857421875 elapsed=632s
progress: nodes=8,750,000,000 tested=0 found=0 n=15202612491547939453125 elapsed=633s
progress: nodes=8,760,000,000 tested=0 found=0 n=400762771742173623046875 elapsed=633s
progress: nodes=8,770,000,000 tested=0 found=0 n=179044631660239541015625 elapsed=634s
progress: nodes=8,780,000,000 tested=0 found=0 n=169558264302831650390625 elapsed=635s
progress: nodes=8,790,000,000 tested=0 found=0 n=975664998361385947265625 elapsed=636s
progress: nodes=8,800,000,000 tested=0 found=0 n=926491072712574814453125 elapsed=637s
progress: nodes=8,810,000,000 tested=0 found=0 n=71860075694217509765625 elapsed=638s
progress: nodes=8,820,000,000 tested=0 found=0 n=337906095502884873046875 elapsed=639s
progress: nodes=8,830,000,000 tested=0 found=0 n=21066400948785029296875 elapsed=639s
progress: nodes=8,840,000,000 tested=0 found=0 n=224660125160200107421875 elapsed=640s
progress: nodes=8,850,000,000 tested=0 found=0 n=366863088397348740234375 elapsed=641s
progress: nodes=8,860,000,000 tested=0 found=0 n=449298463822486611328125 elapsed=642s
progress: nodes=8,870,000,000 tested=0 found=0 n=897383988008967392578125 elapsed=643s
progress: nodes=8,880,000,000 tested=0 found=0 n=507749832174861123046875 elapsed=643s
progress: nodes=8,890,000,000 tested=0 found=0 n=623723331127069951171875 elapsed=644s
progress: nodes=8,900,000,000 tested=0 found=0 n=733181656288300400390625 elapsed=645s
progress: nodes=8,910,000,000 tested=0 found=0 n=600950093438049697265625 elapsed=646s
progress: nodes=8,920,000,000 tested=0 found=0 n=704970274280246279296875 elapsed=647s
progress: nodes=8,930,000,000 tested=0 found=0 n=987227409148293955078125 elapsed=648s
progress: nodes=8,940,000,000 tested=0 found=0 n=361804247851827041015625 elapsed=648s
progress: nodes=8,950,000,000 tested=0 found=0 n=533266290548740810546875 elapsed=649s
progress: nodes=8,960,000,000 tested=0 found=0 n=74373375095526533203125 elapsed=650s
progress: nodes=8,970,000,000 tested=0 found=0 n=207506510672071025390625 elapsed=651s
progress: nodes=8,980,000,000 tested=0 found=0 n=402874639137178330078125 elapsed=652s
progress: nodes=8,990,000,000 tested=0 found=0 n=535696041771929619140625 elapsed=653s
progress: nodes=9,000,000,000 tested=0 found=0 n=158575447830046025390625 elapsed=654s
progress: nodes=9,010,000,000 tested=0 found=0 n=67994402980424501953125 elapsed=655s
progress: nodes=9,020,000,000 tested=0 found=0 n=670805249598729755859375 elapsed=655s
progress: nodes=9,030,000,000 tested=0 found=0 n=778471721104902626953125 elapsed=656s
progress: nodes=9,040,000,000 tested=0 found=0 n=171108458013069052734375 elapsed=657s
progress: nodes=9,050,000,000 tested=0 found=0 n=984547047982562314453125 elapsed=658s
progress: nodes=9,060,000,000 tested=0 found=0 n=779848364546174091796875 elapsed=659s
progress: nodes=9,070,000,000 tested=0 found=0 n=93874124164758310546875 elapsed=660s
progress: nodes=9,080,000,000 tested=0 found=0 n=553596887498693466796875 elapsed=661s
progress: nodes=9,090,000,000 tested=0 found=0 n=87541841051847685546875 elapsed=661s
progress: nodes=9,100,000,000 tested=0 found=0 n=58959567009245830078125 elapsed=662s
progress: nodes=9,110,000,000 tested=0 found=0 n=22042180460527119140625 elapsed=663s
progress: nodes=9,120,000,000 tested=0 found=0 n=52140677622812314453125 elapsed=664s
progress: nodes=9,130,000,000 tested=0 found=0 n=110431582880089833984375 elapsed=665s
progress: nodes=9,140,000,000 tested=0 found=0 n=633642159291619130859375 elapsed=666s
progress: nodes=9,150,000,000 tested=0 found=0 n=29738204250029208984375 elapsed=667s
progress: nodes=9,160,000,000 tested=0 found=0 n=33148454746676572265625 elapsed=668s
progress: nodes=9,170,000,000 tested=0 found=0 n=12050915424496787109375 elapsed=668s
progress: nodes=9,180,000,000 tested=0 found=0 n=895204490466867978515625 elapsed=669s
progress: nodes=9,190,000,000 tested=0 found=0 n=572653485587895029296875 elapsed=670s
progress: nodes=9,200,000,000 tested=0 found=0 n=315153234811342001953125 elapsed=671s
progress: nodes=9,210,000,000 tested=0 found=0 n=231652498339997490234375 elapsed=672s
progress: nodes=9,220,000,000 tested=0 found=0 n=176241946273383427734375 elapsed=673s
progress: nodes=9,230,000,000 tested=0 found=0 n=105982796332144951171875 elapsed=674s
progress: nodes=9,240,000,000 tested=0 found=0 n=278906163323514873046875 elapsed=674s
progress: nodes=9,250,000,000 tested=0 found=0 n=122823869708528701171875 elapsed=675s
progress: nodes=9,260,000,000 tested=0 found=0 n=47985275903422939453125 elapsed=675s
progress: nodes=9,270,000,000 tested=0 found=0 n=15182130100891025390625 elapsed=676s
progress: nodes=9,280,000,000 tested=0 found=0 n=10485285996700810546875 elapsed=677s
progress: nodes=9,290,000,000 tested=0 found=0 n=597079664772662373046875 elapsed=677s
progress: nodes=9,300,000,000 tested=0 found=0 n=280769654987284658203125 elapsed=678s
progress: nodes=9,310,000,000 tested=0 found=0 n=815891914884014033203125 elapsed=679s
progress: nodes=9,320,000,000 tested=0 found=0 n=317199936461819150390625 elapsed=679s
progress: nodes=9,330,000,000 tested=0 found=0 n=972880281851846748046875 elapsed=680s
progress: nodes=9,340,000,000 tested=0 found=0 n=670575718623920712890625 elapsed=681s
progress: nodes=9,350,000,000 tested=0 found=0 n=522741840859118232421875 elapsed=682s
progress: nodes=9,360,000,000 tested=0 found=0 n=538361735056194638671875 elapsed=683s
progress: nodes=9,370,000,000 tested=0 found=0 n=2186063528447373046875 elapsed=683s
progress: nodes=9,380,000,000 tested=0 found=0 n=40752448976514462890625 elapsed=684s
progress: nodes=9,390,000,000 tested=0 found=0 n=51162888136484794921875 elapsed=685s

done in 685.5s | nodes=9,397,148,706 | tested=0 | weird=0
