search v2: odd=True, N_CAP=1.00e+24, DELTA_MAX=1.0e+07, MIN_DEPTH=6
SPF shard: smallest prime factor = 3
P2 sub-shard: second prime factor = 7
P3 sub-sub-shard: third prime factor = 11
progress: nodes=10,000,000 tested=0 found=0 n=511530274565253589475907 elapsed=1s
progress: nodes=20,000,000 tested=0 found=0 n=485945479901193585279237 elapsed=1s
progress: nodes=30,000,000 tested=0 found=0 n=577992758620688928517077 elapsed=2s
progress: nodes=40,000,000 tested=0 found=0 n=774339518841951311021619 elapsed=3s
progress: nodes=50,000,000 tested=0 found=0 n=454134898900044801290313 elapsed=4s
progress: nodes=60,000,000 tested=0 found=0 n=951215909229409676995989 elapsed=5s
progress: nodes=70,000,000 tested=0 found=0 n=174275569601250671315223 elapsed=6s
progress: nodes=80,000,000 tested=0 found=0 n=82513297940802161054391 elapsed=6s
progress: nodes=90,000,000 tested=0 found=0 n=127410622633629348421023 elapsed=7s
progress: nodes=100,000,000 tested=0 found=0 n=72704421805390401106773 elapsed=8s
progress: nodes=110,000,000 tested=0 found=0 n=300472677462781222849989 elapsed=9s
progress: nodes=120,000,000 tested=0 found=0 n=95751809779602438049203 elapsed=10s
progress: nodes=130,000,000 tested=0 found=0 n=19270662267617512143777 elapsed=11s
progress: nodes=140,000,000 tested=0 found=0 n=760503900340983053318679 elapsed=11s
progress: nodes=150,000,000 tested=0 found=0 n=654262573696643070987597 elapsed=12s
progress: nodes=160,000,000 tested=0 found=0 n=415039103910444273618897 elapsed=13s
progress: nodes=170,000,000 tested=0 found=0 n=603242833310741841669837 elapsed=14s
progress: nodes=180,000,000 tested=0 found=0 n=293797693586343921820461 elapsed=15s
progress: nodes=190,000,000 tested=0 found=0 n=73466550616837658062167 elapsed=16s
progress: nodes=200,000,000 tested=0 found=0 n=679755529626142731001317 elapsed=16s
progress: nodes=210,000,000 tested=0 found=0 n=92910528736345648251 elapsed=17s
progress: nodes=220,000,000 tested=0 found=0 n=205649228857523174803233 elapsed=18s
progress: nodes=230,000,000 tested=0 found=0 n=97103985131530254219111 elapsed=18s
progress: nodes=240,000,000 tested=0 found=0 n=321695735173755037736949 elapsed=19s
progress: nodes=250,000,000 tested=0 found=0 n=14382533624752659204531 elapsed=20s
progress: nodes=260,000,000 tested=0 found=0 n=468410179688030348437977 elapsed=21s
progress: nodes=270,000,000 tested=0 found=0 n=749830994762659468250823 elapsed=21s
progress: nodes=280,000,000 tested=0 found=0 n=120168120238959607629507 elapsed=22s
progress: nodes=290,000,000 tested=0 found=0 n=281323546728486485999391 elapsed=23s
progress: nodes=300,000,000 tested=0 found=0 n=325163812561279227678681 elapsed=24s
progress: nodes=310,000,000 tested=0 found=0 n=973997005344702004925721 elapsed=24s
progress: nodes=320,000,000 tested=0 found=0 n=390503062001233265811111 elapsed=25s
progress: nodes=330,000,000 tested=0 found=0 n=358500847803840652651587 elapsed=26s
progress: nodes=340,000,000 tested=0 found=0 n=537758297283742260826023 elapsed=27s
progress: nodes=350,000,000 tested=0 found=0 n=139591159548421677724089 elapsed=27s
progress: nodes=360,000,000 tested=0 found=0 n=31088007732582539580303 elapsed=28s
progress: nodes=370,000,000 tested=0 found=0 n=459569268265070194908831 elapsed=29s
progress: nodes=380,000,000 tested=0 found=0 n=437177506728255596919 elapsed=30s
progress: nodes=390,000,000 tested=0 found=0 n=635508567401971841355393 elapsed=30s
progress: nodes=400,000,000 tested=0 found=0 n=740033102136940666013421 elapsed=31s
progress: nodes=410,000,000 tested=0 found=0 n=501707274701863762894131 elapsed=32s
progress: nodes=420,000,000 tested=0 found=0 n=136050284295912419141247 elapsed=33s
progress: nodes=430,000,000 tested=0 found=0 n=80099136377274700284291 elapsed=33s
progress: nodes=440,000,000 tested=0 found=0 n=170945314143617902581 elapsed=34s
progress: nodes=450,000,000 tested=0 found=0 n=118979576478382358934657 elapsed=35s
progress: nodes=460,000,000 tested=0 found=0 n=135765034234579954942353 elapsed=36s
progress: nodes=470,000,000 tested=0 found=0 n=431522042245486464424383 elapsed=36s
progress: nodes=480,000,000 tested=0 found=0 n=19135514036251722138183 elapsed=37s
progress: nodes=490,000,000 tested=0 found=0 n=117670777032023374281507 elapsed=38s
progress: nodes=500,000,000 tested=0 found=0 n=101108653834582794439809 elapsed=39s
progress: nodes=510,000,000 tested=0 found=0 n=871871811062907781704501 elapsed=40s
progress: nodes=520,000,000 tested=0 found=0 n=887785828571984782278069 elapsed=40s
progress: nodes=530,000,000 tested=0 found=0 n=272612821969870347922803 elapsed=41s
progress: nodes=540,000,000 tested=0 found=0 n=372054285628766212424337 elapsed=41s
progress: nodes=550,000,000 tested=0 found=0 n=385264699502252074332597 elapsed=42s
progress: nodes=560,000,000 tested=0 found=0 n=730785257494576628892471 elapsed=43s
progress: nodes=570,000,000 tested=0 found=0 n=891925842189627987423759 elapsed=44s
progress: nodes=580,000,000 tested=0 found=0 n=77093471999139849425403 elapsed=44s
progress: nodes=590,000,000 tested=0 found=0 n=182194854994163834929953 elapsed=45s
progress: nodes=600,000,000 tested=0 found=0 n=761472442162913948932311 elapsed=46s
progress: nodes=610,000,000 tested=0 found=0 n=122945034526061643934731 elapsed=47s
progress: nodes=620,000,000 tested=0 found=0 n=250396787428269408054513 elapsed=48s
progress: nodes=630,000,000 tested=0 found=0 n=565972735816259116615809 elapsed=49s
progress: nodes=640,000,000 tested=0 found=0 n=421646779435511581792533 elapsed=49s
progress: nodes=650,000,000 tested=0 found=0 n=46479817660518800962173 elapsed=50s
progress: nodes=660,000,000 tested=0 found=0 n=2517746942121499270413 elapsed=51s
progress: nodes=670,000,000 tested=0 found=0 n=385508622398815042848567 elapsed=52s
progress: nodes=680,000,000 tested=0 found=0 n=630590468537988931121919 elapsed=52s
progress: nodes=690,000,000 tested=0 found=0 n=924539072664422414443167 elapsed=53s
progress: nodes=700,000,000 tested=0 found=0 n=478402778569016904081633 elapsed=54s
progress: nodes=710,000,000 tested=0 found=0 n=912699900301154771003121 elapsed=55s
progress: nodes=720,000,000 tested=0 found=0 n=489874468939520922674109 elapsed=56s
progress: nodes=730,000,000 tested=0 found=0 n=451311504366690100254429 elapsed=57s
progress: nodes=740,000,000 tested=0 found=0 n=153144994464721789355133 elapsed=57s
progress: nodes=750,000,000 tested=0 found=0 n=304201539185273764552287 elapsed=58s
progress: nodes=760,000,000 tested=0 found=0 n=452430293330807983142721 elapsed=59s
progress: nodes=770,000,000 tested=0 found=0 n=896958225983964725953911 elapsed=60s
progress: nodes=780,000,000 tested=0 found=0 n=504953786210399798778891 elapsed=61s
progress: nodes=790,000,000 tested=0 found=0 n=255019389410677802532237 elapsed=61s
progress: nodes=800,000,000 tested=0 found=0 n=441528202217366352083457 elapsed=62s
progress: nodes=810,000,000 tested=0 found=0 n=238785493523929220382129 elapsed=63s
progress: nodes=820,000,000 tested=0 found=0 n=14660580106316835473013 elapsed=64s
progress: nodes=830,000,000 tested=0 found=0 n=2427301847548477457019 elapsed=64s

done in 65.1s | nodes=837,681,163 | tested=0 | weird=0
