search v2: odd=True, N_CAP=1.00e+24, DELTA_MAX=1.0e+07, MIN_DEPTH=6
SPF shard: smallest prime factor = 3
P2 sub-shard: second prime factor = 7
P3 sub-sub-shard: third prime factor = 11
progress: nodes=10,000,000 tested=0 found=0 n=610475442786366154314471 elapsed=0s
progress: nodes=20,000,000 tested=0 found=0 n=740606336898671608477497 elapsed=1s
progress: nodes=30,000,000 tested=0 found=0 n=697858990906511008450953 elapsed=1s
progress: nodes=40,000,000 tested=0 found=0 n=780124536879189427928079 elapsed=2s
progress: nodes=50,000,000 tested=0 found=0 n=679137443301502279649709 elapsed=3s
progress: nodes=60,000,000 tested=0 found=0 n=957946010782097317405887 elapsed=4s
progress: nodes=70,000,000 tested=0 found=0 n=572103197298262697254803 elapsed=5s
progress: nodes=80,000,000 tested=0 found=0 n=268330179408785713845549 elapsed=5s
progress: nodes=90,000,000 tested=0 found=0 n=568239768475438417752933 elapsed=6s
progress: nodes=100,000,000 tested=0 found=0 n=914773136606416372158027 elapsed=7s
progress: nodes=110,000,000 tested=0 found=0 n=479392623041703748805043 elapsed=8s
progress: nodes=120,000,000 tested=0 found=0 n=559135079339708803515507 elapsed=9s
progress: nodes=130,000,000 tested=0 found=0 n=331400704042120246089633 elapsed=10s
progress: nodes=140,000,000 tested=0 found=0 n=723206709300398877072981 elapsed=11s
progress: nodes=150,000,000 tested=0 found=0 n=617621829313857187731219 elapsed=12s
progress: nodes=160,000,000 tested=0 found=0 n=966940749055419157016613 elapsed=13s
progress: nodes=170,000,000 tested=0 found=0 n=136310013332739553616001 elapsed=14s
progress: nodes=180,000,000 tested=0 found=0 n=421837910052448665762063 elapsed=15s
progress: nodes=190,000,000 tested=0 found=0 n=639007471737005349671847 elapsed=16s
progress: nodes=200,000,000 tested=0 found=0 n=464068147872940279115139 elapsed=17s
progress: nodes=210,000,000 tested=0 found=0 n=485467759492191553415877 elapsed=18s
progress: nodes=220,000,000 tested=0 found=0 n=386191155472408544176611 elapsed=19s
progress: nodes=230,000,000 tested=0 found=0 n=649409588280230662689651 elapsed=20s
progress: nodes=240,000,000 tested=0 found=0 n=287459029649875664971467 elapsed=20s
progress: nodes=250,000,000 tested=0 found=0 n=405915477305807648240523 elapsed=21s
progress: nodes=260,000,000 tested=0 found=0 n=489745732880948651787141 elapsed=22s
progress: nodes=270,000,000 tested=0 found=0 n=401954227484560066384299 elapsed=23s
progress: nodes=280,000,000 tested=0 found=0 n=176676267095683064149671 elapsed=24s
progress: nodes=290,000,000 tested=0 found=0 n=278012025083379510818433 elapsed=25s
progress: nodes=300,000,000 tested=0 found=0 n=811431401092017215373171 elapsed=26s
progress: nodes=310,000,000 tested=0 found=0 n=781080334734598203431511 elapsed=27s
progress: nodes=320,000,000 tested=0 found=0 n=472890623865214219370937 elapsed=28s
progress: nodes=330,000,000 tested=0 found=0 n=765961814260747916233191 elapsed=29s
progress: nodes=340,000,000 tested=0 found=0 n=643100743892827800627201 elapsed=30s
progress: nodes=350,000,000 tested=0 found=0 n=694923763424197792763817 elapsed=31s
progress: nodes=360,000,000 tested=0 found=0 n=345155766444781153121799 elapsed=31s
progress: nodes=370,000,000 tested=0 found=0 n=207381495891483315372663 elapsed=32s
progress: nodes=380,000,000 tested=0 found=0 n=230754235877509872890439 elapsed=33s
progress: nodes=390,000,000 tested=0 found=0 n=316184672766605546736063 elapsed=34s
progress: nodes=400,000,000 tested=0 found=0 n=198155212776130763491569 elapsed=34s
progress: nodes=410,000,000 tested=0 found=0 n=158544709786332997752933 elapsed=35s
progress: nodes=420,000,000 tested=0 found=0 n=195605072835856658319807 elapsed=36s
progress: nodes=430,000,000 tested=0 found=0 n=894211079204128535496801 elapsed=36s
progress: nodes=440,000,000 tested=0 found=0 n=164095323131016411681393 elapsed=37s
progress: nodes=450,000,000 tested=0 found=0 n=145874891538622293968151 elapsed=37s
progress: nodes=460,000,000 tested=0 found=0 n=782435057099082815200311 elapsed=38s
progress: nodes=470,000,000 tested=0 found=0 n=146056628969650938021021 elapsed=39s
progress: nodes=480,000,000 tested=0 found=0 n=192190675855721736638907 elapsed=39s
progress: nodes=490,000,000 tested=0 found=0 n=834371346145111466119659 elapsed=40s
progress: nodes=500,000,000 tested=0 found=0 n=677321590454886602352897 elapsed=41s
progress: nodes=510,000,000 tested=0 found=0 n=946100236062122705358333 elapsed=42s
progress: nodes=520,000,000 tested=0 found=0 n=713036946308302953000279 elapsed=43s
progress: nodes=530,000,000 tested=0 found=0 n=420053007094415890383573 elapsed=43s
progress: nodes=540,000,000 tested=0 found=0 n=152958741610060833358527 elapsed=44s
progress: nodes=550,000,000 tested=0 found=0 n=124496102889838705012911 elapsed=45s
progress: nodes=560,000,000 tested=0 found=0 n=121265402299839791765541 elapsed=45s
progress: nodes=570,000,000 tested=0 found=0 n=369091110814273449845397 elapsed=46s
progress: nodes=580,000,000 tested=0 found=0 n=79430637267631889171163 elapsed=46s
progress: nodes=590,000,000 tested=0 found=0 n=56931489535868358079977 elapsed=47s
progress: nodes=600,000,000 tested=0 found=0 n=658509884564630477443911 elapsed=47s
progress: nodes=610,000,000 tested=0 found=0 n=68545582657208958339423 elapsed=48s
progress: nodes=620,000,000 tested=0 found=0 n=69764263103115935829783 elapsed=48s
progress: nodes=630,000,000 tested=0 found=0 n=982370080118056177261791 elapsed=49s
progress: nodes=640,000,000 tested=0 found=0 n=424333253008358555608593 elapsed=49s
progress: nodes=650,000,000 tested=0 found=0 n=112627462018688564262777 elapsed=50s
progress: nodes=660,000,000 tested=0 found=0 n=47542739181847225301601 elapsed=50s
progress: nodes=670,000,000 tested=0 found=0 n=29499372365349713874201 elapsed=51s
progress: nodes=680,000,000 tested=0 found=0 n=897625454815163751662601 elapsed=51s
progress: nodes=690,000,000 tested=0 found=0 n=997777442288018300720427 elapsed=52s
progress: nodes=700,000,000 tested=0 found=0 n=57823758438870853722447 elapsed=53s
progress: nodes=710,000,000 tested=0 found=0 n=431201820186954310476213 elapsed=53s
progress: nodes=720,000,000 tested=0 found=0 n=508791010990351171628007 elapsed=54s
progress: nodes=730,000,000 tested=0 found=0 n=504118257812781809809689 elapsed=54s
progress: nodes=740,000,000 tested=0 found=0 n=428674283863824722088519 elapsed=55s
progress: nodes=750,000,000 tested=0 found=0 n=288978446914787894291181 elapsed=55s
progress: nodes=760,000,000 tested=0 found=0 n=504566354257644805352919 elapsed=56s
progress: nodes=770,000,000 tested=0 found=0 n=680041092165379871768919 elapsed=56s
progress: nodes=780,000,000 tested=0 found=0 n=512166019921758324123309 elapsed=57s
progress: nodes=790,000,000 tested=0 found=0 n=142905167665989325729209 elapsed=57s
progress: nodes=800,000,000 tested=0 found=0 n=13090890125771195348457 elapsed=58s
progress: nodes=810,000,000 tested=0 found=0 n=590403947302780293935637 elapsed=58s
progress: nodes=820,000,000 tested=0 found=0 n=138757143838962619682019 elapsed=59s
progress: nodes=830,000,000 tested=0 found=0 n=70139419061309694808173 elapsed=60s
progress: nodes=840,000,000 tested=0 found=0 n=10742175599484316036203 elapsed=60s
progress: nodes=850,000,000 tested=0 found=0 n=262877506896236934772917 elapsed=61s
progress: nodes=860,000,000 tested=0 found=0 n=44499571839805353112611 elapsed=61s
progress: nodes=870,000,000 tested=0 found=0 n=306161889774639076285569 elapsed=62s
progress: nodes=880,000,000 tested=0 found=0 n=694863085202516427214941 elapsed=62s
progress: nodes=890,000,000 tested=0 found=0 n=35019575994800473657119 elapsed=63s
progress: nodes=900,000,000 tested=0 found=0 n=1440268289626906001493 elapsed=63s
progress: nodes=910,000,000 tested=0 found=0 n=208989372808207153710009 elapsed=64s
progress: nodes=920,000,000 tested=0 found=0 n=121608600762850001169831 elapsed=65s
progress: nodes=930,000,000 tested=0 found=0 n=392043167992463750186193 elapsed=65s
progress: nodes=940,000,000 tested=0 found=0 n=628961214762378474969069 elapsed=66s
progress: nodes=950,000,000 tested=0 found=0 n=1441364492999526879861 elapsed=66s
progress: nodes=960,000,000 tested=0 found=0 n=598854945782654730359883 elapsed=67s
progress: nodes=970,000,000 tested=0 found=0 n=8401014479474586855963 elapsed=67s
progress: nodes=980,000,000 tested=0 found=0 n=549344346183014982632109 elapsed=68s
progress: nodes=990,000,000 tested=0 found=0 n=57008695949454147212853 elapsed=68s
progress: nodes=1,000,000,000 tested=0 found=0 n=722391374442957964993017 elapsed=69s
progress: nodes=1,010,000,000 tested=0 found=0 n=399056099571446787528597 elapsed=70s
progress: nodes=1,020,000,000 tested=0 found=0 n=9300971737182714137703 elapsed=70s
progress: nodes=1,030,000,000 tested=0 found=0 n=461750802852416703260481 elapsed=71s
progress: nodes=1,040,000,000 tested=0 found=0 n=165864260773318046190867 elapsed=71s
progress: nodes=1,050,000,000 tested=0 found=0 n=39684672779090610527487 elapsed=72s
progress: nodes=1,060,000,000 tested=0 found=0 n=178426151285470246863243 elapsed=72s
progress: nodes=1,070,000,000 tested=0 found=0 n=787337933890007739896811 elapsed=73s
progress: nodes=1,080,000,000 tested=0 found=0 n=751175079518371658544009 elapsed=73s
progress: nodes=1,090,000,000 tested=0 found=0 n=983124359178409068450291 elapsed=74s
progress: nodes=1,100,000,000 tested=0 found=0 n=475930609181181304359363 elapsed=75s
progress: nodes=1,110,000,000 tested=0 found=0 n=2844669677338681292331 elapsed=75s
progress: nodes=1,120,000,000 tested=0 found=0 n=1790066605223112943419 elapsed=76s
progress: nodes=1,130,000,000 tested=0 found=0 n=847875546025671097537911 elapsed=77s
progress: nodes=1,140,000,000 tested=0 found=0 n=305056093708240122386061 elapsed=77s
progress: nodes=1,150,000,000 tested=0 found=0 n=944565835604475360996027 elapsed=78s
progress: nodes=1,160,000,000 tested=0 found=0 n=791711923450164446137023 elapsed=79s
progress: nodes=1,170,000,000 tested=0 found=0 n=717315789499207057265337 elapsed=80s
progress: nodes=1,180,000,000 tested=0 found=0 n=974015069735727044193861 elapsed=80s
progress: nodes=1,190,000,000 tested=0 found=0 n=226993294264829090337801 elapsed=81s
progress: nodes=1,200,000,000 tested=0 found=0 n=609179621082924417005403 elapsed=82s
progress: nodes=1,210,000,000 tested=0 found=0 n=822581239645746256459707 elapsed=83s
progress: nodes=1,220,000,000 tested=0 found=0 n=647266102176399391169253 elapsed=83s
progress: nodes=1,230,000,000 tested=0 found=0 n=354371208522806716538913 elapsed=84s
progress: nodes=1,240,000,000 tested=0 found=0 n=438277221779547935646477 elapsed=84s
progress: nodes=1,250,000,000 tested=0 found=0 n=326786213729135272392819 elapsed=85s
progress: nodes=1,260,000,000 tested=0 found=0 n=614196512263746387644823 elapsed=85s
progress: nodes=1,270,000,000 tested=0 found=0 n=434609170816396594399227 elapsed=86s
progress: nodes=1,280,000,000 tested=0 found=0 n=208175235809145618069441 elapsed=86s
progress: nodes=1,290,000,000 tested=0 found=0 n=402888142602425110449357 elapsed=87s
progress: nodes=1,300,000,000 tested=0 found=0 n=26336031139949909067459 elapsed=87s
progress: nodes=1,310,000,000 tested=0 found=0 n=783793342824823349825499 elapsed=88s
progress: nodes=1,320,000,000 tested=0 found=0 n=939747557285234357455719 elapsed=89s
progress: nodes=1,330,000,000 tested=0 found=0 n=485109001017184259435643 elapsed=90s
progress: nodes=1,340,000,000 tested=0 found=0 n=980031307354233176175903 elapsed=91s
progress: nodes=1,350,000,000 tested=0 found=0 n=411033419197859901933567 elapsed=91s
progress: nodes=1,360,000,000 tested=0 found=0 n=546678740222083628648181 elapsed=92s
progress: nodes=1,370,000,000 tested=0 found=0 n=388500950530541677647357 elapsed=93s
progress: nodes=1,380,000,000 tested=0 found=0 n=165844432575857548548189 elapsed=94s
progress: nodes=1,390,000,000 tested=0 found=0 n=571238927509856573615571 elapsed=95s
progress: nodes=1,400,000,000 tested=0 found=0 n=261019571328006884470539 elapsed=96s
progress: nodes=1,410,000,000 tested=0 found=0 n=432256044099904335226377 elapsed=97s
progress: nodes=1,420,000,000 tested=0 found=0 n=301706707393937813125851 elapsed=97s
progress: nodes=1,430,000,000 tested=0 found=0 n=310626132811465450533939 elapsed=98s
progress: nodes=1,440,000,000 tested=0 found=0 n=372225636344967002498439 elapsed=99s
progress: nodes=1,450,000,000 tested=0 found=0 n=757127996839783965967263 elapsed=100s
progress: nodes=1,460,000,000 tested=0 found=0 n=407515559482391252991021 elapsed=101s
progress: nodes=1,470,000,000 tested=0 found=0 n=187494522619278786412347 elapsed=102s
progress: nodes=1,480,000,000 tested=0 found=0 n=354580721554297895526177 elapsed=103s
progress: nodes=1,490,000,000 tested=0 found=0 n=73143726209815967646633 elapsed=104s
progress: nodes=1,500,000,000 tested=0 found=0 n=565616478888866608502607 elapsed=105s
progress: nodes=1,510,000,000 tested=0 found=0 n=342236224708692480106479 elapsed=105s
progress: nodes=1,520,000,000 tested=0 found=0 n=339647113347939325528677 elapsed=106s
progress: nodes=1,530,000,000 tested=0 found=0 n=208067147449143835490253 elapsed=107s
progress: nodes=1,540,000,000 tested=0 found=0 n=86398673363054278649577 elapsed=108s
progress: nodes=1,550,000,000 tested=0 found=0 n=44985557066016016467171 elapsed=109s
progress: nodes=1,560,000,000 tested=0 found=0 n=453604240951445677325463 elapsed=110s
progress: nodes=1,570,000,000 tested=0 found=0 n=1508221386654921876861 elapsed=110s
progress: nodes=1,580,000,000 tested=0 found=0 n=985976234011309948095843 elapsed=111s
progress: nodes=1,590,000,000 tested=0 found=0 n=781003522584093938461101 elapsed=112s
progress: nodes=1,600,000,000 tested=0 found=0 n=379348080465641674877721 elapsed=113s
progress: nodes=1,610,000,000 tested=0 found=0 n=335665638062682425129709 elapsed=114s
progress: nodes=1,620,000,000 tested=0 found=0 n=686691922198188606776307 elapsed=114s
progress: nodes=1,630,000,000 tested=0 found=0 n=673378226711957310362973 elapsed=115s
progress: nodes=1,640,000,000 tested=0 found=0 n=510414008422650537818151 elapsed=115s
progress: nodes=1,650,000,000 tested=0 found=0 n=180733900496807863104669 elapsed=116s
progress: nodes=1,660,000,000 tested=0 found=0 n=326077002383678163689841 elapsed=116s
progress: nodes=1,670,000,000 tested=0 found=0 n=73484752955917961918799 elapsed=117s
progress: nodes=1,680,000,000 tested=0 found=0 n=240672780359019661948911 elapsed=117s
progress: nodes=1,690,000,000 tested=0 found=0 n=276372791735673622166793 elapsed=118s
progress: nodes=1,700,000,000 tested=0 found=0 n=105405719524921582893819 elapsed=118s
progress: nodes=1,710,000,000 tested=0 found=0 n=83168173166030814908277 elapsed=119s
progress: nodes=1,720,000,000 tested=0 found=0 n=252578665780916965389207 elapsed=119s
progress: nodes=1,730,000,000 tested=0 found=0 n=162694838226340625192757 elapsed=120s
progress: nodes=1,740,000,000 tested=0 found=0 n=400838908166186558431671 elapsed=120s
progress: nodes=1,750,000,000 tested=0 found=0 n=64231071983422621193763 elapsed=121s
progress: nodes=1,760,000,000 tested=0 found=0 n=744826452027187250274939 elapsed=121s
progress: nodes=1,770,000,000 tested=0 found=0 n=882527129273663483395401 elapsed=122s
progress: nodes=1,780,000,000 tested=0 found=0 n=568809503272103222072097 elapsed=122s
progress: nodes=1,790,000,000 tested=0 found=0 n=367070611875559246270539 elapsed=123s
progress: nodes=1,800,000,000 tested=0 found=0 n=156000776530399232869899 elapsed=123s
progress: nodes=1,810,000,000 tested=0 found=0 n=250770950677676826333783 elapsed=124s
progress: nodes=1,820,000,000 tested=0 found=0 n=43519417985465256925629 elapsed=124s
progress: nodes=1,830,000,000 tested=0 found=0 n=223715560233258598547889 elapsed=125s
progress: nodes=1,840,000,000 tested=0 found=0 n=53228675013418702050561 elapsed=125s
progress: nodes=1,850,000,000 tested=0 found=0 n=957998378155401977097627 elapsed=126s
progress: nodes=1,860,000,000 tested=0 found=0 n=625661119015021000467171 elapsed=126s
progress: nodes=1,870,000,000 tested=0 found=0 n=584276571604715074097859 elapsed=127s
progress: nodes=1,880,000,000 tested=0 found=0 n=210825355864432524826149 elapsed=127s
progress: nodes=1,890,000,000 tested=0 found=0 n=65469289920704304125337 elapsed=128s
progress: nodes=1,900,000,000 tested=0 found=0 n=15471280833728606224569 elapsed=128s
progress: nodes=1,910,000,000 tested=0 found=0 n=3092385373640596341 elapsed=129s
progress: nodes=1,920,000,000 tested=0 found=0 n=677383123551590785861917 elapsed=129s
progress: nodes=1,930,000,000 tested=0 found=0 n=764867517990172841051577 elapsed=130s
progress: nodes=1,940,000,000 tested=0 found=0 n=598609571470630135825563 elapsed=131s
progress: nodes=1,950,000,000 tested=0 found=0 n=75849138131405556442833 elapsed=131s
progress: nodes=1,960,000,000 tested=0 found=0 n=16955824022076496413087 elapsed=131s
progress: nodes=1,970,000,000 tested=0 found=0 n=450912336053509815551451 elapsed=132s
progress: nodes=1,980,000,000 tested=0 found=0 n=715271195341001510374779 elapsed=133s
progress: nodes=1,990,000,000 tested=0 found=0 n=125985400175326360700493 elapsed=133s
progress: nodes=2,000,000,000 tested=0 found=0 n=5787470821343874499683 elapsed=134s
progress: nodes=2,010,000,000 tested=0 found=0 n=100328589935386076033847 elapsed=134s
progress: nodes=2,020,000,000 tested=0 found=0 n=2094925675239750745161 elapsed=135s
progress: nodes=2,030,000,000 tested=0 found=0 n=987984298094219786924487 elapsed=135s
progress: nodes=2,040,000,000 tested=0 found=0 n=904965142885791797842263 elapsed=136s
progress: nodes=2,050,000,000 tested=0 found=0 n=39095628405114265802433 elapsed=137s
progress: nodes=2,060,000,000 tested=0 found=0 n=791028191170390038421941 elapsed=137s
progress: nodes=2,070,000,000 tested=0 found=0 n=412113984229137155599557 elapsed=138s
progress: nodes=2,080,000,000 tested=0 found=0 n=375101511503216575663971 elapsed=139s
progress: nodes=2,090,000,000 tested=0 found=0 n=79466115114698098510647 elapsed=139s
progress: nodes=2,100,000,000 tested=0 found=0 n=483287577951325601925009 elapsed=140s
progress: nodes=2,110,000,000 tested=0 found=0 n=383109946834834576962297 elapsed=141s
progress: nodes=2,120,000,000 tested=0 found=0 n=881436036372711773536737 elapsed=142s
progress: nodes=2,130,000,000 tested=0 found=0 n=505818796864344757019919 elapsed=142s
progress: nodes=2,140,000,000 tested=0 found=0 n=59084284126628207483883 elapsed=143s
progress: nodes=2,150,000,000 tested=0 found=0 n=608232283200540627177087 elapsed=143s
progress: nodes=2,160,000,000 tested=0 found=0 n=685246274962372453563387 elapsed=144s
progress: nodes=2,170,000,000 tested=0 found=0 n=640990050069798581025951 elapsed=145s
progress: nodes=2,180,000,000 tested=0 found=0 n=472116525763057222874211 elapsed=146s
progress: nodes=2,190,000,000 tested=0 found=0 n=250937792672823317758851 elapsed=146s
progress: nodes=2,200,000,000 tested=0 found=0 n=764192577650427864623223 elapsed=147s
progress: nodes=2,210,000,000 tested=0 found=0 n=775725172626311272079253 elapsed=148s
progress: nodes=2,220,000,000 tested=0 found=0 n=820560686358904615374327 elapsed=148s
progress: nodes=2,230,000,000 tested=0 found=0 n=624182918718144871033641 elapsed=149s
progress: nodes=2,240,000,000 tested=0 found=0 n=184367275616560894796169 elapsed=150s
progress: nodes=2,250,000,000 tested=0 found=0 n=546268404894803141590809 elapsed=150s
progress: nodes=2,260,000,000 tested=0 found=0 n=656700685302585436821 elapsed=151s
progress: nodes=2,270,000,000 tested=0 found=0 n=552121978435247450876877 elapsed=152s
progress: nodes=2,280,000,000 tested=0 found=0 n=578466524358485332206021 elapsed=153s
progress: nodes=2,290,000,000 tested=0 found=0 n=174454300920819861604971 elapsed=153s
progress: nodes=2,300,000,000 tested=0 found=0 n=645763333820421058898733 elapsed=154s
progress: nodes=2,310,000,000 tested=0 found=0 n=684316343327246487715473 elapsed=155s
progress: nodes=2,320,000,000 tested=0 found=0 n=801100017541454664256839 elapsed=156s
progress: nodes=2,330,000,000 tested=0 found=0 n=754319296295895004663527 elapsed=157s
progress: nodes=2,340,000,000 tested=0 found=0 n=666296282776761569118879 elapsed=157s
progress: nodes=2,350,000,000 tested=0 found=0 n=287315477146600096997187 elapsed=158s
progress: nodes=2,360,000,000 tested=0 found=0 n=585779892925557193749963 elapsed=159s
progress: nodes=2,370,000,000 tested=0 found=0 n=265564076916544183044729 elapsed=160s
progress: nodes=2,380,000,000 tested=0 found=0 n=283102500702187655824797 elapsed=160s
progress: nodes=2,390,000,000 tested=0 found=0 n=455538371269213434448323 elapsed=161s
progress: nodes=2,400,000,000 tested=0 found=0 n=812320824381352765594731 elapsed=162s
progress: nodes=2,410,000,000 tested=0 found=0 n=181855181652377506527177 elapsed=163s
progress: nodes=2,420,000,000 tested=0 found=0 n=214284858595365782763 elapsed=164s
progress: nodes=2,430,000,000 tested=0 found=0 n=519150922369832682598977 elapsed=164s
progress: nodes=2,440,000,000 tested=0 found=0 n=23049171138587535746343 elapsed=165s
progress: nodes=2,450,000,000 tested=0 found=0 n=968976782242093195546437 elapsed=166s
progress: nodes=2,460,000,000 tested=0 found=0 n=83064439230977907819963 elapsed=167s
progress: nodes=2,470,000,000 tested=0 found=0 n=916933335762307036968333 elapsed=168s
progress: nodes=2,480,000,000 tested=0 found=0 n=742858846918713542875473 elapsed=168s
progress: nodes=2,490,000,000 tested=0 found=0 n=801013367813945410366011 elapsed=169s
progress: nodes=2,500,000,000 tested=0 found=0 n=300112207855313525997633 elapsed=170s
progress: nodes=2,510,000,000 tested=0 found=0 n=487678913171410994753643 elapsed=171s
progress: nodes=2,520,000,000 tested=0 found=0 n=335911407996455324434863 elapsed=172s
progress: nodes=2,530,000,000 tested=0 found=0 n=774649033261018449292143 elapsed=172s
progress: nodes=2,540,000,000 tested=0 found=0 n=174672066979156005436023 elapsed=173s
progress: nodes=2,550,000,000 tested=0 found=0 n=254450788946825009925771 elapsed=174s
progress: nodes=2,560,000,000 tested=0 found=0 n=618553762161244986742281 elapsed=175s
progress: nodes=2,570,000,000 tested=0 found=0 n=383537102601923460812853 elapsed=176s
progress: nodes=2,580,000,000 tested=0 found=0 n=902319121157602146047973 elapsed=176s
progress: nodes=2,590,000,000 tested=0 found=0 n=387496775086753002568821 elapsed=177s
progress: nodes=2,600,000,000 tested=0 found=0 n=293129704445474332114371 elapsed=178s
progress: nodes=2,610,000,000 tested=0 found=0 n=300501299543560013241189 elapsed=179s
progress: nodes=2,620,000,000 tested=0 found=0 n=435379573264431908422233 elapsed=180s
progress: nodes=2,630,000,000 tested=0 found=0 n=65258374949798450757183 elapsed=180s
progress: nodes=2,640,000,000 tested=0 found=0 n=258865994915219860869393 elapsed=181s
progress: nodes=2,650,000,000 tested=0 found=0 n=142231354580191979198943 elapsed=182s
progress: nodes=2,660,000,000 tested=0 found=0 n=786615934099999073111811 elapsed=183s
progress: nodes=2,670,000,000 tested=0 found=0 n=150859226556088952082489 elapsed=184s
progress: nodes=2,680,000,000 tested=0 found=0 n=358842575235192330071097 elapsed=185s
progress: nodes=2,690,000,000 tested=0 found=0 n=176024264206592155231647 elapsed=185s
progress: nodes=2,700,000,000 tested=0 found=0 n=155619455572331896661901 elapsed=186s
progress: nodes=2,710,000,000 tested=0 found=0 n=456698788334968057901253 elapsed=187s
progress: nodes=2,720,000,000 tested=0 found=0 n=151572372267306326650083 elapsed=188s
progress: nodes=2,730,000,000 tested=0 found=0 n=88625382576746748723837 elapsed=189s
progress: nodes=2,740,000,000 tested=0 found=0 n=847848472892774783665389 elapsed=189s
progress: nodes=2,750,000,000 tested=0 found=0 n=525588983646818270094531 elapsed=190s
progress: nodes=2,760,000,000 tested=0 found=0 n=800823383815572700989021 elapsed=191s
progress: nodes=2,770,000,000 tested=0 found=0 n=149780271462477323377941 elapsed=192s
progress: nodes=2,780,000,000 tested=0 found=0 n=102549188720407029014799 elapsed=193s
progress: nodes=2,790,000,000 tested=0 found=0 n=244280296408850134241193 elapsed=194s
progress: nodes=2,800,000,000 tested=0 found=0 n=244595746134995331573189 elapsed=195s
progress: nodes=2,810,000,000 tested=0 found=0 n=140718370289711669870877 elapsed=195s
progress: nodes=2,820,000,000 tested=0 found=0 n=248088444045610397957343 elapsed=196s
progress: nodes=2,830,000,000 tested=0 found=0 n=171012301493134974847821 elapsed=197s
progress: nodes=2,840,000,000 tested=0 found=0 n=56767747224349784118573 elapsed=197s
progress: nodes=2,850,000,000 tested=0 found=0 n=1030992951365705043639 elapsed=198s
progress: nodes=2,860,000,000 tested=0 found=0 n=806400463434778140939549 elapsed=199s
progress: nodes=2,870,000,000 tested=0 found=0 n=815234973831383792101569 elapsed=199s
progress: nodes=2,880,000,000 tested=0 found=0 n=963803196244354876722081 elapsed=200s
progress: nodes=2,890,000,000 tested=0 found=0 n=530944078601788194972321 elapsed=201s
progress: nodes=2,900,000,000 tested=0 found=0 n=941172529054196253208779 elapsed=202s
progress: nodes=2,910,000,000 tested=0 found=0 n=948788674919345582562933 elapsed=203s
progress: nodes=2,920,000,000 tested=0 found=0 n=851609171136343427789751 elapsed=204s
progress: nodes=2,930,000,000 tested=0 found=0 n=992643200452682583991263 elapsed=205s
progress: nodes=2,940,000,000 tested=0 found=0 n=925104741131010728360457 elapsed=206s
progress: nodes=2,950,000,000 tested=0 found=0 n=785166783069768899558913 elapsed=206s
progress: nodes=2,960,000,000 tested=0 found=0 n=954464109564788979126201 elapsed=207s
progress: nodes=2,970,000,000 tested=0 found=0 n=913109632449410056370787 elapsed=208s
progress: nodes=2,980,000,000 tested=0 found=0 n=868002979550995818713799 elapsed=209s
progress: nodes=2,990,000,000 tested=0 found=0 n=525722083821407165191191 elapsed=210s
progress: nodes=3,000,000,000 tested=0 found=0 n=314978281620213337612101 elapsed=211s
progress: nodes=3,010,000,000 tested=0 found=0 n=602138012708301453285363 elapsed=212s
progress: nodes=3,020,000,000 tested=0 found=0 n=799384499472650112631071 elapsed=213s
progress: nodes=3,030,000,000 tested=0 found=0 n=683020601092809354802581 elapsed=214s
progress: nodes=3,040,000,000 tested=0 found=0 n=839629147872699256716567 elapsed=215s
progress: nodes=3,050,000,000 tested=0 found=0 n=662559028076655832237731 elapsed=216s
progress: nodes=3,060,000,000 tested=0 found=0 n=542477539973033295447663 elapsed=217s
progress: nodes=3,070,000,000 tested=0 found=0 n=577634145809231606566779 elapsed=217s
progress: nodes=3,080,000,000 tested=0 found=0 n=739119761938564385834763 elapsed=218s
progress: nodes=3,090,000,000 tested=0 found=0 n=831776062925389216533129 elapsed=219s
progress: nodes=3,100,000,000 tested=0 found=0 n=697020972818539317081903 elapsed=220s
progress: nodes=3,110,000,000 tested=0 found=0 n=352347732355423726664127 elapsed=221s
progress: nodes=3,120,000,000 tested=0 found=0 n=931245232512681214716357 elapsed=222s
progress: nodes=3,130,000,000 tested=0 found=0 n=834641786942025069871017 elapsed=223s
progress: nodes=3,140,000,000 tested=0 found=0 n=382208125024626425246799 elapsed=224s
progress: nodes=3,150,000,000 tested=0 found=0 n=546671592980261959633731 elapsed=225s
progress: nodes=3,160,000,000 tested=0 found=0 n=318171174035207033452527 elapsed=226s
progress: nodes=3,170,000,000 tested=0 found=0 n=389934239316790414461831 elapsed=227s
progress: nodes=3,180,000,000 tested=0 found=0 n=747534500612735406924969 elapsed=228s
progress: nodes=3,190,000,000 tested=0 found=0 n=193517270933060727414531 elapsed=228s
progress: nodes=3,200,000,000 tested=0 found=0 n=496111083721146530855757 elapsed=229s
progress: nodes=3,210,000,000 tested=0 found=0 n=512346851722107988214013 elapsed=230s
progress: nodes=3,220,000,000 tested=0 found=0 n=782354032995942610424991 elapsed=231s
progress: nodes=3,230,000,000 tested=0 found=0 n=563209299918610534181223 elapsed=232s
progress: nodes=3,240,000,000 tested=0 found=0 n=939976928896756947114303 elapsed=233s
progress: nodes=3,250,000,000 tested=0 found=0 n=309849562052421691820751 elapsed=234s
progress: nodes=3,260,000,000 tested=0 found=0 n=497620684075498578336357 elapsed=235s
progress: nodes=3,270,000,000 tested=0 found=0 n=447008747396580488239659 elapsed=236s
progress: nodes=3,280,000,000 tested=0 found=0 n=259779383456220891210717 elapsed=237s
progress: nodes=3,290,000,000 tested=0 found=0 n=519960879638426393934921 elapsed=238s
progress: nodes=3,300,000,000 tested=0 found=0 n=494413424049537156251241 elapsed=239s
progress: nodes=3,310,000,000 tested=0 found=0 n=454536183231490783166667 elapsed=240s
progress: nodes=3,320,000,000 tested=0 found=0 n=337404503194032062206341 elapsed=240s
progress: nodes=3,330,000,000 tested=0 found=0 n=891568014094214916665283 elapsed=241s
progress: nodes=3,340,000,000 tested=0 found=0 n=493174210736318577811191 elapsed=242s
progress: nodes=3,350,000,000 tested=0 found=0 n=984154189764321057929139 elapsed=242s
progress: nodes=3,360,000,000 tested=0 found=0 n=395634671226665911217331 elapsed=243s
progress: nodes=3,370,000,000 tested=0 found=0 n=201990216561311174575887 elapsed=244s
progress: nodes=3,380,000,000 tested=0 found=0 n=165737441945695561888023 elapsed=244s
progress: nodes=3,390,000,000 tested=0 found=0 n=195816627501696501058143 elapsed=245s
progress: nodes=3,400,000,000 tested=0 found=0 n=136797743290990669775811 elapsed=245s
progress: nodes=3,410,000,000 tested=0 found=0 n=579827749966893531414927 elapsed=246s
progress: nodes=3,420,000,000 tested=0 found=0 n=87133244061748410864261 elapsed=246s
progress: nodes=3,430,000,000 tested=0 found=0 n=654117643370411929404927 elapsed=247s
progress: nodes=3,440,000,000 tested=0 found=0 n=20575503984842524948923 elapsed=247s
progress: nodes=3,450,000,000 tested=0 found=0 n=981283331636028118646487 elapsed=248s
progress: nodes=3,460,000,000 tested=0 found=0 n=12977531171179876163709 elapsed=248s
progress: nodes=3,470,000,000 tested=0 found=0 n=1067578533139035150387 elapsed=249s
progress: nodes=3,480,000,000 tested=0 found=0 n=367741717705742946967863 elapsed=250s
progress: nodes=3,490,000,000 tested=0 found=0 n=66886044024061251156321 elapsed=250s
progress: nodes=3,500,000,000 tested=0 found=0 n=108751813328914149727179 elapsed=251s
progress: nodes=3,510,000,000 tested=0 found=0 n=496852425535863964558761 elapsed=252s
progress: nodes=3,520,000,000 tested=0 found=0 n=507177659445165906813 elapsed=252s
progress: nodes=3,530,000,000 tested=0 found=0 n=830606066482837620990861 elapsed=253s
progress: nodes=3,540,000,000 tested=0 found=0 n=359813057222716787818359 elapsed=254s
progress: nodes=3,550,000,000 tested=0 found=0 n=666358840303233176671803 elapsed=255s
progress: nodes=3,560,000,000 tested=0 found=0 n=607691515284633793943853 elapsed=256s
progress: nodes=3,570,000,000 tested=0 found=0 n=48061352083978375430211 elapsed=256s
progress: nodes=3,580,000,000 tested=0 found=0 n=491661184135593172067829 elapsed=257s
progress: nodes=3,590,000,000 tested=0 found=0 n=739033490895576940303317 elapsed=258s
progress: nodes=3,600,000,000 tested=0 found=0 n=636803951850541626372837 elapsed=259s
progress: nodes=3,610,000,000 tested=0 found=0 n=265391322327126235221597 elapsed=260s
progress: nodes=3,620,000,000 tested=0 found=0 n=382023051761498491577079 elapsed=260s
progress: nodes=3,630,000,000 tested=0 found=0 n=340167802216540708720233 elapsed=261s
progress: nodes=3,640,000,000 tested=0 found=0 n=163685367133293877913349 elapsed=262s
progress: nodes=3,650,000,000 tested=0 found=0 n=344469079842360185097 elapsed=263s
progress: nodes=3,660,000,000 tested=0 found=0 n=944866508115564376697817 elapsed=264s
progress: nodes=3,670,000,000 tested=0 found=0 n=124818760552788416640141 elapsed=265s
progress: nodes=3,680,000,000 tested=0 found=0 n=430541624672599738985379 elapsed=265s
progress: nodes=3,690,000,000 tested=0 found=0 n=192021138995899399865217 elapsed=266s
progress: nodes=3,700,000,000 tested=0 found=0 n=134584367559451412094261 elapsed=267s
progress: nodes=3,710,000,000 tested=0 found=0 n=625270707937534744701693 elapsed=268s
progress: nodes=3,720,000,000 tested=0 found=0 n=100261119785166708804513 elapsed=269s
progress: nodes=3,730,000,000 tested=0 found=0 n=9466832928012655899627 elapsed=269s
progress: nodes=3,740,000,000 tested=0 found=0 n=536398343739203477407029 elapsed=270s
progress: nodes=3,750,000,000 tested=0 found=0 n=587557967389276164990093 elapsed=271s
progress: nodes=3,760,000,000 tested=0 found=0 n=150799445463135096464067 elapsed=272s
progress: nodes=3,770,000,000 tested=0 found=0 n=732858690736145883779793 elapsed=273s
progress: nodes=3,780,000,000 tested=0 found=0 n=220013063245755275603877 elapsed=274s
progress: nodes=3,790,000,000 tested=0 found=0 n=57821294374808567063769 elapsed=275s
progress: nodes=3,800,000,000 tested=0 found=0 n=677845940667315828221583 elapsed=275s
progress: nodes=3,810,000,000 tested=0 found=0 n=529959823409041209360099 elapsed=276s
progress: nodes=3,820,000,000 tested=0 found=0 n=98033427152134704541773 elapsed=277s
progress: nodes=3,830,000,000 tested=0 found=0 n=311556372437728729502037 elapsed=278s
progress: nodes=3,840,000,000 tested=0 found=0 n=314121057757776164829087 elapsed=279s
progress: nodes=3,850,000,000 tested=0 found=0 n=133747752282019236670617 elapsed=280s
progress: nodes=3,860,000,000 tested=0 found=0 n=759992496362692734219309 elapsed=280s
progress: nodes=3,870,000,000 tested=0 found=0 n=426228168709203558216057 elapsed=281s
progress: nodes=3,880,000,000 tested=0 found=0 n=66839489530939111672917 elapsed=282s
progress: nodes=3,890,000,000 tested=0 found=0 n=231484316392955568656637 elapsed=283s
progress: nodes=3,900,000,000 tested=0 found=0 n=85615653877031241010971 elapsed=284s
progress: nodes=3,910,000,000 tested=0 found=0 n=975104389988262734498991 elapsed=284s
progress: nodes=3,920,000,000 tested=0 found=0 n=504190990998423473763249 elapsed=285s
progress: nodes=3,930,000,000 tested=0 found=0 n=338753415951795305849157 elapsed=286s
progress: nodes=3,940,000,000 tested=0 found=0 n=369245054995683920266059 elapsed=287s
progress: nodes=3,950,000,000 tested=0 found=0 n=706490083679215018836807 elapsed=287s
progress: nodes=3,960,000,000 tested=0 found=0 n=355182713054813285180847 elapsed=288s
progress: nodes=3,970,000,000 tested=0 found=0 n=688849830026087980779837 elapsed=289s
progress: nodes=3,980,000,000 tested=0 found=0 n=495761706868612404816981 elapsed=290s
progress: nodes=3,990,000,000 tested=0 found=0 n=187974011295543599930727 elapsed=291s
progress: nodes=4,000,000,000 tested=0 found=0 n=130796050866976286212113 elapsed=292s
progress: nodes=4,010,000,000 tested=0 found=0 n=107190353552318039585043 elapsed=293s
progress: nodes=4,020,000,000 tested=0 found=0 n=290219341966154260926651 elapsed=294s
progress: nodes=4,030,000,000 tested=0 found=0 n=193228048360983144161961 elapsed=294s
progress: nodes=4,040,000,000 tested=0 found=0 n=163183396533785572091301 elapsed=295s
progress: nodes=4,050,000,000 tested=0 found=0 n=28182066468721345073817 elapsed=296s
progress: nodes=4,060,000,000 tested=0 found=0 n=845340849122940742140261 elapsed=297s
progress: nodes=4,070,000,000 tested=0 found=0 n=510994385496627654893733 elapsed=298s
progress: nodes=4,080,000,000 tested=0 found=0 n=452422243688499730261539 elapsed=299s
progress: nodes=4,090,000,000 tested=0 found=0 n=272388454079578846253937 elapsed=300s
progress: nodes=4,100,000,000 tested=0 found=0 n=574579434376423735868763 elapsed=301s
progress: nodes=4,110,000,000 tested=0 found=0 n=501019958719546222195701 elapsed=301s
progress: nodes=4,120,000,000 tested=0 found=0 n=47812913186265301461849 elapsed=302s
progress: nodes=4,130,000,000 tested=0 found=0 n=34944601653184930642089 elapsed=303s
progress: nodes=4,140,000,000 tested=0 found=0 n=910863328560011576241723 elapsed=304s
progress: nodes=4,150,000,000 tested=0 found=0 n=329305950230192553055977 elapsed=305s
progress: nodes=4,160,000,000 tested=0 found=0 n=228809848653838320019767 elapsed=306s
progress: nodes=4,170,000,000 tested=0 found=0 n=56219092780167753026283 elapsed=307s
progress: nodes=4,180,000,000 tested=0 found=0 n=6042122087364129370527 elapsed=307s
progress: nodes=4,190,000,000 tested=0 found=0 n=18933539231886978278349 elapsed=308s
progress: nodes=4,200,000,000 tested=0 found=0 n=882081695513690871284547 elapsed=309s
progress: nodes=4,210,000,000 tested=0 found=0 n=406280989840445337366441 elapsed=309s
progress: nodes=4,220,000,000 tested=0 found=0 n=977055179990862339265437 elapsed=310s
progress: nodes=4,230,000,000 tested=0 found=0 n=596325999883682169320373 elapsed=311s
progress: nodes=4,240,000,000 tested=0 found=0 n=203985344499356762119701 elapsed=311s
progress: nodes=4,250,000,000 tested=0 found=0 n=434878881167065025679219 elapsed=312s
progress: nodes=4,260,000,000 tested=0 found=0 n=353225392511322203154513 elapsed=312s
progress: nodes=4,270,000,000 tested=0 found=0 n=298413121763750565509091 elapsed=313s
progress: nodes=4,280,000,000 tested=0 found=0 n=546967314514762161910659 elapsed=313s
progress: nodes=4,290,000,000 tested=0 found=0 n=76924903633302853980621 elapsed=314s
progress: nodes=4,300,000,000 tested=0 found=0 n=30481899222742599483621 elapsed=314s
progress: nodes=4,310,000,000 tested=0 found=0 n=375784160376799863863559 elapsed=315s
progress: nodes=4,320,000,000 tested=0 found=0 n=38146617580413002862663 elapsed=315s
progress: nodes=4,330,000,000 tested=0 found=0 n=85466976296608649911707 elapsed=316s
progress: nodes=4,340,000,000 tested=0 found=0 n=12034666756792202622561 elapsed=316s
progress: nodes=4,350,000,000 tested=0 found=0 n=21382613703553780503441 elapsed=317s
progress: nodes=4,360,000,000 tested=0 found=0 n=605499692859082159157943 elapsed=317s
progress: nodes=4,370,000,000 tested=0 found=0 n=983138974088812714076211 elapsed=318s
progress: nodes=4,380,000,000 tested=0 found=0 n=823667724541254734120133 elapsed=319s
progress: nodes=4,390,000,000 tested=0 found=0 n=217543207423395446487279 elapsed=320s
progress: nodes=4,400,000,000 tested=0 found=0 n=978211720748652948878859 elapsed=321s
progress: nodes=4,410,000,000 tested=0 found=0 n=792742567871140509575799 elapsed=321s
progress: nodes=4,420,000,000 tested=0 found=0 n=319543422132860084244393 elapsed=322s
progress: nodes=4,430,000,000 tested=0 found=0 n=384410939748910827380397 elapsed=323s
progress: nodes=4,440,000,000 tested=0 found=0 n=448072129614474090717453 elapsed=324s
progress: nodes=4,450,000,000 tested=0 found=0 n=695199884535745058309301 elapsed=325s
progress: nodes=4,460,000,000 tested=0 found=0 n=110647544178318671941263 elapsed=325s
progress: nodes=4,470,000,000 tested=0 found=0 n=573733447679766588476031 elapsed=326s
progress: nodes=4,480,000,000 tested=0 found=0 n=546996931795620771680061 elapsed=327s
progress: nodes=4,490,000,000 tested=0 found=0 n=241887177139625483015781 elapsed=328s
progress: nodes=4,500,000,000 tested=0 found=0 n=755546041307088966340791 elapsed=329s
progress: nodes=4,510,000,000 tested=0 found=0 n=381232181300826141282843 elapsed=330s
progress: nodes=4,520,000,000 tested=0 found=0 n=298869854774020570709361 elapsed=330s
progress: nodes=4,530,000,000 tested=0 found=0 n=349543235598925994703 elapsed=331s
progress: nodes=4,540,000,000 tested=0 found=0 n=426415754785927358820753 elapsed=332s
progress: nodes=4,550,000,000 tested=0 found=0 n=574184052079781219266113 elapsed=333s
progress: nodes=4,560,000,000 tested=0 found=0 n=189896058197248143886299 elapsed=334s
progress: nodes=4,570,000,000 tested=0 found=0 n=281003619875246067316671 elapsed=335s
progress: nodes=4,580,000,000 tested=0 found=0 n=494954116954553157868197 elapsed=335s
progress: nodes=4,590,000,000 tested=0 found=0 n=147174089631739849318563 elapsed=336s
progress: nodes=4,600,000,000 tested=0 found=0 n=585701485136088109577019 elapsed=337s
progress: nodes=4,610,000,000 tested=0 found=0 n=954246853569179428187391 elapsed=338s
progress: nodes=4,620,000,000 tested=0 found=0 n=387804820498149871196919 elapsed=339s
progress: nodes=4,630,000,000 tested=0 found=0 n=108325279608646609901007 elapsed=339s
progress: nodes=4,640,000,000 tested=0 found=0 n=244931657697241645951359 elapsed=340s
progress: nodes=4,650,000,000 tested=0 found=0 n=47827269107686159136199 elapsed=341s
progress: nodes=4,660,000,000 tested=0 found=0 n=341821495073376247599747 elapsed=342s
progress: nodes=4,670,000,000 tested=0 found=0 n=769667867342464240252179 elapsed=343s
progress: nodes=4,680,000,000 tested=0 found=0 n=173521809398471357506221 elapsed=344s
progress: nodes=4,690,000,000 tested=0 found=0 n=572915669828198572026459 elapsed=344s
progress: nodes=4,700,000,000 tested=0 found=0 n=46006171929161825848929 elapsed=345s
progress: nodes=4,710,000,000 tested=0 found=0 n=811327955389677545715819 elapsed=346s
progress: nodes=4,720,000,000 tested=0 found=0 n=576608470387661202537123 elapsed=347s
progress: nodes=4,730,000,000 tested=0 found=0 n=250357630519965525270021 elapsed=348s
progress: nodes=4,740,000,000 tested=0 found=0 n=100062830959343908030683 elapsed=349s
progress: nodes=4,750,000,000 tested=0 found=0 n=8166823769435790649113 elapsed=349s
progress: nodes=4,760,000,000 tested=0 found=0 n=377892678192121349015913 elapsed=350s
progress: nodes=4,770,000,000 tested=0 found=0 n=185758772268631718088009 elapsed=351s
progress: nodes=4,780,000,000 tested=0 found=0 n=33342767927527597797951 elapsed=352s
progress: nodes=4,790,000,000 tested=0 found=0 n=65130999075051667403877 elapsed=353s
progress: nodes=4,800,000,000 tested=0 found=0 n=877738520473309231032681 elapsed=354s
progress: nodes=4,810,000,000 tested=0 found=0 n=65608873864500161111301 elapsed=354s
progress: nodes=4,820,000,000 tested=0 found=0 n=388834254248918955271641 elapsed=355s
progress: nodes=4,830,000,000 tested=0 found=0 n=860965650336203479046133 elapsed=356s
progress: nodes=4,840,000,000 tested=0 found=0 n=17243466941694170536821 elapsed=357s
progress: nodes=4,850,000,000 tested=0 found=0 n=17823384507400367976927 elapsed=357s
progress: nodes=4,860,000,000 tested=0 found=0 n=565866379215517747955049 elapsed=358s
progress: nodes=4,870,000,000 tested=0 found=0 n=517075386697947180995199 elapsed=359s
progress: nodes=4,880,000,000 tested=0 found=0 n=535371708167665259590161 elapsed=359s
progress: nodes=4,890,000,000 tested=0 found=0 n=712545490990516045939461 elapsed=360s
progress: nodes=4,900,000,000 tested=0 found=0 n=228266537947939906019451 elapsed=361s
progress: nodes=4,910,000,000 tested=0 found=0 n=176555845064796403865967 elapsed=362s
progress: nodes=4,920,000,000 tested=0 found=0 n=425429134410257505644193 elapsed=362s
progress: nodes=4,930,000,000 tested=0 found=0 n=840947664728012865712227 elapsed=363s
progress: nodes=4,940,000,000 tested=0 found=0 n=424527789637213475418513 elapsed=364s
progress: nodes=4,950,000,000 tested=0 found=0 n=303448920601479031373841 elapsed=365s
progress: nodes=4,960,000,000 tested=0 found=0 n=535434799870158225044931 elapsed=366s
progress: nodes=4,970,000,000 tested=0 found=0 n=143005179386699299286001 elapsed=367s
progress: nodes=4,980,000,000 tested=0 found=0 n=94949022228484175244801 elapsed=368s
progress: nodes=4,990,000,000 tested=0 found=0 n=106482394186777439106507 elapsed=368s
progress: nodes=5,000,000,000 tested=0 found=0 n=481583236856275257638319 elapsed=369s
progress: nodes=5,010,000,000 tested=0 found=0 n=885415947861427371637479 elapsed=370s
progress: nodes=5,020,000,000 tested=0 found=0 n=158212889231732810348643 elapsed=371s
progress: nodes=5,030,000,000 tested=0 found=0 n=909185999138462221176231 elapsed=371s
progress: nodes=5,040,000,000 tested=0 found=0 n=899070999158899064019753 elapsed=372s
progress: nodes=5,050,000,000 tested=0 found=0 n=773385636270751859759481 elapsed=373s
progress: nodes=5,060,000,000 tested=0 found=0 n=898838148359548879900803 elapsed=374s
progress: nodes=5,070,000,000 tested=0 found=0 n=563287379311568456981667 elapsed=375s
progress: nodes=5,080,000,000 tested=0 found=0 n=937668433279848947967213 elapsed=376s
progress: nodes=5,090,000,000 tested=0 found=0 n=282491481962775727482687 elapsed=377s
progress: nodes=5,100,000,000 tested=0 found=0 n=652603946423210871684903 elapsed=378s
progress: nodes=5,110,000,000 tested=0 found=0 n=126677031575478899797359 elapsed=378s
progress: nodes=5,120,000,000 tested=0 found=0 n=12866928510828349325907 elapsed=379s
progress: nodes=5,130,000,000 tested=0 found=0 n=103510498285518246846693 elapsed=380s
progress: nodes=5,140,000,000 tested=0 found=0 n=419516319399279286553523 elapsed=381s
progress: nodes=5,150,000,000 tested=0 found=0 n=398828946345961071465063 elapsed=382s
progress: nodes=5,160,000,000 tested=0 found=0 n=611979169649560205508477 elapsed=383s
progress: nodes=5,170,000,000 tested=0 found=0 n=114918450675594717342807 elapsed=384s
progress: nodes=5,180,000,000 tested=0 found=0 n=51655176177576195247947 elapsed=384s
progress: nodes=5,190,000,000 tested=0 found=0 n=806301928270703345749191 elapsed=385s
progress: nodes=5,200,000,000 tested=0 found=0 n=871628527159096786704009 elapsed=386s
progress: nodes=5,210,000,000 tested=0 found=0 n=379443943540181548287567 elapsed=387s
progress: nodes=5,220,000,000 tested=0 found=0 n=784328919422001443802081 elapsed=388s
progress: nodes=5,230,000,000 tested=0 found=0 n=493152586228073980744767 elapsed=389s
progress: nodes=5,240,000,000 tested=0 found=0 n=425800690487178662896317 elapsed=389s
progress: nodes=5,250,000,000 tested=0 found=0 n=868156781891718636824661 elapsed=390s
progress: nodes=5,260,000,000 tested=0 found=0 n=63954300969152171707437 elapsed=391s
progress: nodes=5,270,000,000 tested=0 found=0 n=228807117449654357113731 elapsed=392s
progress: nodes=5,280,000,000 tested=0 found=0 n=354942938332348809245649 elapsed=393s
progress: nodes=5,290,000,000 tested=0 found=0 n=50273413844241625269309 elapsed=394s
progress: nodes=5,300,000,000 tested=0 found=0 n=300969778823231328399897 elapsed=394s
progress: nodes=5,310,000,000 tested=0 found=0 n=59564950247291644303533 elapsed=395s
progress: nodes=5,320,000,000 tested=0 found=0 n=6713035528885647512859 elapsed=396s
progress: nodes=5,330,000,000 tested=0 found=0 n=956865774882018393950481 elapsed=396s
progress: nodes=5,340,000,000 tested=0 found=0 n=125136936957721893966531 elapsed=397s
progress: nodes=5,350,000,000 tested=0 found=0 n=990700357075977628655883 elapsed=398s
progress: nodes=5,360,000,000 tested=0 found=0 n=347403473319796190044209 elapsed=399s
progress: nodes=5,370,000,000 tested=0 found=0 n=634283717696416400077773 elapsed=399s
progress: nodes=5,380,000,000 tested=0 found=0 n=788399249799229137886509 elapsed=400s
progress: nodes=5,390,000,000 tested=0 found=0 n=394054404476345537548239 elapsed=401s
progress: nodes=5,400,000,000 tested=0 found=0 n=19228859838369317367 elapsed=402s
progress: nodes=5,410,000,000 tested=0 found=0 n=107884885179640477751073 elapsed=403s
progress: nodes=5,420,000,000 tested=0 found=0 n=771412767377911498011249 elapsed=403s
progress: nodes=5,430,000,000 tested=0 found=0 n=452773330008594023700117 elapsed=404s
progress: nodes=5,440,000,000 tested=0 found=0 n=546761392074482472732537 elapsed=405s
progress: nodes=5,450,000,000 tested=0 found=0 n=18350982273440031943959 elapsed=406s
progress: nodes=5,460,000,000 tested=0 found=0 n=312249369047977899033111 elapsed=407s
progress: nodes=5,470,000,000 tested=0 found=0 n=645883268462534016859329 elapsed=407s
progress: nodes=5,480,000,000 tested=0 found=0 n=319970727852077679105267 elapsed=408s
progress: nodes=5,490,000,000 tested=0 found=0 n=850381525566244423764243 elapsed=409s
progress: nodes=5,500,000,000 tested=0 found=0 n=646564667667012230981229 elapsed=410s
progress: nodes=5,510,000,000 tested=0 found=0 n=477910296639405574512183 elapsed=411s
progress: nodes=5,520,000,000 tested=0 found=0 n=475935824630363375105289 elapsed=412s
progress: nodes=5,530,000,000 tested=0 found=0 n=790975207347666846565599 elapsed=412s
progress: nodes=5,540,000,000 tested=0 found=0 n=316696811311716087540519 elapsed=413s
progress: nodes=5,550,000,000 tested=0 found=0 n=760522782608251556589927 elapsed=414s
progress: nodes=5,560,000,000 tested=0 found=0 n=413095113469467644775021 elapsed=415s
progress: nodes=5,570,000,000 tested=0 found=0 n=247207361915061468944793 elapsed=415s
progress: nodes=5,580,000,000 tested=0 found=0 n=711319661237132436571929 elapsed=416s
progress: nodes=5,590,000,000 tested=0 found=0 n=97047966108039837973929 elapsed=417s
progress: nodes=5,600,000,000 tested=0 found=0 n=536821366509481779876843 elapsed=418s
progress: nodes=5,610,000,000 tested=0 found=0 n=745105063734413076965193 elapsed=418s
progress: nodes=5,620,000,000 tested=0 found=0 n=138232913419490644977453 elapsed=419s
progress: nodes=5,630,000,000 tested=0 found=0 n=415241546198337442231263 elapsed=420s
progress: nodes=5,640,000,000 tested=0 found=0 n=109725955567558554843927 elapsed=421s
progress: nodes=5,650,000,000 tested=0 found=0 n=774296460464480854120143 elapsed=422s
progress: nodes=5,660,000,000 tested=0 found=0 n=612080161173949513516317 elapsed=422s
progress: nodes=5,670,000,000 tested=0 found=0 n=539902979297018182886733 elapsed=423s
progress: nodes=5,680,000,000 tested=0 found=0 n=423187639640220345020361 elapsed=424s
progress: nodes=5,690,000,000 tested=0 found=0 n=807140091855052178512443 elapsed=424s
progress: nodes=5,700,000,000 tested=0 found=0 n=401933849132141631763227 elapsed=425s
progress: nodes=5,710,000,000 tested=0 found=0 n=491735683331232401550951 elapsed=426s
progress: nodes=5,720,000,000 tested=0 found=0 n=717272160289320553621011 elapsed=427s
progress: nodes=5,730,000,000 tested=0 found=0 n=335247995712883255665201 elapsed=428s
progress: nodes=5,740,000,000 tested=0 found=0 n=973967973940019896992693 elapsed=428s
progress: nodes=5,750,000,000 tested=0 found=0 n=241288800203727074572389 elapsed=429s
progress: nodes=5,760,000,000 tested=0 found=0 n=329754522709496468172897 elapsed=430s
progress: nodes=5,770,000,000 tested=0 found=0 n=508221432867522738750309 elapsed=430s
progress: nodes=5,780,000,000 tested=0 found=0 n=17186806055739542507901 elapsed=431s
progress: nodes=5,790,000,000 tested=0 found=0 n=218343421604206747095093 elapsed=432s
progress: nodes=5,800,000,000 tested=0 found=0 n=730032430777673230556811 elapsed=433s
progress: nodes=5,810,000,000 tested=0 found=0 n=856790318064864285526347 elapsed=433s
progress: nodes=5,820,000,000 tested=0 found=0 n=886077204867770117604633 elapsed=434s
progress: nodes=5,830,000,000 tested=0 found=0 n=495745691328599278554603 elapsed=435s
progress: nodes=5,840,000,000 tested=0 found=0 n=778192501628615862380823 elapsed=436s
progress: nodes=5,850,000,000 tested=0 found=0 n=736737486175902660142617 elapsed=436s
progress: nodes=5,860,000,000 tested=0 found=0 n=205187653271778629358753 elapsed=437s
progress: nodes=5,870,000,000 tested=0 found=0 n=245331721921021594697223 elapsed=437s
progress: nodes=5,880,000,000 tested=0 found=0 n=554315562342919439606313 elapsed=438s
progress: nodes=5,890,000,000 tested=0 found=0 n=226025622883949340141459 elapsed=438s
progress: nodes=5,900,000,000 tested=0 found=0 n=94680084665164915734741 elapsed=439s
progress: nodes=5,910,000,000 tested=0 found=0 n=167874598082457455913801 elapsed=439s
progress: nodes=5,920,000,000 tested=0 found=0 n=17800361733413382009579 elapsed=440s
progress: nodes=5,930,000,000 tested=0 found=0 n=44140706059686391191267 elapsed=440s
progress: nodes=5,940,000,000 tested=0 found=0 n=5324443070576830274151 elapsed=441s
progress: nodes=5,950,000,000 tested=0 found=0 n=8410062549712739632101 elapsed=441s
progress: nodes=5,960,000,000 tested=0 found=0 n=500973633686040980157 elapsed=442s
progress: nodes=5,970,000,000 tested=0 found=0 n=2509322519867425470747 elapsed=443s
progress: nodes=5,980,000,000 tested=0 found=0 n=673065203632327690569 elapsed=443s
progress: nodes=5,990,000,000 tested=0 found=0 n=642175071028501786069833 elapsed=444s
progress: nodes=6,000,000,000 tested=0 found=0 n=689568570800110806052941 elapsed=445s
progress: nodes=6,010,000,000 tested=0 found=0 n=457191005449252327428483 elapsed=446s
progress: nodes=6,020,000,000 tested=0 found=0 n=778854140584305937392087 elapsed=446s
progress: nodes=6,030,000,000 tested=0 found=0 n=425389135546436422761477 elapsed=447s
progress: nodes=6,040,000,000 tested=0 found=0 n=282301789311730845945981 elapsed=448s
progress: nodes=6,050,000,000 tested=0 found=0 n=238438422850807375527177 elapsed=449s
progress: nodes=6,060,000,000 tested=0 found=0 n=522783659684051859950703 elapsed=450s
progress: nodes=6,070,000,000 tested=0 found=0 n=207201811899368947212783 elapsed=451s
progress: nodes=6,080,000,000 tested=0 found=0 n=662993379482634504347967 elapsed=452s
progress: nodes=6,090,000,000 tested=0 found=0 n=15167149906436716419 elapsed=453s
progress: nodes=6,100,000,000 tested=0 found=0 n=157143680934533832998151 elapsed=454s
progress: nodes=6,110,000,000 tested=0 found=0 n=85740910100618430096747 elapsed=454s
progress: nodes=6,120,000,000 tested=0 found=0 n=329636780377048610159463 elapsed=455s
progress: nodes=6,130,000,000 tested=0 found=0 n=484574761231135089059853 elapsed=456s
progress: nodes=6,140,000,000 tested=0 found=0 n=502782263553962225930481 elapsed=457s
progress: nodes=6,150,000,000 tested=0 found=0 n=458578556817367053124827 elapsed=458s
progress: nodes=6,160,000,000 tested=0 found=0 n=280078435851114022874829 elapsed=459s
progress: nodes=6,170,000,000 tested=0 found=0 n=75036035697600428644347 elapsed=460s
progress: nodes=6,180,000,000 tested=0 found=0 n=75127030916740947668601 elapsed=461s
progress: nodes=6,190,000,000 tested=0 found=0 n=616769380410948124611867 elapsed=461s
progress: nodes=6,200,000,000 tested=0 found=0 n=41559197786536991805783 elapsed=462s
progress: nodes=6,210,000,000 tested=0 found=0 n=798181897373526637788201 elapsed=463s
progress: nodes=6,220,000,000 tested=0 found=0 n=50057290381146961464783 elapsed=464s
progress: nodes=6,230,000,000 tested=0 found=0 n=16966302564136097242917 elapsed=465s
progress: nodes=6,240,000,000 tested=0 found=0 n=34051414019341223840643 elapsed=465s
progress: nodes=6,250,000,000 tested=0 found=0 n=10350308329363923949413 elapsed=466s
progress: nodes=6,260,000,000 tested=0 found=0 n=278128375409476998154287 elapsed=466s
progress: nodes=6,270,000,000 tested=0 found=0 n=867614421908940114362877 elapsed=467s
progress: nodes=6,280,000,000 tested=0 found=0 n=876979243190722082897871 elapsed=468s
progress: nodes=6,290,000,000 tested=0 found=0 n=461491334662280520041829 elapsed=468s
progress: nodes=6,300,000,000 tested=0 found=0 n=842414514052991012186823 elapsed=469s
progress: nodes=6,310,000,000 tested=0 found=0 n=36492244419065330610099 elapsed=470s
progress: nodes=6,320,000,000 tested=0 found=0 n=149209458003910892745927 elapsed=471s
progress: nodes=6,330,000,000 tested=0 found=0 n=652080408656004044654553 elapsed=472s
progress: nodes=6,340,000,000 tested=0 found=0 n=125672650397430913491561 elapsed=472s
progress: nodes=6,350,000,000 tested=0 found=0 n=30177730856071851578757 elapsed=473s
progress: nodes=6,360,000,000 tested=0 found=0 n=539533105625382695003331 elapsed=473s
progress: nodes=6,370,000,000 tested=0 found=0 n=258586112231199907649649 elapsed=474s
progress: nodes=6,380,000,000 tested=0 found=0 n=5632916359831597747449 elapsed=475s
progress: nodes=6,390,000,000 tested=0 found=0 n=734238661581727426151181 elapsed=475s
progress: nodes=6,400,000,000 tested=0 found=0 n=839384121223918084108833 elapsed=476s
progress: nodes=6,410,000,000 tested=0 found=0 n=260447412472144976225763 elapsed=477s
progress: nodes=6,420,000,000 tested=0 found=0 n=926076171021434199770157 elapsed=478s
progress: nodes=6,430,000,000 tested=0 found=0 n=497884133047938096697083 elapsed=478s
progress: nodes=6,440,000,000 tested=0 found=0 n=155218726607838522737031 elapsed=479s
progress: nodes=6,450,000,000 tested=0 found=0 n=194008255397942444425197 elapsed=480s
progress: nodes=6,460,000,000 tested=0 found=0 n=890804294697079114244739 elapsed=481s
progress: nodes=6,470,000,000 tested=0 found=0 n=92848435902921261362877 elapsed=482s
progress: nodes=6,480,000,000 tested=0 found=0 n=468467354461293060324759 elapsed=482s
progress: nodes=6,490,000,000 tested=0 found=0 n=101274256238149723939749 elapsed=483s
progress: nodes=6,500,000,000 tested=0 found=0 n=719068205796137461380501 elapsed=484s
progress: nodes=6,510,000,000 tested=0 found=0 n=668908672289935407249381 elapsed=484s
progress: nodes=6,520,000,000 tested=0 found=0 n=785254909666782610909161 elapsed=485s
progress: nodes=6,530,000,000 tested=0 found=0 n=105393088668317148149913 elapsed=486s
progress: nodes=6,540,000,000 tested=0 found=0 n=839937163995784339261623 elapsed=487s
progress: nodes=6,550,000,000 tested=0 found=0 n=954318657990801473875197 elapsed=487s
progress: nodes=6,560,000,000 tested=0 found=0 n=403648797502407542846607 elapsed=488s
progress: nodes=6,570,000,000 tested=0 found=0 n=795645558584931704562297 elapsed=489s
progress: nodes=6,580,000,000 tested=0 found=0 n=567548252876468920633731 elapsed=490s
progress: nodes=6,590,000,000 tested=0 found=0 n=294768126015721057165851 elapsed=491s
progress: nodes=6,600,000,000 tested=0 found=0 n=359003447416205784833949 elapsed=491s
progress: nodes=6,610,000,000 tested=0 found=0 n=316947099319062463290501 elapsed=492s
progress: nodes=6,620,000,000 tested=0 found=0 n=362751838645145741037477 elapsed=493s
progress: nodes=6,630,000,000 tested=0 found=0 n=36760399904804157093897 elapsed=494s
progress: nodes=6,640,000,000 tested=0 found=0 n=29617785197584407683937 elapsed=495s
progress: nodes=6,650,000,000 tested=0 found=0 n=2991938642113005781119 elapsed=495s
progress: nodes=6,660,000,000 tested=0 found=0 n=847364647934560827143457 elapsed=496s
progress: nodes=6,670,000,000 tested=0 found=0 n=688608000361590078820743 elapsed=497s
progress: nodes=6,680,000,000 tested=0 found=0 n=194582816375921159494077 elapsed=497s
progress: nodes=6,690,000,000 tested=0 found=0 n=788891900643279964132371 elapsed=498s
progress: nodes=6,700,000,000 tested=0 found=0 n=780166733878379060661987 elapsed=499s
progress: nodes=6,710,000,000 tested=0 found=0 n=159660183102109239558393 elapsed=499s
progress: nodes=6,720,000,000 tested=0 found=0 n=62926193602477659035043 elapsed=500s
progress: nodes=6,730,000,000 tested=0 found=0 n=719975917227307409042913 elapsed=501s
progress: nodes=6,740,000,000 tested=0 found=0 n=775392951031789094715249 elapsed=502s
progress: nodes=6,750,000,000 tested=0 found=0 n=565113003801343479472221 elapsed=502s
progress: nodes=6,760,000,000 tested=0 found=0 n=279703335050996121466047 elapsed=503s
progress: nodes=6,770,000,000 tested=0 found=0 n=1699802319111767468829 elapsed=504s
progress: nodes=6,780,000,000 tested=0 found=0 n=199843987525801349472819 elapsed=505s
progress: nodes=6,790,000,000 tested=0 found=0 n=128261489112034194579201 elapsed=505s
progress: nodes=6,800,000,000 tested=0 found=0 n=9097003644072774991407 elapsed=506s
progress: nodes=6,810,000,000 tested=0 found=0 n=171492482467029518501553 elapsed=507s
progress: nodes=6,820,000,000 tested=0 found=0 n=723076299371907969283719 elapsed=508s
progress: nodes=6,830,000,000 tested=0 found=0 n=389297996241456119445243 elapsed=508s
progress: nodes=6,840,000,000 tested=0 found=0 n=120730027874068976919633 elapsed=509s
progress: nodes=6,850,000,000 tested=0 found=0 n=9599052050695104282747 elapsed=510s
progress: nodes=6,860,000,000 tested=0 found=0 n=911260139589233302582791 elapsed=511s
progress: nodes=6,870,000,000 tested=0 found=0 n=156162921820818856600041 elapsed=512s
progress: nodes=6,880,000,000 tested=0 found=0 n=311140905629441363452053 elapsed=512s
progress: nodes=6,890,000,000 tested=0 found=0 n=140102479866211004988153 elapsed=513s
progress: nodes=6,900,000,000 tested=0 found=0 n=91285280829219592183761 elapsed=514s
progress: nodes=6,910,000,000 tested=0 found=0 n=802631633458657679802279 elapsed=515s
progress: nodes=6,920,000,000 tested=0 found=0 n=843814651408392497773401 elapsed=516s
progress: nodes=6,930,000,000 tested=0 found=0 n=788577697027025027123463 elapsed=516s
progress: nodes=6,940,000,000 tested=0 found=0 n=810032428138758140513043 elapsed=517s
progress: nodes=6,950,000,000 tested=0 found=0 n=275076832351989470447799 elapsed=518s
progress: nodes=6,960,000,000 tested=0 found=0 n=637968701976834470422257 elapsed=518s
progress: nodes=6,970,000,000 tested=0 found=0 n=56145929233206000615273 elapsed=519s
progress: nodes=6,980,000,000 tested=0 found=0 n=73912075810462288392147 elapsed=519s
progress: nodes=6,990,000,000 tested=0 found=0 n=164957067855805666739067 elapsed=520s
progress: nodes=7,000,000,000 tested=0 found=0 n=103505326305302691972279 elapsed=520s
progress: nodes=7,010,000,000 tested=0 found=0 n=690426158648862752444097 elapsed=521s
progress: nodes=7,020,000,000 tested=0 found=0 n=961627786814946908680947 elapsed=521s
progress: nodes=7,030,000,000 tested=0 found=0 n=723580194084712376184927 elapsed=522s
progress: nodes=7,040,000,000 tested=0 found=0 n=472429287168098925798441 elapsed=523s
progress: nodes=7,050,000,000 tested=0 found=0 n=156058950813461006078691 elapsed=524s
progress: nodes=7,060,000,000 tested=0 found=0 n=112571684908218645886161 elapsed=524s
progress: nodes=7,070,000,000 tested=0 found=0 n=834845776486927293386529 elapsed=525s
progress: nodes=7,080,000,000 tested=0 found=0 n=918908004308855565520593 elapsed=526s
progress: nodes=7,090,000,000 tested=0 found=0 n=34080741757398556779867 elapsed=527s
progress: nodes=7,100,000,000 tested=0 found=0 n=338212341676229203338309 elapsed=528s
progress: nodes=7,110,000,000 tested=0 found=0 n=3391896118921943010147 elapsed=528s
progress: nodes=7,120,000,000 tested=0 found=0 n=201455495341735061672091 elapsed=529s
progress: nodes=7,130,000,000 tested=0 found=0 n=456305833545336046164123 elapsed=530s
progress: nodes=7,140,000,000 tested=0 found=0 n=5351257367772813502929 elapsed=531s
progress: nodes=7,150,000,000 tested=0 found=0 n=4626690307843540390839 elapsed=531s
progress: nodes=7,160,000,000 tested=0 found=0 n=452208246337303009983891 elapsed=532s
progress: nodes=7,170,000,000 tested=0 found=0 n=226887088365262437969087 elapsed=533s
progress: nodes=7,180,000,000 tested=0 found=0 n=782149907296966833763677 elapsed=534s
progress: nodes=7,190,000,000 tested=0 found=0 n=198786806962235868652353 elapsed=535s
progress: nodes=7,200,000,000 tested=0 found=0 n=479558584452799233041121 elapsed=535s
progress: nodes=7,210,000,000 tested=0 found=0 n=163541678319106841215539 elapsed=536s
progress: nodes=7,220,000,000 tested=0 found=0 n=192033377009833413601701 elapsed=537s
progress: nodes=7,230,000,000 tested=0 found=0 n=80385168583113740841033 elapsed=537s
progress: nodes=7,240,000,000 tested=0 found=0 n=536978026684235736204759 elapsed=538s
progress: nodes=7,250,000,000 tested=0 found=0 n=612061419638328640415127 elapsed=539s
progress: nodes=7,260,000,000 tested=0 found=0 n=698572741317672123505449 elapsed=540s
progress: nodes=7,270,000,000 tested=0 found=0 n=333359982688944856899177 elapsed=541s
progress: nodes=7,280,000,000 tested=0 found=0 n=514245333654290177136351 elapsed=541s
progress: nodes=7,290,000,000 tested=0 found=0 n=560444212729931338894239 elapsed=542s
progress: nodes=7,300,000,000 tested=0 found=0 n=571585304192566058549847 elapsed=543s
progress: nodes=7,310,000,000 tested=0 found=0 n=283508624499476532469929 elapsed=544s
progress: nodes=7,320,000,000 tested=0 found=0 n=395785353683288752918119 elapsed=545s
progress: nodes=7,330,000,000 tested=0 found=0 n=412846187170500303966207 elapsed=546s
progress: nodes=7,340,000,000 tested=0 found=0 n=267603952187215983081897 elapsed=546s
progress: nodes=7,350,000,000 tested=0 found=0 n=404808893711801293987503 elapsed=547s
progress: nodes=7,360,000,000 tested=0 found=0 n=312435597197703901357359 elapsed=548s
progress: nodes=7,370,000,000 tested=0 found=0 n=705396839958624052547847 elapsed=549s
progress: nodes=7,380,000,000 tested=0 found=0 n=65939941294219864049409 elapsed=550s
progress: nodes=7,390,000,000 tested=0 found=0 n=775430398330603954153677 elapsed=551s
progress: nodes=7,400,000,000 tested=0 found=0 n=533277162175238902240281 elapsed=552s
progress: nodes=7,410,000,000 tested=0 found=0 n=434456547808279279513923 elapsed=553s
progress: nodes=7,420,000,000 tested=0 found=0 n=63793966758347811447 elapsed=554s
progress: nodes=7,430,000,000 tested=0 found=0 n=136319723089894986135417 elapsed=554s
progress: nodes=7,440,000,000 tested=0 found=0 n=118797417664725867057837 elapsed=555s
progress: nodes=7,450,000,000 tested=0 found=0 n=731059141991926439217141 elapsed=556s
progress: nodes=7,460,000,000 tested=0 found=0 n=624024039754846996499619 elapsed=557s
progress: nodes=7,470,000,000 tested=0 found=0 n=75960268896750580386891 elapsed=558s
progress: nodes=7,480,000,000 tested=0 found=0 n=306274310448782542461441 elapsed=559s
progress: nodes=7,490,000,000 tested=0 found=0 n=48478664853060128623629 elapsed=560s
progress: nodes=7,500,000,000 tested=0 found=0 n=408324503514416689072719 elapsed=561s
progress: nodes=7,510,000,000 tested=0 found=0 n=66489860887399955868093 elapsed=562s
progress: nodes=7,520,000,000 tested=0 found=0 n=61233899831954079800031 elapsed=563s
progress: nodes=7,530,000,000 tested=0 found=0 n=190833658237060880543271 elapsed=564s
progress: nodes=7,540,000,000 tested=0 found=0 n=219260898019452175274619 elapsed=564s
progress: nodes=7,550,000,000 tested=0 found=0 n=65021729596676242803567 elapsed=565s
progress: nodes=7,560,000,000 tested=0 found=0 n=775319606418461252631021 elapsed=566s
progress: nodes=7,570,000,000 tested=0 found=0 n=498251498461414702719561 elapsed=567s
progress: nodes=7,580,000,000 tested=0 found=0 n=29454487957748690891901 elapsed=568s
progress: nodes=7,590,000,000 tested=0 found=0 n=97467280489758077872281 elapsed=569s
progress: nodes=7,600,000,000 tested=0 found=0 n=38305953711215240258439 elapsed=570s
progress: nodes=7,610,000,000 tested=0 found=0 n=2845305512826033281409 elapsed=570s
progress: nodes=7,620,000,000 tested=0 found=0 n=680470687083348765539397 elapsed=571s
progress: nodes=7,630,000,000 tested=0 found=0 n=879735634787703558278799 elapsed=572s
progress: nodes=7,640,000,000 tested=0 found=0 n=880982719301033363867391 elapsed=573s
progress: nodes=7,650,000,000 tested=0 found=0 n=270730590460789699594431 elapsed=574s
progress: nodes=7,660,000,000 tested=0 found=0 n=177091571020047783466059 elapsed=575s
progress: nodes=7,670,000,000 tested=0 found=0 n=427882756198304565952101 elapsed=576s
progress: nodes=7,680,000,000 tested=0 found=0 n=159108467744426074824411 elapsed=577s
progress: nodes=7,690,000,000 tested=0 found=0 n=62644368806132520265551 elapsed=577s
progress: nodes=7,700,000,000 tested=0 found=0 n=95169579794935331670369 elapsed=578s
progress: nodes=7,710,000,000 tested=0 found=0 n=183987421257817047548601 elapsed=579s
progress: nodes=7,720,000,000 tested=0 found=0 n=748438547496589723143447 elapsed=580s
progress: nodes=7,730,000,000 tested=0 found=0 n=752566040131334473725219 elapsed=580s
progress: nodes=7,740,000,000 tested=0 found=0 n=223138483438853122529697 elapsed=581s
progress: nodes=7,750,000,000 tested=0 found=0 n=399255109198568531638191 elapsed=582s
progress: nodes=7,760,000,000 tested=0 found=0 n=816953930109447959665683 elapsed=582s
progress: nodes=7,770,000,000 tested=0 found=0 n=280390368685504796022843 elapsed=583s
progress: nodes=7,780,000,000 tested=0 found=0 n=1670208535163158716033 elapsed=583s
progress: nodes=7,790,000,000 tested=0 found=0 n=877450408422246894361203 elapsed=584s
progress: nodes=7,800,000,000 tested=0 found=0 n=286143095877934645745703 elapsed=585s
progress: nodes=7,810,000,000 tested=0 found=0 n=842675592148148454287823 elapsed=586s
progress: nodes=7,820,000,000 tested=0 found=0 n=719121934431789026540787 elapsed=587s
progress: nodes=7,830,000,000 tested=0 found=0 n=975005021917026980724537 elapsed=587s
progress: nodes=7,840,000,000 tested=0 found=0 n=686049630668746123799943 elapsed=588s
progress: nodes=7,850,000,000 tested=0 found=0 n=815576063521168927796049 elapsed=589s
progress: nodes=7,860,000,000 tested=0 found=0 n=603150979227933275555031 elapsed=590s
progress: nodes=7,870,000,000 tested=0 found=0 n=880561391924673384711093 elapsed=591s
progress: nodes=7,880,000,000 tested=0 found=0 n=273219873704286928262613 elapsed=592s
progress: nodes=7,890,000,000 tested=0 found=0 n=203521485372244686293031 elapsed=593s
progress: nodes=7,900,000,000 tested=0 found=0 n=197917865309145245246829 elapsed=594s
progress: nodes=7,910,000,000 tested=0 found=0 n=556218733093240894149627 elapsed=594s
progress: nodes=7,920,000,000 tested=0 found=0 n=8456027577665219431803 elapsed=595s
progress: nodes=7,930,000,000 tested=0 found=0 n=440508174280207418780703 elapsed=595s
progress: nodes=7,940,000,000 tested=0 found=0 n=89685315528035890037067 elapsed=596s
progress: nodes=7,950,000,000 tested=0 found=0 n=411263121706039316745801 elapsed=597s
progress: nodes=7,960,000,000 tested=0 found=0 n=437024919478107999294333 elapsed=597s
progress: nodes=7,970,000,000 tested=0 found=0 n=2145673611684248089059 elapsed=598s
progress: nodes=7,980,000,000 tested=0 found=0 n=671902134496092338384007 elapsed=599s
progress: nodes=7,990,000,000 tested=0 found=0 n=967881444870794657376789 elapsed=600s
progress: nodes=8,000,000,000 tested=0 found=0 n=457092637407889243783407 elapsed=600s
progress: nodes=8,010,000,000 tested=0 found=0 n=864504058624507997764299 elapsed=601s
progress: nodes=8,020,000,000 tested=0 found=0 n=570504775941342288157419 elapsed=602s
progress: nodes=8,030,000,000 tested=0 found=0 n=181113270906897123266241 elapsed=603s
progress: nodes=8,040,000,000 tested=0 found=0 n=83156791892877834939423 elapsed=604s
progress: nodes=8,050,000,000 tested=0 found=0 n=165537402357711000336489 elapsed=605s
progress: nodes=8,060,000,000 tested=0 found=0 n=732211172599182908219973 elapsed=605s
progress: nodes=8,070,000,000 tested=0 found=0 n=799995270275156097927477 elapsed=606s
progress: nodes=8,080,000,000 tested=0 found=0 n=936684859097024529564303 elapsed=607s
progress: nodes=8,090,000,000 tested=0 found=0 n=920474738528894395985061 elapsed=607s
progress: nodes=8,100,000,000 tested=0 found=0 n=2126438267913080954217 elapsed=608s
progress: nodes=8,110,000,000 tested=0 found=0 n=954639079458912188669097 elapsed=609s
progress: nodes=8,120,000,000 tested=0 found=0 n=711015764724727698565791 elapsed=610s
progress: nodes=8,130,000,000 tested=0 found=0 n=945226582754482662527817 elapsed=610s
progress: nodes=8,140,000,000 tested=0 found=0 n=534345115552155172425699 elapsed=611s
progress: nodes=8,150,000,000 tested=0 found=0 n=794249585903076426312651 elapsed=612s
progress: nodes=8,160,000,000 tested=0 found=0 n=809104818794531789630331 elapsed=613s
progress: nodes=8,170,000,000 tested=0 found=0 n=72236466288293731739469 elapsed=614s
progress: nodes=8,180,000,000 tested=0 found=0 n=346223153784438892994571 elapsed=614s
progress: nodes=8,190,000,000 tested=0 found=0 n=70025522208642657151803 elapsed=615s
progress: nodes=8,200,000,000 tested=0 found=0 n=9982697222040226048827 elapsed=615s
progress: nodes=8,210,000,000 tested=0 found=0 n=976084884362486432312163 elapsed=616s
progress: nodes=8,220,000,000 tested=0 found=0 n=633319703353792916974359 elapsed=617s
progress: nodes=8,230,000,000 tested=0 found=0 n=2217023162256738349899 elapsed=618s
progress: nodes=8,240,000,000 tested=0 found=0 n=465768343281442324037607 elapsed=618s
progress: nodes=8,250,000,000 tested=0 found=0 n=258091693026732851130999 elapsed=619s
progress: nodes=8,260,000,000 tested=0 found=0 n=267571566339661173592233 elapsed=620s
progress: nodes=8,270,000,000 tested=0 found=0 n=418943409242365451060001 elapsed=621s
progress: nodes=8,280,000,000 tested=0 found=0 n=138904464373288107008823 elapsed=622s
progress: nodes=8,290,000,000 tested=0 found=0 n=648395539529982763868811 elapsed=622s
progress: nodes=8,300,000,000 tested=0 found=0 n=767226795437865915467469 elapsed=623s
progress: nodes=8,310,000,000 tested=0 found=0 n=18598770275498041120569 elapsed=623s
progress: nodes=8,320,000,000 tested=0 found=0 n=425648794210228282820049 elapsed=624s
progress: nodes=8,330,000,000 tested=0 found=0 n=260591203891649344730247 elapsed=625s
progress: nodes=8,340,000,000 tested=0 found=0 n=981049590999088260595407 elapsed=626s
progress: nodes=8,350,000,000 tested=0 found=0 n=206403209710957740476457 elapsed=626s
progress: nodes=8,360,000,000 tested=0 found=0 n=157086564243590975298921 elapsed=627s
progress: nodes=8,370,000,000 tested=0 found=0 n=83433951138497606222499 elapsed=628s
progress: nodes=8,380,000,000 tested=0 found=0 n=73757779531329913292889 elapsed=629s
progress: nodes=8,390,000,000 tested=0 found=0 n=565092846596405318538501 elapsed=630s
progress: nodes=8,400,000,000 tested=0 found=0 n=974169148722496918629669 elapsed=630s
progress: nodes=8,410,000,000 tested=0 found=0 n=375374649903456867478353 elapsed=631s
progress: nodes=8,420,000,000 tested=0 found=0 n=607761092121903703658367 elapsed=632s
progress: nodes=8,430,000,000 tested=0 found=0 n=499619503438126720346313 elapsed=633s
progress: nodes=8,440,000,000 tested=0 found=0 n=173396095409583304441029 elapsed=633s
progress: nodes=8,450,000,000 tested=0 found=0 n=857299352698222009133481 elapsed=634s
progress: nodes=8,460,000,000 tested=0 found=0 n=225682332015906744722667 elapsed=635s
progress: nodes=8,470,000,000 tested=0 found=0 n=308757978644981435685423 elapsed=636s
progress: nodes=8,480,000,000 tested=0 found=0 n=483203624097274479560007 elapsed=636s
progress: nodes=8,490,000,000 tested=0 found=0 n=242946655784029453880547 elapsed=637s
progress: nodes=8,500,000,000 tested=0 found=0 n=498081063196793426067333 elapsed=638s
progress: nodes=8,510,000,000 tested=0 found=0 n=717839404662349876049451 elapsed=639s
progress: nodes=8,520,000,000 tested=0 found=0 n=126420475362595083537021 elapsed=640s
progress: nodes=8,530,000,000 tested=0 found=0 n=172914795424588303285353 elapsed=640s
progress: nodes=8,540,000,000 tested=0 found=0 n=595460387075430880428579 elapsed=641s
progress: nodes=8,550,000,000 tested=0 found=0 n=55572352252351990776567 elapsed=642s
progress: nodes=8,560,000,000 tested=0 found=0 n=338112544658825302867809 elapsed=643s
progress: nodes=8,570,000,000 tested=0 found=0 n=826142737247604003786867 elapsed=643s
progress: nodes=8,580,000,000 tested=0 found=0 n=805154613775597411201953 elapsed=644s
progress: nodes=8,590,000,000 tested=0 found=0 n=270868591167828169419981 elapsed=645s
progress: nodes=8,600,000,000 tested=0 found=0 n=210491519387256349643709 elapsed=646s
progress: nodes=8,610,000,000 tested=0 found=0 n=160615198121730029216847 elapsed=647s
progress: nodes=8,620,000,000 tested=0 found=0 n=910088012612869815082743 elapsed=647s
progress: nodes=8,630,000,000 tested=0 found=0 n=396646355126657207670021 elapsed=648s
progress: nodes=8,640,000,000 tested=0 found=0 n=891713132334377285804487 elapsed=649s
progress: nodes=8,650,000,000 tested=0 found=0 n=277189870925346024819789 elapsed=650s
progress: nodes=8,660,000,000 tested=0 found=0 n=108092746009914775449417 elapsed=651s
progress: nodes=8,670,000,000 tested=0 found=0 n=884384843453495054084799 elapsed=651s
progress: nodes=8,680,000,000 tested=0 found=0 n=453374852494221467626509 elapsed=652s
progress: nodes=8,690,000,000 tested=0 found=0 n=462913847357483469513951 elapsed=653s
progress: nodes=8,700,000,000 tested=0 found=0 n=734981833217412104445891 elapsed=654s
progress: nodes=8,710,000,000 tested=0 found=0 n=627967605933980134058313 elapsed=655s
progress: nodes=8,720,000,000 tested=0 found=0 n=128177340431328348785163 elapsed=656s
progress: nodes=8,730,000,000 tested=0 found=0 n=968970950123644178260011 elapsed=656s
progress: nodes=8,740,000,000 tested=0 found=0 n=103854940536264729724143 elapsed=657s
progress: nodes=8,750,000,000 tested=0 found=0 n=30168496035032305399911 elapsed=658s
progress: nodes=8,760,000,000 tested=0 found=0 n=184791196239821732782683 elapsed=659s
progress: nodes=8,770,000,000 tested=0 found=0 n=133419131515420921619757 elapsed=660s
progress: nodes=8,780,000,000 tested=0 found=0 n=24844649121447279161499 elapsed=661s
progress: nodes=8,790,000,000 tested=0 found=0 n=647686681815237862798539 elapsed=661s
progress: nodes=8,800,000,000 tested=0 found=0 n=740265532962232153401063 elapsed=662s
progress: nodes=8,810,000,000 tested=0 found=0 n=512353124093928777717519 elapsed=663s
progress: nodes=8,820,000,000 tested=0 found=0 n=14843995257177971350389 elapsed=664s
progress: nodes=8,830,000,000 tested=0 found=0 n=290710333557623934801693 elapsed=664s
progress: nodes=8,840,000,000 tested=0 found=0 n=360923812580683998703827 elapsed=665s
progress: nodes=8,850,000,000 tested=0 found=0 n=842995632095087127820317 elapsed=666s
progress: nodes=8,860,000,000 tested=0 found=0 n=334763054083458134938881 elapsed=667s
progress: nodes=8,870,000,000 tested=0 found=0 n=26276410828098260227629 elapsed=667s
progress: nodes=8,880,000,000 tested=0 found=0 n=8271889760904823810449 elapsed=668s
progress: nodes=8,890,000,000 tested=0 found=0 n=596661848795649095017713 elapsed=668s
progress: nodes=8,900,000,000 tested=0 found=0 n=637656831610674341663043 elapsed=669s
progress: nodes=8,910,000,000 tested=0 found=0 n=78589819453424910288273 elapsed=670s
progress: nodes=8,920,000,000 tested=0 found=0 n=599383473669928999488591 elapsed=671s
progress: nodes=8,930,000,000 tested=0 found=0 n=247779217477472316183009 elapsed=672s
progress: nodes=8,940,000,000 tested=0 found=0 n=165233796035956672516569 elapsed=673s
progress: nodes=8,950,000,000 tested=0 found=0 n=641610381164634575854083 elapsed=674s
progress: nodes=8,960,000,000 tested=0 found=0 n=46436846518800172437849 elapsed=674s
progress: nodes=8,970,000,000 tested=0 found=0 n=829737569887583676060357 elapsed=675s
progress: nodes=8,980,000,000 tested=0 found=0 n=755971181676368941304637 elapsed=676s
progress: nodes=8,990,000,000 tested=0 found=0 n=363299772742981645050711 elapsed=677s
progress: nodes=9,000,000,000 tested=0 found=0 n=967795502696703762682293 elapsed=678s
progress: nodes=9,010,000,000 tested=0 found=0 n=16997736563006619566223 elapsed=679s
progress: nodes=9,020,000,000 tested=0 found=0 n=577545571539581415115653 elapsed=679s
progress: nodes=9,030,000,000 tested=0 found=0 n=60960243419504000268543 elapsed=680s
progress: nodes=9,040,000,000 tested=0 found=0 n=694588385174372131086567 elapsed=681s
progress: nodes=9,050,000,000 tested=0 found=0 n=586125469634009722780671 elapsed=682s
progress: nodes=9,060,000,000 tested=0 found=0 n=156159393450489486071091 elapsed=683s
progress: nodes=9,070,000,000 tested=0 found=0 n=2686120539992034922161 elapsed=684s
progress: nodes=9,080,000,000 tested=0 found=0 n=762031461434896169140239 elapsed=684s
progress: nodes=9,090,000,000 tested=0 found=0 n=370975779221127606986229 elapsed=685s
progress: nodes=9,100,000,000 tested=0 found=0 n=95389949085704506997379 elapsed=686s
progress: nodes=9,110,000,000 tested=0 found=0 n=43913936559553548414003 elapsed=687s
progress: nodes=9,120,000,000 tested=0 found=0 n=3729501780055652956509 elapsed=687s
progress: nodes=9,130,000,000 tested=0 found=0 n=959278421032409900702511 elapsed=688s
progress: nodes=9,140,000,000 tested=0 found=0 n=830268654786295902520497 elapsed=689s
progress: nodes=9,150,000,000 tested=0 found=0 n=116268209477044495259697 elapsed=689s
progress: nodes=9,160,000,000 tested=0 found=0 n=453450141734443077703941 elapsed=690s
progress: nodes=9,170,000,000 tested=0 found=0 n=605355859905237988065981 elapsed=691s
progress: nodes=9,180,000,000 tested=0 found=0 n=168321188247876156894093 elapsed=692s
progress: nodes=9,190,000,000 tested=0 found=0 n=283961504491481565937881 elapsed=692s
progress: nodes=9,200,000,000 tested=0 found=0 n=873068939946031423513149 elapsed=693s
progress: nodes=9,210,000,000 tested=0 found=0 n=235636199061822724734261 elapsed=694s
progress: nodes=9,220,000,000 tested=0 found=0 n=8482357572353443049733 elapsed=695s
progress: nodes=9,230,000,000 tested=0 found=0 n=500185045934302615496379 elapsed=695s
progress: nodes=9,240,000,000 tested=0 found=0 n=12329909990051277009771 elapsed=696s
progress: nodes=9,250,000,000 tested=0 found=0 n=593292397446798442878177 elapsed=697s
progress: nodes=9,260,000,000 tested=0 found=0 n=328461471616010262890283 elapsed=697s
progress: nodes=9,270,000,000 tested=0 found=0 n=304458804630912352533651 elapsed=698s
progress: nodes=9,280,000,000 tested=0 found=0 n=59810680632539888626113 elapsed=699s
progress: nodes=9,290,000,000 tested=0 found=0 n=251837586677499638277231 elapsed=700s
progress: nodes=9,300,000,000 tested=0 found=0 n=1432907591165694409689 elapsed=701s
progress: nodes=9,310,000,000 tested=0 found=0 n=570456794706631278130377 elapsed=702s
progress: nodes=9,320,000,000 tested=0 found=0 n=99643202475309669627297 elapsed=702s
progress: nodes=9,330,000,000 tested=0 found=0 n=607343204013781891415067 elapsed=703s
progress: nodes=9,340,000,000 tested=0 found=0 n=79662087122260435907499 elapsed=704s
progress: nodes=9,350,000,000 tested=0 found=0 n=15130785913817093737371 elapsed=705s
progress: nodes=9,360,000,000 tested=0 found=0 n=429349381024320080570169 elapsed=705s
progress: nodes=9,370,000,000 tested=0 found=0 n=307295521020973293907329 elapsed=706s

done in 706.5s | nodes=9,372,740,167 | tested=0 | weird=0
