search v2: odd=True, N_CAP=1.00e+24, DELTA_MAX=1.0e+07, MIN_DEPTH=6
SPF shard: smallest prime factor = 3
P2 sub-shard: second prime factor = 5
P3 sub-sub-shard: third prime factor = 13
progress: nodes=10,000,000 tested=0 found=0 n=73850424461736852515625 elapsed=24s
progress: nodes=20,000,000 tested=0 found=0 n=153997107706095708234375 elapsed=65s
progress: nodes=30,000,000 tested=0 found=0 n=236421396238257339890625 elapsed=107s
progress: nodes=40,000,000 tested=0 found=0 n=320332620683368001109375 elapsed=150s
progress: nodes=50,000,000 tested=0 found=0 n=405339420193435813921875 elapsed=194s
progress: nodes=60,000,000 tested=0 found=0 n=491222686195516635140625 elapsed=241s
progress: nodes=70,000,000 tested=0 found=0 n=577835382502280201203125 elapsed=288s
progress: nodes=80,000,000 tested=0 found=0 n=665070153525450034171875 elapsed=335s
progress: nodes=90,000,000 tested=0 found=0 n=752852161787314228453125 elapsed=380s
progress: nodes=100,000,000 tested=0 found=0 n=841116870583231936078125 elapsed=425s
progress: nodes=110,000,000 tested=0 found=0 n=929819219397723352546875 elapsed=471s
progress: nodes=120,000,000 tested=0 found=0 n=14394086506595785640625 elapsed=508s
progress: nodes=130,000,000 tested=0 found=0 n=90955271388860305171875 elapsed=541s
progress: nodes=140,000,000 tested=0 found=0 n=171705272023995125203125 elapsed=584s
progress: nodes=150,000,000 tested=0 found=0 n=254498713574307818484375 elapsed=628s
progress: nodes=160,000,000 tested=0 found=0 n=338673632410945426359375 elapsed=672s
progress: nodes=170,000,000 tested=0 found=0 n=423888763411760844234375 elapsed=716s
progress: nodes=180,000,000 tested=0 found=0 n=509952722037311549953125 elapsed=760s
progress: nodes=190,000,000 tested=0 found=0 n=596711846136033475453125 elapsed=805s
progress: nodes=200,000,000 tested=0 found=0 n=684070406695887838453125 elapsed=851s
progress: nodes=210,000,000 tested=0 found=0 n=771965585087624118140625 elapsed=898s
progress: nodes=220,000,000 tested=0 found=0 n=860329123167658542328125 elapsed=945s
progress: nodes=230,000,000 tested=0 found=0 n=949112611074899298421875 elapsed=992s
progress: nodes=240,000,000 tested=0 found=0 n=30326928955062167390625 elapsed=1020s
progress: nodes=250,000,000 tested=0 found=0 n=108244396664541318796875 elapsed=1059s
progress: nodes=260,000,000 tested=0 found=0 n=189533539956360744421875 elapsed=1100s
progress: nodes=270,000,000 tested=0 found=0 n=272667362027875192828125 elapsed=1143s
progress: nodes=280,000,000 tested=0 found=0 n=357093063393558644953125 elapsed=1188s
progress: nodes=290,000,000 tested=0 found=0 n=442502111411097351046875 elapsed=1234s
progress: nodes=300,000,000 tested=0 found=0 n=528726916623759989484375 elapsed=1280s
progress: nodes=310,000,000 tested=0 found=0 n=615621845996555179640625 elapsed=1325s
progress: nodes=320,000,000 tested=0 found=0 n=703110284894508149953125 elapsed=1371s
progress: nodes=330,000,000 tested=0 found=0 n=791112547987230062953125 elapsed=1416s
progress: nodes=340,000,000 tested=0 found=0 n=879572243138289116203125 elapsed=1461s
progress: nodes=350,000,000 tested=0 found=0 n=968449980566716385765625 elapsed=1510s
progress: nodes=360,000,000 tested=0 found=0 n=46770504940369824046875 elapsed=1537s
progress: nodes=370,000,000 tested=0 found=0 n=125695162118436151921875 elapsed=1578s
progress: nodes=380,000,000 tested=0 found=0 n=207457072275303350296875 elapsed=1620s
progress: nodes=390,000,000 tested=0 found=0 n=290905595024142956203125 elapsed=1663s
progress: nodes=400,000,000 tested=0 found=0 n=375572363427636860671875 elapsed=1707s
progress: nodes=410,000,000 tested=0 found=0 n=461166874734415376109375 elapsed=1751s
progress: nodes=420,000,000 tested=0 found=0 n=547554827496847597171875 elapsed=1796s
progress: nodes=430,000,000 tested=0 found=0 n=634580012154264489421875 elapsed=1843s
progress: nodes=440,000,000 tested=1 found=0 n=722188321868416493390625 elapsed=1890s
progress: nodes=450,000,000 tested=1 found=0 n=810300720477236645109375 elapsed=1936s
progress: nodes=460,000,000 tested=1 found=0 n=898852036855937453859375 elapsed=1981s
progress: nodes=470,000,000 tested=1 found=0 n=987818685083253546046875 elapsed=2028s
progress: nodes=480,000,000 tested=1 found=0 n=63566955790770321703125 elapsed=2052s
progress: nodes=490,000,000 tested=1 found=0 n=143302051622668771828125 elapsed=2092s
progress: nodes=500,000,000 tested=1 found=0 n=225508603771006578140625 elapsed=2135s
progress: nodes=510,000,000 tested=1 found=0 n=309263940408063897140625 elapsed=2180s
progress: nodes=520,000,000 tested=1 found=0 n=394158618560600022796875 elapsed=2225s
progress: nodes=530,000,000 tested=1 found=0 n=479951123285338403765625 elapsed=2269s
progress: nodes=540,000,000 tested=1 found=0 n=566490311923040488546875 elapsed=2314s
progress: nodes=550,000,000 tested=1 found=0 n=653665591458211664109375 elapsed=2359s
progress: nodes=560,000,000 tested=1 found=0 n=53446189773031071046875 elapsed=2384s
progress: nodes=570,000,000 tested=1 found=0 n=132724948225276077328125 elapsed=2425s
progress: nodes=580,000,000 tested=1 found=0 n=214682964778689554671875 elapsed=2468s
progress: nodes=590,000,000 tested=3 found=0 n=298267130628778561453125 elapsed=2513s
progress: nodes=600,000,000 tested=3 found=0 n=383037018813377243859375 elapsed=2557s
progress: nodes=610,000,000 tested=3 found=0 n=468729895548203930671875 elapsed=2601s
progress: nodes=620,000,000 tested=3 found=0 n=9218095707316280484375 elapsed=2639s
progress: nodes=630,000,000 tested=3 found=0 n=85193046776961697640625 elapsed=2668s
progress: nodes=640,000,000 tested=3 found=0 n=165774631321700781046875 elapsed=2709s
progress: nodes=650,000,000 tested=4 found=0 n=248472458632212455671875 elapsed=2751s
progress: nodes=660,000,000 tested=4 found=0 n=332586294089866462546875 elapsed=2794s
progress: nodes=670,000,000 tested=4 found=0 n=417761078476807338609375 elapsed=2839s
progress: nodes=680,000,000 tested=4 found=0 n=51333902395369646203125 elapsed=2865s
progress: nodes=690,000,000 tested=4 found=0 n=130515756537758419546875 elapsed=2905s
progress: nodes=700,000,000 tested=5 found=0 n=212434694613902791265625 elapsed=2949s
progress: nodes=710,000,000 tested=5 found=0 n=295991717982189183703125 elapsed=2992s
progress: nodes=720,000,000 tested=5 found=0 n=380740785396776051203125 elapsed=3036s
progress: nodes=730,000,000 tested=5 found=0 n=73545815699792336671875 elapsed=3060s
progress: nodes=740,000,000 tested=5 found=0 n=153712004178575442234375 elapsed=3103s
progress: nodes=750,000,000 tested=6 found=0 n=236164825722991217203125 elapsed=3146s
progress: nodes=760,000,000 tested=6 found=0 n=320103573971873666203125 elapsed=3190s
progress: nodes=770,000,000 tested=6 found=0 n=31738243843897203234375 elapsed=3216s
progress: nodes=780,000,000 tested=6 found=0 n=109790643904548313078125 elapsed=3256s
progress: nodes=790,000,000 tested=7 found=0 n=191163291807557191078125 elapsed=3297s
progress: nodes=800,000,000 tested=7 found=0 n=274365910862880742546875 elapsed=3340s
progress: nodes=810,000,000 tested=7 found=0 n=56007303770734076109375 elapsed=3366s
progress: nodes=820,000,000 tested=7 found=0 n=135430268406462075515625 elapsed=3407s
progress: nodes=830,000,000 tested=8 found=0 n=217479700569894817640625 elapsed=3450s
progress: nodes=840,000,000 tested=8 found=0 n=12659273174579519109375 elapsed=3486s
progress: nodes=850,000,000 tested=8 found=0 n=89079423406043427703125 elapsed=3517s
progress: nodes=860,000,000 tested=8 found=0 n=169819365216486928921875 elapsed=3558s
progress: nodes=870,000,000 tested=8 found=0 n=10734020023753974796875 elapsed=3593s

done in 3600.0s | nodes=874,065,920 | tested=8 | weird=0
