search v2: odd=True, N_CAP=1.00e+24, DELTA_MAX=1.0e+07
SPF shard: smallest prime factor = 3
P2 sub-shard: second prime factor = 17
progress: nodes=10,000,000 tested=0 found=0 n=424491192503357923430343 elapsed=1s
progress: nodes=20,000,000 tested=0 found=0 n=294278249965711968777087 elapsed=2s
progress: nodes=30,000,000 tested=0 found=0 n=828153860212240951010409 elapsed=4s
progress: nodes=40,000,000 tested=0 found=0 n=31002603915830494886901 elapsed=5s
progress: nodes=50,000,000 tested=0 found=0 n=372610476110036911305681 elapsed=6s
progress: nodes=60,000,000 tested=0 found=0 n=540362582289070469335683 elapsed=7s
progress: nodes=70,000,000 tested=0 found=0 n=474990167810493766208511 elapsed=8s
progress: nodes=80,000,000 tested=0 found=0 n=21102889000431324734163 elapsed=9s
progress: nodes=90,000,000 tested=0 found=0 n=8115475128001340551227 elapsed=10s
progress: nodes=100,000,000 tested=0 found=0 n=136226229077149622908317 elapsed=11s
progress: nodes=110,000,000 tested=0 found=0 n=591217616721158182871307 elapsed=12s
progress: nodes=120,000,000 tested=0 found=0 n=494169503969135602468557 elapsed=13s
progress: nodes=130,000,000 tested=0 found=0 n=635961165016698174508839 elapsed=14s
progress: nodes=140,000,000 tested=0 found=0 n=753934930978916457513513 elapsed=15s
progress: nodes=150,000,000 tested=0 found=0 n=671179285373894373029193 elapsed=16s
progress: nodes=160,000,000 tested=0 found=0 n=2554289688558972620313 elapsed=17s
progress: nodes=170,000,000 tested=0 found=0 n=707919034493397002841603 elapsed=18s
progress: nodes=180,000,000 tested=0 found=0 n=820035978091124381057511 elapsed=19s
progress: nodes=190,000,000 tested=0 found=0 n=265885541374460765103603 elapsed=20s
progress: nodes=200,000,000 tested=0 found=0 n=246036591875969497900881 elapsed=21s
progress: nodes=210,000,000 tested=0 found=0 n=7218705234644002308879 elapsed=22s
progress: nodes=220,000,000 tested=0 found=0 n=313338060888328648285137 elapsed=23s
progress: nodes=230,000,000 tested=0 found=0 n=980495604847434970404261 elapsed=24s
progress: nodes=240,000,000 tested=0 found=0 n=826604986082874897483243 elapsed=25s
progress: nodes=250,000,000 tested=0 found=0 n=882011111991723981835461 elapsed=26s
progress: nodes=260,000,000 tested=0 found=0 n=957402076162091424917967 elapsed=27s
progress: nodes=270,000,000 tested=0 found=0 n=685498840242289606888947 elapsed=28s
progress: nodes=280,000,000 tested=0 found=0 n=3559088960893400150943 elapsed=29s
progress: nodes=290,000,000 tested=0 found=0 n=458421171864492082138371 elapsed=29s
progress: nodes=300,000,000 tested=0 found=0 n=112886180349228473050719 elapsed=30s
progress: nodes=310,000,000 tested=0 found=0 n=287233777485773361481599 elapsed=31s
progress: nodes=320,000,000 tested=0 found=0 n=48553502388592333633947 elapsed=32s
progress: nodes=330,000,000 tested=0 found=0 n=412595638120032948464787 elapsed=33s
progress: nodes=340,000,000 tested=0 found=0 n=24156819986573074691673 elapsed=34s
progress: nodes=350,000,000 tested=0 found=0 n=70073072855792257555323 elapsed=35s
progress: nodes=360,000,000 tested=0 found=0 n=9340703828266912247691 elapsed=36s
progress: nodes=370,000,000 tested=0 found=0 n=459065046377842293434589 elapsed=37s
progress: nodes=380,000,000 tested=0 found=0 n=117797815970408074729491 elapsed=38s
progress: nodes=390,000,000 tested=0 found=0 n=466713547072059898296999 elapsed=39s
progress: nodes=400,000,000 tested=0 found=0 n=925189322570223262459749 elapsed=40s
progress: nodes=410,000,000 tested=0 found=0 n=13744492456772183572359 elapsed=41s
progress: nodes=420,000,000 tested=0 found=0 n=530860694126750601120477 elapsed=42s
progress: nodes=430,000,000 tested=0 found=0 n=91182596696291445098463 elapsed=43s
progress: nodes=440,000,000 tested=0 found=0 n=36609342572899058787801 elapsed=44s
progress: nodes=450,000,000 tested=0 found=0 n=488459589570311193709731 elapsed=45s
progress: nodes=460,000,000 tested=0 found=0 n=20155868010819199370043 elapsed=46s
progress: nodes=470,000,000 tested=0 found=0 n=535142434135227073647669 elapsed=47s
progress: nodes=480,000,000 tested=0 found=0 n=813271559959550891336427 elapsed=48s
progress: nodes=490,000,000 tested=0 found=0 n=876931635934033744180581 elapsed=49s
progress: nodes=500,000,000 tested=0 found=0 n=879958592793947142298521 elapsed=50s
progress: nodes=510,000,000 tested=0 found=0 n=222709556333172764753757 elapsed=51s
progress: nodes=520,000,000 tested=0 found=0 n=327871433517722187002937 elapsed=52s
progress: nodes=530,000,000 tested=0 found=0 n=901671456472777153756809 elapsed=53s
progress: nodes=540,000,000 tested=0 found=0 n=7237518476457860328411 elapsed=54s
progress: nodes=550,000,000 tested=0 found=0 n=632792497498643524420449 elapsed=55s
progress: nodes=560,000,000 tested=0 found=0 n=391874473228560112957401 elapsed=56s
progress: nodes=570,000,000 tested=0 found=0 n=405751895831760545369439 elapsed=57s
progress: nodes=580,000,000 tested=0 found=0 n=39191117915958432811533 elapsed=58s
progress: nodes=590,000,000 tested=0 found=0 n=11203232137864941795813 elapsed=59s
progress: nodes=600,000,000 tested=0 found=0 n=499801920798509934832701 elapsed=60s
progress: nodes=610,000,000 tested=0 found=0 n=842169322129181636649069 elapsed=61s
progress: nodes=620,000,000 tested=0 found=0 n=13020997344772220813817 elapsed=62s
progress: nodes=630,000,000 tested=0 found=0 n=328885030998716795013231 elapsed=63s
progress: nodes=640,000,000 tested=0 found=0 n=691972038014996879349273 elapsed=64s
progress: nodes=650,000,000 tested=0 found=0 n=82757944441200016030527 elapsed=65s
progress: nodes=660,000,000 tested=0 found=0 n=326853381927992974728813 elapsed=66s
progress: nodes=670,000,000 tested=0 found=0 n=545727463672219392365343 elapsed=67s
progress: nodes=680,000,000 tested=0 found=0 n=151663000223269185665031 elapsed=68s
progress: nodes=690,000,000 tested=0 found=0 n=959258531630065366010043 elapsed=69s
progress: nodes=700,000,000 tested=0 found=0 n=303661820446180305782499 elapsed=70s
progress: nodes=710,000,000 tested=0 found=0 n=656861233096277365486023 elapsed=71s
progress: nodes=720,000,000 tested=0 found=0 n=725789929051407792779523 elapsed=72s
progress: nodes=730,000,000 tested=0 found=0 n=36152824015323494015139 elapsed=73s
progress: nodes=740,000,000 tested=0 found=0 n=239833545021842288525703 elapsed=74s
progress: nodes=750,000,000 tested=0 found=0 n=988910169318978323183127 elapsed=75s
progress: nodes=760,000,000 tested=0 found=0 n=114640963514097991939737 elapsed=75s
progress: nodes=770,000,000 tested=0 found=0 n=508630486555944688907331 elapsed=76s
progress: nodes=780,000,000 tested=0 found=0 n=349375512278427184385487 elapsed=77s
progress: nodes=790,000,000 tested=0 found=0 n=256694198305253923141227 elapsed=78s
progress: nodes=800,000,000 tested=0 found=0 n=435076383915598196097297 elapsed=79s
progress: nodes=810,000,000 tested=0 found=0 n=777594638134912391319231 elapsed=80s
progress: nodes=820,000,000 tested=0 found=0 n=931664591819843421504357 elapsed=81s
progress: nodes=830,000,000 tested=0 found=0 n=770917606962300362138967 elapsed=82s
progress: nodes=840,000,000 tested=0 found=0 n=357933779215603958492847 elapsed=83s
progress: nodes=850,000,000 tested=0 found=0 n=673681682965643182942227 elapsed=84s
progress: nodes=860,000,000 tested=0 found=0 n=731547749793728867018589 elapsed=85s
progress: nodes=870,000,000 tested=0 found=0 n=780341250202417356232419 elapsed=86s
progress: nodes=880,000,000 tested=0 found=0 n=370952402655727183098609 elapsed=87s
progress: nodes=890,000,000 tested=0 found=0 n=193033658185215802310007 elapsed=88s
progress: nodes=900,000,000 tested=0 found=0 n=526888127908658362220307 elapsed=89s
progress: nodes=910,000,000 tested=0 found=0 n=239695956588597379155711 elapsed=90s
progress: nodes=920,000,000 tested=0 found=0 n=6598027121419395872559 elapsed=91s
progress: nodes=930,000,000 tested=0 found=0 n=77595897539104778499507 elapsed=92s
progress: nodes=940,000,000 tested=0 found=0 n=856213005099841504605873 elapsed=93s
progress: nodes=950,000,000 tested=0 found=0 n=730424549104734105829521 elapsed=94s
progress: nodes=960,000,000 tested=0 found=0 n=942923281416550677170523 elapsed=94s
progress: nodes=970,000,000 tested=0 found=0 n=545308347002744041564797 elapsed=95s
progress: nodes=980,000,000 tested=0 found=0 n=338716159023779006682213 elapsed=96s
progress: nodes=990,000,000 tested=0 found=0 n=4979487793190344728471 elapsed=97s
progress: nodes=1,000,000,000 tested=0 found=0 n=839877094105605238457781 elapsed=98s
progress: nodes=1,010,000,000 tested=0 found=0 n=359534103480993823532793 elapsed=99s
progress: nodes=1,020,000,000 tested=0 found=0 n=70663497125640917365719 elapsed=100s
progress: nodes=1,030,000,000 tested=0 found=0 n=993968684527896102891933 elapsed=101s
progress: nodes=1,040,000,000 tested=0 found=0 n=194149187261199277638093 elapsed=102s
progress: nodes=1,050,000,000 tested=0 found=0 n=35267701648239109689309 elapsed=103s
progress: nodes=1,060,000,000 tested=0 found=0 n=36847489100830577832933 elapsed=104s
progress: nodes=1,070,000,000 tested=0 found=0 n=770635448012981213864073 elapsed=105s
progress: nodes=1,080,000,000 tested=0 found=0 n=8957394964085749448391 elapsed=106s
progress: nodes=1,090,000,000 tested=0 found=0 n=64608432848233504468839 elapsed=107s
progress: nodes=1,100,000,000 tested=0 found=0 n=164776233957005282808771 elapsed=108s
progress: nodes=1,110,000,000 tested=0 found=0 n=159153156686503007676657 elapsed=109s
progress: nodes=1,120,000,000 tested=0 found=0 n=122743308198744177238467 elapsed=110s
progress: nodes=1,130,000,000 tested=0 found=0 n=29766599424124650993627 elapsed=111s
progress: nodes=1,140,000,000 tested=0 found=0 n=485198078341496282500833 elapsed=112s
progress: nodes=1,150,000,000 tested=0 found=0 n=587864306266264464373791 elapsed=112s
progress: nodes=1,160,000,000 tested=0 found=0 n=457787269217903482758123 elapsed=113s
progress: nodes=1,170,000,000 tested=0 found=0 n=579044297419287559858953 elapsed=114s
progress: nodes=1,180,000,000 tested=0 found=0 n=996207404103400846773267 elapsed=115s
progress: nodes=1,190,000,000 tested=0 found=0 n=81967262293771762229199 elapsed=116s
progress: nodes=1,200,000,000 tested=0 found=0 n=126588171590708880126861 elapsed=117s
progress: nodes=1,210,000,000 tested=0 found=0 n=269790647323066443278181 elapsed=118s
progress: nodes=1,220,000,000 tested=0 found=0 n=632468842377310149015501 elapsed=119s
progress: nodes=1,230,000,000 tested=0 found=0 n=64365089805369795331179 elapsed=120s
progress: nodes=1,240,000,000 tested=0 found=0 n=118070447962693419308979 elapsed=121s
progress: nodes=1,250,000,000 tested=0 found=0 n=827885502082606772051271 elapsed=122s
progress: nodes=1,260,000,000 tested=0 found=0 n=56595293536357411924527 elapsed=123s
progress: nodes=1,270,000,000 tested=0 found=0 n=925022474150531155839819 elapsed=124s
progress: nodes=1,280,000,000 tested=0 found=0 n=273927623714109422361567 elapsed=125s
progress: nodes=1,290,000,000 tested=0 found=0 n=12756078382726003447593 elapsed=126s
progress: nodes=1,300,000,000 tested=0 found=0 n=511780629861218360165931 elapsed=127s
progress: nodes=1,310,000,000 tested=0 found=0 n=746526354868805004821871 elapsed=128s
progress: nodes=1,320,000,000 tested=0 found=0 n=532730633350631029394697 elapsed=129s
progress: nodes=1,330,000,000 tested=0 found=0 n=968471637967855396218483 elapsed=130s
progress: nodes=1,340,000,000 tested=0 found=0 n=91087817866686953628867 elapsed=131s
progress: nodes=1,350,000,000 tested=0 found=0 n=562515283237944770346339 elapsed=132s
progress: nodes=1,360,000,000 tested=0 found=0 n=13169435692860626095107 elapsed=133s
progress: nodes=1,370,000,000 tested=0 found=0 n=943192785309323454817173 elapsed=134s
progress: nodes=1,380,000,000 tested=0 found=0 n=398383471440573135008589 elapsed=135s
progress: nodes=1,390,000,000 tested=0 found=0 n=530440056064603622698983 elapsed=135s
progress: nodes=1,400,000,000 tested=0 found=0 n=94088397992607559436823 elapsed=136s
progress: nodes=1,410,000,000 tested=0 found=0 n=764770721343728011092567 elapsed=137s
progress: nodes=1,420,000,000 tested=0 found=0 n=684187997927511605151933 elapsed=138s
progress: nodes=1,430,000,000 tested=0 found=0 n=19454444811187843969269 elapsed=139s
progress: nodes=1,440,000,000 tested=0 found=0 n=680022277816784033721663 elapsed=140s
progress: nodes=1,450,000,000 tested=0 found=0 n=859762101608889605782389 elapsed=141s
progress: nodes=1,460,000,000 tested=0 found=0 n=744342650118886232847177 elapsed=142s
progress: nodes=1,470,000,000 tested=0 found=0 n=669390982777987450509231 elapsed=143s
progress: nodes=1,480,000,000 tested=0 found=0 n=379460821683799249382223 elapsed=144s
progress: nodes=1,490,000,000 tested=0 found=0 n=587124509633639688609207 elapsed=145s
progress: nodes=1,500,000,000 tested=0 found=0 n=271060793366293118505591 elapsed=146s
progress: nodes=1,510,000,000 tested=0 found=0 n=989492738879891408299299 elapsed=147s
progress: nodes=1,520,000,000 tested=0 found=0 n=387642673529422753610979 elapsed=148s
progress: nodes=1,530,000,000 tested=0 found=0 n=740165869253134600298937 elapsed=149s
progress: nodes=1,540,000,000 tested=0 found=0 n=964529542664215321952241 elapsed=149s
progress: nodes=1,550,000,000 tested=0 found=0 n=591662181934905362652681 elapsed=150s
progress: nodes=1,560,000,000 tested=0 found=0 n=650387414139624250609761 elapsed=151s
progress: nodes=1,570,000,000 tested=0 found=0 n=55545359408748241547769 elapsed=152s
progress: nodes=1,580,000,000 tested=0 found=0 n=551894639092321670050293 elapsed=153s
progress: nodes=1,590,000,000 tested=0 found=0 n=274135837233868336874223 elapsed=154s
progress: nodes=1,600,000,000 tested=0 found=0 n=37829230542071611294167 elapsed=155s
progress: nodes=1,610,000,000 tested=0 found=0 n=788753847667191275621151 elapsed=156s
progress: nodes=1,620,000,000 tested=0 found=0 n=855311734339782531838497 elapsed=157s
progress: nodes=1,630,000,000 tested=0 found=0 n=604748539905523186739967 elapsed=158s
progress: nodes=1,640,000,000 tested=0 found=0 n=157536756504446537247327 elapsed=159s
progress: nodes=1,650,000,000 tested=0 found=0 n=26487841282248988307439 elapsed=160s
progress: nodes=1,660,000,000 tested=0 found=0 n=876162136956299340845949 elapsed=161s
progress: nodes=1,670,000,000 tested=0 found=0 n=553048414304958856438857 elapsed=162s
progress: nodes=1,680,000,000 tested=0 found=0 n=240260281215838423346853 elapsed=163s
progress: nodes=1,690,000,000 tested=0 found=0 n=964953226822120940878011 elapsed=164s
progress: nodes=1,700,000,000 tested=0 found=0 n=325949670390186919600281 elapsed=165s
progress: nodes=1,710,000,000 tested=0 found=0 n=364816920844112831628399 elapsed=166s
progress: nodes=1,720,000,000 tested=0 found=0 n=799635100844638956692493 elapsed=167s
progress: nodes=1,730,000,000 tested=0 found=0 n=914308997842428109217397 elapsed=167s
progress: nodes=1,740,000,000 tested=0 found=0 n=36708592185853322398659 elapsed=168s
progress: nodes=1,750,000,000 tested=0 found=0 n=569637733859899119433341 elapsed=169s
progress: nodes=1,760,000,000 tested=0 found=0 n=53111177074784494789947 elapsed=170s
progress: nodes=1,770,000,000 tested=0 found=0 n=186101121737567119403763 elapsed=171s
progress: nodes=1,780,000,000 tested=0 found=0 n=476387377152007730137731 elapsed=172s
progress: nodes=1,790,000,000 tested=0 found=0 n=114873838692907713025293 elapsed=173s
progress: nodes=1,800,000,000 tested=0 found=0 n=27380707040109127231377 elapsed=174s
progress: nodes=1,810,000,000 tested=0 found=0 n=394208885482515405410697 elapsed=175s
progress: nodes=1,820,000,000 tested=0 found=0 n=515301370100908031784987 elapsed=176s
progress: nodes=1,830,000,000 tested=0 found=0 n=580257020300359431441609 elapsed=177s
progress: nodes=1,840,000,000 tested=0 found=0 n=702670319008892438286681 elapsed=178s
progress: nodes=1,850,000,000 tested=0 found=0 n=318691572632848172570193 elapsed=179s
progress: nodes=1,860,000,000 tested=0 found=0 n=192114996587461504519623 elapsed=180s
progress: nodes=1,870,000,000 tested=0 found=0 n=410270157638701983208629 elapsed=181s
progress: nodes=1,880,000,000 tested=0 found=0 n=147608110194018061041819 elapsed=182s
progress: nodes=1,890,000,000 tested=0 found=0 n=100972120108863161040633 elapsed=183s
progress: nodes=1,900,000,000 tested=0 found=0 n=318733396017674204538117 elapsed=184s
progress: nodes=1,910,000,000 tested=0 found=0 n=71934501555015518282121 elapsed=185s
progress: nodes=1,920,000,000 tested=0 found=0 n=673699530628103251172211 elapsed=186s
progress: nodes=1,930,000,000 tested=0 found=0 n=348941460450128465340513 elapsed=187s
progress: nodes=1,940,000,000 tested=0 found=0 n=68352811268322105527031 elapsed=188s
progress: nodes=1,950,000,000 tested=0 found=0 n=411331738892050892843217 elapsed=189s
progress: nodes=1,960,000,000 tested=0 found=0 n=201783247725157221154509 elapsed=190s
progress: nodes=1,970,000,000 tested=0 found=0 n=230770301014074957651 elapsed=191s
progress: nodes=1,980,000,000 tested=0 found=0 n=61530151470377722205859 elapsed=192s
progress: nodes=1,990,000,000 tested=0 found=0 n=26323706694976875939159 elapsed=193s
progress: nodes=2,000,000,000 tested=0 found=0 n=336055932375085085192937 elapsed=194s
progress: nodes=2,010,000,000 tested=0 found=0 n=153948271615026166021851 elapsed=195s
progress: nodes=2,020,000,000 tested=0 found=0 n=816935667932466501627051 elapsed=196s
progress: nodes=2,030,000,000 tested=0 found=0 n=765557953103295299701323 elapsed=197s
progress: nodes=2,040,000,000 tested=0 found=0 n=768962915560181323685601 elapsed=198s
progress: nodes=2,050,000,000 tested=0 found=0 n=625000765223444169050721 elapsed=199s
progress: nodes=2,060,000,000 tested=0 found=0 n=173909593414705727821653 elapsed=200s
progress: nodes=2,070,000,000 tested=0 found=0 n=664336753243307744796153 elapsed=201s
progress: nodes=2,080,000,000 tested=0 found=0 n=53597706676618506287553 elapsed=201s
progress: nodes=2,090,000,000 tested=0 found=0 n=145134644964755339698317 elapsed=202s
progress: nodes=2,100,000,000 tested=0 found=0 n=174685866472852784100063 elapsed=203s
progress: nodes=2,110,000,000 tested=0 found=0 n=108367619892292954779309 elapsed=204s
progress: nodes=2,120,000,000 tested=0 found=0 n=195902968071971264158629 elapsed=205s
progress: nodes=2,130,000,000 tested=0 found=0 n=830400843406808182274253 elapsed=206s
progress: nodes=2,140,000,000 tested=0 found=0 n=243392972187688810031673 elapsed=207s
progress: nodes=2,150,000,000 tested=0 found=0 n=928497461834683894437261 elapsed=208s
progress: nodes=2,160,000,000 tested=0 found=0 n=192236353953738781306437 elapsed=209s
progress: nodes=2,170,000,000 tested=0 found=0 n=38239123593836045836287 elapsed=210s
progress: nodes=2,180,000,000 tested=0 found=0 n=380139738546446597671263 elapsed=211s
progress: nodes=2,190,000,000 tested=0 found=0 n=184332988793882657781189 elapsed=212s
progress: nodes=2,200,000,000 tested=0 found=0 n=940872979206726905244123 elapsed=213s
progress: nodes=2,210,000,000 tested=0 found=0 n=268780889534779393829523 elapsed=214s
progress: nodes=2,220,000,000 tested=0 found=0 n=3773614333015001859777 elapsed=215s
progress: nodes=2,230,000,000 tested=0 found=0 n=67503949023727081765881 elapsed=216s
progress: nodes=2,240,000,000 tested=0 found=0 n=269033290445842160267691 elapsed=217s
progress: nodes=2,250,000,000 tested=0 found=0 n=194582190066685733246301 elapsed=218s
progress: nodes=2,260,000,000 tested=0 found=0 n=676572051704930044658361 elapsed=219s
progress: nodes=2,270,000,000 tested=0 found=0 n=33988187731486407903261 elapsed=220s
progress: nodes=2,280,000,000 tested=0 found=0 n=531811084788337670004771 elapsed=221s
progress: nodes=2,290,000,000 tested=0 found=0 n=857786065796586378828699 elapsed=222s
progress: nodes=2,300,000,000 tested=0 found=0 n=559015773493605713930907 elapsed=223s
progress: nodes=2,310,000,000 tested=0 found=0 n=71041401151099477585173 elapsed=224s
progress: nodes=2,320,000,000 tested=0 found=0 n=862530988606403434443999 elapsed=225s
progress: nodes=2,330,000,000 tested=0 found=0 n=53500021452928151382969 elapsed=226s
progress: nodes=2,340,000,000 tested=0 found=0 n=23330102488705053901071 elapsed=227s
progress: nodes=2,350,000,000 tested=0 found=0 n=201004709084982105304689 elapsed=228s
progress: nodes=2,360,000,000 tested=0 found=0 n=681573115102521172326507 elapsed=229s
progress: nodes=2,370,000,000 tested=0 found=0 n=450105145301257309644327 elapsed=230s
progress: nodes=2,380,000,000 tested=0 found=0 n=205520434777837379723877 elapsed=231s
progress: nodes=2,390,000,000 tested=0 found=0 n=34511030266037483637 elapsed=232s
progress: nodes=2,400,000,000 tested=0 found=0 n=212785009019335060173297 elapsed=233s
progress: nodes=2,410,000,000 tested=0 found=0 n=403404884737305591238191 elapsed=234s
progress: nodes=2,420,000,000 tested=0 found=0 n=988958464777652473424259 elapsed=235s
progress: nodes=2,430,000,000 tested=0 found=0 n=245402496094741844704767 elapsed=236s
progress: nodes=2,440,000,000 tested=0 found=0 n=542156980583789100204453 elapsed=237s
progress: nodes=2,450,000,000 tested=0 found=0 n=633602264333081236509339 elapsed=238s
progress: nodes=2,460,000,000 tested=0 found=0 n=14488444760171481831807 elapsed=239s
progress: nodes=2,470,000,000 tested=0 found=0 n=632078901207119698085277 elapsed=240s
progress: nodes=2,480,000,000 tested=0 found=0 n=24400929699775350762057 elapsed=240s
progress: nodes=2,490,000,000 tested=0 found=0 n=641416020257941982016723 elapsed=241s
progress: nodes=2,500,000,000 tested=0 found=0 n=214437099366255859899867 elapsed=242s
progress: nodes=2,510,000,000 tested=0 found=0 n=952345658337505765134597 elapsed=243s
progress: nodes=2,520,000,000 tested=0 found=0 n=31266230281105876125921 elapsed=244s
progress: nodes=2,530,000,000 tested=0 found=0 n=235499753211333482162241 elapsed=245s
progress: nodes=2,540,000,000 tested=0 found=0 n=107433007362606652349481 elapsed=246s
progress: nodes=2,550,000,000 tested=0 found=0 n=163455911164645613914131 elapsed=247s
progress: nodes=2,560,000,000 tested=0 found=0 n=5684311910462475272877 elapsed=248s
progress: nodes=2,570,000,000 tested=0 found=0 n=317069425055998286245953 elapsed=249s
progress: nodes=2,580,000,000 tested=0 found=0 n=745368788643458203251351 elapsed=250s
progress: nodes=2,590,000,000 tested=0 found=0 n=23098412698832434802697 elapsed=251s
progress: nodes=2,600,000,000 tested=0 found=0 n=953228208481758002645127 elapsed=252s
progress: nodes=2,610,000,000 tested=0 found=0 n=422806548573708899156883 elapsed=253s
progress: nodes=2,620,000,000 tested=0 found=0 n=322391500406919959835717 elapsed=254s
progress: nodes=2,630,000,000 tested=0 found=0 n=266105574939950152471539 elapsed=255s
progress: nodes=2,640,000,000 tested=0 found=0 n=365647410416904101051103 elapsed=256s
progress: nodes=2,650,000,000 tested=0 found=0 n=121198036790188299271581 elapsed=257s
progress: nodes=2,660,000,000 tested=0 found=0 n=395131874479248160199511 elapsed=258s
progress: nodes=2,670,000,000 tested=0 found=0 n=3408925177757712470679 elapsed=259s
progress: nodes=2,680,000,000 tested=0 found=0 n=985210425568344156309 elapsed=260s
progress: nodes=2,690,000,000 tested=0 found=0 n=480098178636390478124397 elapsed=261s
progress: nodes=2,700,000,000 tested=0 found=0 n=206321110222756553328501 elapsed=262s
progress: nodes=2,710,000,000 tested=0 found=0 n=161452360344390170847273 elapsed=263s
progress: nodes=2,720,000,000 tested=0 found=0 n=303017325416918688111219 elapsed=264s
progress: nodes=2,730,000,000 tested=0 found=0 n=77434400715584209740837 elapsed=265s
progress: nodes=2,740,000,000 tested=0 found=0 n=11184813449367569876727 elapsed=266s
progress: nodes=2,750,000,000 tested=0 found=0 n=233779357212595875474471 elapsed=267s
progress: nodes=2,760,000,000 tested=0 found=0 n=316045639854642471878151 elapsed=268s
progress: nodes=2,770,000,000 tested=0 found=0 n=976149853989392026919691 elapsed=269s
progress: nodes=2,780,000,000 tested=0 found=0 n=711600849201464244977949 elapsed=270s
progress: nodes=2,790,000,000 tested=0 found=0 n=941356553156136511890453 elapsed=271s
progress: nodes=2,800,000,000 tested=0 found=0 n=822404763352886315550903 elapsed=272s
progress: nodes=2,810,000,000 tested=0 found=0 n=1450676805057414203391 elapsed=273s
progress: nodes=2,820,000,000 tested=0 found=0 n=170336794285766601501543 elapsed=274s
progress: nodes=2,830,000,000 tested=0 found=0 n=849784500473260649766093 elapsed=275s
progress: nodes=2,840,000,000 tested=0 found=0 n=67117739689475868386061 elapsed=276s
progress: nodes=2,850,000,000 tested=0 found=0 n=52536336244620086824893 elapsed=277s
progress: nodes=2,860,000,000 tested=0 found=0 n=634406032356296426087733 elapsed=278s
progress: nodes=2,870,000,000 tested=0 found=0 n=601235902765966391479197 elapsed=279s
progress: nodes=2,880,000,000 tested=0 found=0 n=643280331841491176673453 elapsed=280s
progress: nodes=2,890,000,000 tested=0 found=0 n=501000409704242949107679 elapsed=281s
progress: nodes=2,900,000,000 tested=0 found=0 n=537638060832389198113797 elapsed=282s
progress: nodes=2,910,000,000 tested=0 found=0 n=75063750097115251223127 elapsed=282s
progress: nodes=2,920,000,000 tested=0 found=0 n=564943542258859392492027 elapsed=283s
progress: nodes=2,930,000,000 tested=0 found=0 n=693294415679772974099421 elapsed=284s
progress: nodes=2,940,000,000 tested=0 found=0 n=1034665048934279897247 elapsed=286s
progress: nodes=2,950,000,000 tested=0 found=0 n=441536396659773618120453 elapsed=287s
progress: nodes=2,960,000,000 tested=0 found=0 n=148352470020550961942121 elapsed=288s
progress: nodes=2,970,000,000 tested=0 found=0 n=111972837010980047726313 elapsed=289s
progress: nodes=2,980,000,000 tested=0 found=0 n=2777207753893545806013 elapsed=291s
progress: nodes=2,990,000,000 tested=0 found=0 n=749033014072034428710957 elapsed=292s
progress: nodes=3,000,000,000 tested=0 found=0 n=845483735168149946948721 elapsed=293s
progress: nodes=3,010,000,000 tested=0 found=0 n=725606804267599661456877 elapsed=295s
progress: nodes=3,020,000,000 tested=0 found=0 n=154579478700583275798429 elapsed=296s
progress: nodes=3,030,000,000 tested=0 found=0 n=298168424031356548523649 elapsed=297s
progress: nodes=3,040,000,000 tested=0 found=0 n=179874826016215222076913 elapsed=299s
progress: nodes=3,050,000,000 tested=0 found=0 n=657491509152067276460439 elapsed=300s
progress: nodes=3,060,000,000 tested=0 found=0 n=59316093161520227577801 elapsed=302s
progress: nodes=3,070,000,000 tested=0 found=0 n=229865075970332262610977 elapsed=303s
progress: nodes=3,080,000,000 tested=0 found=0 n=276504358893101450751663 elapsed=304s
progress: nodes=3,090,000,000 tested=0 found=0 n=587081061471750185507949 elapsed=305s
progress: nodes=3,100,000,000 tested=0 found=0 n=133951470792780474029961 elapsed=307s
progress: nodes=3,110,000,000 tested=0 found=0 n=714010330325659318329069 elapsed=308s
progress: nodes=3,120,000,000 tested=0 found=0 n=358673995825416008859861 elapsed=309s
progress: nodes=3,130,000,000 tested=0 found=0 n=685153450218521766990213 elapsed=310s
progress: nodes=3,140,000,000 tested=0 found=0 n=465073372262067767958033 elapsed=311s
progress: nodes=3,150,000,000 tested=0 found=0 n=518059359391454000000217 elapsed=312s
progress: nodes=3,160,000,000 tested=0 found=0 n=888304596363492592020741 elapsed=314s
progress: nodes=3,170,000,000 tested=0 found=0 n=12981398226573022119099 elapsed=315s
progress: nodes=3,180,000,000 tested=0 found=0 n=59902582633834485246147 elapsed=316s
progress: nodes=3,190,000,000 tested=0 found=0 n=247406574272655983290569 elapsed=317s
progress: nodes=3,200,000,000 tested=0 found=0 n=51131724763486157058627 elapsed=318s
progress: nodes=3,210,000,000 tested=0 found=0 n=596345761079464116205431 elapsed=319s
progress: nodes=3,220,000,000 tested=0 found=0 n=168898743683191724102487 elapsed=321s
progress: nodes=3,230,000,000 tested=0 found=0 n=10770190974366502168719 elapsed=322s
progress: nodes=3,240,000,000 tested=0 found=0 n=10927954490581647535851 elapsed=323s
progress: nodes=3,250,000,000 tested=0 found=0 n=110709659829219397374699 elapsed=324s
progress: nodes=3,260,000,000 tested=0 found=0 n=578638519217623562318541 elapsed=325s
progress: nodes=3,270,000,000 tested=0 found=0 n=574892001594000663329943 elapsed=326s
progress: nodes=3,280,000,000 tested=0 found=0 n=258333099221315296684791 elapsed=327s
progress: nodes=3,290,000,000 tested=0 found=0 n=325508000734743343933491 elapsed=328s
progress: nodes=3,300,000,000 tested=0 found=0 n=263020798917 elapsed=330s
progress: nodes=3,310,000,000 tested=0 found=0 n=510909682800376267798653 elapsed=331s
progress: nodes=3,320,000,000 tested=0 found=0 n=49170916494181272612303 elapsed=332s
progress: nodes=3,330,000,000 tested=0 found=0 n=350619542077917490293519 elapsed=333s
progress: nodes=3,340,000,000 tested=0 found=0 n=27815446680238645147323 elapsed=334s
progress: nodes=3,350,000,000 tested=0 found=0 n=154159299338403888377379 elapsed=335s
progress: nodes=3,360,000,000 tested=0 found=0 n=105494151718428597524979 elapsed=336s
progress: nodes=3,370,000,000 tested=0 found=0 n=671318563158957010701267 elapsed=337s
progress: nodes=3,380,000,000 tested=0 found=0 n=203316981952816537409781 elapsed=338s
progress: nodes=3,390,000,000 tested=0 found=0 n=600538839135374900642967 elapsed=339s
progress: nodes=3,400,000,000 tested=0 found=0 n=461821526375321424959109 elapsed=339s
progress: nodes=3,410,000,000 tested=0 found=0 n=386302689968585986466613 elapsed=340s
progress: nodes=3,420,000,000 tested=0 found=0 n=580255305882401928352293 elapsed=341s
progress: nodes=3,430,000,000 tested=0 found=0 n=198085663461619646278047 elapsed=342s
progress: nodes=3,440,000,000 tested=0 found=0 n=258067825396349655174219 elapsed=343s
progress: nodes=3,450,000,000 tested=0 found=0 n=136920724586485404487551 elapsed=344s
progress: nodes=3,460,000,000 tested=0 found=0 n=652124118610578418296147 elapsed=345s
progress: nodes=3,470,000,000 tested=0 found=0 n=359069201026247366033697 elapsed=346s
progress: nodes=3,480,000,000 tested=0 found=0 n=671766629736050702169273 elapsed=347s
progress: nodes=3,490,000,000 tested=0 found=0 n=968263107629877935739477 elapsed=348s
progress: nodes=3,500,000,000 tested=0 found=0 n=325771982217563333813667 elapsed=349s
progress: nodes=3,510,000,000 tested=0 found=0 n=440352160016399629461 elapsed=350s
progress: nodes=3,520,000,000 tested=0 found=0 n=177232742701776779798763 elapsed=351s
progress: nodes=3,530,000,000 tested=0 found=0 n=793166471556631751097369 elapsed=352s
progress: nodes=3,540,000,000 tested=0 found=0 n=478770069318730569405657 elapsed=353s
progress: nodes=3,550,000,000 tested=0 found=0 n=618816412960424038419309 elapsed=354s
progress: nodes=3,560,000,000 tested=0 found=0 n=416601973988487017850663 elapsed=355s
progress: nodes=3,570,000,000 tested=0 found=0 n=120736829132906486983803 elapsed=356s
progress: nodes=3,580,000,000 tested=0 found=0 n=573231470680571255563653 elapsed=357s
progress: nodes=3,590,000,000 tested=0 found=0 n=427999290060754276333857 elapsed=358s
progress: nodes=3,600,000,000 tested=0 found=0 n=597055131596509820837451 elapsed=359s
progress: nodes=3,610,000,000 tested=0 found=0 n=419561453586485396827269 elapsed=360s
progress: nodes=3,620,000,000 tested=0 found=0 n=329979455003873131937937 elapsed=361s
progress: nodes=3,630,000,000 tested=0 found=0 n=175828537311757874556093 elapsed=362s
progress: nodes=3,640,000,000 tested=0 found=0 n=484684909871237368698879 elapsed=363s
progress: nodes=3,650,000,000 tested=0 found=0 n=184014928026332649357399 elapsed=364s
progress: nodes=3,660,000,000 tested=0 found=0 n=7007994832635095200119 elapsed=365s
progress: nodes=3,670,000,000 tested=0 found=0 n=371301862529389696081767 elapsed=366s
progress: nodes=3,680,000,000 tested=0 found=0 n=42838505472073951758843 elapsed=367s
progress: nodes=3,690,000,000 tested=0 found=0 n=568679651126421895443213 elapsed=368s
progress: nodes=3,700,000,000 tested=0 found=0 n=483540266746867965567561 elapsed=368s
progress: nodes=3,710,000,000 tested=0 found=0 n=502601584887931590724851 elapsed=369s
progress: nodes=3,720,000,000 tested=0 found=0 n=131605624485604896128631 elapsed=370s
progress: nodes=3,730,000,000 tested=0 found=0 n=299638238905773210620313 elapsed=371s
progress: nodes=3,740,000,000 tested=0 found=0 n=771394984904604115125099 elapsed=372s
progress: nodes=3,750,000,000 tested=0 found=0 n=8307278037598001867901 elapsed=373s
progress: nodes=3,760,000,000 tested=0 found=0 n=389255274757718822588193 elapsed=374s
progress: nodes=3,770,000,000 tested=0 found=0 n=102600350315208074400381 elapsed=375s
progress: nodes=3,780,000,000 tested=0 found=0 n=548193611149456339654803 elapsed=376s
progress: nodes=3,790,000,000 tested=0 found=0 n=421549151414093500763943 elapsed=377s
progress: nodes=3,800,000,000 tested=0 found=0 n=471213932662448260530291 elapsed=378s
progress: nodes=3,810,000,000 tested=0 found=0 n=23928108260600203626951 elapsed=379s
progress: nodes=3,820,000,000 tested=0 found=0 n=797253379132119561257499 elapsed=380s
progress: nodes=3,830,000,000 tested=0 found=0 n=164057758909446663 elapsed=381s
progress: nodes=3,840,000,000 tested=0 found=0 n=417387514751198119466577 elapsed=382s
progress: nodes=3,850,000,000 tested=0 found=0 n=673632169857892715420637 elapsed=383s
progress: nodes=3,860,000,000 tested=0 found=0 n=378917069336535870652833 elapsed=384s
progress: nodes=3,870,000,000 tested=0 found=0 n=383109259764186854790651 elapsed=385s
progress: nodes=3,880,000,000 tested=0 found=0 n=893797433792611854877737 elapsed=386s
progress: nodes=3,890,000,000 tested=0 found=0 n=491249508001016733 elapsed=387s
progress: nodes=3,900,000,000 tested=0 found=0 n=1734222235941783837243 elapsed=387s
progress: nodes=3,910,000,000 tested=0 found=0 n=226793085316315149634479 elapsed=388s
progress: nodes=3,920,000,000 tested=0 found=0 n=636741902135107400111451 elapsed=389s
progress: nodes=3,930,000,000 tested=0 found=0 n=843541986701809979706429 elapsed=390s
progress: nodes=3,940,000,000 tested=0 found=0 n=15907978243867149558711 elapsed=391s
progress: nodes=3,950,000,000 tested=0 found=0 n=68157819761686868051721 elapsed=392s
progress: nodes=3,960,000,000 tested=0 found=0 n=119959984869527076478983 elapsed=393s
progress: nodes=3,970,000,000 tested=0 found=0 n=420505060363202773313307 elapsed=394s
progress: nodes=3,980,000,000 tested=0 found=0 n=3854162201530741963353 elapsed=395s
progress: nodes=3,990,000,000 tested=0 found=0 n=242671256145551402139591 elapsed=396s
progress: nodes=4,000,000,000 tested=0 found=0 n=54207850176774324389223 elapsed=397s
progress: nodes=4,010,000,000 tested=0 found=0 n=412500441101893223488803 elapsed=398s
progress: nodes=4,020,000,000 tested=0 found=0 n=291310189460888568350697 elapsed=399s
progress: nodes=4,030,000,000 tested=0 found=0 n=596303961414076780037181 elapsed=400s
progress: nodes=4,040,000,000 tested=0 found=0 n=96338097806040692265663 elapsed=401s
progress: nodes=4,050,000,000 tested=0 found=0 n=890744203783193100900183 elapsed=402s
progress: nodes=4,060,000,000 tested=0 found=0 n=438205427917006768151841 elapsed=403s
progress: nodes=4,070,000,000 tested=0 found=0 n=35491916353082132807181 elapsed=404s
progress: nodes=4,080,000,000 tested=0 found=0 n=751024897128281905735707 elapsed=405s
progress: nodes=4,090,000,000 tested=0 found=0 n=950955224794504916610339 elapsed=406s
progress: nodes=4,100,000,000 tested=0 found=0 n=286238403062604029696679 elapsed=407s
progress: nodes=4,110,000,000 tested=0 found=0 n=939795546646985758197129 elapsed=408s
progress: nodes=4,120,000,000 tested=0 found=0 n=144212155470903250515969 elapsed=409s
progress: nodes=4,130,000,000 tested=0 found=0 n=205512829443726168571677 elapsed=410s
progress: nodes=4,140,000,000 tested=0 found=0 n=105124368550902357238353 elapsed=411s
progress: nodes=4,150,000,000 tested=0 found=0 n=722871978091378164072747 elapsed=412s
progress: nodes=4,160,000,000 tested=0 found=0 n=574178319142211994198381 elapsed=413s
progress: nodes=4,170,000,000 tested=0 found=0 n=970755134256146277975483 elapsed=413s
progress: nodes=4,180,000,000 tested=0 found=0 n=599627214952895956385367 elapsed=414s
progress: nodes=4,190,000,000 tested=0 found=0 n=440551010577954977206281 elapsed=415s
progress: nodes=4,200,000,000 tested=0 found=0 n=176410484991276364495827 elapsed=416s
progress: nodes=4,210,000,000 tested=0 found=0 n=783512512743446705038257 elapsed=417s
progress: nodes=4,220,000,000 tested=0 found=0 n=803852722488548744844993 elapsed=418s
progress: nodes=4,230,000,000 tested=0 found=0 n=416990192440256487357993 elapsed=419s
progress: nodes=4,240,000,000 tested=0 found=0 n=531143449313523981004053 elapsed=420s
progress: nodes=4,250,000,000 tested=0 found=0 n=214238629016501654093733 elapsed=421s
progress: nodes=4,260,000,000 tested=0 found=0 n=119877120620751022807491 elapsed=422s
progress: nodes=4,270,000,000 tested=0 found=0 n=654808140664886601363879 elapsed=423s
progress: nodes=4,280,000,000 tested=0 found=0 n=187772858200786094092953 elapsed=424s
progress: nodes=4,290,000,000 tested=0 found=0 n=133588430087776229229201 elapsed=425s
progress: nodes=4,300,000,000 tested=0 found=0 n=19259816511408140744343 elapsed=426s
progress: nodes=4,310,000,000 tested=0 found=0 n=799594378167370190615883 elapsed=427s
progress: nodes=4,320,000,000 tested=0 found=0 n=726268200775725677392233 elapsed=428s
progress: nodes=4,330,000,000 tested=0 found=0 n=398455080667533696489219 elapsed=429s
progress: nodes=4,340,000,000 tested=0 found=0 n=65211533598723057809973 elapsed=430s
progress: nodes=4,350,000,000 tested=0 found=0 n=816610468239138466616643 elapsed=431s

done in 430.9s | nodes=4,351,357,725 | tested=0 | weird=0
