search v2: odd=True, N_CAP=1.00e+24, DELTA_MAX=1.0e+07, MIN_DEPTH=6
SPF shard: smallest prime factor = 3
P2 sub-shard: second prime factor = 5
P3 sub-sub-shard: third prime factor = 13
progress: nodes=10,000,000 tested=152 found=0 n=19129104514345872652125 elapsed=24s
progress: nodes=20,000,000 tested=152 found=0 n=39870199068884783668875 elapsed=65s
progress: nodes=30,000,000 tested=152 found=0 n=61200388500954307249125 elapsed=107s
progress: nodes=40,000,000 tested=152 found=0 n=82915409335490193349875 elapsed=150s
progress: nodes=50,000,000 tested=152 found=0 n=104913904359858652855875 elapsed=193s
progress: nodes=60,000,000 tested=152 found=0 n=127138980927775687118625 elapsed=236s
progress: nodes=70,000,000 tested=152 found=0 n=149552834959693112624625 elapsed=281s
progress: nodes=80,000,000 tested=152 found=0 n=172127927127832636510875 elapsed=327s
progress: nodes=90,000,000 tested=152 found=0 n=194844131749911816748875 elapsed=373s
progress: nodes=100,000,000 tested=152 found=0 n=217685553438396391339875 elapsed=419s
progress: nodes=110,000,000 tested=152 found=0 n=240640074136973527384875 elapsed=464s
progress: nodes=120,000,000 tested=152 found=0 n=263697260300861007235875 elapsed=510s
progress: nodes=130,000,000 tested=152 found=0 n=286845212663675900329875 elapsed=556s
progress: nodes=140,000,000 tested=152 found=0 n=310081395484316565139875 elapsed=602s
progress: nodes=150,000,000 tested=152 found=0 n=333400212953931300318375 elapsed=650s
progress: nodes=160,000,000 tested=152 found=0 n=356791881060342285777375 elapsed=699s
progress: nodes=170,000,000 tested=152 found=0 n=380250894587403170355375 elapsed=746s
progress: nodes=180,000,000 tested=152 found=0 n=403776649726186313425875 elapsed=793s
progress: nodes=190,000,000 tested=152 found=0 n=427369024689328390446375 elapsed=840s
progress: nodes=200,000,000 tested=152 found=0 n=451020425714233054811625 elapsed=886s
progress: nodes=210,000,000 tested=152 found=0 n=474724402771209006014625 elapsed=942s
progress: nodes=220,000,000 tested=152 found=0 n=498484070411826738539625 elapsed=1004s
progress: nodes=230,000,000 tested=152 found=0 n=522292454707070615426625 elapsed=1065s
progress: nodes=240,000,000 tested=152 found=0 n=546152484108873489622125 elapsed=1125s
progress: nodes=250,000,000 tested=152 found=0 n=570057920753950694427375 elapsed=1184s
progress: nodes=260,000,000 tested=152 found=0 n=594008715927356900025375 elapsed=1243s
progress: nodes=270,000,000 tested=161 found=0 n=617998623219325802907375 elapsed=1305s
progress: nodes=280,000,000 tested=161 found=0 n=642033171135166214542125 elapsed=1366s
progress: nodes=290,000,000 tested=161 found=0 n=666106504693970797318875 elapsed=1425s
progress: nodes=300,000,000 tested=161 found=0 n=690224675018400453637875 elapsed=1485s
progress: nodes=310,000,000 tested=161 found=0 n=714370200921253211404875 elapsed=1543s
progress: nodes=320,000,000 tested=161 found=0 n=738559022445429884950875 elapsed=1604s
progress: nodes=330,000,000 tested=161 found=0 n=762779304209497778867625 elapsed=1665s
progress: nodes=340,000,000 tested=161 found=0 n=787039150201006957317375 elapsed=1726s
progress: nodes=350,000,000 tested=161 found=0 n=811329866297850334407375 elapsed=1786s
progress: nodes=360,000,000 tested=161 found=0 n=835652401800475718808375 elapsed=1845s
progress: nodes=370,000,000 tested=161 found=0 n=860000509017144561490125 elapsed=1906s
progress: nodes=380,000,000 tested=161 found=0 n=884379140206641312007125 elapsed=1967s
progress: nodes=390,000,000 tested=161 found=0 n=908792003687348182218375 elapsed=2026s
progress: nodes=400,000,000 tested=161 found=0 n=933231937293991484423625 elapsed=2088s
progress: nodes=410,000,000 tested=161 found=0 n=957703337550387234607125 elapsed=2153s
progress: nodes=420,000,000 tested=161 found=0 n=982201578246025427515875 elapsed=2219s
progress: nodes=430,000,000 tested=161 found=0 n=4861010074060906150125 elapsed=2268s
progress: nodes=440,000,000 tested=161 found=0 n=24786095945617880986125 elapsed=2303s
progress: nodes=450,000,000 tested=161 found=0 n=45724097689822515751125 elapsed=2344s
progress: nodes=460,000,000 tested=161 found=0 n=67175123918282353559625 elapsed=2386s
progress: nodes=470,000,000 tested=161 found=0 n=88976924359653242040375 elapsed=2429s
progress: nodes=480,000,000 tested=161 found=0 n=111043796503765518134625 elapsed=2472s
progress: nodes=490,000,000 tested=161 found=0 n=133327838438996284741125 elapsed=2516s
progress: nodes=500,000,000 tested=161 found=0 n=155789186356242178920375 elapsed=2562s
progress: nodes=510,000,000 tested=167 found=0 n=178405808602594054564875 elapsed=2608s
progress: nodes=520,000,000 tested=167 found=0 n=201160103786915806352625 elapsed=2654s
progress: nodes=530,000,000 tested=167 found=0 n=224033499168113759587125 elapsed=2699s
progress: nodes=540,000,000 tested=167 found=0 n=247016157317229160638375 elapsed=2744s
progress: nodes=550,000,000 tested=167 found=0 n=270102249920845243156125 elapsed=2790s
progress: nodes=560,000,000 tested=167 found=0 n=293277441768083580097875 elapsed=2838s
progress: nodes=570,000,000 tested=167 found=0 n=316536989995985929623375 elapsed=2886s
progress: nodes=580,000,000 tested=167 found=0 n=339877176723060495182625 elapsed=2933s
progress: nodes=590,000,000 tested=167 found=0 n=363291395017490734182375 elapsed=2980s
progress: nodes=600,000,000 tested=167 found=0 n=386770664913445857334875 elapsed=3027s
progress: nodes=610,000,000 tested=167 found=0 n=410313160161896532162375 elapsed=3074s
progress: nodes=620,000,000 tested=167 found=0 n=433924386005178168901125 elapsed=3120s
progress: nodes=630,000,000 tested=167 found=0 n=457590870892009457845125 elapsed=3169s
progress: nodes=640,000,000 tested=167 found=0 n=481311820819653415317375 elapsed=3229s
progress: nodes=650,000,000 tested=167 found=0 n=8019930223630683193875 elapsed=3266s
progress: nodes=660,000,000 tested=167 found=0 n=28196183120394170295375 elapsed=3304s
progress: nodes=670,000,000 tested=167 found=0 n=49237937511805892503875 elapsed=3345s
progress: nodes=680,000,000 tested=167 found=0 n=70755084475066630660125 elapsed=3387s
progress: nodes=690,000,000 tested=167 found=0 n=92606527333996300496625 elapsed=3430s
progress: nodes=700,000,000 tested=167 found=0 n=114711798483014920195125 elapsed=3474s
progress: nodes=710,000,000 tested=170 found=0 n=137027052033311136445125 elapsed=3519s
progress: nodes=720,000,000 tested=170 found=0 n=159515743618830020238375 elapsed=3565s

done in 3600.0s | nodes=727,633,920 | tested=170 | weird=0
