search v2: odd=True, N_CAP=1.00e+24, DELTA_MAX=1.0e+07, MIN_DEPTH=6
SPF shard: smallest prime factor = 3
P2 sub-shard: second prime factor = 5
P3 sub-sub-shard: third prime factor = 11
progress: nodes=10,000,000 tested=0 found=0 n=274300323770719753485165 elapsed=0s
progress: nodes=20,000,000 tested=0 found=0 n=108395507590959662274465 elapsed=1s
progress: nodes=30,000,000 tested=0 found=0 n=327888327329373551401485 elapsed=1s
progress: nodes=40,000,000 tested=0 found=0 n=961489389511962767517435 elapsed=2s
progress: nodes=50,000,000 tested=0 found=0 n=85835579148119999160765 elapsed=2s
progress: nodes=60,000,000 tested=0 found=0 n=561823282175188005637335 elapsed=3s
progress: nodes=70,000,000 tested=0 found=0 n=534905524655664965585145 elapsed=3s
progress: nodes=80,000,000 tested=0 found=0 n=966518514924020551219815 elapsed=4s
progress: nodes=90,000,000 tested=0 found=0 n=813632727586623862107465 elapsed=4s
progress: nodes=100,000,000 tested=0 found=0 n=163634073155104727103885 elapsed=5s
progress: nodes=110,000,000 tested=0 found=0 n=889109851896598468253535 elapsed=5s
progress: nodes=120,000,000 tested=0 found=0 n=136241572850980014566115 elapsed=5s
progress: nodes=130,000,000 tested=0 found=0 n=785205305853862924360935 elapsed=6s
progress: nodes=140,000,000 tested=0 found=0 n=931575831588090577895985 elapsed=6s
progress: nodes=150,000,000 tested=0 found=0 n=559376233451113939000965 elapsed=7s
progress: nodes=160,000,000 tested=0 found=0 n=622161350232542016103845 elapsed=7s
progress: nodes=170,000,000 tested=0 found=0 n=268874351916599360057445 elapsed=8s
progress: nodes=180,000,000 tested=0 found=0 n=925686312026493682240785 elapsed=8s
progress: nodes=190,000,000 tested=0 found=0 n=750884210770842545250645 elapsed=9s
progress: nodes=200,000,000 tested=0 found=0 n=145623942075652640781885 elapsed=9s
progress: nodes=210,000,000 tested=0 found=0 n=68998413836573953980435 elapsed=10s
progress: nodes=220,000,000 tested=0 found=0 n=703617522739142624351145 elapsed=10s
progress: nodes=230,000,000 tested=0 found=0 n=738411057858534414605955 elapsed=11s
progress: nodes=240,000,000 tested=0 found=0 n=177140933868420142265205 elapsed=11s
progress: nodes=250,000,000 tested=0 found=0 n=652541080481278509821355 elapsed=12s
progress: nodes=260,000,000 tested=0 found=0 n=565968507697407004164315 elapsed=12s
progress: nodes=270,000,000 tested=0 found=0 n=567715862198111158496745 elapsed=13s
progress: nodes=280,000,000 tested=0 found=0 n=355889853905489918419185 elapsed=13s
progress: nodes=290,000,000 tested=0 found=0 n=83849289382129101337485 elapsed=14s
progress: nodes=300,000,000 tested=0 found=0 n=243465765898407268333095 elapsed=14s
progress: nodes=310,000,000 tested=0 found=0 n=209219299449413064114105 elapsed=15s
progress: nodes=320,000,000 tested=0 found=0 n=132703924819720883828265 elapsed=15s
progress: nodes=330,000,000 tested=0 found=0 n=161568201193684077061665 elapsed=16s
progress: nodes=340,000,000 tested=0 found=0 n=296714803327328323282455 elapsed=16s
progress: nodes=350,000,000 tested=0 found=0 n=138985854528580359334155 elapsed=17s
progress: nodes=360,000,000 tested=0 found=0 n=291512246205560769125055 elapsed=17s
progress: nodes=370,000,000 tested=0 found=0 n=426662198949674412599985 elapsed=18s
progress: nodes=380,000,000 tested=0 found=0 n=138338407298616573493665 elapsed=18s
progress: nodes=390,000,000 tested=0 found=0 n=114365986075198647418365 elapsed=19s
progress: nodes=400,000,000 tested=0 found=0 n=299606252912537697377955 elapsed=19s
progress: nodes=410,000,000 tested=0 found=0 n=253616517616127444793135 elapsed=20s
progress: nodes=420,000,000 tested=0 found=0 n=341154125078656338425295 elapsed=20s
progress: nodes=430,000,000 tested=0 found=0 n=252631368203081972179185 elapsed=21s
progress: nodes=440,000,000 tested=0 found=0 n=241386851795024847572595 elapsed=21s
progress: nodes=450,000,000 tested=0 found=0 n=196661076155107831967535 elapsed=22s
progress: nodes=460,000,000 tested=0 found=0 n=214681177026931594072995 elapsed=22s
progress: nodes=470,000,000 tested=0 found=0 n=228725641511220132918045 elapsed=23s
progress: nodes=480,000,000 tested=0 found=0 n=182308437485034119334405 elapsed=23s
progress: nodes=490,000,000 tested=0 found=0 n=184404639974754435761745 elapsed=24s
progress: nodes=500,000,000 tested=0 found=0 n=275149810796453637722865 elapsed=24s
progress: nodes=510,000,000 tested=0 found=0 n=331635287722832923554945 elapsed=25s
progress: nodes=520,000,000 tested=0 found=0 n=320587218710980058662605 elapsed=25s
progress: nodes=530,000,000 tested=0 found=0 n=238869915327073022725755 elapsed=26s
progress: nodes=540,000,000 tested=0 found=0 n=328161377712844256685885 elapsed=26s
progress: nodes=550,000,000 tested=0 found=0 n=256268562522982947999765 elapsed=27s
progress: nodes=560,000,000 tested=0 found=0 n=251623031667535106000235 elapsed=27s
progress: nodes=570,000,000 tested=0 found=0 n=310977045881230986653715 elapsed=28s
progress: nodes=580,000,000 tested=0 found=0 n=371647388817186726540285 elapsed=28s
progress: nodes=590,000,000 tested=0 found=0 n=389509813919890680752835 elapsed=29s
progress: nodes=600,000,000 tested=0 found=0 n=796126436556698110467285 elapsed=29s
progress: nodes=610,000,000 tested=0 found=0 n=89520083793965550973005 elapsed=30s
progress: nodes=620,000,000 tested=0 found=0 n=4435601183047301692095 elapsed=30s
progress: nodes=630,000,000 tested=0 found=0 n=631706707955878123372155 elapsed=31s
progress: nodes=640,000,000 tested=0 found=0 n=305992301678145056253015 elapsed=31s
progress: nodes=650,000,000 tested=0 found=0 n=639015242235705636043545 elapsed=32s
progress: nodes=660,000,000 tested=0 found=0 n=896813321762436696032085 elapsed=33s
progress: nodes=670,000,000 tested=0 found=0 n=854995383461057199736815 elapsed=33s
progress: nodes=680,000,000 tested=0 found=0 n=382812499446166649545785 elapsed=34s
progress: nodes=690,000,000 tested=0 found=0 n=870470435218178970563355 elapsed=35s
progress: nodes=700,000,000 tested=0 found=0 n=756600964816851432945315 elapsed=36s
progress: nodes=710,000,000 tested=0 found=0 n=491961809896266002148405 elapsed=37s
progress: nodes=720,000,000 tested=0 found=0 n=465416036518296931910865 elapsed=37s
progress: nodes=730,000,000 tested=0 found=0 n=382163779320669704987145 elapsed=38s
progress: nodes=740,000,000 tested=0 found=0 n=935682806171295151146045 elapsed=39s
progress: nodes=750,000,000 tested=0 found=0 n=668828873818090919054385 elapsed=40s
progress: nodes=760,000,000 tested=0 found=0 n=750977171135338334862015 elapsed=41s
progress: nodes=770,000,000 tested=0 found=0 n=788509300632622024267845 elapsed=42s
progress: nodes=780,000,000 tested=0 found=0 n=483509217401956811841435 elapsed=43s
progress: nodes=790,000,000 tested=0 found=0 n=387439264608268740698655 elapsed=44s
progress: nodes=800,000,000 tested=0 found=0 n=489784851078333084065385 elapsed=44s
progress: nodes=810,000,000 tested=0 found=0 n=573554554671744352002285 elapsed=45s
progress: nodes=820,000,000 tested=0 found=0 n=493342630474794656281605 elapsed=46s
progress: nodes=830,000,000 tested=0 found=0 n=810062461287156267121635 elapsed=47s
progress: nodes=840,000,000 tested=0 found=0 n=982332813080608877038635 elapsed=48s
progress: nodes=850,000,000 tested=0 found=0 n=516003398896519220395005 elapsed=49s
progress: nodes=860,000,000 tested=0 found=0 n=656864662207252531120605 elapsed=50s
progress: nodes=870,000,000 tested=0 found=0 n=719723237755553029729665 elapsed=51s
progress: nodes=880,000,000 tested=0 found=0 n=345748082105383611359805 elapsed=52s
progress: nodes=890,000,000 tested=0 found=0 n=115961118066873369931905 elapsed=52s
progress: nodes=900,000,000 tested=0 found=0 n=262572064910664242392395 elapsed=53s
progress: nodes=910,000,000 tested=0 found=0 n=394050857944041830331855 elapsed=54s
progress: nodes=920,000,000 tested=0 found=0 n=471950967544845843028095 elapsed=55s
progress: nodes=930,000,000 tested=0 found=0 n=228933381261029904097155 elapsed=56s
progress: nodes=940,000,000 tested=0 found=0 n=360288856286392368513915 elapsed=57s
progress: nodes=950,000,000 tested=0 found=0 n=340191266080476830088465 elapsed=58s
progress: nodes=960,000,000 tested=0 found=0 n=979483031900206823593395 elapsed=59s
progress: nodes=970,000,000 tested=0 found=0 n=141986781573244136546985 elapsed=60s
progress: nodes=980,000,000 tested=0 found=0 n=640620510337375137068895 elapsed=60s
progress: nodes=990,000,000 tested=0 found=0 n=349084205652796211699145 elapsed=61s
progress: nodes=1,000,000,000 tested=0 found=0 n=107412331421484205168635 elapsed=62s
progress: nodes=1,010,000,000 tested=0 found=0 n=914054988208958606205855 elapsed=63s
progress: nodes=1,020,000,000 tested=0 found=0 n=351014938216081836178185 elapsed=64s
progress: nodes=1,030,000,000 tested=0 found=0 n=317093953341602856137895 elapsed=65s
progress: nodes=1,040,000,000 tested=0 found=0 n=170413948412419933359765 elapsed=66s
progress: nodes=1,050,000,000 tested=0 found=0 n=412941182930530447876155 elapsed=67s
progress: nodes=1,060,000,000 tested=0 found=0 n=803326289883326074281735 elapsed=68s
progress: nodes=1,070,000,000 tested=0 found=0 n=926488678801595715342405 elapsed=69s
progress: nodes=1,080,000,000 tested=0 found=0 n=282758437052602309857465 elapsed=70s
progress: nodes=1,090,000,000 tested=0 found=0 n=707233262471218195679835 elapsed=70s
progress: nodes=1,100,000,000 tested=0 found=0 n=368597383588979183716605 elapsed=71s
progress: nodes=1,110,000,000 tested=0 found=0 n=369865344826980241270515 elapsed=72s
progress: nodes=1,120,000,000 tested=0 found=0 n=608269445522212667415255 elapsed=73s
progress: nodes=1,130,000,000 tested=0 found=0 n=266688102353575946178465 elapsed=74s
progress: nodes=1,140,000,000 tested=0 found=0 n=302478186230403138574245 elapsed=75s
progress: nodes=1,150,000,000 tested=0 found=0 n=541833857395504203266055 elapsed=76s
progress: nodes=1,160,000,000 tested=0 found=0 n=227268137041875376547265 elapsed=77s
progress: nodes=1,170,000,000 tested=0 found=0 n=510875913083668736788305 elapsed=78s
progress: nodes=1,180,000,000 tested=0 found=0 n=807906396809873494486485 elapsed=79s
progress: nodes=1,190,000,000 tested=0 found=0 n=177162116346131842539405 elapsed=80s
progress: nodes=1,200,000,000 tested=0 found=0 n=313543870656352669876455 elapsed=80s
progress: nodes=1,210,000,000 tested=0 found=0 n=342411375528489705043815 elapsed=81s
progress: nodes=1,220,000,000 tested=0 found=0 n=273931346461458566971035 elapsed=82s
progress: nodes=1,230,000,000 tested=0 found=0 n=282938140816575388283205 elapsed=83s
progress: nodes=1,240,000,000 tested=0 found=0 n=718058234261468244646755 elapsed=84s
progress: nodes=1,250,000,000 tested=0 found=0 n=87339485732782542862185 elapsed=85s
progress: nodes=1,260,000,000 tested=0 found=0 n=165750018899174856034515 elapsed=86s
progress: nodes=1,270,000,000 tested=0 found=0 n=988676911397428983661635 elapsed=87s
progress: nodes=1,280,000,000 tested=0 found=0 n=763430386580631083920815 elapsed=88s
progress: nodes=1,290,000,000 tested=0 found=0 n=470496243667533265126395 elapsed=88s
progress: nodes=1,300,000,000 tested=0 found=0 n=910714931838610146804105 elapsed=89s
progress: nodes=1,310,000,000 tested=0 found=0 n=878607849044529163187595 elapsed=90s
progress: nodes=1,320,000,000 tested=0 found=0 n=167447568051986590257615 elapsed=91s
progress: nodes=1,330,000,000 tested=0 found=0 n=759792235100006638503765 elapsed=92s
progress: nodes=1,340,000,000 tested=0 found=0 n=449801813955488535748845 elapsed=93s
progress: nodes=1,350,000,000 tested=0 found=0 n=186115044365462326993065 elapsed=94s
progress: nodes=1,360,000,000 tested=0 found=0 n=892228830724352549527605 elapsed=94s
progress: nodes=1,370,000,000 tested=0 found=0 n=632260383433150146820695 elapsed=95s
progress: nodes=1,380,000,000 tested=0 found=0 n=817914886430634154127295 elapsed=96s
progress: nodes=1,390,000,000 tested=0 found=0 n=251610846481487462113485 elapsed=97s
progress: nodes=1,400,000,000 tested=0 found=0 n=390286586575119323751255 elapsed=98s
progress: nodes=1,410,000,000 tested=0 found=0 n=160854780498590622404565 elapsed=99s
progress: nodes=1,420,000,000 tested=0 found=0 n=188687581597242022391415 elapsed=99s
progress: nodes=1,430,000,000 tested=0 found=0 n=43751727957953167925355 elapsed=100s
progress: nodes=1,440,000,000 tested=0 found=0 n=803847403940753643743745 elapsed=101s
progress: nodes=1,450,000,000 tested=0 found=0 n=721488736969915234175955 elapsed=102s
progress: nodes=1,460,000,000 tested=0 found=0 n=568728950807398001375205 elapsed=103s
progress: nodes=1,470,000,000 tested=0 found=0 n=605082825898560868682835 elapsed=104s
progress: nodes=1,480,000,000 tested=0 found=0 n=159484997661806031488955 elapsed=104s
progress: nodes=1,490,000,000 tested=0 found=0 n=176280187384960788765735 elapsed=105s
progress: nodes=1,500,000,000 tested=0 found=0 n=70218332491351537611855 elapsed=106s
progress: nodes=1,510,000,000 tested=0 found=0 n=84058717594847902166205 elapsed=106s
progress: nodes=1,520,000,000 tested=0 found=0 n=245272317222432929376915 elapsed=107s
progress: nodes=1,530,000,000 tested=0 found=0 n=319952488683217809572505 elapsed=108s
progress: nodes=1,540,000,000 tested=0 found=0 n=312741475055237222036955 elapsed=109s
progress: nodes=1,550,000,000 tested=0 found=0 n=684267098978345125846185 elapsed=110s
progress: nodes=1,560,000,000 tested=0 found=0 n=92674167837894349353405 elapsed=110s
progress: nodes=1,570,000,000 tested=0 found=0 n=83979508168834445139885 elapsed=111s
progress: nodes=1,580,000,000 tested=0 found=0 n=932792549634694480451445 elapsed=111s
progress: nodes=1,590,000,000 tested=0 found=0 n=191080002483685744867845 elapsed=112s
progress: nodes=1,600,000,000 tested=0 found=0 n=328514084894429422742655 elapsed=113s
progress: nodes=1,610,000,000 tested=0 found=0 n=207531419978210788789065 elapsed=114s
progress: nodes=1,620,000,000 tested=0 found=0 n=185181130522268405685765 elapsed=114s
progress: nodes=1,630,000,000 tested=0 found=0 n=39685504628961820257255 elapsed=115s
progress: nodes=1,640,000,000 tested=0 found=0 n=914775869129441458045995 elapsed=115s
progress: nodes=1,650,000,000 tested=0 found=0 n=738404862945252402000915 elapsed=116s
progress: nodes=1,660,000,000 tested=0 found=0 n=256663477896690219946965 elapsed=117s
progress: nodes=1,670,000,000 tested=0 found=0 n=58039658326317091846455 elapsed=118s
progress: nodes=1,680,000,000 tested=0 found=0 n=73839725950336084093905 elapsed=118s
progress: nodes=1,690,000,000 tested=0 found=0 n=18496820195263107230445 elapsed=119s
progress: nodes=1,700,000,000 tested=0 found=0 n=847718456935838195231865 elapsed=120s
progress: nodes=1,710,000,000 tested=0 found=0 n=680373300606257062318635 elapsed=120s
progress: nodes=1,720,000,000 tested=0 found=0 n=180387512285163405062445 elapsed=121s
progress: nodes=1,730,000,000 tested=0 found=0 n=234609546163390993531035 elapsed=122s
progress: nodes=1,740,000,000 tested=0 found=0 n=75595324593056126832765 elapsed=122s
progress: nodes=1,750,000,000 tested=0 found=0 n=78755169995454500892135 elapsed=123s
progress: nodes=1,760,000,000 tested=0 found=0 n=594863339629293088186635 elapsed=124s
progress: nodes=1,770,000,000 tested=0 found=0 n=418986418794949966317885 elapsed=124s
progress: nodes=1,780,000,000 tested=0 found=0 n=468143339736036522893445 elapsed=125s
progress: nodes=1,790,000,000 tested=0 found=0 n=27550601792132693186385 elapsed=126s
progress: nodes=1,800,000,000 tested=0 found=0 n=271546308345226806229635 elapsed=126s
progress: nodes=1,810,000,000 tested=0 found=0 n=439409634931786811727105 elapsed=127s
progress: nodes=1,820,000,000 tested=0 found=0 n=363865661781266770575615 elapsed=128s
progress: nodes=1,830,000,000 tested=0 found=0 n=121207194084148214683905 elapsed=128s
progress: nodes=1,840,000,000 tested=0 found=0 n=30566367709042425147855 elapsed=129s
progress: nodes=1,850,000,000 tested=0 found=0 n=85569420133832719937985 elapsed=129s
progress: nodes=1,860,000,000 tested=0 found=0 n=861739929718669337159835 elapsed=130s
progress: nodes=1,870,000,000 tested=0 found=0 n=417153345824360231475345 elapsed=131s
progress: nodes=1,880,000,000 tested=0 found=0 n=113262375888426566236545 elapsed=132s
progress: nodes=1,890,000,000 tested=0 found=0 n=115686705474641727284265 elapsed=132s
progress: nodes=1,900,000,000 tested=0 found=0 n=44286185790880984858545 elapsed=133s
progress: nodes=1,910,000,000 tested=0 found=0 n=970631180399959451382735 elapsed=133s
progress: nodes=1,920,000,000 tested=0 found=0 n=267518562715594046775105 elapsed=134s
progress: nodes=1,930,000,000 tested=0 found=0 n=215607656848992705548955 elapsed=135s
progress: nodes=1,940,000,000 tested=0 found=0 n=20200791912777244292535 elapsed=135s
progress: nodes=1,950,000,000 tested=0 found=0 n=477106477064349321144285 elapsed=136s
progress: nodes=1,960,000,000 tested=0 found=0 n=738453309036230199139695 elapsed=137s
progress: nodes=1,970,000,000 tested=0 found=0 n=72032942380462279965045 elapsed=137s
progress: nodes=1,980,000,000 tested=0 found=0 n=71973810127775481799995 elapsed=138s
progress: nodes=1,990,000,000 tested=0 found=0 n=737871168956339664599265 elapsed=138s
progress: nodes=2,000,000,000 tested=0 found=0 n=313418624839610850459405 elapsed=139s
progress: nodes=2,010,000,000 tested=0 found=0 n=158482803111993244649655 elapsed=139s
progress: nodes=2,020,000,000 tested=0 found=0 n=32373465099908782685715 elapsed=140s
progress: nodes=2,030,000,000 tested=0 found=0 n=319855001832606963102435 elapsed=141s
progress: nodes=2,040,000,000 tested=0 found=0 n=74685808746813061942155 elapsed=141s
progress: nodes=2,050,000,000 tested=0 found=0 n=28761159021685702555185 elapsed=142s
progress: nodes=2,060,000,000 tested=0 found=0 n=34095608323754439403755 elapsed=142s
progress: nodes=2,070,000,000 tested=0 found=0 n=882324928136349834222735 elapsed=143s
progress: nodes=2,080,000,000 tested=0 found=0 n=197459083874332872519345 elapsed=144s
progress: nodes=2,090,000,000 tested=0 found=0 n=34492921359872358127635 elapsed=144s
progress: nodes=2,100,000,000 tested=0 found=0 n=187585705749887913500505 elapsed=145s
progress: nodes=2,110,000,000 tested=0 found=0 n=78394249575942140725335 elapsed=145s
progress: nodes=2,120,000,000 tested=0 found=0 n=28837722690102687911055 elapsed=146s
progress: nodes=2,130,000,000 tested=0 found=0 n=354452307969388507195185 elapsed=147s
progress: nodes=2,140,000,000 tested=0 found=0 n=91517632800136689727845 elapsed=147s
progress: nodes=2,150,000,000 tested=0 found=0 n=69203224295552308958865 elapsed=148s
progress: nodes=2,160,000,000 tested=0 found=0 n=940021784640312313521285 elapsed=148s
progress: nodes=2,170,000,000 tested=0 found=0 n=133234610415928809837885 elapsed=149s
progress: nodes=2,180,000,000 tested=0 found=0 n=207326826469791423014895 elapsed=150s
progress: nodes=2,190,000,000 tested=0 found=0 n=633578094863643769199415 elapsed=150s
progress: nodes=2,200,000,000 tested=0 found=0 n=142985081159525621703555 elapsed=151s
progress: nodes=2,210,000,000 tested=0 found=0 n=67674250908709668168165 elapsed=151s
progress: nodes=2,220,000,000 tested=0 found=0 n=801045916951271236246485 elapsed=152s
progress: nodes=2,230,000,000 tested=0 found=0 n=154272780334131199206345 elapsed=153s
progress: nodes=2,240,000,000 tested=0 found=0 n=111253821526432797798465 elapsed=153s
progress: nodes=2,250,000,000 tested=0 found=0 n=713536359156088399784655 elapsed=154s
progress: nodes=2,260,000,000 tested=0 found=0 n=431989311816123500078145 elapsed=155s
progress: nodes=2,270,000,000 tested=0 found=0 n=58364363926240365835215 elapsed=155s
progress: nodes=2,280,000,000 tested=0 found=0 n=205953506040860654936805 elapsed=156s
progress: nodes=2,290,000,000 tested=0 found=0 n=257080802304451455909315 elapsed=156s
progress: nodes=2,300,000,000 tested=0 found=0 n=431882169169565424059145 elapsed=157s
progress: nodes=2,310,000,000 tested=0 found=0 n=153892350815739107161095 elapsed=158s
progress: nodes=2,320,000,000 tested=0 found=0 n=851548035443821557908715 elapsed=158s
progress: nodes=2,330,000,000 tested=0 found=0 n=16249738719256557680385 elapsed=159s
progress: nodes=2,340,000,000 tested=0 found=0 n=222338291755281174431145 elapsed=159s
progress: nodes=2,350,000,000 tested=0 found=0 n=134918478203707079625645 elapsed=160s
progress: nodes=2,360,000,000 tested=0 found=0 n=513670375573185854054295 elapsed=160s
progress: nodes=2,370,000,000 tested=0 found=0 n=52888779384871489635015 elapsed=161s
progress: nodes=2,380,000,000 tested=0 found=0 n=14018910056980123116195 elapsed=162s
progress: nodes=2,390,000,000 tested=0 found=0 n=92169795419777136842055 elapsed=162s
progress: nodes=2,400,000,000 tested=0 found=0 n=19031866310262034805895 elapsed=163s
progress: nodes=2,410,000,000 tested=0 found=0 n=95469282738249970560615 elapsed=163s
progress: nodes=2,420,000,000 tested=0 found=0 n=426482734201469851856445 elapsed=164s
progress: nodes=2,430,000,000 tested=0 found=0 n=213370461569741439889035 elapsed=164s
progress: nodes=2,440,000,000 tested=0 found=0 n=16354022715585620874765 elapsed=165s
progress: nodes=2,450,000,000 tested=0 found=0 n=24361904637205591313385 elapsed=165s
progress: nodes=2,460,000,000 tested=0 found=0 n=36439176282132568461165 elapsed=165s
progress: nodes=2,470,000,000 tested=0 found=0 n=107720926362330498206055 elapsed=166s
progress: nodes=2,480,000,000 tested=0 found=0 n=39466276402492600555455 elapsed=166s
progress: nodes=2,490,000,000 tested=0 found=0 n=11183683309184243883465 elapsed=167s
progress: nodes=2,500,000,000 tested=0 found=0 n=454410060011660342238165 elapsed=167s
progress: nodes=2,510,000,000 tested=0 found=0 n=393944352194439076499865 elapsed=168s
progress: nodes=2,520,000,000 tested=0 found=0 n=15976401575354374933845 elapsed=168s
progress: nodes=2,530,000,000 tested=0 found=0 n=6762086194950522115515 elapsed=169s
progress: nodes=2,540,000,000 tested=0 found=0 n=13180000442688572759145 elapsed=169s
progress: nodes=2,550,000,000 tested=0 found=0 n=201432960002256858573885 elapsed=170s
progress: nodes=2,560,000,000 tested=0 found=0 n=3581951995842087556755 elapsed=170s
progress: nodes=2,570,000,000 tested=0 found=0 n=4997495782455679598535 elapsed=171s
progress: nodes=2,580,000,000 tested=0 found=0 n=745892741627449719985935 elapsed=172s
progress: nodes=2,590,000,000 tested=0 found=0 n=990642401977568939753715 elapsed=172s
progress: nodes=2,600,000,000 tested=0 found=0 n=891590102232397091420985 elapsed=173s
progress: nodes=2,610,000,000 tested=0 found=0 n=230990971463706187276785 elapsed=174s
progress: nodes=2,620,000,000 tested=0 found=0 n=76569825868539360973605 elapsed=174s
progress: nodes=2,630,000,000 tested=0 found=0 n=546698883034392187725945 elapsed=175s
progress: nodes=2,640,000,000 tested=0 found=0 n=20735471377440503961255 elapsed=176s
progress: nodes=2,650,000,000 tested=0 found=0 n=832949255374272632270565 elapsed=176s
progress: nodes=2,660,000,000 tested=0 found=0 n=862252283032672442590845 elapsed=177s
progress: nodes=2,670,000,000 tested=0 found=0 n=498338784616319225297235 elapsed=178s
progress: nodes=2,680,000,000 tested=0 found=0 n=534264443799977131926795 elapsed=179s
progress: nodes=2,690,000,000 tested=0 found=0 n=245172583948489105964715 elapsed=179s
progress: nodes=2,700,000,000 tested=0 found=0 n=89416313838423778621635 elapsed=180s
progress: nodes=2,710,000,000 tested=0 found=0 n=83907115473972705631695 elapsed=180s
progress: nodes=2,720,000,000 tested=0 found=0 n=129496378529401849254465 elapsed=181s
progress: nodes=2,730,000,000 tested=0 found=0 n=89993081505524264407395 elapsed=181s
progress: nodes=2,740,000,000 tested=0 found=0 n=124257282895267293395745 elapsed=182s
progress: nodes=2,750,000,000 tested=0 found=0 n=21421238079361974857685 elapsed=182s
progress: nodes=2,760,000,000 tested=0 found=0 n=50632901989324657723215 elapsed=183s
progress: nodes=2,770,000,000 tested=0 found=0 n=409085147818933545010095 elapsed=183s
progress: nodes=2,780,000,000 tested=0 found=0 n=516875085196959655172655 elapsed=184s
progress: nodes=2,790,000,000 tested=0 found=0 n=558385324169069626619445 elapsed=184s
progress: nodes=2,800,000,000 tested=0 found=0 n=126571675819892630642865 elapsed=185s
progress: nodes=2,810,000,000 tested=0 found=0 n=150045155571210546343455 elapsed=185s
progress: nodes=2,820,000,000 tested=0 found=0 n=284992177854017753715915 elapsed=186s
progress: nodes=2,830,000,000 tested=0 found=0 n=217683770055622375699755 elapsed=186s
progress: nodes=2,840,000,000 tested=0 found=0 n=833416951493746083425445 elapsed=187s
progress: nodes=2,850,000,000 tested=0 found=0 n=157872253114115120872665 elapsed=188s
progress: nodes=2,860,000,000 tested=0 found=0 n=790536405366775783174635 elapsed=188s
progress: nodes=2,870,000,000 tested=0 found=0 n=10244347965788021921385 elapsed=189s
progress: nodes=2,880,000,000 tested=0 found=0 n=504586670666278139674515 elapsed=189s
progress: nodes=2,890,000,000 tested=0 found=0 n=793044639070329184895565 elapsed=190s
progress: nodes=2,900,000,000 tested=0 found=0 n=15845282935246356523965 elapsed=190s
progress: nodes=2,910,000,000 tested=0 found=0 n=5992085481417319015215 elapsed=191s
progress: nodes=2,920,000,000 tested=0 found=0 n=628794248909268095813115 elapsed=191s
progress: nodes=2,930,000,000 tested=0 found=0 n=73798875739260449156115 elapsed=192s
progress: nodes=2,940,000,000 tested=0 found=0 n=3000511022227289087715 elapsed=193s
progress: nodes=2,950,000,000 tested=0 found=0 n=565339008376373228266995 elapsed=193s
progress: nodes=2,960,000,000 tested=0 found=0 n=16144596884288952104355 elapsed=194s
progress: nodes=2,970,000,000 tested=0 found=0 n=248126713125357087309915 elapsed=194s
progress: nodes=2,980,000,000 tested=0 found=0 n=498583769848018278827535 elapsed=195s
progress: nodes=2,990,000,000 tested=0 found=0 n=259464854522696170586535 elapsed=195s
progress: nodes=3,000,000,000 tested=0 found=0 n=761451218645177917053945 elapsed=196s
progress: nodes=3,010,000,000 tested=0 found=0 n=203966374028406054695685 elapsed=196s
progress: nodes=3,020,000,000 tested=0 found=0 n=348484376551250914945245 elapsed=197s
progress: nodes=3,030,000,000 tested=0 found=0 n=581513559589003799501865 elapsed=198s
progress: nodes=3,040,000,000 tested=0 found=0 n=276493240634808765645495 elapsed=198s
progress: nodes=3,050,000,000 tested=0 found=0 n=56732957334707454573795 elapsed=199s
progress: nodes=3,060,000,000 tested=0 found=0 n=863285917867716859564455 elapsed=200s
progress: nodes=3,070,000,000 tested=0 found=0 n=101762574498225587033505 elapsed=200s
progress: nodes=3,080,000,000 tested=0 found=0 n=50470552312968675700395 elapsed=201s
progress: nodes=3,090,000,000 tested=0 found=0 n=571987919033387820001665 elapsed=202s
progress: nodes=3,100,000,000 tested=0 found=0 n=112743059927078001349665 elapsed=202s
progress: nodes=3,110,000,000 tested=0 found=0 n=591777968210040428191485 elapsed=203s
progress: nodes=3,120,000,000 tested=0 found=0 n=860617946246811154779465 elapsed=204s
progress: nodes=3,130,000,000 tested=0 found=0 n=17731675490859198828135 elapsed=204s
progress: nodes=3,140,000,000 tested=0 found=0 n=1389086472712838124555 elapsed=205s
progress: nodes=3,150,000,000 tested=0 found=0 n=537675532452439488185265 elapsed=206s
progress: nodes=3,160,000,000 tested=0 found=0 n=11764530571804757688645 elapsed=206s
progress: nodes=3,170,000,000 tested=0 found=0 n=742199439748303904143095 elapsed=207s
progress: nodes=3,180,000,000 tested=0 found=0 n=286196357761241179070115 elapsed=208s
progress: nodes=3,190,000,000 tested=0 found=0 n=800524861582038844981455 elapsed=209s
progress: nodes=3,200,000,000 tested=0 found=0 n=825666063846790417692705 elapsed=210s
progress: nodes=3,210,000,000 tested=0 found=0 n=961106642772238194473835 elapsed=210s
progress: nodes=3,220,000,000 tested=0 found=0 n=865915767264542295691665 elapsed=211s
progress: nodes=3,230,000,000 tested=0 found=0 n=825609097684258506775035 elapsed=212s
progress: nodes=3,240,000,000 tested=0 found=0 n=264859403843059141103955 elapsed=213s
progress: nodes=3,250,000,000 tested=0 found=0 n=531724386152477747456865 elapsed=213s
progress: nodes=3,260,000,000 tested=0 found=0 n=161615911735136317822605 elapsed=214s
progress: nodes=3,270,000,000 tested=0 found=0 n=259423898439678984147015 elapsed=215s
progress: nodes=3,280,000,000 tested=0 found=0 n=391774377313514222583435 elapsed=216s
progress: nodes=3,290,000,000 tested=0 found=0 n=885493802490934475672955 elapsed=217s
progress: nodes=3,300,000,000 tested=0 found=0 n=641429509754325524998095 elapsed=217s
progress: nodes=3,310,000,000 tested=0 found=0 n=938142850217477718249315 elapsed=218s
progress: nodes=3,320,000,000 tested=0 found=0 n=977094956401496784967005 elapsed=219s
progress: nodes=3,330,000,000 tested=0 found=0 n=938116205559617988361095 elapsed=220s
progress: nodes=3,340,000,000 tested=0 found=0 n=543267374852704846905 elapsed=221s
progress: nodes=3,350,000,000 tested=0 found=0 n=404230887950843551246605 elapsed=221s
progress: nodes=3,360,000,000 tested=0 found=0 n=844357682671882681479705 elapsed=222s
progress: nodes=3,370,000,000 tested=0 found=0 n=133875294802680516226515 elapsed=223s
progress: nodes=3,380,000,000 tested=0 found=0 n=868279744481913559192815 elapsed=224s
progress: nodes=3,390,000,000 tested=0 found=0 n=227035995291047138982885 elapsed=225s
progress: nodes=3,400,000,000 tested=0 found=0 n=719708855556949904582145 elapsed=225s
progress: nodes=3,410,000,000 tested=0 found=0 n=349564399112136001632795 elapsed=226s
progress: nodes=3,420,000,000 tested=0 found=0 n=188227408315248976117455 elapsed=227s
progress: nodes=3,430,000,000 tested=0 found=0 n=197002023770566662303645 elapsed=228s
progress: nodes=3,440,000,000 tested=0 found=0 n=623704907358606990375855 elapsed=229s
progress: nodes=3,450,000,000 tested=0 found=0 n=149637067709115473001405 elapsed=229s
progress: nodes=3,460,000,000 tested=0 found=0 n=158441698266971740313715 elapsed=230s
progress: nodes=3,470,000,000 tested=0 found=0 n=400256457401141769033045 elapsed=231s
progress: nodes=3,480,000,000 tested=0 found=0 n=188146131443477946517185 elapsed=232s
progress: nodes=3,490,000,000 tested=0 found=0 n=15022268959227126685605 elapsed=233s
progress: nodes=3,500,000,000 tested=0 found=0 n=701516816962009516646145 elapsed=233s
progress: nodes=3,510,000,000 tested=0 found=0 n=409521231113087711812095 elapsed=234s
progress: nodes=3,520,000,000 tested=0 found=0 n=255154567928992536020535 elapsed=235s
progress: nodes=3,530,000,000 tested=0 found=0 n=143593627233654968926545 elapsed=236s
progress: nodes=3,540,000,000 tested=0 found=0 n=150836975739019568002455 elapsed=237s
progress: nodes=3,550,000,000 tested=0 found=0 n=144486977528661113702565 elapsed=238s
progress: nodes=3,560,000,000 tested=0 found=0 n=594112236060008785580505 elapsed=238s
progress: nodes=3,570,000,000 tested=0 found=0 n=56621217525204487944195 elapsed=239s
progress: nodes=3,580,000,000 tested=0 found=0 n=634162548049572053981205 elapsed=240s
progress: nodes=3,590,000,000 tested=0 found=0 n=364954800613410371806695 elapsed=241s
progress: nodes=3,600,000,000 tested=0 found=0 n=17060589253243688921505 elapsed=241s
progress: nodes=3,610,000,000 tested=0 found=0 n=591401172626145230584455 elapsed=242s
progress: nodes=3,620,000,000 tested=0 found=0 n=508174416763758142392555 elapsed=243s
progress: nodes=3,630,000,000 tested=0 found=0 n=269778852497585444360985 elapsed=243s
progress: nodes=3,640,000,000 tested=0 found=0 n=505871338502772384614505 elapsed=244s
progress: nodes=3,650,000,000 tested=0 found=0 n=753795252382334703373305 elapsed=244s
progress: nodes=3,660,000,000 tested=0 found=0 n=174903154979468161791105 elapsed=245s
progress: nodes=3,670,000,000 tested=0 found=0 n=100037068350572449692585 elapsed=245s
progress: nodes=3,680,000,000 tested=0 found=0 n=20726508330895009840065 elapsed=246s
progress: nodes=3,690,000,000 tested=0 found=0 n=119013282136641910803885 elapsed=246s
progress: nodes=3,700,000,000 tested=0 found=0 n=64271250057377321685045 elapsed=247s
progress: nodes=3,710,000,000 tested=0 found=0 n=116670370325720750599005 elapsed=247s
progress: nodes=3,720,000,000 tested=0 found=0 n=44545298301783172307205 elapsed=248s
progress: nodes=3,730,000,000 tested=0 found=0 n=913652256745898156033415 elapsed=248s
progress: nodes=3,740,000,000 tested=0 found=0 n=373702081855066463317995 elapsed=249s
progress: nodes=3,750,000,000 tested=0 found=0 n=45284449053095213186115 elapsed=249s
progress: nodes=3,760,000,000 tested=0 found=0 n=57461393810817815520735 elapsed=250s
progress: nodes=3,770,000,000 tested=0 found=0 n=248142640911283929749895 elapsed=250s
progress: nodes=3,780,000,000 tested=0 found=0 n=4870760614349927561055 elapsed=251s
progress: nodes=3,790,000,000 tested=0 found=0 n=816516188777104270766685 elapsed=252s
progress: nodes=3,800,000,000 tested=0 found=0 n=848107001292846029203095 elapsed=252s
progress: nodes=3,810,000,000 tested=0 found=0 n=995594220273329160126885 elapsed=253s
progress: nodes=3,820,000,000 tested=0 found=0 n=346813569486089892738585 elapsed=253s
progress: nodes=3,830,000,000 tested=0 found=0 n=15383913549803721928665 elapsed=254s
progress: nodes=3,840,000,000 tested=0 found=0 n=481561491621857106775095 elapsed=254s
progress: nodes=3,850,000,000 tested=0 found=0 n=968048901432956047575915 elapsed=255s
progress: nodes=3,860,000,000 tested=0 found=0 n=46410821483404964752485 elapsed=255s
progress: nodes=3,870,000,000 tested=0 found=0 n=630376444494854012217735 elapsed=256s
progress: nodes=3,880,000,000 tested=0 found=0 n=489355376516705439080505 elapsed=257s
progress: nodes=3,890,000,000 tested=0 found=0 n=33897126797653727944215 elapsed=257s
progress: nodes=3,900,000,000 tested=0 found=0 n=699970439534965596665415 elapsed=258s
progress: nodes=3,910,000,000 tested=0 found=0 n=39680137990898887225095 elapsed=258s
progress: nodes=3,920,000,000 tested=0 found=0 n=558828803184187899376035 elapsed=259s
progress: nodes=3,930,000,000 tested=0 found=0 n=95219049206103121753245 elapsed=259s
progress: nodes=3,940,000,000 tested=0 found=0 n=882835746300578799608715 elapsed=260s
progress: nodes=3,950,000,000 tested=0 found=0 n=602975257797284977338855 elapsed=261s
progress: nodes=3,960,000,000 tested=0 found=0 n=449667323536316462645805 elapsed=261s
progress: nodes=3,970,000,000 tested=0 found=0 n=340543330329823025561145 elapsed=262s
progress: nodes=3,980,000,000 tested=0 found=0 n=518533925985166954318335 elapsed=263s
progress: nodes=3,990,000,000 tested=0 found=0 n=732970861126270286493105 elapsed=263s
progress: nodes=4,000,000,000 tested=0 found=0 n=30073643194293103525065 elapsed=264s
progress: nodes=4,010,000,000 tested=0 found=0 n=763354898752375418582115 elapsed=265s
progress: nodes=4,020,000,000 tested=0 found=0 n=618258970004753639738385 elapsed=266s
progress: nodes=4,030,000,000 tested=0 found=0 n=649570792645743898772205 elapsed=266s
progress: nodes=4,040,000,000 tested=0 found=0 n=749126360013587542700505 elapsed=267s
progress: nodes=4,050,000,000 tested=0 found=0 n=941056331895291378198465 elapsed=267s
progress: nodes=4,060,000,000 tested=0 found=0 n=873357253096932652508955 elapsed=268s
progress: nodes=4,070,000,000 tested=0 found=0 n=605646028983017120515065 elapsed=269s
progress: nodes=4,080,000,000 tested=0 found=0 n=136968432449558378243355 elapsed=270s
progress: nodes=4,090,000,000 tested=0 found=0 n=822048345025962238126305 elapsed=270s
progress: nodes=4,100,000,000 tested=0 found=0 n=619798719922700507903835 elapsed=271s
progress: nodes=4,110,000,000 tested=0 found=0 n=201476664226603002777705 elapsed=272s
progress: nodes=4,120,000,000 tested=0 found=0 n=729054812502487935793395 elapsed=273s
progress: nodes=4,130,000,000 tested=0 found=0 n=763321080885913841938515 elapsed=273s
progress: nodes=4,140,000,000 tested=0 found=0 n=958372805209319653243365 elapsed=274s
progress: nodes=4,150,000,000 tested=0 found=0 n=332627899526565311845935 elapsed=275s
progress: nodes=4,160,000,000 tested=0 found=0 n=601070573467273118386815 elapsed=275s
progress: nodes=4,170,000,000 tested=0 found=0 n=966048891805886512903785 elapsed=276s
progress: nodes=4,180,000,000 tested=0 found=0 n=359097656273683455060405 elapsed=277s
progress: nodes=4,190,000,000 tested=0 found=0 n=418776239755147832123445 elapsed=278s
progress: nodes=4,200,000,000 tested=0 found=0 n=42495940015189333021305 elapsed=279s
progress: nodes=4,210,000,000 tested=0 found=0 n=915891482723780660153265 elapsed=279s
progress: nodes=4,220,000,000 tested=0 found=0 n=960556366105882606476405 elapsed=280s
progress: nodes=4,230,000,000 tested=0 found=0 n=385501474911837515526405 elapsed=281s
progress: nodes=4,240,000,000 tested=0 found=0 n=875835219339980797071735 elapsed=282s
progress: nodes=4,250,000,000 tested=0 found=0 n=555254004630097267561935 elapsed=283s
progress: nodes=4,260,000,000 tested=0 found=0 n=675409614324728248929645 elapsed=284s
progress: nodes=4,270,000,000 tested=0 found=0 n=575328348278511328709505 elapsed=284s
progress: nodes=4,280,000,000 tested=0 found=0 n=464054767593957814152285 elapsed=285s
progress: nodes=4,290,000,000 tested=0 found=0 n=303963864561931831202385 elapsed=286s
progress: nodes=4,300,000,000 tested=0 found=0 n=876085720180060087727865 elapsed=287s
progress: nodes=4,310,000,000 tested=0 found=0 n=740112808500715027307985 elapsed=288s
progress: nodes=4,320,000,000 tested=0 found=0 n=353141722820592246405645 elapsed=288s
progress: nodes=4,330,000,000 tested=0 found=0 n=855271778750188986870585 elapsed=289s
progress: nodes=4,340,000,000 tested=0 found=0 n=640929481794356585811255 elapsed=290s
progress: nodes=4,350,000,000 tested=0 found=0 n=755664407930883919128705 elapsed=291s
progress: nodes=4,360,000,000 tested=0 found=0 n=488719193049173647687995 elapsed=292s
progress: nodes=4,370,000,000 tested=0 found=0 n=296325384140405008619505 elapsed=292s
progress: nodes=4,380,000,000 tested=0 found=0 n=556935968121251001311655 elapsed=293s
progress: nodes=4,390,000,000 tested=0 found=0 n=986976573056008415006445 elapsed=294s
progress: nodes=4,400,000,000 tested=0 found=0 n=594079442836618457413035 elapsed=295s
progress: nodes=4,410,000,000 tested=0 found=0 n=373207971202072164718065 elapsed=296s
progress: nodes=4,420,000,000 tested=0 found=0 n=757499504233536839228355 elapsed=297s
progress: nodes=4,430,000,000 tested=0 found=0 n=245937580386988418867565 elapsed=297s
progress: nodes=4,440,000,000 tested=0 found=0 n=308041226309222410164435 elapsed=298s
progress: nodes=4,450,000,000 tested=0 found=0 n=388958718037504467665835 elapsed=299s
progress: nodes=4,460,000,000 tested=0 found=0 n=77693904841202651057265 elapsed=300s
progress: nodes=4,470,000,000 tested=0 found=0 n=268526899687830876610155 elapsed=301s
progress: nodes=4,480,000,000 tested=0 found=0 n=152934645354075435536235 elapsed=302s
progress: nodes=4,490,000,000 tested=0 found=0 n=1536218675379571746915 elapsed=302s
progress: nodes=4,500,000,000 tested=0 found=0 n=556810859581381548024255 elapsed=303s
progress: nodes=4,510,000,000 tested=0 found=0 n=575943932519028752535945 elapsed=304s
progress: nodes=4,520,000,000 tested=0 found=0 n=370739055100870381964445 elapsed=305s
progress: nodes=4,530,000,000 tested=0 found=0 n=57643235690366426403105 elapsed=306s
progress: nodes=4,540,000,000 tested=0 found=0 n=819143113352839913233035 elapsed=307s
progress: nodes=4,550,000,000 tested=0 found=0 n=15168957531299288575155 elapsed=307s
progress: nodes=4,560,000,000 tested=0 found=0 n=322510208847067807710705 elapsed=308s
progress: nodes=4,570,000,000 tested=0 found=0 n=96239031496723891382805 elapsed=308s
progress: nodes=4,580,000,000 tested=0 found=0 n=4772471765712003258345 elapsed=309s
progress: nodes=4,590,000,000 tested=0 found=0 n=1744958920131662398515 elapsed=309s
progress: nodes=4,600,000,000 tested=0 found=0 n=670476273226176934809765 elapsed=310s
progress: nodes=4,610,000,000 tested=0 found=0 n=130753458360586909432035 elapsed=311s
progress: nodes=4,620,000,000 tested=0 found=0 n=148061599172332179308865 elapsed=311s
progress: nodes=4,630,000,000 tested=0 found=0 n=26421622115882620179465 elapsed=312s
progress: nodes=4,640,000,000 tested=0 found=0 n=7310960763418853213805 elapsed=312s
progress: nodes=4,650,000,000 tested=0 found=0 n=730607042520620066460285 elapsed=313s
progress: nodes=4,660,000,000 tested=0 found=0 n=886456183485975213200265 elapsed=313s
progress: nodes=4,670,000,000 tested=0 found=0 n=39939649239946552104195 elapsed=314s
progress: nodes=4,680,000,000 tested=0 found=0 n=994169790795616845154965 elapsed=314s
progress: nodes=4,690,000,000 tested=0 found=0 n=86027944174885531278405 elapsed=315s
progress: nodes=4,700,000,000 tested=0 found=0 n=356575634465915322800595 elapsed=316s
progress: nodes=4,710,000,000 tested=0 found=0 n=760592185596665732604195 elapsed=316s
progress: nodes=4,720,000,000 tested=0 found=0 n=290849194530723132630315 elapsed=317s
progress: nodes=4,730,000,000 tested=0 found=0 n=983498948362723745018385 elapsed=318s
progress: nodes=4,740,000,000 tested=0 found=0 n=993154858784304791180265 elapsed=319s
progress: nodes=4,750,000,000 tested=0 found=0 n=822361150694956124371185 elapsed=319s
progress: nodes=4,760,000,000 tested=0 found=0 n=122138704971875209865445 elapsed=320s
progress: nodes=4,770,000,000 tested=0 found=0 n=879191265924998355695355 elapsed=321s
progress: nodes=4,780,000,000 tested=0 found=0 n=695740101543754995868965 elapsed=322s
progress: nodes=4,790,000,000 tested=0 found=0 n=934037836098136541792955 elapsed=322s
progress: nodes=4,800,000,000 tested=0 found=0 n=595809975019328377115445 elapsed=323s
progress: nodes=4,810,000,000 tested=0 found=0 n=50441501681137303555995 elapsed=324s
progress: nodes=4,820,000,000 tested=0 found=0 n=504004744637368380258435 elapsed=325s
progress: nodes=4,830,000,000 tested=0 found=0 n=510983391747335914603845 elapsed=325s
progress: nodes=4,840,000,000 tested=0 found=0 n=740119353588295206647715 elapsed=326s
progress: nodes=4,850,000,000 tested=0 found=0 n=498100567519567884989205 elapsed=327s
progress: nodes=4,860,000,000 tested=0 found=0 n=283169644585921176000885 elapsed=328s
progress: nodes=4,870,000,000 tested=0 found=0 n=665303692697224549168365 elapsed=329s
progress: nodes=4,880,000,000 tested=0 found=0 n=762192877439278869590655 elapsed=329s
progress: nodes=4,890,000,000 tested=0 found=0 n=547670727827519651882505 elapsed=330s
progress: nodes=4,900,000,000 tested=0 found=0 n=506019406465741139053335 elapsed=331s
progress: nodes=4,910,000,000 tested=0 found=0 n=304776480859239094945965 elapsed=332s
progress: nodes=4,920,000,000 tested=0 found=0 n=609486315726981131826255 elapsed=333s
progress: nodes=4,930,000,000 tested=0 found=0 n=373770955061666910172755 elapsed=333s
progress: nodes=4,940,000,000 tested=0 found=0 n=217757940851108628333495 elapsed=334s
progress: nodes=4,950,000,000 tested=0 found=0 n=562549639450428898288515 elapsed=335s
progress: nodes=4,960,000,000 tested=0 found=0 n=291400558624168686538065 elapsed=336s
progress: nodes=4,970,000,000 tested=0 found=0 n=961100310799357198033905 elapsed=336s
progress: nodes=4,980,000,000 tested=0 found=0 n=931321414145232148484655 elapsed=337s
progress: nodes=4,990,000,000 tested=0 found=0 n=608690942904612370008195 elapsed=338s
progress: nodes=5,000,000,000 tested=0 found=0 n=416612508857224450417845 elapsed=339s
progress: nodes=5,010,000,000 tested=0 found=0 n=42594691231990345272165 elapsed=340s
progress: nodes=5,020,000,000 tested=0 found=0 n=633825461084750361810405 elapsed=341s
progress: nodes=5,030,000,000 tested=0 found=0 n=989497684944453610480005 elapsed=341s
progress: nodes=5,040,000,000 tested=0 found=0 n=174043310746165731356805 elapsed=342s
progress: nodes=5,050,000,000 tested=0 found=0 n=865693079202136110860385 elapsed=343s
progress: nodes=5,060,000,000 tested=0 found=0 n=218176396279735520884455 elapsed=344s
progress: nodes=5,070,000,000 tested=0 found=0 n=255810738883638170074095 elapsed=345s
progress: nodes=5,080,000,000 tested=0 found=0 n=831998557337500333678095 elapsed=346s
progress: nodes=5,090,000,000 tested=0 found=0 n=807187818358266656422815 elapsed=346s
progress: nodes=5,100,000,000 tested=0 found=0 n=303857574145191940354965 elapsed=347s
progress: nodes=5,110,000,000 tested=0 found=0 n=699603758670133786195485 elapsed=348s
progress: nodes=5,120,000,000 tested=0 found=0 n=486985554786236846714055 elapsed=349s
progress: nodes=5,130,000,000 tested=0 found=0 n=272724738272137615140765 elapsed=350s
progress: nodes=5,140,000,000 tested=0 found=0 n=26521934249040488907165 elapsed=351s
progress: nodes=5,150,000,000 tested=0 found=0 n=263406898723061220197895 elapsed=351s
progress: nodes=5,160,000,000 tested=0 found=0 n=328515020165517318163305 elapsed=352s
progress: nodes=5,170,000,000 tested=0 found=0 n=420793620629808528036495 elapsed=353s
progress: nodes=5,180,000,000 tested=0 found=0 n=974933749164374805168495 elapsed=354s
progress: nodes=5,190,000,000 tested=0 found=0 n=801411799482711357453315 elapsed=355s
progress: nodes=5,200,000,000 tested=0 found=0 n=279687984217158272728005 elapsed=355s
progress: nodes=5,210,000,000 tested=0 found=0 n=116839512354367129318695 elapsed=356s
progress: nodes=5,220,000,000 tested=0 found=0 n=96413365652546853405 elapsed=357s
progress: nodes=5,230,000,000 tested=0 found=0 n=468919726071513110691165 elapsed=358s
progress: nodes=5,240,000,000 tested=0 found=0 n=564946090765999477436385 elapsed=359s
progress: nodes=5,250,000,000 tested=0 found=0 n=100356543800279931189465 elapsed=360s
progress: nodes=5,260,000,000 tested=0 found=0 n=92308812253384605714495 elapsed=361s
progress: nodes=5,270,000,000 tested=0 found=0 n=597007333232650769437305 elapsed=361s
progress: nodes=5,280,000,000 tested=0 found=0 n=885624080908833817740585 elapsed=362s
progress: nodes=5,290,000,000 tested=0 found=0 n=888026873498425588589145 elapsed=363s
progress: nodes=5,300,000,000 tested=0 found=0 n=616083190759532124935955 elapsed=364s
progress: nodes=5,310,000,000 tested=0 found=0 n=494195016149304532916535 elapsed=365s
progress: nodes=5,320,000,000 tested=0 found=0 n=672298936248420693462195 elapsed=365s
progress: nodes=5,330,000,000 tested=0 found=0 n=780709879926390653779815 elapsed=366s
progress: nodes=5,340,000,000 tested=0 found=0 n=657813952669878111716235 elapsed=367s
progress: nodes=5,350,000,000 tested=0 found=0 n=770993861101301641316535 elapsed=368s
progress: nodes=5,360,000,000 tested=0 found=0 n=463498828984981659930885 elapsed=369s
progress: nodes=5,370,000,000 tested=0 found=0 n=293619238967174651526105 elapsed=370s
progress: nodes=5,380,000,000 tested=0 found=0 n=559202332534705012807665 elapsed=370s
progress: nodes=5,390,000,000 tested=0 found=0 n=625938135619904182117845 elapsed=371s
progress: nodes=5,400,000,000 tested=0 found=0 n=651914116013927814880635 elapsed=372s
progress: nodes=5,410,000,000 tested=0 found=0 n=940224826942360932323835 elapsed=373s
progress: nodes=5,420,000,000 tested=0 found=0 n=568186627442152939938135 elapsed=373s
progress: nodes=5,430,000,000 tested=0 found=0 n=314264149681241109355335 elapsed=374s
progress: nodes=5,440,000,000 tested=0 found=0 n=196741080035115713991135 elapsed=375s
progress: nodes=5,450,000,000 tested=0 found=0 n=176201208000145173469635 elapsed=375s
progress: nodes=5,460,000,000 tested=0 found=0 n=132347918411197172396955 elapsed=376s
progress: nodes=5,470,000,000 tested=0 found=0 n=178633672900691312572785 elapsed=376s
progress: nodes=5,480,000,000 tested=0 found=0 n=74615685069821905009935 elapsed=377s
progress: nodes=5,490,000,000 tested=0 found=0 n=470902246533944963198505 elapsed=378s
progress: nodes=5,500,000,000 tested=0 found=0 n=182867691815436773605185 elapsed=378s
progress: nodes=5,510,000,000 tested=0 found=0 n=388060459023818815367265 elapsed=379s
progress: nodes=5,520,000,000 tested=0 found=0 n=238321885095213637577805 elapsed=380s
progress: nodes=5,530,000,000 tested=0 found=0 n=209956209079371972744285 elapsed=380s
progress: nodes=5,540,000,000 tested=0 found=0 n=233386566372907292559555 elapsed=381s
progress: nodes=5,550,000,000 tested=0 found=0 n=554434971644741195387115 elapsed=382s
progress: nodes=5,560,000,000 tested=0 found=0 n=902473933138354281562605 elapsed=383s
progress: nodes=5,570,000,000 tested=0 found=0 n=10774722985214858505 elapsed=383s
progress: nodes=5,580,000,000 tested=0 found=0 n=144307665025666215365655 elapsed=384s
progress: nodes=5,590,000,000 tested=0 found=0 n=9465612484771349271585 elapsed=384s
progress: nodes=5,600,000,000 tested=0 found=0 n=7973305453898430904665 elapsed=385s
progress: nodes=5,610,000,000 tested=0 found=0 n=206446962523690292751765 elapsed=386s
progress: nodes=5,620,000,000 tested=0 found=0 n=321271318206872226590265 elapsed=386s
progress: nodes=5,630,000,000 tested=0 found=0 n=968364650471527926046485 elapsed=387s
progress: nodes=5,640,000,000 tested=0 found=0 n=152168923392809214721005 elapsed=388s
progress: nodes=5,650,000,000 tested=0 found=0 n=908888907496920547248315 elapsed=388s
progress: nodes=5,660,000,000 tested=0 found=0 n=643212906240463854748695 elapsed=389s
progress: nodes=5,670,000,000 tested=0 found=0 n=342182766762273405191355 elapsed=390s
progress: nodes=5,680,000,000 tested=0 found=0 n=511931313771269886520785 elapsed=390s
progress: nodes=5,690,000,000 tested=0 found=0 n=476041765296421947534615 elapsed=391s
progress: nodes=5,700,000,000 tested=0 found=0 n=82353238714905220443645 elapsed=392s
progress: nodes=5,710,000,000 tested=0 found=0 n=955103197400153747404965 elapsed=393s
progress: nodes=5,720,000,000 tested=0 found=0 n=536507327299682872963665 elapsed=393s
progress: nodes=5,730,000,000 tested=0 found=0 n=728214263676550859402205 elapsed=394s
progress: nodes=5,740,000,000 tested=0 found=0 n=306783656765533986608295 elapsed=395s
progress: nodes=5,750,000,000 tested=0 found=0 n=213895883077225769911095 elapsed=396s
progress: nodes=5,760,000,000 tested=0 found=0 n=615842154286541374632165 elapsed=396s
progress: nodes=5,770,000,000 tested=0 found=0 n=1052029871772660140085 elapsed=397s
progress: nodes=5,780,000,000 tested=0 found=0 n=860599111862284951531815 elapsed=398s
progress: nodes=5,790,000,000 tested=0 found=0 n=739883050014303645689745 elapsed=398s
progress: nodes=5,800,000,000 tested=0 found=0 n=183617766815021507116665 elapsed=399s
progress: nodes=5,810,000,000 tested=0 found=0 n=285781448525139456450165 elapsed=400s
progress: nodes=5,820,000,000 tested=0 found=0 n=762509464007052628048545 elapsed=401s
progress: nodes=5,830,000,000 tested=0 found=0 n=508567960793227255718985 elapsed=401s
progress: nodes=5,840,000,000 tested=0 found=0 n=830200976665970577239385 elapsed=402s
progress: nodes=5,850,000,000 tested=0 found=0 n=495408727232768263005135 elapsed=403s
progress: nodes=5,860,000,000 tested=0 found=0 n=725025606838127121700305 elapsed=403s
progress: nodes=5,870,000,000 tested=0 found=0 n=106895186640119972311965 elapsed=404s
progress: nodes=5,880,000,000 tested=0 found=0 n=689820594878507170983795 elapsed=405s
progress: nodes=5,890,000,000 tested=0 found=0 n=4879188451331073479655 elapsed=406s
progress: nodes=5,900,000,000 tested=0 found=0 n=809056561269536878958055 elapsed=406s
progress: nodes=5,910,000,000 tested=0 found=0 n=360929134642697127308835 elapsed=407s
progress: nodes=5,920,000,000 tested=0 found=0 n=781191984589618986839565 elapsed=408s
progress: nodes=5,930,000,000 tested=0 found=0 n=50814763396956025146405 elapsed=409s
progress: nodes=5,940,000,000 tested=0 found=0 n=615666360939275175313905 elapsed=410s
progress: nodes=5,950,000,000 tested=0 found=0 n=884128880605124411766135 elapsed=410s
progress: nodes=5,960,000,000 tested=0 found=0 n=204645112176797600795685 elapsed=411s
progress: nodes=5,970,000,000 tested=0 found=0 n=109356586051046642144595 elapsed=412s
progress: nodes=5,980,000,000 tested=0 found=0 n=757152886357340573120955 elapsed=413s
progress: nodes=5,990,000,000 tested=0 found=0 n=743774663552585969942055 elapsed=414s
progress: nodes=6,000,000,000 tested=0 found=0 n=240647558433607071020835 elapsed=415s
progress: nodes=6,010,000,000 tested=0 found=0 n=109091756939810985662355 elapsed=415s
progress: nodes=6,020,000,000 tested=0 found=0 n=526333697608988444740785 elapsed=416s
progress: nodes=6,030,000,000 tested=0 found=0 n=246025252804014418992345 elapsed=417s
progress: nodes=6,040,000,000 tested=0 found=0 n=330085697699741835842595 elapsed=418s
progress: nodes=6,050,000,000 tested=0 found=0 n=742709808145224508959315 elapsed=419s
progress: nodes=6,060,000,000 tested=0 found=0 n=252383310404619410606535 elapsed=419s
progress: nodes=6,070,000,000 tested=0 found=0 n=372187640786944243307805 elapsed=420s
progress: nodes=6,080,000,000 tested=0 found=0 n=389633397100382406941145 elapsed=421s
progress: nodes=6,090,000,000 tested=0 found=0 n=131878100230976919558915 elapsed=422s
progress: nodes=6,100,000,000 tested=0 found=0 n=64816184490004147915935 elapsed=423s
progress: nodes=6,110,000,000 tested=0 found=0 n=331743409434785759874705 elapsed=424s
progress: nodes=6,120,000,000 tested=0 found=0 n=56494687805253903943485 elapsed=424s
progress: nodes=6,130,000,000 tested=0 found=0 n=45920366056067949264555 elapsed=425s
progress: nodes=6,140,000,000 tested=0 found=0 n=54898529413514390478765 elapsed=426s
progress: nodes=6,150,000,000 tested=0 found=0 n=40594491533189438030835 elapsed=427s
progress: nodes=6,160,000,000 tested=0 found=0 n=548593501929045041335185 elapsed=428s
progress: nodes=6,170,000,000 tested=0 found=0 n=99057415152368952912105 elapsed=428s
progress: nodes=6,180,000,000 tested=0 found=0 n=664427271620661742581795 elapsed=429s
progress: nodes=6,190,000,000 tested=0 found=0 n=4257530135563808882295 elapsed=430s
progress: nodes=6,200,000,000 tested=0 found=0 n=1210792605390804645 elapsed=431s
progress: nodes=6,210,000,000 tested=0 found=0 n=742613510895649898168565 elapsed=431s
progress: nodes=6,220,000,000 tested=0 found=0 n=30905720674396290948555 elapsed=431s
progress: nodes=6,230,000,000 tested=0 found=0 n=908435353718340331785 elapsed=432s
progress: nodes=6,240,000,000 tested=0 found=0 n=287889529058314323966045 elapsed=433s
progress: nodes=6,250,000,000 tested=0 found=0 n=14932555653943895183865 elapsed=433s
progress: nodes=6,260,000,000 tested=0 found=0 n=633487813148089049283045 elapsed=434s
progress: nodes=6,270,000,000 tested=0 found=0 n=943165829298970422593415 elapsed=435s
progress: nodes=6,280,000,000 tested=0 found=0 n=345841797053564513621865 elapsed=435s
progress: nodes=6,290,000,000 tested=0 found=0 n=486746722714916190285 elapsed=436s
progress: nodes=6,300,000,000 tested=0 found=0 n=187097196424993441893405 elapsed=437s
progress: nodes=6,310,000,000 tested=0 found=0 n=750143342242488334111785 elapsed=438s
progress: nodes=6,320,000,000 tested=0 found=0 n=536813944338212625654405 elapsed=438s
progress: nodes=6,330,000,000 tested=0 found=0 n=279198962592508305858555 elapsed=439s
progress: nodes=6,340,000,000 tested=0 found=0 n=344520254422933634296845 elapsed=440s
progress: nodes=6,350,000,000 tested=0 found=0 n=312018261092713979536095 elapsed=441s
progress: nodes=6,360,000,000 tested=0 found=0 n=891725847617228716792755 elapsed=442s
progress: nodes=6,370,000,000 tested=0 found=0 n=994302291062288513191095 elapsed=442s
progress: nodes=6,380,000,000 tested=0 found=0 n=479154785041605644139465 elapsed=443s
progress: nodes=6,390,000,000 tested=0 found=0 n=505832328179417429807265 elapsed=444s
progress: nodes=6,400,000,000 tested=0 found=0 n=172032585688382250778155 elapsed=445s
progress: nodes=6,410,000,000 tested=0 found=0 n=30131223463441677810915 elapsed=445s
progress: nodes=6,420,000,000 tested=0 found=0 n=737908244878036856446845 elapsed=446s
progress: nodes=6,430,000,000 tested=0 found=0 n=279819027673434389535615 elapsed=447s
progress: nodes=6,440,000,000 tested=0 found=0 n=826393606274791237211595 elapsed=448s
progress: nodes=6,450,000,000 tested=0 found=0 n=146281391449560473977035 elapsed=448s
progress: nodes=6,460,000,000 tested=0 found=0 n=239852496626558792248635 elapsed=449s
progress: nodes=6,470,000,000 tested=0 found=0 n=367159190145289379209845 elapsed=450s
progress: nodes=6,480,000,000 tested=0 found=0 n=441373350222795337906185 elapsed=451s
progress: nodes=6,490,000,000 tested=0 found=0 n=196036769426348513733345 elapsed=452s
progress: nodes=6,500,000,000 tested=0 found=0 n=108832673425460877139005 elapsed=452s
progress: nodes=6,510,000,000 tested=0 found=0 n=960565339434678176251305 elapsed=453s
progress: nodes=6,520,000,000 tested=0 found=0 n=587334067740197793567585 elapsed=454s
progress: nodes=6,530,000,000 tested=0 found=0 n=112526396845043285563965 elapsed=455s
progress: nodes=6,540,000,000 tested=0 found=0 n=303322880812062905386065 elapsed=456s
progress: nodes=6,550,000,000 tested=0 found=0 n=928763975825728876586115 elapsed=456s
progress: nodes=6,560,000,000 tested=0 found=0 n=128320962397828883360865 elapsed=457s
progress: nodes=6,570,000,000 tested=0 found=0 n=161422565759975707039215 elapsed=458s
progress: nodes=6,580,000,000 tested=0 found=0 n=430922083972868990117055 elapsed=459s
progress: nodes=6,590,000,000 tested=0 found=0 n=841035500378731372313115 elapsed=460s
progress: nodes=6,600,000,000 tested=0 found=0 n=514954816855297015586895 elapsed=460s
progress: nodes=6,610,000,000 tested=0 found=0 n=330949182024485556125715 elapsed=461s
progress: nodes=6,620,000,000 tested=0 found=0 n=65047757481622833652845 elapsed=462s
progress: nodes=6,630,000,000 tested=0 found=0 n=281321579523972494317635 elapsed=463s
progress: nodes=6,640,000,000 tested=0 found=0 n=23845715538983410040595 elapsed=464s
progress: nodes=6,650,000,000 tested=0 found=0 n=533263507559598533361435 elapsed=465s
progress: nodes=6,660,000,000 tested=0 found=0 n=555120755376183957167955 elapsed=465s
progress: nodes=6,670,000,000 tested=0 found=0 n=524952998799550603094835 elapsed=466s
progress: nodes=6,680,000,000 tested=0 found=0 n=87163361644830051417705 elapsed=467s
progress: nodes=6,690,000,000 tested=0 found=0 n=984898466305928770483305 elapsed=468s
progress: nodes=6,700,000,000 tested=0 found=0 n=38584355725429600371615 elapsed=469s
progress: nodes=6,710,000,000 tested=0 found=0 n=32526324110459278144485 elapsed=470s
progress: nodes=6,720,000,000 tested=0 found=0 n=169688223212348616757245 elapsed=471s
progress: nodes=6,730,000,000 tested=0 found=0 n=618083476918049099756205 elapsed=471s
progress: nodes=6,740,000,000 tested=0 found=0 n=7305385138288016512095 elapsed=472s
progress: nodes=6,750,000,000 tested=0 found=0 n=10853216777963238940305 elapsed=473s
progress: nodes=6,760,000,000 tested=0 found=0 n=939089264627925680414805 elapsed=473s
progress: nodes=6,770,000,000 tested=0 found=0 n=604000472159131195117365 elapsed=474s
progress: nodes=6,780,000,000 tested=0 found=0 n=422056116165533120725905 elapsed=475s
progress: nodes=6,790,000,000 tested=0 found=0 n=871156110306995572164435 elapsed=476s
progress: nodes=6,800,000,000 tested=0 found=0 n=487827353110287118173795 elapsed=477s
progress: nodes=6,810,000,000 tested=0 found=0 n=230901324092395347474765 elapsed=477s
progress: nodes=6,820,000,000 tested=0 found=0 n=2683935819589134658185 elapsed=478s
progress: nodes=6,830,000,000 tested=0 found=0 n=283828384566278700494445 elapsed=478s
progress: nodes=6,840,000,000 tested=0 found=0 n=878154229862589324928635 elapsed=479s
progress: nodes=6,850,000,000 tested=0 found=0 n=381377158816155692143635 elapsed=480s
progress: nodes=6,860,000,000 tested=0 found=0 n=169774285901078496221595 elapsed=481s
progress: nodes=6,870,000,000 tested=0 found=0 n=43700502738122031987405 elapsed=482s
progress: nodes=6,880,000,000 tested=0 found=0 n=764172162895321806971895 elapsed=482s
progress: nodes=6,890,000,000 tested=0 found=0 n=366084483909834368808855 elapsed=483s
progress: nodes=6,900,000,000 tested=0 found=0 n=98037277651610273719215 elapsed=484s
progress: nodes=6,910,000,000 tested=0 found=0 n=136359403960441320149535 elapsed=485s
progress: nodes=6,920,000,000 tested=0 found=0 n=604590030727673581219365 elapsed=486s
progress: nodes=6,930,000,000 tested=0 found=0 n=382577391480698277078105 elapsed=486s
progress: nodes=6,940,000,000 tested=0 found=0 n=280164093419264003403795 elapsed=487s
progress: nodes=6,950,000,000 tested=0 found=0 n=369675911613775580484165 elapsed=488s
progress: nodes=6,960,000,000 tested=0 found=0 n=223478870161304677807305 elapsed=489s
progress: nodes=6,970,000,000 tested=0 found=0 n=663067069450535317396455 elapsed=490s
progress: nodes=6,980,000,000 tested=0 found=0 n=881868043938049781744835 elapsed=490s
progress: nodes=6,990,000,000 tested=0 found=0 n=576333394168541327461935 elapsed=491s
progress: nodes=7,000,000,000 tested=0 found=0 n=593066435324789925211185 elapsed=492s
progress: nodes=7,010,000,000 tested=0 found=0 n=731105660163115913210865 elapsed=493s
progress: nodes=7,020,000,000 tested=0 found=0 n=302562011909051295222195 elapsed=494s
progress: nodes=7,030,000,000 tested=0 found=0 n=126868850403864114878145 elapsed=494s
progress: nodes=7,040,000,000 tested=0 found=0 n=714340067768731996301655 elapsed=495s
progress: nodes=7,050,000,000 tested=0 found=0 n=185102407076855937380415 elapsed=496s
progress: nodes=7,060,000,000 tested=0 found=0 n=722808869103123222514545 elapsed=497s
progress: nodes=7,070,000,000 tested=0 found=0 n=363792745410676921111905 elapsed=498s
progress: nodes=7,080,000,000 tested=0 found=0 n=134022570872984683987185 elapsed=499s
progress: nodes=7,090,000,000 tested=0 found=0 n=306482092822202046255 elapsed=500s
progress: nodes=7,100,000,000 tested=0 found=0 n=338813491036455918799965 elapsed=500s
progress: nodes=7,110,000,000 tested=0 found=0 n=153627401232146288814345 elapsed=501s
progress: nodes=7,120,000,000 tested=0 found=0 n=119900554972093965686265 elapsed=502s
progress: nodes=7,130,000,000 tested=0 found=0 n=11583168565571118489105 elapsed=503s
progress: nodes=7,140,000,000 tested=0 found=0 n=36192195983898603902385 elapsed=504s
progress: nodes=7,150,000,000 tested=0 found=0 n=503673077463051394899495 elapsed=505s
progress: nodes=7,160,000,000 tested=0 found=0 n=797649601757567631736455 elapsed=505s
progress: nodes=7,170,000,000 tested=0 found=0 n=247761043908128339033115 elapsed=506s
progress: nodes=7,180,000,000 tested=0 found=0 n=546943361239975203030285 elapsed=507s
progress: nodes=7,190,000,000 tested=0 found=0 n=125318280971557924300215 elapsed=508s
progress: nodes=7,200,000,000 tested=0 found=0 n=130786824259267483870035 elapsed=509s
progress: nodes=7,210,000,000 tested=0 found=0 n=812766702853475818557615 elapsed=510s
progress: nodes=7,220,000,000 tested=0 found=0 n=70932536612615635560405 elapsed=510s
progress: nodes=7,230,000,000 tested=0 found=0 n=111484416610005265332495 elapsed=511s
progress: nodes=7,240,000,000 tested=0 found=0 n=607534231046463535734315 elapsed=512s
progress: nodes=7,250,000,000 tested=0 found=0 n=259634939413418800188705 elapsed=513s
progress: nodes=7,260,000,000 tested=0 found=0 n=267847967146055778596565 elapsed=514s
progress: nodes=7,270,000,000 tested=0 found=0 n=53923091357376964527255 elapsed=515s
progress: nodes=7,280,000,000 tested=0 found=0 n=305831540619923404310235 elapsed=515s
progress: nodes=7,290,000,000 tested=0 found=0 n=23586587601527264341995 elapsed=516s
progress: nodes=7,300,000,000 tested=0 found=0 n=672676857081930553498305 elapsed=517s
progress: nodes=7,310,000,000 tested=0 found=0 n=750453341664548692200195 elapsed=518s
progress: nodes=7,320,000,000 tested=0 found=0 n=908915918124623933723265 elapsed=519s
progress: nodes=7,330,000,000 tested=0 found=0 n=119659472596276068818835 elapsed=520s
progress: nodes=7,340,000,000 tested=0 found=0 n=30397572844225616609415 elapsed=521s
progress: nodes=7,350,000,000 tested=0 found=0 n=18014497004353117999005 elapsed=522s
progress: nodes=7,360,000,000 tested=0 found=0 n=13407333643522692068085 elapsed=523s
progress: nodes=7,370,000,000 tested=0 found=0 n=475595703224430541434495 elapsed=523s
progress: nodes=7,380,000,000 tested=0 found=0 n=791203120386248951366535 elapsed=524s
progress: nodes=7,390,000,000 tested=0 found=0 n=511155897204251831162895 elapsed=525s
progress: nodes=7,400,000,000 tested=0 found=0 n=89570112393979938865815 elapsed=526s
progress: nodes=7,410,000,000 tested=0 found=0 n=103343481721263173322735 elapsed=527s
progress: nodes=7,420,000,000 tested=0 found=0 n=990686651124269940443955 elapsed=528s
progress: nodes=7,430,000,000 tested=0 found=0 n=811689564765381698284515 elapsed=528s
progress: nodes=7,440,000,000 tested=0 found=0 n=544050686120287550914215 elapsed=529s
progress: nodes=7,450,000,000 tested=0 found=0 n=605060854114568101445745 elapsed=530s
progress: nodes=7,460,000,000 tested=0 found=0 n=99982543693071229390035 elapsed=531s
progress: nodes=7,470,000,000 tested=0 found=0 n=20386581641209323885015 elapsed=532s
progress: nodes=7,480,000,000 tested=0 found=0 n=704479123616542605104895 elapsed=533s
progress: nodes=7,490,000,000 tested=0 found=0 n=112014849335776400042865 elapsed=534s
progress: nodes=7,500,000,000 tested=0 found=0 n=3034823727696334843005 elapsed=534s
progress: nodes=7,510,000,000 tested=0 found=0 n=752392974519417049942365 elapsed=535s
progress: nodes=7,520,000,000 tested=0 found=0 n=86425551362681339149935 elapsed=536s
progress: nodes=7,530,000,000 tested=0 found=0 n=440612887092822295136505 elapsed=537s
progress: nodes=7,540,000,000 tested=0 found=0 n=145573208890277610796695 elapsed=538s
progress: nodes=7,550,000,000 tested=0 found=0 n=24649965910453425459885 elapsed=539s
progress: nodes=7,560,000,000 tested=0 found=0 n=362104168692118930875765 elapsed=540s
progress: nodes=7,570,000,000 tested=0 found=0 n=72996567055149946657185 elapsed=541s
progress: nodes=7,580,000,000 tested=0 found=0 n=9562679063123143142295 elapsed=541s
progress: nodes=7,590,000,000 tested=0 found=0 n=463907482358347022740965 elapsed=542s
progress: nodes=7,600,000,000 tested=0 found=0 n=26211610675494476613315 elapsed=543s
progress: nodes=7,610,000,000 tested=0 found=0 n=136739253782507208386895 elapsed=544s
progress: nodes=7,620,000,000 tested=0 found=0 n=814571161001069421110535 elapsed=545s
progress: nodes=7,630,000,000 tested=0 found=0 n=458661532820241062189295 elapsed=545s
progress: nodes=7,640,000,000 tested=0 found=0 n=801662098025562538529655 elapsed=546s
progress: nodes=7,650,000,000 tested=0 found=0 n=212374833590057599246995 elapsed=547s
progress: nodes=7,660,000,000 tested=0 found=0 n=7166529759284999110755 elapsed=548s

done in 548.2s | nodes=7,665,928,752 | tested=0 | weird=0
