search v2: odd=True, N_CAP=1.00e+24, DELTA_MAX=1.0e+07, MIN_DEPTH=6
SPF shard: smallest prime factor = 3
P2 sub-shard: second prime factor = 5
P3 sub-sub-shard: third prime factor = 11
progress: nodes=10,000,000 tested=0 found=0 n=553871259039931787109375 elapsed=1s
progress: nodes=20,000,000 tested=0 found=0 n=668822889438729931640625 elapsed=2s
progress: nodes=30,000,000 tested=0 found=0 n=985434482764844384765625 elapsed=2s
progress: nodes=40,000,000 tested=0 found=0 n=711745026524089013671875 elapsed=3s
progress: nodes=50,000,000 tested=0 found=0 n=728099495626817724609375 elapsed=4s
progress: nodes=60,000,000 tested=0 found=0 n=679233205024698779296875 elapsed=4s
progress: nodes=70,000,000 tested=0 found=0 n=885662178012354638671875 elapsed=5s
progress: nodes=80,000,000 tested=0 found=0 n=640799535883931982421875 elapsed=5s
progress: nodes=90,000,000 tested=0 found=0 n=764125838609101611328125 elapsed=6s
progress: nodes=100,000,000 tested=0 found=0 n=465218583990008642578125 elapsed=7s
progress: nodes=110,000,000 tested=0 found=0 n=991211346068098095703125 elapsed=7s
progress: nodes=120,000,000 tested=0 found=0 n=337001487878064990234375 elapsed=8s
progress: nodes=130,000,000 tested=0 found=0 n=591324179450540185546875 elapsed=8s
progress: nodes=140,000,000 tested=0 found=0 n=763989973546740380859375 elapsed=9s
progress: nodes=150,000,000 tested=0 found=0 n=279448706366818505859375 elapsed=10s
progress: nodes=160,000,000 tested=0 found=0 n=648764933432967333984375 elapsed=10s
progress: nodes=170,000,000 tested=0 found=0 n=701120635894872509765625 elapsed=11s
progress: nodes=180,000,000 tested=0 found=0 n=781014012977886767578125 elapsed=11s
progress: nodes=190,000,000 tested=0 found=0 n=984415362796224755859375 elapsed=12s
progress: nodes=200,000,000 tested=0 found=0 n=900864124777735400390625 elapsed=13s
progress: nodes=210,000,000 tested=0 found=0 n=830761759239023583984375 elapsed=13s
progress: nodes=220,000,000 tested=0 found=0 n=917935939541144970703125 elapsed=14s
progress: nodes=230,000,000 tested=0 found=0 n=273199155383113330078125 elapsed=14s
progress: nodes=240,000,000 tested=0 found=0 n=946134276023180126953125 elapsed=15s
progress: nodes=250,000,000 tested=0 found=0 n=763391951923455615234375 elapsed=15s
progress: nodes=260,000,000 tested=0 found=0 n=944959477278717333984375 elapsed=16s
progress: nodes=270,000,000 tested=0 found=0 n=454533231611573876953125 elapsed=17s
progress: nodes=280,000,000 tested=0 found=0 n=360047408182911474609375 elapsed=17s
progress: nodes=290,000,000 tested=0 found=0 n=325218042138462451171875 elapsed=18s
progress: nodes=300,000,000 tested=0 found=0 n=147193828643246923828125 elapsed=18s
progress: nodes=310,000,000 tested=0 found=0 n=560786117874840966796875 elapsed=19s
progress: nodes=320,000,000 tested=0 found=0 n=593015311406697802734375 elapsed=19s
progress: nodes=330,000,000 tested=0 found=0 n=500503486507707568359375 elapsed=20s
progress: nodes=340,000,000 tested=0 found=0 n=237433145796285205078125 elapsed=20s
progress: nodes=350,000,000 tested=0 found=0 n=383841997762215673828125 elapsed=21s
progress: nodes=360,000,000 tested=0 found=0 n=847351527620830224609375 elapsed=21s
progress: nodes=370,000,000 tested=0 found=0 n=332211073487524365234375 elapsed=22s
progress: nodes=380,000,000 tested=0 found=0 n=574392123851002294921875 elapsed=22s
progress: nodes=390,000,000 tested=0 found=0 n=686188905286214794921875 elapsed=23s
progress: nodes=400,000,000 tested=0 found=0 n=512087387378075244140625 elapsed=23s
progress: nodes=410,000,000 tested=0 found=0 n=382171281995448193359375 elapsed=24s
progress: nodes=420,000,000 tested=0 found=0 n=490112898586296240234375 elapsed=24s
progress: nodes=430,000,000 tested=0 found=0 n=647848929998139697265625 elapsed=25s
progress: nodes=440,000,000 tested=0 found=0 n=350001209175078076171875 elapsed=25s
progress: nodes=450,000,000 tested=0 found=0 n=332767060645227978515625 elapsed=26s
progress: nodes=460,000,000 tested=0 found=0 n=793439705747791845703125 elapsed=26s
progress: nodes=470,000,000 tested=0 found=0 n=213749068873536474609375 elapsed=27s
progress: nodes=480,000,000 tested=0 found=0 n=493753991720106884765625 elapsed=27s
progress: nodes=490,000,000 tested=0 found=0 n=399129032336788037109375 elapsed=28s
progress: nodes=500,000,000 tested=0 found=0 n=318276208180288037109375 elapsed=28s
progress: nodes=510,000,000 tested=0 found=0 n=576150442893752783203125 elapsed=29s
progress: nodes=520,000,000 tested=0 found=0 n=78226885022474267578125 elapsed=29s
progress: nodes=530,000,000 tested=0 found=0 n=183676866596277978515625 elapsed=30s
progress: nodes=540,000,000 tested=0 found=0 n=302711714633384912109375 elapsed=30s
progress: nodes=550,000,000 tested=0 found=0 n=317145962576522900390625 elapsed=31s
progress: nodes=560,000,000 tested=0 found=0 n=292573621476119091796875 elapsed=31s
progress: nodes=570,000,000 tested=0 found=0 n=297659777571864404296875 elapsed=32s
progress: nodes=580,000,000 tested=0 found=0 n=289524789492048193359375 elapsed=32s
progress: nodes=590,000,000 tested=0 found=0 n=274165588481830224609375 elapsed=33s
progress: nodes=600,000,000 tested=0 found=0 n=186167906063846630859375 elapsed=33s
progress: nodes=610,000,000 tested=0 found=0 n=680447872150862255859375 elapsed=34s
progress: nodes=620,000,000 tested=0 found=0 n=382626925580636279296875 elapsed=34s
progress: nodes=630,000,000 tested=0 found=0 n=146597393703519580078125 elapsed=35s
progress: nodes=640,000,000 tested=0 found=0 n=89255278918347802734375 elapsed=35s
progress: nodes=650,000,000 tested=0 found=0 n=240374180339111865234375 elapsed=36s
progress: nodes=660,000,000 tested=0 found=0 n=708010701592755322265625 elapsed=36s
progress: nodes=670,000,000 tested=0 found=0 n=183292056404175146484375 elapsed=37s
progress: nodes=680,000,000 tested=0 found=0 n=45168394535274462890625 elapsed=37s
progress: nodes=690,000,000 tested=0 found=0 n=270709446707807958984375 elapsed=38s
progress: nodes=700,000,000 tested=0 found=0 n=81504972824590283203125 elapsed=38s
progress: nodes=710,000,000 tested=0 found=0 n=275860947814712841796875 elapsed=39s
progress: nodes=720,000,000 tested=0 found=0 n=609074624454074560546875 elapsed=39s
progress: nodes=730,000,000 tested=0 found=0 n=732801303413326318359375 elapsed=40s
progress: nodes=740,000,000 tested=0 found=0 n=644926846537428662109375 elapsed=40s
progress: nodes=750,000,000 tested=0 found=0 n=494844985151757861328125 elapsed=41s
progress: nodes=760,000,000 tested=0 found=0 n=221897752086429052734375 elapsed=41s
progress: nodes=770,000,000 tested=0 found=0 n=165483231234455126953125 elapsed=41s
progress: nodes=780,000,000 tested=0 found=0 n=185086041790090869140625 elapsed=42s
progress: nodes=790,000,000 tested=0 found=0 n=437143287565080615234375 elapsed=42s
progress: nodes=800,000,000 tested=0 found=0 n=205204383877754443359375 elapsed=43s
progress: nodes=810,000,000 tested=0 found=0 n=536273469843218701171875 elapsed=43s
progress: nodes=820,000,000 tested=0 found=0 n=214940529075313916015625 elapsed=44s
progress: nodes=830,000,000 tested=0 found=0 n=191895458636547509765625 elapsed=44s
progress: nodes=840,000,000 tested=0 found=0 n=207387505339673291015625 elapsed=45s
progress: nodes=850,000,000 tested=0 found=0 n=271687847039862451171875 elapsed=45s
progress: nodes=860,000,000 tested=0 found=0 n=107931628744788427734375 elapsed=46s
progress: nodes=870,000,000 tested=0 found=0 n=33110518893557080078125 elapsed=46s
progress: nodes=880,000,000 tested=0 found=0 n=542134658176857861328125 elapsed=47s
progress: nodes=890,000,000 tested=0 found=0 n=206626287521328662109375 elapsed=47s
progress: nodes=900,000,000 tested=0 found=0 n=454859087765747607421875 elapsed=48s
progress: nodes=910,000,000 tested=0 found=0 n=152599371140105419921875 elapsed=48s
progress: nodes=920,000,000 tested=0 found=0 n=235491542726551611328125 elapsed=49s
progress: nodes=930,000,000 tested=0 found=0 n=184753111980594287109375 elapsed=49s
progress: nodes=940,000,000 tested=0 found=0 n=137176011143822900390625 elapsed=50s
progress: nodes=950,000,000 tested=0 found=0 n=69835187790548876953125 elapsed=50s
progress: nodes=960,000,000 tested=0 found=0 n=67900230501647607421875 elapsed=51s
progress: nodes=970,000,000 tested=0 found=0 n=166560852551061181640625 elapsed=51s
progress: nodes=980,000,000 tested=0 found=0 n=104113806987610986328125 elapsed=52s
progress: nodes=990,000,000 tested=0 found=0 n=163271665080915380859375 elapsed=52s
progress: nodes=1,000,000,000 tested=0 found=0 n=203285724738491162109375 elapsed=53s
progress: nodes=1,010,000,000 tested=0 found=0 n=157961063158975634765625 elapsed=53s
progress: nodes=1,020,000,000 tested=0 found=0 n=170079199634194189453125 elapsed=54s
progress: nodes=1,030,000,000 tested=0 found=0 n=553041054087710009765625 elapsed=55s
progress: nodes=1,040,000,000 tested=0 found=0 n=492540482076729345703125 elapsed=55s
progress: nodes=1,050,000,000 tested=0 found=0 n=645036137598682177734375 elapsed=55s
progress: nodes=1,060,000,000 tested=0 found=0 n=328323393945291357421875 elapsed=56s
progress: nodes=1,070,000,000 tested=0 found=0 n=942409943314629345703125 elapsed=56s
progress: nodes=1,080,000,000 tested=0 found=0 n=296671568065000927734375 elapsed=57s
progress: nodes=1,090,000,000 tested=0 found=0 n=300931489324371533203125 elapsed=57s
progress: nodes=1,100,000,000 tested=0 found=0 n=407596409736480615234375 elapsed=58s
progress: nodes=1,110,000,000 tested=0 found=0 n=406143812070577001953125 elapsed=58s
progress: nodes=1,120,000,000 tested=0 found=0 n=374361973741959521484375 elapsed=59s
progress: nodes=1,130,000,000 tested=0 found=0 n=209574620558842236328125 elapsed=59s
progress: nodes=1,140,000,000 tested=0 found=0 n=131083138956704150390625 elapsed=60s
progress: nodes=1,150,000,000 tested=0 found=0 n=159443776442251318359375 elapsed=60s
progress: nodes=1,160,000,000 tested=0 found=0 n=334804272829377978515625 elapsed=61s
progress: nodes=1,170,000,000 tested=0 found=0 n=116512518252153955078125 elapsed=61s
progress: nodes=1,180,000,000 tested=0 found=0 n=72595258503302197265625 elapsed=62s
progress: nodes=1,190,000,000 tested=0 found=0 n=304117120645153857421875 elapsed=62s
progress: nodes=1,200,000,000 tested=0 found=0 n=92953709255345361328125 elapsed=63s
progress: nodes=1,210,000,000 tested=0 found=0 n=18107582397449853515625 elapsed=63s
progress: nodes=1,220,000,000 tested=0 found=0 n=34903902113954736328125 elapsed=64s
progress: nodes=1,230,000,000 tested=0 found=0 n=133262301420495263671875 elapsed=64s
progress: nodes=1,240,000,000 tested=0 found=0 n=493746695529993017578125 elapsed=65s
progress: nodes=1,250,000,000 tested=0 found=0 n=106912923570593701171875 elapsed=65s
progress: nodes=1,260,000,000 tested=0 found=0 n=403251159359817333984375 elapsed=66s
progress: nodes=1,270,000,000 tested=0 found=0 n=11043916688760205078125 elapsed=66s
progress: nodes=1,280,000,000 tested=0 found=0 n=70153415192648583984375 elapsed=66s
progress: nodes=1,290,000,000 tested=0 found=0 n=7460515485307177734375 elapsed=67s
progress: nodes=1,300,000,000 tested=0 found=0 n=892207535436842431640625 elapsed=68s
progress: nodes=1,310,000,000 tested=0 found=0 n=367187139547298876953125 elapsed=69s
progress: nodes=1,320,000,000 tested=0 found=0 n=910233963765568212890625 elapsed=69s
progress: nodes=1,330,000,000 tested=0 found=0 n=818519674243552294921875 elapsed=70s
progress: nodes=1,340,000,000 tested=0 found=0 n=222037261985693408203125 elapsed=70s
progress: nodes=1,350,000,000 tested=0 found=0 n=514309818293314892578125 elapsed=71s
progress: nodes=1,360,000,000 tested=0 found=0 n=717790682935317041015625 elapsed=71s
progress: nodes=1,370,000,000 tested=0 found=0 n=655400395266847119140625 elapsed=72s
progress: nodes=1,380,000,000 tested=0 found=0 n=406633365350597021484375 elapsed=72s
progress: nodes=1,390,000,000 tested=0 found=0 n=930647200387969775390625 elapsed=72s
progress: nodes=1,400,000,000 tested=0 found=0 n=737215584681828076171875 elapsed=73s
progress: nodes=1,410,000,000 tested=0 found=0 n=134151546691427783203125 elapsed=73s
progress: nodes=1,420,000,000 tested=0 found=0 n=290794205960335107421875 elapsed=74s
progress: nodes=1,430,000,000 tested=0 found=0 n=95032340722972705078125 elapsed=74s
progress: nodes=1,440,000,000 tested=0 found=0 n=35689070016234228515625 elapsed=75s
progress: nodes=1,450,000,000 tested=0 found=0 n=150709730258631005859375 elapsed=75s
progress: nodes=1,460,000,000 tested=0 found=0 n=15441836493430810546875 elapsed=76s
progress: nodes=1,470,000,000 tested=0 found=0 n=245915819590574267578125 elapsed=76s
progress: nodes=1,480,000,000 tested=0 found=0 n=10686925077376904296875 elapsed=77s
progress: nodes=1,490,000,000 tested=0 found=0 n=4978303691078759765625 elapsed=77s
progress: nodes=1,500,000,000 tested=0 found=0 n=4129663550672021484375 elapsed=78s
progress: nodes=1,510,000,000 tested=0 found=0 n=689567995556912548828125 elapsed=79s
progress: nodes=1,520,000,000 tested=0 found=0 n=436030426578158349609375 elapsed=79s
progress: nodes=1,530,000,000 tested=0 found=0 n=523478078965264306640625 elapsed=80s
progress: nodes=1,540,000,000 tested=0 found=0 n=319625184063511669921875 elapsed=81s
progress: nodes=1,550,000,000 tested=0 found=0 n=325635013541325146484375 elapsed=81s
progress: nodes=1,560,000,000 tested=0 found=0 n=122856639778226513671875 elapsed=82s
progress: nodes=1,570,000,000 tested=0 found=0 n=36853628586236279296875 elapsed=82s
progress: nodes=1,580,000,000 tested=0 found=0 n=14562200937018603515625 elapsed=83s
progress: nodes=1,590,000,000 tested=0 found=0 n=581618135016224560546875 elapsed=83s
progress: nodes=1,600,000,000 tested=0 found=0 n=2460593334118798828125 elapsed=84s
progress: nodes=1,610,000,000 tested=0 found=0 n=719193448136752294921875 elapsed=84s
progress: nodes=1,620,000,000 tested=0 found=0 n=209748909214055126953125 elapsed=85s
progress: nodes=1,630,000,000 tested=0 found=0 n=434462143084659228515625 elapsed=86s
progress: nodes=1,640,000,000 tested=0 found=0 n=360205076055462451171875 elapsed=87s
progress: nodes=1,650,000,000 tested=0 found=0 n=571008465926609326171875 elapsed=87s
progress: nodes=1,660,000,000 tested=0 found=0 n=517926474377475732421875 elapsed=88s
progress: nodes=1,670,000,000 tested=0 found=0 n=259082769694148876953125 elapsed=88s
progress: nodes=1,680,000,000 tested=0 found=0 n=145772858189402490234375 elapsed=89s
progress: nodes=1,690,000,000 tested=0 found=0 n=58904826342722314453125 elapsed=89s
progress: nodes=1,700,000,000 tested=0 found=0 n=63566668195124853515625 elapsed=90s
progress: nodes=1,710,000,000 tested=0 found=0 n=234206801793803759765625 elapsed=90s
progress: nodes=1,720,000,000 tested=0 found=0 n=770184491619489697265625 elapsed=91s
progress: nodes=1,730,000,000 tested=0 found=0 n=899261277374607275390625 elapsed=92s
progress: nodes=1,740,000,000 tested=0 found=0 n=966429250254118212890625 elapsed=92s
progress: nodes=1,750,000,000 tested=0 found=0 n=708873867740106298828125 elapsed=93s
progress: nodes=1,760,000,000 tested=0 found=0 n=330118398260960009765625 elapsed=94s
progress: nodes=1,770,000,000 tested=0 found=0 n=104774339124515478515625 elapsed=95s
progress: nodes=1,780,000,000 tested=0 found=0 n=891284248789331396484375 elapsed=95s
progress: nodes=1,790,000,000 tested=0 found=0 n=1385175481115185546875 elapsed=96s
progress: nodes=1,800,000,000 tested=0 found=0 n=674985487203326513671875 elapsed=96s
progress: nodes=1,810,000,000 tested=0 found=0 n=900429955013536083984375 elapsed=97s
progress: nodes=1,820,000,000 tested=0 found=0 n=655255084264998486328125 elapsed=98s
progress: nodes=1,830,000,000 tested=0 found=0 n=909478613075392529296875 elapsed=99s
progress: nodes=1,840,000,000 tested=0 found=0 n=944861924115619189453125 elapsed=100s
progress: nodes=1,850,000,000 tested=0 found=0 n=438525122469922705078125 elapsed=100s
progress: nodes=1,860,000,000 tested=0 found=0 n=783457815521134423828125 elapsed=101s
progress: nodes=1,870,000,000 tested=0 found=0 n=929663946956206494140625 elapsed=102s
progress: nodes=1,880,000,000 tested=0 found=0 n=899663471252392236328125 elapsed=103s
progress: nodes=1,890,000,000 tested=0 found=0 n=306909619664054150390625 elapsed=104s
progress: nodes=1,900,000,000 tested=0 found=0 n=787449995705824365234375 elapsed=105s
progress: nodes=1,910,000,000 tested=0 found=0 n=354521038289087548828125 elapsed=105s
progress: nodes=1,920,000,000 tested=0 found=0 n=618339374262374853515625 elapsed=106s
progress: nodes=1,930,000,000 tested=0 found=0 n=259973524215991845703125 elapsed=107s
progress: nodes=1,940,000,000 tested=0 found=0 n=909138107684619140625 elapsed=108s
progress: nodes=1,950,000,000 tested=0 found=0 n=783727860747125830078125 elapsed=108s
progress: nodes=1,960,000,000 tested=0 found=0 n=790534182503514990234375 elapsed=109s
progress: nodes=1,970,000,000 tested=0 found=0 n=688018351448244287109375 elapsed=110s
progress: nodes=1,980,000,000 tested=0 found=0 n=916578549327660205078125 elapsed=111s
progress: nodes=1,990,000,000 tested=0 found=0 n=448356943229673779296875 elapsed=112s
progress: nodes=2,000,000,000 tested=0 found=0 n=891589732376289697265625 elapsed=113s
progress: nodes=2,010,000,000 tested=0 found=0 n=736874078080740380859375 elapsed=113s
progress: nodes=2,020,000,000 tested=0 found=0 n=679578579789789990234375 elapsed=114s
progress: nodes=2,030,000,000 tested=0 found=0 n=832535092646939794921875 elapsed=115s
progress: nodes=2,040,000,000 tested=0 found=0 n=582564561247248486328125 elapsed=116s
progress: nodes=2,050,000,000 tested=0 found=0 n=470271552046123974609375 elapsed=117s
progress: nodes=2,060,000,000 tested=0 found=0 n=579630540770097802734375 elapsed=118s
progress: nodes=2,070,000,000 tested=0 found=0 n=469021441554263232421875 elapsed=119s
progress: nodes=2,080,000,000 tested=0 found=0 n=265317546777326806640625 elapsed=119s
progress: nodes=2,090,000,000 tested=0 found=0 n=212808072097453271484375 elapsed=120s
progress: nodes=2,100,000,000 tested=0 found=0 n=120004617556977978515625 elapsed=121s
progress: nodes=2,110,000,000 tested=0 found=0 n=326911409913597802734375 elapsed=122s
progress: nodes=2,120,000,000 tested=0 found=0 n=303055928388592822265625 elapsed=123s
progress: nodes=2,130,000,000 tested=0 found=0 n=452246046264550634765625 elapsed=124s
progress: nodes=2,140,000,000 tested=0 found=0 n=272242669166146142578125 elapsed=124s
progress: nodes=2,150,000,000 tested=0 found=0 n=541339960077844189453125 elapsed=125s
progress: nodes=2,160,000,000 tested=0 found=0 n=829232234783662939453125 elapsed=126s
progress: nodes=2,170,000,000 tested=0 found=0 n=944597991618659619140625 elapsed=127s
progress: nodes=2,180,000,000 tested=0 found=0 n=913879614306574072265625 elapsed=127s
progress: nodes=2,190,000,000 tested=0 found=0 n=817642202689893603515625 elapsed=128s
progress: nodes=2,200,000,000 tested=0 found=0 n=585563537053257275390625 elapsed=129s
progress: nodes=2,210,000,000 tested=0 found=0 n=741679553072956201171875 elapsed=130s
progress: nodes=2,220,000,000 tested=0 found=0 n=979800225631091455078125 elapsed=131s
progress: nodes=2,230,000,000 tested=0 found=0 n=487348322832320361328125 elapsed=132s
progress: nodes=2,240,000,000 tested=0 found=0 n=961078816716051708984375 elapsed=133s
progress: nodes=2,250,000,000 tested=0 found=0 n=628222362167943017578125 elapsed=133s
progress: nodes=2,260,000,000 tested=0 found=0 n=283377952959020068359375 elapsed=134s
progress: nodes=2,270,000,000 tested=0 found=0 n=859831291563174755859375 elapsed=135s
progress: nodes=2,280,000,000 tested=0 found=0 n=327974195912155224609375 elapsed=136s
progress: nodes=2,290,000,000 tested=0 found=0 n=452074246958894677734375 elapsed=137s
progress: nodes=2,300,000,000 tested=0 found=0 n=366758089992291357421875 elapsed=138s
progress: nodes=2,310,000,000 tested=0 found=0 n=95997849168582861328125 elapsed=139s
progress: nodes=2,320,000,000 tested=0 found=0 n=25444107808873681640625 elapsed=140s
progress: nodes=2,330,000,000 tested=0 found=0 n=346239903645179736328125 elapsed=140s
progress: nodes=2,340,000,000 tested=0 found=0 n=556942336716638232421875 elapsed=140s
progress: nodes=2,350,000,000 tested=0 found=0 n=364582433551876611328125 elapsed=141s
progress: nodes=2,360,000,000 tested=0 found=0 n=497888949953969384765625 elapsed=142s
progress: nodes=2,370,000,000 tested=0 found=0 n=247718806646555126953125 elapsed=142s
progress: nodes=2,380,000,000 tested=0 found=0 n=136946615037025341796875 elapsed=143s
progress: nodes=2,390,000,000 tested=0 found=0 n=853681395988057763671875 elapsed=143s
progress: nodes=2,400,000,000 tested=0 found=0 n=966266536389697705078125 elapsed=144s
progress: nodes=2,410,000,000 tested=0 found=0 n=695507258981453466796875 elapsed=145s
progress: nodes=2,420,000,000 tested=0 found=0 n=822732354726757470703125 elapsed=146s
progress: nodes=2,430,000,000 tested=0 found=0 n=640087120983616259765625 elapsed=147s
progress: nodes=2,440,000,000 tested=0 found=0 n=814053432122885302734375 elapsed=147s
progress: nodes=2,450,000,000 tested=0 found=0 n=594191947431349072265625 elapsed=148s
progress: nodes=2,460,000,000 tested=0 found=0 n=836938420987812451171875 elapsed=149s
progress: nodes=2,470,000,000 tested=0 found=0 n=725360184319090869140625 elapsed=150s
progress: nodes=2,480,000,000 tested=0 found=0 n=727780300729951025390625 elapsed=151s
progress: nodes=2,490,000,000 tested=0 found=0 n=660253115091714697265625 elapsed=152s
progress: nodes=2,500,000,000 tested=0 found=0 n=216158197502096630859375 elapsed=153s
progress: nodes=2,510,000,000 tested=0 found=0 n=286046942256005712890625 elapsed=154s
progress: nodes=2,520,000,000 tested=0 found=0 n=494850713274877587890625 elapsed=154s
progress: nodes=2,530,000,000 tested=0 found=0 n=564076818262010302734375 elapsed=155s
progress: nodes=2,540,000,000 tested=0 found=0 n=594818905451430322265625 elapsed=156s
progress: nodes=2,550,000,000 tested=0 found=0 n=89242126692338232421875 elapsed=157s
progress: nodes=2,560,000,000 tested=0 found=0 n=134736073501310595703125 elapsed=158s
progress: nodes=2,570,000,000 tested=0 found=0 n=539381951325484716796875 elapsed=159s
progress: nodes=2,580,000,000 tested=0 found=0 n=747294089904367822265625 elapsed=159s
progress: nodes=2,590,000,000 tested=0 found=0 n=49580246127146044921875 elapsed=160s
progress: nodes=2,600,000,000 tested=0 found=0 n=965191010096734716796875 elapsed=161s
progress: nodes=2,610,000,000 tested=0 found=0 n=517871499018477978515625 elapsed=162s
progress: nodes=2,620,000,000 tested=0 found=0 n=906961668257859521484375 elapsed=163s
progress: nodes=2,630,000,000 tested=0 found=0 n=468721761496588037109375 elapsed=164s
progress: nodes=2,640,000,000 tested=0 found=0 n=455063050450292431640625 elapsed=164s
progress: nodes=2,650,000,000 tested=0 found=0 n=958190759930254833984375 elapsed=165s
progress: nodes=2,660,000,000 tested=0 found=0 n=448666006308933251953125 elapsed=166s
progress: nodes=2,670,000,000 tested=0 found=0 n=374026667524464990234375 elapsed=167s
progress: nodes=2,680,000,000 tested=0 found=0 n=392581269027139306640625 elapsed=168s
progress: nodes=2,690,000,000 tested=0 found=0 n=626786101375479052734375 elapsed=169s
progress: nodes=2,700,000,000 tested=0 found=0 n=807625552030041357421875 elapsed=170s
progress: nodes=2,710,000,000 tested=0 found=0 n=301222063048011767578125 elapsed=170s
progress: nodes=2,720,000,000 tested=0 found=0 n=175308332408709521484375 elapsed=171s
progress: nodes=2,730,000,000 tested=0 found=0 n=551796824644268994140625 elapsed=172s
progress: nodes=2,740,000,000 tested=0 found=0 n=198377272415271533203125 elapsed=173s
progress: nodes=2,750,000,000 tested=0 found=0 n=214606073024515283203125 elapsed=174s
progress: nodes=2,760,000,000 tested=0 found=0 n=918671444982452197265625 elapsed=175s
progress: nodes=2,770,000,000 tested=0 found=0 n=987787584389021044921875 elapsed=175s
progress: nodes=2,780,000,000 tested=0 found=0 n=944870311940660595703125 elapsed=176s
progress: nodes=2,790,000,000 tested=0 found=0 n=1792361889338818359375 elapsed=176s
progress: nodes=2,800,000,000 tested=0 found=0 n=596993742366635302734375 elapsed=177s
progress: nodes=2,810,000,000 tested=0 found=0 n=773783214714070751953125 elapsed=178s
progress: nodes=2,820,000,000 tested=0 found=0 n=744937278733794287109375 elapsed=178s
progress: nodes=2,830,000,000 tested=0 found=0 n=740708045202924755859375 elapsed=179s
progress: nodes=2,840,000,000 tested=0 found=0 n=436512912914030712890625 elapsed=180s
progress: nodes=2,850,000,000 tested=0 found=0 n=690597919386482958984375 elapsed=181s
progress: nodes=2,860,000,000 tested=0 found=0 n=7472868645075732421875 elapsed=182s
progress: nodes=2,870,000,000 tested=0 found=0 n=169944149218518017578125 elapsed=183s
progress: nodes=2,880,000,000 tested=0 found=0 n=970772032232302587890625 elapsed=184s
progress: nodes=2,890,000,000 tested=0 found=0 n=768120509781460107421875 elapsed=184s
progress: nodes=2,900,000,000 tested=0 found=0 n=410159373057210498046875 elapsed=185s
progress: nodes=2,910,000,000 tested=0 found=0 n=820914208373671435546875 elapsed=186s
progress: nodes=2,920,000,000 tested=0 found=0 n=624353391631788134765625 elapsed=187s
progress: nodes=2,930,000,000 tested=0 found=0 n=485535127843143017578125 elapsed=188s
progress: nodes=2,940,000,000 tested=0 found=0 n=286663769327369091796875 elapsed=189s
progress: nodes=2,950,000,000 tested=0 found=0 n=601190287609565478515625 elapsed=190s
progress: nodes=2,960,000,000 tested=0 found=0 n=220806462051416162109375 elapsed=191s
progress: nodes=2,970,000,000 tested=0 found=0 n=24328769238225439453125 elapsed=191s
progress: nodes=2,980,000,000 tested=0 found=0 n=44592718955201806640625 elapsed=192s
progress: nodes=2,990,000,000 tested=0 found=0 n=869447269434483544921875 elapsed=193s
progress: nodes=3,000,000,000 tested=0 found=0 n=883310271484815087890625 elapsed=193s
progress: nodes=3,010,000,000 tested=0 found=0 n=483807782676811376953125 elapsed=194s
progress: nodes=3,020,000,000 tested=0 found=0 n=917110432182022998046875 elapsed=195s
progress: nodes=3,030,000,000 tested=0 found=0 n=169253941922966162109375 elapsed=196s
progress: nodes=3,040,000,000 tested=0 found=0 n=978273778704658154296875 elapsed=197s
progress: nodes=3,050,000,000 tested=0 found=0 n=517131649741341357421875 elapsed=198s
progress: nodes=3,060,000,000 tested=0 found=0 n=221803971831990087890625 elapsed=199s
progress: nodes=3,070,000,000 tested=0 found=0 n=618981862398447216796875 elapsed=199s
progress: nodes=3,080,000,000 tested=0 found=0 n=889452781132051318359375 elapsed=200s
progress: nodes=3,090,000,000 tested=0 found=0 n=750843205073344775390625 elapsed=201s
progress: nodes=3,100,000,000 tested=0 found=0 n=249714300693617138671875 elapsed=202s
progress: nodes=3,110,000,000 tested=0 found=0 n=364637138953990869140625 elapsed=203s
progress: nodes=3,120,000,000 tested=0 found=0 n=593139183302149365234375 elapsed=204s
progress: nodes=3,130,000,000 tested=0 found=0 n=285067800455146435546875 elapsed=205s
progress: nodes=3,140,000,000 tested=0 found=0 n=193138354053905712890625 elapsed=206s
progress: nodes=3,150,000,000 tested=0 found=0 n=124643333018342724609375 elapsed=207s
progress: nodes=3,160,000,000 tested=0 found=0 n=575381834144682275390625 elapsed=207s
progress: nodes=3,170,000,000 tested=0 found=0 n=877861980930114404296875 elapsed=208s
progress: nodes=3,180,000,000 tested=0 found=0 n=781309789523221728515625 elapsed=209s
progress: nodes=3,190,000,000 tested=0 found=0 n=717819120307715185546875 elapsed=210s
progress: nodes=3,200,000,000 tested=0 found=0 n=944646579079807763671875 elapsed=210s
progress: nodes=3,210,000,000 tested=0 found=0 n=478070412776709521484375 elapsed=211s
progress: nodes=3,220,000,000 tested=0 found=0 n=398770239168360791015625 elapsed=212s
progress: nodes=3,230,000,000 tested=0 found=0 n=930405143593179052734375 elapsed=213s
progress: nodes=3,240,000,000 tested=0 found=0 n=208273660184066748046875 elapsed=214s
progress: nodes=3,250,000,000 tested=0 found=0 n=306634982435858935546875 elapsed=215s
progress: nodes=3,260,000,000 tested=0 found=0 n=358421697476440576171875 elapsed=216s
progress: nodes=3,270,000,000 tested=0 found=0 n=606594734714813818359375 elapsed=217s
progress: nodes=3,280,000,000 tested=0 found=0 n=383597567146401416015625 elapsed=218s
progress: nodes=3,290,000,000 tested=0 found=0 n=35158937143801904296875 elapsed=218s
progress: nodes=3,300,000,000 tested=0 found=0 n=892260157247299951171875 elapsed=219s
progress: nodes=3,310,000,000 tested=0 found=0 n=131061738426416015625 elapsed=220s
progress: nodes=3,320,000,000 tested=0 found=0 n=977405062880517626953125 elapsed=221s
progress: nodes=3,330,000,000 tested=0 found=0 n=648971437944619775390625 elapsed=222s
progress: nodes=3,340,000,000 tested=0 found=0 n=309205805028026220703125 elapsed=223s
progress: nodes=3,350,000,000 tested=0 found=0 n=383244937333633740234375 elapsed=224s
progress: nodes=3,360,000,000 tested=0 found=0 n=391782687924225146484375 elapsed=224s
progress: nodes=3,370,000,000 tested=0 found=0 n=357283518440299365234375 elapsed=225s
progress: nodes=3,380,000,000 tested=0 found=0 n=221401904587638134765625 elapsed=226s
progress: nodes=3,390,000,000 tested=0 found=0 n=426123467746989697265625 elapsed=227s
progress: nodes=3,400,000,000 tested=0 found=0 n=613176974666277978515625 elapsed=228s
progress: nodes=3,410,000,000 tested=0 found=0 n=525716630684306982421875 elapsed=229s
progress: nodes=3,420,000,000 tested=0 found=0 n=234423220477373876953125 elapsed=230s
progress: nodes=3,430,000,000 tested=0 found=0 n=221766556702619091796875 elapsed=230s
progress: nodes=3,440,000,000 tested=0 found=0 n=136869418370909619140625 elapsed=231s
progress: nodes=3,450,000,000 tested=0 found=0 n=16207105509714990234375 elapsed=232s
progress: nodes=3,460,000,000 tested=0 found=0 n=62420462377457958984375 elapsed=233s
progress: nodes=3,470,000,000 tested=0 found=0 n=913865241370887158203125 elapsed=234s
progress: nodes=3,480,000,000 tested=0 found=0 n=740809831376969384765625 elapsed=235s
progress: nodes=3,490,000,000 tested=0 found=0 n=265530242949570263671875 elapsed=235s
progress: nodes=3,500,000,000 tested=0 found=0 n=66142461478069775390625 elapsed=236s
progress: nodes=3,510,000,000 tested=0 found=0 n=589444120829145849609375 elapsed=237s
progress: nodes=3,520,000,000 tested=0 found=0 n=819790690179380712890625 elapsed=238s
progress: nodes=3,530,000,000 tested=0 found=0 n=207265156615112255859375 elapsed=239s
progress: nodes=3,540,000,000 tested=0 found=0 n=197044918693284814453125 elapsed=240s
progress: nodes=3,550,000,000 tested=0 found=0 n=842863318446160107421875 elapsed=240s
progress: nodes=3,560,000,000 tested=0 found=0 n=92916609049943701171875 elapsed=241s
progress: nodes=3,570,000,000 tested=0 found=0 n=732487400577189404296875 elapsed=242s
progress: nodes=3,580,000,000 tested=0 found=0 n=164302077864901904296875 elapsed=243s
progress: nodes=3,590,000,000 tested=0 found=0 n=97278335478229833984375 elapsed=244s
progress: nodes=3,600,000,000 tested=0 found=0 n=735450115129339306640625 elapsed=245s
progress: nodes=3,610,000,000 tested=0 found=0 n=980128741247856298828125 elapsed=246s
progress: nodes=3,620,000,000 tested=0 found=0 n=671817825597247119140625 elapsed=246s
progress: nodes=3,630,000,000 tested=0 found=0 n=259658161325341259765625 elapsed=247s
progress: nodes=3,640,000,000 tested=0 found=0 n=374893330319640966796875 elapsed=248s
progress: nodes=3,650,000,000 tested=0 found=0 n=109486028293000927734375 elapsed=249s
progress: nodes=3,660,000,000 tested=0 found=0 n=339640787408005810546875 elapsed=250s
progress: nodes=3,670,000,000 tested=0 found=0 n=252357832250943310546875 elapsed=251s
progress: nodes=3,680,000,000 tested=0 found=0 n=245939624097261767578125 elapsed=251s
progress: nodes=3,690,000,000 tested=0 found=0 n=147573996818819677734375 elapsed=252s
progress: nodes=3,700,000,000 tested=0 found=0 n=233119729311003369140625 elapsed=253s
progress: nodes=3,710,000,000 tested=0 found=0 n=49542370608697119140625 elapsed=254s
progress: nodes=3,720,000,000 tested=0 found=0 n=124262889578858056640625 elapsed=255s
progress: nodes=3,730,000,000 tested=0 found=0 n=525439604999040380859375 elapsed=256s
progress: nodes=3,740,000,000 tested=0 found=0 n=925477304477445263671875 elapsed=257s
progress: nodes=3,750,000,000 tested=0 found=0 n=371471502983948876953125 elapsed=257s
progress: nodes=3,760,000,000 tested=0 found=0 n=625290774212425341796875 elapsed=258s
progress: nodes=3,770,000,000 tested=0 found=0 n=959778091618131005859375 elapsed=259s
progress: nodes=3,780,000,000 tested=0 found=0 n=100286454712060546875 elapsed=260s
progress: nodes=3,790,000,000 tested=0 found=0 n=162528453189308056640625 elapsed=261s
progress: nodes=3,800,000,000 tested=0 found=0 n=905953407014211767578125 elapsed=262s
progress: nodes=3,810,000,000 tested=0 found=0 n=91040565687729345703125 elapsed=263s
progress: nodes=3,820,000,000 tested=0 found=0 n=57261997223225244140625 elapsed=263s
progress: nodes=3,830,000,000 tested=0 found=0 n=58621030094693408203125 elapsed=264s
progress: nodes=3,840,000,000 tested=0 found=0 n=769708169649086572265625 elapsed=265s
progress: nodes=3,850,000,000 tested=0 found=0 n=744895176517998193359375 elapsed=266s
progress: nodes=3,860,000,000 tested=0 found=0 n=109531992996223681640625 elapsed=267s
progress: nodes=3,870,000,000 tested=0 found=0 n=484693526306026318359375 elapsed=268s
progress: nodes=3,880,000,000 tested=0 found=0 n=304576800227798291015625 elapsed=268s
progress: nodes=3,890,000,000 tested=0 found=0 n=279336291470596142578125 elapsed=269s
progress: nodes=3,900,000,000 tested=0 found=0 n=78914901205427783203125 elapsed=270s
progress: nodes=3,910,000,000 tested=0 found=0 n=256307745571602978515625 elapsed=271s
progress: nodes=3,920,000,000 tested=0 found=0 n=55825984359719384765625 elapsed=272s
progress: nodes=3,930,000,000 tested=0 found=0 n=110986551078834814453125 elapsed=273s
progress: nodes=3,940,000,000 tested=0 found=0 n=884047084264908544921875 elapsed=274s
progress: nodes=3,950,000,000 tested=0 found=0 n=237476115663530712890625 elapsed=275s
progress: nodes=3,960,000,000 tested=0 found=0 n=178607950784115380859375 elapsed=275s
progress: nodes=3,970,000,000 tested=0 found=0 n=902834351505856494140625 elapsed=276s
progress: nodes=3,980,000,000 tested=0 found=0 n=502404611020078271484375 elapsed=277s
progress: nodes=3,990,000,000 tested=0 found=0 n=79274366681791552734375 elapsed=278s
progress: nodes=4,000,000,000 tested=0 found=0 n=319500163478117724609375 elapsed=279s
progress: nodes=4,010,000,000 tested=0 found=0 n=102668092267104052734375 elapsed=280s
progress: nodes=4,020,000,000 tested=0 found=0 n=301323148950409716796875 elapsed=281s
progress: nodes=4,030,000,000 tested=0 found=0 n=213929016533143505859375 elapsed=281s
progress: nodes=4,040,000,000 tested=0 found=0 n=343747878886501611328125 elapsed=282s
progress: nodes=4,050,000,000 tested=0 found=0 n=212005030399994970703125 elapsed=283s
progress: nodes=4,060,000,000 tested=0 found=0 n=327788247776474267578125 elapsed=284s
progress: nodes=4,070,000,000 tested=0 found=0 n=67022117142619482421875 elapsed=285s
progress: nodes=4,080,000,000 tested=0 found=0 n=495974359401463916015625 elapsed=286s
progress: nodes=4,090,000,000 tested=0 found=0 n=887690814271656591796875 elapsed=287s
progress: nodes=4,100,000,000 tested=0 found=0 n=194493939795618310546875 elapsed=288s
progress: nodes=4,110,000,000 tested=0 found=0 n=401083946649598974609375 elapsed=288s
progress: nodes=4,120,000,000 tested=0 found=0 n=20701495821962548828125 elapsed=289s
progress: nodes=4,130,000,000 tested=0 found=0 n=798175611701697216796875 elapsed=290s
progress: nodes=4,140,000,000 tested=0 found=0 n=587175624803365576171875 elapsed=291s
progress: nodes=4,150,000,000 tested=0 found=0 n=85362469659065478515625 elapsed=292s
progress: nodes=4,160,000,000 tested=0 found=0 n=226582569074121240234375 elapsed=293s
progress: nodes=4,170,000,000 tested=0 found=0 n=20824927056029443359375 elapsed=294s
progress: nodes=4,180,000,000 tested=0 found=0 n=16063586701173193359375 elapsed=295s
progress: nodes=4,190,000,000 tested=0 found=0 n=86111690922844189453125 elapsed=295s
progress: nodes=4,200,000,000 tested=0 found=0 n=183058785720958447265625 elapsed=296s
progress: nodes=4,210,000,000 tested=0 found=0 n=79215015470567431640625 elapsed=297s
progress: nodes=4,220,000,000 tested=0 found=0 n=212303261270262744140625 elapsed=298s
progress: nodes=4,230,000,000 tested=0 found=0 n=132663458732937451171875 elapsed=299s
progress: nodes=4,240,000,000 tested=0 found=0 n=49582651084452685546875 elapsed=300s
progress: nodes=4,250,000,000 tested=0 found=0 n=363406354754825830078125 elapsed=301s
progress: nodes=4,260,000,000 tested=0 found=0 n=283092686954090771484375 elapsed=302s
progress: nodes=4,270,000,000 tested=0 found=0 n=735526108425685693359375 elapsed=303s
progress: nodes=4,280,000,000 tested=0 found=0 n=508319462591745556640625 elapsed=303s
progress: nodes=4,290,000,000 tested=0 found=0 n=48802249099262548828125 elapsed=304s
progress: nodes=4,300,000,000 tested=0 found=0 n=16752732258647021484375 elapsed=305s
progress: nodes=4,310,000,000 tested=0 found=0 n=43633004919041162109375 elapsed=306s
progress: nodes=4,320,000,000 tested=0 found=0 n=48332508963783837890625 elapsed=307s
progress: nodes=4,330,000,000 tested=0 found=0 n=2641221054145458984375 elapsed=308s
progress: nodes=4,340,000,000 tested=0 found=0 n=742499686488951123046875 elapsed=308s
progress: nodes=4,350,000,000 tested=0 found=0 n=704074332705544775390625 elapsed=309s
progress: nodes=4,360,000,000 tested=0 found=0 n=763526374408477001953125 elapsed=310s
progress: nodes=4,370,000,000 tested=0 found=0 n=999545472887718603515625 elapsed=311s
progress: nodes=4,380,000,000 tested=0 found=0 n=664082270670909814453125 elapsed=312s
progress: nodes=4,390,000,000 tested=0 found=0 n=365542406516755810546875 elapsed=312s
progress: nodes=4,400,000,000 tested=0 found=0 n=423066288554996044921875 elapsed=313s
progress: nodes=4,410,000,000 tested=0 found=0 n=400456277290782861328125 elapsed=314s
progress: nodes=4,420,000,000 tested=0 found=0 n=346175828749425146484375 elapsed=315s
progress: nodes=4,430,000,000 tested=0 found=0 n=372016661615837841796875 elapsed=316s
progress: nodes=4,440,000,000 tested=0 found=0 n=769104563157770361328125 elapsed=317s
progress: nodes=4,450,000,000 tested=0 found=0 n=703011339096359326171875 elapsed=318s
progress: nodes=4,460,000,000 tested=0 found=0 n=354437363727886376953125 elapsed=319s
progress: nodes=4,470,000,000 tested=0 found=0 n=158988411421464990234375 elapsed=320s
progress: nodes=4,480,000,000 tested=0 found=0 n=273660571349873876953125 elapsed=321s
progress: nodes=4,490,000,000 tested=0 found=0 n=438433661359600048828125 elapsed=322s
progress: nodes=4,500,000,000 tested=0 found=0 n=803940042511397021484375 elapsed=322s
progress: nodes=4,510,000,000 tested=0 found=0 n=569486403993312158203125 elapsed=323s
progress: nodes=4,520,000,000 tested=0 found=0 n=614968261405711962890625 elapsed=324s
progress: nodes=4,530,000,000 tested=0 found=0 n=273831422634662255859375 elapsed=325s
progress: nodes=4,540,000,000 tested=0 found=0 n=62068421999746142578125 elapsed=326s
progress: nodes=4,550,000,000 tested=0 found=0 n=237106527807150439453125 elapsed=327s
progress: nodes=4,560,000,000 tested=0 found=0 n=689425468403681689453125 elapsed=328s
progress: nodes=4,570,000,000 tested=0 found=0 n=495722266194660205078125 elapsed=329s
progress: nodes=4,580,000,000 tested=0 found=0 n=332056439125967724609375 elapsed=330s
progress: nodes=4,590,000,000 tested=0 found=0 n=841041118975278955078125 elapsed=330s
progress: nodes=4,600,000,000 tested=0 found=0 n=92675101939030810546875 elapsed=331s
progress: nodes=4,610,000,000 tested=0 found=0 n=373267559680107275390625 elapsed=332s
progress: nodes=4,620,000,000 tested=0 found=0 n=121863920645512353515625 elapsed=333s
progress: nodes=4,630,000,000 tested=0 found=0 n=148169592316035791015625 elapsed=333s
progress: nodes=4,640,000,000 tested=0 found=0 n=55104017088603076171875 elapsed=334s
progress: nodes=4,650,000,000 tested=0 found=0 n=370965310076007861328125 elapsed=335s
progress: nodes=4,660,000,000 tested=0 found=0 n=322453982429256884765625 elapsed=336s
progress: nodes=4,670,000,000 tested=0 found=0 n=106502529249234228515625 elapsed=336s
progress: nodes=4,680,000,000 tested=0 found=0 n=913557711670791064453125 elapsed=337s
progress: nodes=4,690,000,000 tested=0 found=0 n=635261787658570166015625 elapsed=338s
progress: nodes=4,700,000,000 tested=0 found=0 n=92841624337685888671875 elapsed=338s
progress: nodes=4,710,000,000 tested=0 found=0 n=730708370361555029296875 elapsed=339s
progress: nodes=4,720,000,000 tested=0 found=0 n=381605599496645068359375 elapsed=340s
progress: nodes=4,730,000,000 tested=0 found=0 n=61079900610562646484375 elapsed=340s
progress: nodes=4,740,000,000 tested=0 found=0 n=372219941329479052734375 elapsed=341s
progress: nodes=4,750,000,000 tested=0 found=0 n=122156772776093408203125 elapsed=342s
progress: nodes=4,760,000,000 tested=0 found=0 n=14920595482429248046875 elapsed=342s
progress: nodes=4,770,000,000 tested=0 found=0 n=586392145125521044921875 elapsed=343s
progress: nodes=4,780,000,000 tested=0 found=0 n=842162451122387548828125 elapsed=344s
progress: nodes=4,790,000,000 tested=0 found=0 n=944647109477934521484375 elapsed=344s
progress: nodes=4,800,000,000 tested=0 found=0 n=48378571602940283203125 elapsed=345s
progress: nodes=4,810,000,000 tested=0 found=0 n=254171811482165478515625 elapsed=345s
progress: nodes=4,820,000,000 tested=0 found=0 n=560465557942742138671875 elapsed=346s
progress: nodes=4,830,000,000 tested=0 found=0 n=64434487045108447265625 elapsed=347s
progress: nodes=4,840,000,000 tested=0 found=0 n=123042236224567236328125 elapsed=347s
progress: nodes=4,850,000,000 tested=0 found=0 n=11246304486748095703125 elapsed=348s
progress: nodes=4,860,000,000 tested=0 found=0 n=97768194716183642578125 elapsed=348s
progress: nodes=4,870,000,000 tested=0 found=0 n=58717475445393896484375 elapsed=349s
progress: nodes=4,880,000,000 tested=0 found=0 n=584601915590525830078125 elapsed=350s
progress: nodes=4,890,000,000 tested=0 found=0 n=14427455541280224609375 elapsed=350s
progress: nodes=4,900,000,000 tested=0 found=0 n=378800416852814794921875 elapsed=351s
progress: nodes=4,910,000,000 tested=0 found=0 n=308883472741147412109375 elapsed=352s
progress: nodes=4,920,000,000 tested=0 found=0 n=7059835789957177734375 elapsed=352s
progress: nodes=4,930,000,000 tested=0 found=0 n=165732832345554052734375 elapsed=353s
progress: nodes=4,940,000,000 tested=0 found=0 n=52049121129084814453125 elapsed=353s
progress: nodes=4,950,000,000 tested=0 found=0 n=451345430995192529296875 elapsed=354s
progress: nodes=4,960,000,000 tested=0 found=0 n=406372851958590966796875 elapsed=355s
progress: nodes=4,970,000,000 tested=0 found=0 n=14266038016871630859375 elapsed=355s
progress: nodes=4,980,000,000 tested=0 found=0 n=84352862570146435546875 elapsed=356s
progress: nodes=4,990,000,000 tested=0 found=0 n=54384591877998486328125 elapsed=356s
progress: nodes=5,000,000,000 tested=0 found=0 n=487067163137992529296875 elapsed=357s
progress: nodes=5,010,000,000 tested=0 found=0 n=6218346798293115234375 elapsed=357s
progress: nodes=5,020,000,000 tested=0 found=0 n=5345264825289404296875 elapsed=358s
progress: nodes=5,030,000,000 tested=0 found=0 n=867679099397902880859375 elapsed=358s
progress: nodes=5,040,000,000 tested=0 found=0 n=709292534822838720703125 elapsed=359s
progress: nodes=5,050,000,000 tested=0 found=0 n=749858470480954248046875 elapsed=360s
progress: nodes=5,060,000,000 tested=0 found=0 n=786199773192891943359375 elapsed=361s
progress: nodes=5,070,000,000 tested=0 found=0 n=646617047836873974609375 elapsed=362s
progress: nodes=5,080,000,000 tested=0 found=0 n=775437660913940771484375 elapsed=362s
progress: nodes=5,090,000,000 tested=0 found=0 n=452920446664522998046875 elapsed=363s
progress: nodes=5,100,000,000 tested=0 found=0 n=186212059849420751953125 elapsed=364s
progress: nodes=5,110,000,000 tested=0 found=0 n=578782942013746142578125 elapsed=365s
progress: nodes=5,120,000,000 tested=0 found=0 n=532014783960317431640625 elapsed=366s
progress: nodes=5,130,000,000 tested=0 found=0 n=717714326298461572265625 elapsed=367s
progress: nodes=5,140,000,000 tested=0 found=0 n=340179313400471337890625 elapsed=367s
progress: nodes=5,150,000,000 tested=0 found=0 n=549616838781554736328125 elapsed=368s
progress: nodes=5,160,000,000 tested=0 found=0 n=612557967216748974609375 elapsed=369s
progress: nodes=5,170,000,000 tested=0 found=0 n=138610747112541064453125 elapsed=370s
progress: nodes=5,180,000,000 tested=0 found=0 n=63754452783155126953125 elapsed=371s
progress: nodes=5,190,000,000 tested=0 found=0 n=675765044797697314453125 elapsed=371s

done in 371.8s | nodes=5,194,674,139 | tested=0 | weird=0
