search v2: odd=True, N_CAP=1.00e+24, DELTA_MAX=1.0e+07, MIN_DEPTH=6
SPF shard: smallest prime factor = 3
P2 sub-shard: second prime factor = 7
P3 sub-sub-shard: third prime factor = 11
progress: nodes=10,000,000 tested=0 found=0 n=99436300227675493929 elapsed=1s
progress: nodes=20,000,000 tested=0 found=0 n=135585603303028494087087 elapsed=1s
progress: nodes=30,000,000 tested=0 found=0 n=330238383516580032550287 elapsed=1s
progress: nodes=40,000,000 tested=0 found=0 n=238993116444522228423789 elapsed=2s
progress: nodes=50,000,000 tested=0 found=0 n=233459863058295211194549 elapsed=2s
progress: nodes=60,000,000 tested=0 found=0 n=496063396834989240907881 elapsed=3s
progress: nodes=70,000,000 tested=0 found=0 n=962139496280313969163161 elapsed=3s
progress: nodes=80,000,000 tested=0 found=0 n=481380772706868722694237 elapsed=4s
progress: nodes=90,000,000 tested=0 found=0 n=677548867615569564762609 elapsed=5s
progress: nodes=100,000,000 tested=0 found=0 n=697462873488640587100311 elapsed=6s
progress: nodes=110,000,000 tested=0 found=0 n=676598465023241873514633 elapsed=7s
progress: nodes=120,000,000 tested=0 found=0 n=479857220735649608373291 elapsed=8s
progress: nodes=130,000,000 tested=0 found=0 n=823451476165048279602207 elapsed=9s
progress: nodes=140,000,000 tested=0 found=0 n=673788136541193887253579 elapsed=10s
progress: nodes=150,000,000 tested=0 found=0 n=368721886862961790851231 elapsed=11s
progress: nodes=160,000,000 tested=0 found=0 n=560552690802444226294023 elapsed=11s
progress: nodes=170,000,000 tested=0 found=0 n=821774324717554718781117 elapsed=12s
progress: nodes=180,000,000 tested=0 found=0 n=827312206018150922177493 elapsed=13s
progress: nodes=190,000,000 tested=0 found=0 n=953327603346521081115591 elapsed=14s
progress: nodes=200,000,000 tested=0 found=0 n=971267545314483196058433 elapsed=15s
progress: nodes=210,000,000 tested=0 found=0 n=833934022307082893356083 elapsed=16s
progress: nodes=220,000,000 tested=0 found=0 n=863530588683871141822173 elapsed=17s
progress: nodes=230,000,000 tested=0 found=0 n=824340669931613905887663 elapsed=18s
progress: nodes=240,000,000 tested=0 found=0 n=572893832049025438642383 elapsed=19s
progress: nodes=250,000,000 tested=0 found=0 n=722144670163876735535529 elapsed=20s
progress: nodes=260,000,000 tested=0 found=0 n=621041424430092949481121 elapsed=20s
progress: nodes=270,000,000 tested=0 found=0 n=282194686768097869159779 elapsed=21s
progress: nodes=280,000,000 tested=0 found=0 n=601986128525240536837683 elapsed=22s
progress: nodes=290,000,000 tested=0 found=0 n=597212949989285257502259 elapsed=23s
progress: nodes=300,000,000 tested=0 found=0 n=543584029615892627719203 elapsed=24s
progress: nodes=310,000,000 tested=0 found=0 n=468331882944901871123151 elapsed=25s
progress: nodes=320,000,000 tested=0 found=0 n=477536667024802456055061 elapsed=26s
progress: nodes=330,000,000 tested=0 found=0 n=805689260058610700365131 elapsed=27s
progress: nodes=340,000,000 tested=0 found=0 n=901063208967075974217321 elapsed=28s
progress: nodes=350,000,000 tested=0 found=0 n=738201271591989682098237 elapsed=29s
progress: nodes=360,000,000 tested=0 found=0 n=526620123782256575706327 elapsed=30s
progress: nodes=370,000,000 tested=0 found=0 n=406730971180467074265201 elapsed=31s
progress: nodes=380,000,000 tested=0 found=0 n=972823491218291885017461 elapsed=31s
progress: nodes=390,000,000 tested=0 found=0 n=674530561300464449312193 elapsed=32s
progress: nodes=400,000,000 tested=0 found=0 n=687876655505807205396189 elapsed=33s
progress: nodes=410,000,000 tested=0 found=0 n=262360813600514178769527 elapsed=34s
progress: nodes=420,000,000 tested=0 found=0 n=717545999809975934240181 elapsed=35s
progress: nodes=430,000,000 tested=0 found=0 n=939865256050792913441523 elapsed=36s
progress: nodes=440,000,000 tested=0 found=0 n=906267467019091235839011 elapsed=37s
progress: nodes=450,000,000 tested=0 found=0 n=603723882773595834851139 elapsed=38s
progress: nodes=460,000,000 tested=0 found=0 n=680464205293441189113801 elapsed=39s
progress: nodes=470,000,000 tested=0 found=0 n=741541575176226851691357 elapsed=40s
progress: nodes=480,000,000 tested=0 found=0 n=915167553499293436693197 elapsed=41s
progress: nodes=490,000,000 tested=0 found=0 n=508519133803064900849949 elapsed=42s
progress: nodes=500,000,000 tested=0 found=0 n=995824712839153930919109 elapsed=43s
progress: nodes=510,000,000 tested=0 found=0 n=735765461659214554124403 elapsed=44s
progress: nodes=520,000,000 tested=0 found=0 n=527513580762762784212099 elapsed=44s
progress: nodes=530,000,000 tested=0 found=0 n=445412857862886662473263 elapsed=45s
progress: nodes=540,000,000 tested=0 found=0 n=577247852736993022209009 elapsed=46s
progress: nodes=550,000,000 tested=0 found=0 n=951273035199876172817187 elapsed=47s
progress: nodes=560,000,000 tested=0 found=0 n=779758300477188956331639 elapsed=48s
progress: nodes=570,000,000 tested=0 found=0 n=803530459102397339901357 elapsed=49s
progress: nodes=580,000,000 tested=0 found=0 n=815335395316127755938099 elapsed=50s
progress: nodes=590,000,000 tested=0 found=0 n=922203673221721024662759 elapsed=51s
progress: nodes=600,000,000 tested=0 found=0 n=462504754636295553200403 elapsed=52s
progress: nodes=610,000,000 tested=0 found=0 n=426249727804043672398947 elapsed=53s
progress: nodes=620,000,000 tested=0 found=0 n=749709310026111155889399 elapsed=53s
progress: nodes=630,000,000 tested=0 found=0 n=662552872970549427127107 elapsed=54s
progress: nodes=640,000,000 tested=0 found=0 n=935668495920094767498591 elapsed=55s
progress: nodes=650,000,000 tested=0 found=0 n=481496102060365981119069 elapsed=55s
progress: nodes=660,000,000 tested=0 found=0 n=648805199698912725798021 elapsed=56s
progress: nodes=670,000,000 tested=0 found=0 n=841261013680628653655697 elapsed=57s
progress: nodes=680,000,000 tested=0 found=0 n=995319647419358704719969 elapsed=57s
progress: nodes=690,000,000 tested=0 found=0 n=283770735957492143186673 elapsed=58s
progress: nodes=700,000,000 tested=0 found=0 n=726079045316448733386939 elapsed=58s
progress: nodes=710,000,000 tested=0 found=0 n=514040745662985598451163 elapsed=59s
progress: nodes=720,000,000 tested=0 found=0 n=766983631497058390025457 elapsed=60s
progress: nodes=730,000,000 tested=0 found=0 n=392146287111146551598307 elapsed=60s
progress: nodes=740,000,000 tested=0 found=0 n=499744089421728909904377 elapsed=61s
progress: nodes=750,000,000 tested=0 found=0 n=237132640996265307869037 elapsed=61s
progress: nodes=760,000,000 tested=0 found=0 n=435010841460805976044371 elapsed=62s
progress: nodes=770,000,000 tested=0 found=0 n=327329613479419220392569 elapsed=62s
progress: nodes=780,000,000 tested=0 found=0 n=949108366761356720061297 elapsed=63s
progress: nodes=790,000,000 tested=0 found=0 n=355314743982374676827481 elapsed=63s
progress: nodes=800,000,000 tested=0 found=0 n=584765384021152220244897 elapsed=64s
progress: nodes=810,000,000 tested=0 found=0 n=261991062830090188113057 elapsed=64s
progress: nodes=820,000,000 tested=0 found=0 n=98658753134380292113029 elapsed=64s
progress: nodes=830,000,000 tested=0 found=0 n=168476512582243681538877 elapsed=65s
progress: nodes=840,000,000 tested=0 found=0 n=295299599112092299682727 elapsed=65s
progress: nodes=850,000,000 tested=0 found=0 n=456039110714331568935357 elapsed=66s
progress: nodes=860,000,000 tested=0 found=0 n=198955416891432336234561 elapsed=66s
progress: nodes=870,000,000 tested=0 found=0 n=692178773598650577428343 elapsed=67s
progress: nodes=880,000,000 tested=0 found=0 n=169756699599707189250897 elapsed=67s
progress: nodes=890,000,000 tested=0 found=0 n=129412436049440252865387 elapsed=68s
progress: nodes=900,000,000 tested=0 found=0 n=226475423282653703025021 elapsed=68s
progress: nodes=910,000,000 tested=0 found=0 n=137407735607093331368373 elapsed=69s
progress: nodes=920,000,000 tested=0 found=0 n=131118687552142519140681 elapsed=69s
progress: nodes=930,000,000 tested=0 found=0 n=627172428285003378092931 elapsed=70s
progress: nodes=940,000,000 tested=0 found=0 n=56430882929144964370977 elapsed=70s
progress: nodes=950,000,000 tested=0 found=0 n=52879322036457880256601 elapsed=70s
progress: nodes=960,000,000 tested=0 found=0 n=117385676456158173251727 elapsed=71s
progress: nodes=970,000,000 tested=0 found=0 n=80876696325461124254397 elapsed=71s
progress: nodes=980,000,000 tested=0 found=0 n=866469244718367053977059 elapsed=72s
