search v2: odd=True, N_CAP=1.00e+24, DELTA_MAX=1.0e+07, MIN_DEPTH=6
SPF shard: smallest prime factor = 3
P2 sub-shard: second prime factor = 7
P3 sub-sub-shard: third prime factor = 11
progress: nodes=10,000,000 tested=0 found=0 n=8217681047469621720531 elapsed=1s
progress: nodes=20,000,000 tested=0 found=0 n=806925719994780756137229 elapsed=1s
progress: nodes=30,000,000 tested=0 found=0 n=321914053837904507518077 elapsed=2s
progress: nodes=40,000,000 tested=0 found=0 n=981767232744377751231021 elapsed=3s
progress: nodes=50,000,000 tested=0 found=0 n=666082549476006546933819 elapsed=4s
progress: nodes=60,000,000 tested=0 found=0 n=868974953811195836709027 elapsed=5s
progress: nodes=70,000,000 tested=0 found=0 n=927598013343546748067403 elapsed=6s
progress: nodes=80,000,000 tested=0 found=0 n=941674113506512283436693 elapsed=6s
progress: nodes=90,000,000 tested=0 found=0 n=7803779974531083587583 elapsed=7s
progress: nodes=100,000,000 tested=0 found=0 n=739515562771766640947703 elapsed=8s
progress: nodes=110,000,000 tested=0 found=0 n=640256258174136541769601 elapsed=9s
progress: nodes=120,000,000 tested=0 found=0 n=325845114993760504992003 elapsed=10s
progress: nodes=130,000,000 tested=0 found=0 n=529635078745122835262547 elapsed=11s
progress: nodes=140,000,000 tested=0 found=0 n=204406793843856515654589 elapsed=12s
progress: nodes=150,000,000 tested=0 found=0 n=667576849060632581649117 elapsed=13s
progress: nodes=160,000,000 tested=0 found=0 n=384366422416153285956771 elapsed=14s
progress: nodes=170,000,000 tested=0 found=0 n=324303486580116345056139 elapsed=15s
progress: nodes=180,000,000 tested=0 found=0 n=353183619968362388710197 elapsed=16s
progress: nodes=190,000,000 tested=0 found=0 n=20117915777447058879 elapsed=16s
progress: nodes=200,000,000 tested=0 found=0 n=740282656017621063267459 elapsed=17s
progress: nodes=210,000,000 tested=0 found=0 n=164647533180857447696283 elapsed=18s
progress: nodes=220,000,000 tested=0 found=0 n=155472925198442812075269 elapsed=19s
progress: nodes=230,000,000 tested=0 found=0 n=237188270058160718240559 elapsed=20s
progress: nodes=240,000,000 tested=0 found=0 n=285405323440452160132341 elapsed=21s
progress: nodes=250,000,000 tested=0 found=0 n=200178342850583002435299 elapsed=22s
progress: nodes=260,000,000 tested=0 found=0 n=203704554890672104276161 elapsed=23s
progress: nodes=270,000,000 tested=0 found=0 n=291294855831217298140773 elapsed=24s
progress: nodes=280,000,000 tested=0 found=0 n=103586842036701729360963 elapsed=24s
progress: nodes=290,000,000 tested=0 found=0 n=26042021560261753630353 elapsed=25s
progress: nodes=300,000,000 tested=0 found=0 n=808095269500326595843209 elapsed=26s
progress: nodes=310,000,000 tested=0 found=0 n=973681363474814655033219 elapsed=26s
progress: nodes=320,000,000 tested=0 found=0 n=851150003784663361178169 elapsed=27s
progress: nodes=330,000,000 tested=0 found=0 n=737581796358736993076259 elapsed=28s
progress: nodes=340,000,000 tested=0 found=0 n=528941336594775630758001 elapsed=28s
progress: nodes=350,000,000 tested=0 found=0 n=19403758180201901419683 elapsed=29s
progress: nodes=360,000,000 tested=0 found=0 n=92417842143495491208201 elapsed=29s
progress: nodes=370,000,000 tested=0 found=0 n=117913961090573550954513 elapsed=30s
progress: nodes=380,000,000 tested=0 found=0 n=235962294625690513415073 elapsed=31s
progress: nodes=390,000,000 tested=0 found=0 n=117959404887652017105801 elapsed=31s
progress: nodes=400,000,000 tested=0 found=0 n=780269736961486688393169 elapsed=32s
progress: nodes=410,000,000 tested=0 found=0 n=8975583399063222780993 elapsed=32s
progress: nodes=420,000,000 tested=0 found=0 n=72719508885571152433521 elapsed=33s
progress: nodes=430,000,000 tested=0 found=0 n=261041020750771668318681 elapsed=34s
progress: nodes=440,000,000 tested=0 found=0 n=366277261314218452908633 elapsed=34s
progress: nodes=450,000,000 tested=0 found=0 n=13034432074686943842999 elapsed=35s
progress: nodes=460,000,000 tested=0 found=0 n=43310829854461264950393 elapsed=35s
progress: nodes=470,000,000 tested=0 found=0 n=201832604567463447981711 elapsed=36s
progress: nodes=480,000,000 tested=0 found=0 n=881604142868262512756673 elapsed=37s
progress: nodes=490,000,000 tested=0 found=0 n=295230821972834896187193 elapsed=37s
progress: nodes=500,000,000 tested=0 found=0 n=941511823200345416667417 elapsed=38s
progress: nodes=510,000,000 tested=0 found=0 n=382935547328460898866633 elapsed=38s
progress: nodes=520,000,000 tested=0 found=0 n=26655621323706722015361 elapsed=39s
progress: nodes=530,000,000 tested=0 found=0 n=11360775673395332784369 elapsed=39s
progress: nodes=540,000,000 tested=0 found=0 n=22840743730381980225669 elapsed=40s
progress: nodes=550,000,000 tested=0 found=0 n=1960208642169697409721 elapsed=41s
progress: nodes=560,000,000 tested=0 found=0 n=336442220827313296464153 elapsed=41s
progress: nodes=570,000,000 tested=0 found=0 n=894107040704746006897143 elapsed=42s
progress: nodes=580,000,000 tested=0 found=0 n=916125881661828208365687 elapsed=42s
progress: nodes=590,000,000 tested=0 found=0 n=305842804232924915854821 elapsed=43s
progress: nodes=600,000,000 tested=0 found=0 n=862826231798938505835891 elapsed=43s
progress: nodes=610,000,000 tested=0 found=0 n=533428757391095341961031 elapsed=44s
progress: nodes=620,000,000 tested=0 found=0 n=445736828931102134436087 elapsed=45s
progress: nodes=630,000,000 tested=0 found=0 n=627725637832218890781663 elapsed=46s
progress: nodes=640,000,000 tested=0 found=0 n=995417887418576171466147 elapsed=47s
progress: nodes=650,000,000 tested=0 found=0 n=337385794324943086661169 elapsed=47s
progress: nodes=660,000,000 tested=0 found=0 n=402344734586780507140773 elapsed=48s
progress: nodes=670,000,000 tested=0 found=0 n=508320044582735427341607 elapsed=49s
progress: nodes=680,000,000 tested=0 found=0 n=802992272097300578416431 elapsed=50s
progress: nodes=690,000,000 tested=0 found=0 n=399411847140793925132079 elapsed=51s
progress: nodes=700,000,000 tested=0 found=0 n=261079120347369375800133 elapsed=52s
progress: nodes=710,000,000 tested=0 found=0 n=929502650118204040833801 elapsed=52s
progress: nodes=720,000,000 tested=0 found=0 n=762460406211599134598097 elapsed=53s
progress: nodes=730,000,000 tested=0 found=0 n=845146279551131959978269 elapsed=54s
progress: nodes=740,000,000 tested=0 found=0 n=311691220253407959003963 elapsed=55s
progress: nodes=750,000,000 tested=0 found=0 n=495932062527729531859617 elapsed=56s
progress: nodes=760,000,000 tested=0 found=0 n=328229944237701136095003 elapsed=57s
progress: nodes=770,000,000 tested=0 found=0 n=323047714650066293199543 elapsed=58s
progress: nodes=780,000,000 tested=0 found=0 n=865373508091099001781171 elapsed=58s
progress: nodes=790,000,000 tested=0 found=0 n=657843268310511771909267 elapsed=59s
progress: nodes=800,000,000 tested=0 found=0 n=129678206533058622332817 elapsed=60s
progress: nodes=810,000,000 tested=0 found=0 n=215893544557844233515897 elapsed=61s
progress: nodes=820,000,000 tested=0 found=0 n=799418991474573126843879 elapsed=62s
progress: nodes=830,000,000 tested=0 found=0 n=569595595382727984709947 elapsed=62s
progress: nodes=840,000,000 tested=0 found=0 n=511547579140911782725179 elapsed=63s
progress: nodes=850,000,000 tested=0 found=0 n=41937628883208389833887 elapsed=64s
progress: nodes=860,000,000 tested=0 found=0 n=105704090076673164642489 elapsed=64s
progress: nodes=870,000,000 tested=0 found=0 n=671767817654153191513311 elapsed=65s
progress: nodes=880,000,000 tested=0 found=0 n=302874881039390743888959 elapsed=65s
progress: nodes=890,000,000 tested=0 found=0 n=665191512653626089354069 elapsed=66s
progress: nodes=900,000,000 tested=0 found=0 n=92111242230433569980529 elapsed=66s
progress: nodes=910,000,000 tested=0 found=0 n=671343296280828519343149 elapsed=67s
progress: nodes=920,000,000 tested=0 found=0 n=58813825777161804801837 elapsed=67s
progress: nodes=930,000,000 tested=0 found=0 n=769844695282119328534047 elapsed=68s
progress: nodes=940,000,000 tested=0 found=0 n=379905140164664119214979 elapsed=69s
progress: nodes=950,000,000 tested=0 found=0 n=38575330474533810278013 elapsed=69s
progress: nodes=960,000,000 tested=0 found=0 n=10422935484604155196299 elapsed=70s
progress: nodes=970,000,000 tested=0 found=0 n=786100204292919620836347 elapsed=70s
progress: nodes=980,000,000 tested=0 found=0 n=232459083834448489584489 elapsed=71s
progress: nodes=990,000,000 tested=0 found=0 n=358856601169486340719953 elapsed=72s
progress: nodes=1,000,000,000 tested=0 found=0 n=528623476956665867659113 elapsed=72s
progress: nodes=1,010,000,000 tested=0 found=0 n=899497832838005503179 elapsed=73s
progress: nodes=1,020,000,000 tested=0 found=0 n=732181866058504822366791 elapsed=73s
progress: nodes=1,030,000,000 tested=0 found=0 n=68537809094427802835937 elapsed=74s
progress: nodes=1,040,000,000 tested=0 found=0 n=721860944690087664131439 elapsed=75s
progress: nodes=1,050,000,000 tested=0 found=0 n=925678701286906034396313 elapsed=75s
progress: nodes=1,060,000,000 tested=0 found=0 n=677901040164914624221779 elapsed=76s
progress: nodes=1,070,000,000 tested=0 found=0 n=735281570307753211174047 elapsed=77s
progress: nodes=1,080,000,000 tested=0 found=0 n=725368006126104186501117 elapsed=78s
progress: nodes=1,090,000,000 tested=0 found=0 n=569917285021079138585673 elapsed=78s
progress: nodes=1,100,000,000 tested=0 found=0 n=735059073120122295855387 elapsed=79s
progress: nodes=1,110,000,000 tested=0 found=0 n=810000664047270390588201 elapsed=80s
progress: nodes=1,120,000,000 tested=0 found=0 n=507498418169310299084199 elapsed=81s
progress: nodes=1,130,000,000 tested=0 found=0 n=537086520045823914085689 elapsed=81s
progress: nodes=1,140,000,000 tested=0 found=0 n=721700352558660482733033 elapsed=82s
progress: nodes=1,150,000,000 tested=0 found=0 n=849151257638981904780327 elapsed=83s
progress: nodes=1,160,000,000 tested=0 found=0 n=605735734403268633827817 elapsed=84s
progress: nodes=1,170,000,000 tested=0 found=0 n=460194431258556099169911 elapsed=84s
progress: nodes=1,180,000,000 tested=0 found=0 n=475546242371371554120507 elapsed=85s
progress: nodes=1,190,000,000 tested=0 found=0 n=274177217392466400247851 elapsed=86s
progress: nodes=1,200,000,000 tested=0 found=0 n=337694490390913294011219 elapsed=87s
progress: nodes=1,210,000,000 tested=0 found=0 n=254862623601992471164407 elapsed=88s
progress: nodes=1,220,000,000 tested=0 found=0 n=228172562446855951935549 elapsed=89s
progress: nodes=1,230,000,000 tested=0 found=0 n=8640854572720767914979 elapsed=89s
progress: nodes=1,240,000,000 tested=0 found=0 n=588734185914349629480711 elapsed=90s
progress: nodes=1,250,000,000 tested=0 found=0 n=66372426493524313818579 elapsed=91s
progress: nodes=1,260,000,000 tested=0 found=0 n=683817989650160960847483 elapsed=92s
progress: nodes=1,270,000,000 tested=0 found=0 n=886128766383349775694177 elapsed=93s
progress: nodes=1,280,000,000 tested=0 found=0 n=580916953675683527203917 elapsed=93s
progress: nodes=1,290,000,000 tested=0 found=0 n=974144319942331429894233 elapsed=94s
progress: nodes=1,300,000,000 tested=0 found=0 n=794236526760003769217853 elapsed=95s
progress: nodes=1,310,000,000 tested=0 found=0 n=730420174307153498434497 elapsed=96s
progress: nodes=1,320,000,000 tested=0 found=0 n=670444901381736257924763 elapsed=97s
progress: nodes=1,330,000,000 tested=0 found=0 n=511293373906046508806337 elapsed=98s
progress: nodes=1,340,000,000 tested=0 found=0 n=739404715709785961551023 elapsed=99s
progress: nodes=1,350,000,000 tested=0 found=0 n=773431212661809592094127 elapsed=99s
progress: nodes=1,360,000,000 tested=0 found=0 n=307583916342277098116439 elapsed=100s
progress: nodes=1,370,000,000 tested=0 found=0 n=339393361302031659109641 elapsed=101s
progress: nodes=1,380,000,000 tested=0 found=0 n=94473028062089970149241 elapsed=101s
progress: nodes=1,390,000,000 tested=0 found=0 n=22794668277229736709129 elapsed=102s
progress: nodes=1,400,000,000 tested=0 found=0 n=42109891420026101722281 elapsed=102s
progress: nodes=1,410,000,000 tested=0 found=0 n=21222277471115627003559 elapsed=103s
progress: nodes=1,420,000,000 tested=0 found=0 n=214690990844837447722089 elapsed=103s
progress: nodes=1,430,000,000 tested=0 found=0 n=303340557952040525374689 elapsed=104s
progress: nodes=1,440,000,000 tested=0 found=0 n=504449904269844490717683 elapsed=104s
progress: nodes=1,450,000,000 tested=0 found=0 n=4412231375008974058773 elapsed=105s
progress: nodes=1,460,000,000 tested=0 found=0 n=100133832070394237883537 elapsed=106s
progress: nodes=1,470,000,000 tested=0 found=0 n=90480273524390808856413 elapsed=106s
progress: nodes=1,480,000,000 tested=0 found=0 n=213475949807249135030409 elapsed=107s
progress: nodes=1,490,000,000 tested=0 found=0 n=864824901626409885010773 elapsed=108s
progress: nodes=1,500,000,000 tested=0 found=0 n=996856174740818966186151 elapsed=108s
progress: nodes=1,510,000,000 tested=0 found=0 n=747103202248722958573011 elapsed=109s
progress: nodes=1,520,000,000 tested=0 found=0 n=348984892872893465380269 elapsed=110s
progress: nodes=1,530,000,000 tested=0 found=0 n=772088225906045959111971 elapsed=111s
progress: nodes=1,540,000,000 tested=0 found=0 n=779399346860590824133227 elapsed=111s
progress: nodes=1,550,000,000 tested=0 found=0 n=40217454651595340267379 elapsed=112s
progress: nodes=1,560,000,000 tested=0 found=0 n=824416308510361229364471 elapsed=113s
progress: nodes=1,570,000,000 tested=0 found=0 n=733275544928530978685619 elapsed=114s
progress: nodes=1,580,000,000 tested=0 found=0 n=464675978396982510322857 elapsed=114s
progress: nodes=1,590,000,000 tested=0 found=0 n=577331445338371488543471 elapsed=115s
progress: nodes=1,600,000,000 tested=0 found=0 n=169086206702784565286631 elapsed=116s
progress: nodes=1,610,000,000 tested=0 found=0 n=597700126426637067568119 elapsed=117s
progress: nodes=1,620,000,000 tested=0 found=0 n=216447151169640564889947 elapsed=118s
progress: nodes=1,630,000,000 tested=0 found=0 n=411587032617556687570833 elapsed=118s
progress: nodes=1,640,000,000 tested=0 found=0 n=237005192945316420648639 elapsed=119s
progress: nodes=1,650,000,000 tested=0 found=0 n=873563955717957887048589 elapsed=120s
progress: nodes=1,660,000,000 tested=0 found=0 n=435553796344153438385973 elapsed=121s
progress: nodes=1,670,000,000 tested=0 found=0 n=294016089497672456524071 elapsed=122s
progress: nodes=1,680,000,000 tested=0 found=0 n=815315205392796768120153 elapsed=122s
progress: nodes=1,690,000,000 tested=0 found=0 n=904033464023453821415127 elapsed=123s
progress: nodes=1,700,000,000 tested=0 found=0 n=218160954087468331689981 elapsed=124s
progress: nodes=1,710,000,000 tested=0 found=0 n=91158637651497634952349 elapsed=125s
progress: nodes=1,720,000,000 tested=0 found=0 n=777525651880636112229699 elapsed=126s
progress: nodes=1,730,000,000 tested=0 found=0 n=556599710564311837560291 elapsed=127s
progress: nodes=1,740,000,000 tested=0 found=0 n=988836096294730288614933 elapsed=127s
progress: nodes=1,750,000,000 tested=0 found=0 n=8545087444482863317197 elapsed=128s
progress: nodes=1,760,000,000 tested=0 found=0 n=705734818415554573493001 elapsed=129s
progress: nodes=1,770,000,000 tested=0 found=0 n=651749824017017432213661 elapsed=130s
progress: nodes=1,780,000,000 tested=0 found=0 n=329606077818411392900517 elapsed=130s
progress: nodes=1,790,000,000 tested=0 found=0 n=167119150309993212375429 elapsed=131s
progress: nodes=1,800,000,000 tested=0 found=0 n=58163702983293207766851 elapsed=132s
progress: nodes=1,810,000,000 tested=0 found=0 n=69523128807310752773661 elapsed=132s
progress: nodes=1,820,000,000 tested=0 found=0 n=332647346799323735057109 elapsed=133s
progress: nodes=1,830,000,000 tested=0 found=0 n=40492093654070445502269 elapsed=133s
progress: nodes=1,840,000,000 tested=0 found=0 n=8878951765084733362107 elapsed=134s
progress: nodes=1,850,000,000 tested=0 found=0 n=915319874744063347377357 elapsed=134s
progress: nodes=1,860,000,000 tested=0 found=0 n=569207847745157651579241 elapsed=135s
progress: nodes=1,870,000,000 tested=0 found=0 n=121917654198089052893667 elapsed=136s
progress: nodes=1,880,000,000 tested=0 found=0 n=443076656631677473241529 elapsed=136s
progress: nodes=1,890,000,000 tested=0 found=0 n=397790418783435178868829 elapsed=137s
progress: nodes=1,900,000,000 tested=0 found=0 n=291153420066204299982609 elapsed=138s
progress: nodes=1,910,000,000 tested=0 found=0 n=560560378000679418479733 elapsed=139s
progress: nodes=1,920,000,000 tested=0 found=0 n=292752414489539707110639 elapsed=139s
progress: nodes=1,930,000,000 tested=0 found=0 n=115468111326328970348601 elapsed=140s
progress: nodes=1,940,000,000 tested=0 found=0 n=563609930764268884361481 elapsed=141s
progress: nodes=1,950,000,000 tested=0 found=0 n=115140688871105025727137 elapsed=142s
progress: nodes=1,960,000,000 tested=0 found=0 n=137836874038782046320423 elapsed=143s
progress: nodes=1,970,000,000 tested=0 found=0 n=432015683394363168068199 elapsed=143s
progress: nodes=1,980,000,000 tested=0 found=0 n=115762212386904368353761 elapsed=144s
progress: nodes=1,990,000,000 tested=0 found=0 n=9286680079799450660871 elapsed=145s
progress: nodes=2,000,000,000 tested=0 found=0 n=322133631753587551878519 elapsed=146s
progress: nodes=2,010,000,000 tested=0 found=0 n=407923187023720281763773 elapsed=146s
progress: nodes=2,020,000,000 tested=0 found=0 n=726082880849797109966019 elapsed=147s
progress: nodes=2,030,000,000 tested=0 found=0 n=238883688643672348905321 elapsed=148s
progress: nodes=2,040,000,000 tested=0 found=0 n=194493173636361164534739 elapsed=149s
progress: nodes=2,050,000,000 tested=0 found=0 n=358101757767344582724579 elapsed=150s
progress: nodes=2,060,000,000 tested=0 found=0 n=915115813020969524907327 elapsed=151s
progress: nodes=2,070,000,000 tested=0 found=0 n=2730940382508249091257 elapsed=151s
progress: nodes=2,080,000,000 tested=0 found=0 n=5144649655972641923493 elapsed=152s
progress: nodes=2,090,000,000 tested=0 found=0 n=648505786281737860661031 elapsed=153s
progress: nodes=2,100,000,000 tested=0 found=0 n=970026369909078881504259 elapsed=154s
progress: nodes=2,110,000,000 tested=0 found=0 n=513392916883942400242707 elapsed=154s
progress: nodes=2,120,000,000 tested=0 found=0 n=81774389861953178113647 elapsed=155s
progress: nodes=2,130,000,000 tested=0 found=0 n=978825441766483310990067 elapsed=156s
progress: nodes=2,140,000,000 tested=0 found=0 n=420539555380768837573329 elapsed=157s
progress: nodes=2,150,000,000 tested=0 found=0 n=174308742030150533346849 elapsed=157s
progress: nodes=2,160,000,000 tested=0 found=0 n=332466901957809630816651 elapsed=158s
progress: nodes=2,170,000,000 tested=0 found=0 n=580975781537279790097821 elapsed=159s
progress: nodes=2,180,000,000 tested=0 found=0 n=211318556184238271915223 elapsed=160s
progress: nodes=2,190,000,000 tested=0 found=0 n=122568839291624850030753 elapsed=161s
progress: nodes=2,200,000,000 tested=0 found=0 n=308577139251474439042389 elapsed=161s
progress: nodes=2,210,000,000 tested=0 found=0 n=469591655061566886102639 elapsed=162s
progress: nodes=2,220,000,000 tested=0 found=0 n=7744210685299909963989 elapsed=163s
progress: nodes=2,230,000,000 tested=0 found=0 n=314821459520750319726897 elapsed=164s
progress: nodes=2,240,000,000 tested=0 found=0 n=72560073487131957339459 elapsed=165s
progress: nodes=2,250,000,000 tested=0 found=0 n=403602691557499334359767 elapsed=165s
progress: nodes=2,260,000,000 tested=0 found=0 n=334846601952548070658581 elapsed=166s
progress: nodes=2,270,000,000 tested=0 found=0 n=98342311688932716937917 elapsed=167s
progress: nodes=2,280,000,000 tested=0 found=0 n=347945200541327943437499 elapsed=168s
progress: nodes=2,290,000,000 tested=0 found=0 n=42233315867225757842337 elapsed=169s
progress: nodes=2,300,000,000 tested=0 found=0 n=950073838570476774333333 elapsed=170s
progress: nodes=2,310,000,000 tested=0 found=0 n=677924719406828208466767 elapsed=171s
progress: nodes=2,320,000,000 tested=0 found=0 n=790421004306316042735383 elapsed=171s
progress: nodes=2,330,000,000 tested=0 found=0 n=201368543784971683129317 elapsed=172s
progress: nodes=2,340,000,000 tested=0 found=0 n=459636205418456158494171 elapsed=173s
progress: nodes=2,350,000,000 tested=0 found=0 n=88492461451617870986031 elapsed=174s
progress: nodes=2,360,000,000 tested=0 found=0 n=29413866392462205718911 elapsed=175s
progress: nodes=2,370,000,000 tested=0 found=0 n=238302587411444844421749 elapsed=175s
progress: nodes=2,380,000,000 tested=0 found=0 n=43652830435220366597853 elapsed=176s
progress: nodes=2,390,000,000 tested=0 found=0 n=93347721205909565429727 elapsed=177s
progress: nodes=2,400,000,000 tested=0 found=0 n=169019603408149917385347 elapsed=178s
progress: nodes=2,410,000,000 tested=0 found=0 n=629479187526977429282487 elapsed=179s
progress: nodes=2,420,000,000 tested=0 found=0 n=3859016553451947679407 elapsed=180s
progress: nodes=2,430,000,000 tested=0 found=0 n=134727237683325415150407 elapsed=180s
progress: nodes=2,440,000,000 tested=0 found=0 n=124485313204910337658209 elapsed=181s
progress: nodes=2,450,000,000 tested=0 found=0 n=784292827142555358513039 elapsed=182s
progress: nodes=2,460,000,000 tested=0 found=0 n=828841047142128112717317 elapsed=183s
progress: nodes=2,470,000,000 tested=0 found=0 n=722018681533125536612283 elapsed=184s
progress: nodes=2,480,000,000 tested=0 found=0 n=268369146891962649659511 elapsed=185s
progress: nodes=2,490,000,000 tested=0 found=0 n=290928566862903581280207 elapsed=185s
progress: nodes=2,500,000,000 tested=0 found=0 n=70589724285714875739729 elapsed=186s
progress: nodes=2,510,000,000 tested=0 found=0 n=875755536422282684957943 elapsed=187s
progress: nodes=2,520,000,000 tested=0 found=0 n=765051820219146087081531 elapsed=188s
progress: nodes=2,530,000,000 tested=0 found=0 n=223488359662521573845379 elapsed=189s
progress: nodes=2,540,000,000 tested=0 found=0 n=943247130367090029532821 elapsed=189s
progress: nodes=2,550,000,000 tested=0 found=0 n=238567292100030660291063 elapsed=190s
progress: nodes=2,560,000,000 tested=0 found=0 n=305181345434161551387417 elapsed=190s
progress: nodes=2,570,000,000 tested=0 found=0 n=75039878637902361351861 elapsed=191s
progress: nodes=2,580,000,000 tested=0 found=0 n=45931020478979777797887 elapsed=191s
progress: nodes=2,590,000,000 tested=0 found=0 n=180385490065820239280619 elapsed=192s
progress: nodes=2,600,000,000 tested=0 found=0 n=12227097492851485629231 elapsed=192s
progress: nodes=2,610,000,000 tested=0 found=0 n=11361244721546369461581 elapsed=193s
progress: nodes=2,620,000,000 tested=0 found=0 n=350790009701980481839899 elapsed=193s
progress: nodes=2,630,000,000 tested=0 found=0 n=742216175255883433567077 elapsed=194s
progress: nodes=2,640,000,000 tested=0 found=0 n=709065739152714005708877 elapsed=195s
progress: nodes=2,650,000,000 tested=0 found=0 n=886875278835302868845349 elapsed=195s
progress: nodes=2,660,000,000 tested=0 found=0 n=416650206235753663126569 elapsed=196s
progress: nodes=2,670,000,000 tested=0 found=0 n=581001861564382740806709 elapsed=197s
progress: nodes=2,680,000,000 tested=0 found=0 n=555771154372975640310057 elapsed=198s
progress: nodes=2,690,000,000 tested=0 found=0 n=366489183372546286454787 elapsed=199s
progress: nodes=2,700,000,000 tested=0 found=0 n=529878198702333541725819 elapsed=200s
progress: nodes=2,710,000,000 tested=0 found=0 n=94461541769810420983701 elapsed=201s
progress: nodes=2,720,000,000 tested=0 found=0 n=272081515326480183942387 elapsed=201s
progress: nodes=2,730,000,000 tested=0 found=0 n=723412087669069953904827 elapsed=202s
progress: nodes=2,740,000,000 tested=0 found=0 n=267895439763750175845699 elapsed=203s
progress: nodes=2,750,000,000 tested=0 found=0 n=63142321031828550608481 elapsed=204s
progress: nodes=2,760,000,000 tested=0 found=0 n=18166730229338206830237 elapsed=205s
progress: nodes=2,770,000,000 tested=0 found=0 n=754522171021230723554751 elapsed=206s
progress: nodes=2,780,000,000 tested=0 found=0 n=310898366223000219210393 elapsed=207s
progress: nodes=2,790,000,000 tested=0 found=0 n=82297789943028655812201 elapsed=207s
progress: nodes=2,800,000,000 tested=0 found=0 n=146860270666377269731191 elapsed=208s
progress: nodes=2,810,000,000 tested=0 found=0 n=11837800596663997687809 elapsed=209s
progress: nodes=2,820,000,000 tested=0 found=0 n=353477189619007719505317 elapsed=210s
progress: nodes=2,830,000,000 tested=0 found=0 n=374079955352757049214973 elapsed=211s
progress: nodes=2,840,000,000 tested=0 found=0 n=563297045950225237223727 elapsed=211s
progress: nodes=2,850,000,000 tested=0 found=0 n=415956267874538246655261 elapsed=212s
progress: nodes=2,860,000,000 tested=0 found=0 n=488630603614850457801579 elapsed=213s
progress: nodes=2,870,000,000 tested=0 found=0 n=131477870782977998622651 elapsed=214s
progress: nodes=2,880,000,000 tested=0 found=0 n=595402157959563542920101 elapsed=215s
progress: nodes=2,890,000,000 tested=0 found=0 n=706920900293960804118051 elapsed=215s
progress: nodes=2,900,000,000 tested=0 found=0 n=636911481007589416723017 elapsed=216s
progress: nodes=2,910,000,000 tested=0 found=0 n=816901131613486678641729 elapsed=217s
progress: nodes=2,920,000,000 tested=0 found=0 n=614462278058395159891113 elapsed=218s
progress: nodes=2,930,000,000 tested=0 found=0 n=59214287308401546734259 elapsed=218s
progress: nodes=2,940,000,000 tested=0 found=0 n=509653757338501433649453 elapsed=219s
progress: nodes=2,950,000,000 tested=0 found=0 n=3617845533024400492353 elapsed=220s
progress: nodes=2,960,000,000 tested=0 found=0 n=380182800309118421091939 elapsed=221s
progress: nodes=2,970,000,000 tested=0 found=0 n=267924970025339950268253 elapsed=221s
progress: nodes=2,980,000,000 tested=0 found=0 n=659142864447188307826563 elapsed=222s
progress: nodes=2,990,000,000 tested=0 found=0 n=70036586686749229901739 elapsed=223s
progress: nodes=3,000,000,000 tested=0 found=0 n=609849131790029465777751 elapsed=224s
progress: nodes=3,010,000,000 tested=0 found=0 n=484002518532142285256427 elapsed=224s
progress: nodes=3,020,000,000 tested=0 found=0 n=419567833155115006771563 elapsed=225s
progress: nodes=3,030,000,000 tested=0 found=0 n=108849684609454744683189 elapsed=226s
progress: nodes=3,040,000,000 tested=0 found=0 n=189248202200363864361111 elapsed=227s
progress: nodes=3,050,000,000 tested=0 found=0 n=961572270003868228748427 elapsed=227s
progress: nodes=3,060,000,000 tested=0 found=0 n=327098403164367839274039 elapsed=228s
progress: nodes=3,070,000,000 tested=0 found=0 n=186898740790917294577053 elapsed=229s
progress: nodes=3,080,000,000 tested=0 found=0 n=69546685944728649985713 elapsed=230s
progress: nodes=3,090,000,000 tested=0 found=0 n=408851122385069546977179 elapsed=230s
progress: nodes=3,100,000,000 tested=0 found=0 n=683019374248365291196983 elapsed=231s
progress: nodes=3,110,000,000 tested=0 found=0 n=55079605436976194196969 elapsed=232s
progress: nodes=3,120,000,000 tested=0 found=0 n=869669320106957608492947 elapsed=232s
progress: nodes=3,130,000,000 tested=0 found=0 n=211104395695348899539103 elapsed=233s
progress: nodes=3,140,000,000 tested=0 found=0 n=55645918099487694012573 elapsed=234s
progress: nodes=3,150,000,000 tested=0 found=0 n=541148334583543934933763 elapsed=235s
progress: nodes=3,160,000,000 tested=0 found=0 n=34642015063299640511361 elapsed=235s
progress: nodes=3,170,000,000 tested=0 found=0 n=269078269817647292547699 elapsed=236s
progress: nodes=3,180,000,000 tested=0 found=0 n=485614119245094092918511 elapsed=237s
progress: nodes=3,190,000,000 tested=0 found=0 n=970541034654560767735491 elapsed=238s
progress: nodes=3,200,000,000 tested=0 found=0 n=14205709922828174260587 elapsed=238s
progress: nodes=3,210,000,000 tested=0 found=0 n=823249638095336097348087 elapsed=239s
progress: nodes=3,220,000,000 tested=0 found=0 n=889765608494205918541143 elapsed=240s
progress: nodes=3,230,000,000 tested=0 found=0 n=909864613244832752099439 elapsed=241s
progress: nodes=3,240,000,000 tested=0 found=0 n=399881259234014824610883 elapsed=241s
progress: nodes=3,250,000,000 tested=0 found=0 n=634354089971178513300903 elapsed=242s
progress: nodes=3,260,000,000 tested=0 found=0 n=405592409792724697809189 elapsed=243s
progress: nodes=3,270,000,000 tested=0 found=0 n=732452515564493653146063 elapsed=244s
progress: nodes=3,280,000,000 tested=0 found=0 n=773309139911375335254063 elapsed=245s
progress: nodes=3,290,000,000 tested=0 found=0 n=388612080596005016413509 elapsed=246s
progress: nodes=3,300,000,000 tested=0 found=0 n=341829618707950901026191 elapsed=246s
progress: nodes=3,310,000,000 tested=0 found=0 n=517621926396463456396059 elapsed=247s
progress: nodes=3,320,000,000 tested=0 found=0 n=218771785043223763552047 elapsed=248s
progress: nodes=3,330,000,000 tested=0 found=0 n=224321933464598181907233 elapsed=249s
progress: nodes=3,340,000,000 tested=0 found=0 n=195681039048547053172479 elapsed=250s
progress: nodes=3,350,000,000 tested=0 found=0 n=155757902017720431982707 elapsed=251s
progress: nodes=3,360,000,000 tested=0 found=0 n=124684485337765781006733 elapsed=252s
progress: nodes=3,370,000,000 tested=0 found=0 n=22411483229678503217103 elapsed=252s
progress: nodes=3,380,000,000 tested=0 found=0 n=577836154822238113571847 elapsed=253s
progress: nodes=3,390,000,000 tested=0 found=0 n=691661559476783105878437 elapsed=254s
progress: nodes=3,400,000,000 tested=0 found=0 n=373790214868201498068471 elapsed=255s
progress: nodes=3,410,000,000 tested=0 found=0 n=395398094755761403800417 elapsed=256s
progress: nodes=3,420,000,000 tested=0 found=0 n=61160643630300036930723 elapsed=257s
progress: nodes=3,430,000,000 tested=0 found=0 n=330106602081950603069391 elapsed=257s
progress: nodes=3,440,000,000 tested=0 found=0 n=902248760328633609726681 elapsed=258s
progress: nodes=3,450,000,000 tested=0 found=0 n=61784261391198256039899 elapsed=259s
progress: nodes=3,460,000,000 tested=0 found=0 n=967224842527002861742479 elapsed=259s
progress: nodes=3,470,000,000 tested=0 found=0 n=794384788512630843576279 elapsed=260s
progress: nodes=3,480,000,000 tested=0 found=0 n=631780315879023127931499 elapsed=261s
progress: nodes=3,490,000,000 tested=0 found=0 n=291422113608522898200969 elapsed=262s
progress: nodes=3,500,000,000 tested=0 found=0 n=451401768517417815012993 elapsed=263s
progress: nodes=3,510,000,000 tested=0 found=0 n=46660744037558852255439 elapsed=264s
progress: nodes=3,520,000,000 tested=0 found=0 n=620319820652214097783599 elapsed=264s
progress: nodes=3,530,000,000 tested=0 found=0 n=145535606489929609908801 elapsed=265s
progress: nodes=3,540,000,000 tested=0 found=0 n=394271562818611091371527 elapsed=266s
progress: nodes=3,550,000,000 tested=0 found=0 n=917735673389187145837113 elapsed=266s
progress: nodes=3,560,000,000 tested=0 found=0 n=897736879484650836110403 elapsed=267s
progress: nodes=3,570,000,000 tested=0 found=0 n=832576856325763634316693 elapsed=268s
progress: nodes=3,580,000,000 tested=0 found=0 n=23192215344902158474689 elapsed=269s
progress: nodes=3,590,000,000 tested=0 found=0 n=184808738325923837383797 elapsed=270s
progress: nodes=3,600,000,000 tested=0 found=0 n=909618847659829472951709 elapsed=270s
progress: nodes=3,610,000,000 tested=0 found=0 n=644116005727516184684283 elapsed=271s
progress: nodes=3,620,000,000 tested=0 found=0 n=114418555005237883516809 elapsed=272s
progress: nodes=3,630,000,000 tested=0 found=0 n=517129074898505434910853 elapsed=273s
progress: nodes=3,640,000,000 tested=0 found=0 n=569561222500510012934931 elapsed=273s
progress: nodes=3,650,000,000 tested=0 found=0 n=817629678812603398794129 elapsed=274s
progress: nodes=3,660,000,000 tested=0 found=0 n=165782223762205505606613 elapsed=275s
progress: nodes=3,670,000,000 tested=0 found=0 n=4509626560453724611671 elapsed=276s
progress: nodes=3,680,000,000 tested=0 found=0 n=638160856414092771911613 elapsed=276s
progress: nodes=3,690,000,000 tested=0 found=0 n=934938959592112442801757 elapsed=277s
progress: nodes=3,700,000,000 tested=0 found=0 n=649688434759656148646097 elapsed=278s
progress: nodes=3,710,000,000 tested=0 found=0 n=37488085617438331733781 elapsed=278s
progress: nodes=3,720,000,000 tested=0 found=0 n=552237773206065738272019 elapsed=279s
progress: nodes=3,730,000,000 tested=0 found=0 n=26964046246597591909239 elapsed=280s
progress: nodes=3,740,000,000 tested=0 found=0 n=846632984283987723551421 elapsed=281s
progress: nodes=3,750,000,000 tested=0 found=0 n=474679282392435565680543 elapsed=281s
progress: nodes=3,760,000,000 tested=0 found=0 n=61144687779247424637747 elapsed=282s
progress: nodes=3,770,000,000 tested=0 found=0 n=254999244931129170474849 elapsed=283s
progress: nodes=3,780,000,000 tested=0 found=0 n=246899086771423161964581 elapsed=284s
progress: nodes=3,790,000,000 tested=0 found=0 n=633349121003736297237 elapsed=284s
progress: nodes=3,800,000,000 tested=0 found=0 n=512688780608847589141857 elapsed=285s
progress: nodes=3,810,000,000 tested=0 found=0 n=629379394533733565471211 elapsed=286s
progress: nodes=3,820,000,000 tested=0 found=0 n=472241629800753190951419 elapsed=287s
progress: nodes=3,830,000,000 tested=0 found=0 n=938832626681907905218887 elapsed=287s
progress: nodes=3,840,000,000 tested=0 found=0 n=950022415269620590001643 elapsed=288s
progress: nodes=3,850,000,000 tested=0 found=0 n=893005913932753424986413 elapsed=289s
progress: nodes=3,860,000,000 tested=0 found=0 n=633311396258515092031221 elapsed=290s
progress: nodes=3,870,000,000 tested=0 found=0 n=400347975468315417273423 elapsed=291s
progress: nodes=3,880,000,000 tested=0 found=0 n=113971733093091328057449 elapsed=292s
progress: nodes=3,890,000,000 tested=0 found=0 n=596085948101553061572189 elapsed=292s
progress: nodes=3,900,000,000 tested=0 found=0 n=118441919904935041411227 elapsed=293s
progress: nodes=3,910,000,000 tested=0 found=0 n=412879257292540243280229 elapsed=294s
progress: nodes=3,920,000,000 tested=0 found=0 n=516473699513122404443313 elapsed=295s
progress: nodes=3,930,000,000 tested=0 found=0 n=187569381611261116922301 elapsed=295s
progress: nodes=3,940,000,000 tested=0 found=0 n=145684036171243718314551 elapsed=296s
progress: nodes=3,950,000,000 tested=0 found=0 n=638572220815866295999887 elapsed=297s
progress: nodes=3,960,000,000 tested=0 found=0 n=587514213627096853983501 elapsed=297s
progress: nodes=3,970,000,000 tested=0 found=0 n=100560713489939294109441 elapsed=298s
progress: nodes=3,980,000,000 tested=0 found=0 n=627141049175906039305377 elapsed=299s
progress: nodes=3,990,000,000 tested=0 found=0 n=174805365241258676284437 elapsed=300s
progress: nodes=4,000,000,000 tested=0 found=0 n=297807619553969688036027 elapsed=301s
progress: nodes=4,010,000,000 tested=0 found=0 n=44271010251820441201959 elapsed=302s
progress: nodes=4,020,000,000 tested=0 found=0 n=139075241854743169017273 elapsed=303s
progress: nodes=4,030,000,000 tested=0 found=0 n=774095494968733856383773 elapsed=303s
progress: nodes=4,040,000,000 tested=0 found=0 n=816721059416619319161507 elapsed=304s
progress: nodes=4,050,000,000 tested=0 found=0 n=943559300140790835341763 elapsed=305s
progress: nodes=4,060,000,000 tested=0 found=0 n=8530008066478766608587 elapsed=306s
progress: nodes=4,070,000,000 tested=0 found=0 n=297315043491209733135531 elapsed=306s
progress: nodes=4,080,000,000 tested=0 found=0 n=973549118645243037685557 elapsed=307s
progress: nodes=4,090,000,000 tested=0 found=0 n=70803782462929320071883 elapsed=308s
progress: nodes=4,100,000,000 tested=0 found=0 n=58761201825503790663897 elapsed=309s
progress: nodes=4,110,000,000 tested=0 found=0 n=447943475960877466859751 elapsed=309s
progress: nodes=4,120,000,000 tested=0 found=0 n=559019579524109127118233 elapsed=310s
progress: nodes=4,130,000,000 tested=0 found=0 n=56465574902428097081907 elapsed=311s
progress: nodes=4,140,000,000 tested=0 found=0 n=917004132367414974248751 elapsed=312s
progress: nodes=4,150,000,000 tested=0 found=0 n=310181164974652384731087 elapsed=313s

done in 313.4s | nodes=4,159,216,493 | tested=0 | weird=0
