search v2: odd=True, N_CAP=1.00e+24, DELTA_MAX=1.0e+07, MIN_DEPTH=6
SPF shard: smallest prime factor = 3
P2 sub-shard: second prime factor = 5
P3 sub-sub-shard: third prime factor = 7
progress: nodes=10,000,000 tested=2 found=0 n=137116915627746361358625 elapsed=23s
progress: nodes=20,000,000 tested=3 found=0 n=285688829223587399749125 elapsed=65s
progress: nodes=30,000,000 tested=3 found=0 n=438478724820118717714875 elapsed=108s
progress: nodes=40,000,000 tested=3 found=0 n=22360496327178837263625 elapsed=144s
progress: nodes=50,000,000 tested=3 found=0 n=163805749396028570688375 elapsed=175s
progress: nodes=60,000,000 tested=3 found=0 n=313338023436894951361125 elapsed=216s
progress: nodes=70,000,000 tested=3 found=0 n=58546959434153578948875 elapsed=241s
progress: nodes=80,000,000 tested=3 found=0 n=203150016359717164402875 elapsed=280s
progress: nodes=90,000,000 tested=3 found=0 n=353914082757555555766125 elapsed=321s
progress: nodes=100,000,000 tested=3 found=0 n=129779354167949217582375 elapsed=344s
progress: nodes=110,000,000 tested=3 found=0 n=36526941237461891057625 elapsed=373s
progress: nodes=120,000,000 tested=3 found=0 n=4127823003495150049125 elapsed=407s
progress: nodes=130,000,000 tested=3 found=0 n=142815730969839071027625 elapsed=433s
progress: nodes=140,000,000 tested=3 found=0 n=120254057173401973450125 elapsed=457s
progress: nodes=150,000,000 tested=3 found=0 n=18217981355825709877125 elapsed=475s
progress: nodes=160,000,000 tested=3 found=0 n=72562002481895472832125 elapsed=490s
progress: nodes=170,000,000 tested=3 found=0 n=55612643083405126837125 elapsed=498s
progress: nodes=180,000,000 tested=3 found=0 n=27016037259168388034625 elapsed=500s
progress: nodes=190,000,000 tested=3 found=0 n=28660699096467599933625 elapsed=501s
progress: nodes=200,000,000 tested=3 found=0 n=6935033696116273174875 elapsed=501s
progress: nodes=210,000,000 tested=3 found=0 n=3099580683801959524125 elapsed=502s
progress: nodes=220,000,000 tested=3 found=0 n=14435416055271164989875 elapsed=502s
progress: nodes=230,000,000 tested=3 found=0 n=1900770257058689974125 elapsed=503s
progress: nodes=240,000,000 tested=3 found=0 n=13551810695818367839125 elapsed=503s
progress: nodes=250,000,000 tested=3 found=0 n=2108082585725776372125 elapsed=504s
progress: nodes=260,000,000 tested=3 found=0 n=7225821482752319293875 elapsed=504s
progress: nodes=270,000,000 tested=3 found=0 n=3045924542594820082875 elapsed=505s
progress: nodes=280,000,000 tested=3 found=0 n=4982043581061499729875 elapsed=505s
progress: nodes=290,000,000 tested=3 found=0 n=6829825082001817672875 elapsed=506s
progress: nodes=300,000,000 tested=3 found=0 n=2775705959952203247375 elapsed=506s
progress: nodes=310,000,000 tested=3 found=0 n=2658022406988394873875 elapsed=507s
progress: nodes=320,000,000 tested=3 found=0 n=4256543622731689387875 elapsed=507s
progress: nodes=330,000,000 tested=3 found=0 n=1591918796330641372125 elapsed=508s
progress: nodes=340,000,000 tested=4 found=0 n=2547981656426903883375 elapsed=508s
progress: nodes=350,000,000 tested=4 found=0 n=676942117466612836125 elapsed=509s
progress: nodes=360,000,000 tested=4 found=0 n=2394225412046633216625 elapsed=509s
progress: nodes=370,000,000 tested=4 found=0 n=1940914530079398370875 elapsed=510s
progress: nodes=380,000,000 tested=4 found=0 n=817363282084798084125 elapsed=510s
progress: nodes=390,000,000 tested=4 found=0 n=914110750682021006625 elapsed=510s
progress: nodes=400,000,000 tested=4 found=0 n=171846256936047810375 elapsed=511s
progress: nodes=410,000,000 tested=4 found=0 n=1168341978038251151625 elapsed=511s
progress: nodes=420,000,000 tested=4 found=0 n=125664272315789179875 elapsed=512s
progress: nodes=430,000,000 tested=5 found=0 n=407150129873149553625 elapsed=513s
progress: nodes=440,000,000 tested=5 found=0 n=579730021051299664875 elapsed=513s
progress: nodes=450,000,000 tested=5 found=0 n=351847991392609459125 elapsed=513s
progress: nodes=460,000,000 tested=5 found=0 n=179775676734600851625 elapsed=514s
progress: nodes=470,000,000 tested=5 found=0 n=341398635293077406625 elapsed=514s
progress: nodes=480,000,000 tested=5 found=0 n=178470940825654498875 elapsed=515s
progress: nodes=490,000,000 tested=5 found=0 n=184393711285019336625 elapsed=516s
progress: nodes=500,000,000 tested=5 found=0 n=354499032183440725875 elapsed=516s
progress: nodes=510,000,000 tested=5 found=0 n=264016109938638768375 elapsed=516s
progress: nodes=520,000,000 tested=5 found=0 n=467891811929710174125 elapsed=517s
progress: nodes=530,000,000 tested=5 found=0 n=263997843655809498375 elapsed=518s
progress: nodes=540,000,000 tested=5 found=0 n=131928942395009106375 elapsed=518s
progress: nodes=550,000,000 tested=5 found=0 n=184482606518916554625 elapsed=518s
progress: nodes=560,000,000 tested=5 found=0 n=181505429574065590875 elapsed=519s
progress: nodes=570,000,000 tested=6 found=0 n=160846146367024274625 elapsed=520s
progress: nodes=580,000,000 tested=6 found=0 n=430803513244808767875 elapsed=520s
progress: nodes=590,000,000 tested=6 found=0 n=216381808324411870875 elapsed=521s
progress: nodes=600,000,000 tested=6 found=0 n=263930899304866581375 elapsed=521s
progress: nodes=610,000,000 tested=6 found=0 n=385771756690864432875 elapsed=522s
progress: nodes=620,000,000 tested=6 found=0 n=412832248814957719125 elapsed=522s
progress: nodes=630,000,000 tested=6 found=0 n=739471504061993006458875 elapsed=523s
progress: nodes=640,000,000 tested=6 found=0 n=974372827664951757769125 elapsed=523s
progress: nodes=650,000,000 tested=6 found=0 n=978513982817596770685875 elapsed=523s
progress: nodes=660,000,000 tested=6 found=0 n=778916640949014133080375 elapsed=524s
progress: nodes=670,000,000 tested=6 found=0 n=411927997618505239118625 elapsed=524s
progress: nodes=680,000,000 tested=6 found=0 n=638492362764603980059875 elapsed=525s
progress: nodes=690,000,000 tested=6 found=0 n=661100371806309110237625 elapsed=525s
progress: nodes=700,000,000 tested=6 found=0 n=603762989281072425517125 elapsed=526s
progress: nodes=710,000,000 tested=6 found=0 n=507890613594271452932625 elapsed=526s
progress: nodes=720,000,000 tested=6 found=0 n=472559549466374787025875 elapsed=527s
progress: nodes=730,000,000 tested=6 found=0 n=442803746853216111727875 elapsed=527s
progress: nodes=740,000,000 tested=6 found=0 n=511168122132850986491625 elapsed=528s
progress: nodes=750,000,000 tested=6 found=0 n=735497224818543606670125 elapsed=528s
progress: nodes=760,000,000 tested=6 found=0 n=314614185714842353543875 elapsed=529s
progress: nodes=770,000,000 tested=6 found=0 n=795267958070278958073375 elapsed=529s
progress: nodes=780,000,000 tested=6 found=0 n=840111083270908121733375 elapsed=530s
progress: nodes=790,000,000 tested=6 found=0 n=506193147788655084221625 elapsed=530s
progress: nodes=800,000,000 tested=6 found=0 n=484327555295567117749125 elapsed=530s
progress: nodes=810,000,000 tested=6 found=0 n=950118044536059886806375 elapsed=531s
progress: nodes=820,000,000 tested=6 found=0 n=507315079998364382532375 elapsed=531s
progress: nodes=830,000,000 tested=6 found=0 n=681596713098791763700875 elapsed=532s
progress: nodes=840,000,000 tested=6 found=0 n=757030015664682793957875 elapsed=532s
progress: nodes=850,000,000 tested=6 found=0 n=735645693835021115188875 elapsed=533s
progress: nodes=860,000,000 tested=6 found=0 n=594054673204360815061125 elapsed=533s
progress: nodes=870,000,000 tested=6 found=0 n=576129961182465901934625 elapsed=534s
progress: nodes=880,000,000 tested=6 found=0 n=799963269069457395280875 elapsed=534s
progress: nodes=890,000,000 tested=6 found=0 n=545854940844407221920375 elapsed=534s
progress: nodes=900,000,000 tested=6 found=0 n=583122410182661618684625 elapsed=535s
progress: nodes=910,000,000 tested=6 found=0 n=941430726202683582334875 elapsed=535s
progress: nodes=920,000,000 tested=6 found=0 n=416843269446737456759625 elapsed=536s
progress: nodes=930,000,000 tested=6 found=0 n=553024692029928885288375 elapsed=536s
progress: nodes=940,000,000 tested=6 found=0 n=681127468024480947700125 elapsed=537s
progress: nodes=950,000,000 tested=6 found=0 n=399319712617031385603375 elapsed=537s
progress: nodes=960,000,000 tested=6 found=0 n=384757938822807693829875 elapsed=538s
progress: nodes=970,000,000 tested=6 found=0 n=808929687059136715592625 elapsed=538s
progress: nodes=980,000,000 tested=6 found=0 n=581016580589679440847375 elapsed=538s
progress: nodes=990,000,000 tested=6 found=0 n=516066656367906189532875 elapsed=539s
progress: nodes=1,000,000,000 tested=6 found=0 n=752406478653857973778875 elapsed=539s
progress: nodes=1,010,000,000 tested=6 found=0 n=854501529058898047207125 elapsed=540s
progress: nodes=1,020,000,000 tested=6 found=0 n=949448685991078150875375 elapsed=540s
progress: nodes=1,030,000,000 tested=6 found=0 n=666644741979687493687875 elapsed=541s
progress: nodes=1,040,000,000 tested=6 found=0 n=894379519932702218837625 elapsed=541s
progress: nodes=1,050,000,000 tested=6 found=0 n=862732547842293895060875 elapsed=542s
progress: nodes=1,060,000,000 tested=6 found=0 n=673786764576102540402375 elapsed=542s
progress: nodes=1,070,000,000 tested=6 found=0 n=840652901618472867547875 elapsed=542s
progress: nodes=1,080,000,000 tested=6 found=0 n=498654357225785357800875 elapsed=543s
progress: nodes=1,090,000,000 tested=6 found=0 n=565573559516656618522875 elapsed=543s
progress: nodes=1,100,000,000 tested=6 found=0 n=985431259755509611099125 elapsed=544s
progress: nodes=1,110,000,000 tested=6 found=0 n=622739198562040190077125 elapsed=544s
progress: nodes=1,120,000,000 tested=6 found=0 n=538451316690264709958625 elapsed=545s
progress: nodes=1,130,000,000 tested=6 found=0 n=785095187185334004921375 elapsed=545s
progress: nodes=1,140,000,000 tested=6 found=0 n=706378457386186182105375 elapsed=546s
progress: nodes=1,150,000,000 tested=6 found=0 n=798115233345090550047375 elapsed=546s
progress: nodes=1,160,000,000 tested=6 found=0 n=578602278251345052460875 elapsed=546s
progress: nodes=1,170,000,000 tested=6 found=0 n=700995981321877711840125 elapsed=547s
progress: nodes=1,180,000,000 tested=6 found=0 n=998393631389148929022375 elapsed=547s
progress: nodes=1,190,000,000 tested=6 found=0 n=768305453602327890498375 elapsed=548s
progress: nodes=1,200,000,000 tested=6 found=0 n=814478542116711436080375 elapsed=548s
progress: nodes=1,210,000,000 tested=6 found=0 n=902344811761226992223625 elapsed=549s
progress: nodes=1,220,000,000 tested=6 found=0 n=950071661165375741519625 elapsed=549s
progress: nodes=1,230,000,000 tested=6 found=0 n=781397477155352413657875 elapsed=550s
progress: nodes=1,240,000,000 tested=6 found=0 n=980152025959738278378375 elapsed=550s
progress: nodes=1,250,000,000 tested=6 found=0 n=857294144251015316551125 elapsed=551s
progress: nodes=1,260,000,000 tested=6 found=0 n=961143012112661126718375 elapsed=551s
progress: nodes=1,270,000,000 tested=6 found=0 n=999245923616839548145125 elapsed=552s
progress: nodes=1,280,000,000 tested=7 found=0 n=967239091847426781492375 elapsed=552s
progress: nodes=1,290,000,000 tested=7 found=0 n=964882784382553298479875 elapsed=552s
progress: nodes=1,300,000,000 tested=7 found=0 n=951962171783523903799125 elapsed=553s
progress: nodes=1,310,000,000 tested=7 found=0 n=965638358782328240449125 elapsed=553s
progress: nodes=1,320,000,000 tested=7 found=0 n=907138073701288832321625 elapsed=554s
progress: nodes=1,330,000,000 tested=7 found=0 n=703454845903296818989875 elapsed=554s
progress: nodes=1,340,000,000 tested=7 found=0 n=613862181432967296214875 elapsed=555s
progress: nodes=1,350,000,000 tested=7 found=0 n=813979707028838672944125 elapsed=555s
progress: nodes=1,360,000,000 tested=7 found=0 n=724171312139510286452625 elapsed=556s
progress: nodes=1,370,000,000 tested=7 found=0 n=907304656527054894751125 elapsed=556s
progress: nodes=1,380,000,000 tested=7 found=0 n=816746982531949165570125 elapsed=556s
progress: nodes=1,390,000,000 tested=7 found=0 n=964150413726403794809625 elapsed=557s
progress: nodes=1,400,000,000 tested=7 found=0 n=539917463115653459447625 elapsed=557s
progress: nodes=1,410,000,000 tested=7 found=0 n=940672675138950876730125 elapsed=558s
progress: nodes=1,420,000,000 tested=7 found=0 n=924213296182768016667375 elapsed=558s
progress: nodes=1,430,000,000 tested=7 found=0 n=853606849075488422966625 elapsed=559s
progress: nodes=1,440,000,000 tested=7 found=0 n=689333431780996976276625 elapsed=559s
progress: nodes=1,450,000,000 tested=7 found=0 n=651066892768265282003625 elapsed=560s
progress: nodes=1,460,000,000 tested=7 found=0 n=910377574440048567927375 elapsed=560s
progress: nodes=1,470,000,000 tested=7 found=0 n=861253308024513384584625 elapsed=560s
progress: nodes=1,480,000,000 tested=7 found=0 n=693266739791960684681625 elapsed=561s
progress: nodes=1,490,000,000 tested=7 found=0 n=454817055459178441162875 elapsed=561s
progress: nodes=1,500,000,000 tested=7 found=0 n=708911907415897363114125 elapsed=562s
progress: nodes=1,510,000,000 tested=7 found=0 n=819863378648996292652125 elapsed=562s
progress: nodes=1,520,000,000 tested=7 found=0 n=611736146326161214372875 elapsed=563s
progress: nodes=1,530,000,000 tested=7 found=0 n=921392637264476244160125 elapsed=563s
progress: nodes=1,540,000,000 tested=7 found=0 n=567142391905961207587125 elapsed=563s
progress: nodes=1,550,000,000 tested=7 found=0 n=409302735938209871601375 elapsed=564s
progress: nodes=1,560,000,000 tested=7 found=0 n=649925494378960904587875 elapsed=564s
progress: nodes=1,570,000,000 tested=7 found=0 n=590354736516027444982125 elapsed=565s
progress: nodes=1,580,000,000 tested=7 found=0 n=951730266132684650763375 elapsed=565s
progress: nodes=1,590,000,000 tested=7 found=0 n=688971839678437276287375 elapsed=566s
progress: nodes=1,600,000,000 tested=7 found=0 n=481355533326722853490125 elapsed=566s
progress: nodes=1,610,000,000 tested=7 found=0 n=794368523415308291811375 elapsed=567s
progress: nodes=1,620,000,000 tested=7 found=0 n=742089175237314534559125 elapsed=567s
progress: nodes=1,630,000,000 tested=7 found=0 n=801083846557589590960125 elapsed=567s
progress: nodes=1,640,000,000 tested=7 found=0 n=877860970146500518555125 elapsed=568s
progress: nodes=1,650,000,000 tested=7 found=0 n=756338389341086248575375 elapsed=568s
progress: nodes=1,660,000,000 tested=7 found=0 n=727242129869498074222125 elapsed=569s
progress: nodes=1,670,000,000 tested=7 found=0 n=983684284218219365257875 elapsed=569s
progress: nodes=1,680,000,000 tested=7 found=0 n=960696171280968262478625 elapsed=570s
progress: nodes=1,690,000,000 tested=7 found=0 n=553279931623236209235375 elapsed=570s
progress: nodes=1,700,000,000 tested=7 found=0 n=634338018350226421746375 elapsed=570s
progress: nodes=1,710,000,000 tested=7 found=0 n=406838848989966040144875 elapsed=571s
progress: nodes=1,720,000,000 tested=7 found=0 n=637979766166276378863375 elapsed=571s
progress: nodes=1,730,000,000 tested=7 found=0 n=879229864603230438655875 elapsed=572s
progress: nodes=1,740,000,000 tested=7 found=0 n=538322490543391842689625 elapsed=572s
progress: nodes=1,750,000,000 tested=7 found=0 n=508498041366682251997875 elapsed=573s
progress: nodes=1,760,000,000 tested=7 found=0 n=502790931072822308917875 elapsed=573s
progress: nodes=1,770,000,000 tested=7 found=0 n=971413913904967755807375 elapsed=574s
progress: nodes=1,780,000,000 tested=7 found=0 n=836907424516101859339125 elapsed=574s
progress: nodes=1,790,000,000 tested=7 found=0 n=849943345576571024785125 elapsed=574s
progress: nodes=1,800,000,000 tested=7 found=0 n=788181974415555354382125 elapsed=575s
progress: nodes=1,810,000,000 tested=7 found=0 n=798191986151648780178375 elapsed=575s
progress: nodes=1,820,000,000 tested=7 found=0 n=415347359273841587494125 elapsed=576s
progress: nodes=1,830,000,000 tested=7 found=0 n=612846318293411923273875 elapsed=576s
progress: nodes=1,840,000,000 tested=7 found=0 n=676042729645020516799125 elapsed=577s
progress: nodes=1,850,000,000 tested=7 found=0 n=513405165224287014070875 elapsed=577s
progress: nodes=1,860,000,000 tested=7 found=0 n=632838480737478855711375 elapsed=578s
progress: nodes=1,870,000,000 tested=7 found=0 n=966452793297050687903625 elapsed=578s
progress: nodes=1,880,000,000 tested=7 found=0 n=899266840395780029467875 elapsed=578s
progress: nodes=1,890,000,000 tested=7 found=0 n=520813097068781786112375 elapsed=579s
progress: nodes=1,900,000,000 tested=7 found=0 n=637845753347087073518625 elapsed=579s
progress: nodes=1,910,000,000 tested=7 found=0 n=656671326391988173305375 elapsed=580s
progress: nodes=1,920,000,000 tested=7 found=0 n=749646580198631944150875 elapsed=580s
progress: nodes=1,930,000,000 tested=7 found=0 n=916386025279269150319875 elapsed=581s
progress: nodes=1,940,000,000 tested=7 found=0 n=491764271813567752573875 elapsed=581s
progress: nodes=1,950,000,000 tested=7 found=0 n=651027068789491731642375 elapsed=581s
progress: nodes=1,960,000,000 tested=7 found=0 n=308123053335665514652125 elapsed=582s
progress: nodes=1,970,000,000 tested=7 found=0 n=953689925077254170192625 elapsed=582s
progress: nodes=1,980,000,000 tested=7 found=0 n=826515300953522777338875 elapsed=583s
progress: nodes=1,990,000,000 tested=7 found=0 n=687561887011707911245875 elapsed=583s
progress: nodes=2,000,000,000 tested=7 found=0 n=722222356452016366765875 elapsed=584s
progress: nodes=2,010,000,000 tested=7 found=0 n=414924913743590009305875 elapsed=584s
progress: nodes=2,020,000,000 tested=7 found=0 n=908269794167165558732625 elapsed=585s
progress: nodes=2,030,000,000 tested=7 found=0 n=958979410418022712233375 elapsed=585s
progress: nodes=2,040,000,000 tested=7 found=0 n=498082785626488471560375 elapsed=585s
progress: nodes=2,050,000,000 tested=7 found=0 n=547549189324044886804875 elapsed=586s
progress: nodes=2,060,000,000 tested=7 found=0 n=939705760326688206607875 elapsed=586s
progress: nodes=2,070,000,000 tested=7 found=0 n=434112811620611560917375 elapsed=587s
progress: nodes=2,080,000,000 tested=7 found=0 n=725778281959303504598625 elapsed=587s
progress: nodes=2,090,000,000 tested=7 found=0 n=313350604554447483232125 elapsed=588s
progress: nodes=2,100,000,000 tested=7 found=0 n=684786384219560395954125 elapsed=588s
progress: nodes=2,110,000,000 tested=7 found=0 n=687984871112266440150375 elapsed=588s
progress: nodes=2,120,000,000 tested=7 found=0 n=585590644809953407771125 elapsed=589s
progress: nodes=2,130,000,000 tested=7 found=0 n=769440718391071193567625 elapsed=589s
progress: nodes=2,140,000,000 tested=7 found=0 n=820643960938202611557375 elapsed=590s
progress: nodes=2,150,000,000 tested=7 found=0 n=894831858637736414805375 elapsed=590s
progress: nodes=2,160,000,000 tested=7 found=0 n=406959627747855489176625 elapsed=591s
progress: nodes=2,170,000,000 tested=7 found=0 n=691968499921490828528625 elapsed=591s
progress: nodes=2,180,000,000 tested=7 found=0 n=994784212972913231292375 elapsed=592s
progress: nodes=2,190,000,000 tested=7 found=0 n=788137260803199325748625 elapsed=592s
progress: nodes=2,200,000,000 tested=7 found=0 n=958206487570705470197625 elapsed=592s
progress: nodes=2,210,000,000 tested=7 found=0 n=423939525361147740181125 elapsed=593s
progress: nodes=2,220,000,000 tested=7 found=0 n=405636198026803453240125 elapsed=593s
progress: nodes=2,230,000,000 tested=7 found=0 n=792031412013249325078875 elapsed=594s
progress: nodes=2,240,000,000 tested=7 found=0 n=557493734864642223718875 elapsed=594s
progress: nodes=2,250,000,000 tested=7 found=0 n=478510248070237140967125 elapsed=595s
progress: nodes=2,260,000,000 tested=7 found=0 n=903399816802134906604875 elapsed=595s
progress: nodes=2,270,000,000 tested=7 found=0 n=231149435925118776127125 elapsed=596s
progress: nodes=2,280,000,000 tested=7 found=0 n=310847093036477212369875 elapsed=596s
progress: nodes=2,290,000,000 tested=7 found=0 n=723886815425392767390375 elapsed=596s
progress: nodes=2,300,000,000 tested=7 found=0 n=849188651505615108400125 elapsed=597s
progress: nodes=2,310,000,000 tested=7 found=0 n=668990110472110930369125 elapsed=597s
progress: nodes=2,320,000,000 tested=7 found=0 n=686708482204999775322375 elapsed=598s
