search v2: odd=True, N_CAP=1.00e+24, DELTA_MAX=1.0e+07, MIN_DEPTH=6
SPF shard: smallest prime factor = 3
P2 sub-shard: second prime factor = 5
P3 sub-sub-shard: third prime factor = 7
progress: nodes=10,000,000 tested=13,552 found=0 n=268400839720240649286165 elapsed=28s
progress: nodes=20,000,000 tested=13,552 found=0 n=563384349948901951949955 elapsed=70s
progress: nodes=30,000,000 tested=13,552 found=0 n=866821464908147840409255 elapsed=113s
progress: nodes=40,000,000 tested=13,552 found=0 n=152285102944560576455115 elapsed=139s
progress: nodes=50,000,000 tested=13,552 found=0 n=441785405094253561874085 elapsed=179s
progress: nodes=60,000,000 tested=13,552 found=0 n=742287553790289508679685 elapsed=220s
progress: nodes=70,000,000 tested=13,552 found=0 n=41307058882626975374685 elapsed=255s
progress: nodes=80,000,000 tested=13,552 found=0 n=321905340735614216946015 elapsed=285s
progress: nodes=90,000,000 tested=13,552 found=0 n=618819600222335215967235 elapsed=325s
progress: nodes=100,000,000 tested=13,552 found=0 n=923420915115819084495195 elapsed=368s
progress: nodes=110,000,000 tested=13,552 found=0 n=204380453719299163237995 elapsed=394s
progress: nodes=120,000,000 tested=13,552 found=0 n=496613734817092262345535 elapsed=435s
progress: nodes=130,000,000 tested=13,552 found=0 n=798551921879261416779045 elapsed=477s
progress: nodes=140,000,000 tested=13,552 found=0 n=90595177420036423692705 elapsed=505s
progress: nodes=150,000,000 tested=13,552 found=0 n=375953884404948939647145 elapsed=542s
progress: nodes=160,000,000 tested=13,552 found=0 n=674613775242682115698095 elapsed=583s
progress: nodes=170,000,000 tested=13,552 found=0 n=980336778484166883080385 elapsed=625s
progress: nodes=180,000,000 tested=13,552 found=0 n=257306136995533143928935 elapsed=649s
progress: nodes=190,000,000 tested=13,552 found=0 n=551861893510360577871195 elapsed=690s
progress: nodes=200,000,000 tested=13,552 found=0 n=855066366947106403845945 elapsed=733s
progress: nodes=210,000,000 tested=13,552 found=0 n=141589426695025614189465 elapsed=759s
progress: nodes=220,000,000 tested=13,552 found=0 n=430466873406992004457245 elapsed=799s
progress: nodes=230,000,000 tested=13,552 found=0 n=730694800545409997190915 elapsed=840s
progress: nodes=240,000,000 tested=13,552 found=0 n=31480680690077247509055 elapsed=877s
progress: nodes=250,000,000 tested=13,552 found=0 n=310851204546366302081865 elapsed=905s
progress: nodes=260,000,000 tested=13,552 found=0 n=607406871339097045084995 elapsed=946s
progress: nodes=270,000,000 tested=13,552 found=0 n=911802118922746838151855 elapsed=988s
progress: nodes=280,000,000 tested=13,552 found=0 n=193647736540204857607305 elapsed=1014s
progress: nodes=290,000,000 tested=13,552 found=0 n=485376310684553770211205 elapsed=1055s
progress: nodes=300,000,000 tested=13,552 found=0 n=787054484812318715594805 elapsed=1097s
progress: nodes=310,000,000 tested=13,552 found=0 n=80380921242516782312355 elapsed=1127s
progress: nodes=320,000,000 tested=13,552 found=0 n=364913414303210650526565 elapsed=1162s
progress: nodes=330,000,000 tested=13,552 found=0 n=663260021815376404918065 elapsed=1203s
progress: nodes=340,000,000 tested=13,552 found=0 n=968760223226721089154165 elapsed=1245s
progress: nodes=350,000,000 tested=13,552 found=0 n=246526489784542320257835 elapsed=1269s
progress: nodes=360,000,000 tested=13,552 found=0 n=540640086612556792793505 elapsed=1310s
progress: nodes=370,000,000 tested=13,552 found=0 n=843613646768659840945935 elapsed=1353s
progress: nodes=380,000,000 tested=13,552 found=0 n=131184477581909758346865 elapsed=1379s
progress: nodes=390,000,000 tested=13,552 found=0 n=419429627619098708060715 elapsed=1419s
progress: nodes=400,000,000 tested=13,552 found=0 n=719370686405897374380315 elapsed=1460s
progress: nodes=410,000,000 tested=13,552 found=0 n=22033838453914460374005 elapsed=1499s
progress: nodes=420,000,000 tested=13,552 found=0 n=300029402043171133494735 elapsed=1526s
progress: nodes=430,000,000 tested=13,552 found=0 n=596212833346839422983605 elapsed=1566s
progress: nodes=440,000,000 tested=13,552 found=0 n=900391988274123773235255 elapsed=1608s
progress: nodes=450,000,000 tested=13,552 found=0 n=183138660534206312789385 elapsed=1634s
progress: nodes=460,000,000 tested=13,552 found=0 n=474341634081028406299215 elapsed=1675s
progress: nodes=470,000,000 tested=13,552 found=0 n=775753160989355842547415 elapsed=1717s
progress: nodes=480,000,000 tested=13,552 found=0 n=70412291268635367591645 elapsed=1748s
progress: nodes=490,000,000 tested=13,552 found=0 n=354084626983676601812835 elapsed=1783s
progress: nodes=500,000,000 tested=13,552 found=0 n=652096554564905834974485 elapsed=1824s
progress: nodes=510,000,000 tested=13,552 found=0 n=957403750716777244790595 elapsed=1866s
progress: nodes=520,000,000 tested=13,552 found=0 n=235957884261818163724335 elapsed=1890s
progress: nodes=530,000,000 tested=13,552 found=0 n=529644861833978527148505 elapsed=1931s
progress: nodes=540,000,000 tested=13,552 found=0 n=832385861317494246560385 elapsed=1974s
progress: nodes=550,000,000 tested=13,552 found=0 n=121018048947713451513315 elapsed=2000s
progress: nodes=560,000,000 tested=13,552 found=0 n=408613166750544959936355 elapsed=2040s
progress: nodes=570,000,000 tested=13,552 found=0 n=708263485976134222188915 elapsed=2081s
progress: nodes=580,000,000 tested=13,552 found=0 n=13006741277417162163315 elapsed=2122s
progress: nodes=590,000,000 tested=13,552 found=0 n=289433588187102151956555 elapsed=2147s
progress: nodes=600,000,000 tested=13,552 found=0 n=585244347040474276514835 elapsed=2187s
progress: nodes=610,000,000 tested=13,552 found=0 n=889220024486319144559605 elapsed=2229s
progress: nodes=620,000,000 tested=13,552 found=0 n=172856516233104775519035 elapsed=2255s
progress: nodes=630,000,000 tested=13,552 found=0 n=463547072020938038558985 elapsed=2296s
progress: nodes=640,000,000 tested=13,552 found=0 n=764685886105554784207095 elapsed=2339s
progress: nodes=650,000,000 tested=13,552 found=0 n=60721968693754523576505 elapsed=2372s
progress: nodes=660,000,000 tested=13,552 found=0 n=343494064319646469098135 elapsed=2404s
progress: nodes=670,000,000 tested=13,552 found=0 n=641190998179184108758095 elapsed=2445s
progress: nodes=680,000,000 tested=13,552 found=0 n=946300349565721395083895 elapsed=2487s
progress: nodes=690,000,000 tested=13,552 found=0 n=225638078790718370210595 elapsed=2511s
progress: nodes=700,000,000 tested=13,552 found=0 n=518900253698620940208195 elapsed=2551s
progress: nodes=710,000,000 tested=13,552 found=0 n=821408551598424594226065 elapsed=2594s
progress: nodes=720,000,000 tested=13,552 found=0 n=111126257720027528432055 elapsed=2621s
progress: nodes=730,000,000 tested=13,552 found=0 n=398071686669013025500335 elapsed=2661s
progress: nodes=740,000,000 tested=13,552 found=0 n=697446856183176572120445 elapsed=2703s
progress: nodes=750,000,000 tested=13,552 found=0 n=4604450291290342004505 elapsed=2744s
progress: nodes=760,000,000 tested=13,552 found=0 n=279155300297071074571905 elapsed=2768s
progress: nodes=770,000,000 tested=13,552 found=0 n=574604206218823530611505 elapsed=2809s
progress: nodes=780,000,000 tested=13,552 found=0 n=878368315007466180608235 elapsed=2850s
progress: nodes=790,000,000 tested=13,552 found=0 n=162924123249209721235935 elapsed=2876s
progress: nodes=800,000,000 tested=13,552 found=0 n=453098007749929359233535 elapsed=2917s
progress: nodes=810,000,000 tested=13,552 found=0 n=753984968713060652450085 elapsed=2959s
progress: nodes=820,000,000 tested=13,552 found=0 n=51445877153470441976145 elapsed=2994s
progress: nodes=830,000,000 tested=13,552 found=0 n=333280473331135666601685 elapsed=3026s
progress: nodes=840,000,000 tested=13,552 found=0 n=630653034350470197981495 elapsed=3066s
progress: nodes=850,000,000 tested=13,552 found=0 n=935568180888736743535845 elapsed=3108s
progress: nodes=860,000,000 tested=13,552 found=0 n=215711164414101587708085 elapsed=3132s
progress: nodes=870,000,000 tested=13,552 found=0 n=508534588444518040692945 elapsed=3172s
progress: nodes=880,000,000 tested=13,552 found=0 n=810817919075198224150485 elapsed=3215s
progress: nodes=890,000,000 tested=13,552 found=0 n=101625096224200316911815 elapsed=3242s
progress: nodes=900,000,000 tested=13,552 found=0 n=387891378799460659199055 elapsed=3282s
progress: nodes=910,000,000 tested=13,552 found=0 n=686981297761686579920205 elapsed=3323s
progress: nodes=920,000,000 tested=13,552 found=0 n=992993167428013749242805 elapsed=3365s
progress: nodes=930,000,000 tested=13,552 found=0 n=269201985095384263021155 elapsed=3389s
progress: nodes=940,000,000 tested=13,552 found=0 n=564306836243473511821605 elapsed=3429s
progress: nodes=950,000,000 tested=13,552 found=0 n=867854347781592492840855 elapsed=3471s
progress: nodes=960,000,000 tested=13,552 found=0 n=153317319887674137187965 elapsed=3496s
progress: nodes=970,000,000 tested=13,552 found=0 n=442954782875005332744435 elapsed=3537s
progress: nodes=980,000,000 tested=13,552 found=0 n=743587020901412854261935 elapsed=3580s

done in 3600.0s | nodes=984,735,744 | tested=13,552 | weird=0
