search v2: odd=True, N_CAP=1.00e+24, DELTA_MAX=1.0e+07, MIN_DEPTH=6
SPF shard: smallest prime factor = 3
P2 sub-shard: second prime factor = 5
P3 sub-sub-shard: third prime factor = 11
CAND 18706545 6495390 [(3, 4), (5, 1), (11, 1), (13, 1), (17, 1), (19, 1)]
CAND 22644765 7400646 [(3, 4), (5, 1), (11, 1), (13, 1), (17, 1), (23, 1)]
CAND 28552095 8758530 [(3, 4), (5, 1), (11, 1), (13, 1), (17, 1), (29, 1)]
CAND 30521205 9211158 [(3, 4), (5, 1), (11, 1), (13, 1), (17, 1), (31, 1)]
CAND 25308855 7926930 [(3, 4), (5, 1), (11, 1), (13, 1), (19, 1), (23, 1)]
CAND 31911165 9358470 [(3, 4), (5, 1), (11, 1), (13, 1), (19, 1), (29, 1)]
CAND 34111935 9835650 [(3, 4), (5, 1), (11, 1), (13, 1), (19, 1), (31, 1)]
CAND 33096195 9079290 [(3, 4), (5, 1), (11, 1), (17, 1), (19, 1), (23, 1)]
CAND 14340801472965 9999990 [(3, 4), (5, 1), (11, 1), (47, 1), (709, 1), (96601, 1)]
CAND 14347036539495 9875250 [(3, 4), (5, 1), (11, 1), (47, 1), (709, 1), (96643, 1)]
CAND 14349708710865 9821790 [(3, 4), (5, 1), (11, 1), (47, 1), (709, 1), (96661, 1)]
CAND 14350599434655 9803970 [(3, 4), (5, 1), (11, 1), (47, 1), (709, 1), (96667, 1)]
CAND 14351193250515 9792090 [(3, 4), (5, 1), (11, 1), (47, 1), (709, 1), (96671, 1)]
CAND 14355053053605 9714870 [(3, 4), (5, 1), (11, 1), (47, 1), (709, 1), (96697, 1)]
CAND 14355943777395 9697050 [(3, 4), (5, 1), (11, 1), (47, 1), (709, 1), (96703, 1)]
CAND 14360100488415 9613890 [(3, 4), (5, 1), (11, 1), (47, 1), (709, 1), (96731, 1)]
CAND 14360991212205 9596070 [(3, 4), (5, 1), (11, 1), (47, 1), (709, 1), (96737, 1)]
CAND 14361288120135 9590130 [(3, 4), (5, 1), (11, 1), (47, 1), (709, 1), (96739, 1)]
CAND 14362772659785 9560430 [(3, 4), (5, 1), (11, 1), (47, 1), (709, 1), (96749, 1)]
CAND 14363960291505 9536670 [(3, 4), (5, 1), (11, 1), (47, 1), (709, 1), (96757, 1)]
CAND 14364851015295 9518850 [(3, 4), (5, 1), (11, 1), (47, 1), (709, 1), (96763, 1)]
CAND 14365741739085 9501030 [(3, 4), (5, 1), (11, 1), (47, 1), (709, 1), (96769, 1)]
CAND 14367226278735 9471330 [(3, 4), (5, 1), (11, 1), (47, 1), (709, 1), (96779, 1)]
CAND 14368413910455 9447570 [(3, 4), (5, 1), (11, 1), (47, 1), (709, 1), (96787, 1)]
CAND 14369898450105 9417870 [(3, 4), (5, 1), (11, 1), (47, 1), (709, 1), (96797, 1)]
CAND 14370195358035 9411930 [(3, 4), (5, 1), (11, 1), (47, 1), (709, 1), (96799, 1)]
CAND 14373461345265 9346590 [(3, 4), (5, 1), (11, 1), (47, 1), (709, 1), (96821, 1)]
CAND 14373758253195 9340650 [(3, 4), (5, 1), (11, 1), (47, 1), (709, 1), (96823, 1)]
CAND 14374352069055 9328770 [(3, 4), (5, 1), (11, 1), (47, 1), (709, 1), (96827, 1)]
CAND 14377321148355 9269370 [(3, 4), (5, 1), (11, 1), (47, 1), (709, 1), (96847, 1)]
CAND 14377914964215 9257490 [(3, 4), (5, 1), (11, 1), (47, 1), (709, 1), (96851, 1)]
CAND 14378805688005 9239670 [(3, 4), (5, 1), (11, 1), (47, 1), (709, 1), (96857, 1)]
CAND 14384150030745 9132750 [(3, 4), (5, 1), (11, 1), (47, 1), (709, 1), (96893, 1)]
CAND 14386228386255 9091170 [(3, 4), (5, 1), (11, 1), (47, 1), (709, 1), (96907, 1)]
CAND 14386822202115 9079290 [(3, 4), (5, 1), (11, 1), (47, 1), (709, 1), (96911, 1)]
CAND 14389791281415 9019890 [(3, 4), (5, 1), (11, 1), (47, 1), (709, 1), (96931, 1)]
CAND 14393057268645 8954550 [(3, 4), (5, 1), (11, 1), (47, 1), (709, 1), (96953, 1)]
CAND 14393947992435 8936730 [(3, 4), (5, 1), (11, 1), (47, 1), (709, 1), (96959, 1)]
CAND 14396026347945 8895150 [(3, 4), (5, 1), (11, 1), (47, 1), (709, 1), (96973, 1)]
CAND 14396917071735 8877330 [(3, 4), (5, 1), (11, 1), (47, 1), (709, 1), (96979, 1)]
CAND 14398401611385 8847630 [(3, 4), (5, 1), (11, 1), (47, 1), (709, 1), (96989, 1)]
CAND 14399589243105 8823870 [(3, 4), (5, 1), (11, 1), (47, 1), (709, 1), (96997, 1)]
CAND 14400183058965 8811990 [(3, 4), (5, 1), (11, 1), (47, 1), (709, 1), (97001, 1)]
CAND 14400479966895 8806050 [(3, 4), (5, 1), (11, 1), (47, 1), (709, 1), (97003, 1)]
CAND 14401073782755 8794170 [(3, 4), (5, 1), (11, 1), (47, 1), (709, 1), (97007, 1)]
CAND 14403152138265 8752590 [(3, 4), (5, 1), (11, 1), (47, 1), (709, 1), (97021, 1)]
CAND 14405824309635 8699130 [(3, 4), (5, 1), (11, 1), (47, 1), (709, 1), (97039, 1)]
CAND 14410871744445 8598150 [(3, 4), (5, 1), (11, 1), (47, 1), (709, 1), (97073, 1)]
CAND 14412059376165 8574390 [(3, 4), (5, 1), (11, 1), (47, 1), (709, 1), (97081, 1)]
CAND 14415325363395 8509050 [(3, 4), (5, 1), (11, 1), (47, 1), (709, 1), (97103, 1)]
CAND 14417403718905 8467470 [(3, 4), (5, 1), (11, 1), (47, 1), (709, 1), (97117, 1)]
CAND 14418888258555 8437770 [(3, 4), (5, 1), (11, 1), (47, 1), (709, 1), (97127, 1)]
CAND 14422451153715 8366490 [(3, 4), (5, 1), (11, 1), (47, 1), (709, 1), (97151, 1)]
CAND 14423341877505 8348670 [(3, 4), (5, 1), (11, 1), (47, 1), (709, 1), (97157, 1)]
CAND 14423638785435 8342730 [(3, 4), (5, 1), (11, 1), (47, 1), (709, 1), (97159, 1)]
CAND 14425123325085 8313030 [(3, 4), (5, 1), (11, 1), (47, 1), (709, 1), (97169, 1)]
CAND 14425420233015 8307090 [(3, 4), (5, 1), (11, 1), (47, 1), (709, 1), (97171, 1)]
CAND 14426310956805 8289270 [(3, 4), (5, 1), (11, 1), (47, 1), (709, 1), (97177, 1)]
CAND 14427795496455 8259570 [(3, 4), (5, 1), (11, 1), (47, 1), (709, 1), (97187, 1)]
CAND 14431655299545 8182350 [(3, 4), (5, 1), (11, 1), (47, 1), (709, 1), (97213, 1)]
CAND 14434327470915 8128890 [(3, 4), (5, 1), (11, 1), (47, 1), (709, 1), (97231, 1)]
CAND 14435812010565 8099190 [(3, 4), (5, 1), (11, 1), (47, 1), (709, 1), (97241, 1)]
CAND 14438484181935 8045730 [(3, 4), (5, 1), (11, 1), (47, 1), (709, 1), (97259, 1)]
CAND 14442047077095 7974450 [(3, 4), (5, 1), (11, 1), (47, 1), (709, 1), (97283, 1)]
CAND 14444719248465 7920990 [(3, 4), (5, 1), (11, 1), (47, 1), (709, 1), (97301, 1)]
CAND 14445016156395 7915050 [(3, 4), (5, 1), (11, 1), (47, 1), (709, 1), (97303, 1)]
CAND 14448579051555 7843770 [(3, 4), (5, 1), (11, 1), (47, 1), (709, 1), (97327, 1)]
CAND 14454517210155 7724970 [(3, 4), (5, 1), (11, 1), (47, 1), (709, 1), (97367, 1)]
CAND 14454814118085 7719030 [(3, 4), (5, 1), (11, 1), (47, 1), (709, 1), (97369, 1)]
CAND 14455407933945 7707150 [(3, 4), (5, 1), (11, 1), (47, 1), (709, 1), (97373, 1)]
CAND 14456298657735 7689330 [(3, 4), (5, 1), (11, 1), (47, 1), (709, 1), (97379, 1)]
CAND 14456595565665 7683390 [(3, 4), (5, 1), (11, 1), (47, 1), (709, 1), (97381, 1)]
CAND 14457486289455 7665570 [(3, 4), (5, 1), (11, 1), (47, 1), (709, 1), (97387, 1)]
CAND 14458970829105 7635870 [(3, 4), (5, 1), (11, 1), (47, 1), (709, 1), (97397, 1)]
CAND 14462830632195 7558650 [(3, 4), (5, 1), (11, 1), (47, 1), (709, 1), (97423, 1)]
CAND 14463721355985 7540830 [(3, 4), (5, 1), (11, 1), (47, 1), (709, 1), (97429, 1)]
CAND 14465502803565 7505190 [(3, 4), (5, 1), (11, 1), (47, 1), (709, 1), (97441, 1)]
CAND 14467284251145 7469550 [(3, 4), (5, 1), (11, 1), (47, 1), (709, 1), (97453, 1)]
CAND 14468174974935 7451730 [(3, 4), (5, 1), (11, 1), (47, 1), (709, 1), (97459, 1)]
CAND 14468768790795 7439850 [(3, 4), (5, 1), (11, 1), (47, 1), (709, 1), (97463, 1)]
CAND 14474113133535 7332930 [(3, 4), (5, 1), (11, 1), (47, 1), (709, 1), (97499, 1)]
CAND 14474410041465 7326990 [(3, 4), (5, 1), (11, 1), (47, 1), (709, 1), (97501, 1)]
CAND 14475894581115 7297290 [(3, 4), (5, 1), (11, 1), (47, 1), (709, 1), (97511, 1)]
CAND 14477676028695 7261650 [(3, 4), (5, 1), (11, 1), (47, 1), (709, 1), (97523, 1)]
CAND 14481238923855 7190370 [(3, 4), (5, 1), (11, 1), (47, 1), (709, 1), (97547, 1)]
CAND 14481535831785 7184430 [(3, 4), (5, 1), (11, 1), (47, 1), (709, 1), (97549, 1)]
CAND 14482129647645 7172550 [(3, 4), (5, 1), (11, 1), (47, 1), (709, 1), (97553, 1)]
CAND 14483317279365 7148790 [(3, 4), (5, 1), (11, 1), (47, 1), (709, 1), (97561, 1)]
CAND 14484801819015 7119090 [(3, 4), (5, 1), (11, 1), (47, 1), (709, 1), (97571, 1)]
CAND 14485692542805 7101270 [(3, 4), (5, 1), (11, 1), (47, 1), (709, 1), (97577, 1)]
CAND 14485989450735 7095330 [(3, 4), (5, 1), (11, 1), (47, 1), (709, 1), (97579, 1)]
CAND 14486583266595 7083450 [(3, 4), (5, 1), (11, 1), (47, 1), (709, 1), (97583, 1)]
CAND 14490146161755 7012170 [(3, 4), (5, 1), (11, 1), (47, 1), (709, 1), (97607, 1)]
CAND 14490443069685 7006230 [(3, 4), (5, 1), (11, 1), (47, 1), (709, 1), (97609, 1)]
CAND 14491036885545 6994350 [(3, 4), (5, 1), (11, 1), (47, 1), (709, 1), (97613, 1)]
CAND 14496381228285 6887430 [(3, 4), (5, 1), (11, 1), (47, 1), (709, 1), (97649, 1)]
CAND 14496678136215 6881490 [(3, 4), (5, 1), (11, 1), (47, 1), (709, 1), (97651, 1)]
CAND 14499944123445 6816150 [(3, 4), (5, 1), (11, 1), (47, 1), (709, 1), (97673, 1)]
CAND 14502022478955 6774570 [(3, 4), (5, 1), (11, 1), (47, 1), (709, 1), (97687, 1)]
CAND 14505585374115 6703290 [(3, 4), (5, 1), (11, 1), (47, 1), (709, 1), (97711, 1)]
CAND 14508257545485 6649830 [(3, 4), (5, 1), (11, 1), (47, 1), (709, 1), (97729, 1)]
CAND 14514492612015 6525090 [(3, 4), (5, 1), (11, 1), (47, 1), (709, 1), (97771, 1)]
CAND 14515383335805 6507270 [(3, 4), (5, 1), (11, 1), (47, 1), (709, 1), (97777, 1)]
CAND 14516867875455 6477570 [(3, 4), (5, 1), (11, 1), (47, 1), (709, 1), (97787, 1)]
CAND 14517164783385 6471630 [(3, 4), (5, 1), (11, 1), (47, 1), (709, 1), (97789, 1)]
CAND 14520727678545 6400350 [(3, 4), (5, 1), (11, 1), (47, 1), (709, 1), (97813, 1)]
CAND 14523102941985 6352830 [(3, 4), (5, 1), (11, 1), (47, 1), (709, 1), (97829, 1)]
CAND 14524884389565 6317190 [(3, 4), (5, 1), (11, 1), (47, 1), (709, 1), (97841, 1)]
CAND 14525181297495 6311250 [(3, 4), (5, 1), (11, 1), (47, 1), (709, 1), (97843, 1)]
CAND 14525775113355 6299370 [(3, 4), (5, 1), (11, 1), (47, 1), (709, 1), (97847, 1)]
CAND 14526072021285 6293430 [(3, 4), (5, 1), (11, 1), (47, 1), (709, 1), (97849, 1)]
CAND 14527556560935 6263730 [(3, 4), (5, 1), (11, 1), (47, 1), (709, 1), (97859, 1)]
CAND 14527853468865 6257790 [(3, 4), (5, 1), (11, 1), (47, 1), (709, 1), (97861, 1)]
CAND 14529338008515 6228090 [(3, 4), (5, 1), (11, 1), (47, 1), (709, 1), (97871, 1)]
CAND 14530525640235 6204330 [(3, 4), (5, 1), (11, 1), (47, 1), (709, 1), (97879, 1)]
CAND 14531119456095 6192450 [(3, 4), (5, 1), (11, 1), (47, 1), (709, 1), (97883, 1)]
CAND 14536463798835 6085530 [(3, 4), (5, 1), (11, 1), (47, 1), (709, 1), (97919, 1)]
CAND 14537651430555 6061770 [(3, 4), (5, 1), (11, 1), (47, 1), (709, 1), (97927, 1)]
CAND 14538245246415 6049890 [(3, 4), (5, 1), (11, 1), (47, 1), (709, 1), (97931, 1)]
CAND 14540026693995 6014250 [(3, 4), (5, 1), (11, 1), (47, 1), (709, 1), (97943, 1)]
CAND 14542698865365 5960790 [(3, 4), (5, 1), (11, 1), (47, 1), (709, 1), (97961, 1)]
CAND 14543589589155 5942970 [(3, 4), (5, 1), (11, 1), (47, 1), (709, 1), (97967, 1)]
CAND 14544480312945 5925150 [(3, 4), (5, 1), (11, 1), (47, 1), (709, 1), (97973, 1)]
CAND 14546558668455 5883570 [(3, 4), (5, 1), (11, 1), (47, 1), (709, 1), (97987, 1)]
CAND 14549824655685 5818230 [(3, 4), (5, 1), (11, 1), (47, 1), (709, 1), (98009, 1)]
CAND 14550121563615 5812290 [(3, 4), (5, 1), (11, 1), (47, 1), (709, 1), (98011, 1)]
CAND 14551012287405 5794470 [(3, 4), (5, 1), (11, 1), (47, 1), (709, 1), (98017, 1)]
CAND 14554575182565 5723190 [(3, 4), (5, 1), (11, 1), (47, 1), (709, 1), (98041, 1)]
CAND 14555465906355 5705370 [(3, 4), (5, 1), (11, 1), (47, 1), (709, 1), (98047, 1)]
CAND 14556950446005 5675670 [(3, 4), (5, 1), (11, 1), (47, 1), (709, 1), (98057, 1)]
CAND 14560513341165 5604390 [(3, 4), (5, 1), (11, 1), (47, 1), (709, 1), (98081, 1)]
CAND 14563482420465 5544990 [(3, 4), (5, 1), (11, 1), (47, 1), (709, 1), (98101, 1)]
CAND 14566748407695 5479650 [(3, 4), (5, 1), (11, 1), (47, 1), (709, 1), (98123, 1)]
CAND 14567639131485 5461830 [(3, 4), (5, 1), (11, 1), (47, 1), (709, 1), (98129, 1)]
CAND 14569717486995 5420250 [(3, 4), (5, 1), (11, 1), (47, 1), (709, 1), (98143, 1)]
CAND 14575061829735 5313330 [(3, 4), (5, 1), (11, 1), (47, 1), (709, 1), (98179, 1)]
CAND 14579218540755 5230170 [(3, 4), (5, 1), (11, 1), (47, 1), (709, 1), (98207, 1)]
CAND 14580109264545 5212350 [(3, 4), (5, 1), (11, 1), (47, 1), (709, 1), (98213, 1)]
CAND 14581296896265 5188590 [(3, 4), (5, 1), (11, 1), (47, 1), (709, 1), (98221, 1)]
CAND 14582187620055 5170770 [(3, 4), (5, 1), (11, 1), (47, 1), (709, 1), (98227, 1)]
CAND 14585750515215 5099490 [(3, 4), (5, 1), (11, 1), (47, 1), (709, 1), (98251, 1)]
CAND 14586641239005 5081670 [(3, 4), (5, 1), (11, 1), (47, 1), (709, 1), (98257, 1)]
CAND 14588422686585 5046030 [(3, 4), (5, 1), (11, 1), (47, 1), (709, 1), (98269, 1)]
CAND 14592579397605 4962870 [(3, 4), (5, 1), (11, 1), (47, 1), (709, 1), (98297, 1)]
CAND 14592876305535 4956930 [(3, 4), (5, 1), (11, 1), (47, 1), (709, 1), (98299, 1)]
CAND 14595548476905 4903470 [(3, 4), (5, 1), (11, 1), (47, 1), (709, 1), (98317, 1)]
CAND 14596142292765 4891590 [(3, 4), (5, 1), (11, 1), (47, 1), (709, 1), (98321, 1)]
CAND 14596439200695 4885650 [(3, 4), (5, 1), (11, 1), (47, 1), (709, 1), (98323, 1)]
CAND 14597033016555 4873770 [(3, 4), (5, 1), (11, 1), (47, 1), (709, 1), (98327, 1)]
CAND 14600002095855 4814370 [(3, 4), (5, 1), (11, 1), (47, 1), (709, 1), (98347, 1)]
CAND 14603268083085 4749030 [(3, 4), (5, 1), (11, 1), (47, 1), (709, 1), (98369, 1)]
CAND 14604455714805 4725270 [(3, 4), (5, 1), (11, 1), (47, 1), (709, 1), (98377, 1)]
CAND 14605940254455 4695570 [(3, 4), (5, 1), (11, 1), (47, 1), (709, 1), (98387, 1)]
CAND 14606237162385 4689630 [(3, 4), (5, 1), (11, 1), (47, 1), (709, 1), (98389, 1)]
CAND 14608909333755 4636170 [(3, 4), (5, 1), (11, 1), (47, 1), (709, 1), (98407, 1)]
CAND 14609503149615 4624290 [(3, 4), (5, 1), (11, 1), (47, 1), (709, 1), (98411, 1)]
CAND 14610690781335 4600530 [(3, 4), (5, 1), (11, 1), (47, 1), (709, 1), (98419, 1)]
CAND 14612175320985 4570830 [(3, 4), (5, 1), (11, 1), (47, 1), (709, 1), (98429, 1)]
CAND 14614253676495 4529250 [(3, 4), (5, 1), (11, 1), (47, 1), (709, 1), (98443, 1)]
CAND 14615738216145 4499550 [(3, 4), (5, 1), (11, 1), (47, 1), (709, 1), (98453, 1)]
CAND 14616628939935 4481730 [(3, 4), (5, 1), (11, 1), (47, 1), (709, 1), (98459, 1)]
CAND 14617816571655 4457970 [(3, 4), (5, 1), (11, 1), (47, 1), (709, 1), (98467, 1)]
CAND 14618707295445 4440150 [(3, 4), (5, 1), (11, 1), (47, 1), (709, 1), (98473, 1)]
CAND 14619598019235 4422330 [(3, 4), (5, 1), (11, 1), (47, 1), (709, 1), (98479, 1)]
CAND 14621379466815 4386690 [(3, 4), (5, 1), (11, 1), (47, 1), (709, 1), (98491, 1)]
CAND 14623754730255 4339170 [(3, 4), (5, 1), (11, 1), (47, 1), (709, 1), (98507, 1)]
CAND 14625536177835 4303530 [(3, 4), (5, 1), (11, 1), (47, 1), (709, 1), (98519, 1)]
CAND 14627614533345 4261950 [(3, 4), (5, 1), (11, 1), (47, 1), (709, 1), (98533, 1)]
CAND 14629099072995 4232250 [(3, 4), (5, 1), (11, 1), (47, 1), (709, 1), (98543, 1)]
CAND 14631771244365 4178790 [(3, 4), (5, 1), (11, 1), (47, 1), (709, 1), (98561, 1)]
CAND 14632068152295 4172850 [(3, 4), (5, 1), (11, 1), (47, 1), (709, 1), (98563, 1)]
CAND 14633552691945 4143150 [(3, 4), (5, 1), (11, 1), (47, 1), (709, 1), (98573, 1)]
CAND 14637115587105 4071870 [(3, 4), (5, 1), (11, 1), (47, 1), (709, 1), (98597, 1)]
CAND 14640678482265 4000590 [(3, 4), (5, 1), (11, 1), (47, 1), (709, 1), (98621, 1)]
CAND 14641569206055 3982770 [(3, 4), (5, 1), (11, 1), (47, 1), (709, 1), (98627, 1)]
CAND 14643350653635 3947130 [(3, 4), (5, 1), (11, 1), (47, 1), (709, 1), (98639, 1)]
CAND 14643647561565 3941190 [(3, 4), (5, 1), (11, 1), (47, 1), (709, 1), (98641, 1)]
CAND 14646913548795 3875850 [(3, 4), (5, 1), (11, 1), (47, 1), (709, 1), (98663, 1)]
CAND 14647804272585 3858030 [(3, 4), (5, 1), (11, 1), (47, 1), (709, 1), (98669, 1)]
CAND 14650773351885 3798630 [(3, 4), (5, 1), (11, 1), (47, 1), (709, 1), (98689, 1)]
CAND 14654039339115 3733290 [(3, 4), (5, 1), (11, 1), (47, 1), (709, 1), (98711, 1)]
CAND 14654336247045 3727350 [(3, 4), (5, 1), (11, 1), (47, 1), (709, 1), (98713, 1)]
CAND 14654930062905 3715470 [(3, 4), (5, 1), (11, 1), (47, 1), (709, 1), (98717, 1)]
CAND 14656711510485 3679830 [(3, 4), (5, 1), (11, 1), (47, 1), (709, 1), (98729, 1)]
CAND 14657008418415 3673890 [(3, 4), (5, 1), (11, 1), (47, 1), (709, 1), (98731, 1)]
CAND 14657899142205 3656070 [(3, 4), (5, 1), (11, 1), (47, 1), (709, 1), (98737, 1)]
CAND 14663243484945 3549150 [(3, 4), (5, 1), (11, 1), (47, 1), (709, 1), (98773, 1)]
CAND 14664134208735 3531330 [(3, 4), (5, 1), (11, 1), (47, 1), (709, 1), (98779, 1)]
CAND 14667400195965 3465990 [(3, 4), (5, 1), (11, 1), (47, 1), (709, 1), (98801, 1)]
CAND 14668290919755 3448170 [(3, 4), (5, 1), (11, 1), (47, 1), (709, 1), (98807, 1)]
CAND 14668587827685 3442230 [(3, 4), (5, 1), (11, 1), (47, 1), (709, 1), (98809, 1)]
CAND 14672744538705 3359070 [(3, 4), (5, 1), (11, 1), (47, 1), (709, 1), (98837, 1)]
CAND 14674525986285 3323430 [(3, 4), (5, 1), (11, 1), (47, 1), (709, 1), (98849, 1)]
CAND 14677198157655 3269970 [(3, 4), (5, 1), (11, 1), (47, 1), (709, 1), (98867, 1)]
CAND 14677495065585 3264030 [(3, 4), (5, 1), (11, 1), (47, 1), (709, 1), (98869, 1)]
CAND 14678088881445 3252150 [(3, 4), (5, 1), (11, 1), (47, 1), (709, 1), (98873, 1)]
CAND 14680167236955 3210570 [(3, 4), (5, 1), (11, 1), (47, 1), (709, 1), (98887, 1)]
CAND 14681057960745 3192750 [(3, 4), (5, 1), (11, 1), (47, 1), (709, 1), (98893, 1)]
CAND 14681651776605 3180870 [(3, 4), (5, 1), (11, 1), (47, 1), (709, 1), (98897, 1)]
CAND 14681948684535 3174930 [(3, 4), (5, 1), (11, 1), (47, 1), (709, 1), (98899, 1)]
CAND 14683433224185 3145230 [(3, 4), (5, 1), (11, 1), (47, 1), (709, 1), (98909, 1)]
CAND 14683730132115 3139290 [(3, 4), (5, 1), (11, 1), (47, 1), (709, 1), (98911, 1)]
CAND 14686105395555 3091770 [(3, 4), (5, 1), (11, 1), (47, 1), (709, 1), (98927, 1)]
CAND 14686402303485 3085830 [(3, 4), (5, 1), (11, 1), (47, 1), (709, 1), (98929, 1)]
CAND 14687886843135 3056130 [(3, 4), (5, 1), (11, 1), (47, 1), (709, 1), (98939, 1)]
CAND 14689074474855 3032370 [(3, 4), (5, 1), (11, 1), (47, 1), (709, 1), (98947, 1)]
CAND 14689965198645 3014550 [(3, 4), (5, 1), (11, 1), (47, 1), (709, 1), (98953, 1)]
CAND 14691449738295 2984850 [(3, 4), (5, 1), (11, 1), (47, 1), (709, 1), (98963, 1)]
CAND 14694121909665 2931390 [(3, 4), (5, 1), (11, 1), (47, 1), (709, 1), (98981, 1)]
CAND 14695903357245 2895750 [(3, 4), (5, 1), (11, 1), (47, 1), (709, 1), (98993, 1)]
CAND 14696794081035 2877930 [(3, 4), (5, 1), (11, 1), (47, 1), (709, 1), (98999, 1)]
CAND 14698872436545 2836350 [(3, 4), (5, 1), (11, 1), (47, 1), (709, 1), (99013, 1)]
CAND 14699466252405 2824470 [(3, 4), (5, 1), (11, 1), (47, 1), (709, 1), (99017, 1)]
CAND 14700356976195 2806650 [(3, 4), (5, 1), (11, 1), (47, 1), (709, 1), (99023, 1)]
CAND 14703029147565 2753190 [(3, 4), (5, 1), (11, 1), (47, 1), (709, 1), (99041, 1)]
CAND 14704810595145 2717550 [(3, 4), (5, 1), (11, 1), (47, 1), (709, 1), (99053, 1)]
CAND 14708670398235 2640330 [(3, 4), (5, 1), (11, 1), (47, 1), (709, 1), (99079, 1)]
CAND 14709264214095 2628450 [(3, 4), (5, 1), (11, 1), (47, 1), (709, 1), (99083, 1)]
CAND 14710154937885 2610630 [(3, 4), (5, 1), (11, 1), (47, 1), (709, 1), (99089, 1)]
CAND 14712233293395 2569050 [(3, 4), (5, 1), (11, 1), (47, 1), (709, 1), (99103, 1)]
CAND 14713124017185 2551230 [(3, 4), (5, 1), (11, 1), (47, 1), (709, 1), (99109, 1)]
CAND 14714608556835 2521530 [(3, 4), (5, 1), (11, 1), (47, 1), (709, 1), (99119, 1)]
CAND 14716390004415 2485890 [(3, 4), (5, 1), (11, 1), (47, 1), (709, 1), (99131, 1)]
CAND 14716686912345 2479950 [(3, 4), (5, 1), (11, 1), (47, 1), (709, 1), (99133, 1)]
CAND 14717280728205 2468070 [(3, 4), (5, 1), (11, 1), (47, 1), (709, 1), (99137, 1)]
CAND 14717577636135 2462130 [(3, 4), (5, 1), (11, 1), (47, 1), (709, 1), (99139, 1)]
CAND 14719062175785 2432430 [(3, 4), (5, 1), (11, 1), (47, 1), (709, 1), (99149, 1)]
CAND 14722625070945 2361150 [(3, 4), (5, 1), (11, 1), (47, 1), (709, 1), (99173, 1)]
CAND 14723812702665 2337390 [(3, 4), (5, 1), (11, 1), (47, 1), (709, 1), (99181, 1)]
CAND 14725297242315 2307690 [(3, 4), (5, 1), (11, 1), (47, 1), (709, 1), (99191, 1)]
CAND 14730047769195 2212650 [(3, 4), (5, 1), (11, 1), (47, 1), (709, 1), (99223, 1)]
CAND 14731532308845 2182950 [(3, 4), (5, 1), (11, 1), (47, 1), (709, 1), (99233, 1)]
CAND 14732719940565 2159190 [(3, 4), (5, 1), (11, 1), (47, 1), (709, 1), (99241, 1)]
CAND 14734204480215 2129490 [(3, 4), (5, 1), (11, 1), (47, 1), (709, 1), (99251, 1)]
CAND 14735095204005 2111670 [(3, 4), (5, 1), (11, 1), (47, 1), (709, 1), (99257, 1)]
CAND 14735392111935 2105730 [(3, 4), (5, 1), (11, 1), (47, 1), (709, 1), (99259, 1)]
CAND 14738064283305 2052270 [(3, 4), (5, 1), (11, 1), (47, 1), (709, 1), (99277, 1)]
CAND 14739845730885 2016630 [(3, 4), (5, 1), (11, 1), (47, 1), (709, 1), (99289, 1)]
CAND 14744002441905 1933470 [(3, 4), (5, 1), (11, 1), (47, 1), (709, 1), (99317, 1)]
CAND 14748456060855 1844370 [(3, 4), (5, 1), (11, 1), (47, 1), (709, 1), (99347, 1)]
CAND 14748752968785 1838430 [(3, 4), (5, 1), (11, 1), (47, 1), (709, 1), (99349, 1)]
CAND 14751425140155 1784970 [(3, 4), (5, 1), (11, 1), (47, 1), (709, 1), (99367, 1)]
CAND 14752018956015 1773090 [(3, 4), (5, 1), (11, 1), (47, 1), (709, 1), (99371, 1)]
CAND 14752909679805 1755270 [(3, 4), (5, 1), (11, 1), (47, 1), (709, 1), (99377, 1)]
CAND 14754988035315 1713690 [(3, 4), (5, 1), (11, 1), (47, 1), (709, 1), (99391, 1)]
CAND 14755878759105 1695870 [(3, 4), (5, 1), (11, 1), (47, 1), (709, 1), (99397, 1)]
CAND 14756472574965 1683990 [(3, 4), (5, 1), (11, 1), (47, 1), (709, 1), (99401, 1)]
CAND 14757660206685 1660230 [(3, 4), (5, 1), (11, 1), (47, 1), (709, 1), (99409, 1)]
CAND 14760926193915 1594890 [(3, 4), (5, 1), (11, 1), (47, 1), (709, 1), (99431, 1)]
CAND 14762113825635 1571130 [(3, 4), (5, 1), (11, 1), (47, 1), (709, 1), (99439, 1)]
CAND 14766567444585 1482030 [(3, 4), (5, 1), (11, 1), (47, 1), (709, 1), (99469, 1)]
CAND 14769239615955 1428570 [(3, 4), (5, 1), (11, 1), (47, 1), (709, 1), (99487, 1)]
CAND 14770724155605 1398870 [(3, 4), (5, 1), (11, 1), (47, 1), (709, 1), (99497, 1)]
CAND 14774583958695 1321650 [(3, 4), (5, 1), (11, 1), (47, 1), (709, 1), (99523, 1)]
CAND 14775177774555 1309770 [(3, 4), (5, 1), (11, 1), (47, 1), (709, 1), (99527, 1)]
CAND 14775474682485 1303830 [(3, 4), (5, 1), (11, 1), (47, 1), (709, 1), (99529, 1)]
CAND 14778740669715 1238490 [(3, 4), (5, 1), (11, 1), (47, 1), (709, 1), (99551, 1)]
CAND 14779928301435 1214730 [(3, 4), (5, 1), (11, 1), (47, 1), (709, 1), (99559, 1)]
CAND 14780522117295 1202850 [(3, 4), (5, 1), (11, 1), (47, 1), (709, 1), (99563, 1)]
CAND 14781709749015 1179090 [(3, 4), (5, 1), (11, 1), (47, 1), (709, 1), (99571, 1)]
CAND 14782600472805 1161270 [(3, 4), (5, 1), (11, 1), (47, 1), (709, 1), (99577, 1)]
CAND 14783194288665 1149390 [(3, 4), (5, 1), (11, 1), (47, 1), (709, 1), (99581, 1)]
CAND 14787054091755 1072170 [(3, 4), (5, 1), (11, 1), (47, 1), (709, 1), (99607, 1)]
CAND 14787647907615 1060290 [(3, 4), (5, 1), (11, 1), (47, 1), (709, 1), (99611, 1)]
CAND 14789429355195 1024650 [(3, 4), (5, 1), (11, 1), (47, 1), (709, 1), (99623, 1)]
CAND 14792398434495 965250 [(3, 4), (5, 1), (11, 1), (47, 1), (709, 1), (99643, 1)]
CAND 14795070605865 911790 [(3, 4), (5, 1), (11, 1), (47, 1), (709, 1), (99661, 1)]
CAND 14795961329655 893970 [(3, 4), (5, 1), (11, 1), (47, 1), (709, 1), (99667, 1)]
CAND 14797742777235 858330 [(3, 4), (5, 1), (11, 1), (47, 1), (709, 1), (99679, 1)]
CAND 14799227316885 828630 [(3, 4), (5, 1), (11, 1), (47, 1), (709, 1), (99689, 1)]
CAND 14801899488255 775170 [(3, 4), (5, 1), (11, 1), (47, 1), (709, 1), (99707, 1)]
CAND 14802196396185 769230 [(3, 4), (5, 1), (11, 1), (47, 1), (709, 1), (99709, 1)]
CAND 14802790212045 757350 [(3, 4), (5, 1), (11, 1), (47, 1), (709, 1), (99713, 1)]
CAND 14803680935835 739530 [(3, 4), (5, 1), (11, 1), (47, 1), (709, 1), (99719, 1)]
CAND 14803977843765 733590 [(3, 4), (5, 1), (11, 1), (47, 1), (709, 1), (99721, 1)]
CAND 14805759291345 697950 [(3, 4), (5, 1), (11, 1), (47, 1), (709, 1), (99733, 1)]
CAND 14809916002365 614790 [(3, 4), (5, 1), (11, 1), (47, 1), (709, 1), (99761, 1)]
CAND 14810806726155 596970 [(3, 4), (5, 1), (11, 1), (47, 1), (709, 1), (99767, 1)]
CAND 14813775805455 537570 [(3, 4), (5, 1), (11, 1), (47, 1), (709, 1), (99787, 1)]
CAND 14814666529245 519750 [(3, 4), (5, 1), (11, 1), (47, 1), (709, 1), (99793, 1)]
CAND 14817041792685 472230 [(3, 4), (5, 1), (11, 1), (47, 1), (709, 1), (99809, 1)]
CAND 14818229424405 448470 [(3, 4), (5, 1), (11, 1), (47, 1), (709, 1), (99817, 1)]
CAND 14819120148195 430650 [(3, 4), (5, 1), (11, 1), (47, 1), (709, 1), (99823, 1)]
CAND 14820010871985 412830 [(3, 4), (5, 1), (11, 1), (47, 1), (709, 1), (99829, 1)]
CAND 14820604687845 400950 [(3, 4), (5, 1), (11, 1), (47, 1), (709, 1), (99833, 1)]
CAND 14821495411635 383130 [(3, 4), (5, 1), (11, 1), (47, 1), (709, 1), (99839, 1)]
CAND 14824464490935 323730 [(3, 4), (5, 1), (11, 1), (47, 1), (709, 1), (99859, 1)]
CAND 14826245938515 288090 [(3, 4), (5, 1), (11, 1), (47, 1), (709, 1), (99871, 1)]
CAND 14827136662305 270270 [(3, 4), (5, 1), (11, 1), (47, 1), (709, 1), (99877, 1)]
CAND 14827730478165 258390 [(3, 4), (5, 1), (11, 1), (47, 1), (709, 1), (99881, 1)]
CAND 14830699557465 198990 [(3, 4), (5, 1), (11, 1), (47, 1), (709, 1), (99901, 1)]
CAND 14831590281255 181170 [(3, 4), (5, 1), (11, 1), (47, 1), (709, 1), (99907, 1)]
CAND 14833965544695 133650 [(3, 4), (5, 1), (11, 1), (47, 1), (709, 1), (99923, 1)]
CAND 14834856268485 115830 [(3, 4), (5, 1), (11, 1), (47, 1), (709, 1), (99929, 1)]
CAND 14839606795365 20790 [(3, 4), (5, 1), (11, 1), (47, 1), (709, 1), (99961, 1)]
progress: nodes=10,000,000 tested=295 found=0 n=2650480727032258675335 elapsed=18s
progress: nodes=20,000,000 tested=295 found=0 n=5531581342665980574885 elapsed=49s
progress: nodes=30,000,000 tested=295 found=0 n=8494661445755702361705 elapsed=81s
progress: nodes=40,000,000 tested=295 found=0 n=11511156447173286005355 elapsed=114s
progress: nodes=50,000,000 tested=295 found=0 n=14567135578444023655905 elapsed=147s
progress: nodes=60,000,000 tested=295 found=0 n=17654607446163297796395 elapsed=181s
progress: nodes=70,000,000 tested=295 found=0 n=20768356386238878765315 elapsed=216s
progress: nodes=80,000,000 tested=295 found=0 n=23904423834378978011715 elapsed=251s
progress: nodes=90,000,000 tested=295 found=0 n=27060180928711058988585 elapsed=286s
progress: nodes=100,000,000 tested=295 found=0 n=30233247484688994660255 elapsed=321s
progress: nodes=110,000,000 tested=295 found=0 n=33422124195901756471365 elapsed=357s
progress: nodes=120,000,000 tested=295 found=0 n=36625230040889425273965 elapsed=393s
progress: nodes=130,000,000 tested=295 found=0 n=39840907863393533293155 elapsed=429s
progress: nodes=140,000,000 tested=295 found=0 n=43068864076945291262205 elapsed=466s
progress: nodes=150,000,000 tested=295 found=0 n=46308348642470810193045 elapsed=502s
CAND 49440610241148958192845 9881190 [(3, 4), (5, 1), (11, 1), (47, 1), (709, 1), (99971, 1), (3331332523, 1)]
CAND 49440610478606419553085 9738630 [(3, 4), (5, 1), (11, 1), (47, 1), (709, 1), (99971, 1), (3331332539, 1)]
CAND 49440610508288602223115 9720810 [(3, 4), (5, 1), (11, 1), (47, 1), (709, 1), (99971, 1), (3331332541, 1)]
CAND 49440610656699515573265 9631710 [(3, 4), (5, 1), (11, 1), (47, 1), (709, 1), (99971, 1), (3331332551, 1)]
CAND 49440610923839159603535 9471330 [(3, 4), (5, 1), (11, 1), (47, 1), (709, 1), (99971, 1), (3331332569, 1)]
CAND 49440611042567890283655 9400050 [(3, 4), (5, 1), (11, 1), (47, 1), (709, 1), (99971, 1), (3331332577, 1)]
CAND 49440611131614438293745 9346590 [(3, 4), (5, 1), (11, 1), (47, 1), (709, 1), (99971, 1), (3331332583, 1)]
CAND 49440611487800630334105 9132750 [(3, 4), (5, 1), (11, 1), (47, 1), (709, 1), (99971, 1), (3331332607, 1)]
CAND 49440611547164995674165 9097110 [(3, 4), (5, 1), (11, 1), (47, 1), (709, 1), (99971, 1), (3331332611, 1)]
CAND 49440611636211543684255 9043650 [(3, 4), (5, 1), (11, 1), (47, 1), (709, 1), (99971, 1), (3331332617, 1)]
CAND 49440612526677023785155 8509050 [(3, 4), (5, 1), (11, 1), (47, 1), (709, 1), (99971, 1), (3331332677, 1)]
CAND 49440612734452302475365 8384310 [(3, 4), (5, 1), (11, 1), (47, 1), (709, 1), (99971, 1), (3331332691, 1)]
CAND 49440612882863215825515 8295210 [(3, 4), (5, 1), (11, 1), (47, 1), (709, 1), (99971, 1), (3331332701, 1)]
CAND 49440612971909763835605 8241750 [(3, 4), (5, 1), (11, 1), (47, 1), (709, 1), (99971, 1), (3331332707, 1)]
CAND 49440613060956311845695 8188290 [(3, 4), (5, 1), (11, 1), (47, 1), (709, 1), (99971, 1), (3331332713, 1)]
CAND 49440613179685042525815 8117010 [(3, 4), (5, 1), (11, 1), (47, 1), (709, 1), (99971, 1), (3331332721, 1)]
CAND 49440613506189051896145 7920990 [(3, 4), (5, 1), (11, 1), (47, 1), (709, 1), (99971, 1), (3331332743, 1)]
CAND 49440613595235599906235 7867530 [(3, 4), (5, 1), (11, 1), (47, 1), (709, 1), (99971, 1), (3331332749, 1)]
CAND 49440614337290166656985 7422030 [(3, 4), (5, 1), (11, 1), (47, 1), (709, 1), (99971, 1), (3331332799, 1)]
CAND 49440614604429810687255 7261650 [(3, 4), (5, 1), (11, 1), (47, 1), (709, 1), (99971, 1), (3331332817, 1)]
CAND 49440614663794176027315 7226010 [(3, 4), (5, 1), (11, 1), (47, 1), (709, 1), (99971, 1), (3331332821, 1)]
CAND 49440614930933820057585 7065630 [(3, 4), (5, 1), (11, 1), (47, 1), (709, 1), (99971, 1), (3331332839, 1)]
CAND 49440615049662550737705 6994350 [(3, 4), (5, 1), (11, 1), (47, 1), (709, 1), (99971, 1), (3331332847, 1)]
CAND 49440615494895290788155 6727050 [(3, 4), (5, 1), (11, 1), (47, 1), (709, 1), (99971, 1), (3331332877, 1)]
CAND 49440615643306204138305 6637950 [(3, 4), (5, 1), (11, 1), (47, 1), (709, 1), (99971, 1), (3331332887, 1)]
CAND 49440615821399300158485 6531030 [(3, 4), (5, 1), (11, 1), (47, 1), (709, 1), (99971, 1), (3331332899, 1)]
CAND 49440616118221126858785 6352830 [(3, 4), (5, 1), (11, 1), (47, 1), (709, 1), (99971, 1), (3331332919, 1)]
CAND 49440616919640058949595 5871690 [(3, 4), (5, 1), (11, 1), (47, 1), (709, 1), (99971, 1), (3331332973, 1)]
CAND 49440617275826250989955 5657850 [(3, 4), (5, 1), (11, 1), (47, 1), (709, 1), (99971, 1), (3331332997, 1)]
CAND 49440617335190616330015 5622210 [(3, 4), (5, 1), (11, 1), (47, 1), (709, 1), (99971, 1), (3331333001, 1)]
CAND 49440617364872799000045 5604390 [(3, 4), (5, 1), (11, 1), (47, 1), (709, 1), (99971, 1), (3331333003, 1)]
CAND 49440617424237164340105 5568750 [(3, 4), (5, 1), (11, 1), (47, 1), (709, 1), (99971, 1), (3331333007, 1)]
CAND 49440618492795740461185 4927230 [(3, 4), (5, 1), (11, 1), (47, 1), (709, 1), (99971, 1), (3331333079, 1)]
CAND 49440618522477923131215 4909410 [(3, 4), (5, 1), (11, 1), (47, 1), (709, 1), (99971, 1), (3331333081, 1)]
CAND 49440618759935384491455 4766850 [(3, 4), (5, 1), (11, 1), (47, 1), (709, 1), (99971, 1), (3331333097, 1)]
CAND 49440619116121576531815 4553010 [(3, 4), (5, 1), (11, 1), (47, 1), (709, 1), (99971, 1), (3331333121, 1)]
CAND 49440619383261220562085 4392630 [(3, 4), (5, 1), (11, 1), (47, 1), (709, 1), (99971, 1), (3331333139, 1)]
CAND 49440619858176143282565 4107510 [(3, 4), (5, 1), (11, 1), (47, 1), (709, 1), (99971, 1), (3331333171, 1)]
CAND 49440620184680152652895 3911490 [(3, 4), (5, 1), (11, 1), (47, 1), (709, 1), (99971, 1), (3331333193, 1)]
CAND 49440620392455431343105 3786750 [(3, 4), (5, 1), (11, 1), (47, 1), (709, 1), (99971, 1), (3331333207, 1)]
CAND 49440621164192180763885 3323430 [(3, 4), (5, 1), (11, 1), (47, 1), (709, 1), (99971, 1), (3331333259, 1)]
CAND 49440621282920911444005 3252150 [(3, 4), (5, 1), (11, 1), (47, 1), (709, 1), (99971, 1), (3331333267, 1)]
CAND 49440621520378372804245 3109590 [(3, 4), (5, 1), (11, 1), (47, 1), (709, 1), (99971, 1), (3331333283, 1)]
CAND 49440621787518016834515 2949210 [(3, 4), (5, 1), (11, 1), (47, 1), (709, 1), (99971, 1), (3331333301, 1)]
CAND 49440621876564564844605 2895750 [(3, 4), (5, 1), (11, 1), (47, 1), (709, 1), (99971, 1), (3331333307, 1)]
CAND 49440621906246747514635 2877930 [(3, 4), (5, 1), (11, 1), (47, 1), (709, 1), (99971, 1), (3331333309, 1)]
CAND 49440622084339843534815 2771010 [(3, 4), (5, 1), (11, 1), (47, 1), (709, 1), (99971, 1), (3331333321, 1)]
CAND 49440622321797304895055 2628450 [(3, 4), (5, 1), (11, 1), (47, 1), (709, 1), (99971, 1), (3331333337, 1)]
CAND 49440622499890400915235 2521530 [(3, 4), (5, 1), (11, 1), (47, 1), (709, 1), (99971, 1), (3331333349, 1)]
CAND 49440623746542073056495 1773090 [(3, 4), (5, 1), (11, 1), (47, 1), (709, 1), (99971, 1), (3331333433, 1)]
CAND 49440624191774813106945 1505790 [(3, 4), (5, 1), (11, 1), (47, 1), (709, 1), (99971, 1), (3331333463, 1)]
CAND 49440624310503543787065 1434510 [(3, 4), (5, 1), (11, 1), (47, 1), (709, 1), (99971, 1), (3331333471, 1)]
CAND 49440624399550091797155 1381050 [(3, 4), (5, 1), (11, 1), (47, 1), (709, 1), (99971, 1), (3331333477, 1)]
CAND 49440624488596639807245 1327590 [(3, 4), (5, 1), (11, 1), (47, 1), (709, 1), (99971, 1), (3331333483, 1)]
CAND 49440624547961005147305 1291950 [(3, 4), (5, 1), (11, 1), (47, 1), (709, 1), (99971, 1), (3331333487, 1)]
CAND 49440625171286841217935 917730 [(3, 4), (5, 1), (11, 1), (47, 1), (709, 1), (99971, 1), (3331333529, 1)]
CAND 49440625379062119908145 792990 [(3, 4), (5, 1), (11, 1), (47, 1), (709, 1), (99971, 1), (3331333543, 1)]
CAND 49440626358574148019135 204930 [(3, 4), (5, 1), (11, 1), (47, 1), (709, 1), (99971, 1), (3331333609, 1)]
CAND 49440626625713792049405 44550 [(3, 4), (5, 1), (11, 1), (47, 1), (709, 1), (99971, 1), (3331333627, 1)]
progress: nodes=160,000,000 tested=354 found=0 n=49557853526997356541495 elapsed=538s
progress: nodes=170,000,000 tested=354 found=0 n=52816869028084120552395 elapsed=575s
progress: nodes=180,000,000 tested=354 found=0 n=56085023584168438790205 elapsed=612s
progress: nodes=190,000,000 tested=354 found=0 n=59362452189817094551365 elapsed=648s
progress: nodes=200,000,000 tested=354 found=0 n=62648143216880327873415 elapsed=684s
progress: nodes=210,000,000 tested=354 found=0 n=65941161825014946161505 elapsed=727s
progress: nodes=220,000,000 tested=354 found=0 n=69241844728901158235955 elapsed=774s
progress: nodes=230,000,000 tested=354 found=0 n=72549265725710928480645 elapsed=821s
progress: nodes=240,000,000 tested=354 found=0 n=75863977883553947564565 elapsed=868s

done in 900.0s | nodes=246,951,936 | tested=354 | weird=0
