search v2: odd=True, N_CAP=1.00e+24, DELTA_MAX=1.0e+07, MIN_DEPTH=6
SPF shard: smallest prime factor = 3
P2 sub-shard: second prime factor = 5
P3 sub-sub-shard: third prime factor = 13
CAND 69006596747985 9738846 [(3, 5), (5, 1), (13, 1), (31, 1), (1151, 1), (122443, 1)]
CAND 69009978236355 9684090 [(3, 5), (5, 1), (13, 1), (31, 1), (1151, 1), (122449, 1)]
CAND 69012232561935 9647586 [(3, 5), (5, 1), (13, 1), (31, 1), (1151, 1), (122453, 1)]
CAND 69022377027045 9483318 [(3, 5), (5, 1), (13, 1), (31, 1), (1151, 1), (122471, 1)]
CAND 69025758515415 9428562 [(3, 5), (5, 1), (13, 1), (31, 1), (1151, 1), (122477, 1)]
CAND 69032521492155 9319050 [(3, 5), (5, 1), (13, 1), (31, 1), (1151, 1), (122489, 1)]
CAND 69037030143315 9246042 [(3, 5), (5, 1), (13, 1), (31, 1), (1151, 1), (122497, 1)]
CAND 69039284468895 9209538 [(3, 5), (5, 1), (13, 1), (31, 1), (1151, 1), (122501, 1)]
CAND 69040411631685 9191286 [(3, 5), (5, 1), (13, 1), (31, 1), (1151, 1), (122503, 1)]
CAND 69043793120055 9136530 [(3, 5), (5, 1), (13, 1), (31, 1), (1151, 1), (122509, 1)]
CAND 69053937585165 8972262 [(3, 5), (5, 1), (13, 1), (31, 1), (1151, 1), (122527, 1)]
CAND 69057319073535 8917506 [(3, 5), (5, 1), (13, 1), (31, 1), (1151, 1), (122533, 1)]
CAND 69070845027015 8698482 [(3, 5), (5, 1), (13, 1), (31, 1), (1151, 1), (122557, 1)]
CAND 69073099352595 8661978 [(3, 5), (5, 1), (13, 1), (31, 1), (1151, 1), (122561, 1)]
CAND 69083243817705 8497710 [(3, 5), (5, 1), (13, 1), (31, 1), (1151, 1), (122579, 1)]
CAND 69093388282815 8333442 [(3, 5), (5, 1), (13, 1), (31, 1), (1151, 1), (122597, 1)]
CAND 69094515445605 8315190 [(3, 5), (5, 1), (13, 1), (31, 1), (1151, 1), (122599, 1)]
CAND 69100151259555 8223930 [(3, 5), (5, 1), (13, 1), (31, 1), (1151, 1), (122609, 1)]
CAND 69101278422345 8205678 [(3, 5), (5, 1), (13, 1), (31, 1), (1151, 1), (122611, 1)]
CAND 69123821678145 7840638 [(3, 5), (5, 1), (13, 1), (31, 1), (1151, 1), (122651, 1)]
CAND 69124948840935 7822386 [(3, 5), (5, 1), (13, 1), (31, 1), (1151, 1), (122653, 1)]
CAND 69130584654885 7731126 [(3, 5), (5, 1), (13, 1), (31, 1), (1151, 1), (122663, 1)]
CAND 69147492096735 7457346 [(3, 5), (5, 1), (13, 1), (31, 1), (1151, 1), (122693, 1)]
CAND 69152000747895 7384338 [(3, 5), (5, 1), (13, 1), (31, 1), (1151, 1), (122701, 1)]
CAND 69162145213005 7220070 [(3, 5), (5, 1), (13, 1), (31, 1), (1151, 1), (122719, 1)]
CAND 69174544003695 7019298 [(3, 5), (5, 1), (13, 1), (31, 1), (1151, 1), (122741, 1)]
CAND 69175671166485 7001046 [(3, 5), (5, 1), (13, 1), (31, 1), (1151, 1), (122743, 1)]
CAND 69181306980435 6909786 [(3, 5), (5, 1), (13, 1), (31, 1), (1151, 1), (122753, 1)]
CAND 69185815631595 6836778 [(3, 5), (5, 1), (13, 1), (31, 1), (1151, 1), (122761, 1)]
CAND 69194832933915 6690762 [(3, 5), (5, 1), (13, 1), (31, 1), (1151, 1), (122777, 1)]
CAND 69201595910655 6581250 [(3, 5), (5, 1), (13, 1), (31, 1), (1151, 1), (122789, 1)]
CAND 69218503352505 6307470 [(3, 5), (5, 1), (13, 1), (31, 1), (1151, 1), (122819, 1)]
CAND 69223012003665 6234462 [(3, 5), (5, 1), (13, 1), (31, 1), (1151, 1), (122827, 1)]
CAND 69226393492035 6179706 [(3, 5), (5, 1), (13, 1), (31, 1), (1151, 1), (122833, 1)]
CAND 69229774980405 6124950 [(3, 5), (5, 1), (13, 1), (31, 1), (1151, 1), (122839, 1)]
CAND 69235410794355 6033690 [(3, 5), (5, 1), (13, 1), (31, 1), (1151, 1), (122849, 1)]
CAND 69242173771095 5924178 [(3, 5), (5, 1), (13, 1), (31, 1), (1151, 1), (122861, 1)]
CAND 69245555259465 5869422 [(3, 5), (5, 1), (13, 1), (31, 1), (1151, 1), (122867, 1)]
CAND 69246682422255 5851170 [(3, 5), (5, 1), (13, 1), (31, 1), (1151, 1), (122869, 1)]
CAND 69256826887365 5686902 [(3, 5), (5, 1), (13, 1), (31, 1), (1151, 1), (122887, 1)]
CAND 69259081212945 5650398 [(3, 5), (5, 1), (13, 1), (31, 1), (1151, 1), (122891, 1)]
CAND 69275988654795 5376618 [(3, 5), (5, 1), (13, 1), (31, 1), (1151, 1), (122921, 1)]
CAND 69280497305955 5303610 [(3, 5), (5, 1), (13, 1), (31, 1), (1151, 1), (122929, 1)]
CAND 69286133119905 5212350 [(3, 5), (5, 1), (13, 1), (31, 1), (1151, 1), (122939, 1)]
CAND 69294023259435 5084586 [(3, 5), (5, 1), (13, 1), (31, 1), (1151, 1), (122953, 1)]
CAND 69296277585015 5048082 [(3, 5), (5, 1), (13, 1), (31, 1), (1151, 1), (122957, 1)]
CAND 69299659073385 4993326 [(3, 5), (5, 1), (13, 1), (31, 1), (1151, 1), (122963, 1)]
CAND 69304167724545 4920318 [(3, 5), (5, 1), (13, 1), (31, 1), (1151, 1), (122971, 1)]
CAND 69321075166395 4646538 [(3, 5), (5, 1), (13, 1), (31, 1), (1151, 1), (123001, 1)]
CAND 69324456654765 4591782 [(3, 5), (5, 1), (13, 1), (31, 1), (1151, 1), (123007, 1)]
CAND 69330092468715 4500522 [(3, 5), (5, 1), (13, 1), (31, 1), (1151, 1), (123017, 1)]
CAND 69337982608245 4372758 [(3, 5), (5, 1), (13, 1), (31, 1), (1151, 1), (123031, 1)]
CAND 69348127073355 4208490 [(3, 5), (5, 1), (13, 1), (31, 1), (1151, 1), (123049, 1)]
CAND 69353762887305 4117230 [(3, 5), (5, 1), (13, 1), (31, 1), (1151, 1), (123059, 1)]
CAND 69363907352415 3952962 [(3, 5), (5, 1), (13, 1), (31, 1), (1151, 1), (123077, 1)]
CAND 69367288840785 3898206 [(3, 5), (5, 1), (13, 1), (31, 1), (1151, 1), (123083, 1)]
CAND 69371797491945 3825198 [(3, 5), (5, 1), (13, 1), (31, 1), (1151, 1), (123091, 1)]
CAND 69384196282635 3624426 [(3, 5), (5, 1), (13, 1), (31, 1), (1151, 1), (123113, 1)]
CAND 69388704933795 3551418 [(3, 5), (5, 1), (13, 1), (31, 1), (1151, 1), (123121, 1)]
CAND 69392086422165 3496662 [(3, 5), (5, 1), (13, 1), (31, 1), (1151, 1), (123127, 1)]
CAND 69401103724485 3350646 [(3, 5), (5, 1), (13, 1), (31, 1), (1151, 1), (123143, 1)]
CAND 69415756840755 3113370 [(3, 5), (5, 1), (13, 1), (31, 1), (1151, 1), (123169, 1)]
CAND 69428155631445 2912598 [(3, 5), (5, 1), (13, 1), (31, 1), (1151, 1), (123191, 1)]
CAND 69434918608185 2803086 [(3, 5), (5, 1), (13, 1), (31, 1), (1151, 1), (123203, 1)]
CAND 69438300096555 2748330 [(3, 5), (5, 1), (13, 1), (31, 1), (1151, 1), (123209, 1)]
CAND 69442808747715 2675322 [(3, 5), (5, 1), (13, 1), (31, 1), (1151, 1), (123217, 1)]
CAND 69449571724455 2565810 [(3, 5), (5, 1), (13, 1), (31, 1), (1151, 1), (123229, 1)]
CAND 69455207538405 2474550 [(3, 5), (5, 1), (13, 1), (31, 1), (1151, 1), (123239, 1)]
CAND 69466479166305 2292030 [(3, 5), (5, 1), (13, 1), (31, 1), (1151, 1), (123259, 1)]
CAND 69472114980255 2200770 [(3, 5), (5, 1), (13, 1), (31, 1), (1151, 1), (123269, 1)]
CAND 69483386608155 2018250 [(3, 5), (5, 1), (13, 1), (31, 1), (1151, 1), (123289, 1)]
CAND 69493531073265 1853982 [(3, 5), (5, 1), (13, 1), (31, 1), (1151, 1), (123307, 1)]
CAND 69495785398845 1817478 [(3, 5), (5, 1), (13, 1), (31, 1), (1151, 1), (123311, 1)]
CAND 69502548375585 1707966 [(3, 5), (5, 1), (13, 1), (31, 1), (1151, 1), (123323, 1)]
CAND 69512692840695 1543698 [(3, 5), (5, 1), (13, 1), (31, 1), (1151, 1), (123341, 1)]
CAND 69530727445335 1251666 [(3, 5), (5, 1), (13, 1), (31, 1), (1151, 1), (123373, 1)]
CAND 69532981770915 1215162 [(3, 5), (5, 1), (13, 1), (31, 1), (1151, 1), (123377, 1)]
CAND 69534108933705 1196910 [(3, 5), (5, 1), (13, 1), (31, 1), (1151, 1), (123379, 1)]
CAND 69544253398815 1032642 [(3, 5), (5, 1), (13, 1), (31, 1), (1151, 1), (123397, 1)]
CAND 69546507724395 996138 [(3, 5), (5, 1), (13, 1), (31, 1), (1151, 1), (123401, 1)]
CAND 69549889212765 941382 [(3, 5), (5, 1), (13, 1), (31, 1), (1151, 1), (123407, 1)]
CAND 69556652189505 831870 [(3, 5), (5, 1), (13, 1), (31, 1), (1151, 1), (123419, 1)]
CAND 69561160840665 758862 [(3, 5), (5, 1), (13, 1), (31, 1), (1151, 1), (123427, 1)]
CAND 69564542329035 704106 [(3, 5), (5, 1), (13, 1), (31, 1), (1151, 1), (123433, 1)]
CAND 69567923817405 649350 [(3, 5), (5, 1), (13, 1), (31, 1), (1151, 1), (123439, 1)]
CAND 69573559631355 558090 [(3, 5), (5, 1), (13, 1), (31, 1), (1151, 1), (123449, 1)]
CAND 69578068282515 485082 [(3, 5), (5, 1), (13, 1), (31, 1), (1151, 1), (123457, 1)]
CAND 69590467073205 284310 [(3, 5), (5, 1), (13, 1), (31, 1), (1151, 1), (123479, 1)]
CAND 69597230049945 174798 [(3, 5), (5, 1), (13, 1), (31, 1), (1151, 1), (123491, 1)]
CAND 69598357212735 156546 [(3, 5), (5, 1), (13, 1), (31, 1), (1151, 1), (123493, 1)]
CAND 69601738701105 101790 [(3, 5), (5, 1), (13, 1), (31, 1), (1151, 1), (123499, 1)]
CAND 69603993026685 65286 [(3, 5), (5, 1), (13, 1), (31, 1), (1151, 1), (123503, 1)]
progress: nodes=10,000,000 tested=92 found=0 n=12456021179167019069265 elapsed=18s
progress: nodes=20,000,000 tested=92 found=0 n=25970793923179993414995 elapsed=49s
progress: nodes=30,000,000 tested=92 found=0 n=39869604567167201986185 elapsed=81s
progress: nodes=40,000,000 tested=92 found=0 n=54018954782962869634155 elapsed=114s
progress: nodes=50,000,000 tested=92 found=0 n=68353227017256858775605 elapsed=147s
progress: nodes=60,000,000 tested=92 found=0 n=82835234741285543689965 elapsed=180s
progress: nodes=70,000,000 tested=92 found=0 n=97440237195652819904085 elapsed=215s
progress: nodes=80,000,000 tested=92 found=0 n=112150161882474841012095 elapsed=249s
progress: nodes=90,000,000 tested=92 found=0 n=126952180445474204248935 elapsed=284s
progress: nodes=100,000,000 tested=92 found=0 n=141835796526459575052045 elapsed=319s
CAND 155120648320786624206705 9851166 [(3, 5), (5, 1), (13, 1), (31, 1), (1151, 1), (123517, 1), (2228364487, 1)]
CAND 155120653193618445841755 5477706 [(3, 5), (5, 1), (13, 1), (31, 1), (1151, 1), (123517, 1), (2228364557, 1)]
CAND 155120654864303641830915 3978234 [(3, 5), (5, 1), (13, 1), (31, 1), (1151, 1), (123517, 1), (2228364581, 1)]
CAND 155120656256541305155215 2728674 [(3, 5), (5, 1), (13, 1), (31, 1), (1151, 1), (123517, 1), (2228364601, 1)]
CAND 155120657370331435814655 1729026 [(3, 5), (5, 1), (13, 1), (31, 1), (1151, 1), (123517, 1), (2228364617, 1)]
progress: nodes=110,000,000 tested=97 found=0 n=156793067548785454622355 elapsed=354s
progress: nodes=120,000,000 tested=97 found=0 n=171817284040704750493305 elapsed=390s
progress: nodes=130,000,000 tested=97 found=0 n=186900699452634959927265 elapsed=425s
progress: nodes=140,000,000 tested=97 found=0 n=202041529214339233836495 elapsed=461s
progress: nodes=150,000,000 tested=97 found=0 n=217236193047442567451115 elapsed=497s
progress: nodes=160,000,000 tested=97 found=0 n=232478176811142032703855 elapsed=533s
progress: nodes=170,000,000 tested=97 found=0 n=247764299938495765231365 elapsed=570s
progress: nodes=180,000,000 tested=97 found=0 n=263093756741567999261235 elapsed=606s
progress: nodes=190,000,000 tested=97 found=0 n=278466861309175580755545 elapsed=642s
progress: nodes=200,000,000 tested=97 found=0 n=293878109012045258096955 elapsed=678s
progress: nodes=210,000,000 tested=97 found=0 n=309323882677503948421635 elapsed=721s
progress: nodes=220,000,000 tested=97 found=0 n=11723937796532053963845 elapsed=740s
progress: nodes=230,000,000 tested=97 found=0 n=25210000190523263107005 elapsed=771s
progress: nodes=240,000,000 tested=97 found=0 n=39093481988774869931145 elapsed=803s
progress: nodes=250,000,000 tested=97 found=0 n=53232158498591460230505 elapsed=836s
CAND 63050106259281620280555 9352746 [(3, 5), (5, 1), (13, 1), (31, 1), (1151, 1), (123527, 1), (905664367, 1)]
CAND 63050107094691848042535 7507890 [(3, 5), (5, 1), (13, 1), (31, 1), (1151, 1), (123527, 1), (905664379, 1)]
CAND 63050108626277265606165 4125654 [(3, 5), (5, 1), (13, 1), (31, 1), (1151, 1), (123527, 1), (905664401, 1)]
CAND 63050109043982379487155 3203226 [(3, 5), (5, 1), (13, 1), (31, 1), (1151, 1), (123527, 1), (905664407, 1)]
CAND 63050110018627645209465 1050894 [(3, 5), (5, 1), (13, 1), (31, 1), (1151, 1), (123527, 1), (905664421, 1)]
progress: nodes=260,000,000 tested=102 found=0 n=67557693720282255882405 elapsed=869s

done in 900.0s | nodes=269,197,312 | tested=102 | weird=0
