search v2: odd=True, N_CAP=1.00e+24, DELTA_MAX=1.0e+07, MIN_DEPTH=6
SPF shard: smallest prime factor = 3
P2 sub-shard: second prime factor = 5
P3 sub-sub-shard: third prime factor = 13
CAND 13037895 2954610 [(3, 3), (5, 1), (13, 1), (17, 1), (19, 1), (23, 1)]
CAND 16439085 3409830 [(3, 3), (5, 1), (13, 1), (17, 1), (19, 1), (29, 1)]
CAND 17572815 3561570 [(3, 3), (5, 1), (13, 1), (17, 1), (19, 1), (31, 1)]
CAND 20974005 4016790 [(3, 3), (5, 1), (13, 1), (17, 1), (19, 1), (37, 1)]
CAND 23241465 4320270 [(3, 3), (5, 1), (13, 1), (17, 1), (19, 1), (41, 1)]
CAND 24375195 4472010 [(3, 3), (5, 1), (13, 1), (17, 1), (19, 1), (43, 1)]
CAND 26642655 4775490 [(3, 3), (5, 1), (13, 1), (17, 1), (19, 1), (47, 1)]
CAND 30043845 5230710 [(3, 3), (5, 1), (13, 1), (17, 1), (19, 1), (53, 1)]
CAND 33445035 5685930 [(3, 3), (5, 1), (13, 1), (17, 1), (19, 1), (59, 1)]
CAND 34578765 5837670 [(3, 3), (5, 1), (13, 1), (17, 1), (19, 1), (61, 1)]
CAND 37979955 6292890 [(3, 3), (5, 1), (13, 1), (17, 1), (19, 1), (67, 1)]
CAND 40247415 6596370 [(3, 3), (5, 1), (13, 1), (17, 1), (19, 1), (71, 1)]
CAND 41381145 6748110 [(3, 3), (5, 1), (13, 1), (17, 1), (19, 1), (73, 1)]
CAND 44782335 7203330 [(3, 3), (5, 1), (13, 1), (17, 1), (19, 1), (79, 1)]
CAND 47049795 7506810 [(3, 3), (5, 1), (13, 1), (17, 1), (19, 1), (83, 1)]
CAND 50450985 7962030 [(3, 3), (5, 1), (13, 1), (17, 1), (19, 1), (89, 1)]
CAND 54985905 8568990 [(3, 3), (5, 1), (13, 1), (17, 1), (19, 1), (97, 1)]
CAND 57253365 8872470 [(3, 3), (5, 1), (13, 1), (17, 1), (19, 1), (101, 1)]
CAND 58387095 9024210 [(3, 3), (5, 1), (13, 1), (17, 1), (19, 1), (103, 1)]
CAND 60654555 9327690 [(3, 3), (5, 1), (13, 1), (17, 1), (19, 1), (107, 1)]
CAND 61788285 9479430 [(3, 3), (5, 1), (13, 1), (17, 1), (19, 1), (109, 1)]
CAND 64055745 9782910 [(3, 3), (5, 1), (13, 1), (17, 1), (19, 1), (113, 1)]
CAND 19899945 3745710 [(3, 3), (5, 1), (13, 1), (17, 1), (23, 1), (29, 1)]
CAND 21272355 3903930 [(3, 3), (5, 1), (13, 1), (17, 1), (23, 1), (31, 1)]
CAND 25389585 4378590 [(3, 3), (5, 1), (13, 1), (17, 1), (23, 1), (37, 1)]
CAND 28134405 4695030 [(3, 3), (5, 1), (13, 1), (17, 1), (23, 1), (41, 1)]
CAND 29506815 4853250 [(3, 3), (5, 1), (13, 1), (17, 1), (23, 1), (43, 1)]
CAND 32251635 5169690 [(3, 3), (5, 1), (13, 1), (17, 1), (23, 1), (47, 1)]
CAND 36368865 5644350 [(3, 3), (5, 1), (13, 1), (17, 1), (23, 1), (53, 1)]
CAND 40486095 6119010 [(3, 3), (5, 1), (13, 1), (17, 1), (23, 1), (59, 1)]
CAND 41858505 6277230 [(3, 3), (5, 1), (13, 1), (17, 1), (23, 1), (61, 1)]
CAND 45975735 6751890 [(3, 3), (5, 1), (13, 1), (17, 1), (23, 1), (67, 1)]
CAND 48720555 7068330 [(3, 3), (5, 1), (13, 1), (17, 1), (23, 1), (71, 1)]
CAND 50092965 7226550 [(3, 3), (5, 1), (13, 1), (17, 1), (23, 1), (73, 1)]
CAND 54210195 7701210 [(3, 3), (5, 1), (13, 1), (17, 1), (23, 1), (79, 1)]
CAND 56955015 8017650 [(3, 3), (5, 1), (13, 1), (17, 1), (23, 1), (83, 1)]
CAND 61072245 8492310 [(3, 3), (5, 1), (13, 1), (17, 1), (23, 1), (89, 1)]
CAND 66561885 9125190 [(3, 3), (5, 1), (13, 1), (17, 1), (23, 1), (97, 1)]
CAND 69306705 9441630 [(3, 3), (5, 1), (13, 1), (17, 1), (23, 1), (101, 1)]
CAND 70679115 9599850 [(3, 3), (5, 1), (13, 1), (17, 1), (23, 1), (103, 1)]
CAND 73423935 9916290 [(3, 3), (5, 1), (13, 1), (17, 1), (23, 1), (107, 1)]
CAND 26821665 4417470 [(3, 3), (5, 1), (13, 1), (17, 1), (29, 1), (31, 1)]
CAND 32012955 4921290 [(3, 3), (5, 1), (13, 1), (17, 1), (29, 1), (37, 1)]
CAND 35473815 5257170 [(3, 3), (5, 1), (13, 1), (17, 1), (29, 1), (41, 1)]
CAND 37204245 5425110 [(3, 3), (5, 1), (13, 1), (17, 1), (29, 1), (43, 1)]
CAND 40665105 5760990 [(3, 3), (5, 1), (13, 1), (17, 1), (29, 1), (47, 1)]
CAND 45856395 6264810 [(3, 3), (5, 1), (13, 1), (17, 1), (29, 1), (53, 1)]
CAND 51047685 6768630 [(3, 3), (5, 1), (13, 1), (17, 1), (29, 1), (59, 1)]
CAND 52778115 6936570 [(3, 3), (5, 1), (13, 1), (17, 1), (29, 1), (61, 1)]
CAND 57969405 7440390 [(3, 3), (5, 1), (13, 1), (17, 1), (29, 1), (67, 1)]
CAND 61430265 7776270 [(3, 3), (5, 1), (13, 1), (17, 1), (29, 1), (71, 1)]
CAND 63160695 7944210 [(3, 3), (5, 1), (13, 1), (17, 1), (29, 1), (73, 1)]
CAND 68351985 8448030 [(3, 3), (5, 1), (13, 1), (17, 1), (29, 1), (79, 1)]
CAND 71812845 8783910 [(3, 3), (5, 1), (13, 1), (17, 1), (29, 1), (83, 1)]
CAND 77004135 9287730 [(3, 3), (5, 1), (13, 1), (17, 1), (29, 1), (89, 1)]
CAND 83925855 9959490 [(3, 3), (5, 1), (13, 1), (17, 1), (29, 1), (97, 1)]
CAND 34220745 5102190 [(3, 3), (5, 1), (13, 1), (17, 1), (31, 1), (37, 1)]
CAND 37920285 5444550 [(3, 3), (5, 1), (13, 1), (17, 1), (31, 1), (41, 1)]
CAND 39770055 5615730 [(3, 3), (5, 1), (13, 1), (17, 1), (31, 1), (43, 1)]
CAND 43469595 5958090 [(3, 3), (5, 1), (13, 1), (17, 1), (31, 1), (47, 1)]
CAND 49018905 6471630 [(3, 3), (5, 1), (13, 1), (17, 1), (31, 1), (53, 1)]
CAND 54568215 6985170 [(3, 3), (5, 1), (13, 1), (17, 1), (31, 1), (59, 1)]
CAND 56417985 7156350 [(3, 3), (5, 1), (13, 1), (17, 1), (31, 1), (61, 1)]
CAND 61967295 7669890 [(3, 3), (5, 1), (13, 1), (17, 1), (31, 1), (67, 1)]
CAND 65666835 8012250 [(3, 3), (5, 1), (13, 1), (17, 1), (31, 1), (71, 1)]
CAND 67516605 8183430 [(3, 3), (5, 1), (13, 1), (17, 1), (31, 1), (73, 1)]
CAND 73065915 8696970 [(3, 3), (5, 1), (13, 1), (17, 1), (31, 1), (79, 1)]
CAND 76765455 9039330 [(3, 3), (5, 1), (13, 1), (17, 1), (31, 1), (83, 1)]
CAND 82314765 9552870 [(3, 3), (5, 1), (13, 1), (17, 1), (31, 1), (89, 1)]
CAND 45259695 6006690 [(3, 3), (5, 1), (13, 1), (17, 1), (37, 1), (41, 1)]
CAND 47467485 6187590 [(3, 3), (5, 1), (13, 1), (17, 1), (37, 1), (43, 1)]
CAND 51883065 6549390 [(3, 3), (5, 1), (13, 1), (17, 1), (37, 1), (47, 1)]
CAND 58506435 7092090 [(3, 3), (5, 1), (13, 1), (17, 1), (37, 1), (53, 1)]
CAND 65129805 7634790 [(3, 3), (5, 1), (13, 1), (17, 1), (37, 1), (59, 1)]
CAND 67337595 7815690 [(3, 3), (5, 1), (13, 1), (17, 1), (37, 1), (61, 1)]
CAND 73960965 8358390 [(3, 3), (5, 1), (13, 1), (17, 1), (37, 1), (67, 1)]
CAND 78376545 8720190 [(3, 3), (5, 1), (13, 1), (17, 1), (37, 1), (71, 1)]
CAND 80584335 8901090 [(3, 3), (5, 1), (13, 1), (17, 1), (37, 1), (73, 1)]
CAND 87207705 9443790 [(3, 3), (5, 1), (13, 1), (17, 1), (37, 1), (79, 1)]
CAND 91623285 9805590 [(3, 3), (5, 1), (13, 1), (17, 1), (37, 1), (83, 1)]
CAND 52599105 6568830 [(3, 3), (5, 1), (13, 1), (17, 1), (41, 1), (43, 1)]
CAND 57492045 6943590 [(3, 3), (5, 1), (13, 1), (17, 1), (41, 1), (47, 1)]
CAND 64831455 7505730 [(3, 3), (5, 1), (13, 1), (17, 1), (41, 1), (53, 1)]
CAND 72170865 8067870 [(3, 3), (5, 1), (13, 1), (17, 1), (41, 1), (59, 1)]
CAND 74617335 8255250 [(3, 3), (5, 1), (13, 1), (17, 1), (41, 1), (61, 1)]
CAND 81956745 8817390 [(3, 3), (5, 1), (13, 1), (17, 1), (41, 1), (67, 1)]
CAND 86849685 9192150 [(3, 3), (5, 1), (13, 1), (17, 1), (41, 1), (71, 1)]
CAND 89296155 9379530 [(3, 3), (5, 1), (13, 1), (17, 1), (41, 1), (73, 1)]
CAND 96635565 9941670 [(3, 3), (5, 1), (13, 1), (17, 1), (41, 1), (79, 1)]
CAND 60296535 7140690 [(3, 3), (5, 1), (13, 1), (17, 1), (43, 1), (47, 1)]
CAND 67993965 7712550 [(3, 3), (5, 1), (13, 1), (17, 1), (43, 1), (53, 1)]
CAND 75691395 8284410 [(3, 3), (5, 1), (13, 1), (17, 1), (43, 1), (59, 1)]
CAND 78257205 8475030 [(3, 3), (5, 1), (13, 1), (17, 1), (43, 1), (61, 1)]
CAND 85954635 9046890 [(3, 3), (5, 1), (13, 1), (17, 1), (43, 1), (67, 1)]
CAND 91086255 9428130 [(3, 3), (5, 1), (13, 1), (17, 1), (43, 1), (71, 1)]
CAND 93652065 9618750 [(3, 3), (5, 1), (13, 1), (17, 1), (43, 1), (73, 1)]
CAND 74318985 8126190 [(3, 3), (5, 1), (13, 1), (17, 1), (47, 1), (53, 1)]
CAND 82732455 8717490 [(3, 3), (5, 1), (13, 1), (17, 1), (47, 1), (59, 1)]
CAND 85536945 8914590 [(3, 3), (5, 1), (13, 1), (17, 1), (47, 1), (61, 1)]
CAND 93950415 9505890 [(3, 3), (5, 1), (13, 1), (17, 1), (47, 1), (67, 1)]
CAND 99559395 9900090 [(3, 3), (5, 1), (13, 1), (17, 1), (47, 1), (71, 1)]
CAND 93294045 9367110 [(3, 3), (5, 1), (13, 1), (17, 1), (53, 1), (59, 1)]
CAND 96456555 9573930 [(3, 3), (5, 1), (13, 1), (17, 1), (53, 1), (61, 1)]
CAND 22241115 3901770 [(3, 3), (5, 1), (13, 1), (19, 1), (23, 1), (29, 1)]
CAND 23774985 4059630 [(3, 3), (5, 1), (13, 1), (19, 1), (23, 1), (31, 1)]
CAND 28376595 4533210 [(3, 3), (5, 1), (13, 1), (19, 1), (23, 1), (37, 1)]
CAND 31444335 4848930 [(3, 3), (5, 1), (13, 1), (19, 1), (23, 1), (41, 1)]
CAND 32978205 5006790 [(3, 3), (5, 1), (13, 1), (19, 1), (23, 1), (43, 1)]
CAND 36045945 5322510 [(3, 3), (5, 1), (13, 1), (19, 1), (23, 1), (47, 1)]
CAND 40647555 5796090 [(3, 3), (5, 1), (13, 1), (19, 1), (23, 1), (53, 1)]
CAND 45249165 6269670 [(3, 3), (5, 1), (13, 1), (19, 1), (23, 1), (59, 1)]
CAND 46783035 6427530 [(3, 3), (5, 1), (13, 1), (19, 1), (23, 1), (61, 1)]
CAND 51384645 6901110 [(3, 3), (5, 1), (13, 1), (19, 1), (23, 1), (67, 1)]
CAND 54452385 7216830 [(3, 3), (5, 1), (13, 1), (19, 1), (23, 1), (71, 1)]
CAND 55986255 7374690 [(3, 3), (5, 1), (13, 1), (19, 1), (23, 1), (73, 1)]
CAND 60587865 7848270 [(3, 3), (5, 1), (13, 1), (19, 1), (23, 1), (79, 1)]
CAND 63655605 8163990 [(3, 3), (5, 1), (13, 1), (19, 1), (23, 1), (83, 1)]
CAND 68257215 8637570 [(3, 3), (5, 1), (13, 1), (19, 1), (23, 1), (89, 1)]
CAND 74392695 9269010 [(3, 3), (5, 1), (13, 1), (19, 1), (23, 1), (97, 1)]
CAND 77460435 9584730 [(3, 3), (5, 1), (13, 1), (19, 1), (23, 1), (101, 1)]
CAND 78994305 9742590 [(3, 3), (5, 1), (13, 1), (19, 1), (23, 1), (103, 1)]
CAND 29977155 4557690 [(3, 3), (5, 1), (13, 1), (19, 1), (29, 1), (31, 1)]
CAND 35779185 5049630 [(3, 3), (5, 1), (13, 1), (19, 1), (29, 1), (37, 1)]
CAND 39647205 5377590 [(3, 3), (5, 1), (13, 1), (19, 1), (29, 1), (41, 1)]
CAND 41581215 5541570 [(3, 3), (5, 1), (13, 1), (19, 1), (29, 1), (43, 1)]
CAND 45449235 5869530 [(3, 3), (5, 1), (13, 1), (19, 1), (29, 1), (47, 1)]
CAND 51251265 6361470 [(3, 3), (5, 1), (13, 1), (19, 1), (29, 1), (53, 1)]
CAND 57053295 6853410 [(3, 3), (5, 1), (13, 1), (19, 1), (29, 1), (59, 1)]
CAND 58987305 7017390 [(3, 3), (5, 1), (13, 1), (19, 1), (29, 1), (61, 1)]
CAND 64789335 7509330 [(3, 3), (5, 1), (13, 1), (19, 1), (29, 1), (67, 1)]
CAND 68657355 7837290 [(3, 3), (5, 1), (13, 1), (19, 1), (29, 1), (71, 1)]
CAND 70591365 8001270 [(3, 3), (5, 1), (13, 1), (19, 1), (29, 1), (73, 1)]
CAND 76393395 8493210 [(3, 3), (5, 1), (13, 1), (19, 1), (29, 1), (79, 1)]
CAND 80261415 8821170 [(3, 3), (5, 1), (13, 1), (19, 1), (29, 1), (83, 1)]
CAND 86063445 9313110 [(3, 3), (5, 1), (13, 1), (19, 1), (29, 1), (89, 1)]
CAND 93799485 9969030 [(3, 3), (5, 1), (13, 1), (19, 1), (29, 1), (97, 1)]
CAND 38246715 5221770 [(3, 3), (5, 1), (13, 1), (19, 1), (31, 1), (37, 1)]
CAND 42381495 5553810 [(3, 3), (5, 1), (13, 1), (19, 1), (31, 1), (41, 1)]
CAND 44448885 5719830 [(3, 3), (5, 1), (13, 1), (19, 1), (31, 1), (43, 1)]
CAND 48583665 6051870 [(3, 3), (5, 1), (13, 1), (19, 1), (31, 1), (47, 1)]
CAND 54785835 6549930 [(3, 3), (5, 1), (13, 1), (19, 1), (31, 1), (53, 1)]
CAND 60988005 7047990 [(3, 3), (5, 1), (13, 1), (19, 1), (31, 1), (59, 1)]
CAND 63055395 7214010 [(3, 3), (5, 1), (13, 1), (19, 1), (31, 1), (61, 1)]
CAND 69257565 7712070 [(3, 3), (5, 1), (13, 1), (19, 1), (31, 1), (67, 1)]
CAND 73392345 8044110 [(3, 3), (5, 1), (13, 1), (19, 1), (31, 1), (71, 1)]
CAND 75459735 8210130 [(3, 3), (5, 1), (13, 1), (19, 1), (31, 1), (73, 1)]
CAND 81661905 8708190 [(3, 3), (5, 1), (13, 1), (19, 1), (31, 1), (79, 1)]
CAND 85796685 9040230 [(3, 3), (5, 1), (13, 1), (19, 1), (31, 1), (83, 1)]
CAND 91998855 9538290 [(3, 3), (5, 1), (13, 1), (19, 1), (31, 1), (89, 1)]
CAND 50584365 6082470 [(3, 3), (5, 1), (13, 1), (19, 1), (37, 1), (41, 1)]
CAND 53051895 6254610 [(3, 3), (5, 1), (13, 1), (19, 1), (37, 1), (43, 1)]
CAND 57986955 6598890 [(3, 3), (5, 1), (13, 1), (19, 1), (37, 1), (47, 1)]
CAND 65389545 7115310 [(3, 3), (5, 1), (13, 1), (19, 1), (37, 1), (53, 1)]
CAND 72792135 7631730 [(3, 3), (5, 1), (13, 1), (19, 1), (37, 1), (59, 1)]
CAND 75259665 7803870 [(3, 3), (5, 1), (13, 1), (19, 1), (37, 1), (61, 1)]
CAND 82662255 8320290 [(3, 3), (5, 1), (13, 1), (19, 1), (37, 1), (67, 1)]
CAND 87597315 8664570 [(3, 3), (5, 1), (13, 1), (19, 1), (37, 1), (71, 1)]
CAND 90064845 8836710 [(3, 3), (5, 1), (13, 1), (19, 1), (37, 1), (73, 1)]
CAND 97467435 9353130 [(3, 3), (5, 1), (13, 1), (19, 1), (37, 1), (79, 1)]
CAND 102402495 9697410 [(3, 3), (5, 1), (13, 1), (19, 1), (37, 1), (83, 1)]
CAND 58787235 6611130 [(3, 3), (5, 1), (13, 1), (19, 1), (41, 1), (43, 1)]
CAND 64255815 6963570 [(3, 3), (5, 1), (13, 1), (19, 1), (41, 1), (47, 1)]
CAND 72458685 7492230 [(3, 3), (5, 1), (13, 1), (19, 1), (41, 1), (53, 1)]
CAND 80661555 8020890 [(3, 3), (5, 1), (13, 1), (19, 1), (41, 1), (59, 1)]
CAND 83395845 8197110 [(3, 3), (5, 1), (13, 1), (19, 1), (41, 1), (61, 1)]
CAND 91598715 8725770 [(3, 3), (5, 1), (13, 1), (19, 1), (41, 1), (67, 1)]
CAND 97067295 9078210 [(3, 3), (5, 1), (13, 1), (19, 1), (41, 1), (71, 1)]
CAND 99801585 9254430 [(3, 3), (5, 1), (13, 1), (19, 1), (41, 1), (73, 1)]
CAND 108004455 9783090 [(3, 3), (5, 1), (13, 1), (19, 1), (41, 1), (79, 1)]
CAND 67390245 7145910 [(3, 3), (5, 1), (13, 1), (19, 1), (43, 1), (47, 1)]
CAND 75993255 7680690 [(3, 3), (5, 1), (13, 1), (19, 1), (43, 1), (53, 1)]
CAND 84596265 8215470 [(3, 3), (5, 1), (13, 1), (19, 1), (43, 1), (59, 1)]
CAND 87463935 8393730 [(3, 3), (5, 1), (13, 1), (19, 1), (43, 1), (61, 1)]
CAND 96066945 8928510 [(3, 3), (5, 1), (13, 1), (19, 1), (43, 1), (67, 1)]
CAND 101802285 9285030 [(3, 3), (5, 1), (13, 1), (19, 1), (43, 1), (71, 1)]
CAND 104669955 9463290 [(3, 3), (5, 1), (13, 1), (19, 1), (43, 1), (73, 1)]
CAND 113272965 9998070 [(3, 3), (5, 1), (13, 1), (19, 1), (43, 1), (79, 1)]
CAND 83062395 8057610 [(3, 3), (5, 1), (13, 1), (19, 1), (47, 1), (53, 1)]
CAND 92465685 8604630 [(3, 3), (5, 1), (13, 1), (19, 1), (47, 1), (59, 1)]
CAND 95600115 8786970 [(3, 3), (5, 1), (13, 1), (19, 1), (47, 1), (61, 1)]
CAND 105003405 9333990 [(3, 3), (5, 1), (13, 1), (19, 1), (47, 1), (67, 1)]
CAND 111272265 9698670 [(3, 3), (5, 1), (13, 1), (19, 1), (47, 1), (71, 1)]
CAND 114406695 9881010 [(3, 3), (5, 1), (13, 1), (19, 1), (47, 1), (73, 1)]
CAND 104269815 9188370 [(3, 3), (5, 1), (13, 1), (19, 1), (53, 1), (59, 1)]
CAND 107804385 9376830 [(3, 3), (5, 1), (13, 1), (19, 1), (53, 1), (61, 1)]
CAND 118408095 9942210 [(3, 3), (5, 1), (13, 1), (19, 1), (53, 1), (67, 1)]
CAND 120008655 9966690 [(3, 3), (5, 1), (13, 1), (19, 1), (59, 1), (61, 1)]
CAND 36288135 4838130 [(3, 3), (5, 1), (13, 1), (23, 1), (29, 1), (31, 1)]
CAND 43311645 5306310 [(3, 3), (5, 1), (13, 1), (23, 1), (29, 1), (37, 1)]
CAND 47993985 5618430 [(3, 3), (5, 1), (13, 1), (23, 1), (29, 1), (41, 1)]
CAND 50335155 5774490 [(3, 3), (5, 1), (13, 1), (23, 1), (29, 1), (43, 1)]
CAND 55017495 6086610 [(3, 3), (5, 1), (13, 1), (23, 1), (29, 1), (47, 1)]
CAND 62041005 6554790 [(3, 3), (5, 1), (13, 1), (23, 1), (29, 1), (53, 1)]
CAND 69064515 7022970 [(3, 3), (5, 1), (13, 1), (23, 1), (29, 1), (59, 1)]
CAND 71405685 7179030 [(3, 3), (5, 1), (13, 1), (23, 1), (29, 1), (61, 1)]
CAND 78429195 7647210 [(3, 3), (5, 1), (13, 1), (23, 1), (29, 1), (67, 1)]
CAND 83111535 7959330 [(3, 3), (5, 1), (13, 1), (23, 1), (29, 1), (71, 1)]
CAND 85452705 8115390 [(3, 3), (5, 1), (13, 1), (23, 1), (29, 1), (73, 1)]
CAND 92476215 8583570 [(3, 3), (5, 1), (13, 1), (23, 1), (29, 1), (79, 1)]
CAND 97158555 8895690 [(3, 3), (5, 1), (13, 1), (23, 1), (29, 1), (83, 1)]
CAND 104182065 9363870 [(3, 3), (5, 1), (13, 1), (23, 1), (29, 1), (89, 1)]
CAND 113546745 9988110 [(3, 3), (5, 1), (13, 1), (23, 1), (29, 1), (97, 1)]
CAND 46298655 5460930 [(3, 3), (5, 1), (13, 1), (23, 1), (31, 1), (37, 1)]
CAND 51303915 5772330 [(3, 3), (5, 1), (13, 1), (23, 1), (31, 1), (41, 1)]
CAND 53806545 5928030 [(3, 3), (5, 1), (13, 1), (23, 1), (31, 1), (43, 1)]
CAND 58811805 6239430 [(3, 3), (5, 1), (13, 1), (23, 1), (31, 1), (47, 1)]
CAND 66319695 6706530 [(3, 3), (5, 1), (13, 1), (23, 1), (31, 1), (53, 1)]
CAND 73827585 7173630 [(3, 3), (5, 1), (13, 1), (23, 1), (31, 1), (59, 1)]
CAND 76330215 7329330 [(3, 3), (5, 1), (13, 1), (23, 1), (31, 1), (61, 1)]
CAND 83838105 7796430 [(3, 3), (5, 1), (13, 1), (23, 1), (31, 1), (67, 1)]
CAND 88843365 8107830 [(3, 3), (5, 1), (13, 1), (23, 1), (31, 1), (71, 1)]
CAND 91345995 8263530 [(3, 3), (5, 1), (13, 1), (23, 1), (31, 1), (73, 1)]
CAND 98853885 8730630 [(3, 3), (5, 1), (13, 1), (23, 1), (31, 1), (79, 1)]
CAND 103859145 9042030 [(3, 3), (5, 1), (13, 1), (23, 1), (31, 1), (83, 1)]
CAND 111367035 9509130 [(3, 3), (5, 1), (13, 1), (23, 1), (31, 1), (89, 1)]
CAND 61233705 6234030 [(3, 3), (5, 1), (13, 1), (23, 1), (37, 1), (41, 1)]
CAND 64220715 6388650 [(3, 3), (5, 1), (13, 1), (23, 1), (37, 1), (43, 1)]
CAND 70194735 6697890 [(3, 3), (5, 1), (13, 1), (23, 1), (37, 1), (47, 1)]
CAND 79155765 7161750 [(3, 3), (5, 1), (13, 1), (23, 1), (37, 1), (53, 1)]
CAND 88116795 7625610 [(3, 3), (5, 1), (13, 1), (23, 1), (37, 1), (59, 1)]
CAND 91103805 7780230 [(3, 3), (5, 1), (13, 1), (23, 1), (37, 1), (61, 1)]
CAND 100064835 8244090 [(3, 3), (5, 1), (13, 1), (23, 1), (37, 1), (67, 1)]
CAND 106038855 8553330 [(3, 3), (5, 1), (13, 1), (23, 1), (37, 1), (71, 1)]
CAND 109025865 8707950 [(3, 3), (5, 1), (13, 1), (23, 1), (37, 1), (73, 1)]
CAND 117986895 9171810 [(3, 3), (5, 1), (13, 1), (23, 1), (37, 1), (79, 1)]
CAND 123960915 9481050 [(3, 3), (5, 1), (13, 1), (23, 1), (37, 1), (83, 1)]
CAND 132921945 9944910 [(3, 3), (5, 1), (13, 1), (23, 1), (37, 1), (89, 1)]
CAND 71163495 6695730 [(3, 3), (5, 1), (13, 1), (23, 1), (41, 1), (43, 1)]
CAND 77783355 7003530 [(3, 3), (5, 1), (13, 1), (23, 1), (41, 1), (47, 1)]
CAND 87713145 7465230 [(3, 3), (5, 1), (13, 1), (23, 1), (41, 1), (53, 1)]
CAND 97642935 7926930 [(3, 3), (5, 1), (13, 1), (23, 1), (41, 1), (59, 1)]
CAND 100952865 8080830 [(3, 3), (5, 1), (13, 1), (23, 1), (41, 1), (61, 1)]
CAND 110882655 8542530 [(3, 3), (5, 1), (13, 1), (23, 1), (41, 1), (67, 1)]
CAND 117502515 8850330 [(3, 3), (5, 1), (13, 1), (23, 1), (41, 1), (71, 1)]
CAND 120812445 9004230 [(3, 3), (5, 1), (13, 1), (23, 1), (41, 1), (73, 1)]
CAND 130742235 9465930 [(3, 3), (5, 1), (13, 1), (23, 1), (41, 1), (79, 1)]
CAND 137362095 9773730 [(3, 3), (5, 1), (13, 1), (23, 1), (41, 1), (83, 1)]
CAND 81577665 7156350 [(3, 3), (5, 1), (13, 1), (23, 1), (43, 1), (47, 1)]
CAND 91991835 7616970 [(3, 3), (5, 1), (13, 1), (23, 1), (43, 1), (53, 1)]
CAND 102406005 8077590 [(3, 3), (5, 1), (13, 1), (23, 1), (43, 1), (59, 1)]
CAND 105877395 8231130 [(3, 3), (5, 1), (13, 1), (23, 1), (43, 1), (61, 1)]
CAND 116291565 8691750 [(3, 3), (5, 1), (13, 1), (23, 1), (43, 1), (67, 1)]
CAND 123234345 8998830 [(3, 3), (5, 1), (13, 1), (23, 1), (43, 1), (71, 1)]
CAND 126705735 9152370 [(3, 3), (5, 1), (13, 1), (23, 1), (43, 1), (73, 1)]
CAND 137119905 9612990 [(3, 3), (5, 1), (13, 1), (23, 1), (43, 1), (79, 1)]
CAND 144062685 9920070 [(3, 3), (5, 1), (13, 1), (23, 1), (43, 1), (83, 1)]
CAND 100549215 7920450 [(3, 3), (5, 1), (13, 1), (23, 1), (47, 1), (53, 1)]
CAND 111932145 8378910 [(3, 3), (5, 1), (13, 1), (23, 1), (47, 1), (59, 1)]
CAND 115726455 8531730 [(3, 3), (5, 1), (13, 1), (23, 1), (47, 1), (61, 1)]
CAND 127109385 8990190 [(3, 3), (5, 1), (13, 1), (23, 1), (47, 1), (67, 1)]
CAND 134698005 9295830 [(3, 3), (5, 1), (13, 1), (23, 1), (47, 1), (71, 1)]
CAND 138492315 9448650 [(3, 3), (5, 1), (13, 1), (23, 1), (47, 1), (73, 1)]
CAND 149875245 9907110 [(3, 3), (5, 1), (13, 1), (23, 1), (47, 1), (79, 1)]
CAND 126221355 8830890 [(3, 3), (5, 1), (13, 1), (23, 1), (53, 1), (59, 1)]
CAND 130500045 8982630 [(3, 3), (5, 1), (13, 1), (23, 1), (53, 1), (61, 1)]
CAND 143336115 9437850 [(3, 3), (5, 1), (13, 1), (23, 1), (53, 1), (67, 1)]
CAND 151893495 9741330 [(3, 3), (5, 1), (13, 1), (23, 1), (53, 1), (71, 1)]
CAND 156172185 9893070 [(3, 3), (5, 1), (13, 1), (23, 1), (53, 1), (73, 1)]
CAND 145273635 9433530 [(3, 3), (5, 1), (13, 1), (23, 1), (59, 1), (61, 1)]
CAND 159562845 9885510 [(3, 3), (5, 1), (13, 1), (23, 1), (59, 1), (67, 1)]
CAND 2338091805465 9996750 [(3, 3), (5, 1), (13, 1), (23, 1), (907, 1), (63863, 1)]
CAND 2339483025555 9959130 [(3, 3), (5, 1), (13, 1), (23, 1), (907, 1), (63901, 1)]
CAND 2339702691885 9953190 [(3, 3), (5, 1), (13, 1), (23, 1), (907, 1), (63907, 1)]
CAND 2339922358215 9947250 [(3, 3), (5, 1), (13, 1), (23, 1), (907, 1), (63913, 1)]
CAND 2340508135095 9931410 [(3, 3), (5, 1), (13, 1), (23, 1), (907, 1), (63929, 1)]
CAND 2341240356195 9911610 [(3, 3), (5, 1), (13, 1), (23, 1), (907, 1), (63949, 1)]
CAND 2342265465735 9883890 [(3, 3), (5, 1), (13, 1), (23, 1), (907, 1), (63977, 1)]
CAND 2342997686835 9864090 [(3, 3), (5, 1), (13, 1), (23, 1), (907, 1), (63997, 1)]
CAND 2343363797385 9854190 [(3, 3), (5, 1), (13, 1), (23, 1), (907, 1), (64007, 1)]
CAND 2343583463715 9848250 [(3, 3), (5, 1), (13, 1), (23, 1), (907, 1), (64013, 1)]
CAND 2343803130045 9842310 [(3, 3), (5, 1), (13, 1), (23, 1), (907, 1), (64019, 1)]
CAND 2344315684815 9828450 [(3, 3), (5, 1), (13, 1), (23, 1), (907, 1), (64033, 1)]
CAND 2344462129035 9824490 [(3, 3), (5, 1), (13, 1), (23, 1), (907, 1), (64037, 1)]
CAND 2345414016465 9798750 [(3, 3), (5, 1), (13, 1), (23, 1), (907, 1), (64063, 1)]
CAND 2345560460685 9794790 [(3, 3), (5, 1), (13, 1), (23, 1), (907, 1), (64067, 1)]
CAND 2346073015455 9780930 [(3, 3), (5, 1), (13, 1), (23, 1), (907, 1), (64081, 1)]
CAND 2346439126005 9771030 [(3, 3), (5, 1), (13, 1), (23, 1), (907, 1), (64091, 1)]
CAND 2347098124995 9753210 [(3, 3), (5, 1), (13, 1), (23, 1), (907, 1), (64109, 1)]
CAND 2347610679765 9739350 [(3, 3), (5, 1), (13, 1), (23, 1), (907, 1), (64123, 1)]
CAND 2348635789305 9711630 [(3, 3), (5, 1), (13, 1), (23, 1), (907, 1), (64151, 1)]
CAND 2348709011415 9709650 [(3, 3), (5, 1), (13, 1), (23, 1), (907, 1), (64153, 1)]
CAND 2348855455635 9705690 [(3, 3), (5, 1), (13, 1), (23, 1), (907, 1), (64157, 1)]
CAND 2349368010405 9691830 [(3, 3), (5, 1), (13, 1), (23, 1), (907, 1), (64171, 1)]
CAND 2349953787285 9675990 [(3, 3), (5, 1), (13, 1), (23, 1), (907, 1), (64187, 1)]
CAND 2350027009395 9674010 [(3, 3), (5, 1), (13, 1), (23, 1), (907, 1), (64189, 1)]
CAND 2351052118935 9646290 [(3, 3), (5, 1), (13, 1), (23, 1), (907, 1), (64217, 1)]
CAND 2351271785265 9640350 [(3, 3), (5, 1), (13, 1), (23, 1), (907, 1), (64223, 1)]
CAND 2351564673705 9632430 [(3, 3), (5, 1), (13, 1), (23, 1), (907, 1), (64231, 1)]
CAND 2351784340035 9626490 [(3, 3), (5, 1), (13, 1), (23, 1), (907, 1), (64237, 1)]
CAND 2353029115905 9592830 [(3, 3), (5, 1), (13, 1), (23, 1), (907, 1), (64271, 1)]
CAND 2353322004345 9584910 [(3, 3), (5, 1), (13, 1), (23, 1), (907, 1), (64279, 1)]
CAND 2353468448565 9580950 [(3, 3), (5, 1), (13, 1), (23, 1), (907, 1), (64283, 1)]
CAND 2354127447555 9563130 [(3, 3), (5, 1), (13, 1), (23, 1), (907, 1), (64301, 1)]
CAND 2354200669665 9561150 [(3, 3), (5, 1), (13, 1), (23, 1), (907, 1), (64303, 1)]
CAND 2354786446545 9545310 [(3, 3), (5, 1), (13, 1), (23, 1), (907, 1), (64319, 1)]
CAND 2355079334985 9537390 [(3, 3), (5, 1), (13, 1), (23, 1), (907, 1), (64327, 1)]
CAND 2355299001315 9531450 [(3, 3), (5, 1), (13, 1), (23, 1), (907, 1), (64333, 1)]
CAND 2356763443515 9491850 [(3, 3), (5, 1), (13, 1), (23, 1), (907, 1), (64373, 1)]
CAND 2357056331955 9483930 [(3, 3), (5, 1), (13, 1), (23, 1), (907, 1), (64381, 1)]
CAND 2357715330945 9466110 [(3, 3), (5, 1), (13, 1), (23, 1), (907, 1), (64399, 1)]
CAND 2357861775165 9462150 [(3, 3), (5, 1), (13, 1), (23, 1), (907, 1), (64403, 1)]
CAND 2358960106815 9432450 [(3, 3), (5, 1), (13, 1), (23, 1), (907, 1), (64433, 1)]
CAND 2359179773145 9426510 [(3, 3), (5, 1), (13, 1), (23, 1), (907, 1), (64439, 1)]
CAND 2359619105805 9414630 [(3, 3), (5, 1), (13, 1), (23, 1), (907, 1), (64451, 1)]
CAND 2359692327915 9412650 [(3, 3), (5, 1), (13, 1), (23, 1), (907, 1), (64453, 1)]
CAND 2360790659565 9382950 [(3, 3), (5, 1), (13, 1), (23, 1), (907, 1), (64483, 1)]
CAND 2361010325895 9377010 [(3, 3), (5, 1), (13, 1), (23, 1), (907, 1), (64489, 1)]
CAND 2361376436445 9367110 [(3, 3), (5, 1), (13, 1), (23, 1), (907, 1), (64499, 1)]
CAND 2361888991215 9353250 [(3, 3), (5, 1), (13, 1), (23, 1), (907, 1), (64513, 1)]
CAND 2363353433415 9313650 [(3, 3), (5, 1), (13, 1), (23, 1), (907, 1), (64553, 1)]
CAND 2363865988185 9299790 [(3, 3), (5, 1), (13, 1), (23, 1), (907, 1), (64567, 1)]
CAND 2364232098735 9289890 [(3, 3), (5, 1), (13, 1), (23, 1), (907, 1), (64577, 1)]
CAND 2364305320845 9287910 [(3, 3), (5, 1), (13, 1), (23, 1), (907, 1), (64579, 1)]
CAND 2364744653505 9276030 [(3, 3), (5, 1), (13, 1), (23, 1), (907, 1), (64591, 1)]
CAND 2365110764055 9266130 [(3, 3), (5, 1), (13, 1), (23, 1), (907, 1), (64601, 1)]
CAND 2365403652495 9258210 [(3, 3), (5, 1), (13, 1), (23, 1), (907, 1), (64609, 1)]
CAND 2365550096715 9254250 [(3, 3), (5, 1), (13, 1), (23, 1), (907, 1), (64613, 1)]
CAND 2365842985155 9246330 [(3, 3), (5, 1), (13, 1), (23, 1), (907, 1), (64621, 1)]
CAND 2366062651485 9240390 [(3, 3), (5, 1), (13, 1), (23, 1), (907, 1), (64627, 1)]
CAND 2366282317815 9234450 [(3, 3), (5, 1), (13, 1), (23, 1), (907, 1), (64633, 1)]
CAND 2367307427355 9206730 [(3, 3), (5, 1), (13, 1), (23, 1), (907, 1), (64661, 1)]
CAND 2367380649465 9204750 [(3, 3), (5, 1), (13, 1), (23, 1), (907, 1), (64663, 1)]
CAND 2367527093685 9200790 [(3, 3), (5, 1), (13, 1), (23, 1), (907, 1), (64667, 1)]
CAND 2367966426345 9188910 [(3, 3), (5, 1), (13, 1), (23, 1), (907, 1), (64679, 1)]
CAND 2368478981115 9175050 [(3, 3), (5, 1), (13, 1), (23, 1), (907, 1), (64693, 1)]
CAND 2369064757995 9159210 [(3, 3), (5, 1), (13, 1), (23, 1), (907, 1), (64709, 1)]
CAND 2369357646435 9151290 [(3, 3), (5, 1), (13, 1), (23, 1), (907, 1), (64717, 1)]
CAND 2370455978085 9121590 [(3, 3), (5, 1), (13, 1), (23, 1), (907, 1), (64747, 1)]
CAND 2371041754965 9105750 [(3, 3), (5, 1), (13, 1), (23, 1), (907, 1), (64763, 1)]
CAND 2371700753955 9087930 [(3, 3), (5, 1), (13, 1), (23, 1), (907, 1), (64781, 1)]
CAND 2371773976065 9085950 [(3, 3), (5, 1), (13, 1), (23, 1), (907, 1), (64783, 1)]
CAND 2372140086615 9076050 [(3, 3), (5, 1), (13, 1), (23, 1), (907, 1), (64793, 1)]
CAND 2372799085605 9058230 [(3, 3), (5, 1), (13, 1), (23, 1), (907, 1), (64811, 1)]
CAND 2373018751935 9052290 [(3, 3), (5, 1), (13, 1), (23, 1), (907, 1), (64817, 1)]
CAND 2374190305695 9020610 [(3, 3), (5, 1), (13, 1), (23, 1), (907, 1), (64849, 1)]
CAND 2374336749915 9016650 [(3, 3), (5, 1), (13, 1), (23, 1), (907, 1), (64853, 1)]
CAND 2374995748905 8998830 [(3, 3), (5, 1), (13, 1), (23, 1), (907, 1), (64871, 1)]
CAND 2375215415235 8992890 [(3, 3), (5, 1), (13, 1), (23, 1), (907, 1), (64877, 1)]
CAND 2375288637345 8990910 [(3, 3), (5, 1), (13, 1), (23, 1), (907, 1), (64879, 1)]
CAND 2375727970005 8979030 [(3, 3), (5, 1), (13, 1), (23, 1), (907, 1), (64891, 1)]
CAND 2376094080555 8969130 [(3, 3), (5, 1), (13, 1), (23, 1), (907, 1), (64901, 1)]
CAND 2376753079545 8951310 [(3, 3), (5, 1), (13, 1), (23, 1), (907, 1), (64919, 1)]
CAND 2376826301655 8949330 [(3, 3), (5, 1), (13, 1), (23, 1), (907, 1), (64921, 1)]
CAND 2377045967985 8943390 [(3, 3), (5, 1), (13, 1), (23, 1), (907, 1), (64927, 1)]
CAND 2377412078535 8933490 [(3, 3), (5, 1), (13, 1), (23, 1), (907, 1), (64937, 1)]
CAND 2377924633305 8919630 [(3, 3), (5, 1), (13, 1), (23, 1), (907, 1), (64951, 1)]
CAND 2378583632295 8901810 [(3, 3), (5, 1), (13, 1), (23, 1), (907, 1), (64969, 1)]
CAND 2379608741835 8874090 [(3, 3), (5, 1), (13, 1), (23, 1), (907, 1), (64997, 1)]
CAND 2379828408165 8868150 [(3, 3), (5, 1), (13, 1), (23, 1), (907, 1), (65003, 1)]
CAND 2380121296605 8860230 [(3, 3), (5, 1), (13, 1), (23, 1), (907, 1), (65011, 1)]
CAND 2380707073485 8844390 [(3, 3), (5, 1), (13, 1), (23, 1), (907, 1), (65027, 1)]
CAND 2380780295595 8842410 [(3, 3), (5, 1), (13, 1), (23, 1), (907, 1), (65029, 1)]
CAND 2380926739815 8838450 [(3, 3), (5, 1), (13, 1), (23, 1), (907, 1), (65033, 1)]
CAND 2381658960915 8818650 [(3, 3), (5, 1), (13, 1), (23, 1), (907, 1), (65053, 1)]
CAND 2382025071465 8808750 [(3, 3), (5, 1), (13, 1), (23, 1), (907, 1), (65063, 1)]
CAND 2382317959905 8800830 [(3, 3), (5, 1), (13, 1), (23, 1), (907, 1), (65071, 1)]
CAND 2382976958895 8783010 [(3, 3), (5, 1), (13, 1), (23, 1), (907, 1), (65089, 1)]
CAND 2383343069445 8773110 [(3, 3), (5, 1), (13, 1), (23, 1), (907, 1), (65099, 1)]
CAND 2383416291555 8771130 [(3, 3), (5, 1), (13, 1), (23, 1), (907, 1), (65101, 1)]
CAND 2383782402105 8761230 [(3, 3), (5, 1), (13, 1), (23, 1), (907, 1), (65111, 1)]
CAND 2384075290545 8753310 [(3, 3), (5, 1), (13, 1), (23, 1), (907, 1), (65119, 1)]
CAND 2384221734765 8749350 [(3, 3), (5, 1), (13, 1), (23, 1), (907, 1), (65123, 1)]
CAND 2384441401095 8743410 [(3, 3), (5, 1), (13, 1), (23, 1), (907, 1), (65129, 1)]
CAND 2384880733755 8731530 [(3, 3), (5, 1), (13, 1), (23, 1), (907, 1), (65141, 1)]
CAND 2385100400085 8725590 [(3, 3), (5, 1), (13, 1), (23, 1), (907, 1), (65147, 1)]
CAND 2385832621185 8705790 [(3, 3), (5, 1), (13, 1), (23, 1), (907, 1), (65167, 1)]
CAND 2385979065405 8701830 [(3, 3), (5, 1), (13, 1), (23, 1), (907, 1), (65171, 1)]
CAND 2386052287515 8699850 [(3, 3), (5, 1), (13, 1), (23, 1), (907, 1), (65173, 1)]
CAND 2386271953845 8693910 [(3, 3), (5, 1), (13, 1), (23, 1), (907, 1), (65179, 1)]
CAND 2386418398065 8689950 [(3, 3), (5, 1), (13, 1), (23, 1), (907, 1), (65183, 1)]
CAND 2387150619165 8670150 [(3, 3), (5, 1), (13, 1), (23, 1), (907, 1), (65203, 1)]
CAND 2387516729715 8660250 [(3, 3), (5, 1), (13, 1), (23, 1), (907, 1), (65213, 1)]
CAND 2388468617145 8634510 [(3, 3), (5, 1), (13, 1), (23, 1), (907, 1), (65239, 1)]
CAND 2389127616135 8616690 [(3, 3), (5, 1), (13, 1), (23, 1), (907, 1), (65257, 1)]
CAND 2389493726685 8606790 [(3, 3), (5, 1), (13, 1), (23, 1), (907, 1), (65267, 1)]
CAND 2389566948795 8604810 [(3, 3), (5, 1), (13, 1), (23, 1), (907, 1), (65269, 1)]
CAND 2390225947785 8586990 [(3, 3), (5, 1), (13, 1), (23, 1), (907, 1), (65287, 1)]
CAND 2390445614115 8581050 [(3, 3), (5, 1), (13, 1), (23, 1), (907, 1), (65293, 1)]
CAND 2391031390995 8565210 [(3, 3), (5, 1), (13, 1), (23, 1), (907, 1), (65309, 1)]
CAND 2391543945765 8551350 [(3, 3), (5, 1), (13, 1), (23, 1), (907, 1), (65323, 1)]
CAND 2391690389985 8547390 [(3, 3), (5, 1), (13, 1), (23, 1), (907, 1), (65327, 1)]
CAND 2392642277415 8521650 [(3, 3), (5, 1), (13, 1), (23, 1), (907, 1), (65353, 1)]
CAND 2392788721635 8517690 [(3, 3), (5, 1), (13, 1), (23, 1), (907, 1), (65357, 1)]
CAND 2393301276405 8503830 [(3, 3), (5, 1), (13, 1), (23, 1), (907, 1), (65371, 1)]
CAND 2393667386955 8493930 [(3, 3), (5, 1), (13, 1), (23, 1), (907, 1), (65381, 1)]
CAND 2394106719615 8482050 [(3, 3), (5, 1), (13, 1), (23, 1), (907, 1), (65393, 1)]
CAND 2394619274385 8468190 [(3, 3), (5, 1), (13, 1), (23, 1), (907, 1), (65407, 1)]
CAND 2394838940715 8462250 [(3, 3), (5, 1), (13, 1), (23, 1), (907, 1), (65413, 1)]
CAND 2395058607045 8456310 [(3, 3), (5, 1), (13, 1), (23, 1), (907, 1), (65419, 1)]
CAND 2395205051265 8452350 [(3, 3), (5, 1), (13, 1), (23, 1), (907, 1), (65423, 1)]
CAND 2395717606035 8438490 [(3, 3), (5, 1), (13, 1), (23, 1), (907, 1), (65437, 1)]
CAND 2396083716585 8428590 [(3, 3), (5, 1), (13, 1), (23, 1), (907, 1), (65447, 1)]
CAND 2396156938695 8426610 [(3, 3), (5, 1), (13, 1), (23, 1), (907, 1), (65449, 1)]
CAND 2397255270345 8396910 [(3, 3), (5, 1), (13, 1), (23, 1), (907, 1), (65479, 1)]
CAND 2397914269335 8379090 [(3, 3), (5, 1), (13, 1), (23, 1), (907, 1), (65497, 1)]
CAND 2398719712545 8357310 [(3, 3), (5, 1), (13, 1), (23, 1), (907, 1), (65519, 1)]
CAND 2398792934655 8355330 [(3, 3), (5, 1), (13, 1), (23, 1), (907, 1), (65521, 1)]
CAND 2399378711535 8339490 [(3, 3), (5, 1), (13, 1), (23, 1), (907, 1), (65537, 1)]
CAND 2399451933645 8337510 [(3, 3), (5, 1), (13, 1), (23, 1), (907, 1), (65539, 1)]
CAND 2399598377865 8333550 [(3, 3), (5, 1), (13, 1), (23, 1), (907, 1), (65543, 1)]
CAND 2399891266305 8325630 [(3, 3), (5, 1), (13, 1), (23, 1), (907, 1), (65551, 1)]
CAND 2400110932635 8319690 [(3, 3), (5, 1), (13, 1), (23, 1), (907, 1), (65557, 1)]
CAND 2400330598965 8313750 [(3, 3), (5, 1), (13, 1), (23, 1), (907, 1), (65563, 1)]
CAND 2400916375845 8297910 [(3, 3), (5, 1), (13, 1), (23, 1), (907, 1), (65579, 1)]
CAND 2400989597955 8295930 [(3, 3), (5, 1), (13, 1), (23, 1), (907, 1), (65581, 1)]
CAND 2401209264285 8289990 [(3, 3), (5, 1), (13, 1), (23, 1), (907, 1), (65587, 1)]
CAND 2401648596945 8278110 [(3, 3), (5, 1), (13, 1), (23, 1), (907, 1), (65599, 1)]
CAND 2402014707495 8268210 [(3, 3), (5, 1), (13, 1), (23, 1), (907, 1), (65609, 1)]
CAND 2402307595935 8260290 [(3, 3), (5, 1), (13, 1), (23, 1), (907, 1), (65617, 1)]
CAND 2402746928595 8248410 [(3, 3), (5, 1), (13, 1), (23, 1), (907, 1), (65629, 1)]
CAND 2402893372815 8244450 [(3, 3), (5, 1), (13, 1), (23, 1), (907, 1), (65633, 1)]
CAND 2403405927585 8230590 [(3, 3), (5, 1), (13, 1), (23, 1), (907, 1), (65647, 1)]
CAND 2403552371805 8226630 [(3, 3), (5, 1), (13, 1), (23, 1), (907, 1), (65651, 1)]
CAND 2403772038135 8220690 [(3, 3), (5, 1), (13, 1), (23, 1), (907, 1), (65657, 1)]
CAND 2404504259235 8200890 [(3, 3), (5, 1), (13, 1), (23, 1), (907, 1), (65677, 1)]
CAND 2404870369785 8190990 [(3, 3), (5, 1), (13, 1), (23, 1), (907, 1), (65687, 1)]
CAND 2405309702445 8179110 [(3, 3), (5, 1), (13, 1), (23, 1), (907, 1), (65699, 1)]
CAND 2405382924555 8177130 [(3, 3), (5, 1), (13, 1), (23, 1), (907, 1), (65701, 1)]
CAND 2405602590885 8171190 [(3, 3), (5, 1), (13, 1), (23, 1), (907, 1), (65707, 1)]
CAND 2405822257215 8165250 [(3, 3), (5, 1), (13, 1), (23, 1), (907, 1), (65713, 1)]
CAND 2405968701435 8161290 [(3, 3), (5, 1), (13, 1), (23, 1), (907, 1), (65717, 1)]
CAND 2406041923545 8159310 [(3, 3), (5, 1), (13, 1), (23, 1), (907, 1), (65719, 1)]
CAND 2406408034095 8149410 [(3, 3), (5, 1), (13, 1), (23, 1), (907, 1), (65729, 1)]
CAND 2406481256205 8147430 [(3, 3), (5, 1), (13, 1), (23, 1), (907, 1), (65731, 1)]
CAND 2407579587855 8117730 [(3, 3), (5, 1), (13, 1), (23, 1), (907, 1), (65761, 1)]
CAND 2408165364735 8101890 [(3, 3), (5, 1), (13, 1), (23, 1), (907, 1), (65777, 1)]
CAND 2408604697395 8090010 [(3, 3), (5, 1), (13, 1), (23, 1), (907, 1), (65789, 1)]
CAND 2409336918495 8070210 [(3, 3), (5, 1), (13, 1), (23, 1), (907, 1), (65809, 1)]
CAND 2409995917485 8052390 [(3, 3), (5, 1), (13, 1), (23, 1), (907, 1), (65827, 1)]
CAND 2410142361705 8048430 [(3, 3), (5, 1), (13, 1), (23, 1), (907, 1), (65831, 1)]
CAND 2410362028035 8042490 [(3, 3), (5, 1), (13, 1), (23, 1), (907, 1), (65837, 1)]
CAND 2410435250145 8040510 [(3, 3), (5, 1), (13, 1), (23, 1), (907, 1), (65839, 1)]
CAND 2410581694365 8036550 [(3, 3), (5, 1), (13, 1), (23, 1), (907, 1), (65843, 1)]
CAND 2410874582805 8028630 [(3, 3), (5, 1), (13, 1), (23, 1), (907, 1), (65851, 1)]
CAND 2411460359685 8012790 [(3, 3), (5, 1), (13, 1), (23, 1), (907, 1), (65867, 1)]
CAND 2411972914455 7998930 [(3, 3), (5, 1), (13, 1), (23, 1), (907, 1), (65881, 1)]
CAND 2412631913445 7981110 [(3, 3), (5, 1), (13, 1), (23, 1), (907, 1), (65899, 1)]
CAND 2413437356655 7959330 [(3, 3), (5, 1), (13, 1), (23, 1), (907, 1), (65921, 1)]
CAND 2413657022985 7953390 [(3, 3), (5, 1), (13, 1), (23, 1), (907, 1), (65927, 1)]
CAND 2413730245095 7951410 [(3, 3), (5, 1), (13, 1), (23, 1), (907, 1), (65929, 1)]
CAND 2414535688305 7929630 [(3, 3), (5, 1), (13, 1), (23, 1), (907, 1), (65951, 1)]
CAND 2414755354635 7923690 [(3, 3), (5, 1), (13, 1), (23, 1), (907, 1), (65957, 1)]
CAND 2414975020965 7917750 [(3, 3), (5, 1), (13, 1), (23, 1), (907, 1), (65963, 1)]
CAND 2415634019955 7899930 [(3, 3), (5, 1), (13, 1), (23, 1), (907, 1), (65981, 1)]
CAND 2415707242065 7897950 [(3, 3), (5, 1), (13, 1), (23, 1), (907, 1), (65983, 1)]
CAND 2416073352615 7888050 [(3, 3), (5, 1), (13, 1), (23, 1), (907, 1), (65993, 1)]
CAND 2417391350595 7852410 [(3, 3), (5, 1), (13, 1), (23, 1), (907, 1), (66029, 1)]
CAND 2417684239035 7844490 [(3, 3), (5, 1), (13, 1), (23, 1), (907, 1), (66037, 1)]
CAND 2417830683255 7840530 [(3, 3), (5, 1), (13, 1), (23, 1), (907, 1), (66041, 1)]
CAND 2418050349585 7834590 [(3, 3), (5, 1), (13, 1), (23, 1), (907, 1), (66047, 1)]
CAND 2418782570685 7814790 [(3, 3), (5, 1), (13, 1), (23, 1), (907, 1), (66067, 1)]
CAND 2418929014905 7810830 [(3, 3), (5, 1), (13, 1), (23, 1), (907, 1), (66071, 1)]
CAND 2419368347565 7798950 [(3, 3), (5, 1), (13, 1), (23, 1), (907, 1), (66083, 1)]
CAND 2419588013895 7793010 [(3, 3), (5, 1), (13, 1), (23, 1), (907, 1), (66089, 1)]
CAND 2420100568665 7779150 [(3, 3), (5, 1), (13, 1), (23, 1), (907, 1), (66103, 1)]
CAND 2420247012885 7775190 [(3, 3), (5, 1), (13, 1), (23, 1), (907, 1), (66107, 1)]
CAND 2420320234995 7773210 [(3, 3), (5, 1), (13, 1), (23, 1), (907, 1), (66109, 1)]
CAND 2421345344535 7745490 [(3, 3), (5, 1), (13, 1), (23, 1), (907, 1), (66137, 1)]
CAND 2422224009855 7721730 [(3, 3), (5, 1), (13, 1), (23, 1), (907, 1), (66161, 1)]
CAND 2422516898295 7713810 [(3, 3), (5, 1), (13, 1), (23, 1), (907, 1), (66169, 1)]
CAND 2422663342515 7709850 [(3, 3), (5, 1), (13, 1), (23, 1), (907, 1), (66173, 1)]
CAND 2422883008845 7703910 [(3, 3), (5, 1), (13, 1), (23, 1), (907, 1), (66179, 1)]
CAND 2423322341505 7692030 [(3, 3), (5, 1), (13, 1), (23, 1), (907, 1), (66191, 1)]
CAND 2424420673155 7662330 [(3, 3), (5, 1), (13, 1), (23, 1), (907, 1), (66221, 1)]
CAND 2425079672145 7644510 [(3, 3), (5, 1), (13, 1), (23, 1), (907, 1), (66239, 1)]
CAND 2426251225905 7612830 [(3, 3), (5, 1), (13, 1), (23, 1), (907, 1), (66271, 1)]
CAND 2427056669115 7591050 [(3, 3), (5, 1), (13, 1), (23, 1), (907, 1), (66293, 1)]
CAND 2427349557555 7583130 [(3, 3), (5, 1), (13, 1), (23, 1), (907, 1), (66301, 1)]
CAND 2428667555535 7547490 [(3, 3), (5, 1), (13, 1), (23, 1), (907, 1), (66337, 1)]
CAND 2428887221865 7541550 [(3, 3), (5, 1), (13, 1), (23, 1), (907, 1), (66343, 1)]
CAND 2429033666085 7537590 [(3, 3), (5, 1), (13, 1), (23, 1), (907, 1), (66347, 1)]
CAND 2429472998745 7525710 [(3, 3), (5, 1), (13, 1), (23, 1), (907, 1), (66359, 1)]
CAND 2429546220855 7523730 [(3, 3), (5, 1), (13, 1), (23, 1), (907, 1), (66361, 1)]
CAND 2429985553515 7511850 [(3, 3), (5, 1), (13, 1), (23, 1), (907, 1), (66373, 1)]
CAND 2430131997735 7507890 [(3, 3), (5, 1), (13, 1), (23, 1), (907, 1), (66377, 1)]
CAND 2430351664065 7501950 [(3, 3), (5, 1), (13, 1), (23, 1), (907, 1), (66383, 1)]
CAND 2431083885165 7482150 [(3, 3), (5, 1), (13, 1), (23, 1), (907, 1), (66403, 1)]
CAND 2431449995715 7472250 [(3, 3), (5, 1), (13, 1), (23, 1), (907, 1), (66413, 1)]
CAND 2432108994705 7454430 [(3, 3), (5, 1), (13, 1), (23, 1), (907, 1), (66431, 1)]
CAND 2432767993695 7436610 [(3, 3), (5, 1), (13, 1), (23, 1), (907, 1), (66449, 1)]
CAND 2433060882135 7428690 [(3, 3), (5, 1), (13, 1), (23, 1), (907, 1), (66457, 1)]
CAND 2433280548465 7422750 [(3, 3), (5, 1), (13, 1), (23, 1), (907, 1), (66463, 1)]
CAND 2433426992685 7418790 [(3, 3), (5, 1), (13, 1), (23, 1), (907, 1), (66467, 1)]
CAND 2434305658005 7395030 [(3, 3), (5, 1), (13, 1), (23, 1), (907, 1), (66491, 1)]
CAND 2434598546445 7387110 [(3, 3), (5, 1), (13, 1), (23, 1), (907, 1), (66499, 1)]
CAND 2434964656995 7377210 [(3, 3), (5, 1), (13, 1), (23, 1), (907, 1), (66509, 1)]
CAND 2435477211765 7363350 [(3, 3), (5, 1), (13, 1), (23, 1), (907, 1), (66523, 1)]
CAND 2435696878095 7357410 [(3, 3), (5, 1), (13, 1), (23, 1), (907, 1), (66529, 1)]
CAND 2435843322315 7353450 [(3, 3), (5, 1), (13, 1), (23, 1), (907, 1), (66533, 1)]
CAND 2436136210755 7345530 [(3, 3), (5, 1), (13, 1), (23, 1), (907, 1), (66541, 1)]
CAND 2436575543415 7333650 [(3, 3), (5, 1), (13, 1), (23, 1), (907, 1), (66553, 1)]
CAND 2437161320295 7317810 [(3, 3), (5, 1), (13, 1), (23, 1), (907, 1), (66569, 1)]
CAND 2437234542405 7315830 [(3, 3), (5, 1), (13, 1), (23, 1), (907, 1), (66571, 1)]
CAND 2437820319285 7299990 [(3, 3), (5, 1), (13, 1), (23, 1), (907, 1), (66587, 1)]
CAND 2438039985615 7294050 [(3, 3), (5, 1), (13, 1), (23, 1), (907, 1), (66593, 1)]
CAND 2438332874055 7286130 [(3, 3), (5, 1), (13, 1), (23, 1), (907, 1), (66601, 1)]
CAND 2438918650935 7270290 [(3, 3), (5, 1), (13, 1), (23, 1), (907, 1), (66617, 1)]
CAND 2439357983595 7258410 [(3, 3), (5, 1), (13, 1), (23, 1), (907, 1), (66629, 1)]
CAND 2439870538365 7244550 [(3, 3), (5, 1), (13, 1), (23, 1), (907, 1), (66643, 1)]
CAND 2440236648915 7234650 [(3, 3), (5, 1), (13, 1), (23, 1), (907, 1), (66653, 1)]
CAND 2441334980565 7204950 [(3, 3), (5, 1), (13, 1), (23, 1), (907, 1), (66683, 1)]
CAND 2441847535335 7191090 [(3, 3), (5, 1), (13, 1), (23, 1), (907, 1), (66697, 1)]
CAND 2441993979555 7187130 [(3, 3), (5, 1), (13, 1), (23, 1), (907, 1), (66701, 1)]
CAND 2442433312215 7175250 [(3, 3), (5, 1), (13, 1), (23, 1), (907, 1), (66713, 1)]
CAND 2442726200655 7167330 [(3, 3), (5, 1), (13, 1), (23, 1), (907, 1), (66721, 1)]
CAND 2443165533315 7155450 [(3, 3), (5, 1), (13, 1), (23, 1), (907, 1), (66733, 1)]
CAND 2443385199645 7149510 [(3, 3), (5, 1), (13, 1), (23, 1), (907, 1), (66739, 1)]
CAND 2443751310195 7139610 [(3, 3), (5, 1), (13, 1), (23, 1), (907, 1), (66749, 1)]
CAND 2443824532305 7137630 [(3, 3), (5, 1), (13, 1), (23, 1), (907, 1), (66751, 1)]
CAND 2444263864965 7125750 [(3, 3), (5, 1), (13, 1), (23, 1), (907, 1), (66763, 1)]
CAND 2445288974505 7098030 [(3, 3), (5, 1), (13, 1), (23, 1), (907, 1), (66791, 1)]
CAND 2445508640835 7092090 [(3, 3), (5, 1), (13, 1), (23, 1), (907, 1), (66797, 1)]
CAND 2445947973495 7080210 [(3, 3), (5, 1), (13, 1), (23, 1), (907, 1), (66809, 1)]
CAND 2446387306155 7068330 [(3, 3), (5, 1), (13, 1), (23, 1), (907, 1), (66821, 1)]
CAND 2447119527255 7048530 [(3, 3), (5, 1), (13, 1), (23, 1), (907, 1), (66841, 1)]
CAND 2447485637805 7038630 [(3, 3), (5, 1), (13, 1), (23, 1), (907, 1), (66851, 1)]
CAND 2447558859915 7036650 [(3, 3), (5, 1), (13, 1), (23, 1), (907, 1), (66853, 1)]
CAND 2447924970465 7026750 [(3, 3), (5, 1), (13, 1), (23, 1), (907, 1), (66863, 1)]
CAND 2448437525235 7012890 [(3, 3), (5, 1), (13, 1), (23, 1), (907, 1), (66877, 1)]
CAND 2448657191565 7006950 [(3, 3), (5, 1), (13, 1), (23, 1), (907, 1), (66883, 1)]
CAND 2448876857895 7001010 [(3, 3), (5, 1), (13, 1), (23, 1), (907, 1), (66889, 1)]
CAND 2449975189545 6971310 [(3, 3), (5, 1), (13, 1), (23, 1), (907, 1), (66919, 1)]
CAND 2450121633765 6967350 [(3, 3), (5, 1), (13, 1), (23, 1), (907, 1), (66923, 1)]
CAND 2450414522205 6959430 [(3, 3), (5, 1), (13, 1), (23, 1), (907, 1), (66931, 1)]
CAND 2450853854865 6947550 [(3, 3), (5, 1), (13, 1), (23, 1), (907, 1), (66943, 1)]
CAND 2451000299085 6943590 [(3, 3), (5, 1), (13, 1), (23, 1), (907, 1), (66947, 1)]
CAND 2451073521195 6941610 [(3, 3), (5, 1), (13, 1), (23, 1), (907, 1), (66949, 1)]
CAND 2451439631745 6931710 [(3, 3), (5, 1), (13, 1), (23, 1), (907, 1), (66959, 1)]
CAND 2451952186515 6917850 [(3, 3), (5, 1), (13, 1), (23, 1), (907, 1), (66973, 1)]
CAND 2452098630735 6913890 [(3, 3), (5, 1), (13, 1), (23, 1), (907, 1), (66977, 1)]
CAND 2453050518165 6888150 [(3, 3), (5, 1), (13, 1), (23, 1), (907, 1), (67003, 1)]
CAND 2453709517155 6870330 [(3, 3), (5, 1), (13, 1), (23, 1), (907, 1), (67021, 1)]
CAND 2454148849815 6858450 [(3, 3), (5, 1), (13, 1), (23, 1), (907, 1), (67033, 1)]
CAND 2454514960365 6848550 [(3, 3), (5, 1), (13, 1), (23, 1), (907, 1), (67043, 1)]
CAND 2454734626695 6842610 [(3, 3), (5, 1), (13, 1), (23, 1), (907, 1), (67049, 1)]
CAND 2455027515135 6834690 [(3, 3), (5, 1), (13, 1), (23, 1), (907, 1), (67057, 1)]
CAND 2455173959355 6830730 [(3, 3), (5, 1), (13, 1), (23, 1), (907, 1), (67061, 1)]
CAND 2455613292015 6818850 [(3, 3), (5, 1), (13, 1), (23, 1), (907, 1), (67073, 1)]
CAND 2455832958345 6812910 [(3, 3), (5, 1), (13, 1), (23, 1), (907, 1), (67079, 1)]
CAND 2456711623665 6789150 [(3, 3), (5, 1), (13, 1), (23, 1), (907, 1), (67103, 1)]
CAND 2457370622655 6771330 [(3, 3), (5, 1), (13, 1), (23, 1), (907, 1), (67121, 1)]
CAND 2457663511095 6763410 [(3, 3), (5, 1), (13, 1), (23, 1), (907, 1), (67129, 1)]
CAND 2458029621645 6753510 [(3, 3), (5, 1), (13, 1), (23, 1), (907, 1), (67139, 1)]
CAND 2458102843755 6751530 [(3, 3), (5, 1), (13, 1), (23, 1), (907, 1), (67141, 1)]
CAND 2458542176415 6739650 [(3, 3), (5, 1), (13, 1), (23, 1), (907, 1), (67153, 1)]
CAND 2458688620635 6735690 [(3, 3), (5, 1), (13, 1), (23, 1), (907, 1), (67157, 1)]
CAND 2459127953295 6723810 [(3, 3), (5, 1), (13, 1), (23, 1), (907, 1), (67169, 1)]
CAND 2459567285955 6711930 [(3, 3), (5, 1), (13, 1), (23, 1), (907, 1), (67181, 1)]
CAND 2459786952285 6705990 [(3, 3), (5, 1), (13, 1), (23, 1), (907, 1), (67187, 1)]
CAND 2459860174395 6704010 [(3, 3), (5, 1), (13, 1), (23, 1), (907, 1), (67189, 1)]
CAND 2460665617605 6682230 [(3, 3), (5, 1), (13, 1), (23, 1), (907, 1), (67211, 1)]
CAND 2460738839715 6680250 [(3, 3), (5, 1), (13, 1), (23, 1), (907, 1), (67213, 1)]
CAND 2460885283935 6676290 [(3, 3), (5, 1), (13, 1), (23, 1), (907, 1), (67217, 1)]
CAND 2460958506045 6674310 [(3, 3), (5, 1), (13, 1), (23, 1), (907, 1), (67219, 1)]
CAND 2461397838705 6662430 [(3, 3), (5, 1), (13, 1), (23, 1), (907, 1), (67231, 1)]
CAND 2461983615585 6646590 [(3, 3), (5, 1), (13, 1), (23, 1), (907, 1), (67247, 1)]
CAND 2462496170355 6632730 [(3, 3), (5, 1), (13, 1), (23, 1), (907, 1), (67261, 1)]
CAND 2462862280905 6622830 [(3, 3), (5, 1), (13, 1), (23, 1), (907, 1), (67271, 1)]
CAND 2462935503015 6620850 [(3, 3), (5, 1), (13, 1), (23, 1), (907, 1), (67273, 1)]
CAND 2463521279895 6605010 [(3, 3), (5, 1), (13, 1), (23, 1), (907, 1), (67289, 1)]
CAND 2464180278885 6587190 [(3, 3), (5, 1), (13, 1), (23, 1), (907, 1), (67307, 1)]
CAND 2465351832645 6555510 [(3, 3), (5, 1), (13, 1), (23, 1), (907, 1), (67339, 1)]
CAND 2465498276865 6551550 [(3, 3), (5, 1), (13, 1), (23, 1), (907, 1), (67343, 1)]
CAND 2465717943195 6545610 [(3, 3), (5, 1), (13, 1), (23, 1), (907, 1), (67349, 1)]
CAND 2466450164295 6525810 [(3, 3), (5, 1), (13, 1), (23, 1), (907, 1), (67369, 1)]
CAND 2467255607505 6504030 [(3, 3), (5, 1), (13, 1), (23, 1), (907, 1), (67391, 1)]
CAND 2467548495945 6496110 [(3, 3), (5, 1), (13, 1), (23, 1), (907, 1), (67399, 1)]
CAND 2467914606495 6486210 [(3, 3), (5, 1), (13, 1), (23, 1), (907, 1), (67409, 1)]
CAND 2467987828605 6484230 [(3, 3), (5, 1), (13, 1), (23, 1), (907, 1), (67411, 1)]
CAND 2468353939155 6474330 [(3, 3), (5, 1), (13, 1), (23, 1), (907, 1), (67421, 1)]
CAND 2468573605485 6468390 [(3, 3), (5, 1), (13, 1), (23, 1), (907, 1), (67427, 1)]
CAND 2468646827595 6466410 [(3, 3), (5, 1), (13, 1), (23, 1), (907, 1), (67429, 1)]
CAND 2468793271815 6462450 [(3, 3), (5, 1), (13, 1), (23, 1), (907, 1), (67433, 1)]
CAND 2469305826585 6448590 [(3, 3), (5, 1), (13, 1), (23, 1), (907, 1), (67447, 1)]
CAND 2469525492915 6442650 [(3, 3), (5, 1), (13, 1), (23, 1), (907, 1), (67453, 1)]
CAND 2470404158235 6418890 [(3, 3), (5, 1), (13, 1), (23, 1), (907, 1), (67477, 1)]
CAND 2470550602455 6414930 [(3, 3), (5, 1), (13, 1), (23, 1), (907, 1), (67481, 1)]
CAND 2470843490895 6407010 [(3, 3), (5, 1), (13, 1), (23, 1), (907, 1), (67489, 1)]
CAND 2470989935115 6403050 [(3, 3), (5, 1), (13, 1), (23, 1), (907, 1), (67493, 1)]
CAND 2471209601445 6397110 [(3, 3), (5, 1), (13, 1), (23, 1), (907, 1), (67499, 1)]
CAND 2471648934105 6385230 [(3, 3), (5, 1), (13, 1), (23, 1), (907, 1), (67511, 1)]
CAND 2472088266765 6373350 [(3, 3), (5, 1), (13, 1), (23, 1), (907, 1), (67523, 1)]
CAND 2472381155205 6365430 [(3, 3), (5, 1), (13, 1), (23, 1), (907, 1), (67531, 1)]
CAND 2472600821535 6359490 [(3, 3), (5, 1), (13, 1), (23, 1), (907, 1), (67537, 1)]
CAND 2472966932085 6349590 [(3, 3), (5, 1), (13, 1), (23, 1), (907, 1), (67547, 1)]
CAND 2473406264745 6337710 [(3, 3), (5, 1), (13, 1), (23, 1), (907, 1), (67559, 1)]
CAND 2473699153185 6329790 [(3, 3), (5, 1), (13, 1), (23, 1), (907, 1), (67567, 1)]
CAND 2474065263735 6319890 [(3, 3), (5, 1), (13, 1), (23, 1), (907, 1), (67577, 1)]
CAND 2474138485845 6317910 [(3, 3), (5, 1), (13, 1), (23, 1), (907, 1), (67579, 1)]
CAND 2474504596395 6308010 [(3, 3), (5, 1), (13, 1), (23, 1), (907, 1), (67589, 1)]
CAND 2474943929055 6296130 [(3, 3), (5, 1), (13, 1), (23, 1), (907, 1), (67601, 1)]
CAND 2475163595385 6290190 [(3, 3), (5, 1), (13, 1), (23, 1), (907, 1), (67607, 1)]
CAND 2475602928045 6278310 [(3, 3), (5, 1), (13, 1), (23, 1), (907, 1), (67619, 1)]
CAND 2476042260705 6266430 [(3, 3), (5, 1), (13, 1), (23, 1), (907, 1), (67631, 1)]
CAND 2476774481805 6246630 [(3, 3), (5, 1), (13, 1), (23, 1), (907, 1), (67651, 1)]
CAND 2477799591345 6218910 [(3, 3), (5, 1), (13, 1), (23, 1), (907, 1), (67679, 1)]
CAND 2478531812445 6199110 [(3, 3), (5, 1), (13, 1), (23, 1), (907, 1), (67699, 1)]
CAND 2478897922995 6189210 [(3, 3), (5, 1), (13, 1), (23, 1), (907, 1), (67709, 1)]
CAND 2479410477765 6175350 [(3, 3), (5, 1), (13, 1), (23, 1), (907, 1), (67723, 1)]
CAND 2479776588315 6165450 [(3, 3), (5, 1), (13, 1), (23, 1), (907, 1), (67733, 1)]
CAND 2480069476755 6157530 [(3, 3), (5, 1), (13, 1), (23, 1), (907, 1), (67741, 1)]
CAND 2480435587305 6147630 [(3, 3), (5, 1), (13, 1), (23, 1), (907, 1), (67751, 1)]
CAND 2480655253635 6141690 [(3, 3), (5, 1), (13, 1), (23, 1), (907, 1), (67757, 1)]
CAND 2480728475745 6139710 [(3, 3), (5, 1), (13, 1), (23, 1), (907, 1), (67759, 1)]
CAND 2480874919965 6135750 [(3, 3), (5, 1), (13, 1), (23, 1), (907, 1), (67763, 1)]
CAND 2481387474735 6121890 [(3, 3), (5, 1), (13, 1), (23, 1), (907, 1), (67777, 1)]
CAND 2481607141065 6115950 [(3, 3), (5, 1), (13, 1), (23, 1), (907, 1), (67783, 1)]
CAND 2481826807395 6110010 [(3, 3), (5, 1), (13, 1), (23, 1), (907, 1), (67789, 1)]
CAND 2482266140055 6098130 [(3, 3), (5, 1), (13, 1), (23, 1), (907, 1), (67801, 1)]
CAND 2482485806385 6092190 [(3, 3), (5, 1), (13, 1), (23, 1), (907, 1), (67807, 1)]
CAND 2482925139045 6080310 [(3, 3), (5, 1), (13, 1), (23, 1), (907, 1), (67819, 1)]
CAND 2483291249595 6070410 [(3, 3), (5, 1), (13, 1), (23, 1), (907, 1), (67829, 1)]
CAND 2483803804365 6056550 [(3, 3), (5, 1), (13, 1), (23, 1), (907, 1), (67843, 1)]
CAND 2484169914915 6046650 [(3, 3), (5, 1), (13, 1), (23, 1), (907, 1), (67853, 1)]
CAND 2484682469685 6032790 [(3, 3), (5, 1), (13, 1), (23, 1), (907, 1), (67867, 1)]
CAND 2485268246565 6016950 [(3, 3), (5, 1), (13, 1), (23, 1), (907, 1), (67883, 1)]
CAND 2485561135005 6009030 [(3, 3), (5, 1), (13, 1), (23, 1), (907, 1), (67891, 1)]
CAND 2485927245555 5999130 [(3, 3), (5, 1), (13, 1), (23, 1), (907, 1), (67901, 1)]
CAND 2486879132985 5973390 [(3, 3), (5, 1), (13, 1), (23, 1), (907, 1), (67927, 1)]
CAND 2487025577205 5969430 [(3, 3), (5, 1), (13, 1), (23, 1), (907, 1), (67931, 1)]
CAND 2487098799315 5967450 [(3, 3), (5, 1), (13, 1), (23, 1), (907, 1), (67933, 1)]
CAND 2487318465645 5961510 [(3, 3), (5, 1), (13, 1), (23, 1), (907, 1), (67939, 1)]
CAND 2487464909865 5957550 [(3, 3), (5, 1), (13, 1), (23, 1), (907, 1), (67943, 1)]
CAND 2487977464635 5943690 [(3, 3), (5, 1), (13, 1), (23, 1), (907, 1), (67957, 1)]
CAND 2488123908855 5939730 [(3, 3), (5, 1), (13, 1), (23, 1), (907, 1), (67961, 1)]
CAND 2488343575185 5933790 [(3, 3), (5, 1), (13, 1), (23, 1), (907, 1), (67967, 1)]
CAND 2488782907845 5921910 [(3, 3), (5, 1), (13, 1), (23, 1), (907, 1), (67979, 1)]
CAND 2489075796285 5913990 [(3, 3), (5, 1), (13, 1), (23, 1), (907, 1), (67987, 1)]
CAND 2489295462615 5908050 [(3, 3), (5, 1), (13, 1), (23, 1), (907, 1), (67993, 1)]
CAND 2490393794265 5878350 [(3, 3), (5, 1), (13, 1), (23, 1), (907, 1), (68023, 1)]
CAND 2491052793255 5860530 [(3, 3), (5, 1), (13, 1), (23, 1), (907, 1), (68041, 1)]
CAND 2491492125915 5848650 [(3, 3), (5, 1), (13, 1), (23, 1), (907, 1), (68053, 1)]
CAND 2491711792245 5842710 [(3, 3), (5, 1), (13, 1), (23, 1), (907, 1), (68059, 1)]
CAND 2492151124905 5830830 [(3, 3), (5, 1), (13, 1), (23, 1), (907, 1), (68071, 1)]
CAND 2492736901785 5814990 [(3, 3), (5, 1), (13, 1), (23, 1), (907, 1), (68087, 1)]
CAND 2493176234445 5803110 [(3, 3), (5, 1), (13, 1), (23, 1), (907, 1), (68099, 1)]
CAND 2493615567105 5791230 [(3, 3), (5, 1), (13, 1), (23, 1), (907, 1), (68111, 1)]
CAND 2493688789215 5789250 [(3, 3), (5, 1), (13, 1), (23, 1), (907, 1), (68113, 1)]
CAND 2494713898755 5761530 [(3, 3), (5, 1), (13, 1), (23, 1), (907, 1), (68141, 1)]
CAND 2494933565085 5755590 [(3, 3), (5, 1), (13, 1), (23, 1), (907, 1), (68147, 1)]
CAND 2495446119855 5741730 [(3, 3), (5, 1), (13, 1), (23, 1), (907, 1), (68161, 1)]
CAND 2495812230405 5731830 [(3, 3), (5, 1), (13, 1), (23, 1), (907, 1), (68171, 1)]
CAND 2497130228385 5696190 [(3, 3), (5, 1), (13, 1), (23, 1), (907, 1), (68207, 1)]
CAND 2497203450495 5694210 [(3, 3), (5, 1), (13, 1), (23, 1), (907, 1), (68209, 1)]
CAND 2497349894715 5690250 [(3, 3), (5, 1), (13, 1), (23, 1), (907, 1), (68213, 1)]
CAND 2497569561045 5684310 [(3, 3), (5, 1), (13, 1), (23, 1), (907, 1), (68219, 1)]
CAND 2497862449485 5676390 [(3, 3), (5, 1), (13, 1), (23, 1), (907, 1), (68227, 1)]
CAND 2498301782145 5664510 [(3, 3), (5, 1), (13, 1), (23, 1), (907, 1), (68239, 1)]
CAND 2499107225355 5642730 [(3, 3), (5, 1), (13, 1), (23, 1), (907, 1), (68261, 1)]
CAND 2499766224345 5624910 [(3, 3), (5, 1), (13, 1), (23, 1), (907, 1), (68279, 1)]
CAND 2499839446455 5622930 [(3, 3), (5, 1), (13, 1), (23, 1), (907, 1), (68281, 1)]
CAND 2500937778105 5593230 [(3, 3), (5, 1), (13, 1), (23, 1), (907, 1), (68311, 1)]
CAND 2501596777095 5575410 [(3, 3), (5, 1), (13, 1), (23, 1), (907, 1), (68329, 1)]
CAND 2502402220305 5553630 [(3, 3), (5, 1), (13, 1), (23, 1), (907, 1), (68351, 1)]
CAND 2503134441405 5533830 [(3, 3), (5, 1), (13, 1), (23, 1), (907, 1), (68371, 1)]
CAND 2503793440395 5516010 [(3, 3), (5, 1), (13, 1), (23, 1), (907, 1), (68389, 1)]
CAND 2504159550945 5506110 [(3, 3), (5, 1), (13, 1), (23, 1), (907, 1), (68399, 1)]
CAND 2505550771035 5468490 [(3, 3), (5, 1), (13, 1), (23, 1), (907, 1), (68437, 1)]
CAND 2505770437365 5462550 [(3, 3), (5, 1), (13, 1), (23, 1), (907, 1), (68443, 1)]
CAND 2505916881585 5458590 [(3, 3), (5, 1), (13, 1), (23, 1), (907, 1), (68447, 1)]
CAND 2505990103695 5456610 [(3, 3), (5, 1), (13, 1), (23, 1), (907, 1), (68449, 1)]
CAND 2506868769015 5432850 [(3, 3), (5, 1), (13, 1), (23, 1), (907, 1), (68473, 1)]
CAND 2507015213235 5428890 [(3, 3), (5, 1), (13, 1), (23, 1), (907, 1), (68477, 1)]
CAND 2507234879565 5422950 [(3, 3), (5, 1), (13, 1), (23, 1), (907, 1), (68483, 1)]
CAND 2507454545895 5417010 [(3, 3), (5, 1), (13, 1), (23, 1), (907, 1), (68489, 1)]
CAND 2507527768005 5415030 [(3, 3), (5, 1), (13, 1), (23, 1), (907, 1), (68491, 1)]
CAND 2507893878555 5405130 [(3, 3), (5, 1), (13, 1), (23, 1), (907, 1), (68501, 1)]
CAND 2508113544885 5399190 [(3, 3), (5, 1), (13, 1), (23, 1), (907, 1), (68507, 1)]
CAND 2508626099655 5385330 [(3, 3), (5, 1), (13, 1), (23, 1), (907, 1), (68521, 1)]
CAND 2508992210205 5375430 [(3, 3), (5, 1), (13, 1), (23, 1), (907, 1), (68531, 1)]
CAND 2509285098645 5367510 [(3, 3), (5, 1), (13, 1), (23, 1), (907, 1), (68539, 1)]
CAND 2509431542865 5363550 [(3, 3), (5, 1), (13, 1), (23, 1), (907, 1), (68543, 1)]
CAND 2510310208185 5339790 [(3, 3), (5, 1), (13, 1), (23, 1), (907, 1), (68567, 1)]
CAND 2510822762955 5325930 [(3, 3), (5, 1), (13, 1), (23, 1), (907, 1), (68581, 1)]
CAND 2511408539835 5310090 [(3, 3), (5, 1), (13, 1), (23, 1), (907, 1), (68597, 1)]
CAND 2511921094605 5296230 [(3, 3), (5, 1), (13, 1), (23, 1), (907, 1), (68611, 1)]
CAND 2512726537815 5274450 [(3, 3), (5, 1), (13, 1), (23, 1), (907, 1), (68633, 1)]
CAND 2512946204145 5268510 [(3, 3), (5, 1), (13, 1), (23, 1), (907, 1), (68639, 1)]
CAND 2513678425245 5248710 [(3, 3), (5, 1), (13, 1), (23, 1), (907, 1), (68659, 1)]
CAND 2514044535795 5238810 [(3, 3), (5, 1), (13, 1), (23, 1), (907, 1), (68669, 1)]
CAND 2514557090565 5224950 [(3, 3), (5, 1), (13, 1), (23, 1), (907, 1), (68683, 1)]
CAND 2514703534785 5220990 [(3, 3), (5, 1), (13, 1), (23, 1), (907, 1), (68687, 1)]
CAND 2515142867445 5209110 [(3, 3), (5, 1), (13, 1), (23, 1), (907, 1), (68699, 1)]
CAND 2515582200105 5197230 [(3, 3), (5, 1), (13, 1), (23, 1), (907, 1), (68711, 1)]
CAND 2515655422215 5195250 [(3, 3), (5, 1), (13, 1), (23, 1), (907, 1), (68713, 1)]
CAND 2516241199095 5179410 [(3, 3), (5, 1), (13, 1), (23, 1), (907, 1), (68729, 1)]
CAND 2516534087535 5171490 [(3, 3), (5, 1), (13, 1), (23, 1), (907, 1), (68737, 1)]
CAND 2516753753865 5165550 [(3, 3), (5, 1), (13, 1), (23, 1), (907, 1), (68743, 1)]
CAND 2516973420195 5159610 [(3, 3), (5, 1), (13, 1), (23, 1), (907, 1), (68749, 1)]
CAND 2517632419185 5141790 [(3, 3), (5, 1), (13, 1), (23, 1), (907, 1), (68767, 1)]
CAND 2517778863405 5137830 [(3, 3), (5, 1), (13, 1), (23, 1), (907, 1), (68771, 1)]
CAND 2517998529735 5131890 [(3, 3), (5, 1), (13, 1), (23, 1), (907, 1), (68777, 1)]
CAND 2518511084505 5118030 [(3, 3), (5, 1), (13, 1), (23, 1), (907, 1), (68791, 1)]
CAND 2519316527715 5096250 [(3, 3), (5, 1), (13, 1), (23, 1), (907, 1), (68813, 1)]
CAND 2519536194045 5090310 [(3, 3), (5, 1), (13, 1), (23, 1), (907, 1), (68819, 1)]
CAND 2519609416155 5088330 [(3, 3), (5, 1), (13, 1), (23, 1), (907, 1), (68821, 1)]
CAND 2521147080465 5046750 [(3, 3), (5, 1), (13, 1), (23, 1), (907, 1), (68863, 1)]
CAND 2521732857345 5030910 [(3, 3), (5, 1), (13, 1), (23, 1), (907, 1), (68879, 1)]
CAND 2521806079455 5028930 [(3, 3), (5, 1), (13, 1), (23, 1), (907, 1), (68881, 1)]
CAND 2522172190005 5019030 [(3, 3), (5, 1), (13, 1), (23, 1), (907, 1), (68891, 1)]
CAND 2522391856335 5013090 [(3, 3), (5, 1), (13, 1), (23, 1), (907, 1), (68897, 1)]
CAND 2522465078445 5011110 [(3, 3), (5, 1), (13, 1), (23, 1), (907, 1), (68899, 1)]
CAND 2522611522665 5007150 [(3, 3), (5, 1), (13, 1), (23, 1), (907, 1), (68903, 1)]
CAND 2522831188995 5001210 [(3, 3), (5, 1), (13, 1), (23, 1), (907, 1), (68909, 1)]
CAND 2523124077435 4993290 [(3, 3), (5, 1), (13, 1), (23, 1), (907, 1), (68917, 1)]
CAND 2523490187985 4983390 [(3, 3), (5, 1), (13, 1), (23, 1), (907, 1), (68927, 1)]
CAND 2524222409085 4963590 [(3, 3), (5, 1), (13, 1), (23, 1), (907, 1), (68947, 1)]
CAND 2524808185965 4947750 [(3, 3), (5, 1), (13, 1), (23, 1), (907, 1), (68963, 1)]
CAND 2525906517615 4918050 [(3, 3), (5, 1), (13, 1), (23, 1), (907, 1), (68993, 1)]
CAND 2526199406055 4910130 [(3, 3), (5, 1), (13, 1), (23, 1), (907, 1), (69001, 1)]
CAND 2526565516605 4900230 [(3, 3), (5, 1), (13, 1), (23, 1), (907, 1), (69011, 1)]
CAND 2526858405045 4892310 [(3, 3), (5, 1), (13, 1), (23, 1), (907, 1), (69019, 1)]
CAND 2527224515595 4882410 [(3, 3), (5, 1), (13, 1), (23, 1), (907, 1), (69029, 1)]
CAND 2527297737705 4880430 [(3, 3), (5, 1), (13, 1), (23, 1), (907, 1), (69031, 1)]
CAND 2528396069355 4850730 [(3, 3), (5, 1), (13, 1), (23, 1), (907, 1), (69061, 1)]
CAND 2528615735685 4844790 [(3, 3), (5, 1), (13, 1), (23, 1), (907, 1), (69067, 1)]
CAND 2528835402015 4838850 [(3, 3), (5, 1), (13, 1), (23, 1), (907, 1), (69073, 1)]
CAND 2530153399995 4803210 [(3, 3), (5, 1), (13, 1), (23, 1), (907, 1), (69109, 1)]
CAND 2530519510545 4793310 [(3, 3), (5, 1), (13, 1), (23, 1), (907, 1), (69119, 1)]
CAND 2530812398985 4785390 [(3, 3), (5, 1), (13, 1), (23, 1), (907, 1), (69127, 1)]
CAND 2531398175865 4769550 [(3, 3), (5, 1), (13, 1), (23, 1), (907, 1), (69143, 1)]
CAND 2531617842195 4763610 [(3, 3), (5, 1), (13, 1), (23, 1), (907, 1), (69149, 1)]
CAND 2531691064305 4761630 [(3, 3), (5, 1), (13, 1), (23, 1), (907, 1), (69151, 1)]
CAND 2532130396965 4749750 [(3, 3), (5, 1), (13, 1), (23, 1), (907, 1), (69163, 1)]
CAND 2533155506505 4722030 [(3, 3), (5, 1), (13, 1), (23, 1), (907, 1), (69191, 1)]
CAND 2533228728615 4720050 [(3, 3), (5, 1), (13, 1), (23, 1), (907, 1), (69193, 1)]
CAND 2533375172835 4716090 [(3, 3), (5, 1), (13, 1), (23, 1), (907, 1), (69197, 1)]
CAND 2533594839165 4710150 [(3, 3), (5, 1), (13, 1), (23, 1), (907, 1), (69203, 1)]
CAND 2534253838155 4692330 [(3, 3), (5, 1), (13, 1), (23, 1), (907, 1), (69221, 1)]
CAND 2534693170815 4680450 [(3, 3), (5, 1), (13, 1), (23, 1), (907, 1), (69233, 1)]
CAND 2534912837145 4674510 [(3, 3), (5, 1), (13, 1), (23, 1), (907, 1), (69239, 1)]
CAND 2535205725585 4666590 [(3, 3), (5, 1), (13, 1), (23, 1), (907, 1), (69247, 1)]
CAND 2535571836135 4656690 [(3, 3), (5, 1), (13, 1), (23, 1), (907, 1), (69257, 1)]
CAND 2535645058245 4654710 [(3, 3), (5, 1), (13, 1), (23, 1), (907, 1), (69259, 1)]
CAND 2535791502465 4650750 [(3, 3), (5, 1), (13, 1), (23, 1), (907, 1), (69263, 1)]
CAND 2537622055215 4601250 [(3, 3), (5, 1), (13, 1), (23, 1), (907, 1), (69313, 1)]
CAND 2537768499435 4597290 [(3, 3), (5, 1), (13, 1), (23, 1), (907, 1), (69317, 1)]
CAND 2538500720535 4577490 [(3, 3), (5, 1), (13, 1), (23, 1), (907, 1), (69337, 1)]
CAND 2538647164755 4573530 [(3, 3), (5, 1), (13, 1), (23, 1), (907, 1), (69341, 1)]
CAND 2539745496405 4543830 [(3, 3), (5, 1), (13, 1), (23, 1), (907, 1), (69371, 1)]
CAND 2540038384845 4535910 [(3, 3), (5, 1), (13, 1), (23, 1), (907, 1), (69379, 1)]
CAND 2540184829065 4531950 [(3, 3), (5, 1), (13, 1), (23, 1), (907, 1), (69383, 1)]
CAND 2540404495395 4526010 [(3, 3), (5, 1), (13, 1), (23, 1), (907, 1), (69389, 1)]
CAND 2540843828055 4514130 [(3, 3), (5, 1), (13, 1), (23, 1), (907, 1), (69401, 1)]
CAND 2540917050165 4512150 [(3, 3), (5, 1), (13, 1), (23, 1), (907, 1), (69403, 1)]
CAND 2541795715485 4488390 [(3, 3), (5, 1), (13, 1), (23, 1), (907, 1), (69427, 1)]
CAND 2541942159705 4484430 [(3, 3), (5, 1), (13, 1), (23, 1), (907, 1), (69431, 1)]
CAND 2542235048145 4476510 [(3, 3), (5, 1), (13, 1), (23, 1), (907, 1), (69439, 1)]
CAND 2542894047135 4458690 [(3, 3), (5, 1), (13, 1), (23, 1), (907, 1), (69457, 1)]
CAND 2543113713465 4452750 [(3, 3), (5, 1), (13, 1), (23, 1), (907, 1), (69463, 1)]
CAND 2543260157685 4448790 [(3, 3), (5, 1), (13, 1), (23, 1), (907, 1), (69467, 1)]
CAND 2543479824015 4442850 [(3, 3), (5, 1), (13, 1), (23, 1), (907, 1), (69473, 1)]
CAND 2543772712455 4434930 [(3, 3), (5, 1), (13, 1), (23, 1), (907, 1), (69481, 1)]
CAND 2544138823005 4425030 [(3, 3), (5, 1), (13, 1), (23, 1), (907, 1), (69491, 1)]
CAND 2544212045115 4423050 [(3, 3), (5, 1), (13, 1), (23, 1), (907, 1), (69493, 1)]
CAND 2544358489335 4419090 [(3, 3), (5, 1), (13, 1), (23, 1), (907, 1), (69497, 1)]
CAND 2544431711445 4417110 [(3, 3), (5, 1), (13, 1), (23, 1), (907, 1), (69499, 1)]
CAND 2545896153645 4377510 [(3, 3), (5, 1), (13, 1), (23, 1), (907, 1), (69539, 1)]
CAND 2546555152635 4359690 [(3, 3), (5, 1), (13, 1), (23, 1), (907, 1), (69557, 1)]
CAND 2547873150615 4324050 [(3, 3), (5, 1), (13, 1), (23, 1), (907, 1), (69593, 1)]
CAND 2548971482265 4294350 [(3, 3), (5, 1), (13, 1), (23, 1), (907, 1), (69623, 1)]
CAND 2550069813915 4264650 [(3, 3), (5, 1), (13, 1), (23, 1), (907, 1), (69653, 1)]
CAND 2550362702355 4256730 [(3, 3), (5, 1), (13, 1), (23, 1), (907, 1), (69661, 1)]
CAND 2550948479235 4240890 [(3, 3), (5, 1), (13, 1), (23, 1), (907, 1), (69677, 1)]
CAND 2551461034005 4227030 [(3, 3), (5, 1), (13, 1), (23, 1), (907, 1), (69691, 1)]
CAND 2551680700335 4221090 [(3, 3), (5, 1), (13, 1), (23, 1), (907, 1), (69697, 1)]
CAND 2552120032995 4209210 [(3, 3), (5, 1), (13, 1), (23, 1), (907, 1), (69709, 1)]
CAND 2553145142535 4181490 [(3, 3), (5, 1), (13, 1), (23, 1), (907, 1), (69737, 1)]
CAND 2553218364645 4179510 [(3, 3), (5, 1), (13, 1), (23, 1), (907, 1), (69739, 1)]
CAND 2554023807855 4157730 [(3, 3), (5, 1), (13, 1), (23, 1), (907, 1), (69761, 1)]
CAND 2554097029965 4155750 [(3, 3), (5, 1), (13, 1), (23, 1), (907, 1), (69763, 1)]
CAND 2554243474185 4151790 [(3, 3), (5, 1), (13, 1), (23, 1), (907, 1), (69767, 1)]
CAND 2554682806845 4139910 [(3, 3), (5, 1), (13, 1), (23, 1), (907, 1), (69779, 1)]
CAND 2555781138495 4110210 [(3, 3), (5, 1), (13, 1), (23, 1), (907, 1), (69809, 1)]
CAND 2556220471155 4098330 [(3, 3), (5, 1), (13, 1), (23, 1), (907, 1), (69821, 1)]
CAND 2556440137485 4092390 [(3, 3), (5, 1), (13, 1), (23, 1), (907, 1), (69827, 1)]
CAND 2556513359595 4090410 [(3, 3), (5, 1), (13, 1), (23, 1), (907, 1), (69829, 1)]
CAND 2556659803815 4086450 [(3, 3), (5, 1), (13, 1), (23, 1), (907, 1), (69833, 1)]
CAND 2557172358585 4072590 [(3, 3), (5, 1), (13, 1), (23, 1), (907, 1), (69847, 1)]
CAND 2557538469135 4062690 [(3, 3), (5, 1), (13, 1), (23, 1), (907, 1), (69857, 1)]
CAND 2557611691245 4060710 [(3, 3), (5, 1), (13, 1), (23, 1), (907, 1), (69859, 1)]
CAND 2558270690235 4042890 [(3, 3), (5, 1), (13, 1), (23, 1), (907, 1), (69877, 1)]
CAND 2559076133445 4021110 [(3, 3), (5, 1), (13, 1), (23, 1), (907, 1), (69899, 1)]
CAND 2559515466105 4009230 [(3, 3), (5, 1), (13, 1), (23, 1), (907, 1), (69911, 1)]
CAND 2560174465095 3991410 [(3, 3), (5, 1), (13, 1), (23, 1), (907, 1), (69929, 1)]
CAND 2560247687205 3989430 [(3, 3), (5, 1), (13, 1), (23, 1), (907, 1), (69931, 1)]
CAND 2560613797755 3979530 [(3, 3), (5, 1), (13, 1), (23, 1), (907, 1), (69941, 1)]
CAND 2561272796745 3961710 [(3, 3), (5, 1), (13, 1), (23, 1), (907, 1), (69959, 1)]
CAND 2562444350505 3930030 [(3, 3), (5, 1), (13, 1), (23, 1), (907, 1), (69991, 1)]
CAND 2562664016835 3924090 [(3, 3), (5, 1), (13, 1), (23, 1), (907, 1), (69997, 1)]
CAND 2562810461055 3920130 [(3, 3), (5, 1), (13, 1), (23, 1), (907, 1), (70001, 1)]
CAND 2562883683165 3918150 [(3, 3), (5, 1), (13, 1), (23, 1), (907, 1), (70003, 1)]
CAND 2563103349495 3912210 [(3, 3), (5, 1), (13, 1), (23, 1), (907, 1), (70009, 1)]
CAND 2563469460045 3902310 [(3, 3), (5, 1), (13, 1), (23, 1), (907, 1), (70019, 1)]
CAND 2564201681145 3882510 [(3, 3), (5, 1), (13, 1), (23, 1), (907, 1), (70039, 1)]
CAND 2564641013805 3870630 [(3, 3), (5, 1), (13, 1), (23, 1), (907, 1), (70051, 1)]
CAND 2565007124355 3860730 [(3, 3), (5, 1), (13, 1), (23, 1), (907, 1), (70061, 1)]
CAND 2565226790685 3854790 [(3, 3), (5, 1), (13, 1), (23, 1), (907, 1), (70067, 1)]
CAND 2565666123345 3842910 [(3, 3), (5, 1), (13, 1), (23, 1), (907, 1), (70079, 1)]
CAND 2566398344445 3823110 [(3, 3), (5, 1), (13, 1), (23, 1), (907, 1), (70099, 1)]
CAND 2566837677105 3811230 [(3, 3), (5, 1), (13, 1), (23, 1), (907, 1), (70111, 1)]
CAND 2567057343435 3805290 [(3, 3), (5, 1), (13, 1), (23, 1), (907, 1), (70117, 1)]
CAND 2567203787655 3801330 [(3, 3), (5, 1), (13, 1), (23, 1), (907, 1), (70121, 1)]
CAND 2567277009765 3799350 [(3, 3), (5, 1), (13, 1), (23, 1), (907, 1), (70123, 1)]
CAND 2567862786645 3783510 [(3, 3), (5, 1), (13, 1), (23, 1), (907, 1), (70139, 1)]
CAND 2567936008755 3781530 [(3, 3), (5, 1), (13, 1), (23, 1), (907, 1), (70141, 1)]
CAND 2568521785635 3765690 [(3, 3), (5, 1), (13, 1), (23, 1), (907, 1), (70157, 1)]
CAND 2568741451965 3759750 [(3, 3), (5, 1), (13, 1), (23, 1), (907, 1), (70163, 1)]
CAND 2569254006735 3745890 [(3, 3), (5, 1), (13, 1), (23, 1), (907, 1), (70177, 1)]
CAND 2569400450955 3741930 [(3, 3), (5, 1), (13, 1), (23, 1), (907, 1), (70181, 1)]
CAND 2569473673065 3739950 [(3, 3), (5, 1), (13, 1), (23, 1), (907, 1), (70183, 1)]
CAND 2570059449945 3724110 [(3, 3), (5, 1), (13, 1), (23, 1), (907, 1), (70199, 1)]
CAND 2570132672055 3722130 [(3, 3), (5, 1), (13, 1), (23, 1), (907, 1), (70201, 1)]
CAND 2570352338385 3716190 [(3, 3), (5, 1), (13, 1), (23, 1), (907, 1), (70207, 1)]
CAND 2570938115265 3700350 [(3, 3), (5, 1), (13, 1), (23, 1), (907, 1), (70223, 1)]
CAND 2571157781595 3694410 [(3, 3), (5, 1), (13, 1), (23, 1), (907, 1), (70229, 1)]
CAND 2571450670035 3686490 [(3, 3), (5, 1), (13, 1), (23, 1), (907, 1), (70237, 1)]
CAND 2571597114255 3682530 [(3, 3), (5, 1), (13, 1), (23, 1), (907, 1), (70241, 1)]
CAND 2571890002695 3674610 [(3, 3), (5, 1), (13, 1), (23, 1), (907, 1), (70249, 1)]
CAND 2572695445905 3652830 [(3, 3), (5, 1), (13, 1), (23, 1), (907, 1), (70271, 1)]
CAND 2573354444895 3635010 [(3, 3), (5, 1), (13, 1), (23, 1), (907, 1), (70289, 1)]
CAND 2573647333335 3627090 [(3, 3), (5, 1), (13, 1), (23, 1), (907, 1), (70297, 1)]
CAND 2574086665995 3615210 [(3, 3), (5, 1), (13, 1), (23, 1), (907, 1), (70309, 1)]
CAND 2574233110215 3611250 [(3, 3), (5, 1), (13, 1), (23, 1), (907, 1), (70313, 1)]
CAND 2574525998655 3603330 [(3, 3), (5, 1), (13, 1), (23, 1), (907, 1), (70321, 1)]
CAND 2574745664985 3597390 [(3, 3), (5, 1), (13, 1), (23, 1), (907, 1), (70327, 1)]
CAND 2575624330305 3573630 [(3, 3), (5, 1), (13, 1), (23, 1), (907, 1), (70351, 1)]
CAND 2576429773515 3551850 [(3, 3), (5, 1), (13, 1), (23, 1), (907, 1), (70373, 1)]
CAND 2576649439845 3545910 [(3, 3), (5, 1), (13, 1), (23, 1), (907, 1), (70379, 1)]
CAND 2576722661955 3543930 [(3, 3), (5, 1), (13, 1), (23, 1), (907, 1), (70381, 1)]
CAND 2577161994615 3532050 [(3, 3), (5, 1), (13, 1), (23, 1), (907, 1), (70393, 1)]
CAND 2578260326265 3502350 [(3, 3), (5, 1), (13, 1), (23, 1), (907, 1), (70423, 1)]
CAND 2578479992595 3496410 [(3, 3), (5, 1), (13, 1), (23, 1), (907, 1), (70429, 1)]
CAND 2578846103145 3486510 [(3, 3), (5, 1), (13, 1), (23, 1), (907, 1), (70439, 1)]
CAND 2579285435805 3474630 [(3, 3), (5, 1), (13, 1), (23, 1), (907, 1), (70451, 1)]
CAND 2579505102135 3468690 [(3, 3), (5, 1), (13, 1), (23, 1), (907, 1), (70457, 1)]
CAND 2579578324245 3466710 [(3, 3), (5, 1), (13, 1), (23, 1), (907, 1), (70459, 1)]
CAND 2580383767455 3444930 [(3, 3), (5, 1), (13, 1), (23, 1), (907, 1), (70481, 1)]
CAND 2580603433785 3438990 [(3, 3), (5, 1), (13, 1), (23, 1), (907, 1), (70487, 1)]
CAND 2580676655895 3437010 [(3, 3), (5, 1), (13, 1), (23, 1), (907, 1), (70489, 1)]
CAND 2581115988555 3425130 [(3, 3), (5, 1), (13, 1), (23, 1), (907, 1), (70501, 1)]
CAND 2581335654885 3419190 [(3, 3), (5, 1), (13, 1), (23, 1), (907, 1), (70507, 1)]
CAND 2582141098095 3397410 [(3, 3), (5, 1), (13, 1), (23, 1), (907, 1), (70529, 1)]
CAND 2582433986535 3389490 [(3, 3), (5, 1), (13, 1), (23, 1), (907, 1), (70537, 1)]
CAND 2582873319195 3377610 [(3, 3), (5, 1), (13, 1), (23, 1), (907, 1), (70549, 1)]
CAND 2583678762405 3355830 [(3, 3), (5, 1), (13, 1), (23, 1), (907, 1), (70571, 1)]
CAND 2583751984515 3353850 [(3, 3), (5, 1), (13, 1), (23, 1), (907, 1), (70573, 1)]
CAND 2584118095065 3343950 [(3, 3), (5, 1), (13, 1), (23, 1), (907, 1), (70583, 1)]
CAND 2584337761395 3338010 [(3, 3), (5, 1), (13, 1), (23, 1), (907, 1), (70589, 1)]
CAND 2584996760385 3320190 [(3, 3), (5, 1), (13, 1), (23, 1), (907, 1), (70607, 1)]
CAND 2585436093045 3308310 [(3, 3), (5, 1), (13, 1), (23, 1), (907, 1), (70619, 1)]
CAND 2585509315155 3306330 [(3, 3), (5, 1), (13, 1), (23, 1), (907, 1), (70621, 1)]
CAND 2585728981485 3300390 [(3, 3), (5, 1), (13, 1), (23, 1), (907, 1), (70627, 1)]
CAND 2586168314145 3288510 [(3, 3), (5, 1), (13, 1), (23, 1), (907, 1), (70639, 1)]
CAND 2586827313135 3270690 [(3, 3), (5, 1), (13, 1), (23, 1), (907, 1), (70657, 1)]
CAND 2587046979465 3264750 [(3, 3), (5, 1), (13, 1), (23, 1), (907, 1), (70663, 1)]
CAND 2587193423685 3260790 [(3, 3), (5, 1), (13, 1), (23, 1), (907, 1), (70667, 1)]
CAND 2587925644785 3240990 [(3, 3), (5, 1), (13, 1), (23, 1), (907, 1), (70687, 1)]
CAND 2588731087995 3219210 [(3, 3), (5, 1), (13, 1), (23, 1), (907, 1), (70709, 1)]
CAND 2589023976435 3211290 [(3, 3), (5, 1), (13, 1), (23, 1), (907, 1), (70717, 1)]
CAND 2589463309095 3199410 [(3, 3), (5, 1), (13, 1), (23, 1), (907, 1), (70729, 1)]
CAND 2590341974415 3175650 [(3, 3), (5, 1), (13, 1), (23, 1), (907, 1), (70753, 1)]
CAND 2590927751295 3159810 [(3, 3), (5, 1), (13, 1), (23, 1), (907, 1), (70769, 1)]
CAND 2591440306065 3145950 [(3, 3), (5, 1), (13, 1), (23, 1), (907, 1), (70783, 1)]
CAND 2591806416615 3136050 [(3, 3), (5, 1), (13, 1), (23, 1), (907, 1), (70793, 1)]
CAND 2592904748265 3106350 [(3, 3), (5, 1), (13, 1), (23, 1), (907, 1), (70823, 1)]
CAND 2593563747255 3088530 [(3, 3), (5, 1), (13, 1), (23, 1), (907, 1), (70841, 1)]
CAND 2593636969365 3086550 [(3, 3), (5, 1), (13, 1), (23, 1), (907, 1), (70843, 1)]
CAND 2593856635695 3080610 [(3, 3), (5, 1), (13, 1), (23, 1), (907, 1), (70849, 1)]
CAND 2594003079915 3076650 [(3, 3), (5, 1), (13, 1), (23, 1), (907, 1), (70853, 1)]
CAND 2594515634685 3062790 [(3, 3), (5, 1), (13, 1), (23, 1), (907, 1), (70867, 1)]
CAND 2594881745235 3052890 [(3, 3), (5, 1), (13, 1), (23, 1), (907, 1), (70877, 1)]
CAND 2594954967345 3050910 [(3, 3), (5, 1), (13, 1), (23, 1), (907, 1), (70879, 1)]
CAND 2595394300005 3039030 [(3, 3), (5, 1), (13, 1), (23, 1), (907, 1), (70891, 1)]
CAND 2595760410555 3029130 [(3, 3), (5, 1), (13, 1), (23, 1), (907, 1), (70901, 1)]
CAND 2596199743215 3017250 [(3, 3), (5, 1), (13, 1), (23, 1), (907, 1), (70913, 1)]
CAND 2596419409545 3011310 [(3, 3), (5, 1), (13, 1), (23, 1), (907, 1), (70919, 1)]
CAND 2596492631655 3009330 [(3, 3), (5, 1), (13, 1), (23, 1), (907, 1), (70921, 1)]
CAND 2597078408535 2993490 [(3, 3), (5, 1), (13, 1), (23, 1), (907, 1), (70937, 1)]
CAND 2597517741195 2981610 [(3, 3), (5, 1), (13, 1), (23, 1), (907, 1), (70949, 1)]
CAND 2597590963305 2979630 [(3, 3), (5, 1), (13, 1), (23, 1), (907, 1), (70951, 1)]
CAND 2597810629635 2973690 [(3, 3), (5, 1), (13, 1), (23, 1), (907, 1), (70957, 1)]
CAND 2598249962295 2961810 [(3, 3), (5, 1), (13, 1), (23, 1), (907, 1), (70969, 1)]
CAND 2598616072845 2951910 [(3, 3), (5, 1), (13, 1), (23, 1), (907, 1), (70979, 1)]
CAND 2598689294955 2949930 [(3, 3), (5, 1), (13, 1), (23, 1), (907, 1), (70981, 1)]
CAND 2599055405505 2940030 [(3, 3), (5, 1), (13, 1), (23, 1), (907, 1), (70991, 1)]
CAND 2599275071835 2934090 [(3, 3), (5, 1), (13, 1), (23, 1), (907, 1), (70997, 1)]
CAND 2599348293945 2932110 [(3, 3), (5, 1), (13, 1), (23, 1), (907, 1), (70999, 1)]
CAND 2599787626605 2920230 [(3, 3), (5, 1), (13, 1), (23, 1), (907, 1), (71011, 1)]
CAND 2600226959265 2908350 [(3, 3), (5, 1), (13, 1), (23, 1), (907, 1), (71023, 1)]
CAND 2600812736145 2892510 [(3, 3), (5, 1), (13, 1), (23, 1), (907, 1), (71039, 1)]
CAND 2601544957245 2872710 [(3, 3), (5, 1), (13, 1), (23, 1), (907, 1), (71059, 1)]
CAND 2601911067795 2862810 [(3, 3), (5, 1), (13, 1), (23, 1), (907, 1), (71069, 1)]
CAND 2602350400455 2850930 [(3, 3), (5, 1), (13, 1), (23, 1), (907, 1), (71081, 1)]
CAND 2602643288895 2843010 [(3, 3), (5, 1), (13, 1), (23, 1), (907, 1), (71089, 1)]
CAND 2603741620545 2813310 [(3, 3), (5, 1), (13, 1), (23, 1), (907, 1), (71119, 1)]
CAND 2604107731095 2803410 [(3, 3), (5, 1), (13, 1), (23, 1), (907, 1), (71129, 1)]
CAND 2604620285865 2789550 [(3, 3), (5, 1), (13, 1), (23, 1), (907, 1), (71143, 1)]
CAND 2604766730085 2785590 [(3, 3), (5, 1), (13, 1), (23, 1), (907, 1), (71147, 1)]
CAND 2604986396415 2779650 [(3, 3), (5, 1), (13, 1), (23, 1), (907, 1), (71153, 1)]
CAND 2605279284855 2771730 [(3, 3), (5, 1), (13, 1), (23, 1), (907, 1), (71161, 1)]
CAND 2605498951185 2765790 [(3, 3), (5, 1), (13, 1), (23, 1), (907, 1), (71167, 1)]
CAND 2605645395405 2761830 [(3, 3), (5, 1), (13, 1), (23, 1), (907, 1), (71171, 1)]
CAND 2606377616505 2742030 [(3, 3), (5, 1), (13, 1), (23, 1), (907, 1), (71191, 1)]
CAND 2607036615495 2724210 [(3, 3), (5, 1), (13, 1), (23, 1), (907, 1), (71209, 1)]
CAND 2607915280815 2700450 [(3, 3), (5, 1), (13, 1), (23, 1), (907, 1), (71233, 1)]
CAND 2608061725035 2696490 [(3, 3), (5, 1), (13, 1), (23, 1), (907, 1), (71237, 1)]
CAND 2608501057695 2684610 [(3, 3), (5, 1), (13, 1), (23, 1), (907, 1), (71249, 1)]
CAND 2608793946135 2676690 [(3, 3), (5, 1), (13, 1), (23, 1), (907, 1), (71257, 1)]
CAND 2608940390355 2672730 [(3, 3), (5, 1), (13, 1), (23, 1), (907, 1), (71261, 1)]
CAND 2609013612465 2670750 [(3, 3), (5, 1), (13, 1), (23, 1), (907, 1), (71263, 1)]
CAND 2609892277785 2646990 [(3, 3), (5, 1), (13, 1), (23, 1), (907, 1), (71287, 1)]
CAND 2610111944115 2641050 [(3, 3), (5, 1), (13, 1), (23, 1), (907, 1), (71293, 1)]
CAND 2610990609435 2617290 [(3, 3), (5, 1), (13, 1), (23, 1), (907, 1), (71317, 1)]
CAND 2611356719985 2607390 [(3, 3), (5, 1), (13, 1), (23, 1), (907, 1), (71327, 1)]
CAND 2611429942095 2605410 [(3, 3), (5, 1), (13, 1), (23, 1), (907, 1), (71329, 1)]
CAND 2611576386315 2601450 [(3, 3), (5, 1), (13, 1), (23, 1), (907, 1), (71333, 1)]
CAND 2611796052645 2595510 [(3, 3), (5, 1), (13, 1), (23, 1), (907, 1), (71339, 1)]
CAND 2611869274755 2593530 [(3, 3), (5, 1), (13, 1), (23, 1), (907, 1), (71341, 1)]
CAND 2612088941085 2587590 [(3, 3), (5, 1), (13, 1), (23, 1), (907, 1), (71347, 1)]
CAND 2612308607415 2581650 [(3, 3), (5, 1), (13, 1), (23, 1), (907, 1), (71353, 1)]
CAND 2612528273745 2575710 [(3, 3), (5, 1), (13, 1), (23, 1), (907, 1), (71359, 1)]
CAND 2612674717965 2571750 [(3, 3), (5, 1), (13, 1), (23, 1), (907, 1), (71363, 1)]
CAND 2613553383285 2547990 [(3, 3), (5, 1), (13, 1), (23, 1), (907, 1), (71387, 1)]
CAND 2613626605395 2546010 [(3, 3), (5, 1), (13, 1), (23, 1), (907, 1), (71389, 1)]
CAND 2613992715945 2536110 [(3, 3), (5, 1), (13, 1), (23, 1), (907, 1), (71399, 1)]
CAND 2614432048605 2524230 [(3, 3), (5, 1), (13, 1), (23, 1), (907, 1), (71411, 1)]
CAND 2614505270715 2522250 [(3, 3), (5, 1), (13, 1), (23, 1), (907, 1), (71413, 1)]
CAND 2614724937045 2516310 [(3, 3), (5, 1), (13, 1), (23, 1), (907, 1), (71419, 1)]
CAND 2615091047595 2506410 [(3, 3), (5, 1), (13, 1), (23, 1), (907, 1), (71429, 1)]
CAND 2615383936035 2498490 [(3, 3), (5, 1), (13, 1), (23, 1), (907, 1), (71437, 1)]
CAND 2615603602365 2492550 [(3, 3), (5, 1), (13, 1), (23, 1), (907, 1), (71443, 1)]
CAND 2615969712915 2482650 [(3, 3), (5, 1), (13, 1), (23, 1), (907, 1), (71453, 1)]
CAND 2616628711905 2464830 [(3, 3), (5, 1), (13, 1), (23, 1), (907, 1), (71471, 1)]
CAND 2616701934015 2462850 [(3, 3), (5, 1), (13, 1), (23, 1), (907, 1), (71473, 1)]
CAND 2616921600345 2456910 [(3, 3), (5, 1), (13, 1), (23, 1), (907, 1), (71479, 1)]
CAND 2617068044565 2452950 [(3, 3), (5, 1), (13, 1), (23, 1), (907, 1), (71483, 1)]
CAND 2617800265665 2433150 [(3, 3), (5, 1), (13, 1), (23, 1), (907, 1), (71503, 1)]
CAND 2618678930985 2409390 [(3, 3), (5, 1), (13, 1), (23, 1), (907, 1), (71527, 1)]
CAND 2619045041535 2399490 [(3, 3), (5, 1), (13, 1), (23, 1), (907, 1), (71537, 1)]
CAND 2619484374195 2387610 [(3, 3), (5, 1), (13, 1), (23, 1), (907, 1), (71549, 1)]
CAND 2619557596305 2385630 [(3, 3), (5, 1), (13, 1), (23, 1), (907, 1), (71551, 1)]
CAND 2619996928965 2373750 [(3, 3), (5, 1), (13, 1), (23, 1), (907, 1), (71563, 1)]
CAND 2620216595295 2367810 [(3, 3), (5, 1), (13, 1), (23, 1), (907, 1), (71569, 1)]
CAND 2621095260615 2344050 [(3, 3), (5, 1), (13, 1), (23, 1), (907, 1), (71593, 1)]
CAND 2621241704835 2340090 [(3, 3), (5, 1), (13, 1), (23, 1), (907, 1), (71597, 1)]
CAND 2622559702815 2304450 [(3, 3), (5, 1), (13, 1), (23, 1), (907, 1), (71633, 1)]
CAND 2623072257585 2290590 [(3, 3), (5, 1), (13, 1), (23, 1), (907, 1), (71647, 1)]
CAND 2623658034465 2274750 [(3, 3), (5, 1), (13, 1), (23, 1), (907, 1), (71663, 1)]
CAND 2623950922905 2266830 [(3, 3), (5, 1), (13, 1), (23, 1), (907, 1), (71671, 1)]
CAND 2624756366115 2245050 [(3, 3), (5, 1), (13, 1), (23, 1), (907, 1), (71693, 1)]
CAND 2624976032445 2239110 [(3, 3), (5, 1), (13, 1), (23, 1), (907, 1), (71699, 1)]
CAND 2625268920885 2231190 [(3, 3), (5, 1), (13, 1), (23, 1), (907, 1), (71707, 1)]
CAND 2625415365105 2227230 [(3, 3), (5, 1), (13, 1), (23, 1), (907, 1), (71711, 1)]
CAND 2625488587215 2225250 [(3, 3), (5, 1), (13, 1), (23, 1), (907, 1), (71713, 1)]
CAND 2625708253545 2219310 [(3, 3), (5, 1), (13, 1), (23, 1), (907, 1), (71719, 1)]
CAND 2626513696755 2197530 [(3, 3), (5, 1), (13, 1), (23, 1), (907, 1), (71741, 1)]
CAND 2627245917855 2177730 [(3, 3), (5, 1), (13, 1), (23, 1), (907, 1), (71761, 1)]
CAND 2627831694735 2161890 [(3, 3), (5, 1), (13, 1), (23, 1), (907, 1), (71777, 1)]
CAND 2628271027395 2150010 [(3, 3), (5, 1), (13, 1), (23, 1), (907, 1), (71789, 1)]
CAND 2628930026385 2132190 [(3, 3), (5, 1), (13, 1), (23, 1), (907, 1), (71807, 1)]
CAND 2629003248495 2130210 [(3, 3), (5, 1), (13, 1), (23, 1), (907, 1), (71809, 1)]
CAND 2629442581155 2118330 [(3, 3), (5, 1), (13, 1), (23, 1), (907, 1), (71821, 1)]
CAND 2630028358035 2102490 [(3, 3), (5, 1), (13, 1), (23, 1), (907, 1), (71837, 1)]
CAND 2630248024365 2096550 [(3, 3), (5, 1), (13, 1), (23, 1), (907, 1), (71843, 1)]
CAND 2630467690695 2090610 [(3, 3), (5, 1), (13, 1), (23, 1), (907, 1), (71849, 1)]
CAND 2630907023355 2078730 [(3, 3), (5, 1), (13, 1), (23, 1), (907, 1), (71861, 1)]
CAND 2631126689685 2072790 [(3, 3), (5, 1), (13, 1), (23, 1), (907, 1), (71867, 1)]
CAND 2631566022345 2060910 [(3, 3), (5, 1), (13, 1), (23, 1), (907, 1), (71879, 1)]
CAND 2631639244455 2058930 [(3, 3), (5, 1), (13, 1), (23, 1), (907, 1), (71881, 1)]
CAND 2631858910785 2052990 [(3, 3), (5, 1), (13, 1), (23, 1), (907, 1), (71887, 1)]
CAND 2632298243445 2041110 [(3, 3), (5, 1), (13, 1), (23, 1), (907, 1), (71899, 1)]
CAND 2632664353995 2031210 [(3, 3), (5, 1), (13, 1), (23, 1), (907, 1), (71909, 1)]
CAND 2632957242435 2023290 [(3, 3), (5, 1), (13, 1), (23, 1), (907, 1), (71917, 1)]
CAND 2633543019315 2007450 [(3, 3), (5, 1), (13, 1), (23, 1), (907, 1), (71933, 1)]
CAND 2633835907755 1999530 [(3, 3), (5, 1), (13, 1), (23, 1), (907, 1), (71941, 1)]
CAND 2634055574085 1993590 [(3, 3), (5, 1), (13, 1), (23, 1), (907, 1), (71947, 1)]
CAND 2634641350965 1977750 [(3, 3), (5, 1), (13, 1), (23, 1), (907, 1), (71963, 1)]
CAND 2634934239405 1969830 [(3, 3), (5, 1), (13, 1), (23, 1), (907, 1), (71971, 1)]
CAND 2635373572065 1957950 [(3, 3), (5, 1), (13, 1), (23, 1), (907, 1), (71983, 1)]
CAND 2635520016285 1953990 [(3, 3), (5, 1), (13, 1), (23, 1), (907, 1), (71987, 1)]
CAND 2635739682615 1948050 [(3, 3), (5, 1), (13, 1), (23, 1), (907, 1), (71993, 1)]
CAND 2635959348945 1942110 [(3, 3), (5, 1), (13, 1), (23, 1), (907, 1), (71999, 1)]
CAND 2636691570045 1922310 [(3, 3), (5, 1), (13, 1), (23, 1), (907, 1), (72019, 1)]
CAND 2637130902705 1910430 [(3, 3), (5, 1), (13, 1), (23, 1), (907, 1), (72031, 1)]
CAND 2637570235365 1898550 [(3, 3), (5, 1), (13, 1), (23, 1), (907, 1), (72043, 1)]
CAND 2637716679585 1894590 [(3, 3), (5, 1), (13, 1), (23, 1), (907, 1), (72047, 1)]
CAND 2637936345915 1888650 [(3, 3), (5, 1), (13, 1), (23, 1), (907, 1), (72053, 1)]
CAND 2638668567015 1868850 [(3, 3), (5, 1), (13, 1), (23, 1), (907, 1), (72073, 1)]
CAND 2638815011235 1864890 [(3, 3), (5, 1), (13, 1), (23, 1), (907, 1), (72077, 1)]
CAND 2639254343895 1853010 [(3, 3), (5, 1), (13, 1), (23, 1), (907, 1), (72089, 1)]
CAND 2639327566005 1851030 [(3, 3), (5, 1), (13, 1), (23, 1), (907, 1), (72091, 1)]
CAND 2639693676555 1841130 [(3, 3), (5, 1), (13, 1), (23, 1), (907, 1), (72101, 1)]
CAND 2639766898665 1839150 [(3, 3), (5, 1), (13, 1), (23, 1), (907, 1), (72103, 1)]
CAND 2639986564995 1833210 [(3, 3), (5, 1), (13, 1), (23, 1), (907, 1), (72109, 1)]
CAND 2641084896645 1803510 [(3, 3), (5, 1), (13, 1), (23, 1), (907, 1), (72139, 1)]
CAND 2641890339855 1781730 [(3, 3), (5, 1), (13, 1), (23, 1), (907, 1), (72161, 1)]
CAND 2642110006185 1775790 [(3, 3), (5, 1), (13, 1), (23, 1), (907, 1), (72167, 1)]
CAND 2642183228295 1773810 [(3, 3), (5, 1), (13, 1), (23, 1), (907, 1), (72169, 1)]
CAND 2642329672515 1769850 [(3, 3), (5, 1), (13, 1), (23, 1), (907, 1), (72173, 1)]
CAND 2643720892605 1732230 [(3, 3), (5, 1), (13, 1), (23, 1), (907, 1), (72211, 1)]
CAND 2644087003155 1722330 [(3, 3), (5, 1), (13, 1), (23, 1), (907, 1), (72221, 1)]
CAND 2644160225265 1720350 [(3, 3), (5, 1), (13, 1), (23, 1), (907, 1), (72223, 1)]
CAND 2644306669485 1716390 [(3, 3), (5, 1), (13, 1), (23, 1), (907, 1), (72227, 1)]
CAND 2644379891595 1714410 [(3, 3), (5, 1), (13, 1), (23, 1), (907, 1), (72229, 1)]
CAND 2645185334805 1692630 [(3, 3), (5, 1), (13, 1), (23, 1), (907, 1), (72251, 1)]
CAND 2645258556915 1690650 [(3, 3), (5, 1), (13, 1), (23, 1), (907, 1), (72253, 1)]
CAND 2645844333795 1674810 [(3, 3), (5, 1), (13, 1), (23, 1), (907, 1), (72269, 1)]
CAND 2645917555905 1672830 [(3, 3), (5, 1), (13, 1), (23, 1), (907, 1), (72271, 1)]
CAND 2646137222235 1666890 [(3, 3), (5, 1), (13, 1), (23, 1), (907, 1), (72277, 1)]
CAND 2646503332785 1656990 [(3, 3), (5, 1), (13, 1), (23, 1), (907, 1), (72287, 1)]
CAND 2647235553885 1637190 [(3, 3), (5, 1), (13, 1), (23, 1), (907, 1), (72307, 1)]
CAND 2647455220215 1631250 [(3, 3), (5, 1), (13, 1), (23, 1), (907, 1), (72313, 1)]
CAND 2648333885535 1607490 [(3, 3), (5, 1), (13, 1), (23, 1), (907, 1), (72337, 1)]
CAND 2648480329755 1603530 [(3, 3), (5, 1), (13, 1), (23, 1), (907, 1), (72341, 1)]
CAND 2648919662415 1591650 [(3, 3), (5, 1), (13, 1), (23, 1), (907, 1), (72353, 1)]
CAND 2649432217185 1577790 [(3, 3), (5, 1), (13, 1), (23, 1), (907, 1), (72367, 1)]
CAND 2649871549845 1565910 [(3, 3), (5, 1), (13, 1), (23, 1), (907, 1), (72379, 1)]
CAND 2650017994065 1561950 [(3, 3), (5, 1), (13, 1), (23, 1), (907, 1), (72383, 1)]
CAND 2651409214155 1524330 [(3, 3), (5, 1), (13, 1), (23, 1), (907, 1), (72421, 1)]
CAND 2651775324705 1514430 [(3, 3), (5, 1), (13, 1), (23, 1), (907, 1), (72431, 1)]
CAND 2652873656355 1484730 [(3, 3), (5, 1), (13, 1), (23, 1), (907, 1), (72461, 1)]
CAND 2653093322685 1478790 [(3, 3), (5, 1), (13, 1), (23, 1), (907, 1), (72467, 1)]
CAND 2653166544795 1476810 [(3, 3), (5, 1), (13, 1), (23, 1), (907, 1), (72469, 1)]
CAND 2653605877455 1464930 [(3, 3), (5, 1), (13, 1), (23, 1), (907, 1), (72481, 1)]
CAND 2654045210115 1453050 [(3, 3), (5, 1), (13, 1), (23, 1), (907, 1), (72493, 1)]
CAND 2654191654335 1449090 [(3, 3), (5, 1), (13, 1), (23, 1), (907, 1), (72497, 1)]
CAND 2654411320665 1443150 [(3, 3), (5, 1), (13, 1), (23, 1), (907, 1), (72503, 1)]
CAND 2655509652315 1413450 [(3, 3), (5, 1), (13, 1), (23, 1), (907, 1), (72533, 1)]
CAND 2656022207085 1399590 [(3, 3), (5, 1), (13, 1), (23, 1), (907, 1), (72547, 1)]
CAND 2656168651305 1395630 [(3, 3), (5, 1), (13, 1), (23, 1), (907, 1), (72551, 1)]
CAND 2656461539745 1387710 [(3, 3), (5, 1), (13, 1), (23, 1), (907, 1), (72559, 1)]
CAND 2657120538735 1369890 [(3, 3), (5, 1), (13, 1), (23, 1), (907, 1), (72577, 1)]
CAND 2658438536715 1334250 [(3, 3), (5, 1), (13, 1), (23, 1), (907, 1), (72613, 1)]
CAND 2658584980935 1330290 [(3, 3), (5, 1), (13, 1), (23, 1), (907, 1), (72617, 1)]
CAND 2658804647265 1324350 [(3, 3), (5, 1), (13, 1), (23, 1), (907, 1), (72623, 1)]
CAND 2659536868365 1304550 [(3, 3), (5, 1), (13, 1), (23, 1), (907, 1), (72643, 1)]
CAND 2659683312585 1300590 [(3, 3), (5, 1), (13, 1), (23, 1), (907, 1), (72647, 1)]
CAND 2659756534695 1298610 [(3, 3), (5, 1), (13, 1), (23, 1), (907, 1), (72649, 1)]
CAND 2660195867355 1286730 [(3, 3), (5, 1), (13, 1), (23, 1), (907, 1), (72661, 1)]
CAND 2660561977905 1276830 [(3, 3), (5, 1), (13, 1), (23, 1), (907, 1), (72671, 1)]
CAND 2660635200015 1274850 [(3, 3), (5, 1), (13, 1), (23, 1), (907, 1), (72673, 1)]
CAND 2660854866345 1268910 [(3, 3), (5, 1), (13, 1), (23, 1), (907, 1), (72679, 1)]
CAND 2661220976895 1259010 [(3, 3), (5, 1), (13, 1), (23, 1), (907, 1), (72689, 1)]
CAND 2661660309555 1247130 [(3, 3), (5, 1), (13, 1), (23, 1), (907, 1), (72701, 1)]
CAND 2661879975885 1241190 [(3, 3), (5, 1), (13, 1), (23, 1), (907, 1), (72707, 1)]
CAND 2662319308545 1229310 [(3, 3), (5, 1), (13, 1), (23, 1), (907, 1), (72719, 1)]
CAND 2662612196985 1221390 [(3, 3), (5, 1), (13, 1), (23, 1), (907, 1), (72727, 1)]
CAND 2662831863315 1215450 [(3, 3), (5, 1), (13, 1), (23, 1), (907, 1), (72733, 1)]
CAND 2663051529645 1209510 [(3, 3), (5, 1), (13, 1), (23, 1), (907, 1), (72739, 1)]
CAND 2663930194965 1185750 [(3, 3), (5, 1), (13, 1), (23, 1), (907, 1), (72763, 1)]
CAND 2664076639185 1181790 [(3, 3), (5, 1), (13, 1), (23, 1), (907, 1), (72767, 1)]
CAND 2665174970835 1152090 [(3, 3), (5, 1), (13, 1), (23, 1), (907, 1), (72797, 1)]
CAND 2665907191935 1132290 [(3, 3), (5, 1), (13, 1), (23, 1), (907, 1), (72817, 1)]
CAND 2666126858265 1126350 [(3, 3), (5, 1), (13, 1), (23, 1), (907, 1), (72823, 1)]
CAND 2667444856245 1090710 [(3, 3), (5, 1), (13, 1), (23, 1), (907, 1), (72859, 1)]
CAND 2667810966795 1080810 [(3, 3), (5, 1), (13, 1), (23, 1), (907, 1), (72869, 1)]
CAND 2667884188905 1078830 [(3, 3), (5, 1), (13, 1), (23, 1), (907, 1), (72871, 1)]
CAND 2668323521565 1066950 [(3, 3), (5, 1), (13, 1), (23, 1), (907, 1), (72883, 1)]
CAND 2668543187895 1061010 [(3, 3), (5, 1), (13, 1), (23, 1), (907, 1), (72889, 1)]
CAND 2668689632115 1057050 [(3, 3), (5, 1), (13, 1), (23, 1), (907, 1), (72893, 1)]
CAND 2668982520555 1049130 [(3, 3), (5, 1), (13, 1), (23, 1), (907, 1), (72901, 1)]
CAND 2669202186885 1043190 [(3, 3), (5, 1), (13, 1), (23, 1), (907, 1), (72907, 1)]
CAND 2669348631105 1039230 [(3, 3), (5, 1), (13, 1), (23, 1), (907, 1), (72911, 1)]
CAND 2669787963765 1027350 [(3, 3), (5, 1), (13, 1), (23, 1), (907, 1), (72923, 1)]
CAND 2670080852205 1019430 [(3, 3), (5, 1), (13, 1), (23, 1), (907, 1), (72931, 1)]
CAND 2670300518535 1013490 [(3, 3), (5, 1), (13, 1), (23, 1), (907, 1), (72937, 1)]
CAND 2670739851195 1001610 [(3, 3), (5, 1), (13, 1), (23, 1), (907, 1), (72949, 1)]
CAND 2670886295415 997650 [(3, 3), (5, 1), (13, 1), (23, 1), (907, 1), (72953, 1)]
CAND 2671105961745 991710 [(3, 3), (5, 1), (13, 1), (23, 1), (907, 1), (72959, 1)]
CAND 2671618516515 977850 [(3, 3), (5, 1), (13, 1), (23, 1), (907, 1), (72973, 1)]
CAND 2671764960735 973890 [(3, 3), (5, 1), (13, 1), (23, 1), (907, 1), (72977, 1)]
CAND 2672497181835 954090 [(3, 3), (5, 1), (13, 1), (23, 1), (907, 1), (72997, 1)]
CAND 2672936514495 942210 [(3, 3), (5, 1), (13, 1), (23, 1), (907, 1), (73009, 1)]
CAND 2673082958715 938250 [(3, 3), (5, 1), (13, 1), (23, 1), (907, 1), (73013, 1)]
CAND 2673302625045 932310 [(3, 3), (5, 1), (13, 1), (23, 1), (907, 1), (73019, 1)]
CAND 2673961624035 914490 [(3, 3), (5, 1), (13, 1), (23, 1), (907, 1), (73037, 1)]
CAND 2674034846145 912510 [(3, 3), (5, 1), (13, 1), (23, 1), (907, 1), (73039, 1)]
CAND 2674181290365 908550 [(3, 3), (5, 1), (13, 1), (23, 1), (907, 1), (73043, 1)]
CAND 2674840289355 890730 [(3, 3), (5, 1), (13, 1), (23, 1), (907, 1), (73061, 1)]
CAND 2674913511465 888750 [(3, 3), (5, 1), (13, 1), (23, 1), (907, 1), (73063, 1)]
CAND 2675499288345 872910 [(3, 3), (5, 1), (13, 1), (23, 1), (907, 1), (73079, 1)]
CAND 2675938621005 861030 [(3, 3), (5, 1), (13, 1), (23, 1), (907, 1), (73091, 1)]
CAND 2677036952655 831330 [(3, 3), (5, 1), (13, 1), (23, 1), (907, 1), (73121, 1)]
CAND 2677256618985 825390 [(3, 3), (5, 1), (13, 1), (23, 1), (907, 1), (73127, 1)]
CAND 2677476285315 819450 [(3, 3), (5, 1), (13, 1), (23, 1), (907, 1), (73133, 1)]
CAND 2677769173755 811530 [(3, 3), (5, 1), (13, 1), (23, 1), (907, 1), (73141, 1)]
CAND 2679233615955 771930 [(3, 3), (5, 1), (13, 1), (23, 1), (907, 1), (73181, 1)]
CAND 2679526504395 764010 [(3, 3), (5, 1), (13, 1), (23, 1), (907, 1), (73189, 1)]
CAND 2681283835035 716490 [(3, 3), (5, 1), (13, 1), (23, 1), (907, 1), (73237, 1)]
CAND 2681503501365 710550 [(3, 3), (5, 1), (13, 1), (23, 1), (907, 1), (73243, 1)]
CAND 2682089278245 694710 [(3, 3), (5, 1), (13, 1), (23, 1), (907, 1), (73259, 1)]
CAND 2682748277235 676890 [(3, 3), (5, 1), (13, 1), (23, 1), (907, 1), (73277, 1)]
CAND 2683260832005 663030 [(3, 3), (5, 1), (13, 1), (23, 1), (907, 1), (73291, 1)]
CAND 2683700164665 651150 [(3, 3), (5, 1), (13, 1), (23, 1), (907, 1), (73303, 1)]
CAND 2683919830995 645210 [(3, 3), (5, 1), (13, 1), (23, 1), (907, 1), (73309, 1)]
CAND 2684578829985 627390 [(3, 3), (5, 1), (13, 1), (23, 1), (907, 1), (73327, 1)]
CAND 2684725274205 623430 [(3, 3), (5, 1), (13, 1), (23, 1), (907, 1), (73331, 1)]
CAND 2685457495305 603630 [(3, 3), (5, 1), (13, 1), (23, 1), (907, 1), (73351, 1)]
CAND 2685823605855 593730 [(3, 3), (5, 1), (13, 1), (23, 1), (907, 1), (73361, 1)]
CAND 2685896827965 591750 [(3, 3), (5, 1), (13, 1), (23, 1), (907, 1), (73363, 1)]
CAND 2686116494295 585810 [(3, 3), (5, 1), (13, 1), (23, 1), (907, 1), (73369, 1)]
CAND 2686482604845 575910 [(3, 3), (5, 1), (13, 1), (23, 1), (907, 1), (73379, 1)]
CAND 2686775493285 567990 [(3, 3), (5, 1), (13, 1), (23, 1), (907, 1), (73387, 1)]
CAND 2687873824935 538290 [(3, 3), (5, 1), (13, 1), (23, 1), (907, 1), (73417, 1)]
CAND 2688020269155 534330 [(3, 3), (5, 1), (13, 1), (23, 1), (907, 1), (73421, 1)]
CAND 2688459601815 522450 [(3, 3), (5, 1), (13, 1), (23, 1), (907, 1), (73433, 1)]
CAND 2689191822915 502650 [(3, 3), (5, 1), (13, 1), (23, 1), (907, 1), (73453, 1)]
CAND 2689411489245 496710 [(3, 3), (5, 1), (13, 1), (23, 1), (907, 1), (73459, 1)]
CAND 2689850821905 484830 [(3, 3), (5, 1), (13, 1), (23, 1), (907, 1), (73471, 1)]
CAND 2690070488235 478890 [(3, 3), (5, 1), (13, 1), (23, 1), (907, 1), (73477, 1)]
CAND 2690290154565 472950 [(3, 3), (5, 1), (13, 1), (23, 1), (907, 1), (73483, 1)]
CAND 2691534930435 439290 [(3, 3), (5, 1), (13, 1), (23, 1), (907, 1), (73517, 1)]
CAND 2691754596765 433350 [(3, 3), (5, 1), (13, 1), (23, 1), (907, 1), (73523, 1)]
CAND 2691974263095 427410 [(3, 3), (5, 1), (13, 1), (23, 1), (907, 1), (73529, 1)]
CAND 2692633262085 409590 [(3, 3), (5, 1), (13, 1), (23, 1), (907, 1), (73547, 1)]
CAND 2692852928415 403650 [(3, 3), (5, 1), (13, 1), (23, 1), (907, 1), (73553, 1)]
CAND 2693145816855 395730 [(3, 3), (5, 1), (13, 1), (23, 1), (907, 1), (73561, 1)]
CAND 2693511927405 385830 [(3, 3), (5, 1), (13, 1), (23, 1), (907, 1), (73571, 1)]
CAND 2693951260065 373950 [(3, 3), (5, 1), (13, 1), (23, 1), (907, 1), (73583, 1)]
CAND 2694170926395 368010 [(3, 3), (5, 1), (13, 1), (23, 1), (907, 1), (73589, 1)]
CAND 2694463814835 360090 [(3, 3), (5, 1), (13, 1), (23, 1), (907, 1), (73597, 1)]
CAND 2694829925385 350190 [(3, 3), (5, 1), (13, 1), (23, 1), (907, 1), (73607, 1)]
CAND 2694903147495 348210 [(3, 3), (5, 1), (13, 1), (23, 1), (907, 1), (73609, 1)]
CAND 2695049591715 344250 [(3, 3), (5, 1), (13, 1), (23, 1), (907, 1), (73613, 1)]
CAND 2695928257035 320490 [(3, 3), (5, 1), (13, 1), (23, 1), (907, 1), (73637, 1)]
CAND 2696147923365 314550 [(3, 3), (5, 1), (13, 1), (23, 1), (907, 1), (73643, 1)]
CAND 2696440811805 306630 [(3, 3), (5, 1), (13, 1), (23, 1), (907, 1), (73651, 1)]
CAND 2697246255015 284850 [(3, 3), (5, 1), (13, 1), (23, 1), (907, 1), (73673, 1)]
CAND 2697465921345 278910 [(3, 3), (5, 1), (13, 1), (23, 1), (907, 1), (73679, 1)]
CAND 2697539143455 276930 [(3, 3), (5, 1), (13, 1), (23, 1), (907, 1), (73681, 1)]
CAND 2697978476115 265050 [(3, 3), (5, 1), (13, 1), (23, 1), (907, 1), (73693, 1)]
CAND 2698198142445 259110 [(3, 3), (5, 1), (13, 1), (23, 1), (907, 1), (73699, 1)]
CAND 2698564252995 249210 [(3, 3), (5, 1), (13, 1), (23, 1), (907, 1), (73709, 1)]
CAND 2699003585655 237330 [(3, 3), (5, 1), (13, 1), (23, 1), (907, 1), (73721, 1)]
CAND 2699223251985 231390 [(3, 3), (5, 1), (13, 1), (23, 1), (907, 1), (73727, 1)]
CAND 2700101917305 207630 [(3, 3), (5, 1), (13, 1), (23, 1), (907, 1), (73751, 1)]
CAND 2700321583635 201690 [(3, 3), (5, 1), (13, 1), (23, 1), (907, 1), (73757, 1)]
CAND 2700834138405 187830 [(3, 3), (5, 1), (13, 1), (23, 1), (907, 1), (73771, 1)]
CAND 2701273471065 175950 [(3, 3), (5, 1), (13, 1), (23, 1), (907, 1), (73783, 1)]
CAND 2702591469045 140310 [(3, 3), (5, 1), (13, 1), (23, 1), (907, 1), (73819, 1)]
CAND 2702737913265 136350 [(3, 3), (5, 1), (13, 1), (23, 1), (907, 1), (73823, 1)]
CAND 2703616578585 112590 [(3, 3), (5, 1), (13, 1), (23, 1), (907, 1), (73847, 1)]
CAND 2703689800695 110610 [(3, 3), (5, 1), (13, 1), (23, 1), (907, 1), (73849, 1)]
CAND 2704055911245 100710 [(3, 3), (5, 1), (13, 1), (23, 1), (907, 1), (73859, 1)]
CAND 2704348799685 92790 [(3, 3), (5, 1), (13, 1), (23, 1), (907, 1), (73867, 1)]
CAND 2704714910235 82890 [(3, 3), (5, 1), (13, 1), (23, 1), (907, 1), (73877, 1)]
CAND 2704934576565 76950 [(3, 3), (5, 1), (13, 1), (23, 1), (907, 1), (73883, 1)]
CAND 2705447131335 63090 [(3, 3), (5, 1), (13, 1), (23, 1), (907, 1), (73897, 1)]
CAND 2705813241885 53190 [(3, 3), (5, 1), (13, 1), (23, 1), (907, 1), (73907, 1)]
CAND 2706984795645 21510 [(3, 3), (5, 1), (13, 1), (23, 1), (907, 1), (73939, 1)]
CAND 2707131239865 17550 [(3, 3), (5, 1), (13, 1), (23, 1), (907, 1), (73943, 1)]
CAND 2707424128305 9630 [(3, 3), (5, 1), (13, 1), (23, 1), (907, 1), (73951, 1)]
progress: nodes=10,000,000 tested=1,153 found=0 n=482585509282044455235 elapsed=23s
progress: nodes=20,000,000 tested=1,153 found=0 n=1008210838053914469585 elapsed=63s
progress: nodes=30,000,000 tested=1,153 found=0 n=1548818868450773148255 elapsed=105s
progress: nodes=40,000,000 tested=1,153 found=0 n=2099161231457740265205 elapsed=147s
progress: nodes=50,000,000 tested=1,153 found=0 n=2656729251483384784005 elapsed=190s
progress: nodes=60,000,000 tested=1,153 found=0 n=3220033497675663556485 elapsed=233s
progress: nodes=70,000,000 tested=1,153 found=0 n=3788130667980227621715 elapsed=278s
progress: nodes=80,000,000 tested=1,153 found=0 n=4360298762623369160205 elapsed=323s
progress: nodes=90,000,000 tested=1,153 found=0 n=4936066458220532592945 elapsed=368s
progress: nodes=100,000,000 tested=1,153 found=0 n=5515004694577210389765 elapsed=412s
progress: nodes=110,000,000 tested=1,153 found=0 n=6096808211668615471095 elapsed=458s
progress: nodes=120,000,000 tested=1,153 found=0 n=6681222179355369192885 elapsed=504s
progress: nodes=130,000,000 tested=1,153 found=0 n=7267928681401108067295 elapsed=551s
progress: nodes=140,000,000 tested=1,153 found=0 n=7856874146883746587005 elapsed=597s
progress: nodes=150,000,000 tested=1,153 found=0 n=8447913887739661773945 elapsed=645s
progress: nodes=160,000,000 tested=1,153 found=0 n=9040791611622746002365 elapsed=696s
progress: nodes=170,000,000 tested=1,153 found=0 n=9635409903071366224785 elapsed=743s
progress: nodes=180,000,000 tested=1,153 found=0 n=10231685930782115866755 elapsed=790s
progress: nodes=190,000,000 tested=1,153 found=0 n=10829650975147834181235 elapsed=838s
progress: nodes=200,000,000 tested=1,153 found=0 n=11429131326009118142265 elapsed=885s

done in 900.0s | nodes=203,075,584 | tested=1,153 | weird=0
