search v2: odd=True, N_CAP=1.00e+24, DELTA_MAX=1.0e+07, MIN_DEPTH=6
SPF shard: smallest prime factor = 3
P2 sub-shard: second prime factor = 5
P3 sub-sub-shard: third prime factor = 13
progress: nodes=10,000,000 tested=0 found=0 n=95340673200994734825 elapsed=23s
progress: nodes=20,000,000 tested=0 found=0 n=199714656059548323525 elapsed=64s
progress: nodes=30,000,000 tested=0 found=0 n=307072791546308777925 elapsed=108s
progress: nodes=40,000,000 tested=0 found=0 n=416370931817318018775 elapsed=152s
CAND 494397060087037275675 9992970 [(3, 4), (5, 2), (13, 1), (389, 1), (52517, 1), (919301543, 1)]
CAND 494397069767372470725 9971910 [(3, 4), (5, 2), (13, 1), (389, 1), (52517, 1), (919301561, 1)]
CAND 494397083750078863575 9941490 [(3, 4), (5, 2), (13, 1), (389, 1), (52517, 1), (919301587, 1)]
CAND 494397105261934852575 9894690 [(3, 4), (5, 2), (13, 1), (389, 1), (52517, 1), (919301627, 1)]
CAND 494397108488713250925 9887670 [(3, 4), (5, 2), (13, 1), (389, 1), (52517, 1), (919301633, 1)]
CAND 494397145058868432225 9808110 [(3, 4), (5, 2), (13, 1), (389, 1), (52517, 1), (919301701, 1)]
CAND 494397160117167624525 9775350 [(3, 4), (5, 2), (13, 1), (389, 1), (52517, 1), (919301729, 1)]
CAND 494397161192760423975 9773010 [(3, 4), (5, 2), (13, 1), (389, 1), (52517, 1), (919301731, 1)]
CAND 494397173024281217925 9747270 [(3, 4), (5, 2), (13, 1), (389, 1), (52517, 1), (919301753, 1)]
CAND 494397185931394811325 9719190 [(3, 4), (5, 2), (13, 1), (389, 1), (52517, 1), (919301777, 1)]
CAND 494397196687322805825 9695790 [(3, 4), (5, 2), (13, 1), (389, 1), (52517, 1), (919301797, 1)]
CAND 494397209594436399225 9667710 [(3, 4), (5, 2), (13, 1), (389, 1), (52517, 1), (919301821, 1)]
CAND 494397224652735591525 9634950 [(3, 4), (5, 2), (13, 1), (389, 1), (52517, 1), (919301849, 1)]
CAND 494397232181885187675 9618570 [(3, 4), (5, 2), (13, 1), (389, 1), (52517, 1), (919301863, 1)]
CAND 494397248315777179425 9583470 [(3, 4), (5, 2), (13, 1), (389, 1), (52517, 1), (919301893, 1)]
CAND 494397261222890772825 9555390 [(3, 4), (5, 2), (13, 1), (389, 1), (52517, 1), (919301917, 1)]
CAND 494397264449669171175 9548370 [(3, 4), (5, 2), (13, 1), (389, 1), (52517, 1), (919301923, 1)]
CAND 494397280583561162925 9513270 [(3, 4), (5, 2), (13, 1), (389, 1), (52517, 1), (919301953, 1)]
CAND 494397298868638753575 9473490 [(3, 4), (5, 2), (13, 1), (389, 1), (52517, 1), (919301987, 1)]
CAND 494397299944231553025 9471150 [(3, 4), (5, 2), (13, 1), (389, 1), (52517, 1), (919301989, 1)]
CAND 494397315002530745325 9438390 [(3, 4), (5, 2), (13, 1), (389, 1), (52517, 1), (919302017, 1)]
CAND 494397321456087542025 9424350 [(3, 4), (5, 2), (13, 1), (389, 1), (52517, 1), (919302029, 1)]
CAND 494397332212015536525 9400950 [(3, 4), (5, 2), (13, 1), (389, 1), (52517, 1), (919302049, 1)]
CAND 494397344043536330475 9375210 [(3, 4), (5, 2), (13, 1), (389, 1), (52517, 1), (919302071, 1)]
CAND 494397348345907528275 9365850 [(3, 4), (5, 2), (13, 1), (389, 1), (52517, 1), (919302079, 1)]
CAND 494397377386913113425 9302670 [(3, 4), (5, 2), (13, 1), (389, 1), (52517, 1), (919302133, 1)]
CAND 494397382764877110675 9290970 [(3, 4), (5, 2), (13, 1), (389, 1), (52517, 1), (919302143, 1)]
CAND 494397387067248308475 9281610 [(3, 4), (5, 2), (13, 1), (389, 1), (52517, 1), (919302151, 1)]
CAND 494397398898769102425 9255870 [(3, 4), (5, 2), (13, 1), (389, 1), (52517, 1), (919302173, 1)]
CAND 494397429015367487025 9190350 [(3, 4), (5, 2), (13, 1), (389, 1), (52517, 1), (919302229, 1)]
CAND 494397438695702682075 9169290 [(3, 4), (5, 2), (13, 1), (389, 1), (52517, 1), (919302247, 1)]
CAND 494397444073666679325 9157590 [(3, 4), (5, 2), (13, 1), (389, 1), (52517, 1), (919302257, 1)]
CAND 494397454829594673825 9134190 [(3, 4), (5, 2), (13, 1), (389, 1), (52517, 1), (919302277, 1)]
CAND 494397458056373072175 9127170 [(3, 4), (5, 2), (13, 1), (389, 1), (52517, 1), (919302283, 1)]
CAND 494397466661115467775 9108450 [(3, 4), (5, 2), (13, 1), (389, 1), (52517, 1), (919302299, 1)]
CAND 494397467736708267225 9106110 [(3, 4), (5, 2), (13, 1), (389, 1), (52517, 1), (919302301, 1)]
CAND 494397476341450662825 9087390 [(3, 4), (5, 2), (13, 1), (389, 1), (52517, 1), (919302317, 1)]
CAND 494397479568229061175 9080370 [(3, 4), (5, 2), (13, 1), (389, 1), (52517, 1), (919302323, 1)]
CAND 494397500004492250725 9035910 [(3, 4), (5, 2), (13, 1), (389, 1), (52517, 1), (919302361, 1)]
CAND 494397503231270649075 9028890 [(3, 4), (5, 2), (13, 1), (389, 1), (52517, 1), (919302367, 1)]
CAND 494397509684827445775 9014850 [(3, 4), (5, 2), (13, 1), (389, 1), (52517, 1), (919302379, 1)]
CAND 494397511836013044675 9010170 [(3, 4), (5, 2), (13, 1), (389, 1), (52517, 1), (919302383, 1)]
CAND 494397537650240231475 8954010 [(3, 4), (5, 2), (13, 1), (389, 1), (52517, 1), (919302431, 1)]
CAND 494397551632946624325 8923590 [(3, 4), (5, 2), (13, 1), (389, 1), (52517, 1), (919302457, 1)]
CAND 494397557010910621575 8911890 [(3, 4), (5, 2), (13, 1), (389, 1), (52517, 1), (919302467, 1)]
CAND 494397560237689019925 8904870 [(3, 4), (5, 2), (13, 1), (389, 1), (52517, 1), (919302473, 1)]
CAND 494397567766838616075 8888490 [(3, 4), (5, 2), (13, 1), (389, 1), (52517, 1), (919302487, 1)]
CAND 494397574220395412775 8874450 [(3, 4), (5, 2), (13, 1), (389, 1), (52517, 1), (919302499, 1)]
CAND 494397579598359410025 8862750 [(3, 4), (5, 2), (13, 1), (389, 1), (52517, 1), (919302509, 1)]
CAND 494397632302406583075 8748090 [(3, 4), (5, 2), (13, 1), (389, 1), (52517, 1), (919302607, 1)]
CAND 494397638755963379775 8734050 [(3, 4), (5, 2), (13, 1), (389, 1), (52517, 1), (919302619, 1)]
CAND 494397640907148978675 8729370 [(3, 4), (5, 2), (13, 1), (389, 1), (52517, 1), (919302623, 1)]
CAND 494397657041040970425 8694270 [(3, 4), (5, 2), (13, 1), (389, 1), (52517, 1), (919302653, 1)]
CAND 494397661343412168225 8684910 [(3, 4), (5, 2), (13, 1), (389, 1), (52517, 1), (919302661, 1)]
CAND 494397669948154563825 8666190 [(3, 4), (5, 2), (13, 1), (389, 1), (52517, 1), (919302677, 1)]
CAND 494397671023747363275 8663850 [(3, 4), (5, 2), (13, 1), (389, 1), (52517, 1), (919302679, 1)]
CAND 494397677477304159975 8649810 [(3, 4), (5, 2), (13, 1), (389, 1), (52517, 1), (919302691, 1)]
CAND 494397682855268157225 8638110 [(3, 4), (5, 2), (13, 1), (389, 1), (52517, 1), (919302701, 1)]
CAND 494397721576608937425 8553870 [(3, 4), (5, 2), (13, 1), (389, 1), (52517, 1), (919302773, 1)]
CAND 494397725878980135225 8544510 [(3, 4), (5, 2), (13, 1), (389, 1), (52517, 1), (919302781, 1)]
CAND 494397737710500929175 8518770 [(3, 4), (5, 2), (13, 1), (389, 1), (52517, 1), (919302803, 1)]
CAND 494397740937279327525 8511750 [(3, 4), (5, 2), (13, 1), (389, 1), (52517, 1), (919302809, 1)]
CAND 494397748466428923675 8495370 [(3, 4), (5, 2), (13, 1), (389, 1), (52517, 1), (919302823, 1)]
CAND 494397758146764118725 8474310 [(3, 4), (5, 2), (13, 1), (389, 1), (52517, 1), (919302841, 1)]
CAND 494397773205063311025 8441550 [(3, 4), (5, 2), (13, 1), (389, 1), (52517, 1), (919302869, 1)]
CAND 494397777507434508825 8432190 [(3, 4), (5, 2), (13, 1), (389, 1), (52517, 1), (919302877, 1)]
CAND 494397780734212907175 8425170 [(3, 4), (5, 2), (13, 1), (389, 1), (52517, 1), (919302883, 1)]
CAND 494397789338955302775 8406450 [(3, 4), (5, 2), (13, 1), (389, 1), (52517, 1), (919302899, 1)]
CAND 494397795792512099475 8392410 [(3, 4), (5, 2), (13, 1), (389, 1), (52517, 1), (919302911, 1)]
CAND 494397800094883297275 8383050 [(3, 4), (5, 2), (13, 1), (389, 1), (52517, 1), (919302919, 1)]
CAND 494397815153182489575 8350290 [(3, 4), (5, 2), (13, 1), (389, 1), (52517, 1), (919302947, 1)]
CAND 494397818379960887925 8343270 [(3, 4), (5, 2), (13, 1), (389, 1), (52517, 1), (919302953, 1)]
CAND 494397828060296082975 8322210 [(3, 4), (5, 2), (13, 1), (389, 1), (52517, 1), (919302971, 1)]
CAND 494397838816224077475 8298810 [(3, 4), (5, 2), (13, 1), (389, 1), (52517, 1), (919302991, 1)]
CAND 494397842043002475825 8291790 [(3, 4), (5, 2), (13, 1), (389, 1), (52517, 1), (919302997, 1)]
CAND 494397845269780874175 8284770 [(3, 4), (5, 2), (13, 1), (389, 1), (52517, 1), (919303003, 1)]
CAND 494397863554858464825 8244990 [(3, 4), (5, 2), (13, 1), (389, 1), (52517, 1), (919303037, 1)]
CAND 494397871084008060975 8228610 [(3, 4), (5, 2), (13, 1), (389, 1), (52517, 1), (919303051, 1)]
CAND 494397880764343256025 8207550 [(3, 4), (5, 2), (13, 1), (389, 1), (52517, 1), (919303069, 1)]
CAND 494397886142307253275 8195850 [(3, 4), (5, 2), (13, 1), (389, 1), (52517, 1), (919303079, 1)]
CAND 494397887217900052725 8193510 [(3, 4), (5, 2), (13, 1), (389, 1), (52517, 1), (919303081, 1)]
CAND 494397895822642448325 8174790 [(3, 4), (5, 2), (13, 1), (389, 1), (52517, 1), (919303097, 1)]
CAND 494397906578570442825 8151390 [(3, 4), (5, 2), (13, 1), (389, 1), (52517, 1), (919303117, 1)]
CAND 494397913032127239525 8137350 [(3, 4), (5, 2), (13, 1), (389, 1), (52517, 1), (919303129, 1)]
CAND 494397918410091236775 8125650 [(3, 4), (5, 2), (13, 1), (389, 1), (52517, 1), (919303139, 1)]
CAND 494397925939240832925 8109270 [(3, 4), (5, 2), (13, 1), (389, 1), (52517, 1), (919303153, 1)]
CAND 494397929166019231275 8102250 [(3, 4), (5, 2), (13, 1), (389, 1), (52517, 1), (919303159, 1)]
CAND 494397942073132824675 8074170 [(3, 4), (5, 2), (13, 1), (389, 1), (52517, 1), (919303183, 1)]
CAND 494397947451096821925 8062470 [(3, 4), (5, 2), (13, 1), (389, 1), (52517, 1), (919303193, 1)]
CAND 494397958207024816425 8039070 [(3, 4), (5, 2), (13, 1), (389, 1), (52517, 1), (919303213, 1)]
CAND 494397976492102407075 7999290 [(3, 4), (5, 2), (13, 1), (389, 1), (52517, 1), (919303247, 1)]
CAND 494397993701587198275 7961850 [(3, 4), (5, 2), (13, 1), (389, 1), (52517, 1), (919303279, 1)]
CAND 494398006608700791675 7933770 [(3, 4), (5, 2), (13, 1), (389, 1), (52517, 1), (919303303, 1)]
CAND 494398009835479190025 7926750 [(3, 4), (5, 2), (13, 1), (389, 1), (52517, 1), (919303309, 1)]
CAND 494398021666999983975 7901010 [(3, 4), (5, 2), (13, 1), (389, 1), (52517, 1), (919303331, 1)]
CAND 494398024893778382325 7893990 [(3, 4), (5, 2), (13, 1), (389, 1), (52517, 1), (919303337, 1)]
CAND 494398031347335179025 7879950 [(3, 4), (5, 2), (13, 1), (389, 1), (52517, 1), (919303349, 1)]
CAND 494398032422927978475 7877610 [(3, 4), (5, 2), (13, 1), (389, 1), (52517, 1), (919303351, 1)]
CAND 494398057161562365825 7823790 [(3, 4), (5, 2), (13, 1), (389, 1), (52517, 1), (919303397, 1)]
CAND 494398060388340764175 7816770 [(3, 4), (5, 2), (13, 1), (389, 1), (52517, 1), (919303403, 1)]
CAND 494398070068675959225 7795710 [(3, 4), (5, 2), (13, 1), (389, 1), (52517, 1), (919303421, 1)]
CAND 494398079749011154275 7774650 [(3, 4), (5, 2), (13, 1), (389, 1), (52517, 1), (919303439, 1)]
CAND 494398087278160750425 7758270 [(3, 4), (5, 2), (13, 1), (389, 1), (52517, 1), (919303453, 1)]
CAND 494398113092387937225 7702110 [(3, 4), (5, 2), (13, 1), (389, 1), (52517, 1), (919303501, 1)]
CAND 494398116319166335575 7695090 [(3, 4), (5, 2), (13, 1), (389, 1), (52517, 1), (919303507, 1)]
CAND 494398124923908731175 7676370 [(3, 4), (5, 2), (13, 1), (389, 1), (52517, 1), (919303523, 1)]
CAND 494398151813728717425 7617870 [(3, 4), (5, 2), (13, 1), (389, 1), (52517, 1), (919303573, 1)]
CAND 494398160418471113025 7599150 [(3, 4), (5, 2), (13, 1), (389, 1), (52517, 1), (919303589, 1)]
CAND 494398170098806308075 7578090 [(3, 4), (5, 2), (13, 1), (389, 1), (52517, 1), (919303607, 1)]
CAND 494398187308291099275 7540650 [(3, 4), (5, 2), (13, 1), (389, 1), (52517, 1), (919303639, 1)]
CAND 494398200215404692675 7512570 [(3, 4), (5, 2), (13, 1), (389, 1), (52517, 1), (919303663, 1)]
CAND 494398234634374275075 7437690 [(3, 4), (5, 2), (13, 1), (389, 1), (52517, 1), (919303727, 1)]
CAND 494398250768266266825 7402590 [(3, 4), (5, 2), (13, 1), (389, 1), (52517, 1), (919303757, 1)]
CAND 494398257221823063525 7388550 [(3, 4), (5, 2), (13, 1), (389, 1), (52517, 1), (919303769, 1)]
CAND 494398266902158258575 7367490 [(3, 4), (5, 2), (13, 1), (389, 1), (52517, 1), (919303787, 1)]
CAND 494398267977751058025 7365150 [(3, 4), (5, 2), (13, 1), (389, 1), (52517, 1), (919303789, 1)]
CAND 494398290565199846475 7316010 [(3, 4), (5, 2), (13, 1), (389, 1), (52517, 1), (919303831, 1)]
CAND 494398295943163843725 7304310 [(3, 4), (5, 2), (13, 1), (389, 1), (52517, 1), (919303841, 1)]
CAND 494398331437726225575 7227090 [(3, 4), (5, 2), (13, 1), (389, 1), (52517, 1), (919303907, 1)]
CAND 494398347571618217325 7191990 [(3, 4), (5, 2), (13, 1), (389, 1), (52517, 1), (919303937, 1)]
CAND 494398348647211016775 7189650 [(3, 4), (5, 2), (13, 1), (389, 1), (52517, 1), (919303939, 1)]
CAND 494398354025175014025 7177950 [(3, 4), (5, 2), (13, 1), (389, 1), (52517, 1), (919303949, 1)]
CAND 494398363705510209075 7156890 [(3, 4), (5, 2), (13, 1), (389, 1), (52517, 1), (919303967, 1)]
CAND 494398376612623802475 7128810 [(3, 4), (5, 2), (13, 1), (389, 1), (52517, 1), (919303991, 1)]
CAND 494398377688216601925 7126470 [(3, 4), (5, 2), (13, 1), (389, 1), (52517, 1), (919303993, 1)]
CAND 494398387368551796975 7105410 [(3, 4), (5, 2), (13, 1), (389, 1), (52517, 1), (919304011, 1)]
CAND 494398392746515794225 7093710 [(3, 4), (5, 2), (13, 1), (389, 1), (52517, 1), (919304021, 1)]
CAND 494398413182778983775 7049250 [(3, 4), (5, 2), (13, 1), (389, 1), (52517, 1), (919304059, 1)]
CAND 494398438997006170575 6993090 [(3, 4), (5, 2), (13, 1), (389, 1), (52517, 1), (919304107, 1)]
CAND 494398444374970167825 6981390 [(3, 4), (5, 2), (13, 1), (389, 1), (52517, 1), (919304117, 1)]
CAND 494398451904119763975 6965010 [(3, 4), (5, 2), (13, 1), (389, 1), (52517, 1), (919304131, 1)]
CAND 494398455130898162325 6957990 [(3, 4), (5, 2), (13, 1), (389, 1), (52517, 1), (919304137, 1)]
CAND 494398458357676560675 6950970 [(3, 4), (5, 2), (13, 1), (389, 1), (52517, 1), (919304143, 1)]
CAND 494398473415975752975 6918210 [(3, 4), (5, 2), (13, 1), (389, 1), (52517, 1), (919304171, 1)]
CAND 494398490625460544175 6880770 [(3, 4), (5, 2), (13, 1), (389, 1), (52517, 1), (919304203, 1)]
CAND 494398493852238942525 6873750 [(3, 4), (5, 2), (13, 1), (389, 1), (52517, 1), (919304209, 1)]
CAND 494398496003424541425 6869070 [(3, 4), (5, 2), (13, 1), (389, 1), (52517, 1), (919304213, 1)]
CAND 494398499230202939775 6862050 [(3, 4), (5, 2), (13, 1), (389, 1), (52517, 1), (919304219, 1)]
CAND 494398505683759736475 6848010 [(3, 4), (5, 2), (13, 1), (389, 1), (52517, 1), (919304231, 1)]
CAND 494398506759352535925 6845670 [(3, 4), (5, 2), (13, 1), (389, 1), (52517, 1), (919304233, 1)]
CAND 494398516439687730975 6824610 [(3, 4), (5, 2), (13, 1), (389, 1), (52517, 1), (919304251, 1)]
CAND 494398521817651728225 6812910 [(3, 4), (5, 2), (13, 1), (389, 1), (52517, 1), (919304261, 1)]
CAND 494398560538992508425 6728670 [(3, 4), (5, 2), (13, 1), (389, 1), (52517, 1), (919304333, 1)]
CAND 494398563765770906775 6721650 [(3, 4), (5, 2), (13, 1), (389, 1), (52517, 1), (919304339, 1)]
CAND 494398579899662898525 6686550 [(3, 4), (5, 2), (13, 1), (389, 1), (52517, 1), (919304369, 1)]
CAND 494398587428812494675 6670170 [(3, 4), (5, 2), (13, 1), (389, 1), (52517, 1), (919304383, 1)]
CAND 494398590655590893025 6663150 [(3, 4), (5, 2), (13, 1), (389, 1), (52517, 1), (919304389, 1)]
CAND 494398597109147689725 6649110 [(3, 4), (5, 2), (13, 1), (389, 1), (52517, 1), (919304401, 1)]
CAND 494398603562704486425 6635070 [(3, 4), (5, 2), (13, 1), (389, 1), (52517, 1), (919304413, 1)]
CAND 494398641208452467175 6553170 [(3, 4), (5, 2), (13, 1), (389, 1), (52517, 1), (919304483, 1)]
CAND 494398644435230865525 6546150 [(3, 4), (5, 2), (13, 1), (389, 1), (52517, 1), (919304489, 1)]
CAND 494398655191158860025 6522750 [(3, 4), (5, 2), (13, 1), (389, 1), (52517, 1), (919304509, 1)]
CAND 494398657342344458925 6518070 [(3, 4), (5, 2), (13, 1), (389, 1), (52517, 1), (919304513, 1)]
CAND 494398686383350044075 6454890 [(3, 4), (5, 2), (13, 1), (389, 1), (52517, 1), (919304567, 1)]
CAND 494398708970798832525 6405750 [(3, 4), (5, 2), (13, 1), (389, 1), (52517, 1), (919304609, 1)]
CAND 494398716499948428675 6389370 [(3, 4), (5, 2), (13, 1), (389, 1), (52517, 1), (919304623, 1)]
CAND 494398719726726827025 6382350 [(3, 4), (5, 2), (13, 1), (389, 1), (52517, 1), (919304629, 1)]
CAND 494398731558247620975 6356610 [(3, 4), (5, 2), (13, 1), (389, 1), (52517, 1), (919304651, 1)]
CAND 494398732633840420425 6354270 [(3, 4), (5, 2), (13, 1), (389, 1), (52517, 1), (919304653, 1)]
CAND 494398747692139612725 6321510 [(3, 4), (5, 2), (13, 1), (389, 1), (52517, 1), (919304681, 1)]
CAND 494398786413480392925 6237270 [(3, 4), (5, 2), (13, 1), (389, 1), (52517, 1), (919304753, 1)]
CAND 494398813303300379175 6178770 [(3, 4), (5, 2), (13, 1), (389, 1), (52517, 1), (919304803, 1)]
CAND 494398815454485978075 6174090 [(3, 4), (5, 2), (13, 1), (389, 1), (52517, 1), (919304807, 1)]
CAND 494398822983635574225 6157710 [(3, 4), (5, 2), (13, 1), (389, 1), (52517, 1), (919304821, 1)]
CAND 494398883216832343425 6026670 [(3, 4), (5, 2), (13, 1), (389, 1), (52517, 1), (919304933, 1)]
CAND 494398892897167538475 6005610 [(3, 4), (5, 2), (13, 1), (389, 1), (52517, 1), (919304951, 1)]
CAND 494398896123945936825 5998590 [(3, 4), (5, 2), (13, 1), (389, 1), (52517, 1), (919304957, 1)]
CAND 494398910106652329675 5968170 [(3, 4), (5, 2), (13, 1), (389, 1), (52517, 1), (919304983, 1)]
CAND 494398913333430728025 5961150 [(3, 4), (5, 2), (13, 1), (389, 1), (52517, 1), (919304989, 1)]
CAND 494398925164951521975 5935410 [(3, 4), (5, 2), (13, 1), (389, 1), (52517, 1), (919305011, 1)]
CAND 494398934845286717025 5914350 [(3, 4), (5, 2), (13, 1), (389, 1), (52517, 1), (919305029, 1)]
CAND 494398942374436313175 5897970 [(3, 4), (5, 2), (13, 1), (389, 1), (52517, 1), (919305043, 1)]
CAND 494398952054771508225 5876910 [(3, 4), (5, 2), (13, 1), (389, 1), (52517, 1), (919305061, 1)]
CAND 494398963886292302175 5851170 [(3, 4), (5, 2), (13, 1), (389, 1), (52517, 1), (919305083, 1)]
CAND 494398968188663499975 5841810 [(3, 4), (5, 2), (13, 1), (389, 1), (52517, 1), (919305091, 1)]
CAND 494398971415441898325 5834790 [(3, 4), (5, 2), (13, 1), (389, 1), (52517, 1), (919305097, 1)]
CAND 494399005834411480725 5759910 [(3, 4), (5, 2), (13, 1), (389, 1), (52517, 1), (919305161, 1)]
CAND 494399010136782678525 5750550 [(3, 4), (5, 2), (13, 1), (389, 1), (52517, 1), (919305169, 1)]
CAND 494399012287968277425 5745870 [(3, 4), (5, 2), (13, 1), (389, 1), (52517, 1), (919305173, 1)]
CAND 494399019817117873575 5729490 [(3, 4), (5, 2), (13, 1), (389, 1), (52517, 1), (919305187, 1)]
CAND 494399039177788263675 5687370 [(3, 4), (5, 2), (13, 1), (389, 1), (52517, 1), (919305223, 1)]
CAND 494399041328973862575 5682690 [(3, 4), (5, 2), (13, 1), (389, 1), (52517, 1), (919305227, 1)]
CAND 494399054236087455975 5654610 [(3, 4), (5, 2), (13, 1), (389, 1), (52517, 1), (919305251, 1)]
CAND 494399058538458653775 5645250 [(3, 4), (5, 2), (13, 1), (389, 1), (52517, 1), (919305259, 1)]
CAND 494399060689644252675 5640570 [(3, 4), (5, 2), (13, 1), (389, 1), (52517, 1), (919305263, 1)]
CAND 494399073596757846075 5612490 [(3, 4), (5, 2), (13, 1), (389, 1), (52517, 1), (919305287, 1)]
CAND 494399109091320227925 5535270 [(3, 4), (5, 2), (13, 1), (389, 1), (52517, 1), (919305353, 1)]
CAND 494399118771655422975 5514210 [(3, 4), (5, 2), (13, 1), (389, 1), (52517, 1), (919305371, 1)]
CAND 494399129527583417475 5490810 [(3, 4), (5, 2), (13, 1), (389, 1), (52517, 1), (919305391, 1)]
CAND 494399132754361815825 5483790 [(3, 4), (5, 2), (13, 1), (389, 1), (52517, 1), (919305397, 1)]
CAND 494399145661475409225 5455710 [(3, 4), (5, 2), (13, 1), (389, 1), (52517, 1), (919305421, 1)]
CAND 494399160719774601525 5422950 [(3, 4), (5, 2), (13, 1), (389, 1), (52517, 1), (919305449, 1)]
CAND 494399161795367400975 5420610 [(3, 4), (5, 2), (13, 1), (389, 1), (52517, 1), (919305451, 1)]
CAND 494399170400109796575 5401890 [(3, 4), (5, 2), (13, 1), (389, 1), (52517, 1), (919305467, 1)]
CAND 494399173626888194925 5394870 [(3, 4), (5, 2), (13, 1), (389, 1), (52517, 1), (919305473, 1)]
CAND 494399176853666593275 5387850 [(3, 4), (5, 2), (13, 1), (389, 1), (52517, 1), (919305479, 1)]
CAND 494399181156037791075 5378490 [(3, 4), (5, 2), (13, 1), (389, 1), (52517, 1), (919305487, 1)]
CAND 494399192987558585025 5352750 [(3, 4), (5, 2), (13, 1), (389, 1), (52517, 1), (919305509, 1)]
CAND 494399203743486579525 5329350 [(3, 4), (5, 2), (13, 1), (389, 1), (52517, 1), (919305529, 1)]
CAND 494399205894672178425 5324670 [(3, 4), (5, 2), (13, 1), (389, 1), (52517, 1), (919305533, 1)]
CAND 494399216650600172925 5301270 [(3, 4), (5, 2), (13, 1), (389, 1), (52517, 1), (919305553, 1)]
CAND 494399219877378571275 5294250 [(3, 4), (5, 2), (13, 1), (389, 1), (52517, 1), (919305559, 1)]
CAND 494399229557713766325 5273190 [(3, 4), (5, 2), (13, 1), (389, 1), (52517, 1), (919305577, 1)]
CAND 494399231708899365225 5268510 [(3, 4), (5, 2), (13, 1), (389, 1), (52517, 1), (919305581, 1)]
CAND 494399254296348153675 5219370 [(3, 4), (5, 2), (13, 1), (389, 1), (52517, 1), (919305623, 1)]
CAND 494399258598719351475 5210010 [(3, 4), (5, 2), (13, 1), (389, 1), (52517, 1), (919305631, 1)]
CAND 494399261825497749825 5202990 [(3, 4), (5, 2), (13, 1), (389, 1), (52517, 1), (919305637, 1)]
CAND 494399263976683348725 5198310 [(3, 4), (5, 2), (13, 1), (389, 1), (52517, 1), (919305641, 1)]
CAND 494399296244467332225 5128110 [(3, 4), (5, 2), (13, 1), (389, 1), (52517, 1), (919305701, 1)]
CAND 494399297320060131675 5125770 [(3, 4), (5, 2), (13, 1), (389, 1), (52517, 1), (919305703, 1)]
CAND 494399307000395326725 5104710 [(3, 4), (5, 2), (13, 1), (389, 1), (52517, 1), (919305721, 1)]
CAND 494399331739029714075 5050890 [(3, 4), (5, 2), (13, 1), (389, 1), (52517, 1), (919305767, 1)]
CAND 494399354326478502525 5001750 [(3, 4), (5, 2), (13, 1), (389, 1), (52517, 1), (919305809, 1)]
CAND 494399358628849700325 4992390 [(3, 4), (5, 2), (13, 1), (389, 1), (52517, 1), (919305817, 1)]
CAND 494399367233592095925 4973670 [(3, 4), (5, 2), (13, 1), (389, 1), (52517, 1), (919305833, 1)]
CAND 494399370460370494275 4966650 [(3, 4), (5, 2), (13, 1), (389, 1), (52517, 1), (919305839, 1)]
CAND 494399371535963293725 4964310 [(3, 4), (5, 2), (13, 1), (389, 1), (52517, 1), (919305841, 1)]
CAND 494399374762741692075 4957290 [(3, 4), (5, 2), (13, 1), (389, 1), (52517, 1), (919305847, 1)]
CAND 494399386594262486025 4931550 [(3, 4), (5, 2), (13, 1), (389, 1), (52517, 1), (919305869, 1)]
CAND 494399410257304073925 4880070 [(3, 4), (5, 2), (13, 1), (389, 1), (52517, 1), (919305913, 1)]
CAND 494399412408489672825 4875390 [(3, 4), (5, 2), (13, 1), (389, 1), (52517, 1), (919305917, 1)]
CAND 494399431769160062925 4833270 [(3, 4), (5, 2), (13, 1), (389, 1), (52517, 1), (919305953, 1)]
CAND 494399439298309659075 4816890 [(3, 4), (5, 2), (13, 1), (389, 1), (52517, 1), (919305967, 1)]
CAND 494399441449495257975 4812210 [(3, 4), (5, 2), (13, 1), (389, 1), (52517, 1), (919305971, 1)]
CAND 494399457583387249725 4777110 [(3, 4), (5, 2), (13, 1), (389, 1), (52517, 1), (919306001, 1)]
CAND 494399480170836038175 4727970 [(3, 4), (5, 2), (13, 1), (389, 1), (52517, 1), (919306043, 1)]
CAND 494399499531506428275 4685850 [(3, 4), (5, 2), (13, 1), (389, 1), (52517, 1), (919306079, 1)]
CAND 494399512438620021675 4657770 [(3, 4), (5, 2), (13, 1), (389, 1), (52517, 1), (919306103, 1)]
CAND 494399523194548016175 4634370 [(3, 4), (5, 2), (13, 1), (389, 1), (52517, 1), (919306123, 1)]
CAND 494399539328440007925 4599270 [(3, 4), (5, 2), (13, 1), (389, 1), (52517, 1), (919306153, 1)]
CAND 494399547933182403525 4580550 [(3, 4), (5, 2), (13, 1), (389, 1), (52517, 1), (919306169, 1)]
CAND 494399568369445593075 4536090 [(3, 4), (5, 2), (13, 1), (389, 1), (52517, 1), (919306207, 1)]
CAND 494399570520631191975 4531410 [(3, 4), (5, 2), (13, 1), (389, 1), (52517, 1), (919306211, 1)]
CAND 494399596334858378775 4475250 [(3, 4), (5, 2), (13, 1), (389, 1), (52517, 1), (919306259, 1)]
CAND 494399597410451178225 4472910 [(3, 4), (5, 2), (13, 1), (389, 1), (52517, 1), (919306261, 1)]
CAND 494399603864007974925 4458870 [(3, 4), (5, 2), (13, 1), (389, 1), (52517, 1), (919306273, 1)]
CAND 494399622149085565575 4419090 [(3, 4), (5, 2), (13, 1), (389, 1), (52517, 1), (919306307, 1)]
CAND 494399625375863963925 4412070 [(3, 4), (5, 2), (13, 1), (389, 1), (52517, 1), (919306313, 1)]
CAND 494399628602642362275 4405050 [(3, 4), (5, 2), (13, 1), (389, 1), (52517, 1), (919306319, 1)]
CAND 494399638282977557325 4383990 [(3, 4), (5, 2), (13, 1), (389, 1), (52517, 1), (919306337, 1)]
CAND 494399655492462348525 4346550 [(3, 4), (5, 2), (13, 1), (389, 1), (52517, 1), (919306369, 1)]
CAND 494399660870426345775 4334850 [(3, 4), (5, 2), (13, 1), (389, 1), (52517, 1), (919306379, 1)]
CAND 494399687760246332025 4276350 [(3, 4), (5, 2), (13, 1), (389, 1), (52517, 1), (919306429, 1)]
CAND 494399693138210329275 4264650 [(3, 4), (5, 2), (13, 1), (389, 1), (52517, 1), (919306439, 1)]
CAND 494399703894138323775 4241250 [(3, 4), (5, 2), (13, 1), (389, 1), (52517, 1), (919306459, 1)]
CAND 494399725405994312775 4194450 [(3, 4), (5, 2), (13, 1), (389, 1), (52517, 1), (919306499, 1)]
CAND 494399732935143908925 4178070 [(3, 4), (5, 2), (13, 1), (389, 1), (52517, 1), (919306513, 1)]
CAND 494399758749371095725 4121910 [(3, 4), (5, 2), (13, 1), (389, 1), (52517, 1), (919306561, 1)]
CAND 494399786714783881425 4061070 [(3, 4), (5, 2), (13, 1), (389, 1), (52517, 1), (919306613, 1)]
CAND 494399794243933477575 4044690 [(3, 4), (5, 2), (13, 1), (389, 1), (52517, 1), (919306627, 1)]
CAND 494399800697490274275 4030650 [(3, 4), (5, 2), (13, 1), (389, 1), (52517, 1), (919306639, 1)]
CAND 494399815755789466575 3997890 [(3, 4), (5, 2), (13, 1), (389, 1), (52517, 1), (919306667, 1)]
CAND 494399816831382266025 3995550 [(3, 4), (5, 2), (13, 1), (389, 1), (52517, 1), (919306669, 1)]
CAND 494399818982567864925 3990870 [(3, 4), (5, 2), (13, 1), (389, 1), (52517, 1), (919306673, 1)]
CAND 494399828662903059975 3969810 [(3, 4), (5, 2), (13, 1), (389, 1), (52517, 1), (919306691, 1)]
CAND 494399838343238255025 3948750 [(3, 4), (5, 2), (13, 1), (389, 1), (52517, 1), (919306709, 1)]
CAND 494399848023573450075 3927690 [(3, 4), (5, 2), (13, 1), (389, 1), (52517, 1), (919306727, 1)]
CAND 494399871686615037975 3876210 [(3, 4), (5, 2), (13, 1), (389, 1), (52517, 1), (919306771, 1)]
CAND 494399897500842224775 3820050 [(3, 4), (5, 2), (13, 1), (389, 1), (52517, 1), (919306819, 1)]
CAND 494399903954399021475 3806010 [(3, 4), (5, 2), (13, 1), (389, 1), (52517, 1), (919306831, 1)]
CAND 494399907181177419825 3798990 [(3, 4), (5, 2), (13, 1), (389, 1), (52517, 1), (919306837, 1)]
CAND 494399928693033408825 3752190 [(3, 4), (5, 2), (13, 1), (389, 1), (52517, 1), (919306877, 1)]
CAND 494399941600147002225 3724110 [(3, 4), (5, 2), (13, 1), (389, 1), (52517, 1), (919306901, 1)]
CAND 494399951280482197275 3703050 [(3, 4), (5, 2), (13, 1), (389, 1), (52517, 1), (919306919, 1)]
CAND 494399960960817392325 3681990 [(3, 4), (5, 2), (13, 1), (389, 1), (52517, 1), (919306937, 1)]
CAND 494399962036410191775 3679650 [(3, 4), (5, 2), (13, 1), (389, 1), (52517, 1), (919306939, 1)]
CAND 494399999682158172525 3597750 [(3, 4), (5, 2), (13, 1), (389, 1), (52517, 1), (919307009, 1)]
CAND 494400006135714969225 3583710 [(3, 4), (5, 2), (13, 1), (389, 1), (52517, 1), (919307021, 1)]
CAND 494400007211307768675 3581370 [(3, 4), (5, 2), (13, 1), (389, 1), (52517, 1), (919307023, 1)]
CAND 494400033025534955475 3525210 [(3, 4), (5, 2), (13, 1), (389, 1), (52517, 1), (919307071, 1)]
CAND 494400058839762142275 3469050 [(3, 4), (5, 2), (13, 1), (389, 1), (52517, 1), (919307119, 1)]
CAND 494400080351618131275 3422250 [(3, 4), (5, 2), (13, 1), (389, 1), (52517, 1), (919307159, 1)]
CAND 494400084653989329075 3412890 [(3, 4), (5, 2), (13, 1), (389, 1), (52517, 1), (919307167, 1)]
CAND 494400093258731724675 3394170 [(3, 4), (5, 2), (13, 1), (389, 1), (52517, 1), (919307183, 1)]
CAND 494400100787881320825 3377790 [(3, 4), (5, 2), (13, 1), (389, 1), (52517, 1), (919307197, 1)]
CAND 494400107241438117525 3363750 [(3, 4), (5, 2), (13, 1), (389, 1), (52517, 1), (919307209, 1)]
CAND 494400122299737309825 3330990 [(3, 4), (5, 2), (13, 1), (389, 1), (52517, 1), (919307237, 1)]
CAND 494400125526515708175 3323970 [(3, 4), (5, 2), (13, 1), (389, 1), (52517, 1), (919307243, 1)]
CAND 494400154567521293325 3260790 [(3, 4), (5, 2), (13, 1), (389, 1), (52517, 1), (919307297, 1)]
CAND 494400177154970081775 3211650 [(3, 4), (5, 2), (13, 1), (389, 1), (52517, 1), (919307339, 1)]
CAND 494400178230562881225 3209310 [(3, 4), (5, 2), (13, 1), (389, 1), (52517, 1), (919307341, 1)]
CAND 494400200818011669675 3160170 [(3, 4), (5, 2), (13, 1), (389, 1), (52517, 1), (919307383, 1)]
CAND 494400209422754065275 3141450 [(3, 4), (5, 2), (13, 1), (389, 1), (52517, 1), (919307399, 1)]
CAND 494400216951903661425 3125070 [(3, 4), (5, 2), (13, 1), (389, 1), (52517, 1), (919307413, 1)]
CAND 494400225556646057025 3106350 [(3, 4), (5, 2), (13, 1), (389, 1), (52517, 1), (919307429, 1)]
CAND 494400242766130848225 3068910 [(3, 4), (5, 2), (13, 1), (389, 1), (52517, 1), (919307461, 1)]
CAND 494400248144094845475 3057210 [(3, 4), (5, 2), (13, 1), (389, 1), (52517, 1), (919307471, 1)]
CAND 494400257824430040525 3036150 [(3, 4), (5, 2), (13, 1), (389, 1), (52517, 1), (919307489, 1)]
CAND 494400258900022839975 3033810 [(3, 4), (5, 2), (13, 1), (389, 1), (52517, 1), (919307491, 1)]
CAND 494400283638657227325 2979990 [(3, 4), (5, 2), (13, 1), (389, 1), (52517, 1), (919307537, 1)]
CAND 494400290092214024025 2965950 [(3, 4), (5, 2), (13, 1), (389, 1), (52517, 1), (919307549, 1)]
CAND 494400296545770820725 2951910 [(3, 4), (5, 2), (13, 1), (389, 1), (52517, 1), (919307561, 1)]
CAND 494400299772549219075 2944890 [(3, 4), (5, 2), (13, 1), (389, 1), (52517, 1), (919307567, 1)]
CAND 494400307301698815225 2928510 [(3, 4), (5, 2), (13, 1), (389, 1), (52517, 1), (919307581, 1)]
CAND 494400313755255611925 2914470 [(3, 4), (5, 2), (13, 1), (389, 1), (52517, 1), (919307593, 1)]
CAND 494400333115926002025 2872350 [(3, 4), (5, 2), (13, 1), (389, 1), (52517, 1), (919307629, 1)]
CAND 494400349249817993775 2837250 [(3, 4), (5, 2), (13, 1), (389, 1), (52517, 1), (919307659, 1)]
CAND 494400364308117186075 2804490 [(3, 4), (5, 2), (13, 1), (389, 1), (52517, 1), (919307687, 1)]
CAND 494400365383709985525 2802150 [(3, 4), (5, 2), (13, 1), (389, 1), (52517, 1), (919307689, 1)]
CAND 494400367534895584425 2797470 [(3, 4), (5, 2), (13, 1), (389, 1), (52517, 1), (919307693, 1)]
CAND 494400386895565974525 2755350 [(3, 4), (5, 2), (13, 1), (389, 1), (52517, 1), (919307729, 1)]
CAND 494400387971158773975 2753010 [(3, 4), (5, 2), (13, 1), (389, 1), (52517, 1), (919307731, 1)]
CAND 494400396575901169575 2734290 [(3, 4), (5, 2), (13, 1), (389, 1), (52517, 1), (919307747, 1)]
CAND 494400397651493969025 2731950 [(3, 4), (5, 2), (13, 1), (389, 1), (52517, 1), (919307749, 1)]
CAND 494400423465721155825 2675790 [(3, 4), (5, 2), (13, 1), (389, 1), (52517, 1), (919307797, 1)]
CAND 494400426692499554175 2668770 [(3, 4), (5, 2), (13, 1), (389, 1), (52517, 1), (919307803, 1)]
CAND 494400446053169944275 2626650 [(3, 4), (5, 2), (13, 1), (389, 1), (52517, 1), (919307839, 1)]
CAND 494400461111469136575 2593890 [(3, 4), (5, 2), (13, 1), (389, 1), (52517, 1), (919307867, 1)]
CAND 494400478320953927775 2556450 [(3, 4), (5, 2), (13, 1), (389, 1), (52517, 1), (919307899, 1)]
CAND 494400480472139526675 2551770 [(3, 4), (5, 2), (13, 1), (389, 1), (52517, 1), (919307903, 1)]
CAND 494400491228067521175 2528370 [(3, 4), (5, 2), (13, 1), (389, 1), (52517, 1), (919307923, 1)]
CAND 494400496606031518425 2516670 [(3, 4), (5, 2), (13, 1), (389, 1), (52517, 1), (919307933, 1)]
CAND 494400504135181114575 2500290 [(3, 4), (5, 2), (13, 1), (389, 1), (52517, 1), (919307947, 1)]
CAND 494400522420258705225 2460510 [(3, 4), (5, 2), (13, 1), (389, 1), (52517, 1), (919307981, 1)]
CAND 494400528873815501925 2446470 [(3, 4), (5, 2), (13, 1), (389, 1), (52517, 1), (919307993, 1)]
CAND 494400533176186699725 2437110 [(3, 4), (5, 2), (13, 1), (389, 1), (52517, 1), (919308001, 1)]
CAND 494400541780929095325 2418390 [(3, 4), (5, 2), (13, 1), (389, 1), (52517, 1), (919308017, 1)]
CAND 494400552536857089825 2394990 [(3, 4), (5, 2), (13, 1), (389, 1), (52517, 1), (919308037, 1)]
CAND 494400554688042688725 2390310 [(3, 4), (5, 2), (13, 1), (389, 1), (52517, 1), (919308041, 1)]
CAND 494400555763635488175 2387970 [(3, 4), (5, 2), (13, 1), (389, 1), (52517, 1), (919308043, 1)]
CAND 494400564368377883775 2369250 [(3, 4), (5, 2), (13, 1), (389, 1), (52517, 1), (919308059, 1)]
CAND 494400568670749081575 2359890 [(3, 4), (5, 2), (13, 1), (389, 1), (52517, 1), (919308067, 1)]
CAND 494400597711754666725 2296710 [(3, 4), (5, 2), (13, 1), (389, 1), (52517, 1), (919308121, 1)]
CAND 494400600938533065075 2289690 [(3, 4), (5, 2), (13, 1), (389, 1), (52517, 1), (919308127, 1)]
CAND 494400617072425056825 2254590 [(3, 4), (5, 2), (13, 1), (389, 1), (52517, 1), (919308157, 1)]
CAND 494400638584281045825 2207790 [(3, 4), (5, 2), (13, 1), (389, 1), (52517, 1), (919308197, 1)]
CAND 494400646113430641975 2191410 [(3, 4), (5, 2), (13, 1), (389, 1), (52517, 1), (919308211, 1)]
CAND 494400674078843427675 2130570 [(3, 4), (5, 2), (13, 1), (389, 1), (52517, 1), (919308263, 1)]
CAND 494400681607993023825 2114190 [(3, 4), (5, 2), (13, 1), (389, 1), (52517, 1), (919308277, 1)]
CAND 494400683759178622725 2109510 [(3, 4), (5, 2), (13, 1), (389, 1), (52517, 1), (919308281, 1)]
CAND 494400694515106617225 2086110 [(3, 4), (5, 2), (13, 1), (389, 1), (52517, 1), (919308301, 1)]
CAND 494400717102555405675 2036970 [(3, 4), (5, 2), (13, 1), (389, 1), (52517, 1), (919308343, 1)]
CAND 494400720329333804025 2029950 [(3, 4), (5, 2), (13, 1), (389, 1), (52517, 1), (919308349, 1)]
CAND 494400722480519402925 2025270 [(3, 4), (5, 2), (13, 1), (389, 1), (52517, 1), (919308353, 1)]
CAND 494400726782890600725 2015910 [(3, 4), (5, 2), (13, 1), (389, 1), (52517, 1), (919308361, 1)]
CAND 494400752597117787525 1959750 [(3, 4), (5, 2), (13, 1), (389, 1), (52517, 1), (919308409, 1)]
CAND 494400759050674584225 1945710 [(3, 4), (5, 2), (13, 1), (389, 1), (52517, 1), (919308421, 1)]
CAND 494400765504231380925 1931670 [(3, 4), (5, 2), (13, 1), (389, 1), (52517, 1), (919308433, 1)]
CAND 494400770882195378175 1919970 [(3, 4), (5, 2), (13, 1), (389, 1), (52517, 1), (919308443, 1)]
CAND 494400775184566575975 1910610 [(3, 4), (5, 2), (13, 1), (389, 1), (52517, 1), (919308451, 1)]
CAND 494400780562530573225 1898910 [(3, 4), (5, 2), (13, 1), (389, 1), (52517, 1), (919308461, 1)]
CAND 494400794545236966075 1868490 [(3, 4), (5, 2), (13, 1), (389, 1), (52517, 1), (919308487, 1)]
CAND 494400797772015364425 1861470 [(3, 4), (5, 2), (13, 1), (389, 1), (52517, 1), (919308493, 1)]
CAND 494400800998793762775 1854450 [(3, 4), (5, 2), (13, 1), (389, 1), (52517, 1), (919308499, 1)]
CAND 494400832190984946825 1786590 [(3, 4), (5, 2), (13, 1), (389, 1), (52517, 1), (919308557, 1)]
CAND 494400835417763345175 1779570 [(3, 4), (5, 2), (13, 1), (389, 1), (52517, 1), (919308563, 1)]
CAND 494400838644541743525 1772550 [(3, 4), (5, 2), (13, 1), (389, 1), (52517, 1), (919308569, 1)]
CAND 494400864458768930325 1716390 [(3, 4), (5, 2), (13, 1), (389, 1), (52517, 1), (919308617, 1)]
CAND 494400871987918526475 1700010 [(3, 4), (5, 2), (13, 1), (389, 1), (52517, 1), (919308631, 1)]
CAND 494400887046217718775 1667250 [(3, 4), (5, 2), (13, 1), (389, 1), (52517, 1), (919308659, 1)]
CAND 494400912860444905575 1611090 [(3, 4), (5, 2), (13, 1), (389, 1), (52517, 1), (919308707, 1)]
CAND 494400946203821688525 1538550 [(3, 4), (5, 2), (13, 1), (389, 1), (52517, 1), (919308769, 1)]
CAND 494400962337713680275 1503450 [(3, 4), (5, 2), (13, 1), (389, 1), (52517, 1), (919308799, 1)]
CAND 494400968791270476975 1489410 [(3, 4), (5, 2), (13, 1), (389, 1), (52517, 1), (919308811, 1)]
CAND 494400975244827273675 1475370 [(3, 4), (5, 2), (13, 1), (389, 1), (52517, 1), (919308823, 1)]
CAND 494400978471605672025 1468350 [(3, 4), (5, 2), (13, 1), (389, 1), (52517, 1), (919308829, 1)]
CAND 494400999983461661025 1421550 [(3, 4), (5, 2), (13, 1), (389, 1), (52517, 1), (919308869, 1)]
CAND 494401007512611257175 1405170 [(3, 4), (5, 2), (13, 1), (389, 1), (52517, 1), (919308883, 1)]
CAND 494401016117353652775 1386450 [(3, 4), (5, 2), (13, 1), (389, 1), (52517, 1), (919308899, 1)]
CAND 494401025797688847825 1365390 [(3, 4), (5, 2), (13, 1), (389, 1), (52517, 1), (919308917, 1)]
CAND 494401045158359237925 1323270 [(3, 4), (5, 2), (13, 1), (389, 1), (52517, 1), (919308953, 1)]
CAND 494401052687508834075 1306890 [(3, 4), (5, 2), (13, 1), (389, 1), (52517, 1), (919308967, 1)]
CAND 494401074199364823075 1260090 [(3, 4), (5, 2), (13, 1), (389, 1), (52517, 1), (919309007, 1)]
CAND 494401088182071215925 1229670 [(3, 4), (5, 2), (13, 1), (389, 1), (52517, 1), (919309033, 1)]
CAND 494401104315963207675 1194570 [(3, 4), (5, 2), (13, 1), (389, 1), (52517, 1), (919309063, 1)]
CAND 494401109693927204925 1182870 [(3, 4), (5, 2), (13, 1), (389, 1), (52517, 1), (919309073, 1)]
CAND 494401113996298402725 1173510 [(3, 4), (5, 2), (13, 1), (389, 1), (52517, 1), (919309081, 1)]
CAND 494401117223076801075 1166490 [(3, 4), (5, 2), (13, 1), (389, 1), (52517, 1), (919309087, 1)]
CAND 494401123676633597775 1152450 [(3, 4), (5, 2), (13, 1), (389, 1), (52517, 1), (919309099, 1)]
CAND 494401129054597595025 1140750 [(3, 4), (5, 2), (13, 1), (389, 1), (52517, 1), (919309109, 1)]
CAND 494401141961711188425 1112670 [(3, 4), (5, 2), (13, 1), (389, 1), (52517, 1), (919309133, 1)]
CAND 494401149490860784575 1096290 [(3, 4), (5, 2), (13, 1), (389, 1), (52517, 1), (919309147, 1)]
CAND 494401158095603180175 1077570 [(3, 4), (5, 2), (13, 1), (389, 1), (52517, 1), (919309163, 1)]
CAND 494401165624752776325 1061190 [(3, 4), (5, 2), (13, 1), (389, 1), (52517, 1), (919309177, 1)]
CAND 494401177456273570275 1035450 [(3, 4), (5, 2), (13, 1), (389, 1), (52517, 1), (919309199, 1)]
CAND 494401219404392748825 944190 [(3, 4), (5, 2), (13, 1), (389, 1), (52517, 1), (919309277, 1)]
CAND 494401230160320743325 920790 [(3, 4), (5, 2), (13, 1), (389, 1), (52517, 1), (919309297, 1)]
CAND 494401232311506342225 916110 [(3, 4), (5, 2), (13, 1), (389, 1), (52517, 1), (919309301, 1)]
CAND 494401264579290325725 845910 [(3, 4), (5, 2), (13, 1), (389, 1), (52517, 1), (919309361, 1)]
CAND 494401275335218320225 822510 [(3, 4), (5, 2), (13, 1), (389, 1), (52517, 1), (919309381, 1)]
CAND 494401278561996718575 815490 [(3, 4), (5, 2), (13, 1), (389, 1), (52517, 1), (919309387, 1)]
CAND 494401287166739114175 796770 [(3, 4), (5, 2), (13, 1), (389, 1), (52517, 1), (919309403, 1)]
CAND 494401307603002303725 752310 [(3, 4), (5, 2), (13, 1), (389, 1), (52517, 1), (919309441, 1)]
CAND 494401343097564685575 675090 [(3, 4), (5, 2), (13, 1), (389, 1), (52517, 1), (919309507, 1)]
CAND 494401377516534267975 600210 [(3, 4), (5, 2), (13, 1), (389, 1), (52517, 1), (919309571, 1)]
CAND 494401383970091064675 586170 [(3, 4), (5, 2), (13, 1), (389, 1), (52517, 1), (919309583, 1)]
CAND 494401388272462262475 576810 [(3, 4), (5, 2), (13, 1), (389, 1), (52517, 1), (919309591, 1)]
CAND 494401394726019059175 562770 [(3, 4), (5, 2), (13, 1), (389, 1), (52517, 1), (919309603, 1)]
CAND 494401396877204658075 558090 [(3, 4), (5, 2), (13, 1), (389, 1), (52517, 1), (919309607, 1)]
CAND 494401407633132652575 534690 [(3, 4), (5, 2), (13, 1), (389, 1), (52517, 1), (919309627, 1)]
CAND 494401409784318251475 530010 [(3, 4), (5, 2), (13, 1), (389, 1), (52517, 1), (919309631, 1)]
CAND 494401430220581441025 485550 [(3, 4), (5, 2), (13, 1), (389, 1), (52517, 1), (919309669, 1)]
CAND 494401432371767039925 480870 [(3, 4), (5, 2), (13, 1), (389, 1), (52517, 1), (919309673, 1)]
CAND 494401439900916636075 464490 [(3, 4), (5, 2), (13, 1), (389, 1), (52517, 1), (919309687, 1)]
CAND 494401442052102234975 459810 [(3, 4), (5, 2), (13, 1), (389, 1), (52517, 1), (919309691, 1)]
CAND 494401459261587026175 422370 [(3, 4), (5, 2), (13, 1), (389, 1), (52517, 1), (919309723, 1)]
CAND 494401477546664616825 382590 [(3, 4), (5, 2), (13, 1), (389, 1), (52517, 1), (919309757, 1)]
CAND 494401480773443015175 375570 [(3, 4), (5, 2), (13, 1), (389, 1), (52517, 1), (919309763, 1)]
CAND 494401494756149408025 345150 [(3, 4), (5, 2), (13, 1), (389, 1), (52517, 1), (919309789, 1)]
CAND 494401510890041399775 310050 [(3, 4), (5, 2), (13, 1), (389, 1), (52517, 1), (919309819, 1)]
CAND 494401513041226998675 305370 [(3, 4), (5, 2), (13, 1), (389, 1), (52517, 1), (919309823, 1)]
CAND 494401525948340592075 277290 [(3, 4), (5, 2), (13, 1), (389, 1), (52517, 1), (919309847, 1)]
CAND 494401538855454185475 249210 [(3, 4), (5, 2), (13, 1), (389, 1), (52517, 1), (919309871, 1)]
CAND 494401539931046984925 246870 [(3, 4), (5, 2), (13, 1), (389, 1), (52517, 1), (919309873, 1)]
CAND 494401543157825383275 239850 [(3, 4), (5, 2), (13, 1), (389, 1), (52517, 1), (919309879, 1)]
CAND 494401549611382179975 225810 [(3, 4), (5, 2), (13, 1), (389, 1), (52517, 1), (919309891, 1)]
CAND 494401556064938976675 211770 [(3, 4), (5, 2), (13, 1), (389, 1), (52517, 1), (919309903, 1)]
CAND 494401572198830968425 176670 [(3, 4), (5, 2), (13, 1), (389, 1), (52517, 1), (919309933, 1)]
CAND 494401590483908559075 136890 [(3, 4), (5, 2), (13, 1), (389, 1), (52517, 1), (919309967, 1)]
CAND 494401593710686957425 129870 [(3, 4), (5, 2), (13, 1), (389, 1), (52517, 1), (919309973, 1)]
CAND 494401606617800550825 101790 [(3, 4), (5, 2), (13, 1), (389, 1), (52517, 1), (919309997, 1)]
CAND 494401613071357347525 87750 [(3, 4), (5, 2), (13, 1), (389, 1), (52517, 1), (919310009, 1)]
CAND 494401622751692542575 66690 [(3, 4), (5, 2), (13, 1), (389, 1), (52517, 1), (919310027, 1)]
CAND 494401629205249339275 52650 [(3, 4), (5, 2), (13, 1), (389, 1), (52517, 1), (919310039, 1)]
CAND 494401633507620537075 43290 [(3, 4), (5, 2), (13, 1), (389, 1), (52517, 1), (919310047, 1)]
progress: nodes=50,000,000 tested=415 found=0 n=527100749564370377175 elapsed=196s
progress: nodes=60,000,000 tested=415 found=0 n=638976167219410537725 elapsed=239s
progress: nodes=70,000,000 tested=415 found=0 n=751800441649934304225 elapsed=283s
progress: nodes=80,000,000 tested=415 found=0 n=865435283889716390175 elapsed=328s
progress: nodes=90,000,000 tested=415 found=0 n=979785184524944033925 elapsed=373s
