search v2: odd=True, N_CAP=1.00e+24, DELTA_MAX=1.0e+07, MIN_DEPTH=6
SPF shard: smallest prime factor = 3
P2 sub-shard: second prime factor = 5
P3 sub-sub-shard: third prime factor = 7
CAND 541473304834875 9992586 [(3, 1), (5, 3), (7, 2), (31, 1), (1061, 1), (895927, 1)]
CAND 541476931067625 9984558 [(3, 1), (5, 3), (7, 2), (31, 1), (1061, 1), (895933, 1)]
CAND 541491435998625 9952446 [(3, 1), (5, 3), (7, 2), (31, 1), (1061, 1), (895957, 1)]
CAND 541509567162375 9912306 [(3, 1), (5, 3), (7, 2), (31, 1), (1061, 1), (895987, 1)]
CAND 541519237116375 9890898 [(3, 1), (5, 3), (7, 2), (31, 1), (1061, 1), (896003, 1)]
CAND 541522863349125 9882870 [(3, 1), (5, 3), (7, 2), (31, 1), (1061, 1), (896009, 1)]
CAND 541545829489875 9832026 [(3, 1), (5, 3), (7, 2), (31, 1), (1061, 1), (896047, 1)]
CAND 541559125676625 9802590 [(3, 1), (5, 3), (7, 2), (31, 1), (1061, 1), (896069, 1)]
CAND 541578465584625 9759774 [(3, 1), (5, 3), (7, 2), (31, 1), (1061, 1), (896101, 1)]
CAND 541582091817375 9751746 [(3, 1), (5, 3), (7, 2), (31, 1), (1061, 1), (896107, 1)]
CAND 541584509305875 9746394 [(3, 1), (5, 3), (7, 2), (31, 1), (1061, 1), (896111, 1)]
CAND 541585718050125 9743718 [(3, 1), (5, 3), (7, 2), (31, 1), (1061, 1), (896113, 1)]
CAND 541591761771375 9730338 [(3, 1), (5, 3), (7, 2), (31, 1), (1061, 1), (896123, 1)]
CAND 541603849213875 9703578 [(3, 1), (5, 3), (7, 2), (31, 1), (1061, 1), (896143, 1)]
CAND 541618354144875 9671466 [(3, 1), (5, 3), (7, 2), (31, 1), (1061, 1), (896167, 1)]
CAND 541632859075875 9639354 [(3, 1), (5, 3), (7, 2), (31, 1), (1061, 1), (896191, 1)]
CAND 541638902797125 9625974 [(3, 1), (5, 3), (7, 2), (31, 1), (1061, 1), (896201, 1)]
CAND 541676373868875 9543018 [(3, 1), (5, 3), (7, 2), (31, 1), (1061, 1), (896263, 1)]
CAND 541687252567125 9518934 [(3, 1), (5, 3), (7, 2), (31, 1), (1061, 1), (896281, 1)]
CAND 541694505032625 9502878 [(3, 1), (5, 3), (7, 2), (31, 1), (1061, 1), (896293, 1)]
CAND 541696922521125 9497526 [(3, 1), (5, 3), (7, 2), (31, 1), (1061, 1), (896297, 1)]
CAND 541698131265375 9494850 [(3, 1), (5, 3), (7, 2), (31, 1), (1061, 1), (896299, 1)]
CAND 541712636196375 9462738 [(3, 1), (5, 3), (7, 2), (31, 1), (1061, 1), (896323, 1)]
CAND 541715053684875 9457386 [(3, 1), (5, 3), (7, 2), (31, 1), (1061, 1), (896327, 1)]
CAND 541723514894625 9438654 [(3, 1), (5, 3), (7, 2), (31, 1), (1061, 1), (896341, 1)]
CAND 541727141127375 9430626 [(3, 1), (5, 3), (7, 2), (31, 1), (1061, 1), (896347, 1)]
CAND 541730767360125 9422598 [(3, 1), (5, 3), (7, 2), (31, 1), (1061, 1), (896353, 1)]
CAND 541740437314125 9401190 [(3, 1), (5, 3), (7, 2), (31, 1), (1061, 1), (896369, 1)]
CAND 541747689779625 9385134 [(3, 1), (5, 3), (7, 2), (31, 1), (1061, 1), (896381, 1)]
CAND 541769447176125 9336966 [(3, 1), (5, 3), (7, 2), (31, 1), (1061, 1), (896417, 1)]
CAND 541785160851375 9302178 [(3, 1), (5, 3), (7, 2), (31, 1), (1061, 1), (896443, 1)]
CAND 541787578339875 9296826 [(3, 1), (5, 3), (7, 2), (31, 1), (1061, 1), (896447, 1)]
CAND 541788787084125 9294150 [(3, 1), (5, 3), (7, 2), (31, 1), (1061, 1), (896449, 1)]
CAND 541791204572625 9288798 [(3, 1), (5, 3), (7, 2), (31, 1), (1061, 1), (896453, 1)]
CAND 541806918247875 9254010 [(3, 1), (5, 3), (7, 2), (31, 1), (1061, 1), (896479, 1)]
CAND 541814170713375 9237954 [(3, 1), (5, 3), (7, 2), (31, 1), (1061, 1), (896491, 1)]
CAND 541825049411625 9213870 [(3, 1), (5, 3), (7, 2), (31, 1), (1061, 1), (896509, 1)]
CAND 541832301877125 9197814 [(3, 1), (5, 3), (7, 2), (31, 1), (1061, 1), (896521, 1)]
CAND 541838345598375 9184434 [(3, 1), (5, 3), (7, 2), (31, 1), (1061, 1), (896531, 1)]
CAND 541841971831125 9176406 [(3, 1), (5, 3), (7, 2), (31, 1), (1061, 1), (896537, 1)]
CAND 541845598063875 9168378 [(3, 1), (5, 3), (7, 2), (31, 1), (1061, 1), (896543, 1)]
CAND 541849224296625 9160350 [(3, 1), (5, 3), (7, 2), (31, 1), (1061, 1), (896549, 1)]
CAND 541854059273625 9149646 [(3, 1), (5, 3), (7, 2), (31, 1), (1061, 1), (896557, 1)]
CAND 541856476762125 9144294 [(3, 1), (5, 3), (7, 2), (31, 1), (1061, 1), (896561, 1)]
CAND 541863729227625 9128238 [(3, 1), (5, 3), (7, 2), (31, 1), (1061, 1), (896573, 1)]
CAND 541872190437375 9109506 [(3, 1), (5, 3), (7, 2), (31, 1), (1061, 1), (896587, 1)]
CAND 541890321601125 9069366 [(3, 1), (5, 3), (7, 2), (31, 1), (1061, 1), (896617, 1)]
CAND 541899991555125 9047958 [(3, 1), (5, 3), (7, 2), (31, 1), (1061, 1), (896633, 1)]
CAND 541908452764875 9029226 [(3, 1), (5, 3), (7, 2), (31, 1), (1061, 1), (896647, 1)]
CAND 541921748951625 8999790 [(3, 1), (5, 3), (7, 2), (31, 1), (1061, 1), (896669, 1)]
CAND 541926583928625 8989086 [(3, 1), (5, 3), (7, 2), (31, 1), (1061, 1), (896677, 1)]
CAND 541929001417125 8983734 [(3, 1), (5, 3), (7, 2), (31, 1), (1061, 1), (896681, 1)]
CAND 541950758813625 8935566 [(3, 1), (5, 3), (7, 2), (31, 1), (1061, 1), (896717, 1)]
CAND 541951967557875 8932890 [(3, 1), (5, 3), (7, 2), (31, 1), (1061, 1), (896719, 1)]
CAND 541954385046375 8927538 [(3, 1), (5, 3), (7, 2), (31, 1), (1061, 1), (896723, 1)]
CAND 541983394908375 8863314 [(3, 1), (5, 3), (7, 2), (31, 1), (1061, 1), (896771, 1)]
CAND 541990647373875 8847258 [(3, 1), (5, 3), (7, 2), (31, 1), (1061, 1), (896783, 1)]
CAND 542002734816375 8820498 [(3, 1), (5, 3), (7, 2), (31, 1), (1061, 1), (896803, 1)]
CAND 542023283468625 8775006 [(3, 1), (5, 3), (7, 2), (31, 1), (1061, 1), (896837, 1)]
CAND 542041414632375 8734866 [(3, 1), (5, 3), (7, 2), (31, 1), (1061, 1), (896867, 1)]
CAND 542048667097875 8718810 [(3, 1), (5, 3), (7, 2), (31, 1), (1061, 1), (896879, 1)]
CAND 542059545796125 8694726 [(3, 1), (5, 3), (7, 2), (31, 1), (1061, 1), (896897, 1)]
CAND 542074050727125 8662614 [(3, 1), (5, 3), (7, 2), (31, 1), (1061, 1), (896921, 1)]
CAND 542077676959875 8654586 [(3, 1), (5, 3), (7, 2), (31, 1), (1061, 1), (896927, 1)]
CAND 542089764402375 8627826 [(3, 1), (5, 3), (7, 2), (31, 1), (1061, 1), (896947, 1)]
CAND 542093390635125 8619798 [(3, 1), (5, 3), (7, 2), (31, 1), (1061, 1), (896953, 1)]
CAND 542099434356375 8606418 [(3, 1), (5, 3), (7, 2), (31, 1), (1061, 1), (896963, 1)]
CAND 542111521798875 8579658 [(3, 1), (5, 3), (7, 2), (31, 1), (1061, 1), (896983, 1)]
CAND 542126026729875 8547546 [(3, 1), (5, 3), (7, 2), (31, 1), (1061, 1), (897007, 1)]
CAND 542128444218375 8542194 [(3, 1), (5, 3), (7, 2), (31, 1), (1061, 1), (897011, 1)]
CAND 542133279195375 8531490 [(3, 1), (5, 3), (7, 2), (31, 1), (1061, 1), (897019, 1)]
CAND 542151410359125 8491350 [(3, 1), (5, 3), (7, 2), (31, 1), (1061, 1), (897049, 1)]
CAND 542153827847625 8485998 [(3, 1), (5, 3), (7, 2), (31, 1), (1061, 1), (897053, 1)]
CAND 542157454080375 8477970 [(3, 1), (5, 3), (7, 2), (31, 1), (1061, 1), (897059, 1)]
CAND 542162289057375 8467266 [(3, 1), (5, 3), (7, 2), (31, 1), (1061, 1), (897067, 1)]
CAND 542168332778625 8453886 [(3, 1), (5, 3), (7, 2), (31, 1), (1061, 1), (897077, 1)]
CAND 542182837709625 8421774 [(3, 1), (5, 3), (7, 2), (31, 1), (1061, 1), (897101, 1)]
CAND 542184046453875 8419098 [(3, 1), (5, 3), (7, 2), (31, 1), (1061, 1), (897103, 1)]
CAND 542193716407875 8397690 [(3, 1), (5, 3), (7, 2), (31, 1), (1061, 1), (897119, 1)]
CAND 542202177617625 8378958 [(3, 1), (5, 3), (7, 2), (31, 1), (1061, 1), (897133, 1)]
CAND 542204595106125 8373606 [(3, 1), (5, 3), (7, 2), (31, 1), (1061, 1), (897137, 1)]
CAND 542216682548625 8346846 [(3, 1), (5, 3), (7, 2), (31, 1), (1061, 1), (897157, 1)]
CAND 542220308781375 8338818 [(3, 1), (5, 3), (7, 2), (31, 1), (1061, 1), (897163, 1)]
CAND 542237231200875 8301354 [(3, 1), (5, 3), (7, 2), (31, 1), (1061, 1), (897191, 1)]
CAND 542256571108875 8258538 [(3, 1), (5, 3), (7, 2), (31, 1), (1061, 1), (897223, 1)]
CAND 542260197341625 8250510 [(3, 1), (5, 3), (7, 2), (31, 1), (1061, 1), (897229, 1)]
CAND 542267449807125 8234454 [(3, 1), (5, 3), (7, 2), (31, 1), (1061, 1), (897241, 1)]
CAND 542273493528375 8221074 [(3, 1), (5, 3), (7, 2), (31, 1), (1061, 1), (897251, 1)]
CAND 542280745993875 8205018 [(3, 1), (5, 3), (7, 2), (31, 1), (1061, 1), (897263, 1)]
CAND 542284372226625 8196990 [(3, 1), (5, 3), (7, 2), (31, 1), (1061, 1), (897269, 1)]
CAND 542285580970875 8194314 [(3, 1), (5, 3), (7, 2), (31, 1), (1061, 1), (897271, 1)]
CAND 542303712134625 8154174 [(3, 1), (5, 3), (7, 2), (31, 1), (1061, 1), (897301, 1)]
CAND 542307338367375 8146146 [(3, 1), (5, 3), (7, 2), (31, 1), (1061, 1), (897307, 1)]
CAND 542313382088625 8132766 [(3, 1), (5, 3), (7, 2), (31, 1), (1061, 1), (897317, 1)]
CAND 542314590832875 8130090 [(3, 1), (5, 3), (7, 2), (31, 1), (1061, 1), (897319, 1)]
CAND 542320634554125 8116710 [(3, 1), (5, 3), (7, 2), (31, 1), (1061, 1), (897329, 1)]
CAND 542332721996625 8089950 [(3, 1), (5, 3), (7, 2), (31, 1), (1061, 1), (897349, 1)]
CAND 542338765717875 8076570 [(3, 1), (5, 3), (7, 2), (31, 1), (1061, 1), (897359, 1)]
CAND 542347226927625 8057838 [(3, 1), (5, 3), (7, 2), (31, 1), (1061, 1), (897373, 1)]
CAND 542364149347125 8020374 [(3, 1), (5, 3), (7, 2), (31, 1), (1061, 1), (897401, 1)]
CAND 542383489255125 7977558 [(3, 1), (5, 3), (7, 2), (31, 1), (1061, 1), (897433, 1)]
CAND 542389532976375 7964178 [(3, 1), (5, 3), (7, 2), (31, 1), (1061, 1), (897443, 1)]
CAND 542400411674625 7940094 [(3, 1), (5, 3), (7, 2), (31, 1), (1061, 1), (897461, 1)]
CAND 542404037907375 7932066 [(3, 1), (5, 3), (7, 2), (31, 1), (1061, 1), (897467, 1)]
CAND 542405246651625 7929390 [(3, 1), (5, 3), (7, 2), (31, 1), (1061, 1), (897469, 1)]
CAND 542407664140125 7924038 [(3, 1), (5, 3), (7, 2), (31, 1), (1061, 1), (897473, 1)]
CAND 542422169071125 7891926 [(3, 1), (5, 3), (7, 2), (31, 1), (1061, 1), (897497, 1)]
CAND 542423377815375 7889250 [(3, 1), (5, 3), (7, 2), (31, 1), (1061, 1), (897499, 1)]
CAND 542434256513625 7865166 [(3, 1), (5, 3), (7, 2), (31, 1), (1061, 1), (897517, 1)]
CAND 542440300234875 7851786 [(3, 1), (5, 3), (7, 2), (31, 1), (1061, 1), (897527, 1)]
CAND 542456013910125 7816998 [(3, 1), (5, 3), (7, 2), (31, 1), (1061, 1), (897553, 1)]
CAND 542458431398625 7811646 [(3, 1), (5, 3), (7, 2), (31, 1), (1061, 1), (897557, 1)]
CAND 542462057631375 7803618 [(3, 1), (5, 3), (7, 2), (31, 1), (1061, 1), (897563, 1)]
CAND 542466892608375 7792914 [(3, 1), (5, 3), (7, 2), (31, 1), (1061, 1), (897571, 1)]
CAND 542470518841125 7784886 [(3, 1), (5, 3), (7, 2), (31, 1), (1061, 1), (897577, 1)]
CAND 542472936329625 7779534 [(3, 1), (5, 3), (7, 2), (31, 1), (1061, 1), (897581, 1)]
CAND 542480188795125 7763478 [(3, 1), (5, 3), (7, 2), (31, 1), (1061, 1), (897593, 1)]
CAND 542485023772125 7752774 [(3, 1), (5, 3), (7, 2), (31, 1), (1061, 1), (897601, 1)]
CAND 542488650004875 7744746 [(3, 1), (5, 3), (7, 2), (31, 1), (1061, 1), (897607, 1)]
CAND 542501946191625 7715310 [(3, 1), (5, 3), (7, 2), (31, 1), (1061, 1), (897629, 1)]
CAND 542512824889875 7691226 [(3, 1), (5, 3), (7, 2), (31, 1), (1061, 1), (897647, 1)]
CAND 542514033634125 7688550 [(3, 1), (5, 3), (7, 2), (31, 1), (1061, 1), (897649, 1)]
CAND 542527329820875 7659114 [(3, 1), (5, 3), (7, 2), (31, 1), (1061, 1), (897671, 1)]
CAND 542539417263375 7632354 [(3, 1), (5, 3), (7, 2), (31, 1), (1061, 1), (897691, 1)]
CAND 542546669728875 7616298 [(3, 1), (5, 3), (7, 2), (31, 1), (1061, 1), (897703, 1)]
CAND 542549087217375 7610946 [(3, 1), (5, 3), (7, 2), (31, 1), (1061, 1), (897707, 1)]
CAND 542550295961625 7608270 [(3, 1), (5, 3), (7, 2), (31, 1), (1061, 1), (897709, 1)]
CAND 542561174659875 7584186 [(3, 1), (5, 3), (7, 2), (31, 1), (1061, 1), (897727, 1)]
CAND 542575679590875 7552074 [(3, 1), (5, 3), (7, 2), (31, 1), (1061, 1), (897751, 1)]
CAND 542592602010375 7514610 [(3, 1), (5, 3), (7, 2), (31, 1), (1061, 1), (897779, 1)]
CAND 542593810754625 7511934 [(3, 1), (5, 3), (7, 2), (31, 1), (1061, 1), (897781, 1)]
CAND 542615568151125 7463766 [(3, 1), (5, 3), (7, 2), (31, 1), (1061, 1), (897817, 1)]
CAND 542622820616625 7447710 [(3, 1), (5, 3), (7, 2), (31, 1), (1061, 1), (897829, 1)]
CAND 542633699314875 7423626 [(3, 1), (5, 3), (7, 2), (31, 1), (1061, 1), (897847, 1)]
CAND 542651830478625 7383486 [(3, 1), (5, 3), (7, 2), (31, 1), (1061, 1), (897877, 1)]
CAND 542654247967125 7378134 [(3, 1), (5, 3), (7, 2), (31, 1), (1061, 1), (897881, 1)]
CAND 542657874199875 7370106 [(3, 1), (5, 3), (7, 2), (31, 1), (1061, 1), (897887, 1)]
CAND 542665126665375 7354050 [(3, 1), (5, 3), (7, 2), (31, 1), (1061, 1), (897899, 1)]
CAND 542669961642375 7343346 [(3, 1), (5, 3), (7, 2), (31, 1), (1061, 1), (897907, 1)]
CAND 542684466573375 7311234 [(3, 1), (5, 3), (7, 2), (31, 1), (1061, 1), (897931, 1)]
CAND 542694136527375 7289826 [(3, 1), (5, 3), (7, 2), (31, 1), (1061, 1), (897947, 1)]
CAND 542708641458375 7257714 [(3, 1), (5, 3), (7, 2), (31, 1), (1061, 1), (897971, 1)]
CAND 542715893923875 7241658 [(3, 1), (5, 3), (7, 2), (31, 1), (1061, 1), (897983, 1)]
CAND 542734025087625 7201518 [(3, 1), (5, 3), (7, 2), (31, 1), (1061, 1), (898013, 1)]
CAND 542737651320375 7193490 [(3, 1), (5, 3), (7, 2), (31, 1), (1061, 1), (898019, 1)]
CAND 542746112530125 7174758 [(3, 1), (5, 3), (7, 2), (31, 1), (1061, 1), (898033, 1)]
CAND 542764243693875 7134618 [(3, 1), (5, 3), (7, 2), (31, 1), (1061, 1), (898063, 1)]
CAND 542766661182375 7129266 [(3, 1), (5, 3), (7, 2), (31, 1), (1061, 1), (898067, 1)]
CAND 542767869926625 7126590 [(3, 1), (5, 3), (7, 2), (31, 1), (1061, 1), (898069, 1)]
CAND 542781166113375 7097154 [(3, 1), (5, 3), (7, 2), (31, 1), (1061, 1), (898091, 1)]
CAND 542784792346125 7089126 [(3, 1), (5, 3), (7, 2), (31, 1), (1061, 1), (898097, 1)]
CAND 542792044811625 7073070 [(3, 1), (5, 3), (7, 2), (31, 1), (1061, 1), (898109, 1)]
CAND 542804132254125 7046310 [(3, 1), (5, 3), (7, 2), (31, 1), (1061, 1), (898129, 1)]
CAND 542806549742625 7040958 [(3, 1), (5, 3), (7, 2), (31, 1), (1061, 1), (898133, 1)]
CAND 542815010952375 7022226 [(3, 1), (5, 3), (7, 2), (31, 1), (1061, 1), (898147, 1)]
CAND 542818637185125 7014198 [(3, 1), (5, 3), (7, 2), (31, 1), (1061, 1), (898153, 1)]
CAND 542829515883375 6990114 [(3, 1), (5, 3), (7, 2), (31, 1), (1061, 1), (898171, 1)]
CAND 542835559604625 6976734 [(3, 1), (5, 3), (7, 2), (31, 1), (1061, 1), (898181, 1)]
CAND 542840394581625 6966030 [(3, 1), (5, 3), (7, 2), (31, 1), (1061, 1), (898189, 1)]
CAND 542846438302875 6952650 [(3, 1), (5, 3), (7, 2), (31, 1), (1061, 1), (898199, 1)]
CAND 542853690768375 6936594 [(3, 1), (5, 3), (7, 2), (31, 1), (1061, 1), (898211, 1)]
CAND 542854899512625 6933918 [(3, 1), (5, 3), (7, 2), (31, 1), (1061, 1), (898213, 1)]
CAND 542860943233875 6920538 [(3, 1), (5, 3), (7, 2), (31, 1), (1061, 1), (898223, 1)]
CAND 542865778210875 6909834 [(3, 1), (5, 3), (7, 2), (31, 1), (1061, 1), (898231, 1)]
CAND 542871821932125 6896454 [(3, 1), (5, 3), (7, 2), (31, 1), (1061, 1), (898241, 1)]
CAND 542873030676375 6893778 [(3, 1), (5, 3), (7, 2), (31, 1), (1061, 1), (898243, 1)]
CAND 542879074397625 6880398 [(3, 1), (5, 3), (7, 2), (31, 1), (1061, 1), (898253, 1)]
CAND 542882700630375 6872370 [(3, 1), (5, 3), (7, 2), (31, 1), (1061, 1), (898259, 1)]
CAND 542894788072875 6845610 [(3, 1), (5, 3), (7, 2), (31, 1), (1061, 1), (898279, 1)]
CAND 542897205561375 6840258 [(3, 1), (5, 3), (7, 2), (31, 1), (1061, 1), (898283, 1)]
CAND 542902040538375 6829554 [(3, 1), (5, 3), (7, 2), (31, 1), (1061, 1), (898291, 1)]
CAND 542911710492375 6808146 [(3, 1), (5, 3), (7, 2), (31, 1), (1061, 1), (898307, 1)]
CAND 542918962957875 6792090 [(3, 1), (5, 3), (7, 2), (31, 1), (1061, 1), (898319, 1)]
CAND 542923797934875 6781386 [(3, 1), (5, 3), (7, 2), (31, 1), (1061, 1), (898327, 1)]
CAND 542944346587125 6735894 [(3, 1), (5, 3), (7, 2), (31, 1), (1061, 1), (898361, 1)]
CAND 542949181564125 6725190 [(3, 1), (5, 3), (7, 2), (31, 1), (1061, 1), (898369, 1)]
CAND 542973356449125 6671670 [(3, 1), (5, 3), (7, 2), (31, 1), (1061, 1), (898409, 1)]
CAND 542980608914625 6655614 [(3, 1), (5, 3), (7, 2), (31, 1), (1061, 1), (898421, 1)]
CAND 542981817658875 6652938 [(3, 1), (5, 3), (7, 2), (31, 1), (1061, 1), (898423, 1)]
CAND 542984235147375 6647586 [(3, 1), (5, 3), (7, 2), (31, 1), (1061, 1), (898427, 1)]
CAND 542991487612875 6631530 [(3, 1), (5, 3), (7, 2), (31, 1), (1061, 1), (898439, 1)]
CAND 543003575055375 6604770 [(3, 1), (5, 3), (7, 2), (31, 1), (1061, 1), (898459, 1)]
CAND 543014453753625 6580686 [(3, 1), (5, 3), (7, 2), (31, 1), (1061, 1), (898477, 1)]
CAND 543016871242125 6575334 [(3, 1), (5, 3), (7, 2), (31, 1), (1061, 1), (898481, 1)]
CAND 543018079986375 6572658 [(3, 1), (5, 3), (7, 2), (31, 1), (1061, 1), (898483, 1)]
CAND 543024123707625 6559278 [(3, 1), (5, 3), (7, 2), (31, 1), (1061, 1), (898493, 1)]
CAND 543039837382875 6524490 [(3, 1), (5, 3), (7, 2), (31, 1), (1061, 1), (898519, 1)]
CAND 543042254871375 6519138 [(3, 1), (5, 3), (7, 2), (31, 1), (1061, 1), (898523, 1)]
CAND 543054342313875 6492378 [(3, 1), (5, 3), (7, 2), (31, 1), (1061, 1), (898543, 1)]
CAND 543057968546625 6484350 [(3, 1), (5, 3), (7, 2), (31, 1), (1061, 1), (898549, 1)]
CAND 543060386035125 6478998 [(3, 1), (5, 3), (7, 2), (31, 1), (1061, 1), (898553, 1)]
CAND 543065221012125 6468294 [(3, 1), (5, 3), (7, 2), (31, 1), (1061, 1), (898561, 1)]
CAND 543093022129875 6406746 [(3, 1), (5, 3), (7, 2), (31, 1), (1061, 1), (898607, 1)]
CAND 543096648362625 6398718 [(3, 1), (5, 3), (7, 2), (31, 1), (1061, 1), (898613, 1)]
CAND 543101483339625 6388014 [(3, 1), (5, 3), (7, 2), (31, 1), (1061, 1), (898621, 1)]
CAND 543125658224625 6334494 [(3, 1), (5, 3), (7, 2), (31, 1), (1061, 1), (898661, 1)]
CAND 543126866968875 6331818 [(3, 1), (5, 3), (7, 2), (31, 1), (1061, 1), (898663, 1)]
CAND 543130493201625 6323790 [(3, 1), (5, 3), (7, 2), (31, 1), (1061, 1), (898669, 1)]
CAND 543132910690125 6318438 [(3, 1), (5, 3), (7, 2), (31, 1), (1061, 1), (898673, 1)]
CAND 543143789388375 6294354 [(3, 1), (5, 3), (7, 2), (31, 1), (1061, 1), (898691, 1)]
CAND 543159503063625 6259566 [(3, 1), (5, 3), (7, 2), (31, 1), (1061, 1), (898717, 1)]
CAND 543165546784875 6246186 [(3, 1), (5, 3), (7, 2), (31, 1), (1061, 1), (898727, 1)]
CAND 543181260460125 6211398 [(3, 1), (5, 3), (7, 2), (31, 1), (1061, 1), (898753, 1)]
CAND 543187304181375 6198018 [(3, 1), (5, 3), (7, 2), (31, 1), (1061, 1), (898763, 1)]
CAND 543190930414125 6189990 [(3, 1), (5, 3), (7, 2), (31, 1), (1061, 1), (898769, 1)]
CAND 543201809112375 6165906 [(3, 1), (5, 3), (7, 2), (31, 1), (1061, 1), (898787, 1)]
CAND 543217522787625 6131118 [(3, 1), (5, 3), (7, 2), (31, 1), (1061, 1), (898813, 1)]
CAND 543221149020375 6123090 [(3, 1), (5, 3), (7, 2), (31, 1), (1061, 1), (898819, 1)]
CAND 543223566508875 6117738 [(3, 1), (5, 3), (7, 2), (31, 1), (1061, 1), (898823, 1)]
CAND 543241697672625 6077598 [(3, 1), (5, 3), (7, 2), (31, 1), (1061, 1), (898853, 1)]
CAND 543250158882375 6058866 [(3, 1), (5, 3), (7, 2), (31, 1), (1061, 1), (898867, 1)]
CAND 543253785115125 6050838 [(3, 1), (5, 3), (7, 2), (31, 1), (1061, 1), (898873, 1)]
CAND 543263455069125 6029430 [(3, 1), (5, 3), (7, 2), (31, 1), (1061, 1), (898889, 1)]
CAND 543268290046125 6018726 [(3, 1), (5, 3), (7, 2), (31, 1), (1061, 1), (898897, 1)]
CAND 543282794977125 5986614 [(3, 1), (5, 3), (7, 2), (31, 1), (1061, 1), (898921, 1)]
CAND 543286421209875 5978586 [(3, 1), (5, 3), (7, 2), (31, 1), (1061, 1), (898927, 1)]
CAND 543300926140875 5946474 [(3, 1), (5, 3), (7, 2), (31, 1), (1061, 1), (898951, 1)]
CAND 543319057304625 5906334 [(3, 1), (5, 3), (7, 2), (31, 1), (1061, 1), (898981, 1)]
CAND 543322683537375 5898306 [(3, 1), (5, 3), (7, 2), (31, 1), (1061, 1), (898987, 1)]
CAND 543335979724125 5868870 [(3, 1), (5, 3), (7, 2), (31, 1), (1061, 1), (899009, 1)]
CAND 543361363353375 5812674 [(3, 1), (5, 3), (7, 2), (31, 1), (1061, 1), (899051, 1)]
CAND 543364989586125 5804646 [(3, 1), (5, 3), (7, 2), (31, 1), (1061, 1), (899057, 1)]
CAND 543372242051625 5788590 [(3, 1), (5, 3), (7, 2), (31, 1), (1061, 1), (899069, 1)]
CAND 543404878146375 5716338 [(3, 1), (5, 3), (7, 2), (31, 1), (1061, 1), (899123, 1)]
CAND 543420591821625 5681550 [(3, 1), (5, 3), (7, 2), (31, 1), (1061, 1), (899149, 1)]
CAND 543423009310125 5676198 [(3, 1), (5, 3), (7, 2), (31, 1), (1061, 1), (899153, 1)]
CAND 543426635542875 5668170 [(3, 1), (5, 3), (7, 2), (31, 1), (1061, 1), (899159, 1)]
CAND 543427844287125 5665494 [(3, 1), (5, 3), (7, 2), (31, 1), (1061, 1), (899161, 1)]
CAND 543437514241125 5644086 [(3, 1), (5, 3), (7, 2), (31, 1), (1061, 1), (899177, 1)]
CAND 543438722985375 5641410 [(3, 1), (5, 3), (7, 2), (31, 1), (1061, 1), (899179, 1)]
CAND 543441140473875 5636058 [(3, 1), (5, 3), (7, 2), (31, 1), (1061, 1), (899183, 1)]
CAND 543444766706625 5628030 [(3, 1), (5, 3), (7, 2), (31, 1), (1061, 1), (899189, 1)]
CAND 543456854149125 5601270 [(3, 1), (5, 3), (7, 2), (31, 1), (1061, 1), (899209, 1)]
CAND 543464106614625 5585214 [(3, 1), (5, 3), (7, 2), (31, 1), (1061, 1), (899221, 1)]
CAND 543471359080125 5569158 [(3, 1), (5, 3), (7, 2), (31, 1), (1061, 1), (899233, 1)]
CAND 543473776568625 5563806 [(3, 1), (5, 3), (7, 2), (31, 1), (1061, 1), (899237, 1)]
CAND 543489490243875 5529018 [(3, 1), (5, 3), (7, 2), (31, 1), (1061, 1), (899263, 1)]
CAND 543495533965125 5515638 [(3, 1), (5, 3), (7, 2), (31, 1), (1061, 1), (899273, 1)]
CAND 543506412663375 5491554 [(3, 1), (5, 3), (7, 2), (31, 1), (1061, 1), (899291, 1)]
CAND 543517291361625 5467470 [(3, 1), (5, 3), (7, 2), (31, 1), (1061, 1), (899309, 1)]
CAND 543524543827125 5451414 [(3, 1), (5, 3), (7, 2), (31, 1), (1061, 1), (899321, 1)]
CAND 543564432387375 5363106 [(3, 1), (5, 3), (7, 2), (31, 1), (1061, 1), (899387, 1)]
CAND 543572893597125 5344374 [(3, 1), (5, 3), (7, 2), (31, 1), (1061, 1), (899401, 1)]
CAND 543580146062625 5328318 [(3, 1), (5, 3), (7, 2), (31, 1), (1061, 1), (899413, 1)]
CAND 543589816016625 5306910 [(3, 1), (5, 3), (7, 2), (31, 1), (1061, 1), (899429, 1)]
CAND 543600694714875 5282826 [(3, 1), (5, 3), (7, 2), (31, 1), (1061, 1), (899447, 1)]
CAND 543612782157375 5256066 [(3, 1), (5, 3), (7, 2), (31, 1), (1061, 1), (899467, 1)]
CAND 543616408390125 5248038 [(3, 1), (5, 3), (7, 2), (31, 1), (1061, 1), (899473, 1)]
CAND 543618825878625 5242686 [(3, 1), (5, 3), (7, 2), (31, 1), (1061, 1), (899477, 1)]
CAND 543627287088375 5223954 [(3, 1), (5, 3), (7, 2), (31, 1), (1061, 1), (899491, 1)]
CAND 543644209507875 5186490 [(3, 1), (5, 3), (7, 2), (31, 1), (1061, 1), (899519, 1)]
CAND 543651461973375 5170434 [(3, 1), (5, 3), (7, 2), (31, 1), (1061, 1), (899531, 1)]
CAND 543655088206125 5162406 [(3, 1), (5, 3), (7, 2), (31, 1), (1061, 1), (899537, 1)]
CAND 543699811743375 5063394 [(3, 1), (5, 3), (7, 2), (31, 1), (1061, 1), (899611, 1)]
CAND 543703437976125 5055366 [(3, 1), (5, 3), (7, 2), (31, 1), (1061, 1), (899617, 1)]
CAND 543728821605375 4999170 [(3, 1), (5, 3), (7, 2), (31, 1), (1061, 1), (899659, 1)]
CAND 543736074070875 4983114 [(3, 1), (5, 3), (7, 2), (31, 1), (1061, 1), (899671, 1)]
CAND 543742117792125 4969734 [(3, 1), (5, 3), (7, 2), (31, 1), (1061, 1), (899681, 1)]
CAND 543745744024875 4961706 [(3, 1), (5, 3), (7, 2), (31, 1), (1061, 1), (899687, 1)]
CAND 543749370257625 4953678 [(3, 1), (5, 3), (7, 2), (31, 1), (1061, 1), (899693, 1)]
CAND 543760248955875 4929594 [(3, 1), (5, 3), (7, 2), (31, 1), (1061, 1), (899711, 1)]
CAND 543765083932875 4918890 [(3, 1), (5, 3), (7, 2), (31, 1), (1061, 1), (899719, 1)]
CAND 543783215096625 4878750 [(3, 1), (5, 3), (7, 2), (31, 1), (1061, 1), (899749, 1)]
CAND 543785632585125 4873398 [(3, 1), (5, 3), (7, 2), (31, 1), (1061, 1), (899753, 1)]
CAND 543790467562125 4862694 [(3, 1), (5, 3), (7, 2), (31, 1), (1061, 1), (899761, 1)]
CAND 543801346260375 4838610 [(3, 1), (5, 3), (7, 2), (31, 1), (1061, 1), (899779, 1)]
CAND 543808598725875 4822554 [(3, 1), (5, 3), (7, 2), (31, 1), (1061, 1), (899791, 1)]
CAND 543818268679875 4801146 [(3, 1), (5, 3), (7, 2), (31, 1), (1061, 1), (899807, 1)]
CAND 543832773610875 4769034 [(3, 1), (5, 3), (7, 2), (31, 1), (1061, 1), (899831, 1)]
CAND 543843652309125 4744950 [(3, 1), (5, 3), (7, 2), (31, 1), (1061, 1), (899849, 1)]
CAND 543844861053375 4742274 [(3, 1), (5, 3), (7, 2), (31, 1), (1061, 1), (899851, 1)]
CAND 543852113518875 4726218 [(3, 1), (5, 3), (7, 2), (31, 1), (1061, 1), (899863, 1)]
CAND 543862992217125 4702134 [(3, 1), (5, 3), (7, 2), (31, 1), (1061, 1), (899881, 1)]
CAND 543869035938375 4688754 [(3, 1), (5, 3), (7, 2), (31, 1), (1061, 1), (899891, 1)]
CAND 543870244682625 4686078 [(3, 1), (5, 3), (7, 2), (31, 1), (1061, 1), (899893, 1)]
CAND 543876288403875 4672698 [(3, 1), (5, 3), (7, 2), (31, 1), (1061, 1), (899903, 1)]
CAND 543884749613625 4653966 [(3, 1), (5, 3), (7, 2), (31, 1), (1061, 1), (899917, 1)]
CAND 543898045800375 4624530 [(3, 1), (5, 3), (7, 2), (31, 1), (1061, 1), (899939, 1)]
CAND 543917385708375 4581714 [(3, 1), (5, 3), (7, 2), (31, 1), (1061, 1), (899971, 1)]
CAND 543923429429625 4568334 [(3, 1), (5, 3), (7, 2), (31, 1), (1061, 1), (899981, 1)]
CAND 543935516872125 4541574 [(3, 1), (5, 3), (7, 2), (31, 1), (1061, 1), (900001, 1)]
CAND 543939143104875 4533546 [(3, 1), (5, 3), (7, 2), (31, 1), (1061, 1), (900007, 1)]
CAND 543946395570375 4517490 [(3, 1), (5, 3), (7, 2), (31, 1), (1061, 1), (900019, 1)]
CAND 543957274268625 4493406 [(3, 1), (5, 3), (7, 2), (31, 1), (1061, 1), (900037, 1)]
CAND 543971779199625 4461294 [(3, 1), (5, 3), (7, 2), (31, 1), (1061, 1), (900061, 1)]
CAND 543988701619125 4423830 [(3, 1), (5, 3), (7, 2), (31, 1), (1061, 1), (900089, 1)]
CAND 543989910363375 4421154 [(3, 1), (5, 3), (7, 2), (31, 1), (1061, 1), (900091, 1)]
CAND 543997162828875 4405098 [(3, 1), (5, 3), (7, 2), (31, 1), (1061, 1), (900103, 1)]
CAND 544008041527125 4381014 [(3, 1), (5, 3), (7, 2), (31, 1), (1061, 1), (900121, 1)]
CAND 544018920225375 4356930 [(3, 1), (5, 3), (7, 2), (31, 1), (1061, 1), (900139, 1)]
CAND 544021337713875 4351578 [(3, 1), (5, 3), (7, 2), (31, 1), (1061, 1), (900143, 1)]
CAND 544024963946625 4343550 [(3, 1), (5, 3), (7, 2), (31, 1), (1061, 1), (900149, 1)]
CAND 544029798923625 4332846 [(3, 1), (5, 3), (7, 2), (31, 1), (1061, 1), (900157, 1)]
CAND 544032216412125 4327494 [(3, 1), (5, 3), (7, 2), (31, 1), (1061, 1), (900161, 1)]
CAND 544037051389125 4316790 [(3, 1), (5, 3), (7, 2), (31, 1), (1061, 1), (900169, 1)]
CAND 544047930087375 4292706 [(3, 1), (5, 3), (7, 2), (31, 1), (1061, 1), (900187, 1)]
CAND 544066061251125 4252566 [(3, 1), (5, 3), (7, 2), (31, 1), (1061, 1), (900217, 1)]
CAND 544075731205125 4231158 [(3, 1), (5, 3), (7, 2), (31, 1), (1061, 1), (900233, 1)]
CAND 544080566182125 4220454 [(3, 1), (5, 3), (7, 2), (31, 1), (1061, 1), (900241, 1)]
CAND 544087818647625 4204398 [(3, 1), (5, 3), (7, 2), (31, 1), (1061, 1), (900253, 1)]
CAND 544091444880375 4196370 [(3, 1), (5, 3), (7, 2), (31, 1), (1061, 1), (900259, 1)]
CAND 544105949811375 4164258 [(3, 1), (5, 3), (7, 2), (31, 1), (1061, 1), (900283, 1)]
CAND 544108367299875 4158906 [(3, 1), (5, 3), (7, 2), (31, 1), (1061, 1), (900287, 1)]
CAND 544111993532625 4150878 [(3, 1), (5, 3), (7, 2), (31, 1), (1061, 1), (900293, 1)]
CAND 544120454742375 4132146 [(3, 1), (5, 3), (7, 2), (31, 1), (1061, 1), (900307, 1)]
CAND 544133750929125 4102710 [(3, 1), (5, 3), (7, 2), (31, 1), (1061, 1), (900329, 1)]
CAND 544134959673375 4100034 [(3, 1), (5, 3), (7, 2), (31, 1), (1061, 1), (900331, 1)]
CAND 544145838371625 4075950 [(3, 1), (5, 3), (7, 2), (31, 1), (1061, 1), (900349, 1)]
CAND 544174848233625 4011726 [(3, 1), (5, 3), (7, 2), (31, 1), (1061, 1), (900397, 1)]
CAND 544182100699125 3995670 [(3, 1), (5, 3), (7, 2), (31, 1), (1061, 1), (900409, 1)]
CAND 544202649351375 3950178 [(3, 1), (5, 3), (7, 2), (31, 1), (1061, 1), (900443, 1)]
CAND 544213528049625 3926094 [(3, 1), (5, 3), (7, 2), (31, 1), (1061, 1), (900461, 1)]
CAND 544225615492125 3899334 [(3, 1), (5, 3), (7, 2), (31, 1), (1061, 1), (900481, 1)]
CAND 544231659213375 3885954 [(3, 1), (5, 3), (7, 2), (31, 1), (1061, 1), (900491, 1)]
CAND 544243746655875 3859194 [(3, 1), (5, 3), (7, 2), (31, 1), (1061, 1), (900511, 1)]
CAND 544260669075375 3821730 [(3, 1), (5, 3), (7, 2), (31, 1), (1061, 1), (900539, 1)]
CAND 544267921540875 3805674 [(3, 1), (5, 3), (7, 2), (31, 1), (1061, 1), (900551, 1)]
CAND 544269130285125 3802998 [(3, 1), (5, 3), (7, 2), (31, 1), (1061, 1), (900553, 1)]
CAND 544275174006375 3789618 [(3, 1), (5, 3), (7, 2), (31, 1), (1061, 1), (900563, 1)]
CAND 544278800239125 3781590 [(3, 1), (5, 3), (7, 2), (31, 1), (1061, 1), (900569, 1)]
CAND 544283635216125 3770886 [(3, 1), (5, 3), (7, 2), (31, 1), (1061, 1), (900577, 1)]
CAND 544287261448875 3762858 [(3, 1), (5, 3), (7, 2), (31, 1), (1061, 1), (900583, 1)]
CAND 544289678937375 3757506 [(3, 1), (5, 3), (7, 2), (31, 1), (1061, 1), (900587, 1)]
CAND 544290887681625 3754830 [(3, 1), (5, 3), (7, 2), (31, 1), (1061, 1), (900589, 1)]
CAND 544293305170125 3749478 [(3, 1), (5, 3), (7, 2), (31, 1), (1061, 1), (900593, 1)]
CAND 544301766379875 3730746 [(3, 1), (5, 3), (7, 2), (31, 1), (1061, 1), (900607, 1)]
CAND 544311436333875 3709338 [(3, 1), (5, 3), (7, 2), (31, 1), (1061, 1), (900623, 1)]
CAND 544327150009125 3674550 [(3, 1), (5, 3), (7, 2), (31, 1), (1061, 1), (900649, 1)]
CAND 544333193730375 3661170 [(3, 1), (5, 3), (7, 2), (31, 1), (1061, 1), (900659, 1)]
CAND 544340446195875 3645114 [(3, 1), (5, 3), (7, 2), (31, 1), (1061, 1), (900671, 1)]
CAND 544341654940125 3642438 [(3, 1), (5, 3), (7, 2), (31, 1), (1061, 1), (900673, 1)]
CAND 544351324894125 3621030 [(3, 1), (5, 3), (7, 2), (31, 1), (1061, 1), (900689, 1)]
CAND 544358577359625 3604974 [(3, 1), (5, 3), (7, 2), (31, 1), (1061, 1), (900701, 1)]
CAND 544369456057875 3580890 [(3, 1), (5, 3), (7, 2), (31, 1), (1061, 1), (900719, 1)]
CAND 544380334756125 3556806 [(3, 1), (5, 3), (7, 2), (31, 1), (1061, 1), (900737, 1)]
CAND 544383960988875 3548778 [(3, 1), (5, 3), (7, 2), (31, 1), (1061, 1), (900743, 1)]
CAND 544388795965875 3538074 [(3, 1), (5, 3), (7, 2), (31, 1), (1061, 1), (900751, 1)]
CAND 544394839687125 3524694 [(3, 1), (5, 3), (7, 2), (31, 1), (1061, 1), (900761, 1)]
CAND 544396048431375 3522018 [(3, 1), (5, 3), (7, 2), (31, 1), (1061, 1), (900763, 1)]
CAND 544402092152625 3508638 [(3, 1), (5, 3), (7, 2), (31, 1), (1061, 1), (900773, 1)]
CAND 544416597083625 3476526 [(3, 1), (5, 3), (7, 2), (31, 1), (1061, 1), (900797, 1)]
CAND 544420223316375 3468498 [(3, 1), (5, 3), (7, 2), (31, 1), (1061, 1), (900803, 1)]
CAND 544428684526125 3449766 [(3, 1), (5, 3), (7, 2), (31, 1), (1061, 1), (900817, 1)]
CAND 544431102014625 3444414 [(3, 1), (5, 3), (7, 2), (31, 1), (1061, 1), (900821, 1)]
CAND 544456485643875 3388218 [(3, 1), (5, 3), (7, 2), (31, 1), (1061, 1), (900863, 1)]
CAND 544460111876625 3380190 [(3, 1), (5, 3), (7, 2), (31, 1), (1061, 1), (900869, 1)]
CAND 544489121738625 3315966 [(3, 1), (5, 3), (7, 2), (31, 1), (1061, 1), (900917, 1)]
CAND 544496374204125 3299910 [(3, 1), (5, 3), (7, 2), (31, 1), (1061, 1), (900929, 1)]
CAND 544497582948375 3297234 [(3, 1), (5, 3), (7, 2), (31, 1), (1061, 1), (900931, 1)]
CAND 544501209181125 3289206 [(3, 1), (5, 3), (7, 2), (31, 1), (1061, 1), (900937, 1)]
CAND 544514505367875 3259770 [(3, 1), (5, 3), (7, 2), (31, 1), (1061, 1), (900959, 1)]
CAND 544521757833375 3243714 [(3, 1), (5, 3), (7, 2), (31, 1), (1061, 1), (900971, 1)]
CAND 544522966577625 3241038 [(3, 1), (5, 3), (7, 2), (31, 1), (1061, 1), (900973, 1)]
CAND 544537471508625 3208926 [(3, 1), (5, 3), (7, 2), (31, 1), (1061, 1), (900997, 1)]
CAND 544543515229875 3195546 [(3, 1), (5, 3), (7, 2), (31, 1), (1061, 1), (901007, 1)]
CAND 544544723974125 3192870 [(3, 1), (5, 3), (7, 2), (31, 1), (1061, 1), (901009, 1)]
CAND 544547141462625 3187518 [(3, 1), (5, 3), (7, 2), (31, 1), (1061, 1), (901013, 1)]
CAND 544577360068875 3120618 [(3, 1), (5, 3), (7, 2), (31, 1), (1061, 1), (901063, 1)]
CAND 544579777557375 3115266 [(3, 1), (5, 3), (7, 2), (31, 1), (1061, 1), (901067, 1)]
CAND 544587030022875 3099210 [(3, 1), (5, 3), (7, 2), (31, 1), (1061, 1), (901079, 1)]
CAND 544595491232625 3080478 [(3, 1), (5, 3), (7, 2), (31, 1), (1061, 1), (901093, 1)]
CAND 544597908721125 3075126 [(3, 1), (5, 3), (7, 2), (31, 1), (1061, 1), (901097, 1)]
CAND 544606369930875 3056394 [(3, 1), (5, 3), (7, 2), (31, 1), (1061, 1), (901111, 1)]
CAND 544619666117625 3026958 [(3, 1), (5, 3), (7, 2), (31, 1), (1061, 1), (901133, 1)]
CAND 544624501094625 3016254 [(3, 1), (5, 3), (7, 2), (31, 1), (1061, 1), (901141, 1)]
CAND 544641423514125 2978790 [(3, 1), (5, 3), (7, 2), (31, 1), (1061, 1), (901169, 1)]
CAND 544642632258375 2976114 [(3, 1), (5, 3), (7, 2), (31, 1), (1061, 1), (901171, 1)]
CAND 544646258491125 2968086 [(3, 1), (5, 3), (7, 2), (31, 1), (1061, 1), (901177, 1)]
CAND 544649884723875 2960058 [(3, 1), (5, 3), (7, 2), (31, 1), (1061, 1), (901183, 1)]
CAND 544655928445125 2946678 [(3, 1), (5, 3), (7, 2), (31, 1), (1061, 1), (901193, 1)]
CAND 544664389654875 2927946 [(3, 1), (5, 3), (7, 2), (31, 1), (1061, 1), (901207, 1)]
CAND 544666807143375 2922594 [(3, 1), (5, 3), (7, 2), (31, 1), (1061, 1), (901211, 1)]
CAND 544668015887625 2919918 [(3, 1), (5, 3), (7, 2), (31, 1), (1061, 1), (901213, 1)]
CAND 544688564539875 2874426 [(3, 1), (5, 3), (7, 2), (31, 1), (1061, 1), (901247, 1)]
CAND 544689773284125 2871750 [(3, 1), (5, 3), (7, 2), (31, 1), (1061, 1), (901249, 1)]
CAND 544692190772625 2866398 [(3, 1), (5, 3), (7, 2), (31, 1), (1061, 1), (901253, 1)]
CAND 544704278215125 2839638 [(3, 1), (5, 3), (7, 2), (31, 1), (1061, 1), (901273, 1)]
CAND 544707904447875 2831610 [(3, 1), (5, 3), (7, 2), (31, 1), (1061, 1), (901279, 1)]
CAND 544726035611625 2791470 [(3, 1), (5, 3), (7, 2), (31, 1), (1061, 1), (901309, 1)]
CAND 544740540542625 2759358 [(3, 1), (5, 3), (7, 2), (31, 1), (1061, 1), (901333, 1)]
CAND 544744166775375 2751330 [(3, 1), (5, 3), (7, 2), (31, 1), (1061, 1), (901339, 1)]
CAND 544761089194875 2713866 [(3, 1), (5, 3), (7, 2), (31, 1), (1061, 1), (901367, 1)]
CAND 544780429102875 2671050 [(3, 1), (5, 3), (7, 2), (31, 1), (1061, 1), (901399, 1)]
CAND 544782846591375 2665698 [(3, 1), (5, 3), (7, 2), (31, 1), (1061, 1), (901403, 1)]
CAND 544794934033875 2638938 [(3, 1), (5, 3), (7, 2), (31, 1), (1061, 1), (901423, 1)]
CAND 544797351522375 2633586 [(3, 1), (5, 3), (7, 2), (31, 1), (1061, 1), (901427, 1)]
CAND 544798560266625 2630910 [(3, 1), (5, 3), (7, 2), (31, 1), (1061, 1), (901429, 1)]
CAND 544805812732125 2614854 [(3, 1), (5, 3), (7, 2), (31, 1), (1061, 1), (901441, 1)]
CAND 544809438964875 2606826 [(3, 1), (5, 3), (7, 2), (31, 1), (1061, 1), (901447, 1)]
CAND 544811856453375 2601474 [(3, 1), (5, 3), (7, 2), (31, 1), (1061, 1), (901451, 1)]
CAND 544815482686125 2593446 [(3, 1), (5, 3), (7, 2), (31, 1), (1061, 1), (901457, 1)]
CAND 544823943895875 2574714 [(3, 1), (5, 3), (7, 2), (31, 1), (1061, 1), (901471, 1)]
CAND 544834822594125 2550630 [(3, 1), (5, 3), (7, 2), (31, 1), (1061, 1), (901489, 1)]
CAND 544840866315375 2537250 [(3, 1), (5, 3), (7, 2), (31, 1), (1061, 1), (901499, 1)]
CAND 544842075059625 2534574 [(3, 1), (5, 3), (7, 2), (31, 1), (1061, 1), (901501, 1)]
CAND 544849327525125 2518518 [(3, 1), (5, 3), (7, 2), (31, 1), (1061, 1), (901513, 1)]
CAND 544851745013625 2513166 [(3, 1), (5, 3), (7, 2), (31, 1), (1061, 1), (901517, 1)]
CAND 544858997479125 2497110 [(3, 1), (5, 3), (7, 2), (31, 1), (1061, 1), (901529, 1)]
CAND 544869876177375 2473026 [(3, 1), (5, 3), (7, 2), (31, 1), (1061, 1), (901547, 1)]
CAND 544881963619875 2446266 [(3, 1), (5, 3), (7, 2), (31, 1), (1061, 1), (901567, 1)]
CAND 544896468550875 2414154 [(3, 1), (5, 3), (7, 2), (31, 1), (1061, 1), (901591, 1)]
CAND 544909764737625 2384718 [(3, 1), (5, 3), (7, 2), (31, 1), (1061, 1), (901613, 1)]
CAND 544927895901375 2344578 [(3, 1), (5, 3), (7, 2), (31, 1), (1061, 1), (901643, 1)]
CAND 544936357111125 2325846 [(3, 1), (5, 3), (7, 2), (31, 1), (1061, 1), (901657, 1)]
CAND 544949653297875 2296410 [(3, 1), (5, 3), (7, 2), (31, 1), (1061, 1), (901679, 1)]
CAND 544954488274875 2285706 [(3, 1), (5, 3), (7, 2), (31, 1), (1061, 1), (901687, 1)]
CAND 544967784461625 2256270 [(3, 1), (5, 3), (7, 2), (31, 1), (1061, 1), (901709, 1)]
CAND 544972619438625 2245566 [(3, 1), (5, 3), (7, 2), (31, 1), (1061, 1), (901717, 1)]
CAND 544985915625375 2216130 [(3, 1), (5, 3), (7, 2), (31, 1), (1061, 1), (901739, 1)]
CAND 544987124369625 2213454 [(3, 1), (5, 3), (7, 2), (31, 1), (1061, 1), (901741, 1)]
CAND 544993168090875 2200074 [(3, 1), (5, 3), (7, 2), (31, 1), (1061, 1), (901751, 1)]
CAND 545011299254625 2159934 [(3, 1), (5, 3), (7, 2), (31, 1), (1061, 1), (901781, 1)]
CAND 545014925487375 2151906 [(3, 1), (5, 3), (7, 2), (31, 1), (1061, 1), (901787, 1)]
CAND 545029430418375 2119794 [(3, 1), (5, 3), (7, 2), (31, 1), (1061, 1), (901811, 1)]
CAND 545034265395375 2109090 [(3, 1), (5, 3), (7, 2), (31, 1), (1061, 1), (901819, 1)]
CAND 545047561582125 2079654 [(3, 1), (5, 3), (7, 2), (31, 1), (1061, 1), (901841, 1)]
CAND 545059649024625 2052894 [(3, 1), (5, 3), (7, 2), (31, 1), (1061, 1), (901861, 1)]
CAND 545077780188375 2012754 [(3, 1), (5, 3), (7, 2), (31, 1), (1061, 1), (901891, 1)]
CAND 545087450142375 1991346 [(3, 1), (5, 3), (7, 2), (31, 1), (1061, 1), (901907, 1)]
CAND 545088658886625 1988670 [(3, 1), (5, 3), (7, 2), (31, 1), (1061, 1), (901909, 1)]
CAND 545094702607875 1975290 [(3, 1), (5, 3), (7, 2), (31, 1), (1061, 1), (901919, 1)]
CAND 545101955073375 1959234 [(3, 1), (5, 3), (7, 2), (31, 1), (1061, 1), (901931, 1)]
CAND 545105581306125 1951206 [(3, 1), (5, 3), (7, 2), (31, 1), (1061, 1), (901937, 1)]
CAND 545121294981375 1916418 [(3, 1), (5, 3), (7, 2), (31, 1), (1061, 1), (901963, 1)]
CAND 545127338702625 1903038 [(3, 1), (5, 3), (7, 2), (31, 1), (1061, 1), (901973, 1)]
CAND 545139426145125 1876278 [(3, 1), (5, 3), (7, 2), (31, 1), (1061, 1), (901993, 1)]
CAND 545141843633625 1870926 [(3, 1), (5, 3), (7, 2), (31, 1), (1061, 1), (901997, 1)]
CAND 545149096099125 1854870 [(3, 1), (5, 3), (7, 2), (31, 1), (1061, 1), (902009, 1)]
CAND 545153931076125 1844166 [(3, 1), (5, 3), (7, 2), (31, 1), (1061, 1), (902017, 1)]
CAND 545161183541625 1828110 [(3, 1), (5, 3), (7, 2), (31, 1), (1061, 1), (902029, 1)]
CAND 545167227262875 1814730 [(3, 1), (5, 3), (7, 2), (31, 1), (1061, 1), (902039, 1)]
CAND 545172062239875 1804026 [(3, 1), (5, 3), (7, 2), (31, 1), (1061, 1), (902047, 1)]
CAND 545175688472625 1795998 [(3, 1), (5, 3), (7, 2), (31, 1), (1061, 1), (902053, 1)]
CAND 545196237124875 1750506 [(3, 1), (5, 3), (7, 2), (31, 1), (1061, 1), (902087, 1)]
CAND 545197445869125 1747830 [(3, 1), (5, 3), (7, 2), (31, 1), (1061, 1), (902089, 1)]
CAND 545215577032875 1707690 [(3, 1), (5, 3), (7, 2), (31, 1), (1061, 1), (902119, 1)]
CAND 545226455731125 1683606 [(3, 1), (5, 3), (7, 2), (31, 1), (1061, 1), (902137, 1)]
CAND 545228873219625 1678254 [(3, 1), (5, 3), (7, 2), (31, 1), (1061, 1), (902141, 1)]
CAND 545251839360375 1627410 [(3, 1), (5, 3), (7, 2), (31, 1), (1061, 1), (902179, 1)]
CAND 545259091825875 1611354 [(3, 1), (5, 3), (7, 2), (31, 1), (1061, 1), (902191, 1)]
CAND 545265135547125 1597974 [(3, 1), (5, 3), (7, 2), (31, 1), (1061, 1), (902201, 1)]
CAND 545280849222375 1563186 [(3, 1), (5, 3), (7, 2), (31, 1), (1061, 1), (902227, 1)]
CAND 545301397874625 1517694 [(3, 1), (5, 3), (7, 2), (31, 1), (1061, 1), (902261, 1)]
CAND 545302606618875 1515018 [(3, 1), (5, 3), (7, 2), (31, 1), (1061, 1), (902263, 1)]
CAND 545313485317125 1490934 [(3, 1), (5, 3), (7, 2), (31, 1), (1061, 1), (902281, 1)]
CAND 545324364015375 1466850 [(3, 1), (5, 3), (7, 2), (31, 1), (1061, 1), (902299, 1)]
CAND 545326781503875 1461498 [(3, 1), (5, 3), (7, 2), (31, 1), (1061, 1), (902303, 1)]
CAND 545331616480875 1450794 [(3, 1), (5, 3), (7, 2), (31, 1), (1061, 1), (902311, 1)]
CAND 545344912667625 1421358 [(3, 1), (5, 3), (7, 2), (31, 1), (1061, 1), (902333, 1)]
CAND 545353373877375 1402626 [(3, 1), (5, 3), (7, 2), (31, 1), (1061, 1), (902347, 1)]
CAND 545355791365875 1397274 [(3, 1), (5, 3), (7, 2), (31, 1), (1061, 1), (902351, 1)]
CAND 545359417598625 1389246 [(3, 1), (5, 3), (7, 2), (31, 1), (1061, 1), (902357, 1)]
CAND 545378757506625 1346430 [(3, 1), (5, 3), (7, 2), (31, 1), (1061, 1), (902389, 1)]
CAND 545386009972125 1330374 [(3, 1), (5, 3), (7, 2), (31, 1), (1061, 1), (902401, 1)]
CAND 545393262437625 1314318 [(3, 1), (5, 3), (7, 2), (31, 1), (1061, 1), (902413, 1)]
CAND 545407767368625 1282206 [(3, 1), (5, 3), (7, 2), (31, 1), (1061, 1), (902437, 1)]
CAND 545415019834125 1266150 [(3, 1), (5, 3), (7, 2), (31, 1), (1061, 1), (902449, 1)]
CAND 545428316020875 1236714 [(3, 1), (5, 3), (7, 2), (31, 1), (1061, 1), (902471, 1)]
CAND 545431942253625 1228686 [(3, 1), (5, 3), (7, 2), (31, 1), (1061, 1), (902477, 1)]
CAND 545435568486375 1220658 [(3, 1), (5, 3), (7, 2), (31, 1), (1061, 1), (902483, 1)]
CAND 545446447184625 1196574 [(3, 1), (5, 3), (7, 2), (31, 1), (1061, 1), (902501, 1)]
CAND 545450073417375 1188546 [(3, 1), (5, 3), (7, 2), (31, 1), (1061, 1), (902507, 1)]
CAND 545458534627125 1169814 [(3, 1), (5, 3), (7, 2), (31, 1), (1061, 1), (902521, 1)]
CAND 545483918256375 1113618 [(3, 1), (5, 3), (7, 2), (31, 1), (1061, 1), (902563, 1)]
CAND 545487544489125 1105590 [(3, 1), (5, 3), (7, 2), (31, 1), (1061, 1), (902569, 1)]
CAND 545493588210375 1092210 [(3, 1), (5, 3), (7, 2), (31, 1), (1061, 1), (902579, 1)]
CAND 545500840675875 1076154 [(3, 1), (5, 3), (7, 2), (31, 1), (1061, 1), (902591, 1)]
CAND 545504466908625 1068126 [(3, 1), (5, 3), (7, 2), (31, 1), (1061, 1), (902597, 1)]
CAND 545505675652875 1065450 [(3, 1), (5, 3), (7, 2), (31, 1), (1061, 1), (902599, 1)]
CAND 545512928118375 1049394 [(3, 1), (5, 3), (7, 2), (31, 1), (1061, 1), (902611, 1)]
CAND 545529850537875 1011930 [(3, 1), (5, 3), (7, 2), (31, 1), (1061, 1), (902639, 1)]
CAND 545538311747625 993198 [(3, 1), (5, 3), (7, 2), (31, 1), (1061, 1), (902653, 1)]
CAND 545541937980375 985170 [(3, 1), (5, 3), (7, 2), (31, 1), (1061, 1), (902659, 1)]
CAND 545547981701625 971790 [(3, 1), (5, 3), (7, 2), (31, 1), (1061, 1), (902669, 1)]
CAND 545552816678625 961086 [(3, 1), (5, 3), (7, 2), (31, 1), (1061, 1), (902677, 1)]
CAND 545558860399875 947706 [(3, 1), (5, 3), (7, 2), (31, 1), (1061, 1), (902687, 1)]
CAND 545578200307875 904890 [(3, 1), (5, 3), (7, 2), (31, 1), (1061, 1), (902719, 1)]
CAND 545580617796375 899538 [(3, 1), (5, 3), (7, 2), (31, 1), (1061, 1), (902723, 1)]
CAND 545598748960125 859398 [(3, 1), (5, 3), (7, 2), (31, 1), (1061, 1), (902753, 1)]
CAND 545603583937125 848694 [(3, 1), (5, 3), (7, 2), (31, 1), (1061, 1), (902761, 1)]
CAND 545607210169875 840666 [(3, 1), (5, 3), (7, 2), (31, 1), (1061, 1), (902767, 1)]
CAND 545609627658375 835314 [(3, 1), (5, 3), (7, 2), (31, 1), (1061, 1), (902771, 1)]
CAND 545613253891125 827286 [(3, 1), (5, 3), (7, 2), (31, 1), (1061, 1), (902777, 1)]
CAND 545620506356625 811230 [(3, 1), (5, 3), (7, 2), (31, 1), (1061, 1), (902789, 1)]
CAND 545631385054875 787146 [(3, 1), (5, 3), (7, 2), (31, 1), (1061, 1), (902807, 1)]
CAND 545639846264625 768414 [(3, 1), (5, 3), (7, 2), (31, 1), (1061, 1), (902821, 1)]
CAND 545643472497375 760386 [(3, 1), (5, 3), (7, 2), (31, 1), (1061, 1), (902827, 1)]
CAND 545656768684125 730950 [(3, 1), (5, 3), (7, 2), (31, 1), (1061, 1), (902849, 1)]
CAND 545671273615125 698838 [(3, 1), (5, 3), (7, 2), (31, 1), (1061, 1), (902873, 1)]
CAND 545689404778875 658698 [(3, 1), (5, 3), (7, 2), (31, 1), (1061, 1), (902903, 1)]
CAND 545707535942625 618558 [(3, 1), (5, 3), (7, 2), (31, 1), (1061, 1), (902933, 1)]
CAND 545719623385125 591798 [(3, 1), (5, 3), (7, 2), (31, 1), (1061, 1), (902953, 1)]
CAND 545725667106375 578418 [(3, 1), (5, 3), (7, 2), (31, 1), (1061, 1), (902963, 1)]
CAND 545730502083375 567714 [(3, 1), (5, 3), (7, 2), (31, 1), (1061, 1), (902971, 1)]
CAND 545734128316125 559686 [(3, 1), (5, 3), (7, 2), (31, 1), (1061, 1), (902977, 1)]
CAND 545736545804625 554334 [(3, 1), (5, 3), (7, 2), (31, 1), (1061, 1), (902981, 1)]
CAND 545740172037375 546306 [(3, 1), (5, 3), (7, 2), (31, 1), (1061, 1), (902987, 1)]
CAND 545758303201125 506166 [(3, 1), (5, 3), (7, 2), (31, 1), (1061, 1), (903017, 1)]
CAND 545765555666625 490110 [(3, 1), (5, 3), (7, 2), (31, 1), (1061, 1), (903029, 1)]
CAND 545770390643625 479406 [(3, 1), (5, 3), (7, 2), (31, 1), (1061, 1), (903037, 1)]
CAND 545792148040125 431238 [(3, 1), (5, 3), (7, 2), (31, 1), (1061, 1), (903073, 1)]
CAND 545795774272875 423210 [(3, 1), (5, 3), (7, 2), (31, 1), (1061, 1), (903079, 1)]
CAND 545810279203875 391098 [(3, 1), (5, 3), (7, 2), (31, 1), (1061, 1), (903103, 1)]
CAND 545813905436625 383070 [(3, 1), (5, 3), (7, 2), (31, 1), (1061, 1), (903109, 1)]
CAND 545834454088875 337578 [(3, 1), (5, 3), (7, 2), (31, 1), (1061, 1), (903143, 1)]
CAND 545839289065875 326874 [(3, 1), (5, 3), (7, 2), (31, 1), (1061, 1), (903151, 1)]
CAND 545846541531375 310818 [(3, 1), (5, 3), (7, 2), (31, 1), (1061, 1), (903163, 1)]
CAND 545856211485375 289410 [(3, 1), (5, 3), (7, 2), (31, 1), (1061, 1), (903179, 1)]
CAND 545867090183625 265326 [(3, 1), (5, 3), (7, 2), (31, 1), (1061, 1), (903197, 1)]
CAND 545875551393375 246594 [(3, 1), (5, 3), (7, 2), (31, 1), (1061, 1), (903211, 1)]
CAND 545882803858875 230538 [(3, 1), (5, 3), (7, 2), (31, 1), (1061, 1), (903223, 1)]
CAND 545899726278375 193074 [(3, 1), (5, 3), (7, 2), (31, 1), (1061, 1), (903251, 1)]
CAND 545903352511125 185046 [(3, 1), (5, 3), (7, 2), (31, 1), (1061, 1), (903257, 1)]
CAND 545910604976625 168990 [(3, 1), (5, 3), (7, 2), (31, 1), (1061, 1), (903269, 1)]
CAND 545935988605875 112794 [(3, 1), (5, 3), (7, 2), (31, 1), (1061, 1), (903311, 1)]
CAND 545943241071375 96738 [(3, 1), (5, 3), (7, 2), (31, 1), (1061, 1), (903323, 1)]
CAND 545951702281125 78006 [(3, 1), (5, 3), (7, 2), (31, 1), (1061, 1), (903337, 1)]
CAND 545957746002375 64626 [(3, 1), (5, 3), (7, 2), (31, 1), (1061, 1), (903347, 1)]
CAND 545964998467875 48570 [(3, 1), (5, 3), (7, 2), (31, 1), (1061, 1), (903359, 1)]
CAND 545969833444875 37866 [(3, 1), (5, 3), (7, 2), (31, 1), (1061, 1), (903367, 1)]
CAND 545983129631625 8430 [(3, 1), (5, 3), (7, 2), (31, 1), (1061, 1), (903389, 1)]
CAND 545984338375875 5754 [(3, 1), (5, 3), (7, 2), (31, 1), (1061, 1), (903391, 1)]
progress: nodes=10,000,000 tested=522 found=0 n=97078734803572888561125 elapsed=18s
progress: nodes=20,000,000 tested=522 found=0 n=203054367090452578057875 elapsed=49s
progress: nodes=30,000,000 tested=522 found=0 n=312055432692737951146125 elapsed=81s
progress: nodes=40,000,000 tested=522 found=0 n=423023246271905309921625 elapsed=114s
progress: nodes=50,000,000 tested=522 found=0 n=535444540789101948036375 elapsed=147s
progress: nodes=60,000,000 tested=522 found=0 n=649025866511931078400125 elapsed=180s
progress: nodes=70,000,000 tested=522 found=0 n=763572763075398636892875 elapsed=215s
progress: nodes=80,000,000 tested=522 found=0 n=878940984961120240653375 elapsed=249s
progress: nodes=90,000,000 tested=522 found=0 n=995036967774139766613375 elapsed=284s
progress: nodes=100,000,000 tested=522 found=0 n=94290340811564322056625 elapsed=302s
progress: nodes=110,000,000 tested=522 found=0 n=200152418030337090247125 elapsed=333s
progress: nodes=120,000,000 tested=522 found=0 n=309092207782676514165375 elapsed=366s
progress: nodes=130,000,000 tested=522 found=0 n=420018050740315858396125 elapsed=399s
progress: nodes=140,000,000 tested=522 found=0 n=532401340620114521138625 elapsed=432s
progress: nodes=150,000,000 tested=522 found=0 n=645957201772262340132375 elapsed=465s
progress: nodes=160,000,000 tested=522 found=0 n=760480210503053299867125 elapsed=500s
progress: nodes=170,000,000 tested=522 found=0 n=875829489438458125995375 elapsed=534s
progress: nodes=180,000,000 tested=522 found=0 n=991903650767094010708875 elapsed=569s
progress: nodes=190,000,000 tested=522 found=0 n=91512538064257831686375 elapsed=588s
progress: nodes=200,000,000 tested=522 found=0 n=197264914992536313727875 elapsed=619s
progress: nodes=210,000,000 tested=522 found=0 n=306139227025158341752875 elapsed=651s
progress: nodes=220,000,000 tested=522 found=0 n=417019283497653938532375 elapsed=684s
progress: nodes=230,000,000 tested=522 found=0 n=529370448619894354979625 elapsed=717s
progress: nodes=240,000,000 tested=522 found=0 n=642895575835901797297875 elapsed=751s
progress: nodes=250,000,000 tested=522 found=0 n=757405006819861920426375 elapsed=785s
progress: nodes=260,000,000 tested=522 found=0 n=872731925805276039055875 elapsed=819s
progress: nodes=270,000,000 tested=522 found=0 n=988788790032192986951625 elapsed=854s
progress: nodes=280,000,000 tested=522 found=0 n=88752033811140027901125 elapsed=872s

done in 900.0s | nodes=289,067,008 | tested=522 | weird=0
